
[31m⎯⎯⎯⎯⎯⎯⎯[39m[1m[41m Failed Tests 1 [49m[22m[31m⎯⎯⎯⎯⎯⎯⎯[39m

[41m[1m FAIL [22m[49m src/test/soccerPerfectSeason.test.ts[2m > [22mSoccer Perfect Season pure outcomes[2m > [22mreserves a basic card for every remaining slot on every reachable draft
[31m[1mAssertionError[22m: expected [ { …(5) }, { …(5) }, { …(5) }, …(17) ] to deeply equal [][39m

[32m- Expected[39m
[31m+ Received[39m

[32m- [][39m
[31m+ [[39m
[31m+   {[39m
[31m+     "actual": true,[39m
[31m+     "choices": [[39m
[31m+       0,[39m
[31m+       0,[39m
[31m+       0,[39m
[31m+       0,[39m
[31m+       2,[39m
[31m+       2,[39m
[31m+       2,[39m
[31m+       2,[39m
[31m+       2,[39m
[31m+     ],[39m
[31m+     "expected": false,[39m
[31m+     "pick": 2,[39m
[31m+     "spent": 47,[39m
[31m+   },[39m
[31m+   {[39m
[31m+     "actual": true,[39m
[31m+     "choices": [[39m
[31m+       0,[39m
[31m+       0,[39m
[31m+       0,[39m
[31m+       1,[39m
[31m+       1,[39m
[31m+       2,[39m
[31m+       2,[39m
[31m+       2,[39m
[31m+       2,[39m
[31m+     ],[39m
[31m+     "expected": false,[39m
[31m+     "pick": 2,[39m
[31m+     "spent": 47,[39m
[31m+   },[39m
[31m+   {[39m
[31m+     "actual": true,[39m
[31m+     "choices": [[39m
[31m+       0,[39m
[31m+       0,[39m
[31m+       0,[39m
[31m+       1,[39m
[31m+       2,[39m
[31m+       1,[39m
[31m+       2,[39m
[31m+       2,[39m
[31m+       2,[39m
[31m+     ],[39m
[31m+     "expected": false,[39m
[31m+     "pick": 2,[39m
[31m+     "spent": 47,[39m
[31m+   },[39m
[31m+   {[39m
[31m+     "actual": true,[39m
[31m+     "choices": [[39m
[31m+       0,[39m
[31m+       0,[39m
[31m+       0,[39m
[31m+       1,[39m
[31m+       2,[39m
[31m+       2,[39m
[31m+       1,[39m
[31m+       2,[39m
[31m+       2,[39m
[31m+     ],[39m
[31m+     "expected": false,[39m
[31m+     "pick": 2,[39m
[31m+     "spent": 47,[39m
[31m+   },[39m
[31m+   {[39m
[31m+     "actual": true,[39m
[31m+     "choices": [[39m
[31m+       0,[39m
[31m+       0,[39m
[31m+       0,[39m
[31m+       1,[39m
[31m+       2,[39m
[31m+       2,[39m
[31m+       2,[39m
[31m+       1,[39m
[31m+       2,[39m
[31m+     ],[39m
[31m+     "expected": false,[39m
[31m+     "pick": 2,[39m
[31m+     "spent": 47,[39m
[31m+   },[39m
[31m+   {[39m
[31m+     "actual": true,[39m
[31m+     "choices": [[39m
[31m+       0,[39m
[31m+       0,[39m
[31m+       0,[39m
[31m+       1,[39m
[31m+       2,[39m
[31m+       2,[39m
[31m+       2,[39m
[31m+       2,[39m
[31m+       1,[39m
[31m+     ],[39m
[31m+     "expected": false,[39m
[31m+     "pick": 2,[39m
[31m+     "spent": 47,[39m
[31m+   },[39m
[31m+   {[39m
[31m+     "actual": true,[39m
[31m+     "choices": [[39m
[31m+       0,[39m
[31m+       0,[39m
[31m+       0,[39m
[31m+       1,[39m
[31m+       2,[39m
[31m+       2,[39m
[31m+       2,[39m
[31m+       2,[39m
[31m+       2,[39m
[31m+     ],[39m
[31m+     "expected": false,[39m
[31m+     "pick": 1,[39m
[31m+     "spent": 49,[39m
[31m+   },[39m
[31m+   {[39m
[31m+     "actual": true,[39m
[31m+     "choices": [[39m
[31m+       0,[39m
[31m+       0,[39m
[31m+       0,[39m
[31m+       2,[39m
[31m+       0,[39m
[31m+       2,[39m
[31m+       2,[39m
[31m+       2,[39m
[31m+       2,[39m
[31m+     ],[39m
[31m+     "expected": false,[39m
[31m+     "pick": 2,[39m
[31m+     "spent": 47,[39m
[31m+   },[39m
[31m+   {[39m
[31m+     "actual": true,[39m
[31m+     "choices": [[39m
[31m+       0,[39m
[31m+       0,[39m
[31m+       0,[39m
[31m+       2,[39m
[31m+       1,[39m
[31m+       1,[39m
[31m+       2,[39m
[31m+       2,[39m
[31m+       2,[39m
[31m+     ],[39m
[31m+     "expected": false,[39m
[31m+     "pick": 2,[39m
[31m+     "spent": 47,[39m
[31m+   },[39m
[31m+   {[39m
[31m+     "actual": true,[39m
[31m+     "choices": [[39m
[31m+       0,[39m
[31m+       0,[39m
[31m+       0,[39m
[31m+       2,[39m
[31m+       1,[39m
[31m+       2,[39m
[31m+       1,[39m
[31m+       2,[39m
[31m+       2,[39m
[31m+     ],[39m
[31m+     "expected": false,[39m
[31m+     "pick": 2,[39m
[31m+     "spent": 47,[39m
[31m+   },[39m
[31m+   {[39m
[31m+     "actual": true,[39m
[31m+     "choices": [[39m
[31m+       0,[39m
[31m+       0,[39m
[31m+       0,[39m
[31m+       2,[39m
[31m+       1,[39m
[31m+       2,[39m
[31m+       2,[39m
[31m+       1,[39m
[31m+       2,[39m
[31m+     ],[39m
[31m+     "expected": false,[39m
[31m+     "pick": 2,[39m
[31m+     "spent": 47,[39m
[31m+   },[39m
[31m+   {[39m
[31m+     "actual": true,[39m
[31m+     "choices": [[39m
[31m+       0,[39m
[31m+       0,[39m
[31m+       0,[39m
[31m+       2,[39m
[31m+       1,[39m
[31m+       2,[39m
[31m+       2,[39m
[31m+       2,[39m
[31m+       1,[39m
[31m+     ],[39m
[31m+     "expected": false,[39m
[31m+     "pick": 2,[39m
[31m+     "spent": 47,[39m
[31m+   },[39m
[31m+   {[39m
[31m+     "actual": true,[39m
[31m+     "choices": [[39m
[31m+       0,[39m
[31m+       0,[39m
[31m+       0,[39m
[31m+       2,[39m
[31m+       1,[39m
[31m+       2,[39m
[31m+       2,[39m
[31m+       2,[39m
[31m+       2,[39m
[31m+     ],[39m
[31m+     "expected": false,[39m
[31m+     "pick": 1,[39m
[31m+     "spent": 49,[39m
[31m+   },[39m
[31m+   {[39m
[31m+     "actual": true,[39m
[31m+     "choices": [[39m
[31m+       0,[39m
[31m+       0,[39m
[31m+       0,[39m
[31m+       2,[39m
[31m+       2,[39m
[31m+       0,[39m
[31m+       2,[39m
[31m+       2,[39m
[31m+       2,[39m
[31m+     ],[39m
[31m+     "expected": false,[39m
[31m+     "pick": 2,[39m
[31m+     "spent": 47,[39m
[31m+   },[39m
[31m+   {[39m
[31m+     "actual": true,[39m
[31m+     "choices": [[39m
[31m+       0,[39m
[31m+       0,[39m
[31m+       0,[39m
[31m+       2,[39m
[31m+       2,[39m
[31m+       1,[39m
[31m+       1,[39m
[31m+       2,[39m
[31m+       2,[39m
[31m+     ],[39m
[31m+     "expected": false,[39m
[31m+     "pick": 2,[39m
[31m+     "spent": 47,[39m
[31m+   },[39m
[31m+   {[39m
[31m+     "actual": true,[39m
[31m+     "choices": [[39m
[31m+       0,[39m
[31m+       0,[39m
[31m+       0,[39m
[31m+       2,[39m
[31m+       2,[39m
[31m+       1,[39m
[31m+       2,[39m
[31m+       1,[39m
[31m+       2,[39m
[31m+     ],[39m
[31m+     "expected": false,[39m
[31m+     "pick": 2,[39m
[31m+     "spent": 47,[39m
[31m+   },[39m
[31m+   {[39m
[31m+     "actual": true,[39m
[31m+     "choices": [[39m
[31m+       0,[39m
[31m+       0,[39m
[31m+       0,[39m
[31m+       2,[39m
[31m+       2,[39m
[31m+       1,[39m
[31m+       2,[39m
[31m+       2,[39m
[31m+       1,[39m
[31m+     ],[39m
[31m+     "expected": false,[39m
[31m+     "pick": 2,[39m
[31m+     "spent": 47,[39m
[31m+   },[39m
[31m+   {[39m
[31m+     "actual": true,[39m
[31m+     "choices": [[39m
[31m+       0,[39m
[31m+       0,[39m
[31m+       0,[39m
[31m+       2,[39m
[31m+       2,[39m
[31m+       1,[39m
[31m+       2,[39m
[31m+       2,[39m
[31m+       2,[39m
[31m+     ],[39m
[31m+     "expected": false,[39m
[31m+     "pick": 1,[39m
[31m+     "spent": 49,[39m
[31m+   },[39m
[31m+   {[39m
[31m+     "actual": true,[39m
[31m+     "choices": [[39m
[31m+       0,[39m
[31m+       0,[39m
[31m+       0,[39m
[31m+       2,[39m
[31m+       2,[39m
[31m+       2,[39m
[31m+       0,[39m
[31m+       2,[39m
[31m+       2,[39m
[31m+     ],[39m
[31m+     "expected": false,[39m
[31m+     "pick": 2,[39m
[31m+     "spent": 47,[39m
[31m+   },[39m
[31m+   {[39m
[31m+     "actual": true,[39m
[31m+     "choices": [[39m
[31m+       0,[39m
[31m+       0,[39m
[31m+       0,[39m
[31m+       2,[39m
[31m+       2,[39m
[31m+       2,[39m
[31m+       1,[39m
[31m+       1,[39m
[31m+       2,[39m
[31m+     ],[39m
[31m+     "expected": false,[39m
[31m+     "pick": 2,[39m
[31m+     "spent": 47,[39m
[31m+   },[39m
[31m+ ][39m

[36m [2m❯[22m src/test/soccerPerfectSeason.test.ts:[2m94:24[22m[39m
    [90m 92| [39m    [34mvisit[39m([][33m,[39m [34m0[39m)[33m;[39m
    [90m 93| [39m    retain('reserveEnumeration', { seed: 20261008, prefixes, leaves, l…
    [90m 94| [39m    [34mexpect[39m(mismatches)[33m.[39m[34mtoEqual[39m([])[33m;[39m
    [90m   | [39m                       [31m^[39m
    [90m 95| [39m    [34mexpect[39m(leaves)[33m.[39m[34mtoBe[39m([34mexhaustive[39m(deal)[33m.[39mleaves)[33m;[39m
    [90m 96| [39m    [34mexpect[39m(legalEdges)[33m.[39m[34mtoBe[39m(prefixes [33m-[39m [34m1[39m)[33m;[39m

[31m[2m⎯⎯⎯⎯⎯⎯⎯⎯⎯⎯⎯⎯⎯⎯⎯⎯⎯⎯⎯⎯⎯⎯⎯⎯[1/1]⎯[22m[39m

