  nofetch premier: equal to the base (Arsenal, Hull City; 3 seeds each, twelve entries, saved bytes)
  nofetch championship: RED (West Ham, Lincoln City; 3 seeds each, twelve entries, saved bytes)
  nofetch laliga: RED (Real Madrid, Málaga; 3 seeds each, twelve entries, saved bytes)
  nofetch seriea: RED (Inter Milan, Frosinone; 3 seeds each, twelve entries, saved bytes)
  nofetch bundesliga: RED (Bayern Munich, Elversberg; 3 seeds each, twelve entries, saved bytes)
  nofetch ligue1: equal to the base (PSG, Le Mans; 3 seeds each, twelve entries, saved bytes)
  nofetch eredivisie: RED (Ajax, Excelsior; 3 seeds each, twelve entries, saved bytes)
  nofetch saudi: equal to the base (Al-Hilal, Al-Riyadh; 3 seeds each, twelve entries, saved bytes)
  nofetch mlsEast: equal to the base (Inter Miami, D.C. United; 3 seeds each, twelve entries, saved bytes)
  nofetch mlsWest: equal to the base (Seattle Sounders, Sporting Kansas City; 3 seeds each, twelve entries, saved bytes)
  nofetch primeira: RED (Porto, Nacional; 3 seeds each, twelve entries, saved bytes)
  nofetch scottish: equal to the base (Rangers, Dundee; 3 seeds each, twelve entries, saved bytes)
  nofetch superlig: RED (Galatasaray, Erzurumspor; 3 seeds each, twelve entries, saved bytes)
  nofetch bundesliga2: RED (Wolfsburg, Dynamo Dresden; 3 seeds each, twelve entries, saved bytes)
  nofetch proleague: equal to the base (Club Brugge, Beveren; 3 seeds each, twelve entries, saved bytes)
  nofetch austria: equal to the base (RB Salzburg, WSG Tirol; 3 seeds each, twelve entries, saved bytes)
  nofetch greece: equal to the base (Olympiacos, Panetolikos; 3 seeds each, twelve entries, saved bytes)
  nofetch denmark: equal to the base (FC Midtjylland, OB; 3 seeds each, twelve entries, saved bytes)
  nofetch switzerland: equal to the base (Young Boys, Vaduz; 3 seeds each, twelve entries, saved bytes)
  nofetch croatia: equal to the base (Hajduk Split, Rudeš; 3 seeds each, twelve entries, saved bytes)
  nofetch brasileirao: equal to the base (Flamengo, Chapecoense; 3 seeds each, twelve entries, saved bytes)
  nofetch ligamx: equal to the base (América, Atlante; 3 seeds each, twelve entries, saved bytes)
  nofetch aleague: equal to the base (Adelaide United, Central Coast Mariners; 3 seeds each, twelve entries, saved bytes)
  nofetch serieb: equal to the base (Pisa, Ascoli; 3 seeds each, twelve entries, saved bytes)
  nofetch ligue2: RED (Nantes, Dunkerque; 3 seeds each, twelve entries, saved bytes)
  nofetch segunda: equal to the base (Girona, Albacete; 3 seeds each, twelve entries, saved bytes)
  nofetch russia: equal to the base (Zenit, Fakel Voronezh; 3 seeds each, twelve entries, saved bytes)
nofetch: RED for championship, laliga, seriea, bundesliga, eredivisie, primeira, superlig, bundesliga2, ligue2 (250 careers)
  FAIL championship: West Ham seed 1101: the fresh save is not the base's (it holds a fixture key the base does not)
  FAIL laliga: Real Madrid seed 1101: the fresh save is not the base's (it holds a fixture key the base does not)
  FAIL seriea: Inter Milan seed 1101: the fresh save is not the base's (it holds a fixture key the base does not)
  FAIL bundesliga: Bayern Munich seed 1101: the fresh save is not the base's (it holds a fixture key the base does not)
  FAIL eredivisie: Ajax seed 1101: the fresh save is not the base's (it holds a fixture key the base does not)
  FAIL primeira: Porto seed 1101: the fresh save is not the base's (it holds a fixture key the base does not)
  FAIL superlig: Galatasaray seed 1101: the fresh save is not the base's (it holds a fixture key the base does not)
  FAIL bundesliga2: Wolfsburg seed 1101: the fresh save is not the base's (it holds a fixture key the base does not)
  FAIL ligue2: Nantes seed 1101: the fresh save is not the base's (it holds a fixture key the base does not)
  oldsaves premier: carried to the same bytes as the base (Arsenal, Hull City; 2 seeds each, three stages)
  oldsaves championship: carried to the same bytes as the base (West Ham, Lincoln City; 2 seeds each, three stages)
  oldsaves laliga: carried to the same bytes as the base (Real Madrid, Málaga; 2 seeds each, three stages)
  oldsaves seriea: carried to the same bytes as the base (Inter Milan, Frosinone; 2 seeds each, three stages)
  oldsaves bundesliga: carried to the same bytes as the base (Bayern Munich, Elversberg; 2 seeds each, three stages)
  oldsaves eredivisie: carried to the same bytes as the base (Ajax, Excelsior; 2 seeds each, three stages)
  oldsaves primeira: carried to the same bytes as the base (Porto, Nacional; 2 seeds each, three stages)
  oldsaves superlig: carried to the same bytes as the base (Galatasaray, Erzurumspor; 2 seeds each, three stages)
  oldsaves bundesliga2: carried to the same bytes as the base (Wolfsburg, Dynamo Dresden; 2 seeds each, three stages)
  oldsaves ligue2: carried to the same bytes as the base (Nantes, Dunkerque; 2 seeds each, three stages)
oldsaves: green (132 saves)
  dailies premier Arsenal: no key, the same day with and without the lists (326a279ea416d32bb468)
  dailies championship West Ham: no key, the same day with and without the lists (51a087b0d5d78e0767ef)
  dailies laliga Real Madrid: no key, the same day with and without the lists (b86037a58a06babae635)
  dailies seriea Inter Milan: no key, the same day with and without the lists (6a90ed12986fba6e50e6)
  dailies bundesliga Bayern Munich: no key, the same day with and without the lists (3113a0a3df722b93748d)
  dailies eredivisie Ajax: no key, the same day with and without the lists (4301b10bb1ae144a28ad)
  dailies primeira Porto: no key, the same day with and without the lists (64c9837ac59bd1cdd09f)
  dailies superlig Galatasaray: no key, the same day with and without the lists (d8226d32f8be17744d5d)
  dailies bundesliga2 Wolfsburg: no key, the same day with and without the lists (cacc6e40ab1d6be9132d)
  dailies ligue2 Nantes: no key, the same day with and without the lists (994ae8561a90ec4a0734)
  dailies scottish Rangers: no key, the same day with and without the lists (458cbe407c45fbacb407)
dailies: green (11 clubs)
simCmFixtureFleet: 9 FAILURE(S): nofetch [championship, laliga, seriea, bundesliga, eredivisie, primeira, superlig, bundesliga2, ligue2]
