CONTROL third ON: src/components/career-moments/CareerMomentCard.tsx read from a rewritten copy; expected red: K3
1) Source: 6 files in src/components/career-moments
   S1 15 imports read against the allow list
   S2 17487 characters of code read for 9 banned words
   S3 the scene's colour is used 5 times, 0 gradient(s) read
   S6 10 imports read on the two soccer re-exporters
   S4 1 SigningMoment in the slip, 1 TrophyMoment in the tournament card; 1772 source files read for a second definition of the hook or the confetti
   S5 2 bind id(s) counted across 1459 files
2) In Chromium: 7 fixtures at 320, 390, 1280 px, motion on and reduced; bundle 1541K, stylesheet 40K, Tailwind was handed 15 files
  FAIL K3: F1 320px motion: at 0% the number shows "2k0", which is neither 15k nor 2k
  FAIL K3: F1 320px motion: on the first frame the number shows 2k0, expected the value before, 2k
  FAIL K3: F1 320px motion: at 25% the number shows "2k0", which is neither 15k nor 2k
  FAIL K3: F1 320px motion: at 50% the number shows "2k0", which is neither 15k nor 2k
  FAIL K3: F1 320px motion: at 75% the number shows "2k0", which is neither 15k nor 2k
  FAIL K3: F4 320px motion: at 0% the number shows "710", which is neither 74 nor 71
  FAIL K3: F4 320px motion: on the first frame the number shows 710, expected the value before, 71
  FAIL K3: F4 320px motion: at 25% the number shows "710", which is neither 74 nor 71
  FAIL K3: F6slip 320px motion: at 0% the number shows "€20k/wk0", which is neither €45k/wk nor €20k/wk
  FAIL K3: F6slip 320px motion: on the first frame the number shows €20k/wk0, expected the value before, €20k/wk
  FAIL K3: F6slip 320px motion: at 25% the number shows "€20k/wk0", which is neither €45k/wk nor €20k/wk
  FAIL K3: F6slip 320px motion: at 50% the number shows "€20k/wk0", which is neither €45k/wk nor €20k/wk
  FAIL K3: F6slip 320px motion: at 75% the number shows "€20k/wk0", which is neither €45k/wk nor €20k/wk
  FAIL K3: F1 390px motion: at 0% the number shows "2k0", which is neither 15k nor 2k
  FAIL K3: F1 390px motion: on the first frame the number shows 2k0, expected the value before, 2k
  FAIL K3: F1 390px motion: at 25% the number shows "2k0", which is neither 15k nor 2k
  FAIL K3: F1 390px motion: at 50% the number shows "2k0", which is neither 15k nor 2k
  FAIL K3: F1 390px motion: at 75% the number shows "2k0", which is neither 15k nor 2k
  FAIL K3: F4 390px motion: at 0% the number shows "710", which is neither 74 nor 71
  FAIL K3: F4 390px motion: on the first frame the number shows 710, expected the value before, 71
  FAIL K3: F4 390px motion: at 25% the number shows "710", which is neither 74 nor 71
  FAIL K3: F6slip 390px motion: at 0% the number shows "€20k/wk0", which is neither €45k/wk nor €20k/wk
  FAIL K3: F6slip 390px motion: on the first frame the number shows €20k/wk0, expected the value before, €20k/wk
  FAIL K3: F6slip 390px motion: at 25% the number shows "€20k/wk0", which is neither €45k/wk nor €20k/wk
  FAIL K3: F6slip 390px motion: at 50% the number shows "€20k/wk0", which is neither €45k/wk nor €20k/wk
  FAIL K3: F6slip 390px motion: at 75% the number shows "€20k/wk0", which is neither €45k/wk nor €20k/wk
  FAIL K3: F1 1280px motion: at 0% the number shows "2k0", which is neither 15k nor 2k
  FAIL K3: F1 1280px motion: on the first frame the number shows 2k0, expected the value before, 2k
  FAIL K3: F1 1280px motion: at 25% the number shows "2k0", which is neither 15k nor 2k
  FAIL K3: F1 1280px motion: at 50% the number shows "2k0", which is neither 15k nor 2k
  FAIL K3: F1 1280px motion: at 75% the number shows "2k0", which is neither 15k nor 2k
  FAIL K3: F4 1280px motion: at 0% the number shows "710", which is neither 74 nor 71
  FAIL K3: F4 1280px motion: on the first frame the number shows 710, expected the value before, 71
  FAIL K3: F4 1280px motion: at 25% the number shows "710", which is neither 74 nor 71
  FAIL K3: F6slip 1280px motion: at 0% the number shows "€20k/wk0", which is neither €45k/wk nor €20k/wk
  FAIL K3: F6slip 1280px motion: on the first frame the number shows €20k/wk0, expected the value before, €20k/wk
  FAIL K3: F6slip 1280px motion: at 25% the number shows "€20k/wk0", which is neither €45k/wk nor €20k/wk
  FAIL K3: F6slip 1280px motion: at 50% the number shows "€20k/wk0", which is neither €45k/wk nor €20k/wk
  FAIL K3: F6slip 1280px motion: at 75% the number shows "€20k/wk0", which is neither €45k/wk nor €20k/wk
   K7 heights at 320 px, at rest: F1 193, F2 233, F3 145, F4 441, F5 215, F6slip 193; tallest F4 at 441 px, bound 508 px
   K4 early frames at 390 px: F1 390px motion title matrix(1.20898, 0, 0, 1.20898, 0, 0) ; F2 390px motion title matrix(1.20898, 0, 0, 1.20898, 0, 0) cup matrix(0.944042, -0.0476784, 0.0476784, 0.944042, 0, 5.18335) ; F3 390px motion title matrix(1.20898, 0, 0, 1.20898, 0, 0) ; F4 390px motion title matrix(1.20898, 0, 0, 1.20898, 0, 0) ; F6slip 390px motion title matrix(1.20898, 0, 0, 1.20898, 0, 0) ; F6card 390px motion title matrix(1.20898, 0, 0, 1.20898, 0, 0) cup matrix(0.944042, -0.0476784, 0.0476784, 0.944042, 0, 5.18335)
simCareerMoments CONTROL third: 1077 checks, red on K3 (expected K3): the control fired on its own check and the others stayed green
