
 RUN  v3.2.7 /home/runner/work/ballpark-hero/ballpark-hero

stdout | src/test/playerAutocompleteStale.test.tsx > player autocomplete: a list is only on screen for the query that produced it > never offers the last query under new text, across 200 seeded timings
STALE_SWEEP seed=1138 trials=200 staleVisible=0 stalePicked=0 currentPicked=200 stuckFinding=0

 ✓ src/test/playerAutocompleteStale.test.tsx > player autocomplete: a list is only on screen for the query that produced it > never offers the last query under new text, across 200 seeded timings 796ms
 ✓ src/test/playerAutocompleteStale.test.tsx > player autocomplete: a list is only on screen for the query that produced it > drops the list in the same render the text changes 53ms
 ✓ src/test/playerAutocompleteStale.test.tsx > player autocomplete: a list is only on screen for the query that produced it > drops the list when the search options change under the same text 19ms
 ✓ src/test/playerAutocompleteStale.test.tsx > player autocomplete: a list is only on screen for the query that produced it > drops the list when the player leaves the box and searches again on return 93ms
 ✓ src/test/playerAutocompleteStale.test.tsx > player autocomplete: a list is only on screen for the query that produced it > Enter picks the only name showing when the page asks for a pick from the list 31ms
 ✓ src/test/playerAutocompleteStale.test.tsx > player autocomplete: a list is only on screen for the query that produced it > Enter still sends the typed text on a free text page with one name showing 9ms
 ✓ src/test/playerAutocompleteStale.test.tsx > player autocomplete: a list is only on screen for the query that produced it > offers a settled list for the text in the box exactly as before 9ms
 ✓ src/test/playerAutocompleteStale.test.tsx > player autocomplete: a list is only on screen for the query that produced it > never shows Finding players with nothing in flight 49ms
 ✓ src/test/playerAutocompleteStale.test.tsx > player autocomplete: a list is only on screen for the query that produced it > searches at exactly the fewest letters the page asks for 13ms
 ✓ src/test/playerAutocompleteStale.test.tsx > player autocomplete: a list is only on screen for the query that produced it > drops a search still in flight when the player leaves the box 13ms
 ✓ src/test/playerAutocompleteStale.test.tsx > player autocomplete: a list is only on screen for the query that produced it > drops a search still in flight when a name is picked 10ms
 ✓ src/test/playerAutocompleteStale.test.tsx > player autocomplete: a list is only on screen for the query that produced it > Escape leaves the box while a search is in flight 14ms
 × src/test/playerAutocompleteStale.test.tsx > player autocomplete: a list is only on screen for the query that produced it > a pick does not bring the list back under the picked name 23ms
   → expected null not to be null

 Test Files  1 failed (1)
      Tests  1 failed | 12 passed (13)
   Start at  12:21:58
   Duration  2.20s (transform 140ms, setup 52ms, collect 326ms, tests 1.14s, environment 292ms, prepare 143ms)



⎯⎯⎯⎯⎯⎯⎯ Failed Tests 1 ⎯⎯⎯⎯⎯⎯⎯

 FAIL  src/test/playerAutocompleteStale.test.tsx > player autocomplete: a list is only on screen for the query that produced it > a pick does not bring the list back under the picked name
AssertionError: expected null not to be null
 ❯ src/test/playerAutocompleteStale.test.tsx:522:47
    520|     // The pick is over: the same name put in whole (a paste, a swipe …
    521|     act(() => checks.setText?.(A.name));
    522|     expect(busyView.queryByText(FINDING)).not.toBeNull();
       |                                               ^
    523|     await advance(200);
    524|     expect(optionsIn(busyView.container).map(o => o.textContent)).toEq…

⎯⎯⎯⎯⎯⎯⎯⎯⎯⎯⎯⎯⎯⎯⎯⎯⎯⎯⎯⎯⎯⎯⎯⎯[1/1]⎯

simPlayerAutocompleteInteraction stickypick control: stale list test 13 rejected the changed component and tests 1, 7, 8, 11 stayed green.
