
 RUN  v3.2.7 /home/runner/work/ballpark-hero/ballpark-hero

 ✓ src/test/playerAutocompleteInteraction.test.tsx > player autocomplete interactions > selects on pointerdown before blur and ignores the later pointer click 109ms
 × src/test/playerAutocompleteInteraction.test.tsx > player autocomplete interactions > selects exactly once from a native keyboard or assistive click 28ms
   → expected "spy" to be called once with arguments: [ 'Fixture Vega' ]

Number of calls: 0

 ✓ src/test/playerAutocompleteInteraction.test.tsx > player autocomplete interactions > keeps ArrowDown and Enter selection on the focused input 24ms
 ✓ src/test/playerAutocompleteInteraction.test.tsx > player autocomplete interactions > keeps ArrowUp and highlighted Tab selection with input focus 18ms
 ✓ src/test/playerAutocompleteInteraction.test.tsx > player autocomplete interactions > disables existing options and rejects stale pointer and keyboard activation 39ms
 ✓ src/test/playerAutocompleteInteraction.test.tsx > player autocomplete interactions > rejects a stale highlighted input event after disabling 19ms
 ✓ src/test/playerAutocompleteInteraction.test.tsx > player autocomplete interactions > rejects disabled free text while preserving the enabled submit behavior 6ms
 × src/test/playerAutocompleteInteraction.test.tsx > player autocomplete interactions > preserves namesake identities, disambiguators and the caller search filters 28ms
   → expected "spy" to be called once with arguments: [ { key: 'fixture orion', …(7) } ]

Number of calls: 0


 Test Files  1 failed (1)
      Tests  2 failed | 6 passed (8)
   Start at  12:55:29
   Duration  1.35s (transform 107ms, setup 53ms, collect 316ms, tests 273ms, environment 306ms, prepare 157ms)



⎯⎯⎯⎯⎯⎯⎯ Failed Tests 2 ⎯⎯⎯⎯⎯⎯⎯

 FAIL  src/test/playerAutocompleteInteraction.test.tsx > player autocomplete interactions > selects exactly once from a native keyboard or assistive click
AssertionError: expected "spy" to be called once with arguments: [ 'Fixture Vega' ]

Number of calls: 0

 ❯ src/test/playerAutocompleteInteraction.test.tsx:56:33
     54|     act(() => option.focus());
     55|     fireEvent.click(option, { detail: 0 });
     56|     expect(view.props.onChange).toHaveBeenCalledExactlyOnceWith('Fixtu…
       |                                 ^
     57|     expect(view.props.onSelect).toHaveBeenCalledExactlyOnceWith(entiti…
     58|     expect(view.queryByRole('listbox')).toBeNull();

⎯⎯⎯⎯⎯⎯⎯⎯⎯⎯⎯⎯⎯⎯⎯⎯⎯⎯⎯⎯⎯⎯⎯⎯[1/2]⎯

 FAIL  src/test/playerAutocompleteInteraction.test.tsx > player autocomplete interactions > preserves namesake identities, disambiguators and the caller search filters
AssertionError: expected "spy" to be called once with arguments: [ { key: 'fixture orion', …(7) } ]

Number of calls: 0

 ❯ src/test/playerAutocompleteInteraction.test.tsx:124:33
    122|     await waitFor(() => expect(searchPlayers).toHaveBeenCalledExactlyO…
    123|     fireEvent.click(view.getAllByRole('option')[1], { detail: 0 });
    124|     expect(view.props.onSelect).toHaveBeenCalledExactlyOnceWith(namesa…
       |                                 ^
    125|   });
    126| });

⎯⎯⎯⎯⎯⎯⎯⎯⎯⎯⎯⎯⎯⎯⎯⎯⎯⎯⎯⎯⎯⎯⎯⎯[2/2]⎯

simPlayerAutocompleteInteraction pointeronly control: actual interaction checks rejected the changed component.
