
 RUN  v3.2.7 /home/runner/work/ballpark-hero/ballpark-hero

stdout | src/test/playerAutocompleteStale.test.tsx > player autocomplete: a list is only on screen for the query that produced it > never offers the last query under new text, across 200 seeded timings
STALE_SWEEP seed=1138 trials=200 staleVisible=0 stalePicked=0 currentPicked=200 stuckFinding=0

 ✓ src/test/playerAutocompleteStale.test.tsx > player autocomplete: a list is only on screen for the query that produced it > never offers the last query under new text, across 200 seeded timings 803ms
 ✓ src/test/playerAutocompleteStale.test.tsx > player autocomplete: a list is only on screen for the query that produced it > drops the list in the same render the text changes 58ms
 ✓ src/test/playerAutocompleteStale.test.tsx > player autocomplete: a list is only on screen for the query that produced it > drops the list when the search options change under the same text 20ms
 ✓ src/test/playerAutocompleteStale.test.tsx > player autocomplete: a list is only on screen for the query that produced it > drops the list when the player leaves the box and searches again on return 95ms
 ✓ src/test/playerAutocompleteStale.test.tsx > player autocomplete: a list is only on screen for the query that produced it > Enter picks the only name showing when the page asks for a pick from the list 32ms
 ✓ src/test/playerAutocompleteStale.test.tsx > player autocomplete: a list is only on screen for the query that produced it > Enter still sends the typed text on a free text page with one name showing 11ms
 ✓ src/test/playerAutocompleteStale.test.tsx > player autocomplete: a list is only on screen for the query that produced it > offers a settled list for the text in the box exactly as before 10ms
 ✓ src/test/playerAutocompleteStale.test.tsx > player autocomplete: a list is only on screen for the query that produced it > never shows Finding players with nothing in flight 47ms
 ✓ src/test/playerAutocompleteStale.test.tsx > player autocomplete: a list is only on screen for the query that produced it > searches at exactly the fewest letters the page asks for 13ms
 ✓ src/test/playerAutocompleteStale.test.tsx > player autocomplete: a list is only on screen for the query that produced it > drops a search still in flight when the player leaves the box 14ms
 × src/test/playerAutocompleteStale.test.tsx > player autocomplete: a list is only on screen for the query that produced it > drops a search still in flight when a name is picked 11ms
   → expected false to be true // Object.is equality
 ✓ src/test/playerAutocompleteStale.test.tsx > player autocomplete: a list is only on screen for the query that produced it > Escape leaves the box while a search is in flight 15ms

 Test Files  1 failed (1)
      Tests  1 failed | 11 passed (12)
   Start at  11:22:15
   Duration  2.21s (transform 138ms, setup 53ms, collect 336ms, tests 1.13s, environment 294ms, prepare 124ms)



⎯⎯⎯⎯⎯⎯⎯ Failed Tests 1 ⎯⎯⎯⎯⎯⎯⎯

 FAIL  src/test/playerAutocompleteStale.test.tsx > player autocomplete: a list is only on screen for the query that produced it > drops a search still in flight when a name is picked
AssertionError: expected false to be true // Object.is equality

- Expected
+ Received

- true
+ false

 ❯ src/test/playerAutocompleteStale.test.tsx:367:33
    365|     fireEvent.pointerDown(optionsIn(view.container)[0]);
    366|     expect(p.onSelect).toHaveBeenCalledExactlyOnceWith(A);
    367|     expect(signals[1]?.aborted).toBe(true);
       |                                 ^
    368|     await advance(400);
    369|     expect(view.queryByRole('listbox')).toBeNull();

⎯⎯⎯⎯⎯⎯⎯⎯⎯⎯⎯⎯⎯⎯⎯⎯⎯⎯⎯⎯⎯⎯⎯⎯[1/1]⎯

simPlayerAutocompleteInteraction pickflight control: stale list test 11 rejected the changed component and tests 1, 7, 8 stayed green.
