
 RUN  v3.2.7 /home/runner/work/ballpark-hero/ballpark-hero

stdout | src/test/playerAutocompleteStale.test.tsx > player autocomplete: a list is only on screen for the query that produced it > never offers the last query under new text, across 200 seeded timings
STALE_SWEEP seed=1138 trials=200 staleVisible=0 stalePicked=0 currentPicked=200 stuckFinding=0

 ✓ src/test/playerAutocompleteStale.test.tsx > player autocomplete: a list is only on screen for the query that produced it > never offers the last query under new text, across 200 seeded timings 584ms
 ✓ src/test/playerAutocompleteStale.test.tsx > player autocomplete: a list is only on screen for the query that produced it > drops the list in the same render the text changes 42ms
 ✓ src/test/playerAutocompleteStale.test.tsx > player autocomplete: a list is only on screen for the query that produced it > drops the list when the search options change under the same text 14ms
 × src/test/playerAutocompleteStale.test.tsx > player autocomplete: a list is only on screen for the query that produced it > drops the list when the player leaves the box and searches again on return 22ms
   → a tap outside: expected [ …(1) ] to have a length of +0 but got 1
 ✓ src/test/playerAutocompleteStale.test.tsx > player autocomplete: a list is only on screen for the query that produced it > Enter picks the only name showing when the page asks for a pick from the list 28ms
 ✓ src/test/playerAutocompleteStale.test.tsx > player autocomplete: a list is only on screen for the query that produced it > Enter still sends the typed text on a free text page with one name showing 12ms
 ✓ src/test/playerAutocompleteStale.test.tsx > player autocomplete: a list is only on screen for the query that produced it > offers a settled list for the text in the box exactly as before 9ms
 ✓ src/test/playerAutocompleteStale.test.tsx > player autocomplete: a list is only on screen for the query that produced it > never shows Finding players with nothing in flight 50ms

 Test Files  1 failed (1)
      Tests  1 failed | 7 passed (8)
   Start at  07:10:20
   Duration  1.56s (transform 91ms, setup 38ms, collect 242ms, tests 761ms, environment 224ms, prepare 92ms)



⎯⎯⎯⎯⎯⎯⎯ Failed Tests 1 ⎯⎯⎯⎯⎯⎯⎯

 FAIL  src/test/playerAutocompleteStale.test.tsx > player autocomplete: a list is only on screen for the query that produced it > drops the list when the player leaves the box and searches again on return
AssertionError: a tap outside: expected [ …(1) ] to have a length of +0 but got 1

- Expected
+ Received

- 0
+ 1

 ❯ src/test/playerAutocompleteStale.test.tsx:159:57
    157|         expect(view.queryByRole('listbox'), way.name).toBeNull();
    158|         way.back(input);
    159|         expect(view.queryAllByRole('option'), way.name).toHaveLength(0…
       |                                                         ^
    160|         expect(view.getByText(FINDING), way.name).toBeVisible();
    161|         expect((await view.findAllByRole('option')).map(o => o.textCon…

⎯⎯⎯⎯⎯⎯⎯⎯⎯⎯⎯⎯⎯⎯⎯⎯⎯⎯⎯⎯⎯⎯⎯⎯[1/1]⎯

simPlayerAutocompleteInteraction keeplist control: stale list test 4 rejected the changed component and tests 1, 7 stayed green.
