
 RUN  v3.2.7 /home/runner/work/ballpark-hero/ballpark-hero

 ✓ src/test/playerAutocompleteInteraction.test.tsx > player autocomplete interactions > selects on pointerdown before blur and ignores the later pointer click 103ms
 ✓ src/test/playerAutocompleteInteraction.test.tsx > player autocomplete interactions > selects exactly once from a native keyboard or assistive click 25ms
 ✓ src/test/playerAutocompleteInteraction.test.tsx > player autocomplete interactions > keeps ArrowDown and Enter selection on the focused input 23ms
 ✓ src/test/playerAutocompleteInteraction.test.tsx > player autocomplete interactions > keeps ArrowUp and highlighted Tab selection with input focus 18ms
 ✓ src/test/playerAutocompleteInteraction.test.tsx > player autocomplete interactions > disables existing options and rejects stale pointer and keyboard activation 32ms
 ✓ src/test/playerAutocompleteInteraction.test.tsx > player autocomplete interactions > rejects a stale highlighted input event after disabling 17ms
 ✓ src/test/playerAutocompleteInteraction.test.tsx > player autocomplete interactions > rejects disabled free text while preserving the enabled submit behavior 6ms
 ✓ src/test/playerAutocompleteInteraction.test.tsx > player autocomplete interactions > preserves namesake identities, disambiguators and the caller search filters 28ms

 Test Files  1 passed (1)
      Tests  8 passed (8)
   Start at  12:21:13
   Duration  1.28s (transform 107ms, setup 52ms, collect 303ms, tests 252ms, environment 296ms, prepare 142ms)



 RUN  v3.2.7 /home/runner/work/ballpark-hero/ballpark-hero

stdout | src/test/playerAutocompleteStale.test.tsx > player autocomplete: a list is only on screen for the query that produced it > never offers the last query under new text, across 200 seeded timings
STALE_SWEEP seed=1138 trials=200 staleVisible=0 stalePicked=0 currentPicked=200 stuckFinding=0

 ✓ src/test/playerAutocompleteStale.test.tsx > player autocomplete: a list is only on screen for the query that produced it > never offers the last query under new text, across 200 seeded timings 789ms
 ✓ src/test/playerAutocompleteStale.test.tsx > player autocomplete: a list is only on screen for the query that produced it > drops the list in the same render the text changes 57ms
 ✓ src/test/playerAutocompleteStale.test.tsx > player autocomplete: a list is only on screen for the query that produced it > drops the list when the search options change under the same text 20ms
 ✓ src/test/playerAutocompleteStale.test.tsx > player autocomplete: a list is only on screen for the query that produced it > drops the list when the player leaves the box and searches again on return 93ms
 ✓ src/test/playerAutocompleteStale.test.tsx > player autocomplete: a list is only on screen for the query that produced it > Enter picks the only name showing when the page asks for a pick from the list 31ms
 ✓ src/test/playerAutocompleteStale.test.tsx > player autocomplete: a list is only on screen for the query that produced it > Enter still sends the typed text on a free text page with one name showing 11ms
 ✓ src/test/playerAutocompleteStale.test.tsx > player autocomplete: a list is only on screen for the query that produced it > offers a settled list for the text in the box exactly as before 9ms
 ✓ src/test/playerAutocompleteStale.test.tsx > player autocomplete: a list is only on screen for the query that produced it > never shows Finding players with nothing in flight 47ms
 ✓ src/test/playerAutocompleteStale.test.tsx > player autocomplete: a list is only on screen for the query that produced it > searches at exactly the fewest letters the page asks for 13ms
 ✓ src/test/playerAutocompleteStale.test.tsx > player autocomplete: a list is only on screen for the query that produced it > drops a search still in flight when the player leaves the box 13ms
 ✓ src/test/playerAutocompleteStale.test.tsx > player autocomplete: a list is only on screen for the query that produced it > drops a search still in flight when a name is picked 10ms
 ✓ src/test/playerAutocompleteStale.test.tsx > player autocomplete: a list is only on screen for the query that produced it > Escape leaves the box while a search is in flight 14ms
 ✓ src/test/playerAutocompleteStale.test.tsx > player autocomplete: a list is only on screen for the query that produced it > a pick does not bring the list back under the picked name 22ms

 Test Files  1 passed (1)
      Tests  13 passed (13)
   Start at  12:21:15
   Duration  2.23s (transform 144ms, setup 51ms, collect 356ms, tests 1.13s, environment 294ms, prepare 159ms)


simPlayerAutocompleteInteraction: eight actual-component pointer, keyboard, disabled, free-text, identity and filter checks passed; thirteen stale list checks passed, and across 200 seeded timings (seed 1138) the box offered 0 names of the last query, 0 were picked, 200 of 200 current picks landed and 0 panels were left on Finding players.
