simUsCareerBank: seed 1, 112 mid career states and 300 whole careers a sport, control nba
1) every option of every card in the deck, applied at a zero pocket
   nfl: 22317 options applied; below zero after, old arm 3545, new arm 0; with 50M in savings 3545 bills collected in full, 0 forgiven, 0 pockets left below zero
  FAIL [1a:nba]: card nbaA_hospital_room_308 option 1 left the bank on -0.2 from a zero balance
  FAIL [1b:nba]: card nbaA_hospital_room_308 option 1 left the pocket on -0.2 with savings to pay from
   nba: 21927 options applied; below zero after, old arm 3550, new arm 3550; with 50M in savings 3550 bills collected in full, 0 forgiven, 3550 pockets left below zero
   mlb: 20449 options applied; below zero after, old arm 2673, new arm 0; with 50M in savings 2673 bills collected in full, 0 forgiven, 0 pockets left below zero
   nhl: 21486 options applied; below zero after, old arm 2955, new arm 0; with 50M in savings 2955 bills collected in full, 0 forgiven, 0 pockets left below zero
2) whole careers through the board loop, with shop and money app taps, read after every call
   nfl: 300 careers, 5052 seasons, 43541 calls read, 0 below zero, lowest balance seen 0
  FAIL [2:nba]: 640 of 50265 calls left the balance below zero (first: career 3 after rival choice: -0.3)
   nba: 300 careers, 6011 seasons, 50265 calls read, 640 below zero, lowest balance seen -4.6
   mlb: 300 careers, 6102 seasons, 49567 calls read, 0 below zero, lowest balance seen 0
   nhl: 300 careers, 6465 seasons, 54705 calls read, 0 below zero, lowest balance seen 0
3) the reload: healthy untouched, an old save rebuilt as before, a played save stopped at zero
   nfl: healthy same object, old save rebuilt to 90, the scout's save on 0, 2000 played saves swept, 0 refilled
  FAIL [3:nba]: a played save at -0.4 with 9.4 earned reloaded on 4.2, not 0 (the scout's reload gave 4.2)
   nba: healthy same object, old save rebuilt to 90, the scout's save on 4.2, 2000 played saves swept, 1998 refilled
   mlb: healthy same object, old save rebuilt to 90, the scout's save on 0, 2000 played saves swept, 0 refilled
   nhl: healthy same object, old save rebuilt to 90, the scout's save on 0, 2000 played saves swept, 0 refilled
4) MEASURED, asserted on nothing: what the floor touches at a zero balance with nothing in savings
   nfl: 3545 of 22317 options (15.9 percent) cost more than an empty account held; the floor wrote off 2130.8M across them, 0.60M a time
   nba: 3550 of 21927 options (16.2 percent) cost more than an empty account held; the floor wrote off 2405.65M across them, 0.68M a time
   mlb: 2673 of 20449 options (13.1 percent) cost more than an empty account held; the floor wrote off 1185.26M across them, 0.44M a time
   nhl: 2955 of 21486 options (13.8 percent) cost more than an empty account held; the floor wrote off 1730.76M across them, 0.59M a time
   The floor is read at the end of a call, so a card that spends and then pays out is netted first: nobody is handed a ticket he could not pay for and also its winnings on top of a forgiven price.

simUsCareerBank control nba: green. The expected checks went red (1a:nba, 1b:nba, 2:nba, 3:nba) and nothing else did, so this harness works.
