simUsCareerBank: seed 1, 104 mid career states and 300 whole careers a sport
1) every option of every card in the deck, applied at a zero pocket
   nfl: 20684 options applied; below zero after, old arm 3267, new arm 0; with 50M in savings 3267 bills collected in full, 0 forgiven, 0 pockets left below zero
   nba: 20426 options applied; below zero after, old arm 3310, new arm 0; with 50M in savings 3310 bills collected in full, 0 forgiven, 0 pockets left below zero
   mlb: 18987 options applied; below zero after, old arm 2474, new arm 0; with 50M in savings 2474 bills collected in full, 0 forgiven, 0 pockets left below zero
   nhl: 19994 options applied; below zero after, old arm 2756, new arm 0; with 50M in savings 2756 bills collected in full, 0 forgiven, 0 pockets left below zero
2) whole careers through the board loop, with shop and money app taps, read after every call
   nfl: 300 careers, 5053 seasons, 43553 calls read, 0 below zero, lowest balance seen 0
   nba: 300 careers, 6013 seasons, 50359 calls read, 0 below zero, lowest balance seen 0
   mlb: 300 careers, 6102 seasons, 49567 calls read, 0 below zero, lowest balance seen 0
   nhl: 300 careers, 6465 seasons, 54705 calls read, 0 below zero, lowest balance seen 0
3) the reload: healthy untouched, an old save rebuilt as before, a played save stopped at zero
   nfl: healthy same object, old save rebuilt to 90, the scout's save on 0, 2000 played saves swept, 0 refilled
   nba: healthy same object, old save rebuilt to 90, the scout's save on 0, 2000 played saves swept, 0 refilled
   mlb: healthy same object, old save rebuilt to 90, the scout's save on 0, 2000 played saves swept, 0 refilled
   nhl: healthy same object, old save rebuilt to 90, the scout's save on 0, 2000 played saves swept, 0 refilled
4) MEASURED, asserted on nothing: what the floor touches at a zero balance with nothing in savings
   nfl: 3267 of 20684 options (15.8 percent) cost more than an empty account held; the floor wrote off 1947.3M across them, 0.60M a time
   nba: 3310 of 20426 options (16.2 percent) cost more than an empty account held; the floor wrote off 2255.1M across them, 0.68M a time
   mlb: 2474 of 18987 options (13.0 percent) cost more than an empty account held; the floor wrote off 1092.52M across them, 0.44M a time
   nhl: 2756 of 19994 options (13.8 percent) cost more than an empty account held; the floor wrote off 1622.22M across them, 0.59M a time
   The floor is read at the end of a call, so a card that spends and then pays out is netted first: nobody is handed a ticket he could not pay for and also its winnings on top of a forgiven price.

simUsCareerBank: green. No call leaves a bank below zero in any of the four careers, savings pay a bill before anything is written off, and a reload never adds money.
