simCareerHall nfl: 2000 careers, 0 crashed, seed base, CONTROL standoutbig
  hof 26.8% (536), first ballot 71.8% of them; bottom third 44.9%, top third 100%
  outcomes {"inducted":536,"waiting":949,"notOnBallot":515}; jerseys 740; talk reached 86.8% of careers
  ladder 0.345 0.400 0.476 0.539 0.618 0.683 0.750 0.824 0.893 0.964; smallest step 0.054
  deciles 0.45 0.31 0.57 0.46 0.69 0.75 0.94 1.00 1.00 1.00; cuts 0.29 0.42 0.39 0.45 0.44 0.45 0.40 0.35 0.31; smallest cut 0.295
  misses: iff 0, outcome 0, table [], offset 0, promise 0/687, draws 0, notSame 0, sides 0, talk 0+0, jersey 0
  talk timing: talks a career, median 1; first talk at 35; career ends at 38; non finite scores 0
  board loop: 0 careers a policy, 0 crashed; talks answered one more year 0; identity misses 0
  ends: retire now 0, talk farewells 0, deck farewells 0, misses 0
  once: 0 offseasons with the talk (0 asked mid-summer, 0 after a banned year), 0 offered a retirement card; listed ids seen 0, unseen [lifeB_retireHealthy,lifeB_retirementTour], farewell cards not listed [] (decks probed on 0 careers)
  seek: 0 talks caught in the board loop, 0 forged summers on a deck retirement card, 0 landed on it with no hold-out (at card 1 0, at a later card 0), 0 with the board's
  jersey (deck): 0 recorded, 0 at a club other than the one with most seasons, 0 misnamed; synthetic 0, 0 missed; wait answers 0, 0 wrote a club
  era: verified from the Class of 2027; {"boundary":{"below":100,"above":100}}; misses 0
  16 never below: table misses []; 0 of 2000 careers lower on 2; 1080 moved up, 719 up a verdict tier, 115 newly in the Hall
  19 (b) Hall share 21.1 -> 26.8 percent; legacy score median 293 -> 348, mean 382.4 -> 481.3 (points paid)
     by position: QB 63.2 -> 63.2, RB 7.2 -> 9.6, WR 22.0 -> 23.6, TE 8.4 -> 21.2, LB 14.0 -> 24.0, CB 10.8 -> 22.8, EDGE 31.2 -> 38.4, K 11.6 -> 11.6
  15 (d) calibration 2 as recorded: the table and the rules equal the recording; 10 of 20 recorded saves are told something else on 2 (10 of them with a standout)
  17 (a) marks: 14 standout cells; at or over from, pooled 9.97 percent (band 9.37 to 10.97), cells out of 4.2 to 17.4: []; at or over to, pooled 1.00 percent (band 0.11 to 1.49)
  17 (b) half rule and ledger: 0 misses []
     ramps (width in seasons at the from mark's own rate, to over the median): QB passYds 1.7s x1.26 floor, QB passTd 1.8s x1.32, RB rushYds 1.9s x1.47, RB rushTd 2.1s x1.51, WR rec 1.9s x1.42, WR recYds 2.0s x1.44, TE rec 1.9s x1.39, TE recYds 1.9s x1.39, TE recTd 1.8s x1.39, LB tackles 1.9s x1.40, LB picks 3.2s x1.62, CB picks 3.2s x1.59, CB passDef 2.2s x1.45, EDGE sacks 2.8s x1.52
  17 (c) outcome: top 5 percent by family, Hall share on 1 > on 2: QB passYds 100>100, QB passTd 100>100, RB rushYds 62>100, RB rushTd 62>100, WR rec 100>100, WR recYds 92>100, TE rec 46>100, TE recYds 46>100, TE recTd 46>100, LB tackles 62>100, LB picks 69>92, CB picks 54>100, CB passDef 62>100, EDGE sacks 92>100
     pooled over the cells under 90 percent on 1: 66 -> 116 of 117 careers, a gain of 42.7 points (needs 16.8); over the first ballot line (900) on 2 and not on 1: 91 careers (22 of them newly in the Hall)
     the standout's own part, every cell: 153 in with the standout taken out, 181 with it, of 182, a gain of 15.4 points (needs 5.5)
  17 (d) cap: 199 of 2000 careers off the restated score on 2; the standout paid on 199
  19 (a) base: median base credit TE 111.4 (109.2 to 114.7), LB 108.2 (106.4 to 112.3), CB 107.8 (105.3 to 114.1), EDGE 109.8 (105.6 to 111.8); misses []
  19 (c) words: example CB picks 35 to 59: +932 on 2, +0 on 1; card lines off 0 of 4000 records (189 name a standout, 10 had one worth under 30 points and stay quiet); longest line the table can print 183 characters (budget 200); misses []
  18 anchors: 22 men in 25 rows ({"first":8,"later":9,"never":4} men on the main ballot, 1 by a committee, printed apart); the majority call is first from a score of 629
     nfl-rec-1 WR rec real first: raw 2124 first > 3294 first; books 2124 first > 3294 first
     nfl-rec-2 TE rec real first: raw 1087 first > 2403 first; books 1087 first > 2401 first
     nfl-rec-3 WR rec real later: raw 777 first > 777 first; books 830 first > 2000 first
     nfl-rec-4 WR rec real later: raw 575 later > 575 later; books 626 first > 1526 first
     nfl-rec-5 WR rec real later: raw 294 never > 294 never; books 349 never > 1519 first
     nfl-recTd-1 WR recTd real first: raw 2124 first > 3294 first; books none > none (raw only: his position does not carry the family, or he is not off a list)
     nfl-recTd-2 WR recTd real first: raw 863 first > 863 first; books none > none (raw only: his position does not carry the family, or he is not off a list)
     nfl-recTd-3 WR recTd real later: raw 1029 first > 1029 first; books none > none (raw only: his position does not carry the family, or he is not off a list)
     nfl-recTd-4 WR recTd real later: raw 575 later > 575 later; books none > none (raw only: his position does not carry the family, or he is not off a list)
     nfl-recTd-5 WR recTd real later: raw 777 first > 777 first; books none > none (raw only: his position does not carry the family, or he is not off a list)
     nfl-picks-1 CB picks real later: raw 626 first > 1904 first; books 626 first > 1605 first
     nfl-picks-2 CB picks real first: raw 1397 first > 2662 first; books 1397 first > 2376 first
     nfl-picks-3 CB picks real never (committee later, outside the count): raw 315 never > 1572 first; books 315 never > 1294 first
     nfl-picks-4 CB picks real first: raw 958 first > 2215 first; books 958 first > 1937 first
     nfl-picks-5 CB picks real first: raw 1192 first > 2447 first; books 1192 first > 2171 first
     nfl-sacks-1 EDGE sacks real first: raw 1869 first > 1949 first; books 1869 first > 2869 first
     nfl-sacks-2 EDGE sacks real first: raw 1905 first > 1984 first; books 1905 first > 2905 first
     nfl-sacks-3 EDGE sacks real later: raw 465 never > 529 later; books 465 never > 1465 first
     nfl-sacks-4 EDGE sacks real later: raw 465 never > 525 later; books 465 never > 1465 first
     nfl-sacks-5 EDGE sacks real later: raw 1075 first > 1132 first; books 1075 first > 2075 first
     nfl-fgMade-1 K fgMade real later: raw 725 first > 725 first; books none > none (raw only: his position does not carry the family, or he is not off a list)
     nfl-fgMade-2 K fgMade real never: raw 403 never > 403 never; books none > none (raw only: his position does not carry the family, or he is not off a list)
     nfl-fgMade-3 K fgMade real never: raw 231 never > 231 never; books none > none (raw only: his position does not carry the family, or he is not off a list)
     nfl-fgMade-4 K fgMade real never: raw 439 never > 439 never; books none > none (raw only: his position does not carry the family, or he is not off a list)
     nfl-fgMade-5 K fgMade real never: raw 220 never > 220 never; books none > none (raw only: his position does not carry the family, or he is not off a list)
     agreement, in or out and exact ballot, calibration 1 > 2: raw 21 > 23 and 15 > 17 of 24; books 11 > 14 and 7 > 7 of 14; decisions the anchors made: ["WR touchdown catches standout dropped","K field goals standout dropped"]
simCareerHall nfl CONTROL standoutbig: REFUSED, it cannot fire in this sport (the band holds with every push tripled: the books reading holds 7 real never or later men, and no call of theirs moves past the band)
