simCmLeagueBook: 27 careers x 2 seasons (full fleet, seed set 4)
stream  108 of 108 faces (the whole save but the book, and the count of draws) equal with the book taken out
        wall time of the fleet: 40.8s with the book and this harness watching every entry, 38.4s with the book out and nothing watching
        the book's own cost: 4 careers x 2 seasons took 6866ms with the book and 6267ms with it out (9.6% more)
stream  base arm NOT RUN: set BOOK_BASE to a worktree of the base commit
shapes  credited rival goals 34506: forwards 56.0%, midfielders 34.6%, defenders 9.4%, keepers 0 goals
        between other clubs (33605 goals), dealt against the weight: ATT 18454 vs 18402.2 (z 0.57), MID 11195 vs 11074.8 (z 1.39), DEF 3095 vs 3203.8 (z -2.02)
        clubs with an eleven: assists 20814 on 34028 credited goals = 0.612 a goal (the rule 0.614, z -0.74); own goals 898 of 34926 = 2.57% (the rule 2.75%, z -2.04); every club: 20814 assists on 34506 credited goals = 0.603 a goal
        every goal its own roll: one man took every goal in 1230 of 9629 matches a club with an eleven scored two or more in = 12.8% (the weight says 12.5%, z 0.76)
        unnamed goals 12141 (club weeks with no named eleven: 11407); my league matches 1976, reports whose lines did not add up to the score: 0
        no named eleven in championship: 2898 of 7406 club weeks, 9 of 32 rival clubs seen (Blackburn Rovers 7 men, 1 keepers; Bolton Wanderers 3 men, 0 keepers; Cardiff City 4 men, 1 keepers; Charlton Athletic 8 men, 1 keepers; Lincoln City 2 men, 0 keepers; Millwall 11 men, 0 keepers; ...)
        no named eleven in bundesliga: 408 of 3468 club weeks, 4 of 20 rival clubs seen (Elversberg 10 men, 1 keepers; Kaiserslautern 7 men, 1 keepers; Schalke 04 16 men, 0 keepers; St. Pauli 10 men, 1 keepers)
        no named eleven in bundesliga2: 3298 of 3468 club weeks, 18 of 20 rival clubs seen (Arminia Bielefeld 3 men, 1 keepers; Bochum 4 men, 0 keepers; Braunschweig 2 men, 1 keepers; Darmstadt 4 men, 0 keepers; Dynamo Dresden 1 men, 0 keepers; Elversberg 10 men, 1 keepers; ...)
        no named eleven in laliga: 912 of 4332 club weeks, 8 of 24 rival clubs seen (Almería 5 men, 0 keepers; Espanyol 14 men, 0 keepers; Girona 10 men, 1 keepers; Las Palmas 5 men, 0 keepers; Leganés 3 men, 0 keepers; Mallorca 8 men, 1 keepers; ...)
        no named eleven in eredivisie: 2244 of 3468 club weeks, 11 of 17 rival clubs seen (ADO Den Haag 0 men, 0 keepers; Cambuur 0 men, 0 keepers; Excelsior 1 men, 0 keepers; Fortuna Sittard 3 men, 0 keepers; Go Ahead Eagles 5 men, 1 keepers; Groningen 6 men, 1 keepers; ...)
        no named eleven in laliga2010: 228 of 4332 club weeks, 1 of 19 rival clubs seen (Levante 10 men, 1 keepers)
        no named eleven in mlsEast: 1419 of 2209 club weeks, 9 of 14 rival clubs seen (Atlanta United 11 men, 0 keepers; CF Montréal 7 men, 1 keepers; Charlotte FC 10 men, 1 keepers; D.C. United 6 men, 0 keepers; FC Cincinnati 6 men, 1 keepers; Nashville SC 7 men, 0 keepers; ...)
        top ten of the Goals board held by forwards and wingers: 9.13 on the book, 5.24 on the old race, rise 3.89 (floor 1.5) over 54 seasons
names   106512 checks; 3 purchases probed of 3 saves kept (the best scorer of the rivals signed at week 22, twelve entries played on)
        the book against the report of 1965 league matches of mine: 1843 goal lines, 1751 naming a man of that club's roster (each on his row), 47 naming nobody its roster holds, 233 from the spot or a free kick, 744 assists (each by a man on their pitch); 11 matches not judged, the opponent played twice in the entry
oldsave 766 checks: 4 saves with no book finished on the candidate and on the book out engine, the season after each, and six unreadable books
doors   2439 checks: three takeovers and two joined jobs (season one and season three), the law at the handover and after every entry to the end of the season
dailies 50 checks: 4 Hot Seat dates played to a verdict, handed over and played on, 3 Deadline Day dates, each state byte equal to the book out engine's
boards  by league, the book against the old race on the same seasons (penalties and free kicks to the taker)
        premier      20 clubs, 11 seasons: top scorer mean 29.0 (35 25 35 24 27 24 29 36 27 30 27), old race mean 32.2, most assists mean 11.4, leading keeper's clean sheets mean 18.3
        championship 24 clubs,  7 seasons: top scorer mean 35.4 (41 28 30 31 37 38 43), old race mean 40.7, most assists mean 14.1, leading keeper's clean sheets mean 26.7
        bundesliga   18 clubs,  6 seasons: top scorer mean 24.3 (25 21 29 26 22 23), old race mean 29.8, most assists mean 10.8, leading keeper's clean sheets mean 18.2
        bundesliga2  18 clubs,  6 seasons: top scorer mean 18.2 (18 19 21 12 20 19), old race mean 28.8, most assists mean 9.7, leading keeper's clean sheets mean 16.0
        laliga       20 clubs,  6 seasons: top scorer mean 28.2 (24 33 29 26 27 30), old race mean 31.3, most assists mean 11.2, leading keeper's clean sheets mean 23.5
        eredivisie   18 clubs,  6 seasons: top scorer mean 23.7 (24 23 25 20 25 25), old race mean 32.7, most assists mean 10.5, leading keeper's clean sheets mean 21.7
        laliga2010   20 clubs,  6 seasons: top scorer mean 31.2 (28 28 32 37 27 35), old race mean 33.5, most assists mean 12.3, leading keeper's clean sheets mean 23.5
        mlsEast      15 clubs,  6 seasons: top scorer mean 18.2 (17 14 20 22 18 18), old race mean 21.5, most assists mean 7.3, leading keeper's clean sheets mean 12.0
        38 game leagues: 23 seasons, top scorer mean 29.35, standard deviation 4.00, standard error 0.83; old race mean 32.30
        34 game leagues: 18 seasons, top scorer mean 22.06, standard deviation 3.73, standard error 0.88; old race mean 30.44
        46 game leagues: 7 seasons, top scorer mean 35.43, standard deviation 5.37, standard error 2.03; old race mean 40.71
        28 game leagues (15 clubs): 6 seasons, top scorer mean 18.17, standard deviation 2.48, standard error 1.01; old race mean 21.50
        the top scorer was a: ATT 54, MID 0, DEF 0 (of 54 seasons)
        the old race on the same seasons: 30002 of 47554 rival goals given to anybody (63.1%), of those forwards 51.0%, midfielders 49.0%; the book names a man for 72.6% and marks 907 own goals and 12141 unnamed
        a Clean sheets board of every man (keepers and defenders): its top ten holds men of 2.41 clubs and 2.13 keepers on average
        a back four picked by clean sheets + goals + assists: 3.00 men of one club on average; by goals + assists (club clean sheets, then table place, to split): 1.81, with 0.02 of the four on no goal and no assist
law     12 weeks I did not play in which the rest of the round did (a league with an odd number of clubs), 143 club entries holding two matches of one club, 25 club seasons whose clean sheets are judged on a range for it
law     54080 checks over 2361 entries of 27 careers, and 274 entries of 6 seasons with the video referee on (228 league matches of mine, 173 reviews, 0 reports whose lines did not add up to the score)
green stream   108 checks
green law      54080 checks
green names    106512 checks
green shapes   8 checks
green oldsave  766 checks
green doors    2439 checks
green dailies  50 checks
simCmLeagueBook: green, 7 sections, 27 careers x 2 seasons (115s)
