simCmLeagueBook: 27 careers x 2 seasons (full fleet, seed set 3)
stream  108 of 108 faces (the whole save but the book, and the count of draws) equal with the book taken out
        wall time of the fleet: 43.8s with the book and this harness watching every entry, 35.3s with the book out and nothing watching
        the book's own cost: 4 careers x 2 seasons took 6600ms with the book and 6879ms with it out (-4.1% more)
stream  base arm NOT RUN: set BOOK_BASE to a worktree of the base commit
shapes  credited rival goals 34977: forwards 55.6%, midfielders 34.6%, defenders 9.8%, keepers 0 goals
        between other clubs (33927 goals), dealt against the weight: ATT 18484 vs 18526.9 (z -0.47), MID 11299 vs 11216.7 (z 0.95), DEF 3246 vs 3250.4 (z -0.08)
        clubs with an eleven: assists 21135 on 34553 credited goals = 0.612 a goal (the rule 0.614, z -0.75); own goals 934 of 35487 = 2.63% (the rule 2.75%, z -1.36); every club: 21135 assists on 34977 credited goals = 0.604 a goal
        every goal its own roll: one man took every goal in 1205 of 9678 matches a club with an eleven scored two or more in = 12.5% (the weight says 12.7%, z -0.70)
        unnamed goals 10375 (club weeks with no named eleven: 9653); my league matches 1952, reports whose lines did not add up to the score: 0
        no named eleven in bundesliga: 442 of 4046 club weeks, 5 of 22 rival clubs seen (Elversberg 10 men, 1 keepers; Heidenheim 10 men, 0 keepers; Hertha BSC 6 men, 1 keepers; Schalke 04 16 men, 0 keepers; St. Pauli 10 men, 1 keepers)
        no named eleven in championship: 1656 of 4232 club weeks, 9 of 26 rival clubs seen (Blackburn Rovers 7 men, 1 keepers; Bolton Wanderers 3 men, 0 keepers; Cardiff City 4 men, 1 keepers; Charlton Athletic 8 men, 1 keepers; Lincoln City 2 men, 0 keepers; Millwall 11 men, 0 keepers; ...)
        no named eleven in bundesliga2: 2754 of 2890 club weeks, 18 of 20 rival clubs seen (Arminia Bielefeld 3 men, 1 keepers; Bochum 4 men, 0 keepers; Braunschweig 2 men, 1 keepers; Darmstadt 4 men, 0 keepers; Dynamo Dresden 1 men, 0 keepers; Elversberg 10 men, 1 keepers; ...)
        no named eleven in laliga: 912 of 4332 club weeks, 7 of 23 rival clubs seen (Espanyol 14 men, 0 keepers; Girona 10 men, 1 keepers; Las Palmas 5 men, 0 keepers; Leganés 3 men, 0 keepers; Mallorca 8 men, 1 keepers; Málaga 5 men, 0 keepers; ...)
        no named eleven in eredivisie: 2244 of 3468 club weeks, 11 of 17 rival clubs seen (ADO Den Haag 0 men, 0 keepers; Cambuur 0 men, 0 keepers; Excelsior 1 men, 0 keepers; Fortuna Sittard 3 men, 0 keepers; Go Ahead Eagles 5 men, 1 keepers; Groningen 6 men, 1 keepers; ...)
        no named eleven in laliga2010: 228 of 4332 club weeks, 1 of 19 rival clubs seen (Levante 10 men, 1 keepers)
        no named eleven in mlsEast: 1417 of 2209 club weeks, 9 of 14 rival clubs seen (Atlanta United 11 men, 0 keepers; CF Montréal 7 men, 1 keepers; Charlotte FC 10 men, 1 keepers; D.C. United 6 men, 0 keepers; FC Cincinnati 6 men, 1 keepers; Nashville SC 7 men, 0 keepers; ...)
        top ten of the Goals board held by forwards and wingers: 9.20 on the book, 5.17 on the old race, rise 4.04 (floor 1.5) over 54 seasons
names   107961 checks; 4 purchases probed of 4 saves kept (the best scorer of the rivals signed at week 22, twelve entries played on)
        the book against the report of 1941 league matches of mine: 2019 goal lines, 1926 naming a man of that club's roster (each on his row), 46 naming nobody its roster holds, 234 from the spot or a free kick, 915 assists (each by a man on their pitch); 11 matches not judged, the opponent played twice in the entry
oldsave 766 checks: 4 saves with no book finished on the candidate and on the book out engine, the season after each, and six unreadable books
doors   2439 checks: three takeovers and two joined jobs (season one and season three), the law at the handover and after every entry to the end of the season
dailies 50 checks: 4 Hot Seat dates played to a verdict, handed over and played on, 3 Deadline Day dates, each state byte equal to the book out engine's
boards  by league, the book against the old race on the same seasons (penalties and free kicks to the taker)
        premier      20 clubs, 14 seasons: top scorer mean 28.2 (31 29 30 31 31 24 26 33 25 23 29 29 27 27), old race mean 28.9, most assists mean 11.1, leading keeper's clean sheets mean 17.8
        bundesliga   18 clubs,  7 seasons: top scorer mean 25.4 (29 24 25 25 25 25 25), old race mean 26.1, most assists mean 11.3, leading keeper's clean sheets mean 18.0
        championship 24 clubs,  4 seasons: top scorer mean 39.3 (35 39 48 35), old race mean 41.0, most assists mean 14.0, leading keeper's clean sheets mean 25.5
        bundesliga2  18 clubs,  5 seasons: top scorer mean 21.0 (18 8 26 28 25), old race mean 26.4, most assists mean 8.4, leading keeper's clean sheets mean 14.4
        laliga       20 clubs,  6 seasons: top scorer mean 28.2 (25 30 27 26 31 30), old race mean 35.3, most assists mean 13.5, leading keeper's clean sheets mean 24.2
        eredivisie   18 clubs,  6 seasons: top scorer mean 25.5 (27 28 29 20 24 25), old race mean 29.5, most assists mean 11.8, leading keeper's clean sheets mean 21.8
        laliga2010   20 clubs,  6 seasons: top scorer mean 30.7 (29 34 24 33 29 35), old race mean 33.3, most assists mean 12.5, leading keeper's clean sheets mean 23.2
        mlsEast      15 clubs,  6 seasons: top scorer mean 17.8 (18 16 15 16 24 18), old race mean 21.5, most assists mean 7.7, leading keeper's clean sheets mean 12.3
        38 game leagues: 26 seasons, top scorer mean 28.77, standard deviation 3.15, standard error 0.62; old race mean 31.38
        34 game leagues: 18 seasons, top scorer mean 24.22, standard deviation 4.77, standard error 1.12; old race mean 27.33
        46 game leagues: 4 seasons, top scorer mean 39.25, standard deviation 5.31, standard error 2.65; old race mean 41.00
        28 game leagues (15 clubs): 6 seasons, top scorer mean 17.83, standard deviation 2.97, standard error 1.21; old race mean 21.50
        the top scorer was a: ATT 54, MID 0, DEF 0 (of 54 seasons)
        the old race on the same seasons: 29076 of 46298 rival goals given to anybody (62.8%), of those forwards 50.0%, midfielders 50.0%; the book names a man for 75.5% and marks 946 own goals and 10375 unnamed
        a Clean sheets board of every man (keepers and defenders): its top ten holds men of 2.52 clubs and 2.07 keepers on average
        a back four picked by clean sheets + goals + assists: 2.98 men of one club on average; by goals + assists (club clean sheets, then table place, to split): 1.69, with 0.00 of the four on no goal and no assist
law     12 weeks I did not play in which the rest of the round did (a league with an odd number of clubs), 143 club entries holding two matches of one club, 24 club seasons whose clean sheets are judged on a range for it
law     53643 checks over 2378 entries of 27 careers, and 268 entries of 6 seasons with the video referee on (228 league matches of mine, 183 reviews, 0 reports whose lines did not add up to the score)
green stream   108 checks
green law      53643 checks
green names    107961 checks
green shapes   8 checks
green oldsave  766 checks
green doors    2439 checks
green dailies  50 checks
simCmLeagueBook: green, 7 sections, 27 careers x 2 seasons (115s)
