
> vite_react_shadcn_ts@0.0.0 build
> vite build

[36mvite v5.4.21 [32mbuilding for production...[36m[39m
transforming...
Browserslist: browsers data (caniuse-lite) is 16 months old. Please run:
  npx update-browserslist-db@latest
  Why you should do it regularly: https://github.com/browserslist/update-db#readme
[32m✓[39m 3309 modules transformed.
rendering chunks...
computing gzip size...
[2mdist/[22m[32mindex.html                                       [39m[1m[2m   31.73 kB[22m[1m[22m[2m │ gzip:  11.39 kB[22m
[2mdist/[22m[2massets/[22m[35mInboxCard-DDfoldLS.css                    [39m[1m[2m    0.31 kB[22m[1m[22m[2m │ gzip:   0.22 kB[22m
[2mdist/[22m[2massets/[22m[35mStaffScreen-DA5KNI2w.css                  [39m[1m[2m    0.34 kB[22m[1m[22m[2m │ gzip:   0.22 kB[22m
[2mdist/[22m[2massets/[22m[35mPuckDetective-CNwlavUM.css                [39m[1m[2m    0.46 kB[22m[1m[22m[2m │ gzip:   0.24 kB[22m
[2mdist/[22m[2massets/[22m[35mMlbFrontOffice-CBF51_-Q.css               [39m[1m[2m    0.46 kB[22m[1m[22m[2m │ gzip:   0.26 kB[22m
[2mdist/[22m[2massets/[22m[35mFreeKick-Db_P_VAd.css                     [39m[1m[2m    0.48 kB[22m[1m[22m[2m │ gzip:   0.26 kB[22m
[2mdist/[22m[2massets/[22m[35mChainLinkMotion-CvpbwvEe.css              [39m[1m[2m    0.51 kB[22m[1m[22m[2m │ gzip:   0.27 kB[22m
[2mdist/[22m[2massets/[22m[35mFantasyDraft-BBpfFIJM.css                 [39m[1m[2m    0.51 kB[22m[1m[22m[2m │ gzip:   0.21 kB[22m
[2mdist/[22m[2massets/[22m[35mF1Constructor-ZNfpvwdP.css                [39m[1m[2m    0.54 kB[22m[1m[22m[2m │ gzip:   0.27 kB[22m
[2mdist/[22m[2massets/[22m[35mTrainingPanel-vaffBj46.css                [39m[1m[2m    0.59 kB[22m[1m[22m[2m │ gzip:   0.32 kB[22m
[2mdist/[22m[2massets/[22m[35mGuessTheNation-BPrjB6wp.css               [39m[1m[2m    0.61 kB[22m[1m[22m[2m │ gzip:   0.29 kB[22m
[2mdist/[22m[2massets/[22m[35mListQuiz-CfGTEzvO.css                     [39m[1m[2m    0.63 kB[22m[1m[22m[2m │ gzip:   0.33 kB[22m
[2mdist/[22m[2massets/[22m[35mThroughBallBoard-gTKr9BrC.css             [39m[1m[2m    0.67 kB[22m[1m[22m[2m │ gzip:   0.35 kB[22m
[2mdist/[22m[2massets/[22m[35mNbaChain-COMs1moS.css                     [39m[1m[2m    0.74 kB[22m[1m[22m[2m │ gzip:   0.37 kB[22m
[2mdist/[22m[2massets/[22m[35mBudgetBuilder-BMPKocqF.css                [39m[1m[2m    0.74 kB[22m[1m[22m[2m │ gzip:   0.33 kB[22m
[2mdist/[22m[2massets/[22m[35mGuessTennisPlayer-BJV-i7my.css            [39m[1m[2m    0.77 kB[22m[1m[22m[2m │ gzip:   0.39 kB[22m
[2mdist/[22m[2massets/[22m[35mGuessNascarDriver-B4spQIn2.css            [39m[1m[2m    0.77 kB[22m[1m[22m[2m │ gzip:   0.38 kB[22m
[2mdist/[22m[2massets/[22m[35mGuessCbbTeam-BcTI5nvh.css                 [39m[1m[2m    0.77 kB[22m[1m[22m[2m │ gzip:   0.39 kB[22m
[2mdist/[22m[2massets/[22m[35mBallIq-BjxfiyZ_.css                       [39m[1m[2m    0.78 kB[22m[1m[22m[2m │ gzip:   0.39 kB[22m
[2mdist/[22m[2massets/[22m[35mMysteryBox-6MFZ-n4f.css                   [39m[1m[2m    0.78 kB[22m[1m[22m[2m │ gzip:   0.37 kB[22m
[2mdist/[22m[2massets/[22m[35mEmojiGuess-MeLdLiyY.css                   [39m[1m[2m    0.83 kB[22m[1m[22m[2m │ gzip:   0.37 kB[22m
[2mdist/[22m[2massets/[22m[35mSearchAndDiscard-Bk7mANi4.css             [39m[1m[2m    0.83 kB[22m[1m[22m[2m │ gzip:   0.40 kB[22m
[2mdist/[22m[2massets/[22m[35mNbaStatLine-DajvjVkC.css                  [39m[1m[2m    0.85 kB[22m[1m[22m[2m │ gzip:   0.39 kB[22m
[2mdist/[22m[2massets/[22m[35mMissingNine-BLGcLOj1.css                  [39m[1m[2m    0.88 kB[22m[1m[22m[2m │ gzip:   0.42 kB[22m
[2mdist/[22m[2massets/[22m[35mLiveSimScreen-BIVdauyH.css                [39m[1m[2m    0.89 kB[22m[1m[22m[2m │ gzip:   0.46 kB[22m
[2mdist/[22m[2massets/[22m[35mF1Driver-DhrxUQx4.css                     [39m[1m[2m    0.94 kB[22m[1m[22m[2m │ gzip:   0.47 kB[22m
[2mdist/[22m[2massets/[22m[35mQuizBoard-CBcAEXDf.css                    [39m[1m[2m    1.02 kB[22m[1m[22m[2m │ gzip:   0.44 kB[22m
[2mdist/[22m[2massets/[22m[35mStatDetective-D6N_cvHt.css                [39m[1m[2m    1.08 kB[22m[1m[22m[2m │ gzip:   0.42 kB[22m
[2mdist/[22m[2massets/[22m[35musePracticeClock-ClTOd3XX.css             [39m[1m[2m    1.09 kB[22m[1m[22m[2m │ gzip:   0.37 kB[22m
[2mdist/[22m[2massets/[22m[35mGridCellLayout-D70wq1lC.css               [39m[1m[2m    1.19 kB[22m[1m[22m[2m │ gzip:   0.50 kB[22m
[2mdist/[22m[2massets/[22m[35mRankEm-Bxuyan4v.css                       [39m[1m[2m    1.33 kB[22m[1m[22m[2m │ gzip:   0.63 kB[22m
[2mdist/[22m[2massets/[22m[35mClueAuction-D9aFrid-.css                  [39m[1m[2m    1.42 kB[22m[1m[22m[2m │ gzip:   0.58 kB[22m
[2mdist/[22m[2massets/[22m[35mSetPieceBoard-BIg86Bhl.css                [39m[1m[2m    1.50 kB[22m[1m[22m[2m │ gzip:   0.61 kB[22m
[2mdist/[22m[2massets/[22m[35mGmTradeBuilder-CsXt162F.css               [39m[1m[2m    1.61 kB[22m[1m[22m[2m │ gzip:   0.48 kB[22m
[2mdist/[22m[2massets/[22m[35mNhlFrontOffice-Ce_3hBzp.css               [39m[1m[2m    2.66 kB[22m[1m[22m[2m │ gzip:   0.99 kB[22m
[2mdist/[22m[2massets/[22m[35mArcadeShotFeedback--eiU5Aah.css           [39m[1m[2m    2.94 kB[22m[1m[22m[2m │ gzip:   0.97 kB[22m
[2mdist/[22m[2massets/[22m[35mFootle-pT74gEft.css                       [39m[1m[2m    3.20 kB[22m[1m[22m[2m │ gzip:   1.02 kB[22m
[2mdist/[22m[2massets/[22m[35mAussieRulesManager-zdcvwuMp.css           [39m[1m[2m    4.10 kB[22m[1m[22m[2m │ gzip:   1.18 kB[22m
[2mdist/[22m[2massets/[22m[35musCareerSeasonReview-CstHycFO.css         [39m[1m[2m    8.78 kB[22m[1m[22m[2m │ gzip:   2.62 kB[22m
[2mdist/[22m[2massets/[22m[35mSportHub-wXzienJm.css                     [39m[1m[2m    9.45 kB[22m[1m[22m[2m │ gzip:   2.42 kB[22m
[2mdist/[22m[2massets/[22m[35mindex-CvhxZKSs.css                        [39m[1m[2m  195.22 kB[22m[1m[22m[2m │ gzip:  32.26 kB[22m
[2mdist/[22m[2massets/[22m[36mfirstDraw-DhshXfEx.js                     [39m[1m[2m    0.10 kB[22m[1m[22m[2m │ gzip:   0.10 kB[22m
[2mdist/[22m[2massets/[22m[36mChainLinkMotion.module-CU3oOeKl.js        [39m[1m[2m    0.12 kB[22m[1m[22m[2m │ gzip:   0.11 kB[22m
[2mdist/[22m[2massets/[22m[36mdialogA11y-BCgxbiii.js                    [39m[1m[2m    0.15 kB[22m[1m[22m[2m │ gzip:   0.13 kB[22m
[2mdist/[22m[2massets/[22m[36mformatNumber-CGuttX8h.js                  [39m[1m[2m    0.15 kB[22m[1m[22m[2m │ gzip:   0.15 kB[22m
[2mdist/[22m[2massets/[22m[36mskeleton-Dj-3f6yQ.js                      [39m[1m[2m    0.17 kB[22m[1m[22m[2m │ gzip:   0.16 kB[22m
[2mdist/[22m[2massets/[22m[36mclubManagerClock-C1EiWjUJ.js              [39m[1m[2m    0.25 kB[22m[1m[22m[2m │ gzip:   0.16 kB[22m
[2mdist/[22m[2massets/[22m[36mnameFold-Cxobkrgg.js                      [39m[1m[2m    0.26 kB[22m[1m[22m[2m │ gzip:   0.24 kB[22m
[2mdist/[22m[2massets/[22m[36mcareerHeadroom-B6hg86bq.js                [39m[1m[2m    0.26 kB[22m[1m[22m[2m │ gzip:   0.19 kB[22m
[2mdist/[22m[2massets/[22m[36mvalidationReason-Bdi7tqty.js              [39m[1m[2m    0.26 kB[22m[1m[22m[2m │ gzip:   0.18 kB[22m
[2mdist/[22m[2massets/[22m[36mensureAnswerInOptions-ip2BqsWb.js         [39m[1m[2m    0.27 kB[22m[1m[22m[2m │ gzip:   0.15 kB[22m
[2mdist/[22m[2massets/[22m[36mseoMetaPart08-IZEXs0WU.js                 [39m[1m[2m    0.27 kB[22m[1m[22m[2m │ gzip:   0.22 kB[22m
[2mdist/[22m[2massets/[22m[36mnotCurrentPlayers-monyGCOh.js             [39m[1m[2m    0.28 kB[22m[1m[22m[2m │ gzip:   0.24 kB[22m
[2mdist/[22m[2massets/[22m[36msoccerBootIds-BWkyFIXk.js                 [39m[1m[2m    0.29 kB[22m[1m[22m[2m │ gzip:   0.20 kB[22m
[2mdist/[22m[2massets/[22m[36museOwnedTimeouts-L3Lez0aA.js              [39m[1m[2m    0.29 kB[22m[1m[22m[2m │ gzip:   0.21 kB[22m
[2mdist/[22m[2massets/[22m[36mchevron-down-XFWPkt8R.js                  [39m[1m[2m    0.30 kB[22m[1m[22m[2m │ gzip:   0.24 kB[22m
[2mdist/[22m[2massets/[22m[36mchevron-up-WTIMRf8X.js                    [39m[1m[2m    0.30 kB[22m[1m[22m[2m │ gzip:   0.25 kB[22m
[2mdist/[22m[2massets/[22m[36museScrollToGame-hO1cdFbZ.js               [39m[1m[2m    0.30 kB[22m[1m[22m[2m │ gzip:   0.24 kB[22m
[2mdist/[22m[2massets/[22m[36marcadeRecord-Ccbsg8hp.js                  [39m[1m[2m    0.31 kB[22m[1m[22m[2m │ gzip:   0.23 kB[22m
[2mdist/[22m[2massets/[22m[36marrow-up-DapZMWM5.js                      [39m[1m[2m    0.33 kB[22m[1m[22m[2m │ gzip:   0.26 kB[22m
[2mdist/[22m[2massets/[22m[36mGridCellLayout.module-BrZZmB8D.js         [39m[1m[2m    0.33 kB[22m[1m[22m[2m │ gzip:   0.23 kB[22m
[2mdist/[22m[2massets/[22m[36marrow-left-CLeRUcJt.js                    [39m[1m[2m    0.33 kB[22m[1m[22m[2m │ gzip:   0.27 kB[22m
[2mdist/[22m[2massets/[22m[36marrow-down-BKhGGtUC.js                    [39m[1m[2m    0.33 kB[22m[1m[22m[2m │ gzip:   0.26 kB[22m
[2mdist/[22m[2massets/[22m[36mclock-BcXCkjvv.js                         [39m[1m[2m    0.35 kB[22m[1m[22m[2m │ gzip:   0.27 kB[22m
[2mdist/[22m[2massets/[22m[36mskip-forward-DyiLylYf.js                  [39m[1m[2m    0.37 kB[22m[1m[22m[2m │ gzip:   0.29 kB[22m
[2mdist/[22m[2massets/[22m[36mrotate-ccw-C0UZv6ej.js                    [39m[1m[2m    0.37 kB[22m[1m[22m[2m │ gzip:   0.29 kB[22m
[2mdist/[22m[2massets/[22m[36mfast-forward-BLdru4Q-.js                  [39m[1m[2m    0.37 kB[22m[1m[22m[2m │ gzip:   0.28 kB[22m
[2mdist/[22m[2massets/[22m[36mtrending-up-ku5FwZzy.js                   [39m[1m[2m    0.37 kB[22m[1m[22m[2m │ gzip:   0.28 kB[22m
[2mdist/[22m[2massets/[22m[36mlock-BF_EP97E.js                          [39m[1m[2m    0.38 kB[22m[1m[22m[2m │ gzip:   0.30 kB[22m
[2mdist/[22m[2massets/[22m[36mtrending-down-RM3gfAA7.js                 [39m[1m[2m    0.38 kB[22m[1m[22m[2m │ gzip:   0.28 kB[22m
[2mdist/[22m[2massets/[22m[36minfinity-BuYd5VG4.js                      [39m[1m[2m    0.38 kB[22m[1m[22m[2m │ gzip:   0.30 kB[22m
[2mdist/[22m[2massets/[22m[36mflag-6gluiTu3.js                          [39m[1m[2m    0.39 kB[22m[1m[22m[2m │ gzip:   0.31 kB[22m
[2mdist/[22m[2massets/[22m[36mbriefcase-BpjE-w-j.js                     [39m[1m[2m    0.39 kB[22m[1m[22m[2m │ gzip:   0.30 kB[22m
[2mdist/[22m[2massets/[22m[36mtarget-j5e_5HDF.js                        [39m[1m[2m    0.40 kB[22m[1m[22m[2m │ gzip:   0.27 kB[22m
[2mdist/[22m[2massets/[22m[36mshareGrids-BBcTDnrG.js                    [39m[1m[2m    0.40 kB[22m[1m[22m[2m │ gzip:   0.29 kB[22m
[2mdist/[22m[2massets/[22m[36mcopy-BMtOzLuJ.js                          [39m[1m[2m    0.41 kB[22m[1m[22m[2m │ gzip:   0.31 kB[22m
[2mdist/[22m[2massets/[22m[36mcircle-help-CMECtWWy.js                   [39m[1m[2m    0.41 kB[22m[1m[22m[2m │ gzip:   0.30 kB[22m
[2mdist/[22m[2massets/[22m[36mtimer-CjVObagS.js                         [39m[1m[2m    0.41 kB[22m[1m[22m[2m │ gzip:   0.29 kB[22m
[2mdist/[22m[2massets/[22m[36mlink-2-CC1otsKT.js                        [39m[1m[2m    0.41 kB[22m[1m[22m[2m │ gzip:   0.31 kB[22m
[2mdist/[22m[2massets/[22m[36marrow-left-right-Dps-cwYh.js              [39m[1m[2m    0.42 kB[22m[1m[22m[2m │ gzip:   0.30 kB[22m
[2mdist/[22m[2massets/[22m[36meye-Deg3VyxQ.js                           [39m[1m[2m    0.43 kB[22m[1m[22m[2m │ gzip:   0.31 kB[22m
[2mdist/[22m[2massets/[22m[36mcalendar-BIzabRSE.js                      [39m[1m[2m    0.43 kB[22m[1m[22m[2m │ gzip:   0.30 kB[22m
[2mdist/[22m[2massets/[22m[36mzap-CunCT2eo.js                           [39m[1m[2m    0.43 kB[22m[1m[22m[2m │ gzip:   0.31 kB[22m
[2mdist/[22m[2massets/[22m[36mlightbulb-qRPXLGrx.js                     [39m[1m[2m    0.46 kB[22m[1m[22m[2m │ gzip:   0.33 kB[22m
[2mdist/[22m[2massets/[22m[36msend-C0f5eiJ0.js                          [39m[1m[2m    0.46 kB[22m[1m[22m[2m │ gzip:   0.33 kB[22m
[2mdist/[22m[2massets/[22m[36musers-wx8xdm_W.js                         [39m[1m[2m    0.47 kB[22m[1m[22m[2m │ gzip:   0.33 kB[22m
[2mdist/[22m[2massets/[22m[36mshield-half-Bqqrdxl6.js                   [39m[1m[2m    0.48 kB[22m[1m[22m[2m │ gzip:   0.35 kB[22m
[2mdist/[22m[2massets/[22m[36mheart-pulse-DAu520iJ.js                   [39m[1m[2m    0.49 kB[22m[1m[22m[2m │ gzip:   0.36 kB[22m
[2mdist/[22m[2massets/[22m[36marcade-CUT7KVjC.js                        [39m[1m[2m    0.49 kB[22m[1m[22m[2m │ gzip:   0.32 kB[22m
[2mdist/[22m[2massets/[22m[36mReferenceSources-cBj_I1RV.js              [39m[1m[2m    0.49 kB[22m[1m[22m[2m │ gzip:   0.36 kB[22m
[2mdist/[22m[2massets/[22m[36mgraduation-cap-m0cXOn7c.js                [39m[1m[2m    0.50 kB[22m[1m[22m[2m │ gzip:   0.35 kB[22m
[2mdist/[22m[2massets/[22m[36mseoMetaPart20-D3Jt8qZ_.js                 [39m[1m[2m    0.50 kB[22m[1m[22m[2m │ gzip:   0.34 kB[22m
[2mdist/[22m[2massets/[22m[36mentityIds-L4Nd6Y8C.js                     [39m[1m[2m    0.51 kB[22m[1m[22m[2m │ gzip:   0.34 kB[22m
[2mdist/[22m[2massets/[22m[36mseoMetaPart07-ympky3rW.js                 [39m[1m[2m    0.51 kB[22m[1m[22m[2m │ gzip:   0.35 kB[22m
[2mdist/[22m[2massets/[22m[36mnewspaper-B1WxEGSE.js                     [39m[1m[2m    0.51 kB[22m[1m[22m[2m │ gzip:   0.34 kB[22m
[2mdist/[22m[2massets/[22m[36mseoMetaPart13-Ig-3KGy2.js                 [39m[1m[2m    0.51 kB[22m[1m[22m[2m │ gzip:   0.34 kB[22m
[2mdist/[22m[2massets/[22m[36mseoMetaPart31-BPitkLcI.js                 [39m[1m[2m    0.52 kB[22m[1m[22m[2m │ gzip:   0.35 kB[22m
[2mdist/[22m[2massets/[22m[36mtrash-2-DSPolHlV.js                       [39m[1m[2m    0.53 kB[22m[1m[22m[2m │ gzip:   0.35 kB[22m
[2mdist/[22m[2massets/[22m[36mcrown-C7hMVzCN.js                         [39m[1m[2m    0.53 kB[22m[1m[22m[2m │ gzip:   0.36 kB[22m
[2mdist/[22m[2massets/[22m[36mshuffle-BUUozhit.js                       [39m[1m[2m    0.55 kB[22m[1m[22m[2m │ gzip:   0.35 kB[22m
[2mdist/[22m[2massets/[22m[36mpackage-BYNgIBR6.js                       [39m[1m[2m    0.56 kB[22m[1m[22m[2m │ gzip:   0.36 kB[22m
[2mdist/[22m[2massets/[22m[36mdailyRecord-CX9SdYxa.js                   [39m[1m[2m    0.56 kB[22m[1m[22m[2m │ gzip:   0.34 kB[22m
[2mdist/[22m[2massets/[22m[36mclipboard-list-ByeBlI8s.js                [39m[1m[2m    0.58 kB[22m[1m[22m[2m │ gzip:   0.36 kB[22m
[2mdist/[22m[2massets/[22m[36mmedal-DolaFqrv.js                         [39m[1m[2m    0.60 kB[22m[1m[22m[2m │ gzip:   0.39 kB[22m
[2mdist/[22m[2massets/[22m[36mhandshake-CFJN30LY.js                     [39m[1m[2m    0.62 kB[22m[1m[22m[2m │ gzip:   0.39 kB[22m
[2mdist/[22m[2massets/[22m[36mstar-B23bepek.js                          [39m[1m[2m    0.64 kB[22m[1m[22m[2m │ gzip:   0.40 kB[22m
[2mdist/[22m[2massets/[22m[36mfetchQuizBoard-ehIn8X3Y.js                [39m[1m[2m    0.66 kB[22m[1m[22m[2m │ gzip:   0.43 kB[22m
[2mdist/[22m[2massets/[22m[36mleagueCore--DUG-EXw.js                    [39m[1m[2m    0.67 kB[22m[1m[22m[2m │ gzip:   0.43 kB[22m
[2mdist/[22m[2massets/[22m[36mbadge-KEdL6CsM.js                         [39m[1m[2m    0.71 kB[22m[1m[22m[2m │ gzip:   0.37 kB[22m
[2mdist/[22m[2massets/[22m[36mswords-SqjOGe8f.js                        [39m[1m[2m    0.72 kB[22m[1m[22m[2m │ gzip:   0.39 kB[22m
[2mdist/[22m[2massets/[22m[36mdumbbell-BVFyi1zb.js                      [39m[1m[2m    0.73 kB[22m[1m[22m[2m │ gzip:   0.40 kB[22m
[2mdist/[22m[2massets/[22m[36mseoMetaPart02-BYbZNxRj.js                 [39m[1m[2m    0.74 kB[22m[1m[22m[2m │ gzip:   0.44 kB[22m
[2mdist/[22m[2massets/[22m[36mseoMetaPart10-CPgkU0Ug.js                 [39m[1m[2m    0.75 kB[22m[1m[22m[2m │ gzip:   0.46 kB[22m
[2mdist/[22m[2massets/[22m[36mseoMetaPart16-CmMlK9Np.js                 [39m[1m[2m    0.75 kB[22m[1m[22m[2m │ gzip:   0.45 kB[22m
[2mdist/[22m[2massets/[22m[36mseoMetaPart00-CuVEcdvG.js                 [39m[1m[2m    0.75 kB[22m[1m[22m[2m │ gzip:   0.46 kB[22m
[2mdist/[22m[2massets/[22m[36mseoMetaPart01-DtjgkM8Q.js                 [39m[1m[2m    0.75 kB[22m[1m[22m[2m │ gzip:   0.45 kB[22m
[2mdist/[22m[2massets/[22m[36mseoMetaPart11-oLlb_0nk.js                 [39m[1m[2m    0.75 kB[22m[1m[22m[2m │ gzip:   0.45 kB[22m
[2mdist/[22m[2massets/[22m[36mseoMetaPart03-BOxIFoUd.js                 [39m[1m[2m    0.76 kB[22m[1m[22m[2m │ gzip:   0.47 kB[22m
[2mdist/[22m[2massets/[22m[36mgmDealTable-DYyD4N4_.js                   [39m[1m[2m    0.77 kB[22m[1m[22m[2m │ gzip:   0.44 kB[22m
[2mdist/[22m[2massets/[22m[36mgamepad-2-DBekV-Lx.js                     [39m[1m[2m    0.79 kB[22m[1m[22m[2m │ gzip:   0.49 kB[22m
[2mdist/[22m[2massets/[22m[36museGameCompletion-WLNGAK-x.js             [39m[1m[2m    0.81 kB[22m[1m[22m[2m │ gzip:   0.50 kB[22m
[2mdist/[22m[2massets/[22m[36mRestoredResult-C_FWGcJG.js                [39m[1m[2m    0.86 kB[22m[1m[22m[2m │ gzip:   0.43 kB[22m
[2mdist/[22m[2massets/[22m[36mfetchAllRows-j9lWsF9F.js                  [39m[1m[2m    0.86 kB[22m[1m[22m[2m │ gzip:   0.42 kB[22m
[2mdist/[22m[2massets/[22m[36mcareerEngine-C0YCb0dd.js                  [39m[1m[2m    0.86 kB[22m[1m[22m[2m │ gzip:   0.47 kB[22m
[2mdist/[22m[2massets/[22m[36musCareerReveal-BW47Ke0-.js                [39m[1m[2m    0.94 kB[22m[1m[22m[2m │ gzip:   0.58 kB[22m
[2mdist/[22m[2massets/[22m[36mseoMetaPart24-CQTtSrLB.js                 [39m[1m[2m    0.98 kB[22m[1m[22m[2m │ gzip:   0.56 kB[22m
[2mdist/[22m[2massets/[22m[36mcard-Jeij6-fg.js                          [39m[1m[2m    0.99 kB[22m[1m[22m[2m │ gzip:   0.38 kB[22m
[2mdist/[22m[2massets/[22m[36mseoMetaPart04-DRX4FtX_.js                 [39m[1m[2m    0.99 kB[22m[1m[22m[2m │ gzip:   0.55 kB[22m
[2mdist/[22m[2massets/[22m[36mseoMetaPart15-9v6Tzod_.js                 [39m[1m[2m    0.99 kB[22m[1m[22m[2m │ gzip:   0.53 kB[22m
[2mdist/[22m[2massets/[22m[36mseoMetaPart18-Beou92RL.js                 [39m[1m[2m    0.99 kB[22m[1m[22m[2m │ gzip:   0.57 kB[22m
[2mdist/[22m[2massets/[22m[36mseoMetaPart23-RMiEDEGg.js                 [39m[1m[2m    1.00 kB[22m[1m[22m[2m │ gzip:   0.55 kB[22m
[2mdist/[22m[2massets/[22m[36mseoMetaPart19-CpToAW9C.js                 [39m[1m[2m    1.00 kB[22m[1m[22m[2m │ gzip:   0.55 kB[22m
[2mdist/[22m[2massets/[22m[36mseoMetaPart25-Cf_pDGZt.js                 [39m[1m[2m    1.00 kB[22m[1m[22m[2m │ gzip:   0.56 kB[22m
[2mdist/[22m[2massets/[22m[36mseoMetaPart21-BhVVnIEN.js                 [39m[1m[2m    1.01 kB[22m[1m[22m[2m │ gzip:   0.54 kB[22m
[2mdist/[22m[2massets/[22m[36mseoMetaPart05-BnXoXrsk.js                 [39m[1m[2m    1.01 kB[22m[1m[22m[2m │ gzip:   0.59 kB[22m
[2mdist/[22m[2massets/[22m[36mseoMetaPart22-S-3F3LJ6.js                 [39m[1m[2m    1.01 kB[22m[1m[22m[2m │ gzip:   0.59 kB[22m
[2mdist/[22m[2massets/[22m[36mGuessFinish-Bv7Wv1Ol.js                   [39m[1m[2m    1.13 kB[22m[1m[22m[2m │ gzip:   0.60 kB[22m
[2mdist/[22m[2massets/[22m[36mfetchCareerPlayers-BX5QyjIZ.js            [39m[1m[2m    1.16 kB[22m[1m[22m[2m │ gzip:   0.57 kB[22m
[2mdist/[22m[2massets/[22m[36mchemistry-DIs7dgmv.js                     [39m[1m[2m    1.19 kB[22m[1m[22m[2m │ gzip:   0.58 kB[22m
[2mdist/[22m[2massets/[22m[36mGiveUpButton-B8Siuw9d.js                  [39m[1m[2m    1.19 kB[22m[1m[22m[2m │ gzip:   0.54 kB[22m
[2mdist/[22m[2massets/[22m[36mseoMetaPart06-N4xfX3Sj.js                 [39m[1m[2m    1.20 kB[22m[1m[22m[2m │ gzip:   0.58 kB[22m
[2mdist/[22m[2massets/[22m[36mseoMetaPart14-Ca8w5qDt.js                 [39m[1m[2m    1.21 kB[22m[1m[22m[2m │ gzip:   0.61 kB[22m
[2mdist/[22m[2massets/[22m[36mseoMetaPart12-BEzM79-p.js                 [39m[1m[2m    1.21 kB[22m[1m[22m[2m │ gzip:   0.67 kB[22m
[2mdist/[22m[2massets/[22m[36mseoMetaPart27-CP2Svxjt.js                 [39m[1m[2m    1.22 kB[22m[1m[22m[2m │ gzip:   0.65 kB[22m
[2mdist/[22m[2massets/[22m[36mseoMetaPart28-g2Jhz3O3.js                 [39m[1m[2m    1.22 kB[22m[1m[22m[2m │ gzip:   0.67 kB[22m
[2mdist/[22m[2massets/[22m[36mClubManagerTreatmentPanel-CA6gIysl.js     [39m[1m[2m    1.23 kB[22m[1m[22m[2m │ gzip:   0.73 kB[22m
[2mdist/[22m[2massets/[22m[36mGameShell-DlGg5GJq.js                     [39m[1m[2m    1.30 kB[22m[1m[22m[2m │ gzip:   0.69 kB[22m
[2mdist/[22m[2massets/[22m[36mGridBoardSkeleton-WV_Kq02g.js             [39m[1m[2m    1.32 kB[22m[1m[22m[2m │ gzip:   0.60 kB[22m
[2mdist/[22m[2massets/[22m[36mconfederationGroups-C8t7eDxb.js           [39m[1m[2m    1.34 kB[22m[1m[22m[2m │ gzip:   0.70 kB[22m
[2mdist/[22m[2massets/[22m[36mHowToPlayPopover-DE8XdzXs.js              [39m[1m[2m    1.36 kB[22m[1m[22m[2m │ gzip:   0.77 kB[22m
[2mdist/[22m[2massets/[22m[36mHubTiles-Q1i5yE7C.js                      [39m[1m[2m    1.39 kB[22m[1m[22m[2m │ gzip:   0.60 kB[22m
[2mdist/[22m[2massets/[22m[36mpositionFit-BbUnYZIs.js                   [39m[1m[2m    1.42 kB[22m[1m[22m[2m │ gzip:   0.67 kB[22m
[2mdist/[22m[2massets/[22m[36mRulesGate-v5k-kTZP.js                     [39m[1m[2m    1.42 kB[22m[1m[22m[2m │ gzip:   0.81 kB[22m
[2mdist/[22m[2massets/[22m[36mseoMetaPart29-DFpfKJo-.js                 [39m[1m[2m    1.47 kB[22m[1m[22m[2m │ gzip:   0.73 kB[22m
[2mdist/[22m[2massets/[22m[36museArcadeFlight-CAr_5D8C.js               [39m[1m[2m    1.51 kB[22m[1m[22m[2m │ gzip:   0.66 kB[22m
[2mdist/[22m[2massets/[22m[36mCelebration-CuA2-pJC.js                   [39m[1m[2m    1.53 kB[22m[1m[22m[2m │ gzip:   0.82 kB[22m
[2mdist/[22m[2massets/[22m[36mfoSchedule-BzpgxJRf.js                    [39m[1m[2m    1.57 kB[22m[1m[22m[2m │ gzip:   0.89 kB[22m
[2mdist/[22m[2massets/[22m[36msmartSearch-DxQivxxe.js                   [39m[1m[2m    1.58 kB[22m[1m[22m[2m │ gzip:   0.71 kB[22m
[2mdist/[22m[2massets/[22m[36mdeskCue-Bp_YatCk.js                       [39m[1m[2m    1.62 kB[22m[1m[22m[2m │ gzip:   0.91 kB[22m
[2mdist/[22m[2massets/[22m[36msilverwareSort-B3UQTiob.js                [39m[1m[2m    1.63 kB[22m[1m[22m[2m │ gzip:   0.82 kB[22m
[2mdist/[22m[2massets/[22m[36mGameHelp-BF13NPpS.js                      [39m[1m[2m    1.65 kB[22m[1m[22m[2m │ gzip:   0.79 kB[22m
[2mdist/[22m[2massets/[22m[36musePracticeClock-BC1qCy8e.js              [39m[1m[2m    1.66 kB[22m[1m[22m[2m │ gzip:   0.83 kB[22m
[2mdist/[22m[2massets/[22m[36mseoMetaPart26-BXx6PSW7.js                 [39m[1m[2m    1.71 kB[22m[1m[22m[2m │ gzip:   0.90 kB[22m
[2mdist/[22m[2massets/[22m[36mTeamTalkRow-oKcCS9iP.js                   [39m[1m[2m    1.73 kB[22m[1m[22m[2m │ gzip:   0.93 kB[22m
[2mdist/[22m[2massets/[22m[36mmlbGrid-CUXAH2Pd.js                       [39m[1m[2m    1.83 kB[22m[1m[22m[2m │ gzip:   0.75 kB[22m
[2mdist/[22m[2massets/[22m[36mWonderkidFactory-DWquKMFS.js              [39m[1m[2m    1.85 kB[22m[1m[22m[2m │ gzip:   0.94 kB[22m
[2mdist/[22m[2massets/[22m[36mclubManagerMeters-CxB8bnpJ.js             [39m[1m[2m    1.87 kB[22m[1m[22m[2m │ gzip:   1.00 kB[22m
[2mdist/[22m[2massets/[22m[36mhockeyGrid-B7qpjInK.js                    [39m[1m[2m    1.92 kB[22m[1m[22m[2m │ gzip:   0.80 kB[22m
[2mdist/[22m[2massets/[22m[36mCareerFx-JZXPFzcN.js                      [39m[1m[2m    1.93 kB[22m[1m[22m[2m │ gzip:   1.03 kB[22m
[2mdist/[22m[2massets/[22m[36museRevealScroll-Bk63h-Y4.js               [39m[1m[2m    1.94 kB[22m[1m[22m[2m │ gzip:   0.80 kB[22m
[2mdist/[22m[2massets/[22m[36mseoMetaPart30-C2bf-ABQ.js                 [39m[1m[2m    1.94 kB[22m[1m[22m[2m │ gzip:   0.96 kB[22m
[2mdist/[22m[2massets/[22m[36mMetersStrip-KjqLfUxq.js                   [39m[1m[2m    1.94 kB[22m[1m[22m[2m │ gzip:   1.00 kB[22m
[2mdist/[22m[2massets/[22m[36mfreeKick-BSoL5hQo.js                      [39m[1m[2m    1.94 kB[22m[1m[22m[2m │ gzip:   1.10 kB[22m
[2mdist/[22m[2massets/[22m[36mseoMetaPart17-DdtdxoPB.js                 [39m[1m[2m    1.94 kB[22m[1m[22m[2m │ gzip:   0.96 kB[22m
[2mdist/[22m[2massets/[22m[36mArcadeShotFeedback-BS_NV2Jz.js            [39m[1m[2m    1.96 kB[22m[1m[22m[2m │ gzip:   0.93 kB[22m
[2mdist/[22m[2massets/[22m[36mcareerHallSpeech--c00QZ2J.js              [39m[1m[2m    1.96 kB[22m[1m[22m[2m │ gzip:   1.03 kB[22m
[2mdist/[22m[2massets/[22m[36msoccerBoots-BK_dXNrV.js                   [39m[1m[2m    2.02 kB[22m[1m[22m[2m │ gzip:   0.99 kB[22m
[2mdist/[22m[2massets/[22m[36mAdBanner-Cx5Ti54A.js                      [39m[1m[2m    2.04 kB[22m[1m[22m[2m │ gzip:   1.08 kB[22m
[2mdist/[22m[2massets/[22m[36mConnect4Finish-CPXkb9bb.js                [39m[1m[2m    2.06 kB[22m[1m[22m[2m │ gzip:   0.91 kB[22m
[2mdist/[22m[2massets/[22m[36mCelebrationStyles-B9i8_iKU.js             [39m[1m[2m    2.13 kB[22m[1m[22m[2m │ gzip:   0.72 kB[22m
[2mdist/[22m[2massets/[22m[36mAcademyProspects-q6iP4MSw.js              [39m[1m[2m    2.15 kB[22m[1m[22m[2m │ gzip:   1.00 kB[22m
[2mdist/[22m[2massets/[22m[36mseoMetaPart09-DnyHg2Rd.js                 [39m[1m[2m    2.17 kB[22m[1m[22m[2m │ gzip:   1.05 kB[22m
[2mdist/[22m[2massets/[22m[36mPerfectLineupNba-B--jCBuM.js              [39m[1m[2m    2.24 kB[22m[1m[22m[2m │ gzip:   1.11 kB[22m
[2mdist/[22m[2massets/[22m[36mResultScreen-FiRQJtAs.js                  [39m[1m[2m    2.28 kB[22m[1m[22m[2m │ gzip:   1.15 kB[22m
[2mdist/[22m[2massets/[22m[36mfrontOfficeSave-DokBHTSA.js               [39m[1m[2m    2.37 kB[22m[1m[22m[2m │ gzip:   1.07 kB[22m
[2mdist/[22m[2massets/[22m[36mgridEngine-Bcm-hC1l.js                    [39m[1m[2m    2.38 kB[22m[1m[22m[2m │ gzip:   1.24 kB[22m
[2mdist/[22m[2massets/[22m[36mDailyLegendOverlay-CfZTSb3n.js            [39m[1m[2m    2.39 kB[22m[1m[22m[2m │ gzip:   1.22 kB[22m
[2mdist/[22m[2massets/[22m[36mClubManagerBoardPanel-DhjtSy_W.js         [39m[1m[2m    2.50 kB[22m[1m[22m[2m │ gzip:   1.01 kB[22m
[2mdist/[22m[2massets/[22m[36mPostGameStats-CNSMW9CX.js                 [39m[1m[2m    2.52 kB[22m[1m[22m[2m │ gzip:   1.18 kB[22m
[2mdist/[22m[2massets/[22m[36mcareerAwardsNight-BDQnO6dK.js             [39m[1m[2m    2.57 kB[22m[1m[22m[2m │ gzip:   1.27 kB[22m
[2mdist/[22m[2massets/[22m[36mAdminLogin-BSwJHAjP.js                    [39m[1m[2m    2.59 kB[22m[1m[22m[2m │ gzip:   1.23 kB[22m
[2mdist/[22m[2massets/[22m[36mLeagueTableCard-YP7wVX7G.js               [39m[1m[2m    2.86 kB[22m[1m[22m[2m │ gzip:   1.01 kB[22m
[2mdist/[22m[2massets/[22m[36mReportQuestion-DHKSYLOt.js                [39m[1m[2m    2.92 kB[22m[1m[22m[2m │ gzip:   1.33 kB[22m
[2mdist/[22m[2massets/[22m[36mconquestDataMlb-B4MKOeDm.js               [39m[1m[2m    2.93 kB[22m[1m[22m[2m │ gzip:   1.22 kB[22m
[2mdist/[22m[2massets/[22m[36mnbaCareerTraining-DI1uPHuS.js             [39m[1m[2m    3.02 kB[22m[1m[22m[2m │ gzip:   1.60 kB[22m
[2mdist/[22m[2massets/[22m[36msearchDiscard-BPy1uknw.js                 [39m[1m[2m    3.05 kB[22m[1m[22m[2m │ gzip:   1.58 kB[22m
[2mdist/[22m[2massets/[22m[36mdailySaveShapes-CmYZfx9m.js               [39m[1m[2m    3.05 kB[22m[1m[22m[2m │ gzip:   1.46 kB[22m
[2mdist/[22m[2massets/[22m[36mconquestDataNhl-BBvewyKz.js               [39m[1m[2m    3.06 kB[22m[1m[22m[2m │ gzip:   1.26 kB[22m
[2mdist/[22m[2massets/[22m[36mtennisHLPlayers-DIbH8knL.js               [39m[1m[2m    3.07 kB[22m[1m[22m[2m │ gzip:   0.88 kB[22m
[2mdist/[22m[2massets/[22m[36mconquestMapGeometry-DMIJk1yA.js           [39m[1m[2m    3.10 kB[22m[1m[22m[2m │ gzip:   1.42 kB[22m
[2mdist/[22m[2massets/[22m[36mlocalLineupEval-DbirORQo.js               [39m[1m[2m    3.11 kB[22m[1m[22m[2m │ gzip:   1.50 kB[22m
[2mdist/[22m[2massets/[22m[36mFarewellCard-T2KHZ2aD.js                  [39m[1m[2m    3.12 kB[22m[1m[22m[2m │ gzip:   1.46 kB[22m
[2mdist/[22m[2massets/[22m[36museDailyPuzzle-NQ4LMxHa.js                [39m[1m[2m    3.13 kB[22m[1m[22m[2m │ gzip:   1.37 kB[22m
[2mdist/[22m[2massets/[22m[36mtabs-CBNR357Y.js                          [39m[1m[2m    3.19 kB[22m[1m[22m[2m │ gzip:   1.35 kB[22m
[2mdist/[22m[2massets/[22m[36mNbaGauntletDraft-CGK5uPOD.js              [39m[1m[2m    3.23 kB[22m[1m[22m[2m │ gzip:   1.56 kB[22m
[2mdist/[22m[2massets/[22m[36mGridBoard-C0V0UIFb.js                     [39m[1m[2m    3.25 kB[22m[1m[22m[2m │ gzip:   1.23 kB[22m
[2mdist/[22m[2massets/[22m[36mdealPlayers-BKHNoMCT.js                   [39m[1m[2m    3.27 kB[22m[1m[22m[2m │ gzip:   1.88 kB[22m
[2mdist/[22m[2massets/[22m[36mContact-DqYCQqE8.js                       [39m[1m[2m    3.37 kB[22m[1m[22m[2m │ gzip:   1.35 kB[22m
[2mdist/[22m[2massets/[22m[36mAcademyLegacyPanel-DF8Ct5BW.js            [39m[1m[2m    3.43 kB[22m[1m[22m[2m │ gzip:   1.42 kB[22m
[2mdist/[22m[2massets/[22m[36mUclGroupsCard-BsW-D0Ym.js                 [39m[1m[2m    3.47 kB[22m[1m[22m[2m │ gzip:   1.61 kB[22m
[2mdist/[22m[2massets/[22m[36mmlbCareerTraining-d3oRBa8P.js             [39m[1m[2m    3.50 kB[22m[1m[22m[2m │ gzip:   1.82 kB[22m
[2mdist/[22m[2massets/[22m[36mnflCareerTraining-DpC7msep.js             [39m[1m[2m    3.58 kB[22m[1m[22m[2m │ gzip:   1.80 kB[22m
[2mdist/[22m[2massets/[22m[36mNflGauntletDraft-EVhZoMzQ.js              [39m[1m[2m    3.59 kB[22m[1m[22m[2m │ gzip:   1.70 kB[22m
[2mdist/[22m[2massets/[22m[36mdartDraft-D-AZemt6.js                     [39m[1m[2m    3.60 kB[22m[1m[22m[2m │ gzip:   1.80 kB[22m
[2mdist/[22m[2massets/[22m[36mnhlCareerTraining-CwlpB6eA.js             [39m[1m[2m    3.66 kB[22m[1m[22m[2m │ gzip:   1.89 kB[22m
[2mdist/[22m[2massets/[22m[36mVictoryMoment-CgjJ2sBA.js                 [39m[1m[2m    3.67 kB[22m[1m[22m[2m │ gzip:   1.30 kB[22m
[2mdist/[22m[2massets/[22m[36mGameNav-CNBsNlp6.js                       [39m[1m[2m    3.70 kB[22m[1m[22m[2m │ gzip:   1.72 kB[22m
[2mdist/[22m[2massets/[22m[36mResultMoment-cvExVhxL.js                  [39m[1m[2m    3.75 kB[22m[1m[22m[2m │ gzip:   1.41 kB[22m
[2mdist/[22m[2massets/[22m[36mManagerSlotsScreen-C5WUnPMy.js            [39m[1m[2m    3.81 kB[22m[1m[22m[2m │ gzip:   1.27 kB[22m
[2mdist/[22m[2massets/[22m[36mgauntletEngine-BFRoGWeA.js                [39m[1m[2m    3.87 kB[22m[1m[22m[2m │ gzip:   1.72 kB[22m
[2mdist/[22m[2massets/[22m[36mStartOptionsScreen-ButcvCjp.js            [39m[1m[2m    3.87 kB[22m[1m[22m[2m │ gzip:   1.48 kB[22m
[2mdist/[22m[2massets/[22m[36mResetPassword-CF4EZNja.js                 [39m[1m[2m    3.91 kB[22m[1m[22m[2m │ gzip:   1.76 kB[22m
[2mdist/[22m[2massets/[22m[36mNhlGauntletDraft-KQ3eadxt.js              [39m[1m[2m    3.93 kB[22m[1m[22m[2m │ gzip:   1.78 kB[22m
[2mdist/[22m[2massets/[22m[36mDraftNightCard-Th_7yjS6.js                [39m[1m[2m    3.94 kB[22m[1m[22m[2m │ gzip:   1.66 kB[22m
[2mdist/[22m[2massets/[22m[36mConquestMlb-DDsz2eCW.js                   [39m[1m[2m    3.95 kB[22m[1m[22m[2m │ gzip:   1.88 kB[22m
[2mdist/[22m[2massets/[22m[36mConquestNhl-DzDvxmus.js                   [39m[1m[2m    3.99 kB[22m[1m[22m[2m │ gzip:   1.90 kB[22m
[2mdist/[22m[2massets/[22m[36mFacilitiesScreen-BNiItChf.js              [39m[1m[2m    4.00 kB[22m[1m[22m[2m │ gzip:   1.84 kB[22m
[2mdist/[22m[2massets/[22m[36musCareerFreeAgency-_7gDtE9W.js            [39m[1m[2m    4.10 kB[22m[1m[22m[2m │ gzip:   1.91 kB[22m
[2mdist/[22m[2massets/[22m[36mPacksPanel-ChAcK7rB.js                    [39m[1m[2m    4.36 kB[22m[1m[22m[2m │ gzip:   1.70 kB[22m
[2mdist/[22m[2massets/[22m[36mShootoutKicks-Bgz7yEhF.js                 [39m[1m[2m    4.43 kB[22m[1m[22m[2m │ gzip:   1.89 kB[22m
[2mdist/[22m[2massets/[22m[36mmlbHLPlayers-DHB7Z7Uh.js                  [39m[1m[2m    4.45 kB[22m[1m[22m[2m │ gzip:   1.12 kB[22m
[2mdist/[22m[2massets/[22m[36mXpScreen-DKG2J5k6.js                      [39m[1m[2m    4.50 kB[22m[1m[22m[2m │ gzip:   1.99 kB[22m
[2mdist/[22m[2massets/[22m[36mPressScreen-DAxbUro_.js                   [39m[1m[2m    4.57 kB[22m[1m[22m[2m │ gzip:   1.90 kB[22m
[2mdist/[22m[2massets/[22m[36mperfectSeason-aQ8dqvt_.js                 [39m[1m[2m    4.61 kB[22m[1m[22m[2m │ gzip:   2.11 kB[22m
[2mdist/[22m[2massets/[22m[36mRecords-DjUpgKns.js                       [39m[1m[2m    4.76 kB[22m[1m[22m[2m │ gzip:   1.79 kB[22m
[2mdist/[22m[2massets/[22m[36mthroughBallDrill-B9fNBoXH.js              [39m[1m[2m    4.78 kB[22m[1m[22m[2m │ gzip:   2.31 kB[22m
[2mdist/[22m[2massets/[22m[36mUclBracketCard-C2HgIGeq.js                [39m[1m[2m    4.79 kB[22m[1m[22m[2m │ gzip:   1.96 kB[22m
[2mdist/[22m[2massets/[22m[36mchampOrNot-BceOPahS.js                    [39m[1m[2m    4.98 kB[22m[1m[22m[2m │ gzip:   1.77 kB[22m
[2mdist/[22m[2massets/[22m[36maflGoalKickers-BGnz1-kA.js                [39m[1m[2m    5.10 kB[22m[1m[22m[2m │ gzip:   1.41 kB[22m
[2mdist/[22m[2massets/[22m[36mf1HLDrivers-81Ps6THm.js                   [39m[1m[2m    5.13 kB[22m[1m[22m[2m │ gzip:   1.31 kB[22m
[2mdist/[22m[2massets/[22m[36mAccessibility-BbwcuOv0.js                 [39m[1m[2m    5.17 kB[22m[1m[22m[2m │ gzip:   2.11 kB[22m
[2mdist/[22m[2massets/[22m[36mnbaPerfectLineupPool-CcCQ221O.js          [39m[1m[2m    5.24 kB[22m[1m[22m[2m │ gzip:   1.59 kB[22m
[2mdist/[22m[2massets/[22m[36mHallOfFameCard-0bMxTwBa.js                [39m[1m[2m    5.35 kB[22m[1m[22m[2m │ gzip:   2.22 kB[22m
[2mdist/[22m[2massets/[22m[36mPlayerAutocomplete-BzuSk2XL.js            [39m[1m[2m    5.39 kB[22m[1m[22m[2m │ gzip:   2.42 kB[22m
[2mdist/[22m[2massets/[22m[36mguideShape-CWgffNoN.js                    [39m[1m[2m    5.40 kB[22m[1m[22m[2m │ gzip:   1.69 kB[22m
[2mdist/[22m[2massets/[22m[36mwc2026Results-bxFApXs8.js                 [39m[1m[2m    5.44 kB[22m[1m[22m[2m │ gzip:   1.24 kB[22m
[2mdist/[22m[2massets/[22m[36mbadges-B4yRY9PO.js                        [39m[1m[2m    5.77 kB[22m[1m[22m[2m │ gzip:   2.29 kB[22m
[2mdist/[22m[2massets/[22m[36mFlagImg-CjlaBuXr.js                       [39m[1m[2m    5.83 kB[22m[1m[22m[2m │ gzip:   2.97 kB[22m
[2mdist/[22m[2massets/[22m[36mWorldEditorScreen-V6jvM0VF.js             [39m[1m[2m    5.94 kB[22m[1m[22m[2m │ gzip:   2.33 kB[22m
[2mdist/[22m[2massets/[22m[36mcfbHLPlayers-TgDMTX1-.js                  [39m[1m[2m    6.03 kB[22m[1m[22m[2m │ gzip:   1.62 kB[22m
[2mdist/[22m[2massets/[22m[36mcareerRivalryChoices-ChY19QRl.js          [39m[1m[2m    6.13 kB[22m[1m[22m[2m │ gzip:   2.53 kB[22m
[2mdist/[22m[2massets/[22m[36msoccerCareerAppearance-BF4Z2JDW.js        [39m[1m[2m    6.14 kB[22m[1m[22m[2m │ gzip:   2.56 kB[22m
[2mdist/[22m[2massets/[22m[36mWorldTablesCard-CUAb47DO.js               [39m[1m[2m    6.26 kB[22m[1m[22m[2m │ gzip:   2.51 kB[22m
[2mdist/[22m[2massets/[22m[36mHigherLowerTransfers-_0i0ZOkT.js          [39m[1m[2m    6.31 kB[22m[1m[22m[2m │ gzip:   2.83 kB[22m
[2mdist/[22m[2massets/[22m[36mPerfectLineupF1-B3ZzUfwy.js               [39m[1m[2m    6.34 kB[22m[1m[22m[2m │ gzip:   2.21 kB[22m
[2mdist/[22m[2massets/[22m[36mHalftimeScreen-DNUFlJR0.js                [39m[1m[2m    6.39 kB[22m[1m[22m[2m │ gzip:   2.27 kB[22m
[2mdist/[22m[2massets/[22m[36mCupBracketCard-Gj3lOrSD.js                [39m[1m[2m    6.40 kB[22m[1m[22m[2m │ gzip:   2.75 kB[22m
[2mdist/[22m[2massets/[22m[36mgolfLegends-wbmLaE0U.js                   [39m[1m[2m    6.42 kB[22m[1m[22m[2m │ gzip:   1.43 kB[22m
[2mdist/[22m[2massets/[22m[36mFirstTeamPanel-vy6r7xAQ.js                [39m[1m[2m    6.43 kB[22m[1m[22m[2m │ gzip:   2.33 kB[22m
[2mdist/[22m[2massets/[22m[36mhockeyHLPlayers-BftZ_j6A.js               [39m[1m[2m    6.65 kB[22m[1m[22m[2m │ gzip:   1.44 kB[22m
[2mdist/[22m[2massets/[22m[36mAbout-B0nGRkUE.js                         [39m[1m[2m    6.74 kB[22m[1m[22m[2m │ gzip:   2.55 kB[22m
[2mdist/[22m[2massets/[22m[36mGameSeoContent-G4D2E75i.js                [39m[1m[2m    6.83 kB[22m[1m[22m[2m │ gzip:   2.28 kB[22m
[2mdist/[22m[2massets/[22m[36mwhoAmI-JzPvZGdT.js                        [39m[1m[2m    6.83 kB[22m[1m[22m[2m │ gzip:   2.84 kB[22m
[2mdist/[22m[2massets/[22m[36mHomelandSelect-C_7kIhQ3.js                [39m[1m[2m    6.84 kB[22m[1m[22m[2m │ gzip:   2.64 kB[22m
[2mdist/[22m[2massets/[22m[36mBootRoom-BN0pU3qn.js                      [39m[1m[2m    6.84 kB[22m[1m[22m[2m │ gzip:   2.57 kB[22m
[2mdist/[22m[2massets/[22m[36mPerfectLineupNhl-CaXqJe-a.js              [39m[1m[2m    6.89 kB[22m[1m[22m[2m │ gzip:   2.44 kB[22m
[2mdist/[22m[2massets/[22m[36mManagerForm-B43HjVly.js                   [39m[1m[2m    6.93 kB[22m[1m[22m[2m │ gzip:   2.37 kB[22m
[2mdist/[22m[2massets/[22m[36mMatchCentre-l1Hp68hw.js                   [39m[1m[2m    7.00 kB[22m[1m[22m[2m │ gzip:   2.25 kB[22m
[2mdist/[22m[2massets/[22m[36mGauntletBoard-tOwTuOfs.js                 [39m[1m[2m    7.12 kB[22m[1m[22m[2m │ gzip:   2.70 kB[22m
[2mdist/[22m[2massets/[22m[36mClubDetailScreen-Ctyv-cE-.js              [39m[1m[2m    7.15 kB[22m[1m[22m[2m │ gzip:   2.36 kB[22m
[2mdist/[22m[2massets/[22m[36mplayerSearch-B0MAHN0j.js                  [39m[1m[2m    7.17 kB[22m[1m[22m[2m │ gzip:   2.78 kB[22m
[2mdist/[22m[2massets/[22m[36mSearch-zDL_I5wd.js                        [39m[1m[2m    7.87 kB[22m[1m[22m[2m │ gzip:   2.93 kB[22m
[2mdist/[22m[2massets/[22m[36mSeasonRatings-DKjp8ArM.js                 [39m[1m[2m    8.00 kB[22m[1m[22m[2m │ gzip:   3.00 kB[22m
[2mdist/[22m[2massets/[22m[36mnbaHLPlayers-KSI796bW.js                  [39m[1m[2m    8.05 kB[22m[1m[22m[2m │ gzip:   2.21 kB[22m
[2mdist/[22m[2massets/[22m[36mGuessTheGolfer-DzmA8p07.js                [39m[1m[2m    8.08 kB[22m[1m[22m[2m │ gzip:   3.44 kB[22m
[2mdist/[22m[2massets/[22m[36mInboxCard-ChbSmF7Y.js                     [39m[1m[2m    8.54 kB[22m[1m[22m[2m │ gzip:   2.94 kB[22m
[2mdist/[22m[2massets/[22m[36maussieRulesManagement-4TlVLY3z.js         [39m[1m[2m    8.56 kB[22m[1m[22m[2m │ gzip:   3.64 kB[22m
[2mdist/[22m[2massets/[22m[36mRolesScreen-DSwF2xot.js                   [39m[1m[2m    8.58 kB[22m[1m[22m[2m │ gzip:   2.82 kB[22m
[2mdist/[22m[2massets/[22m[36mRecordPage-DKFtBQmc.js                    [39m[1m[2m    8.60 kB[22m[1m[22m[2m │ gzip:   2.52 kB[22m
[2mdist/[22m[2massets/[22m[36macademyManagement-DZZqTLIl.js             [39m[1m[2m    8.66 kB[22m[1m[22m[2m │ gzip:   3.51 kB[22m
[2mdist/[22m[2massets/[22m[36mMlbHigherLower-BD6_qlPA.js                [39m[1m[2m    8.80 kB[22m[1m[22m[2m │ gzip:   3.72 kB[22m
[2mdist/[22m[2massets/[22m[36mHomeArt-h6r1WUsd.js                       [39m[1m[2m    8.86 kB[22m[1m[22m[2m │ gzip:   2.65 kB[22m
[2mdist/[22m[2massets/[22m[36mF1HigherLower-Bic7TB6v.js                 [39m[1m[2m    8.86 kB[22m[1m[22m[2m │ gzip:   3.71 kB[22m
[2mdist/[22m[2massets/[22m[36mTennisHigherLower-29Tg7QfG.js             [39m[1m[2m    8.88 kB[22m[1m[22m[2m │ gzip:   3.74 kB[22m
[2mdist/[22m[2massets/[22m[36mAflHigherLower-rHL_H4JL.js                [39m[1m[2m    8.89 kB[22m[1m[22m[2m │ gzip:   3.77 kB[22m
[2mdist/[22m[2massets/[22m[36mCfbHigherLower-DAEAsTHW.js                [39m[1m[2m    8.91 kB[22m[1m[22m[2m │ gzip:   3.74 kB[22m
[2mdist/[22m[2massets/[22m[36mNbaHigherLower-ltyRrNL4.js                [39m[1m[2m    8.92 kB[22m[1m[22m[2m │ gzip:   3.71 kB[22m
[2mdist/[22m[2massets/[22m[36mGolfHigherLower-BCqALeZl.js               [39m[1m[2m    8.95 kB[22m[1m[22m[2m │ gzip:   3.80 kB[22m
[2mdist/[22m[2massets/[22m[36mTrainingScreen-DgPMT1F4.js                [39m[1m[2m    9.07 kB[22m[1m[22m[2m │ gzip:   3.01 kB[22m
[2mdist/[22m[2massets/[22m[36mgmStaff-CQgWbtVe.js                       [39m[1m[2m    9.22 kB[22m[1m[22m[2m │ gzip:   3.90 kB[22m
[2mdist/[22m[2massets/[22m[36mNflHigherLower-Cup-qPu-.js                [39m[1m[2m    9.23 kB[22m[1m[22m[2m │ gzip:   3.84 kB[22m
[2mdist/[22m[2massets/[22m[36mHomeAbout-B5vR3i-3.js                     [39m[1m[2m    9.39 kB[22m[1m[22m[2m │ gzip:   3.71 kB[22m
[2mdist/[22m[2massets/[22m[36mPollOfTheDay-DK7Ga8Gt.js                  [39m[1m[2m    9.56 kB[22m[1m[22m[2m │ gzip:   4.18 kB[22m
[2mdist/[22m[2massets/[22m[36mWorldCup2026Results-D3y58yv1.js           [39m[1m[2m    9.57 kB[22m[1m[22m[2m │ gzip:   3.17 kB[22m
[2mdist/[22m[2massets/[22m[36mStaffScreen-CBfDWerG.js                   [39m[1m[2m    9.71 kB[22m[1m[22m[2m │ gzip:   3.49 kB[22m
[2mdist/[22m[2massets/[22m[36mPackBattle-OkMnZYWm.js                    [39m[1m[2m   10.31 kB[22m[1m[22m[2m │ gzip:   4.18 kB[22m
[2mdist/[22m[2massets/[22m[36mGameNavbar-Qv-MyJDq.js                    [39m[1m[2m   10.36 kB[22m[1m[22m[2m │ gzip:   3.79 kB[22m
[2mdist/[22m[2massets/[22m[36mTermsOfService-DRDeoer5.js                [39m[1m[2m   10.47 kB[22m[1m[22m[2m │ gzip:   3.57 kB[22m
[2mdist/[22m[2massets/[22m[36mClubManagerSeasonSummary-DzojfKUb.js      [39m[1m[2m   10.97 kB[22m[1m[22m[2m │ gzip:   3.55 kB[22m
[2mdist/[22m[2massets/[22m[36mGauntletDraft-CK-jU0dD.js                 [39m[1m[2m   11.00 kB[22m[1m[22m[2m │ gzip:   4.22 kB[22m
[2mdist/[22m[2massets/[22m[36mHockeyGrid-DtUY3dZo.js                    [39m[1m[2m   11.01 kB[22m[1m[22m[2m │ gzip:   4.15 kB[22m
[2mdist/[22m[2massets/[22m[36mAdminReports-BcfLpY8p.js                  [39m[1m[2m   11.01 kB[22m[1m[22m[2m │ gzip:   3.94 kB[22m
[2mdist/[22m[2massets/[22m[36mCustomClubForm-D4z3bIeu.js                [39m[1m[2m   11.07 kB[22m[1m[22m[2m │ gzip:   3.23 kB[22m
[2mdist/[22m[2massets/[22m[36mQuizBoard-9oekYRkB.js                     [39m[1m[2m   11.13 kB[22m[1m[22m[2m │ gzip:   4.77 kB[22m
[2mdist/[22m[2massets/[22m[36mStatsScreen-D-9K8V5T.js                   [39m[1m[2m   11.14 kB[22m[1m[22m[2m │ gzip:   2.99 kB[22m
[2mdist/[22m[2massets/[22m[36mfightCareer-DFz8n-Ta.js                   [39m[1m[2m   11.14 kB[22m[1m[22m[2m │ gzip:   4.92 kB[22m
[2mdist/[22m[2massets/[22m[36mMlbGrid-BXcCBvgw.js                       [39m[1m[2m   11.17 kB[22m[1m[22m[2m │ gzip:   4.26 kB[22m
[2mdist/[22m[2massets/[22m[36mAcademyScreen-BVQeoMHv.js                 [39m[1m[2m   11.36 kB[22m[1m[22m[2m │ gzip:   3.61 kB[22m
[2mdist/[22m[2massets/[22m[36mShareButtons-DCDkil-L.js                  [39m[1m[2m   11.64 kB[22m[1m[22m[2m │ gzip:   4.54 kB[22m
[2mdist/[22m[2massets/[22m[36mBallIq-DCg7cVWo.js                        [39m[1m[2m   11.71 kB[22m[1m[22m[2m │ gzip:   4.68 kB[22m
[2mdist/[22m[2massets/[22m[36mHockeyHigherLower-CghJtpcL.js             [39m[1m[2m   11.84 kB[22m[1m[22m[2m │ gzip:   4.34 kB[22m
[2mdist/[22m[2massets/[22m[36mSearchAndDiscard-Bz-G8HxU.js              [39m[1m[2m   11.85 kB[22m[1m[22m[2m │ gzip:   4.64 kB[22m
[2mdist/[22m[2massets/[22m[36mChampionsLeagueFormatHistory-Cai-xhxb.js  [39m[1m[2m   12.02 kB[22m[1m[22m[2m │ gzip:   3.91 kB[22m
[2mdist/[22m[2massets/[22m[36mGenericLineupBoard-DcU-S5Zn.js            [39m[1m[2m   12.17 kB[22m[1m[22m[2m │ gzip:   4.44 kB[22m
[2mdist/[22m[2massets/[22m[36mFinancesScreen-CXlmovXK.js                [39m[1m[2m   12.17 kB[22m[1m[22m[2m │ gzip:   3.36 kB[22m
[2mdist/[22m[2massets/[22m[36muclFormatHistory-DwuhruDw.js              [39m[1m[2m   12.33 kB[22m[1m[22m[2m │ gzip:   3.47 kB[22m
[2mdist/[22m[2massets/[22m[36mCalendarScreen-KD63_lV6.js                [39m[1m[2m   12.61 kB[22m[1m[22m[2m │ gzip:   4.40 kB[22m
[2mdist/[22m[2massets/[22m[36mLeaderboard-Cj3tpKmZ.js                   [39m[1m[2m   12.66 kB[22m[1m[22m[2m │ gzip:   4.30 kB[22m
[2mdist/[22m[2massets/[22m[36mNbaGrid-Df-0Rurr.js                       [39m[1m[2m   12.76 kB[22m[1m[22m[2m │ gzip:   4.76 kB[22m
[2mdist/[22m[2massets/[22m[36mFootballTimeline-Bx2rVXgL.js              [39m[1m[2m   12.78 kB[22m[1m[22m[2m │ gzip:   4.26 kB[22m
[2mdist/[22m[2massets/[22m[36mNflMyCareer-B89WSyon.js                   [39m[1m[2m   12.87 kB[22m[1m[22m[2m │ gzip:   5.65 kB[22m
[2mdist/[22m[2massets/[22m[36mSetPieceBoard-BhnDuJ93.js                 [39m[1m[2m   12.97 kB[22m[1m[22m[2m │ gzip:   5.25 kB[22m
[2mdist/[22m[2massets/[22m[36mintlNames-CkDsBUot.js                     [39m[1m[2m   13.05 kB[22m[1m[22m[2m │ gzip:   6.11 kB[22m
[2mdist/[22m[2massets/[22m[36mnflHLCategories-DOyYzQVv.js               [39m[1m[2m   13.14 kB[22m[1m[22m[2m │ gzip:   3.65 kB[22m
[2mdist/[22m[2massets/[22m[36mHigherLower-Cu7Hnahl.js                   [39m[1m[2m   13.41 kB[22m[1m[22m[2m │ gzip:   4.82 kB[22m
[2mdist/[22m[2massets/[22m[36mMysteryBox-BCJnt6dZ.js                    [39m[1m[2m   13.46 kB[22m[1m[22m[2m │ gzip:   5.29 kB[22m
[2mdist/[22m[2massets/[22m[36mShirtNumber-2WG573DS.js                   [39m[1m[2m   13.51 kB[22m[1m[22m[2m │ gzip:   5.25 kB[22m
[2mdist/[22m[2massets/[22m[36mTennisChain-B7geBuYm.js                   [39m[1m[2m   13.78 kB[22m[1m[22m[2m │ gzip:   4.94 kB[22m
[2mdist/[22m[2massets/[22m[36mstadiumManagement-a4ZEwMzG.js             [39m[1m[2m   13.81 kB[22m[1m[22m[2m │ gzip:   5.38 kB[22m
[2mdist/[22m[2massets/[22m[36mNascarChain-C-ixlCvj.js                   [39m[1m[2m   13.86 kB[22m[1m[22m[2m │ gzip:   4.93 kB[22m
[2mdist/[22m[2massets/[22m[36mSilverwareSort-BzqZamVY.js                [39m[1m[2m   13.95 kB[22m[1m[22m[2m │ gzip:   5.38 kB[22m
[2mdist/[22m[2massets/[22m[36mMlbConnect4-B1uR65uf.js                   [39m[1m[2m   14.06 kB[22m[1m[22m[2m │ gzip:   5.31 kB[22m
[2mdist/[22m[2massets/[22m[36mNhlConnect4-BnsTOOJ-.js                   [39m[1m[2m   14.13 kB[22m[1m[22m[2m │ gzip:   5.31 kB[22m
[2mdist/[22m[2massets/[22m[36mCbbGrid-CxCa3PDy.js                       [39m[1m[2m   14.20 kB[22m[1m[22m[2m │ gzip:   5.64 kB[22m
[2mdist/[22m[2massets/[22m[36mWhodTheyBeat-HYLUi7lm.js                  [39m[1m[2m   14.23 kB[22m[1m[22m[2m │ gzip:   5.59 kB[22m
[2mdist/[22m[2massets/[22m[36mNflConnect4-DJJEq_wc.js                   [39m[1m[2m   14.43 kB[22m[1m[22m[2m │ gzip:   5.37 kB[22m
[2mdist/[22m[2massets/[22m[36mFootballGrid-hHJf-NvD.js                  [39m[1m[2m   14.45 kB[22m[1m[22m[2m │ gzip:   5.49 kB[22m
[2mdist/[22m[2massets/[22m[36mContractsCard-BeT3aXws.js                 [39m[1m[2m   14.73 kB[22m[1m[22m[2m │ gzip:   4.59 kB[22m
[2mdist/[22m[2massets/[22m[36mAlphabetSprint-B9-hw1F8.js                [39m[1m[2m   14.97 kB[22m[1m[22m[2m │ gzip:   5.82 kB[22m
[2mdist/[22m[2massets/[22m[36mPlayerAvatar-BLoHVhyX.js                  [39m[1m[2m   15.16 kB[22m[1m[22m[2m │ gzip:   3.93 kB[22m
[2mdist/[22m[2massets/[22m[36mNflConnections-XsjIMMLd.js                [39m[1m[2m   15.26 kB[22m[1m[22m[2m │ gzip:   5.72 kB[22m
[2mdist/[22m[2massets/[22m[36musStatesPaths-DfX_GtuE.js                 [39m[1m[2m   15.67 kB[22m[1m[22m[2m │ gzip:   5.35 kB[22m
[2mdist/[22m[2massets/[22m[36mCareerSeasonReview-BEa_YlvD.js            [39m[1m[2m   15.74 kB[22m[1m[22m[2m │ gzip:   4.46 kB[22m
[2mdist/[22m[2massets/[22m[36mNbaChain-CMBu-g5c.js                      [39m[1m[2m   16.01 kB[22m[1m[22m[2m │ gzip:   6.10 kB[22m
[2mdist/[22m[2massets/[22m[36mCareerGame-B4h1Cy8S.js                    [39m[1m[2m   16.06 kB[22m[1m[22m[2m │ gzip:   6.09 kB[22m
[2mdist/[22m[2massets/[22m[36mNbaConnect4-BaNOce28.js                   [39m[1m[2m   16.16 kB[22m[1m[22m[2m │ gzip:   5.91 kB[22m
[2mdist/[22m[2massets/[22m[36mConquestActionScene-BsQ5j77K.js           [39m[1m[2m   16.54 kB[22m[1m[22m[2m │ gzip:   6.80 kB[22m
[2mdist/[22m[2massets/[22m[36mGuessCbbTeam-wUsN6CkU.js                  [39m[1m[2m   16.62 kB[22m[1m[22m[2m │ gzip:   6.14 kB[22m
[2mdist/[22m[2massets/[22m[36msiteSearch-B0jtJrB1.js                    [39m[1m[2m   16.78 kB[22m[1m[22m[2m │ gzip:   6.82 kB[22m
[2mdist/[22m[2massets/[22m[36mGuessTennisPlayer-BE4pId7b.js             [39m[1m[2m   16.89 kB[22m[1m[22m[2m │ gzip:   6.02 kB[22m
[2mdist/[22m[2massets/[22m[36mThroughBallBoard-DZh8fsj_.js              [39m[1m[2m   16.96 kB[22m[1m[22m[2m │ gzip:   6.28 kB[22m
[2mdist/[22m[2massets/[22m[36mNflPlayoffFormatHistory-BHMqKL_0.js       [39m[1m[2m   17.04 kB[22m[1m[22m[2m │ gzip:   5.58 kB[22m
[2mdist/[22m[2massets/[22m[36mcareerLadder-glihcbOo.js                  [39m[1m[2m   17.39 kB[22m[1m[22m[2m │ gzip:   6.56 kB[22m
[2mdist/[22m[2massets/[22m[36mSeasonVerdict-B-zP3WpM.js                 [39m[1m[2m   18.29 kB[22m[1m[22m[2m │ gzip:   7.39 kB[22m
[2mdist/[22m[2massets/[22m[36mMlbPostseasonFormatHistory-DBdLpjpV.js    [39m[1m[2m   18.30 kB[22m[1m[22m[2m │ gzip:   5.64 kB[22m
[2mdist/[22m[2massets/[22m[36mWhoAmI-BJZk0hBH.js                        [39m[1m[2m   18.77 kB[22m[1m[22m[2m │ gzip:   5.96 kB[22m
[2mdist/[22m[2massets/[22m[36mScorePredictor-D_2uUj04.js                [39m[1m[2m   18.82 kB[22m[1m[22m[2m │ gzip:   6.53 kB[22m
[2mdist/[22m[2massets/[22m[36mSquadScreen-CHKXRQpq.js                   [39m[1m[2m   18.85 kB[22m[1m[22m[2m │ gzip:   6.78 kB[22m
[2mdist/[22m[2massets/[22m[36mnhlFoPlayers-j0YE08i0.js                  [39m[1m[2m   19.06 kB[22m[1m[22m[2m │ gzip:   5.46 kB[22m
[2mdist/[22m[2massets/[22m[36mPlayerStockMarket-Cp-O4Fil.js             [39m[1m[2m   19.23 kB[22m[1m[22m[2m │ gzip:   7.08 kB[22m
[2mdist/[22m[2massets/[22m[36mPrivacyPolicy-C2mk0BPh.js                 [39m[1m[2m   19.35 kB[22m[1m[22m[2m │ gzip:   6.00 kB[22m
[2mdist/[22m[2massets/[22m[36mClubManagerCareerPanel-BTVbxkQD.js        [39m[1m[2m   19.67 kB[22m[1m[22m[2m │ gzip:   5.81 kB[22m
[2mdist/[22m[2massets/[22m[36mWorldXi-B6aSdn4z.js                       [39m[1m[2m   19.68 kB[22m[1m[22m[2m │ gzip:   6.76 kB[22m
[2mdist/[22m[2massets/[22m[36mNbaStatLine-CrM9y9ij.js                   [39m[1m[2m   19.82 kB[22m[1m[22m[2m │ gzip:   7.36 kB[22m
[2mdist/[22m[2massets/[22m[36mClueAuction-BUTY2a3T.js                   [39m[1m[2m   20.01 kB[22m[1m[22m[2m │ gzip:   7.26 kB[22m
[2mdist/[22m[2massets/[22m[36mHofOrBust-CZWqQReh.js                     [39m[1m[2m   20.04 kB[22m[1m[22m[2m │ gzip:   7.23 kB[22m
[2mdist/[22m[2massets/[22m[36mPuckDetective-UuM0a6Xr.js                 [39m[1m[2m   20.06 kB[22m[1m[22m[2m │ gzip:   7.41 kB[22m
[2mdist/[22m[2massets/[22m[36mUsCareerPractice-DSnTBVeh.js              [39m[1m[2m   20.15 kB[22m[1m[22m[2m │ gzip:   5.85 kB[22m
[2mdist/[22m[2massets/[22m[36museTycoonRewards-ByutlNdA.js              [39m[1m[2m   20.27 kB[22m[1m[22m[2m │ gzip:   7.63 kB[22m
[2mdist/[22m[2massets/[22m[36mGuessTheNation-5aT03g0B.js                [39m[1m[2m   20.67 kB[22m[1m[22m[2m │ gzip:   7.20 kB[22m
[2mdist/[22m[2massets/[22m[36mPerfectSeasonMlb-DlwJtRBL.js              [39m[1m[2m   20.79 kB[22m[1m[22m[2m │ gzip:   7.39 kB[22m
[2mdist/[22m[2massets/[22m[36mAcademyPanel-Bjwlt9Sm.js                  [39m[1m[2m   21.07 kB[22m[1m[22m[2m │ gzip:   7.74 kB[22m
[2mdist/[22m[2massets/[22m[36mclubManagement-EKXPWeDR.js                [39m[1m[2m   21.10 kB[22m[1m[22m[2m │ gzip:   8.43 kB[22m
[2mdist/[22m[2massets/[22m[36mselect-VP3rggUb.js                        [39m[1m[2m   21.29 kB[22m[1m[22m[2m │ gzip:   7.41 kB[22m
[2mdist/[22m[2massets/[22m[36msquadDeal-CCZodYaC.js                     [39m[1m[2m   21.30 kB[22m[1m[22m[2m │ gzip:   8.38 kB[22m
[2mdist/[22m[2massets/[22m[36mBudgetBuilder-CbLkCI8L.js                 [39m[1m[2m   21.50 kB[22m[1m[22m[2m │ gzip:   7.43 kB[22m
[2mdist/[22m[2massets/[22m[36mStatDetective-CvESzatF.js                 [39m[1m[2m   21.61 kB[22m[1m[22m[2m │ gzip:   8.39 kB[22m
[2mdist/[22m[2massets/[22m[36mSoccerConquest-C0_JBhE5.js                [39m[1m[2m   21.70 kB[22m[1m[22m[2m │ gzip:   9.19 kB[22m
[2mdist/[22m[2massets/[22m[36mMlbGauntletDraft-CW3CWC6L.js              [39m[1m[2m   21.86 kB[22m[1m[22m[2m │ gzip:   7.05 kB[22m
[2mdist/[22m[2massets/[22m[36mCbbDynasty-DlyYMWDH.js                    [39m[1m[2m   21.87 kB[22m[1m[22m[2m │ gzip:   9.12 kB[22m
[2mdist/[22m[2massets/[22m[36mSportsMillionaire-DBC4bd32.js             [39m[1m[2m   21.92 kB[22m[1m[22m[2m │ gzip:   7.55 kB[22m
[2mdist/[22m[2massets/[22m[36mNbaConnections-DM3QjASY.js                [39m[1m[2m   22.05 kB[22m[1m[22m[2m │ gzip:   8.25 kB[22m
[2mdist/[22m[2massets/[22m[36mNhlConnections-mpquzhjx.js                [39m[1m[2m   22.07 kB[22m[1m[22m[2m │ gzip:   8.19 kB[22m
[2mdist/[22m[2massets/[22m[36mFootballConnect4-BF2gdVbm.js              [39m[1m[2m   22.25 kB[22m[1m[22m[2m │ gzip:   7.23 kB[22m
[2mdist/[22m[2massets/[22m[36mCfbDynasty-DPKDJ2NO.js                    [39m[1m[2m   22.28 kB[22m[1m[22m[2m │ gzip:   9.15 kB[22m
[2mdist/[22m[2massets/[22m[36mMinefield-CkQJqYTA.js                     [39m[1m[2m   22.45 kB[22m[1m[22m[2m │ gzip:   9.31 kB[22m
[2mdist/[22m[2massets/[22m[36mMatchReportCard-Bw5oE_zk.js               [39m[1m[2m   22.89 kB[22m[1m[22m[2m │ gzip:   5.99 kB[22m
[2mdist/[22m[2massets/[22m[36mEmojiGuess-C5tniveE.js                    [39m[1m[2m   23.23 kB[22m[1m[22m[2m │ gzip:   8.83 kB[22m
[2mdist/[22m[2massets/[22m[36mPerfectSeasonNhl-_OsxXrei.js              [39m[1m[2m   23.25 kB[22m[1m[22m[2m │ gzip:   8.23 kB[22m
[2mdist/[22m[2massets/[22m[36mhigherLowerPlayers-CyK6rra4.js            [39m[1m[2m   23.57 kB[22m[1m[22m[2m │ gzip:   5.08 kB[22m
[2mdist/[22m[2massets/[22m[36mSignThePlayer-iD83x_BZ.js                 [39m[1m[2m   23.71 kB[22m[1m[22m[2m │ gzip:   9.11 kB[22m
[2mdist/[22m[2massets/[22m[36mContractChaos-C1IvtW6O.js                 [39m[1m[2m   24.02 kB[22m[1m[22m[2m │ gzip:   9.17 kB[22m
[2mdist/[22m[2massets/[22m[36mHallOfChampions-nCFNTcng.js               [39m[1m[2m   24.07 kB[22m[1m[22m[2m │ gzip:   8.21 kB[22m
[2mdist/[22m[2massets/[22m[36mManagerHotSeat-BF7I8zxc.js                [39m[1m[2m   24.60 kB[22m[1m[22m[2m │ gzip:   7.07 kB[22m
[2mdist/[22m[2massets/[22m[36mF1Constructor-JpHcO1Mt.js                 [39m[1m[2m   24.82 kB[22m[1m[22m[2m │ gzip:   8.70 kB[22m
[2mdist/[22m[2massets/[22m[36mDrillBoard-C-TFExCh.js                    [39m[1m[2m   25.13 kB[22m[1m[22m[2m │ gzip:   9.26 kB[22m
[2mdist/[22m[2massets/[22m[36mPerfectSeasonNba-BycCCiLC.js              [39m[1m[2m   25.61 kB[22m[1m[22m[2m │ gzip:   9.00 kB[22m
[2mdist/[22m[2massets/[22m[36mSquadDeal-Dy7faOlX.js                     [39m[1m[2m   25.84 kB[22m[1m[22m[2m │ gzip:   7.89 kB[22m
[2mdist/[22m[2massets/[22m[36mNhlPlayoffFormatHistory-s5OBWV7p.js       [39m[1m[2m   25.96 kB[22m[1m[22m[2m │ gzip:   7.81 kB[22m
[2mdist/[22m[2massets/[22m[36mListQuiz-BhrF1d8o.js                      [39m[1m[2m   26.16 kB[22m[1m[22m[2m │ gzip:   9.88 kB[22m
[2mdist/[22m[2massets/[22m[36mF1Driver-CobFhEbL.js                      [39m[1m[2m   26.66 kB[22m[1m[22m[2m │ gzip:   9.62 kB[22m
[2mdist/[22m[2massets/[22m[36mRarityRound-DaAGPAeD.js                   [39m[1m[2m   27.01 kB[22m[1m[22m[2m │ gzip:   7.83 kB[22m
[2mdist/[22m[2massets/[22m[36mNFLCareer-CmZ-wa8v.js                     [39m[1m[2m   27.09 kB[22m[1m[22m[2m │ gzip:   7.47 kB[22m
[2mdist/[22m[2massets/[22m[36mFreeKick-CsZYaoY7.js                      [39m[1m[2m   27.10 kB[22m[1m[22m[2m │ gzip:   8.93 kB[22m
[2mdist/[22m[2massets/[22m[36mSoccerGrid-6oBKyYkR.js                    [39m[1m[2m   27.13 kB[22m[1m[22m[2m │ gzip:   8.71 kB[22m
[2mdist/[22m[2massets/[22m[36mRankEm-Cc0hiOlS.js                        [39m[1m[2m   27.19 kB[22m[1m[22m[2m │ gzip:   9.73 kB[22m
[2mdist/[22m[2massets/[22m[36mFaceOff-C7YOeRUJ.js                       [39m[1m[2m   27.33 kB[22m[1m[22m[2m │ gzip:   9.30 kB[22m
[2mdist/[22m[2massets/[22m[36mNbaPlayoffFormatHistory-Cx-CMa9j.js       [39m[1m[2m   27.58 kB[22m[1m[22m[2m │ gzip:   8.38 kB[22m
[2mdist/[22m[2massets/[22m[36mNbaLineup-DtoW7ZBW.js                     [39m[1m[2m   27.68 kB[22m[1m[22m[2m │ gzip:   8.47 kB[22m
[2mdist/[22m[2massets/[22m[36mPlayerBingo-COTS-GJP.js                   [39m[1m[2m   28.30 kB[22m[1m[22m[2m │ gzip:  10.15 kB[22m
[2mdist/[22m[2massets/[22m[36mNbaCareer-Dp0svy_v.js                     [39m[1m[2m   28.39 kB[22m[1m[22m[2m │ gzip:   8.02 kB[22m
[2mdist/[22m[2massets/[22m[36mstadiumTycoon-B_FBNBPR.js                 [39m[1m[2m   28.93 kB[22m[1m[22m[2m │ gzip:  10.25 kB[22m
[2mdist/[22m[2massets/[22m[36mOlympics-DdO5g-Av.js                      [39m[1m[2m   29.00 kB[22m[1m[22m[2m │ gzip:  10.26 kB[22m
[2mdist/[22m[2massets/[22m[36mSeasonReportTabs-IAulZZy1.js              [39m[1m[2m   29.70 kB[22m[1m[22m[2m │ gzip:  12.03 kB[22m
[2mdist/[22m[2massets/[22m[36mCollegeDynastyBoard-DjqAOscD.js           [39m[1m[2m   30.12 kB[22m[1m[22m[2m │ gzip:   9.01 kB[22m
[2mdist/[22m[2massets/[22m[36mmanagerHotSeat-pK94kcFm.js                [39m[1m[2m   30.15 kB[22m[1m[22m[2m │ gzip:   6.77 kB[22m
[2mdist/[22m[2massets/[22m[36mFantasyDraft-DytSXepn.js                  [39m[1m[2m   30.47 kB[22m[1m[22m[2m │ gzip:   9.28 kB[22m
[2mdist/[22m[2massets/[22m[36mPerfectSeasonNfl-BtFOU8V1.js              [39m[1m[2m   31.07 kB[22m[1m[22m[2m │ gzip:  11.19 kB[22m
[2mdist/[22m[2massets/[22m[36mChampOrNot-BhVUcqBM.js                    [39m[1m[2m   31.22 kB[22m[1m[22m[2m │ gzip:   9.64 kB[22m
[2mdist/[22m[2massets/[22m[36mGuessTheYear-EW3nOQkm.js                  [39m[1m[2m   31.26 kB[22m[1m[22m[2m │ gzip:  10.93 kB[22m
[2mdist/[22m[2massets/[22m[36mFightGym-BjS2fxJl.js                      [39m[1m[2m   31.97 kB[22m[1m[22m[2m │ gzip:  10.34 kB[22m
[2mdist/[22m[2massets/[22m[36mHockeyCareer-DLnQSJ3f.js                  [39m[1m[2m   32.28 kB[22m[1m[22m[2m │ gzip:   8.47 kB[22m
[2mdist/[22m[2massets/[22m[36mTrainingPanel-fYxI4foa.js                 [39m[1m[2m   32.37 kB[22m[1m[22m[2m │ gzip:  10.06 kB[22m
[2mdist/[22m[2massets/[22m[36mconquestDataNba-BDN2iDyW.js               [39m[1m[2m   32.42 kB[22m[1m[22m[2m │ gzip:   8.52 kB[22m
[2mdist/[22m[2massets/[22m[36mBaseballCareer-DJMZtB89.js                [39m[1m[2m   32.61 kB[22m[1m[22m[2m │ gzip:   8.72 kB[22m
[2mdist/[22m[2massets/[22m[36mCareerLadder-DhesLJIw.js                  [39m[1m[2m   32.67 kB[22m[1m[22m[2m │ gzip:  11.27 kB[22m
[2mdist/[22m[2massets/[22m[36mSportsBingo-DZDzsqPg.js                   [39m[1m[2m   32.78 kB[22m[1m[22m[2m │ gzip:  10.79 kB[22m
[2mdist/[22m[2massets/[22m[36mUfcChain-DZCGwPCq.js                      [39m[1m[2m   32.97 kB[22m[1m[22m[2m │ gzip:   8.32 kB[22m
[2mdist/[22m[2massets/[22m[36mIdleArena-DrLKRcqN.js                     [39m[1m[2m   33.97 kB[22m[1m[22m[2m │ gzip:  11.17 kB[22m
[2mdist/[22m[2massets/[22m[36mfrontOfficePlayers-BPesuo5G.js            [39m[1m[2m   34.48 kB[22m[1m[22m[2m │ gzip:   7.86 kB[22m
[2mdist/[22m[2massets/[22m[36mTeammates-m9YY1bV_.js                     [39m[1m[2m   34.85 kB[22m[1m[22m[2m │ gzip:   9.18 kB[22m
[2mdist/[22m[2massets/[22m[36mLiveSimScreen-CbgEL2Tk.js                 [39m[1m[2m   35.06 kB[22m[1m[22m[2m │ gzip:  11.73 kB[22m
[2mdist/[22m[2massets/[22m[36mTransferPath-D0DGanhI.js                  [39m[1m[2m   35.32 kB[22m[1m[22m[2m │ gzip:  11.54 kB[22m
[2mdist/[22m[2massets/[22m[36mCollegeGrid-iSM-dbq2.js                   [39m[1m[2m   35.60 kB[22m[1m[22m[2m │ gzip:   8.12 kB[22m
[2mdist/[22m[2massets/[22m[36mcollege-B_XqEHQm.js                       [39m[1m[2m   36.30 kB[22m[1m[22m[2m │ gzip:  11.81 kB[22m
[2mdist/[22m[2massets/[22m[36msoccerMoments-Cn0X6Xma.js                 [39m[1m[2m   36.81 kB[22m[1m[22m[2m │ gzip:  14.63 kB[22m
[2mdist/[22m[2massets/[22m[36mTacticsScreen-Bz_sSnEm.js                 [39m[1m[2m   37.07 kB[22m[1m[22m[2m │ gzip:  11.29 kB[22m
[2mdist/[22m[2massets/[22m[36mUfcGame-Dp5aX1y6.js                       [39m[1m[2m   37.19 kB[22m[1m[22m[2m │ gzip:   9.73 kB[22m
[2mdist/[22m[2massets/[22m[36mGuessNflTeam-jSbkWAxh.js                  [39m[1m[2m   37.83 kB[22m[1m[22m[2m │ gzip:  11.81 kB[22m
[2mdist/[22m[2massets/[22m[36mClubManagerHelp-5g6Q2P7F.js               [39m[1m[2m   37.93 kB[22m[1m[22m[2m │ gzip:  14.22 kB[22m
[2mdist/[22m[2massets/[22m[36mGuessNascarDriver-6uvuS4om.js             [39m[1m[2m   39.08 kB[22m[1m[22m[2m │ gzip:   9.14 kB[22m
[2mdist/[22m[2massets/[22m[36mconquestSports-B8RfKg53.js                [39m[1m[2m   39.47 kB[22m[1m[22m[2m │ gzip:  10.82 kB[22m
[2mdist/[22m[2massets/[22m[36mTransferScreen-S244z0Uw.js                [39m[1m[2m   39.54 kB[22m[1m[22m[2m │ gzip:  10.40 kB[22m
[2mdist/[22m[2massets/[22m[36mBuzzerBeater-DfADz0yf.js                  [39m[1m[2m   41.87 kB[22m[1m[22m[2m │ gzip:  13.66 kB[22m
[2mdist/[22m[2massets/[22m[36mmanagerOffers-_ah8loUP.js                 [39m[1m[2m   42.00 kB[22m[1m[22m[2m │ gzip:  13.22 kB[22m
[2mdist/[22m[2massets/[22m[36mLineupBuilder-qpygjlxJ.js                 [39m[1m[2m   42.10 kB[22m[1m[22m[2m │ gzip:  14.07 kB[22m
[2mdist/[22m[2massets/[22m[36mMissingNine-DbN6lBlU.js                   [39m[1m[2m   44.33 kB[22m[1m[22m[2m │ gzip:  12.35 kB[22m
[2mdist/[22m[2massets/[22m[36mMissingFive-BUFRcqZs.js                   [39m[1m[2m   44.93 kB[22m[1m[22m[2m │ gzip:  10.57 kB[22m
[2mdist/[22m[2massets/[22m[36mSoccerSeasonCentre-C57L9Y14.js            [39m[1m[2m   44.95 kB[22m[1m[22m[2m │ gzip:  14.82 kB[22m
[2mdist/[22m[2massets/[22m[36mAppearanceBuilder-CQLlr6Au.js             [39m[1m[2m   45.41 kB[22m[1m[22m[2m │ gzip:  14.39 kB[22m
[2mdist/[22m[2massets/[22m[36mDeadlineDay-BqijywA1.js                   [39m[1m[2m   45.98 kB[22m[1m[22m[2m │ gzip:  14.20 kB[22m
[2mdist/[22m[2massets/[22m[36mBaseballConnections-CFkfDmIC.js           [39m[1m[2m   49.26 kB[22m[1m[22m[2m │ gzip:  12.36 kB[22m
[2mdist/[22m[2massets/[22m[36mnbaOpeningRatings-DmYGOL8G.js             [39m[1m[2m   50.06 kB[22m[1m[22m[2m │ gzip:   6.77 kB[22m
[2mdist/[22m[2massets/[22m[36mCageClash-BZIHlZDE.js                     [39m[1m[2m   52.18 kB[22m[1m[22m[2m │ gzip:  17.15 kB[22m
[2mdist/[22m[2massets/[22m[36mFootle-BjV_9y24.js                        [39m[1m[2m   54.12 kB[22m[1m[22m[2m │ gzip:  17.13 kB[22m
[2mdist/[22m[2massets/[22m[36mConquestNba-BJeC0Hx0.js                   [39m[1m[2m   54.41 kB[22m[1m[22m[2m │ gzip:  15.58 kB[22m
[2mdist/[22m[2massets/[22m[36mbaseball-D-Jqywr6.js                      [39m[1m[2m   54.43 kB[22m[1m[22m[2m │ gzip:  19.13 kB[22m
[2mdist/[22m[2massets/[22m[36mConquest-BGo_fZL8.js                      [39m[1m[2m   55.77 kB[22m[1m[22m[2m │ gzip:  14.86 kB[22m
[2mdist/[22m[2massets/[22m[36mMissingEleven-B0ZBuXZM.js                 [39m[1m[2m   58.10 kB[22m[1m[22m[2m │ gzip:  14.87 kB[22m
[2mdist/[22m[2massets/[22m[36mSportHub-fqIpZqFn.js                      [39m[1m[2m   58.52 kB[22m[1m[22m[2m │ gzip:  19.67 kB[22m
[2mdist/[22m[2massets/[22m[36mStadiumTycoon-BWfnghEy.js                 [39m[1m[2m   59.43 kB[22m[1m[22m[2m │ gzip:  19.37 kB[22m
[2mdist/[22m[2massets/[22m[36mhockey-BPRc4rkB.js                        [39m[1m[2m   60.68 kB[22m[1m[22m[2m │ gzip:  21.22 kB[22m
[2mdist/[22m[2massets/[22m[36msoccer1-4EnLcQQM.js                       [39m[1m[2m   60.71 kB[22m[1m[22m[2m │ gzip:  20.36 kB[22m
[2mdist/[22m[2massets/[22m[36mfootball-BrKZz2fy.js                      [39m[1m[2m   63.24 kB[22m[1m[22m[2m │ gzip:  22.33 kB[22m
[2mdist/[22m[2massets/[22m[36mFightPromoter-CvboiTFg.js                 [39m[1m[2m   63.94 kB[22m[1m[22m[2m │ gzip:  19.59 kB[22m
[2mdist/[22m[2massets/[22m[36mProfile-qMEsumOR.js                       [39m[1m[2m   65.10 kB[22m[1m[22m[2m │ gzip:  20.06 kB[22m
[2mdist/[22m[2massets/[22m[36mclubManagerEra2015-BUxVBSOC.js            [39m[1m[2m   73.21 kB[22m[1m[22m[2m │ gzip:  21.60 kB[22m
[2mdist/[22m[2massets/[22m[36mclubManagerEra2005-DZSwQTfX.js            [39m[1m[2m   75.93 kB[22m[1m[22m[2m │ gzip:  21.84 kB[22m
[2mdist/[22m[2massets/[22m[36mImperialismBoardShared-CdGEjDVv.js        [39m[1m[2m   76.06 kB[22m[1m[22m[2m │ gzip:  24.92 kB[22m
[2mdist/[22m[2massets/[22m[36mclubManagerEra2010-CiScj6R7.js            [39m[1m[2m   76.80 kB[22m[1m[22m[2m │ gzip:  22.43 kB[22m
[2mdist/[22m[2massets/[22m[36mWorldCupPredictor-DRtKZrTX.js             [39m[1m[2m   77.14 kB[22m[1m[22m[2m │ gzip:  23.78 kB[22m
[2mdist/[22m[2massets/[22m[36mClubManager-C7aI_699.js                   [39m[1m[2m   77.66 kB[22m[1m[22m[2m │ gzip:  24.17 kB[22m
[2mdist/[22m[2massets/[22m[36mAussieRulesManager-DTQfkSDI.js            [39m[1m[2m   77.66 kB[22m[1m[22m[2m │ gzip:  25.45 kB[22m
[2mdist/[22m[2massets/[22m[36mclubManagerEra2020-Bej21k8N.js            [39m[1m[2m   78.49 kB[22m[1m[22m[2m │ gzip:  23.60 kB[22m
[2mdist/[22m[2massets/[22m[36mNhlFrontOffice-B_o6jaDK.js                [39m[1m[2m   79.27 kB[22m[1m[22m[2m │ gzip:  26.56 kB[22m
[2mdist/[22m[2massets/[22m[36mnhlOpeningRatings-Y9x0bvK7.js             [39m[1m[2m   80.49 kB[22m[1m[22m[2m │ gzip:   9.19 kB[22m
[2mdist/[22m[2massets/[22m[36mworld-bzrfPoKq.js                         [39m[1m[2m   83.56 kB[22m[1m[22m[2m │ gzip:  27.22 kB[22m
[2mdist/[22m[2massets/[22m[36mFightCareer-Dys7uIsK.js                   [39m[1m[2m   84.09 kB[22m[1m[22m[2m │ gzip:  26.29 kB[22m
[2mdist/[22m[2massets/[22m[36mbasketball-CNtFtfjF.js                    [39m[1m[2m   84.45 kB[22m[1m[22m[2m │ gzip:  28.75 kB[22m
[2mdist/[22m[2massets/[22m[36mGuessTheCollege-DA1sXzk-.js               [39m[1m[2m   84.75 kB[22m[1m[22m[2m │ gzip:  22.35 kB[22m
[2mdist/[22m[2massets/[22m[36mmoreSports-GYqSPvUd.js                    [39m[1m[2m   85.08 kB[22m[1m[22m[2m │ gzip:  27.30 kB[22m
[2mdist/[22m[2massets/[22m[36mFrontOffice-BrJDu9oe.js                   [39m[1m[2m   89.45 kB[22m[1m[22m[2m │ gzip:  29.13 kB[22m
[2mdist/[22m[2massets/[22m[36mNbaFrontOffice-DOtiOa-D.js                [39m[1m[2m   90.09 kB[22m[1m[22m[2m │ gzip:  31.18 kB[22m
[2mdist/[22m[2massets/[22m[36mGmTradeBuilder-BSggXML6.js                [39m[1m[2m  104.01 kB[22m[1m[22m[2m │ gzip:  35.03 kB[22m
[2mdist/[22m[2massets/[22m[36mMlbFrontOffice-DWr-ki3n.js                [39m[1m[2m  107.61 kB[22m[1m[22m[2m │ gzip:  34.16 kB[22m
[2mdist/[22m[2massets/[22m[36msoccer2-ytcxM1RV.js                       [39m[1m[2m  108.34 kB[22m[1m[22m[2m │ gzip:  36.57 kB[22m
[2mdist/[22m[2massets/[22m[36mrecordBooks-DWYgWzXe.js                   [39m[1m[2m  108.78 kB[22m[1m[22m[2m │ gzip:  19.87 kB[22m
[2mdist/[22m[2massets/[22m[36mRebuild-B07z3rK7.js                       [39m[1m[2m  117.20 kB[22m[1m[22m[2m │ gzip:  35.63 kB[22m
[2mdist/[22m[2massets/[22m[36mfootleEnrichment-BZzeJ_uB.js              [39m[1m[2m  117.58 kB[22m[1m[22m[2m │ gzip:  19.61 kB[22m
[2mdist/[22m[2massets/[22m[36mConnections-BlEluDc8.js                   [39m[1m[2m  154.23 kB[22m[1m[22m[2m │ gzip:  30.89 kB[22m
[2mdist/[22m[2massets/[22m[36mDartDraft-RBdimQTd.js                     [39m[1m[2m  175.28 kB[22m[1m[22m[2m │ gzip:  57.20 kB[22m
[2mdist/[22m[2massets/[22m[36mhtml2canvas.esm-CBrSDip1.js               [39m[1m[2m  201.42 kB[22m[1m[22m[2m │ gzip:  48.03 kB[22m
[2mdist/[22m[2massets/[22m[36mMlbMyCareer-gjghJ_34.js                   [39m[1m[2m  238.99 kB[22m[1m[22m[2m │ gzip:  80.31 kB[22m
[2mdist/[22m[2massets/[22m[36mNbaMyCareer-BfIHdeSE.js                   [39m[1m[2m  244.37 kB[22m[1m[22m[2m │ gzip:  81.83 kB[22m
[2mdist/[22m[2massets/[22m[36mNhlMyCareer-DT7V8Heh.js                   [39m[1m[2m  245.82 kB[22m[1m[22m[2m │ gzip:  81.61 kB[22m
[2mdist/[22m[2massets/[22m[36mMissingXi-CdKOXMil.js                     [39m[1m[2m  264.43 kB[22m[1m[22m[2m │ gzip:  51.90 kB[22m
[2mdist/[22m[2massets/[22m[36mWhatsNew-B9h8Xy2h.js                      [39m[1m[2m  288.04 kB[22m[1m[22m[2m │ gzip:  93.94 kB[22m
[2mdist/[22m[2massets/[22m[36msoccerInternational-Xer_3kxD.js           [39m[1m[2m  297.81 kB[22m[1m[22m[2m │ gzip:  76.40 kB[22m
[2mdist/[22m[2massets/[22m[36mGridArchive-BGAqrOhH.js                   [39m[1m[2m  311.28 kB[22m[1m[22m[2m │ gzip:  56.56 kB[22m
[2mdist/[22m[2massets/[22m[36mcareerPlayers-DOIUlYXN.js                 [39m[1m[2m  335.22 kB[22m[1m[22m[2m │ gzip:  40.78 kB[22m
[2mdist/[22m[2massets/[22m[36musCareerSeasonReview-BXFODgH-.js          [39m[1m[2m  411.93 kB[22m[1m[22m[2m │ gzip: 131.14 kB[22m
[2mdist/[22m[2massets/[22m[36mfrontOfficeDepth-CSYCwpBE.js              [39m[1m[33m  524.29 kB[39m[22m[2m │ gzip:  60.37 kB[22m
[2mdist/[22m[2massets/[22m[36mindex-CpHJpXfD.js                         [39m[1m[33m  772.40 kB[39m[22m[2m │ gzip: 234.03 kB[22m
[2mdist/[22m[2massets/[22m[36mclubManager-CaPLTxnU.js                   [39m[1m[33m  902.35 kB[39m[22m[2m │ gzip: 299.21 kB[22m
[2mdist/[22m[2massets/[22m[36mSoccerCareer-BdMkw0HS.js                  [39m[1m[33m1,186.85 kB[39m[22m[2m │ gzip: 343.89 kB[22m
[33m
(!) Some chunks are larger than 500 kB after minification. Consider:
- Using dynamic import() to code-split the application
- Use build.rollupOptions.output.manualChunks to improve chunking: https://rollupjs.org/configuration-options/#output-manualchunks
- Adjust chunk size limit for this warning via build.chunkSizeWarningLimit.[39m
[32m✓ built in 25.44s[39m
[dukb] inlined 1 stylesheet(s) and 1 module(s) into 180 snapshots (11 left alone)
