  walked nfl-390-first-watch: pick 1, 1 rows, card 392 high, 163 frames
  walked nfl-390-late-watch: pick 123, 8 rows, card 636 high, 331 frames
  walked nfl-390-undrafted-watch: pick none, 6 rows, card 581 high, 283 frames
  walked nfl-390-late-skip: pick 123, 8 rows, card 636 high, 80 frames
  walked nfl-390-undrafted-reduced: pick none, 6 rows, card 581 high, 42 frames
  walked nba-390-first-watch: pick 1, 1 rows and 4 lottery tiles, card 668 high, 287 frames
  walked nba-390-late-watch: pick 35, 5 rows and 4 lottery tiles, card 810 high, 371 frames
  walked nba-390-undrafted-watch: pick none, 3 rows and 4 lottery tiles, card 735 high, 335 frames
  walked nba-390-late-skip: pick 35, 5 rows and 4 lottery tiles, card 810 high, 76 frames
  walked nba-390-undrafted-reduced: pick none, 3 rows and 4 lottery tiles, card 735 high, 43 frames
  walked mlb-390-first-watch: pick 1, 1 rows, card 460 high, 167 frames
  walked mlb-390-late-watch: pick 432, 8 rows, card 764 high, 335 frames
  walked mlb-390-undrafted-watch: pick none, 6 rows, card 689 high, 283 frames
  walked mlb-390-late-skip: pick 432, 8 rows, card 764 high, 76 frames
  walked mlb-390-undrafted-reduced: pick none, 6 rows, card 689 high, 42 frames
  walked nhl-390-first-watch: pick 1, 1 rows, card 480 high, 163 frames
  walked nhl-390-late-watch: pick 128, 8 rows, card 784 high, 331 frames
  walked nhl-390-undrafted-watch: pick none, 6 rows, card 749 high, 283 frames
  walked nhl-390-late-skip: pick 128, 8 rows, card 784 high, 76 frames
  walked nhl-390-undrafted-reduced: pick none, 6 rows, card 749 high, 45 frames
  walked nfl-1280-first-watch: pick 1, 1 rows, card 325 high, 163 frames
  walked nfl-1280-late-watch: pick 123, 8 rows, card 557 high, 331 frames
  walked nfl-1280-undrafted-watch: pick none, 6 rows, card 493 high, 283 frames
  walked nfl-1280-late-skip: pick 123, 8 rows, card 557 high, 81 frames
  walked nfl-1280-undrafted-reduced: pick none, 6 rows, card 493 high, 43 frames
  walked nba-1280-first-watch: pick 1, 1 rows and 4 lottery tiles, card 565 high, 289 frames
  walked nba-1280-late-watch: pick 35, 5 rows and 4 lottery tiles, card 695 high, 371 frames
  walked nba-1280-undrafted-watch: pick none, 3 rows and 4 lottery tiles, card 631 high, 337 frames
  walked nba-1280-late-skip: pick 35, 5 rows and 4 lottery tiles, card 695 high, 75 frames
  walked nba-1280-undrafted-reduced: pick none, 3 rows and 4 lottery tiles, card 631 high, 43 frames
  walked mlb-1280-first-watch: pick 1, 1 rows, card 393 high, 169 frames
  walked mlb-1280-late-watch: pick 432, 8 rows, card 665 high, 337 frames
  walked mlb-1280-undrafted-watch: pick none, 6 rows, card 601 high, 283 frames
  walked mlb-1280-late-skip: pick 432, 8 rows, card 665 high, 75 frames
  walked mlb-1280-undrafted-reduced: pick none, 6 rows, card 601 high, 43 frames
  walked nhl-1280-first-watch: pick 1, 1 rows, card 393 high, 163 frames
  walked nhl-1280-late-watch: pick 128, 8 rows, card 645 high, 331 frames
  walked nhl-1280-undrafted-watch: pick none, 6 rows, card 601 high, 283 frames
  walked nhl-1280-late-skip: pick 128, 8 rows, card 645 high, 75 frames
  walked nhl-1280-undrafted-reduced: pick none, 6 rows, card 601 high, 46 frames

playDraftNight: ALL GREEN, 40 nights walked
