simNbaAwardsSense: 6000 careers a seed, seeds 1, 2, 3, 4, 5, control bar62
  seed 1: 114446 seasons, Hall 31.88% (first ballot 27.43%), MVPs 0.298 a career, All-NBA 1.91, my share 62.43%, 21s
  seed 2: 114569 seasons, Hall 31.78% (first ballot 27.67%), MVPs 0.307 a career, All-NBA 1.979, my share 62.38%, 36s
  seed 3: 114631 seasons, Hall 32.52% (first ballot 28.08%), MVPs 0.31 a career, All-NBA 1.971, my share 62.28%, 50s
  seed 4: 114425 seasons, Hall 31.87% (first ballot 27.65%), MVPs 0.31 a career, All-NBA 1.934, my share 62.57%, 65s
  seed 5: 114440 seasons, Hall 30.55% (first ballot 26.45%), MVPs 0.306 a career, All-NBA 1.956, my share 62.78%, 86s

The numbers (this tree, seed by seed, then main):
  Hall of Fame inducted, percent               31.88, 31.78, 32.52, 31.87, 30.55   | main 31.7, 31.88, 31.78, 31.75, 31.55
  first ballot, percent                        27.43, 27.67, 28.08, 27.65, 26.45   | main 27.03, 27.93, 27.83, 27.57, 27.45
  inducted, modern careers                     32.13, 32.11, 33.02, 33.09, 31.24   | main 31.56, 31.42, 31.93, 32.02, 31.09
  inducted, 2003-04 careers                    31.13, 30.8, 31, 28.2, 28.47   | main 32.13, 33.27, 31.33, 30.93, 32.93
  legacy score p50                             359, 361, 366, 361, 355   | main 363, 367, 367, 366, 365
  legacy score p90                             903, 919, 926, 928, 936   | main 917, 940, 928, 938, 918
  All-Star a career                            3.094, 3.144, 3.149, 3.1, 3.13   | main 0, 0, 0, 0, 0
  Rookie of the Year a career                  0.048, 0.047, 0.049, 0.047, 0.049   | main 0.026, 0.02, 0.018, 0.019, 0.025
  All-NBA a career                             1.91, 1.979, 1.971, 1.934, 1.956   | main 1.972, 2.006, 1.981, 1.987, 1.986
  MVP a career                                 0.298, 0.307, 0.31, 0.31, 0.306   | main 0.316, 0.323, 0.31, 0.313, 0.311
  Finals MVP a career                          0.15, 0.153, 0.148, 0.156, 0.153   | main 0.14, 0.159, 0.153, 0.15, 0.156
  Defensive Player of the Year a career        0.072, 0.08, 0.088, 0.077, 0.074   | main 0.076, 0.079, 0.077, 0.081, 0.081
  All-Defensive Team a career                  1.373, 1.371, 1.34, 1.325, 1.336   | main 1.342, 1.383, 1.357, 1.337, 1.361
  Scoring Champion a career                    0.151, 0.165, 0.156, 0.18, 0.153   | main 0.472, 0.485, 0.464, 0.453, 0.468
  Assists Leader a career                      0.056, 0.045, 0.048, 0.053, 0.047   | main 0.126, 0.128, 0.118, 0.119, 0.123
  Rebounding Champion a career                 0.109, 0.102, 0.107, 0.103, 0.104   | main 0.095, 0.095, 0.101, 0.105, 0.099
  Most Improved Player a career                0.167, 0.175, 0.18, 0.171, 0.172   | main 0.191, 0.192, 0.192, 0.193, 0.196
  Sixth Man of the Year a career               0.355, 0.342, 0.347, 0.328, 0.329   | main 0.316, 0.329, 0.338, 0.328, 0.359
  All-Rookie Team a career                     0.229, 0.219, 0.231, 0.229, 0.235   | main 0.089, 0.093, 0.098, 0.089, 0.091
  careers with an MVP, percent                 17.87, 17.4, 18.33, 17.53, 16.97   | main 16.22, 16.85, 16.27, 16.75, 16.68
  careers with an All-NBA, percent             61.75, 61.97, 63.05, 61.38, 61.73   | main 59.07, 58.88, 58.6, 58.68, 58.93
  MVP seasons that missed the playoffs, percent 0, 0, 0, 0, 0   | main 28.35, 25.94, 26.68, 26.82, 27.28
  MVP seasons not All-NBA, percent             0, 0, 0, 0, 0   | main 8.66, 9.2, 8.34, 7.82, 8.36
  MVP and Most Improved together, percent      0, 0, 0, 0, 0   | main 24.97, 24.08, 23.4, 25.39, 23.9
  Rookie of the Year seasons                   286, 282, 292, 282, 291   | main 153, 118, 108, 114, 152
  of them on All-Rookie                        286, 282, 292, 282, 291   | main 0, 0, 0, 0, 0
  All-Rookie in a first season                 1372, 1314, 1385, 1372, 1408   | main 0, 0, 0, 0, 0
  my share of the head to head years           62.43, 62.38, 62.28, 62.57, 62.78   | main 62.33, 63.02, 62.3, 62.52, 62.8
  verdict disagrees with the printed lines     32.62, 32.85, 32.8, 32.68, 32.94   | main 0, 0, 0, 0, 0
  starter points / bench points / rookie starters 16.2, 16.3, 16.3, 16.3, 16.2   | main 19.7, 19.7, 19.7, 19.7, 19.7
    bench                                      7.5, 7.5, 7.6, 7.4, 7.5   | main 10.6, 10.6, 10.6, 10.6, 10.6
    rookie starters                            7.9, 7.9, 8, 7.9, 7.9   | main 13.9, 13.8, 13.7, 13.8, 13.8
  triple double seasons                        22, 16, 17, 14, 8   | main 216, 208, 219, 200, 225
  seasons at 16 points or more, percent        37.64, 37.82, 37.67, 37.43, 37.84   | main 59.83, 59.93, 59.83, 59.83, 60
  careers past 12,000 points, percent          94.55, 94.77, 94.78, 93.72, 94.95   | main 99.58, 99.72, 99.73, 99.5, 99.62
  careers past 25,000 points, percent          24.65, 25.4, 25.2, 25.38, 24.38   | main 54.25, 53.87, 54.33, 54.08, 54.05
  scoring and assists title together           15, 13, 12, 9, 6   | main 497, 474, 420, 462, 458
  SG and SF starter seasons at 8 assists, percent 0.939, 1.007, 1.082, 0.957, 1.048   | main 19.17, 18.676, 18.945, 18.904, 18.513
  gate ppg28, percent of qualified seasons     3.021, 3.255, 3.191, 3.36, 3.252   | main 6.788, 7.112, 6.71, 6.698, 6.787
  gate apg10, percent of qualified seasons     0.597, 0.498, 0.546, 0.512, 0.561   | main 5.228, 5.227, 5.193, 5.148, 5.397
  gate rpg11, percent of qualified seasons     3.674, 3.538, 3.584, 3.581, 3.658   | main 4.702, 4.787, 4.81, 4.821, 4.795
  gate rpg125big, percent of qualified seasons 4.121, 3.993, 4.224, 4.076, 4.124   | main 3.517, 3.596, 3.68, 3.695, 3.659
  gate jump6, percent of qualified seasons     9.982, 10.143, 10.199, 10.051, 10.227   | main 8.439, 8.316, 8.208, 8.313, 8.427
  gate ppg14, percent of qualified seasons     47.667, 47.62, 47.379, 47.114, 47.771   | main 70.328, 70.324, 70.116, 70.208, 70.252
  healthy starters rated 80-83: PG 15.6/3.8/5.6 | 15.5/3.8/5.7 | 15.4/3.8/5.7 | 15.3/3.8/5.6 | 15.4/3.8/5.6   SG 16.7/4.4/2.8 | 16.8/4.3/2.8 | 16.7/4.3/2.7 | 16.7/4.3/2.7 | 16.7/4.3/2.8   SF 15.5/5.7/3.7 | 15.6/5.8/3.8 | 15.6/5.8/3.8 | 15.4/5.7/3.7 | 15.4/5.7/3.8   PF 15.2/6.2/2.4 | 15.3/6.1/2.4 | 15.3/6.2/2.4 | 15.3/6.2/2.4 | 15.2/6.1/2.4   C 14.6/9/2.1 | 14.5/8.9/2.2 | 14.7/9/2.2 | 14.6/9/2.2 | 14.6/9/2.2
  healthy starters rated 88-91: PG 23.7/5/7.8 | 24/5/7.7 | 24/5/7.8 | 23.9/5/7.8 | 24.1/5/7.7   SG 25.3/5.7/4 | 25.4/5.7/4 | 25.4/5.7/4.1 | 25.6/5.7/4.1 | 25.6/5.7/4   SF 23.5/7.5/5.4 | 24.2/7.6/5.6 | 24/7.6/5.5 | 24/7.6/5.6 | 24.1/7.6/5.6   PF 22.9/8.3/3.3 | 22.8/8.3/3.3 | 22.9/8.3/3.3 | 22.8/8.3/3.3 | 23/8.3/3.3   C 21.7/12/3 | 22/12.2/3 | 21.7/12.1/3 | 21.9/12.1/3 | 21.9/12.2/3
  All-Defensive a career by archetype (seed 1): pointgod 0.21, scoringpg 0.015, pest 4.595, bucket 0.008, sniper 0.003, twoway 5.203, alpha 0.038, threed 3.318, pointforward 0.45, stretch4 0.07, bruiser 1.26, swiss 0.645, paintbeast 1.578, stretch 0.003, anchor 3.208
  my share by archetype (seed 1): pointgod 63, scoringpg 68.7, pest 60.8, bucket 69.2, sniper 57.5, twoway 60.8, alpha 74.1, threed 57, pointforward 72, stretch4 65.1, bruiser 62.9, swiss 63.3, paintbeast 60.6, stretch 53.6, anchor 47.5
  the field as the fleet lives it (mean, sd): PG 35.84/16.01 | 35.99/16.11 | 35.97/15.99 | 35.47/16.02 | 36.14/16.04   SG 33.59/15.19 | 34.16/15.4 | 34.07/15.41 | 34.19/15.62 | 33.75/15.04   SF 36.51/16.15 | 36.63/16.54 | 36.52/16.48 | 36.68/16.59 | 36.57/16.36   PF 33.36/14.59 | 33.23/14.57 | 33.24/14.62 | 33.16/14.56 | 33.78/14.73   C 34.97/15.32 | 34.83/15.21 | 34.81/15.24 | 34.76/15.26 | 34.92/15.19

The field, measured on the simNbaAwardsSense fleet (5 seed mean, era neutral, half a schedule or more):
    PG: { mean: 36.8, sd: 16.3 },   // seeds: 36.8/16.3 36.9/16.4 36.9/16.3 36.4/16.3 37.1/16.3
    SG: { mean: 34.8, sd: 15.6 },   // seeds: 34.4/15.4 35.0/15.7 34.9/15.7 35.0/15.9 34.6/15.3
    SF: { mean: 37.4, sd: 16.7 },   // seeds: 37.4/16.4 37.5/16.8 37.4/16.7 37.5/16.8 37.4/16.6
    PF: { mean: 34.1, sd: 14.9 },   // seeds: 34.1/14.8 34.0/14.9 34.0/14.9 33.9/14.8 34.5/14.9
    C: { mean: 35.6, sd: 15.5 },   // seeds: 35.7/15.6 35.6/15.5 35.6/15.5 35.5/15.5 35.7/15.4
The gates at main's percentile: rebounds for Defensive Player 10.4, 10.3, 10.3, 10.3, 10.4 (was 11, 4.78% pass); the jump for Most Improved 6.5, 6.6, 6.6, 6.5, 6.6 (was 6, 8.34%); points for Sixth Man 9.5, 9.5, 9.5, 9.4, 9.5 (was 14, 70.25%)
The grade that holds main's rate on this fleet's own field (worked out from every season's z, not drawn):
    Finals MVP           main 0.152 a career, grade 0.06

NBA_FIELD, measured on the simNbaAwardsSense fleet (5 seed mean, era neutral, half a season or more):
  mvp: { PG: [32.94, 11.18], SG: [31.90, 10.80], SF: [33.71, 11.50], PF: [31.71, 10.42], C: [32.92, 10.90] },
  defense: { PG: [3.02, 1.06], SG: [3.33, 1.27], SF: [4.09, 1.38], PF: [4.05, 1.43], C: [5.59, 2.08] },
  production: { PG: [23.11, 10.22], SG: [22.08, 9.85], SF: [23.83, 10.55], PF: [21.89, 9.48], C: [23.13, 10.01] },
  bench: [7.72, 3.31],
  jump: [-0.01, 7.11],
  fans: [61.79, 24.34],
The grade that puts each award on its target, on this fleet's own field (worked out, not drawn; committed grade in brackets):
    All-NBA        main 1.986 a career: -0.14 [-0.13]
    MVP            main 0.315 a career, at that All-NBA grade: -0.34 [-0.33]
    All-Defensive  main 1.356 a career: 0.19 [0.2]
    All-Star       1.6 times main's All-NBA (24 picks against 15), 3.178 a career: -0.18 [-0.18]
    All-Rookie     the real class, 10 picks of 45 rookies who play, 0.222 a career: -1.80 [-1.8]
    Rookie of the Year  twice main's, 0.043 a career, at that All-Rookie grade: -2.38 [-2.39]; on one grade for the whole class All-Rookie would be 0.505 a career
    Defensive Player  main 0.079 a career, at that All-Defensive grade: 0.24 [0.24]
    Sixth Man      main 0.334 a career: -0.63 [-0.64]
    Most Improved  main 0.193 a career: -0.18 [-0.17]
    at the committed grades the fit expects: All-NBA 1.961, MVP 0.308, All-Defensive 1.344, All-Star 3.161, Rookie of the Year 0.045, All-Rookie 0.222

Sections:
  ok   [E] PG: the committed field 36.8/16.4 against the fleet 36.8/16.3 36.9/16.4 36.9/16.3 36.4/16.3 37.1/16.3 (mean off by at most 0.026 sd, limit 0.08; sd off by at most 0.7 percent, limit 6)
  ok   [E] SG: the committed field 34.9/15.6 against the fleet 34.4/15.4 35.0/15.7 34.9/15.7 35.0/15.9 34.6/15.3 (mean off by at most 0.030 sd, limit 0.08; sd off by at most 2.1 percent, limit 6)
  ok   [E] SF: the committed field 37.4/16.8 against the fleet 37.4/16.4 37.5/16.8 37.4/16.7 37.5/16.8 37.4/16.6 (mean off by at most 0.008 sd, limit 0.08; sd off by at most 2.3 percent, limit 6)
  ok   [E] PF: the committed field 34.3/14.9 against the fleet 34.1/14.8 34.0/14.9 34.0/14.9 33.9/14.8 34.5/14.9 (mean off by at most 0.025 sd, limit 0.08; sd off by at most 0.8 percent, limit 6)
  ok   [E] C: the committed field 35.7/15.5 against the fleet 35.7/15.6 35.6/15.5 35.6/15.5 35.5/15.5 35.7/15.4 (mean off by at most 0.012 sd, limit 0.08; sd off by at most 0.6 percent, limit 6)
  A reads the lines the engine saved; healthy starters of modern careers: 62449, 62395, 62254, 62166, 63138
  ok   [A1] PG mpg: median 31.3, 31.4, 31.3, 31.2, 31.4 inside the real starters' 23.9 to 37.9 (p25 28.5, p75 33.2, partial key, 15 percent of the median wider); 47 percent of the band from the nearer edge
  ok   [A1] PG pts: median 16.1, 16.4, 16.2, 16.0, 16.3 inside the real starters' 11.7 to 26.2 (p25 14.3, p75 23.6, partial key, 15 percent of the median wider); 31 percent of the band from the nearer edge
  ok   [A1] PG reb: median 3.9, 3.9, 3.9, 3.8, 3.9 inside the real starters' 2.7 to 5.2 (p25 3.3, p75 4.6, partial key, 15 percent of the median wider); 47 percent of the band from the nearer edge
  ok   [A1] PG ast: median 5.7, 5.8, 5.8, 5.7, 5.7 inside the real starters' 4.3 to 8.0 (p25 5.2, p75 7.1, partial key, 15 percent of the median wider); 39 percent of the band from the nearer edge
  ok   [A1] PG stl: median 1.3, 1.3, 1.3, 1.3, 1.3 inside the real starters' 0.8 to 1.6 (p25 1, p75 1.4, partial key, 15 percent of the median wider); 36 percent of the band from the nearer edge
  ok   [A1] PG blk: median 0.2, 0.2, 0.2, 0.2, 0.2 inside the real starters' 0.2 to 0.5 (p25 0.2, p75 0.5, partial key, 15 percent of the median wider); 12 percent of the band from the nearer edge
  ok   [A1] SG mpg: median 31.4, 31.3, 31.4, 31.4, 31.2 inside the real starters' 22.1 to 37.8 (p25 26.5, p75 33.4, partial key, 15 percent of the median wider); 41 percent of the band from the nearer edge
  ok   [A1] SG pts: median 17.7, 17.7, 17.8, 17.7, 17.4 inside the real starters' 9.9 to 21.1 (p25 11.8, p75 19.2, partial key, 15 percent of the median wider); 31 percent of the band from the nearer edge
  ok   [A1] SG reb: median 4.4, 4.4, 4.4, 4.4, 4.4 inside the real starters' 2.6 to 5.3 (p25 3.2, p75 4.7, partial key, 15 percent of the median wider); 33 percent of the band from the nearer edge
  ok   [A1] SG ast: median 2.9, 2.9, 2.9, 2.9, 2.9 inside the real starters' 1.7 to 4.2 (p25 2.1, p75 3.8, partial key, 15 percent of the median wider); 48 percent of the band from the nearer edge
  ok   [A1] SG stl: median 1.1, 1.1, 1.1, 1.1, 1.1 inside the real starters' 0.5 to 1.5 (p25 0.7, p75 1.3, partial key, 15 percent of the median wider); 39 percent of the band from the nearer edge
  ok   [A1] SG blk: median 0.4, 0.4, 0.4, 0.4, 0.3 inside the real starters' 0.2 to 0.6 (p25 0.3, p75 0.5, partial key, 15 percent of the median wider); 44 percent of the band from the nearer edge
  ok   [A1] SF mpg: median 31.5, 31.6, 31.5, 31.7, 31.5 inside the real starters' 23.9 to 37.2 (p25 28.4, p75 32.7, partial key, 15 percent of the median wider); 42 percent of the band from the nearer edge
  ok   [A1] SF pts: median 16.8, 17.0, 16.9, 17.0, 16.7 inside the real starters' 9.0 to 23.3 (p25 11.3, p75 21, partial key, 15 percent of the median wider); 45 percent of the band from the nearer edge
  ok   [A1] SF reb: median 6.0, 6.0, 6.0, 6.0, 6.0 inside the real starters' 3.1 to 6.6 (p25 3.9, p75 5.8, partial key, 15 percent of the median wider); 17 percent of the band from the nearer edge
  ok   [A1] SF ast: median 3.8, 3.9, 3.9, 3.9, 3.8 inside the real starters' 1.5 to 4.8 (p25 2, p75 4.3, partial key, 15 percent of the median wider); 28 percent of the band from the nearer edge
  ok   [A1] SF stl: median 1.1, 1.1, 1.1, 1.1, 1.1 inside the real starters' 0.7 to 1.3 (p25 0.8, p75 1.2, partial key, 15 percent of the median wider); 36 percent of the band from the nearer edge
  ok   [A1] SF blk: median 0.4, 0.4, 0.4, 0.4, 0.4 inside the real starters' 0.2 to 0.8 (p25 0.3, p75 0.7, partial key, 15 percent of the median wider); 32 percent of the band from the nearer edge
  ok   [A1] PF mpg: median 31.3, 31.3, 31.4, 31.3, 31.4 inside the real starters' 22.6 to 37.6 (p25 27.1, p75 33.1, partial key, 15 percent of the median wider); 42 percent of the band from the nearer edge
  ok   [A1] PF pts: median 16.1, 16.0, 16.2, 16.1, 16.3 inside the real starters' 9.8 to 20.4 (p25 12, p75 18.2, partial key, 15 percent of the median wider); 40 percent of the band from the nearer edge
  ok   [A1] PF reb: median 6.3, 6.2, 6.3, 6.2, 6.3 inside the real starters' 3.6 to 7.6 (p25 4.4, p75 6.8, partial key, 15 percent of the median wider); 33 percent of the band from the nearer edge
  ok   [A1] PF ast: median 2.4, 2.4, 2.4, 2.4, 2.5 inside the real starters' 1.4 to 3.8 (p25 1.8, p75 3.4, partial key, 15 percent of the median wider); 42 percent of the band from the nearer edge
  ok   [A1] PF stl: median 0.7, 0.7, 0.7, 0.7, 0.7 inside the real starters' 0.6 to 1.2 (p25 0.7, p75 1.1, partial key, 15 percent of the median wider); 20 percent of the band from the nearer edge
  ok   [A1] PF blk: median 0.7, 0.7, 0.7, 0.7, 0.7 inside the real starters' 0.3 to 0.9 (p25 0.4, p75 0.8, partial key, 15 percent of the median wider); 32 percent of the band from the nearer edge
  ok   [A1] C mpg: median 31.2, 31.1, 31.2, 31.2, 31.2 inside the real starters' 20.9 to 34.2 (p25 25, p75 30.1, partial key, 15 percent of the median wider); 23 percent of the band from the nearer edge
  ok   [A1] C pts: median 15.2, 14.9, 15.2, 15.1, 15.0 inside the real starters' 9.1 to 18.1 (p25 10.9, p75 16.3, partial key, 15 percent of the median wider); 34 percent of the band from the nearer edge
  ok   [A1] C reb: median 9.0, 8.9, 9.0, 9.1, 9.0 inside the real starters' 5.9 to 11.2 (p25 7.1, p75 10, partial key, 15 percent of the median wider); 42 percent of the band from the nearer edge
  ok   [A1] C ast: median 2.2, 2.2, 2.2, 2.2, 2.2 inside the real starters' 1.4 to 3.4 (p25 1.7, p75 3.1, partial key, 15 percent of the median wider); 40 percent of the band from the nearer edge
  ok   [A1] C stl: median 0.8, 0.8, 0.8, 0.8, 0.8 inside the real starters' 0.6 to 1.1 (p25 0.7, p75 1, partial key, 15 percent of the median wider); 41 percent of the band from the nearer edge
  ok   [A1] C blk: median 1.0, 1.0, 1.0, 1.0, 1.0 inside the real starters' 0.6 to 1.4 (p25 0.7, p75 1.3, partial key, 15 percent of the median wider); 50 percent of the band from the nearer edge
  note [A1 2003, printed] PG: mpg 31.3 in 25.2..41.7 (37% in); pts 13.1 in 8.4..19.0 (45% in); reb 3.7 in 2.4..4.6 (40% in); ast 4.6 in 4.2..7.7 (12% in); stl 1.2 in 0.9..1.8 (33% in); blk 0.2 in 0.1..0.3 (50% in)
  note [A1 2003, printed] SG: mpg 31.3 in 27.4..43.8 (24% in); pts 14.3 in 11.0..23.5 (26% in); reb 4.2 in 2.9..5.7 (48% in); ast 2.3 in 1.9..5.3 (11% in); stl 1.0 in 0.9..1.7 (12% in); blk 0.4 in 0.1..0.6 (38% in)
  note [A1 2003, printed] SF: mpg 31.5 in 23.9..41.8 (43% in); pts 13.6 in 8.1..19.9 (47% in); reb 5.8 in 3.2..6.6 (25% in); ast 3.1 in 1.5..3.3 (15% in); stl 1.0 in 0.8..1.3 (42% in); blk 0.5 in 0.2..0.5 (12% in)
  note [A1 2003, printed] PF: mpg 31.3 in 26.6..41.7 (31% in); pts 13.1 in 9.5..19.6 (35% in); reb 6.0 in 6.0..11.3 (OUT); ast 1.9 in 1.2..3.5 (32% in); stl 0.7 in 0.7..1.2 (6% in); blk 0.7 in 0.4..1.8 (20% in)
  note [A1 2003, printed] C: mpg 31.1 in 20.8..36.6 (35% in); pts 12.2 in 5.4..12.3 (2% in); reb 8.7 in 5.1..9.7 (22% in); ast 1.8 in 0.7..1.9 (8% in); stl 0.7 in 0.4..0.9 (40% in); blk 1.1 in 0.7..2.2 (27% in)
  note [A1 2003, printed] 1 of 30 cells outside the 2003-04 quartiles (not judged: the lead sets how many may miss)
  ok   [A1] the 2003 line over the 2026 line is the league rows' ratio within 2 percent: ppg 0.810 against 0.808, rpg 0.963 against 0.963, apg 0.797 against 0.798, spg 0.938 against 0.940, bpg 1.075 against 1.063
  ok   [A2] the p99 starter season in pts: 33.1, 33.4, 33.2, 33.4, 33.1, mean 33.24, at or under the league leaders' mean plus one sd (32.8 + 1.7)
  ok   [A2] the p99 starter season in reb: 13.6, 13.6, 13.7, 13.7, 13.7, mean 13.66, at or under the league leaders' mean plus one sd (14.3 + 1.1)
  ok   [A2] the p99 starter season in ast: 9.8, 9.6, 9.8, 9.7, 9.7, mean 9.72, at or under the league leaders' mean plus one sd (10.9 + 0.5)
  ok   [A3] rookies rated 75 to 79 average 8.0, 8.0, 8.0, 8.0, 8.0 points (7.5 to 11.5); starters 9.4, 9.4, 9.4, 9.4, 9.5, bench 5.8, 5.8, 5.8, 5.9, 5.8; 1621, 1645, 1690, 1685, 1619 seasons
  ok   [A3] SG and SF starter seasons at 8 assists or more: 1.10, 1.22, 1.33, 1.16, 1.24 percent of theirs (under 2; main about 19)
  ok   [A3] bench seasons score 47, 46, 46, 46, 46 percent of starters' (36 to 56): 7.8, 7.7, 7.7, 7.7, 7.8 points in 17.3, 17.3, 17.3, 17.2, 17.3 minutes
  ok   [A3] every new season's points have one decimal, and 90, 90, 90, 90, 90 percent of them a non zero one (at least 10)
  ok   [A3] seasons holding both the scoring and the assists title: 15, 13, 12, 9, 6, 55 in 30000 careers (under 1 in 250 careers; main 497, 474, 420, 462, 458, 1 in 13)
  note [A3] 30 points a game: 2.59, 2.89, 2.88, 3.01, 2.80 percent of starter seasons; 10 assists: 0.92, 0.76, 0.85, 0.84, 0.85; triple double seasons in the fleet: 20, 15, 17, 14, 8
  ok   [A3] triple double seasons in thirty elite careers a seed: 9, 7, 6, 9, 8, 39 in all (at least 2 a seed on average, so the badge stays reachable)
  note [A] medians, every role, half a season or more (points/rebounds/assists): PG 13.8/3.4/5  SG 14.8/3.8/2.4  SF 14.6/5.4/3.3  PF 13.7/5.5/2.1  C 12.6/7.8/1.9
  ok   [A4] PG: mean points rise with every rating band (seed 1: 72-75 9.1/2.6/3.6 in 26.5, 76-79 12.1/3.2/4.6 in 28.8, 80-83 16.1/3.8/5.8 in 31.1, 84-87 20.1/4.4/7.0 in 32.9, 88-91 24.2/5.0/8.0 in 34.5)
  ok   [A4] SG: mean points rise with every rating band (seed 1: 72-75 10.0/3.1/1.7 in 26.6, 76-79 13.1/3.6/2.2 in 28.7, 80-83 17.3/4.4/2.9 in 31.1, 84-87 21.6/5.1/3.5 in 32.9, 88-91 26.1/5.8/4.2 in 34.6, 92-95 30.6/6.1/4.7 in 35.9)
  ok   [A4] SF: mean points rise with every rating band (seed 1: 72-75 9.3/4.0/2.3 in 26.5, 76-79 12.2/4.8/3.0 in 28.8, 80-83 16.0/5.8/3.9 in 31.1, 84-87 20.1/6.7/4.7 in 32.9, 88-91 24.0/7.5/5.4 in 34.5, 92-95 28.4/8.4/6.4 in 36.0)
  ok   [A4] PF: mean points rise with every rating band (seed 1: 72-75 9.2/4.3/1.5 in 26.6, 76-79 12.0/5.2/2.0 in 28.8, 80-83 15.7/6.2/2.5 in 31.1, 84-87 19.5/7.2/3.0 in 32.9, 88-91 23.5/8.3/3.4 in 34.6, 92-95 27.4/9.5/3.7 in 36.2)
  ok   [A4] C: mean points rise with every rating band (seed 1: 72-75 8.8/6.2/1.4 in 26.6, 76-79 11.5/7.5/1.8 in 28.8, 80-83 15.1/9.0/2.2 in 31.0, 84-87 18.9/10.6/2.7 in 32.9, 88-91 22.2/12.1/3.0 in 34.4)
  ok   [A5] nbaStatLineFor draws exactly 7 times for a starter, a backup, a rookie and a playoff line (7, 7, 7, 7)
  ok   [A5] the same input and seed give the same line, and the input is left untouched
  ok   [R] my share of the head to head years, percent: mean 62.488 (62.43, 62.38, 62.28, 62.57, 62.78) against main's 62.594 (62.33, 63.02, 62.3, 62.52, 62.8), 0.106 apart, allowed 0.59 (a fixed width)
  ok   [H] Hall of Fame inducted, percent: mean 31.72 (31.88, 31.78, 32.52, 31.87, 30.55) against main's 31.732 (31.7, 31.88, 31.78, 31.75, 31.55), 0.012 apart, allowed 1.14 (a fixed width)
  ok   [H] first ballot, percent: mean 27.456 (27.43, 27.67, 28.08, 27.65, 26.45) against main's 27.562 (27.03, 27.93, 27.83, 27.57, 27.45), 0.106 apart, allowed 1.09 (a fixed width)
  ok   [H] old line careers stamped on calibration 2 in the frozen fixture: 10 (floor 8); read differently today: 0 (none); 2 of them were paid a standout the day they were recorded
  ok   [H] a point guard's points mark: 37400 to 45300 with no game on the new line (Round 1051's 37400 to 45300), 34200 to 42000 at half and half (the midpoint), 31000 to 38700 with every game on it (the ledger's table itself)
  ok   [H] a centre's assists, which only the old line's books list: the full push at 7490 to 8930 with no game on the new line, a push of at most 150 at half and half (must be 150), and no such family with every game on it
  ok   [B6] MVPs a career (sd over careers 0.831): mean 0.306 (0.298, 0.307, 0.31, 0.31, 0.306) against main's 0.315 (0.316, 0.323, 0.31, 0.313, 0.311), 0.008 apart, allowed 0.02 (a fixed width)
  ok   [B6] All-NBA a career (sd over careers 2.349): mean 1.95 (1.91, 1.979, 1.971, 1.934, 1.956) against main's 1.986 (1.972, 2.006, 1.981, 1.987, 1.986), 0.036 apart, allowed 0.058 (a fixed width)
  ok   [B6] All-Defensive a career (sd over careers 2.428): mean 1.349 (1.373, 1.371, 1.34, 1.325, 1.336) against main's 1.356 (1.342, 1.383, 1.357, 1.337, 1.361), 0.007 apart, allowed 0.06 (a fixed width)
  ok   [B6] Finals MVPs a career (sd over careers 0.453): mean 0.152 (0.15, 0.153, 0.148, 0.156, 0.153) against main's 0.152 (0.14, 0.159, 0.153, 0.15, 0.156), 0 apart, allowed 0.011 (a fixed width)
  ok   [B6] careers with an MVP, percent, a fence at this round's own rate: mean 17.62 (17.87, 17.4, 18.33, 17.53, 16.97) against what Round 1103 shipped, 17.442 (17.18, 17.07, 17.73, 17.7, 17.53), 0.178 apart, allowed 0.93 (a fixed width)
  note [B6] NOT held at main's: careers with an MVP, percent is 17.62 here against main's 16.55 (16.22, 16.85, 16.27, 16.75, 16.68), 1.07 points more careers for the same awards a career. The new line alone put it at 18.28 (pass A, the old awards block, 18.43, 17.5, 18.03, 19.15, 18.27); the one pass is 0.66 points back toward main from there. The brief's critic asked for main's band; one grade an award cannot give it, and the lead rules on it.
  ok   [B6] careers with an All-NBA, percent, a fence at this round's own rate: mean 61.976 (61.75, 61.97, 63.05, 61.38, 61.73) against what Round 1103 shipped, 61.94 (61.7, 60.98, 62.35, 62.47, 62.2), 0.036 apart, allowed 1.19 (a fixed width)
  note [B6] NOT held at main's: careers with an All-NBA, percent is 61.98 here against main's 58.83 (59.07, 58.88, 58.6, 58.68, 58.93), 3.14 points more careers for the same awards a career. The new line alone put it at 63.52 (pass A, the old awards block, 63.23, 64.2, 63.28, 63.13, 63.77); the one pass is 1.55 points back toward main from there. The brief's critic asked for main's band; one grade an award cannot give it, and the lead rules on it.
  ok   [B0] every award string agrees with the key that names its team (0 seasons off), every Defensive Player is on an All-Defensive team (0 off), every season has a club record that adds up to its length (0 without)
  ok   [B1] MVP seasons: 9172 in the run (at least 300, or the checks on them are empty)
  ok   [B1] Most Improved seasons: 5190 in the run (at least 100, or the checks on them are empty)
  ok   [B1] MVP seasons on a club that missed the playoffs: 0, 0, 0, 0, 0 of 1786, 1839, 1857, 1857, 1833 (main: one in four)
  ok   [B1] MVP seasons off the All-NBA First Team: 0, 0, 0, 0, 0 (main: one in eleven not All-NBA at all)
  ok   [B1] MVP and Most Improved in one season: 0, 0, 0, 0, 0 (main: one MVP season in four)
  ok   [B1] Most Improved after an earlier All-NBA: 0, 0, 0, 0, 0 of 1003, 1052, 1079, 1023, 1033
  ok   [B2] Rookie of the Year seasons: 1433 in the run (at least 60, or the checks on them are empty)
  ok   [B2] Rookie of the Year seasons off the All-Rookie First Team: 0, 0, 0, 0, 0 of 286, 282, 292, 282, 291 (main: every one)
  ok   [B2] All-Rookie outside a first season: 0, 0, 0, 0, 0
  ok   [B2] All-Rookie selections in first seasons: 1372, 1314, 1385, 1372, 1408 (main: none)
  ok   [B2] first seasons on an All-Rookie team: 22.9, 21.9, 23.1, 22.9, 23.5 percent, 22.8 over the run (18 to 26; the real class is 10 of 45, 22 percent; one grade for the class gave 51)
  note [B2] First Team: 494, 479, 527, 489, 519 seasons, median 10.5, 10.6, 10.5, 10.8, 10.5 points, 4, 5.4, 6.1, 7.2, 6.6 percent bench men. Second Team: 878, 835, 858, 883, 889, median 7.1, 7.1, 7.3, 7, 7.3 points, 31.7, 32.6, 29.8, 31.5, 30.4 percent bench men. On a team under 6 points a game: 268, 252, 232, 271, 255
  ok   [B3] seasons from 2023-24 with an award the games rule names: 65563 in the run (at least 2000, or the checks on them are empty)
  FAIL [B3] from 2023-24, seasons under the games bar holding an award the rule names: 59, 75, 56, 81, 67 of 13005, 13126, 13092, 13109, 13231
  FAIL [B3] before 2023-24 the rule did not exist: 286, 277, 260, 232, 250 seasons under 65 games hold one of those awards (at least 1750 in the run, so "none before" is seen to fire)
  ok   [B3] Sixth Man seasons: 10207 in the run (at least 100, or the checks on them are empty)
  ok   [B3] Sixth Man seasons by a starter: 0, 0, 0, 0, 0 of 2128, 2053, 2083, 1968, 1975
  ok   [B3] seasons under half a schedule holding any award but a Finals MVP: 0, 0, 0, 0, 0
  FAIL [B3] drawn, the 2023-24 season itself: 64 games hold a rule award in 300 of 300 draws (must be 0), 65 games in 300 (at least 290)
  ok   [B3] drawn, the season before the rule: 64 games hold a rule award in 300 of 300 draws (at least 290: no games rule yet), 40 of 82 games in 0 (must be 0: the game's own half season floor)
  ok   [B8] Scoring Champion: an average just under its own league leaders' lowest bar (29.90) wins in 0 of 300 draws (must be 0), one just over their highest (35.74) in 300 (must be 300)
  ok   [B8] Rebounding Champion: an average just under its own league leaders' lowest bar (12.32) wins in 0 of 300 draws (must be 0), one just over their highest (16.22) in 300 (must be 300)
  ok   [B8] Assists Leader: an average just under its own league leaders' lowest bar (10.02) wins in 0 of 300 draws (must be 0), one just over their highest (11.74) in 300 (must be 300)
  ok   [B8] a fan favourite (fanbase 100) on a 6 point season starts the All-Star Game in 145 of 300 draws in 2015-16, when the fans picked alone (at least 60), and in 0 in 2016-17, the first weighted vote (must be 0)
  ok   [B8] the 66 game 2011-12 season asks for its own real minimum, 56 games or 1127 points, 644 rebounds, 321 assists (the rules hold 56, 1127, 644, 321)
  ok   [B8] a full season before 2013-14 asks for 70 games or the total (1,400 points), from 2013-14 for 58 of 82 with no way in on totals, and the 72 game 2020-21 season for 51
  ok   [B8] 2011-12, 34.1 points a game over 40 of 66 games (1364 points, over the 1127 the season asked for): Scoring Champion in 300 of 300 draws (must be 300)
  ok   [B4] All-NBA seasons without an All-Star selection: 0, 0, 0, 0, 0
  ok   [B4] All-NBA First Team seasons that did not start the All-Star Game: 0, 0, 0, 0, 0 of 4646, 5076, 4932, 4931, 4924; MVP seasons that did not: 0, 0, 0, 0, 0 (before the gate the League MVP read "All-Star reserve" in 43 percent of MVP seasons); starters are 39 percent of All-Stars (the real game starts 10 of 24, 42 percent)
  ok   [B4] All-Star starters who spent the season on their own club's bench (and were not on the All-NBA First Team): 0, 0, 0, 0, 0 (must be 0; before the gate one starter in 30); bench men picked for the game at all: 203, 157, 161, 160, 181 (must be above zero: the gate is on the vote, not on the selection)
  ok   [B4] All-Star selections a career over All-NBA: 1.62, 1.59, 1.60, 1.60, 1.60, mean 1.60 (1.25 to 2.4; 24 picks against 15 is 1.6); 3.094, 3.144, 3.149, 3.1, 3.13 All-Star a career, 6996, 7534, 7438, 7394, 7265 of them starters
  ok   [B5] All-Defensive a career: every defender above every scorer (the lowest defender, threed, 3.04; the highest scorer, stretch4, 0.06)
  ok   [B5] the defenders' mean is 199.1 times the scorers' (at least 3; main: a tenth of it, the wrong way round): pest 4.35, twoway 5.29, threed 3.04, anchor 3.28, scoringpg 0.01, bucket 0.01, sniper 0.00, alpha 0.04, stretch4 0.06, stretch 0.00
  ok   [B6] Rookie of the Year a career: 0.048, 0.047, 0.049, 0.047, 0.049, mean 0.048 (between main's 0.022 and three times it)
  ok   [B6] Scoring Champion a career: 0.151, 0.165, 0.156, 0.18, 0.153 (main 0.468; it moves by design, judged as above zero)
  ok   [B6] Assists Leader a career: 0.056, 0.045, 0.048, 0.053, 0.047 (main 0.123; it moves by design, judged as above zero)
  ok   [B6] Rebounding Champion a career: 0.109, 0.102, 0.107, 0.103, 0.104 (main 0.099; it moves by design, judged as above zero)
  ok   [B6] Sixth Man of the Year a career: 0.355, 0.342, 0.347, 0.328, 0.329 (main 0.334; it moves by design, judged as above zero)
  ok   [B6] Most Improved Player a career: 0.167, 0.175, 0.18, 0.171, 0.172 (main 0.193; it moves by design, judged as above zero)
  ok   [B6] Defensive Player of the Year a career: 0.072, 0.08, 0.088, 0.077, 0.074 (main 0.079; it moves by design, judged as above zero)
  ok   [B6] All-Rookie Team a career: 0.229, 0.219, 0.231, 0.229, 0.235 (main 0.092; it moves by design, judged as above zero)
  ok   [B7] decideNbaAwards draws exactly 9 times for a rookie, a bench player, a short season and a season before 2023 (9, 9, 9, 9)
  ok   [B7] the same input and seed give the same awards, and the input is left untouched
  ok   [E] NBA_FIELD mvp PG: committed 32.92/11.23 against the fleet 32.91/11.17 33.07/11.24 33.00/11.14 32.62/11.18 33.11/11.19 (mean off by at most 0.027 sd, limit 0.08; sd off by at most 0.8 percent, limit 6)
  ok   [E] NBA_FIELD mvp SG: committed 31.95/10.85 against the fleet 31.69/10.68 32.02/10.84 32.06/10.83 32.09/11.01 31.66/10.65 (mean off by at most 0.027 sd, limit 0.08; sd off by at most 1.8 percent, limit 6)
  ok   [E] NBA_FIELD mvp SF: committed 33.67/11.54 against the fleet 33.72/11.34 33.82/11.54 33.69/11.56 33.74/11.56 33.59/11.51 (mean off by at most 0.013 sd, limit 0.08; sd off by at most 1.7 percent, limit 6)
  ok   [E] NBA_FIELD mvp PF: committed 31.75/10.35 against the fleet 31.64/10.39 31.67/10.43 31.76/10.47 31.52/10.34 31.97/10.48 (mean off by at most 0.023 sd, limit 0.08; sd off by at most 1.3 percent, limit 6)
  ok   [E] NBA_FIELD mvp C: committed 32.93/10.95 against the fleet 32.94/10.92 32.89/10.95 32.89/10.86 32.90/10.88 32.96/10.87 (mean off by at most 0.004 sd, limit 0.08; sd off by at most 0.8 percent, limit 6)
  ok   [E] NBA_FIELD defense PG: committed 3.02/1.06 against the fleet 3.02/1.07 3.03/1.07 3.03/1.05 3.00/1.06 3.04/1.05 (mean off by at most 0.019 sd, limit 0.08; sd off by at most 0.9 percent, limit 6)
  ok   [E] NBA_FIELD defense SG: committed 3.34/1.28 against the fleet 3.30/1.26 3.34/1.29 3.33/1.28 3.34/1.29 3.32/1.25 (mean off by at most 0.033 sd, limit 0.08; sd off by at most 2.5 percent, limit 6)
  ok   [E] NBA_FIELD defense SF: committed 4.08/1.38 against the fleet 4.09/1.38 4.09/1.39 4.08/1.38 4.10/1.38 4.09/1.37 (mean off by at most 0.011 sd, limit 0.08; sd off by at most 1.1 percent, limit 6)
  ok   [E] NBA_FIELD defense PF: committed 4.05/1.41 against the fleet 4.05/1.42 4.04/1.43 4.03/1.43 4.03/1.43 4.09/1.43 (mean off by at most 0.030 sd, limit 0.08; sd off by at most 1.6 percent, limit 6)
  ok   [E] NBA_FIELD defense C: committed 5.59/2.08 against the fleet 5.60/2.08 5.59/2.07 5.58/2.09 5.57/2.08 5.60/2.08 (mean off by at most 0.009 sd, limit 0.08; sd off by at most 0.4 percent, limit 6)
  ok   [E] NBA_FIELD production PG: committed 23.1/10.29 against the fleet 23.07/10.21 23.18/10.28 23.17/10.20 22.85/10.21 23.28/10.22 (mean off by at most 0.025 sd, limit 0.08; sd off by at most 0.9 percent, limit 6)
  ok   [E] NBA_FIELD production SG: committed 22.15/9.87 against the fleet 21.84/9.74 22.21/9.89 22.16/9.91 22.23/10.05 21.94/9.65 (mean off by at most 0.031 sd, limit 0.08; sd off by at most 2.2 percent, limit 6)
  ok   [E] NBA_FIELD production SF: committed 23.8/10.59 against the fleet 23.79/10.39 23.86/10.62 23.79/10.59 23.90/10.65 23.83/10.50 (mean off by at most 0.009 sd, limit 0.08; sd off by at most 1.9 percent, limit 6)
  ok   [E] NBA_FIELD production PF: committed 21.9/9.39 against the fleet 21.90/9.46 21.82/9.48 21.81/9.48 21.76/9.43 22.15/9.52 (mean off by at most 0.027 sd, limit 0.08; sd off by at most 1.4 percent, limit 6)
  ok   [E] NBA_FIELD production C: committed 23.15/10.01 against the fleet 23.22/10.06 23.12/10.01 23.09/9.98 23.07/10.01 23.17/9.96 (mean off by at most 0.008 sd, limit 0.08; sd off by at most 0.5 percent, limit 6)
  ok   [E] NBA_FIELD bench: committed 7.71/3.3 against the fleet 7.75/3.35 7.71/3.31 7.76/3.32 7.65/3.28 7.73/3.29 (mean off by at most 0.017 sd, limit 0.08; sd off by at most 1.7 percent, limit 6)
  ok   [E] NBA_FIELD jump: committed -0.01/7.09 against the fleet -0.01/7.09 -0.01/7.11 -0.02/7.13 -0.01/7.10 -0.02/7.11 (mean off by at most 0.001 sd, limit 0.08; sd off by at most 0.6 percent, limit 6)
  ok   [E] NBA_FIELD fans: committed 61.81/24.35 against the fleet 61.69/24.32 61.64/24.42 62.07/24.48 61.93/24.29 61.62/24.18 (mean off by at most 0.011 sd, limit 0.08; sd off by at most 0.7 percent, limit 6)
  ok   [D] nbaSeasonStats.ts and nbaCareerAwards.ts both import from ./awardDecision (comments stripped)
  ok   [D] nbaSeasonStats.ts no longer adds points and rebounds a game itself
  ok   [D] the career's MVP win weight (20) is NBA Front Office's (20)
  ok   [D] NBA Front Office ranks the winner over the better producer on the worst club (true), and stops when the shared score loses its winning term (true)
  ok   [D] the career's MVPs over 400 careers change with the same swap (137 against 0)
  ok   [F] the worked example recomputed through the shared score: production 38.8 (printed 38.8), winning share 0.659 (printed .659), weight 20, total 52.0 (printed 52.0)
  ok   [F] the example's 54-28 club is a playoff club by the engine's record bands (41 to 67 wins) and its 34-48 club is not (17 to 40)
  ok   [F] the help says 65 games from the 2023-24 season, 24 All-Star picks and the fans alone before 2016-17; the real rules are 65, 24 and 2016-17 (the rule table holds 65 from 2023, 24 and 2016)
  ok   [F] the page says the Trophy Case holds 23 badges; NBA_BADGES has 23
  ok   [F] the page hands the award rules to its "?"
  ok   [F] no em or en dash in the help rules
  note [F] the guide for /nba-my-career still says, and its owner owes the change: "62 games", "21 of them", "Each of the 21 badges"
  note [C] other sports: not judged in a plain run (SENSE_PROVE_OTHERS=1 judges the hashes)
  note [C, printed for the legacy recalibration round] NFL: 9 seasons won MVP over 2500 careers; 1 of them (11.1 percent) on a club that missed the playoffs, 2 (22.2 percent) without that season's All-Pro
  note [C, printed for the legacy recalibration round] MLB: 42 seasons won MVP or Cy Young over 2500 careers; 21 of them (50.0 percent) on a club that missed the playoffs, 3 (7.1 percent) without that season's All-Star
  note [C, printed for the legacy recalibration round] NHL: 169 seasons won Hart or Norris or Vezina over 2500 careers; 47 of them (27.8 percent) on a club that missed the playoffs, 23 (13.6 percent) without that season's All-Star

control bar62: FIRED, red in B3 (must: B3; may follow: B6, H) and nowhere else
simNbaAwardsSense: 136 checks, 3 failed (full size, control bar62), 138s
