simNbaAwardsSense: 6000 careers a seed, seeds 1, 2, 3, 4, 5, control independent
  seed 1: 114478 seasons, Hall 31.1% (first ballot 27.18%), MVPs 0.33 a career, All-NBA 1.953, my share 63.05%, 18s
  seed 2: 114453 seasons, Hall 31.83% (first ballot 27.62%), MVPs 0.351 a career, All-NBA 1.983, my share 62.57%, 34s
  seed 3: 114697 seasons, Hall 31.87% (first ballot 27.78%), MVPs 0.345 a career, All-NBA 1.965, my share 62.82%, 53s
  seed 4: 114403 seasons, Hall 31.25% (first ballot 27.07%), MVPs 0.348 a career, All-NBA 1.988, my share 62.46%, 66s
  seed 5: 114419 seasons, Hall 31.33% (first ballot 27.52%), MVPs 0.346 a career, All-NBA 1.978, my share 62.22%, 77s

The numbers (this tree, seed by seed, then main):
  Hall of Fame inducted, percent               31.1, 31.83, 31.87, 31.25, 31.33   | main 31.7, 31.88, 31.78, 31.75, 31.55
  first ballot, percent                        27.18, 27.62, 27.78, 27.07, 27.52   | main 27.03, 27.93, 27.83, 27.57, 27.45
  inducted, modern careers                     31.64, 32.33, 32.29, 31.8, 32.09   | main 31.56, 31.42, 31.93, 32.02, 31.09
  inducted, 2003-04 careers                    29.47, 30.33, 30.6, 29.6, 29.07   | main 32.13, 33.27, 31.33, 30.93, 32.93
  legacy score p50                             355, 352, 356, 355, 354   | main 363, 367, 367, 366, 365
  legacy score p90                             942, 972, 971, 968, 955   | main 917, 940, 928, 938, 918
  All-Star a career                            3.188, 3.168, 3.172, 3.189, 3.178   | main 0, 0, 0, 0, 0
  Rookie of the Year a career                  0.047, 0.044, 0.048, 0.044, 0.046   | main 0.026, 0.02, 0.018, 0.019, 0.025
  All-NBA a career                             1.953, 1.983, 1.965, 1.988, 1.978   | main 1.972, 2.006, 1.981, 1.987, 1.986
  MVP a career                                 0.33, 0.351, 0.345, 0.348, 0.346   | main 0.316, 0.323, 0.31, 0.313, 0.311
  Finals MVP a career                          0.151, 0.155, 0.147, 0.149, 0.148   | main 0.14, 0.159, 0.153, 0.15, 0.156
  Defensive Player of the Year a career        0.083, 0.076, 0.078, 0.074, 0.074   | main 0.076, 0.079, 0.077, 0.081, 0.081
  All-Defensive Team a career                  1.396, 1.338, 1.344, 1.354, 1.318   | main 1.342, 1.383, 1.357, 1.337, 1.361
  Scoring Champion a career                    0.151, 0.161, 0.174, 0.176, 0.169   | main 0.472, 0.485, 0.464, 0.453, 0.468
  Assists Leader a career                      0.053, 0.047, 0.04, 0.057, 0.048   | main 0.126, 0.128, 0.118, 0.119, 0.123
  Rebounding Champion a career                 0.102, 0.112, 0.097, 0.103, 0.099   | main 0.095, 0.095, 0.101, 0.105, 0.099
  Most Improved Player a career                0.17, 0.173, 0.171, 0.174, 0.17   | main 0.191, 0.192, 0.192, 0.193, 0.196
  Sixth Man of the Year a career               0.321, 0.345, 0.332, 0.344, 0.328   | main 0.316, 0.329, 0.338, 0.328, 0.359
  All-Rookie Team a career                     0.511, 0.52, 0.521, 0.514, 0.522   | main 0.089, 0.093, 0.098, 0.089, 0.091
  careers with an MVP, percent                 18.7, 19.35, 18.65, 18.78, 19.13   | main 16.22, 16.85, 16.27, 16.75, 16.68
  careers with an All-NBA, percent             62.45, 61.62, 62.2, 62.27, 62.22   | main 59.07, 58.88, 58.6, 58.68, 58.93
  MVP seasons that missed the playoffs, percent 6.22, 6.55, 7.01, 7.24, 6.5   | main 28.35, 25.94, 26.68, 26.82, 27.28
  MVP seasons not All-NBA, percent             3.89, 4.13, 4.78, 4.17, 4.19   | main 8.66, 9.2, 8.34, 7.82, 8.36
  MVP and Most Improved together, percent      0, 0, 0, 0, 0   | main 24.97, 24.08, 23.4, 25.39, 23.9
  Rookie of the Year seasons                   284, 265, 288, 265, 275   | main 153, 118, 108, 114, 152
  of them on All-Rookie                        284, 265, 288, 265, 275   | main 0, 0, 0, 0, 0
  All-Rookie in a first season                 3064, 3120, 3126, 3082, 3129   | main 0, 0, 0, 0, 0
  my share of the head to head years           63.05, 62.57, 62.82, 62.46, 62.22   | main 62.33, 63.02, 62.3, 62.52, 62.8
  verdict disagrees with the printed lines     33.3, 32.84, 33.13, 32.59, 32.65   | main 0, 0, 0, 0, 0
  starter points / bench points / rookie starters 16.3, 16.3, 16.3, 16.2, 16.3   | main 19.7, 19.7, 19.7, 19.7, 19.7
    bench                                      7.5, 7.5, 7.5, 7.5, 7.5   | main 10.6, 10.6, 10.6, 10.6, 10.6
    rookie starters                            7.9, 7.9, 7.9, 7.8, 7.9   | main 13.9, 13.8, 13.7, 13.8, 13.8
  triple double seasons                        18, 11, 10, 10, 17   | main 216, 208, 219, 200, 225
  seasons at 16 points or more, percent        38, 37.63, 37.74, 37.77, 37.84   | main 59.83, 59.93, 59.83, 59.83, 60
  careers past 12,000 points, percent          94.9, 94.5, 94.7, 94.67, 94.23   | main 99.58, 99.72, 99.73, 99.5, 99.62
  careers past 25,000 points, percent          25.47, 25.17, 25.78, 24.93, 25.57   | main 54.25, 53.87, 54.33, 54.08, 54.05
  scoring and assists title together           6, 8, 11, 7, 6   | main 497, 474, 420, 462, 458
  SG and SF starter seasons at 8 assists, percent 0.994, 0.941, 0.913, 0.93, 1.21   | main 19.17, 18.676, 18.945, 18.904, 18.513
  gate ppg28, percent of qualified seasons     3.101, 3.388, 3.317, 3.293, 3.362   | main 6.788, 7.112, 6.71, 6.698, 6.787
  gate apg10, percent of qualified seasons     0.583, 0.539, 0.452, 0.564, 0.535   | main 5.228, 5.227, 5.193, 5.148, 5.397
  gate rpg11, percent of qualified seasons     3.562, 3.643, 3.512, 3.675, 3.485   | main 4.702, 4.787, 4.81, 4.821, 4.795
  gate rpg125big, percent of qualified seasons 4.038, 4.199, 3.977, 4.137, 3.893   | main 3.517, 3.596, 3.68, 3.695, 3.659
  gate jump6, percent of qualified seasons     9.941, 10.102, 10.252, 10.021, 10.081   | main 8.439, 8.316, 8.208, 8.313, 8.427
  gate ppg14, percent of qualified seasons     47.91, 47.402, 47.623, 47.49, 47.633   | main 70.328, 70.324, 70.116, 70.208, 70.252
  healthy starters rated 80-83: PG 15.7/3.8/5.7 | 15.5/3.8/5.6 | 15.5/3.8/5.6 | 15.5/3.8/5.6 | 15.5/3.8/5.7   SG 16.7/4.4/2.7 | 16.8/4.4/2.8 | 16.8/4.3/2.8 | 16.8/4.4/2.8 | 16.6/4.3/2.7   SF 15.5/5.7/3.8 | 15.5/5.7/3.7 | 15.5/5.7/3.7 | 15.5/5.7/3.7 | 15.6/5.8/3.8   PF 15.2/6.1/2.4 | 15.3/6.1/2.4 | 15.2/6.1/2.4 | 15.3/6.2/2.4 | 15.3/6.1/2.4   C 14.6/9/2.2 | 14.6/9/2.2 | 14.6/9/2.2 | 14.5/8.9/2.1 | 14.6/9/2.1
  healthy starters rated 88-91: PG 23.9/5/7.8 | 24.4/5/7.8 | 24.2/5/7.7 | 23.8/5/7.9 | 24.2/5/7.7   SG 25.3/5.7/4.1 | 25.8/5.7/4.1 | 25.5/5.8/4.1 | 25.6/5.7/4.1 | 25.5/5.7/4.1   SF 23.9/7.6/5.5 | 24.3/7.6/5.5 | 24/7.5/5.5 | 24/7.6/5.5 | 24.2/7.6/5.7   PF 22.8/8.3/3.3 | 22.9/8.3/3.3 | 22.9/8.3/3.3 | 22.9/8.3/3.3 | 22.7/8.3/3.2   C 21.9/12.2/3 | 22/12.2/3 | 21.6/12/3 | 21.6/12.2/2.9 | 21.9/12.2/3
  All-Defensive a career by archetype (seed 1): pointgod 0.153, scoringpg 0.01, pest 4.528, bucket 0.005, sniper 0.005, twoway 5.588, alpha 0.03, threed 3.22, pointforward 0.525, stretch4 0.035, bruiser 1.393, swiss 0.62, paintbeast 1.488, stretch 0.003, anchor 3.333
  my share by archetype (seed 1): pointgod 63.2, scoringpg 69.3, pest 62.4, bucket 68.8, sniper 59.8, twoway 60.7, alpha 75.5, threed 55, pointforward 72.4, stretch4 63, bruiser 64.6, swiss 66.5, paintbeast 58.4, stretch 56.7, anchor 49
  the field as the fleet lives it (mean, sd): PG 35.74/15.98 | 35.87/16.23 | 35.62/16.15 | 35.73/15.93 | 35.92/16.19   SG 34.09/15.28 | 34.19/15.48 | 34.36/15.49 | 34.3/15.69 | 34.27/15.44   SF 37.07/16.48 | 36.25/16.32 | 36.29/16.41 | 36.52/16.35 | 36.92/16.69   PF 33.47/14.52 | 33.5/14.53 | 33.78/14.61 | 33.28/14.55 | 33.18/14.33   C 34.78/15.12 | 34.92/15.27 | 34.72/15.18 | 35.05/15.14 | 34.7/15.12

The field, measured on the simNbaAwardsSense fleet (5 seed mean, era neutral, half a schedule or more):
    PG: { mean: 36.7, sd: 16.4 },   // seeds: 36.7/16.3 36.8/16.5 36.5/16.4 36.6/16.2 36.8/16.4
    SG: { mean: 35.1, sd: 15.7 },   // seeds: 34.9/15.5 35.0/15.7 35.2/15.7 35.2/16.0 35.1/15.7
    SF: { mean: 37.5, sd: 16.7 },   // seeds: 37.9/16.7 37.1/16.6 37.1/16.7 37.4/16.6 37.8/17.0
    PF: { mean: 34.2, sd: 14.7 },   // seeds: 34.3/14.8 34.3/14.8 34.6/14.9 34.0/14.8 33.9/14.6
    C: { mean: 35.6, sd: 15.4 },   // seeds: 35.5/15.4 35.7/15.5 35.5/15.4 35.8/15.4 35.5/15.4
The gates at main's percentile: rebounds for Defensive Player 10.3, 10.3, 10.3, 10.4, 10.3 (was 11, 4.78% pass); the jump for Most Improved 6.5, 6.6, 6.6, 6.5, 6.5 (was 6, 8.34%); points for Sixth Man 9.5, 9.4, 9.4, 9.5, 9.5 (was 14, 70.25%)
The grade that holds main's rate on this fleet's own field (worked out from every season's z, not drawn):
    Finals MVP           main 0.152 a career, grade 0.03

NBA_FIELD, measured on the simNbaAwardsSense fleet (5 seed mean, era neutral, half a season or more):
  mvp: { PG: [32.87, 11.17], SG: [32.10, 10.91], SF: [33.71, 11.52], PF: [31.73, 10.39], C: [32.87, 10.87] },
  defense: { PG: [3.02, 1.06], SG: [3.35, 1.28], SF: [4.09, 1.37], PF: [4.06, 1.42], C: [5.59, 2.07] },
  production: { PG: [23.04, 10.24], SG: [22.26, 9.93], SF: [23.85, 10.57], PF: [21.95, 9.41], C: [23.12, 9.95] },
  bench: [7.70, 3.31],
  jump: [-0.01, 7.09],
  fans: [61.72, 24.37],
The grade that puts each award on its target, on this fleet's own field (worked out, not drawn; committed grade in brackets):
    All-NBA        main 1.986 a career: -0.14 [-0.13]
    MVP            main 0.315 a career, at that All-NBA grade: -0.34 [-0.33]
    All-Defensive  main 1.356 a career: 0.19 [0.2]
    All-Star       1.6 times main's All-NBA (24 picks against 15), 3.178 a career: -0.18 [-0.18]
    Rookies        twice main's Rookie of the Year, 0.043 a career: -2.38 [-2.39]; All-Rookie at that grade 0.507 a career
    Defensive Player  main 0.079 a career, at that All-Defensive grade: 0.24 [0.24]
    Sixth Man      main 0.334 a career: -0.65 [-0.64]
    Most Improved  main 0.193 a career: -0.18 [-0.17]
    at the committed grades the fit expects: All-NBA 1.969, MVP 0.308, All-Defensive 1.341, All-Star 3.168, Rookie of the Year 0.044

Sections:
  ok   [E] PG: the committed field 36.8/16.4 against the fleet 36.7/16.3 36.8/16.5 36.5/16.4 36.6/16.2 36.8/16.4 (mean off by at most 0.016 sd, limit 0.08; sd off by at most 1.3 percent, limit 6)
  ok   [E] SG: the committed field 34.9/15.6 against the fleet 34.9/15.5 35.0/15.7 35.2/15.7 35.2/16.0 35.1/15.7 (mean off by at most 0.020 sd, limit 0.08; sd off by at most 2.4 percent, limit 6)
  ok   [E] SF: the committed field 37.4/16.8 against the fleet 37.9/16.7 37.1/16.6 37.1/16.7 37.4/16.6 37.8/17.0 (mean off by at most 0.032 sd, limit 0.08; sd off by at most 1.4 percent, limit 6)
  ok   [E] PF: the committed field 34.3/14.9 against the fleet 34.3/14.8 34.3/14.8 34.6/14.9 34.0/14.8 33.9/14.6 (mean off by at most 0.024 sd, limit 0.08; sd off by at most 2.3 percent, limit 6)
  ok   [E] C: the committed field 35.7/15.5 against the fleet 35.5/15.4 35.7/15.5 35.5/15.4 35.8/15.4 35.5/15.4 (mean off by at most 0.016 sd, limit 0.08; sd off by at most 0.9 percent, limit 6)
  A reads the lines the engine saved; healthy starters of modern careers: 62967, 62815, 62951, 62796, 62978
  ok   [A1] PG mpg: median 31.3, 31.3, 31.3, 31.3, 31.4 inside the real starters' 23.9 to 37.9 (p25 28.5, p75 33.2, partial key, 15 percent of the median wider); 47 percent of the band from the nearer edge
  ok   [A1] PG pts: median 16.3, 16.3, 16.2, 16.3, 16.4 inside the real starters' 11.7 to 26.2 (p25 14.3, p75 23.6, partial key, 15 percent of the median wider); 32 percent of the band from the nearer edge
  ok   [A1] PG reb: median 3.9, 3.9, 3.9, 3.9, 3.9 inside the real starters' 2.7 to 5.2 (p25 3.3, p75 4.6, partial key, 15 percent of the median wider); 48 percent of the band from the nearer edge
  ok   [A1] PG ast: median 5.8, 5.8, 5.7, 5.7, 5.8 inside the real starters' 4.3 to 8.0 (p25 5.2, p75 7.1, partial key, 15 percent of the median wider); 40 percent of the band from the nearer edge
  ok   [A1] PG stl: median 1.3, 1.3, 1.3, 1.3, 1.3 inside the real starters' 0.8 to 1.6 (p25 1, p75 1.4, partial key, 15 percent of the median wider); 36 percent of the band from the nearer edge
  ok   [A1] PG blk: median 0.2, 0.2, 0.2, 0.2, 0.2 inside the real starters' 0.2 to 0.5 (p25 0.2, p75 0.5, partial key, 15 percent of the median wider); 12 percent of the band from the nearer edge
  ok   [A1] SG mpg: median 31.4, 31.4, 31.4, 31.4, 31.4 inside the real starters' 22.1 to 37.8 (p25 26.5, p75 33.4, partial key, 15 percent of the median wider); 41 percent of the band from the nearer edge
  ok   [A1] SG pts: median 17.7, 17.9, 17.8, 17.7, 17.8 inside the real starters' 9.9 to 21.1 (p25 11.8, p75 19.2, partial key, 15 percent of the median wider); 29 percent of the band from the nearer edge
  ok   [A1] SG reb: median 4.4, 4.4, 4.4, 4.4, 4.4 inside the real starters' 2.6 to 5.3 (p25 3.2, p75 4.7, partial key, 15 percent of the median wider); 33 percent of the band from the nearer edge
  ok   [A1] SG ast: median 2.9, 2.9, 2.9, 2.9, 2.9 inside the real starters' 1.7 to 4.2 (p25 2.1, p75 3.8, partial key, 15 percent of the median wider); 48 percent of the band from the nearer edge
  ok   [A1] SG stl: median 1.1, 1.1, 1.1, 1.1, 1.1 inside the real starters' 0.5 to 1.5 (p25 0.7, p75 1.3, partial key, 15 percent of the median wider); 39 percent of the band from the nearer edge
  ok   [A1] SG blk: median 0.4, 0.4, 0.4, 0.4, 0.4 inside the real starters' 0.2 to 0.6 (p25 0.3, p75 0.5, partial key, 15 percent of the median wider); 50 percent of the band from the nearer edge
  ok   [A1] SF mpg: median 31.6, 31.5, 31.5, 31.5, 31.7 inside the real starters' 23.9 to 37.2 (p25 28.4, p75 32.7, partial key, 15 percent of the median wider); 42 percent of the band from the nearer edge
  ok   [A1] SF pts: median 16.8, 16.6, 16.6, 16.7, 17.1 inside the real starters' 9.0 to 23.3 (p25 11.3, p75 21, partial key, 15 percent of the median wider); 46 percent of the band from the nearer edge
  ok   [A1] SF reb: median 6.0, 5.9, 5.9, 5.9, 6.0 inside the real starters' 3.1 to 6.6 (p25 3.9, p75 5.8, partial key, 15 percent of the median wider); 18 percent of the band from the nearer edge
  ok   [A1] SF ast: median 3.9, 3.8, 3.8, 3.8, 3.9 inside the real starters' 1.5 to 4.8 (p25 2, p75 4.3, partial key, 15 percent of the median wider); 29 percent of the band from the nearer edge
  ok   [A1] SF stl: median 1.1, 1.1, 1.1, 1.1, 1.1 inside the real starters' 0.7 to 1.3 (p25 0.8, p75 1.2, partial key, 15 percent of the median wider); 36 percent of the band from the nearer edge
  ok   [A1] SF blk: median 0.4, 0.4, 0.4, 0.4, 0.4 inside the real starters' 0.2 to 0.8 (p25 0.3, p75 0.7, partial key, 15 percent of the median wider); 32 percent of the band from the nearer edge
  ok   [A1] PF mpg: median 31.3, 31.3, 31.3, 31.2, 31.2 inside the real starters' 22.6 to 37.6 (p25 27.1, p75 33.1, partial key, 15 percent of the median wider); 42 percent of the band from the nearer edge
  ok   [A1] PF pts: median 16.0, 16.1, 16.2, 16.0, 15.9 inside the real starters' 9.8 to 20.4 (p25 12, p75 18.2, partial key, 15 percent of the median wider); 41 percent of the band from the nearer edge
  ok   [A1] PF reb: median 6.2, 6.2, 6.2, 6.2, 6.2 inside the real starters' 3.6 to 7.6 (p25 4.4, p75 6.8, partial key, 15 percent of the median wider); 35 percent of the band from the nearer edge
  ok   [A1] PF ast: median 2.4, 2.4, 2.4, 2.4, 2.4 inside the real starters' 1.4 to 3.8 (p25 1.8, p75 3.4, partial key, 15 percent of the median wider); 41 percent of the band from the nearer edge
  ok   [A1] PF stl: median 0.7, 0.7, 0.7, 0.7, 0.7 inside the real starters' 0.6 to 1.2 (p25 0.7, p75 1.1, partial key, 15 percent of the median wider); 20 percent of the band from the nearer edge
  ok   [A1] PF blk: median 0.7, 0.7, 0.7, 0.7, 0.7 inside the real starters' 0.3 to 0.9 (p25 0.4, p75 0.8, partial key, 15 percent of the median wider); 32 percent of the band from the nearer edge
  ok   [A1] C mpg: median 31.1, 31.1, 31.1, 31.1, 31.1 inside the real starters' 20.9 to 34.2 (p25 25, p75 30.1, partial key, 15 percent of the median wider); 23 percent of the band from the nearer edge
  ok   [A1] C pts: median 14.9, 15.1, 14.9, 15.0, 14.9 inside the real starters' 9.1 to 18.1 (p25 10.9, p75 16.3, partial key, 15 percent of the median wider); 35 percent of the band from the nearer edge
  ok   [A1] C reb: median 9.0, 9.0, 9.0, 9.0, 8.9 inside the real starters' 5.9 to 11.2 (p25 7.1, p75 10, partial key, 15 percent of the median wider); 42 percent of the band from the nearer edge
  ok   [A1] C ast: median 2.2, 2.2, 2.2, 2.2, 2.2 inside the real starters' 1.4 to 3.4 (p25 1.7, p75 3.1, partial key, 15 percent of the median wider); 40 percent of the band from the nearer edge
  ok   [A1] C stl: median 0.8, 0.8, 0.8, 0.8, 0.8 inside the real starters' 0.6 to 1.1 (p25 0.7, p75 1, partial key, 15 percent of the median wider); 41 percent of the band from the nearer edge
  ok   [A1] C blk: median 1.0, 1.0, 1.0, 1.0, 1.0 inside the real starters' 0.6 to 1.4 (p25 0.7, p75 1.3, partial key, 15 percent of the median wider); 50 percent of the band from the nearer edge
  note [A1 2003, printed] PG: mpg 31.3 in 25.2..41.7 (37% in); pts 13.1 in 8.4..19.0 (45% in); reb 3.7 in 2.4..4.6 (40% in); ast 4.6 in 4.2..7.7 (12% in); stl 1.2 in 0.9..1.8 (33% in); blk 0.2 in 0.1..0.3 (50% in)
  note [A1 2003, printed] SG: mpg 31.4 in 27.4..43.8 (24% in); pts 14.4 in 11.0..23.5 (27% in); reb 4.2 in 2.9..5.7 (48% in); ast 2.3 in 1.9..5.3 (11% in); stl 1.0 in 0.9..1.7 (12% in); blk 0.4 in 0.1..0.6 (38% in)
  note [A1 2003, printed] SF: mpg 31.5 in 23.9..41.8 (43% in); pts 13.5 in 8.1..19.9 (46% in); reb 5.7 in 3.2..6.6 (25% in); ast 3.1 in 1.5..3.3 (15% in); stl 1.0 in 0.8..1.3 (46% in); blk 0.5 in 0.2..0.5 (12% in)
  note [A1 2003, printed] PF: mpg 31.3 in 26.6..41.7 (31% in); pts 13.0 in 9.5..19.6 (35% in); reb 6.0 in 6.0..11.3 (OUT); ast 1.9 in 1.2..3.5 (31% in); stl 0.7 in 0.7..1.2 (6% in); blk 0.7 in 0.4..1.8 (20% in)
  note [A1 2003, printed] C: mpg 31.1 in 20.8..36.6 (35% in); pts 12.2 in 5.4..12.3 (2% in); reb 8.7 in 5.1..9.7 (23% in); ast 1.7 in 0.7..1.9 (9% in); stl 0.7 in 0.4..0.9 (40% in); blk 1.1 in 0.7..2.2 (27% in)
  note [A1 2003, printed] 1 of 30 cells outside the 2003-04 quartiles (not judged: the lead sets how many may miss)
  ok   [A1] the 2003 line over the 2026 line is the league rows' ratio within 2 percent: ppg 0.810 against 0.808, rpg 0.963 against 0.963, apg 0.797 against 0.798, spg 0.938 against 0.940, bpg 1.075 against 1.063
  ok   [A2] the p99 starter season in pts: 32.9, 33.2, 33.6, 33.5, 33.4, mean 33.32, at or under the league leaders' mean plus one sd (32.8 + 1.7)
  ok   [A2] the p99 starter season in reb: 13.6, 13.7, 13.5, 13.6, 13.6, mean 13.60, at or under the league leaders' mean plus one sd (14.3 + 1.1)
  ok   [A2] the p99 starter season in ast: 9.8, 9.8, 9.6, 9.8, 9.7, mean 9.74, at or under the league leaders' mean plus one sd (10.9 + 0.5)
  ok   [A3] rookies rated 75 to 79 average 8.0, 8.1, 8.1, 7.9, 8.1 points (7.5 to 11.5); starters 9.5, 9.5, 9.3, 9.3, 9.5, bench 5.8, 5.8, 5.9, 5.9, 5.8; 1676, 1632, 1623, 1668, 1684 seasons
  ok   [A3] SG and SF starter seasons at 8 assists or more: 1.14, 1.10, 1.05, 1.12, 1.49 percent of theirs (under 2; main about 19)
  ok   [A3] bench seasons score 46, 46, 46, 46, 46 percent of starters' (36 to 56): 7.7, 7.7, 7.7, 7.7, 7.7 points in 17.3, 17.3, 17.3, 17.3, 17.3 minutes
  ok   [A3] every new season's points have one decimal, and 90, 90, 90, 90, 90 percent of them a non zero one (at least 10)
  ok   [A3] seasons holding both the scoring and the assists title: 6, 8, 11, 7, 6, 38 in 30000 careers (under 1 in 250 careers; main 497, 474, 420, 462, 458, 1 in 13)
  note [A3] 30 points a game: 2.73, 2.97, 2.91, 2.98, 3.04 percent of starter seasons; 10 assists: 0.89, 0.85, 0.71, 0.90, 0.82; triple double seasons in the fleet: 15, 10, 9, 9, 16
  ok   [A3] triple double seasons in thirty elite careers a seed: 9, 7, 6, 9, 8, 39 in all (at least 2 a seed on average, so the badge stays reachable)
  note [A] medians, every role, half a season or more (points/rebounds/assists): PG 13.7/3.4/4.9  SG 15.1/3.9/2.5  SF 14.6/5.4/3.4  PF 13.6/5.5/2.1  C 12.7/7.9/1.9
  ok   [A4] PG: mean points rise with every rating band (seed 1: 72-75 9.3/2.7/3.6 in 26.7, 76-79 12.2/3.2/4.7 in 28.8, 80-83 16.1/3.8/5.8 in 31.1, 84-87 20.2/4.4/6.9 in 32.9, 88-91 24.6/5.0/8.0 in 34.6)
  ok   [A4] SG: mean points rise with every rating band (seed 1: 72-75 10.1/3.1/1.7 in 26.7, 76-79 13.2/3.7/2.2 in 28.8, 80-83 17.2/4.4/2.8 in 31.0, 84-87 21.7/5.1/3.5 in 33.0, 88-91 26.0/5.8/4.2 in 34.5, 92-95 30.5/6.2/4.8 in 36.0)
  ok   [A4] SF: mean points rise with every rating band (seed 1: 72-75 9.1/4.0/2.3 in 26.4, 76-79 12.1/4.8/3.0 in 28.7, 80-83 16.0/5.8/3.9 in 31.1, 84-87 20.1/6.7/4.7 in 32.9, 88-91 24.5/7.6/5.6 in 34.6, 92-95 28.4/8.4/6.3 in 35.9)
  ok   [A4] PF: mean points rise with every rating band (seed 1: 72-75 9.1/4.3/1.5 in 26.6, 76-79 12.1/5.2/2.0 in 28.9, 80-83 15.6/6.2/2.5 in 31.0, 84-87 19.5/7.2/3.0 in 32.9, 88-91 23.4/8.3/3.4 in 34.5, 92-95 26.8/9.8/3.5 in 36.1)
  ok   [A4] C: mean points rise with every rating band (seed 1: 72-75 8.8/6.2/1.4 in 26.5, 76-79 11.6/7.6/1.8 in 28.9, 80-83 15.1/9.1/2.2 in 31.1, 84-87 18.6/10.6/2.6 in 32.8, 88-91 22.5/12.2/3.1 in 34.6)
  ok   [A5] nbaStatLineFor draws exactly 7 times for a starter, a backup, a rookie and a playoff line (7, 7, 7, 7)
  ok   [A5] the same input and seed give the same line, and the input is left untouched
  ok   [R] my share of the head to head years, percent: mean 62.624 (63.05, 62.57, 62.82, 62.46, 62.22) against main's 62.594 (62.33, 63.02, 62.3, 62.52, 62.8), 0.03 apart, allowed 0.599 (three standard errors at 6000 careers a seed)
  ok   [H] Hall of Fame inducted, percent: mean 31.476 (31.1, 31.83, 31.87, 31.25, 31.33) against main's 31.732 (31.7, 31.88, 31.78, 31.75, 31.55), 0.256 apart, allowed 1.14 (three standard errors at 6000 careers a seed)
  ok   [H] first ballot, percent: mean 27.434 (27.18, 27.62, 27.78, 27.07, 27.52) against main's 27.562 (27.03, 27.93, 27.83, 27.57, 27.45), 0.128 apart, allowed 1.094 (three standard errors at 6000 careers a seed)
  FAIL [B6] MVPs a career (sd over careers 0.898): mean 0.344 (0.33, 0.351, 0.345, 0.348, 0.346) against main's 0.315 (0.316, 0.323, 0.31, 0.313, 0.311), 0.029 apart, allowed 0.022 (three standard errors at 6000 careers a seed)
  ok   [B6] All-NBA a career (sd over careers 2.362): mean 1.973 (1.953, 1.983, 1.965, 1.988, 1.978) against main's 1.986 (1.972, 2.006, 1.981, 1.987, 1.986), 0.013 apart, allowed 0.058 (three standard errors at 6000 careers a seed)
  ok   [B6] All-Defensive a career (sd over careers 2.442): mean 1.35 (1.396, 1.338, 1.344, 1.354, 1.318) against main's 1.356 (1.342, 1.383, 1.357, 1.337, 1.361), 0.006 apart, allowed 0.06 (three standard errors at 6000 careers a seed)
  ok   [B6] Finals MVPs a career (sd over careers 0.452): mean 0.15 (0.151, 0.155, 0.147, 0.149, 0.148) against main's 0.152 (0.14, 0.159, 0.153, 0.15, 0.156), 0.002 apart, allowed 0.011 (three standard errors at 6000 careers a seed)
  FAIL [B6] careers with an MVP, percent (main 16.22, 16.85, 16.27, 16.75, 16.68: the same awards a career, spread over more careers): mean 18.922 (18.7, 19.35, 18.65, 18.78, 19.13) against what Round 1103 shipped, 17.442 (17.18, 17.07, 17.73, 17.7, 17.53), 1.48 apart, allowed 0.93 (three standard errors at 6000 careers a seed)
  ok   [B6] careers with an All-NBA, percent (main 59.07, 58.88, 58.6, 58.68, 58.93: the same awards a career, spread over more careers): mean 62.152 (62.45, 61.62, 62.2, 62.27, 62.22) against what Round 1103 shipped, 61.94 (61.7, 60.98, 62.35, 62.47, 62.2), 0.212 apart, allowed 1.189 (three standard errors at 6000 careers a seed)
  ok   [B0] every award string agrees with the key that names its team (0 seasons off), every Defensive Player is on an All-Defensive team (0 off), every season has a club record that adds up to its length (0 without)
  ok   [B1] MVP seasons: 10317 in the run (at least 300, or the checks on them are empty)
  ok   [B1] Most Improved seasons: 5154 in the run (at least 100, or the checks on them are empty)
  FAIL [B1] MVP seasons on a club that missed the playoffs: 123, 138, 145, 151, 135 of 1977, 2108, 2069, 2087, 2076 (main: one in four)
  FAIL [B1] MVP seasons off the All-NBA First Team: 77, 87, 99, 87, 87 (main: one in eleven not All-NBA at all)
  ok   [B1] MVP and Most Improved in one season: 0, 0, 0, 0, 0 (main: one MVP season in four)
  ok   [B1] Most Improved after an earlier All-NBA: 0, 0, 0, 0, 0 of 1022, 1038, 1026, 1046, 1022
  ok   [B2] Rookie of the Year seasons: 1377 in the run (at least 60, or the checks on them are empty)
  ok   [B2] Rookie of the Year seasons off the All-Rookie First Team: 0, 0, 0, 0, 0 of 284, 265, 288, 265, 275 (main: every one)
  ok   [B2] All-Rookie outside a first season: 0, 0, 0, 0, 0
  ok   [B2] All-Rookie selections in first seasons: 3064, 3120, 3126, 3082, 3129 (main: none)
  ok   [B3] seasons from 2023-24 with an award the games rule names: 65954 in the run (at least 2000, or the checks on them are empty)
  FAIL [B3] from 2023-24, seasons under the games bar holding an award the rule names: 76, 86, 98, 86, 87 of 13168, 13282, 13086, 13290, 13128
  ok   [B3] before 2023-24 the rule did not exist: 468, 424, 431, 442, 431 seasons under 65 games hold one of those awards (at least 1750 in the run, so "none before" is seen to fire)
  ok   [B3] Sixth Man seasons: 10013 in the run (at least 100, or the checks on them are empty)
  ok   [B3] Sixth Man seasons by a starter: 0, 0, 0, 0, 0 of 1923, 2070, 1992, 2063, 1965
  FAIL [B3] seasons under half a schedule holding any award but a Finals MVP: 5, 2, 10, 2, 7
  ok   [B4] All-NBA seasons without an All-Star selection: 0, 0, 0, 0, 0
  ok   [B4] All-Star selections a career over All-NBA: 1.63, 1.60, 1.61, 1.60, 1.61, mean 1.61 (1.25 to 2.4; 24 picks against 15 is 1.6); 3.188, 3.168, 3.172, 3.189, 3.178 All-Star a career, 4852, 5119, 5078, 4931, 5018 of them starters
  ok   [B5] All-Defensive a career: every defender above every scorer (the lowest defender, threed, 2.92; the highest scorer, stretch4, 0.05)
  ok   [B5] the defenders' mean is 224.6 times the scorers' (at least 3; main: a tenth of it, the wrong way round): pest 4.40, twoway 5.37, threed 2.92, anchor 3.36, scoringpg 0.01, bucket 0.00, sniper 0.00, alpha 0.04, stretch4 0.05, stretch 0.00
  ok   [B6] Rookie of the Year a career: 0.047, 0.044, 0.048, 0.044, 0.046, mean 0.046 (between main's 0.022 and three times it)
  ok   [B6] Scoring Champion a career: 0.151, 0.161, 0.174, 0.176, 0.169 (main 0.468; it moves by design, judged as above zero)
  ok   [B6] Assists Leader a career: 0.053, 0.047, 0.04, 0.057, 0.048 (main 0.123; it moves by design, judged as above zero)
  ok   [B6] Rebounding Champion a career: 0.102, 0.112, 0.097, 0.103, 0.099 (main 0.099; it moves by design, judged as above zero)
  ok   [B6] Sixth Man of the Year a career: 0.321, 0.345, 0.332, 0.344, 0.328 (main 0.334; it moves by design, judged as above zero)
  ok   [B6] Most Improved Player a career: 0.17, 0.173, 0.171, 0.174, 0.17 (main 0.193; it moves by design, judged as above zero)
  ok   [B6] Defensive Player of the Year a career: 0.083, 0.076, 0.078, 0.074, 0.074 (main 0.079; it moves by design, judged as above zero)
  ok   [B6] All-Rookie Team a career: 0.511, 0.52, 0.521, 0.514, 0.522 (main 0.092; it moves by design, judged as above zero)
  ok   [B7] decideNbaAwards draws exactly 9 times for a rookie, a bench player, a short season and a season before 2023 (9, 9, 9, 9)
  ok   [B7] the same input and seed give the same awards, and the input is left untouched
  ok   [E] NBA_FIELD mvp PG: committed 32.92/11.23 against the fleet 32.90/11.14 32.89/11.25 32.77/11.21 32.79/11.05 33.02/11.21 (mean off by at most 0.014 sd, limit 0.08; sd off by at most 1.6 percent, limit 6)
  ok   [E] NBA_FIELD mvp SG: committed 31.95/10.85 against the fleet 31.97/10.78 32.16/10.92 32.19/10.90 32.16/11.09 32.04/10.87 (mean off by at most 0.022 sd, limit 0.08; sd off by at most 2.3 percent, limit 6)
  ok   [E] NBA_FIELD mvp SF: committed 33.67/11.54 against the fleet 33.91/11.49 33.44/11.46 33.53/11.52 33.71/11.48 33.97/11.68 (mean off by at most 0.026 sd, limit 0.08; sd off by at most 1.2 percent, limit 6)
  ok   [E] NBA_FIELD mvp PF: committed 31.75/10.35 against the fleet 31.73/10.43 31.75/10.36 31.99/10.49 31.68/10.38 31.50/10.26 (mean off by at most 0.024 sd, limit 0.08; sd off by at most 1.3 percent, limit 6)
  ok   [E] NBA_FIELD mvp C: committed 32.93/10.95 against the fleet 32.75/10.83 33.00/10.92 32.86/10.83 32.97/10.88 32.79/10.88 (mean off by at most 0.016 sd, limit 0.08; sd off by at most 1.1 percent, limit 6)
  ok   [E] NBA_FIELD defense PG: committed 3.02/1.06 against the fleet 3.02/1.07 3.02/1.06 3.01/1.07 3.02/1.06 3.02/1.06 (mean off by at most 0.011 sd, limit 0.08; sd off by at most 1.1 percent, limit 6)
  ok   [E] NBA_FIELD defense SG: committed 3.34/1.28 against the fleet 3.34/1.28 3.34/1.27 3.35/1.28 3.35/1.29 3.35/1.27 (mean off by at most 0.010 sd, limit 0.08; sd off by at most 1.1 percent, limit 6)
  ok   [E] NBA_FIELD defense SF: committed 4.08/1.38 against the fleet 4.13/1.37 4.07/1.37 4.06/1.37 4.09/1.37 4.11/1.38 (mean off by at most 0.039 sd, limit 0.08; sd off by at most 0.6 percent, limit 6)
  ok   [E] NBA_FIELD defense PF: committed 4.05/1.41 against the fleet 4.07/1.42 4.07/1.41 4.09/1.42 4.05/1.42 4.04/1.41 (mean off by at most 0.027 sd, limit 0.08; sd off by at most 0.8 percent, limit 6)
  ok   [E] NBA_FIELD defense C: committed 5.59/2.08 against the fleet 5.59/2.07 5.60/2.08 5.57/2.08 5.63/2.08 5.57/2.06 (mean off by at most 0.019 sd, limit 0.08; sd off by at most 0.9 percent, limit 6)
  ok   [E] NBA_FIELD production PG: committed 23.1/10.29 against the fleet 23.02/10.18 23.09/10.31 22.94/10.28 23.01/10.13 23.13/10.29 (mean off by at most 0.016 sd, limit 0.08; sd off by at most 1.5 percent, limit 6)
  ok   [E] NBA_FIELD production SG: committed 22.15/9.87 against the fleet 22.16/9.80 22.23/9.94 22.33/9.93 22.30/10.08 22.28/9.90 (mean off by at most 0.018 sd, limit 0.08; sd off by at most 2.2 percent, limit 6)
  ok   [E] NBA_FIELD production SF: committed 23.8/10.59 against the fleet 24.15/10.59 23.61/10.47 23.64/10.56 23.80/10.51 24.06/10.72 (mean off by at most 0.033 sd, limit 0.08; sd off by at most 1.2 percent, limit 6)
  ok   [E] NBA_FIELD production PF: committed 21.9/9.39 against the fleet 21.97/9.43 21.98/9.42 22.16/9.47 21.84/9.43 21.77/9.29 (mean off by at most 0.028 sd, limit 0.08; sd off by at most 1.0 percent, limit 6)
  ok   [E] NBA_FIELD production C: committed 23.15/10.01 against the fleet 23.08/9.91 23.17/10.00 23.05/9.97 23.27/9.94 23.03/9.93 (mean off by at most 0.012 sd, limit 0.08; sd off by at most 1.0 percent, limit 6)
  ok   [E] NBA_FIELD bench: committed 7.71/3.3 against the fleet 7.69/3.29 7.71/3.31 7.71/3.32 7.73/3.34 7.68/3.29 (mean off by at most 0.008 sd, limit 0.08; sd off by at most 1.2 percent, limit 6)
  ok   [E] NBA_FIELD jump: committed -0.01/7.09 against the fleet -0.01/7.06 -0.01/7.10 -0.01/7.12 -0.01/7.09 -0.02/7.10 (mean off by at most 0.001 sd, limit 0.08; sd off by at most 0.4 percent, limit 6)
  ok   [E] NBA_FIELD fans: committed 61.81/24.35 against the fleet 61.48/24.37 61.81/24.41 61.94/24.42 61.60/24.27 61.76/24.41 (mean off by at most 0.013 sd, limit 0.08; sd off by at most 0.3 percent, limit 6)
  ok   [D] nbaSeasonStats.ts and nbaCareerAwards.ts both import from ./awardDecision (comments stripped)
  ok   [D] nbaSeasonStats.ts no longer adds points and rebounds a game itself
  ok   [D] the career's MVP win weight (20) is NBA Front Office's (20)
  ok   [D] NBA Front Office ranks the winner over the better producer on the worst club (true), and stops when the shared score loses its winning term (true)
  ok   [D] the career's MVPs over 400 careers change with the same swap (167 against 0)
  ok   [F] the worked example recomputed through the shared score: production 38.8 (printed 38.8), winning share 0.659 (printed .659), weight 20, total 52.0 (printed 52.0)
  ok   [F] the example's 54-28 club is a playoff club by the engine's record bands (41 to 67 wins) and its 34-48 club is not (17 to 40)
  ok   [F] the help says 65 games and 24 All-Star picks; the rules say 65 and 24
  ok   [F] the page says the Trophy Case holds 23 badges; NBA_BADGES has 23
  ok   [F] the page hands the award rules to its "?"
  ok   [F] no em or en dash in the help rules
  note [F] the guide for /nba-my-career still says, and its owner owes the change: "62 games", "21 of them", "Each of the 21 badges"
  note [C] other sports: not judged in a plain run (SENSE_PROVE_OTHERS=1 judges the hashes)
  note [C, printed for the legacy recalibration round] NFL: 2 seasons won MVP over 100 careers; 0 of them (0.0 percent) on a club that missed the playoffs, 1 (50.0 percent) without that season's All-Pro
  note [C, printed for the legacy recalibration round] MLB: 3 seasons won MVP or Cy Young over 100 careers; 2 of them (66.7 percent) on a club that missed the playoffs, 0 (0.0 percent) without that season's All-Star
  note [C, printed for the legacy recalibration round] NHL: 10 seasons won Hart or Norris or Vezina over 100 careers; 4 of them (40.0 percent) on a club that missed the playoffs, 0 (0.0 percent) without that season's All-Star

control independent: FIRED, red in B6, B1, B3 (must: B1; may follow: B3, B6, H) and nowhere else
simNbaAwardsSense: 121 checks, 6 failed (full size, control independent), 111s
