simUsRivalSense: seeds 1, 2, 3, 4, 5, 1500 careers a sport a seed (full size), control oldscalenfl
T) the table on this tree (measured, printed; judged only where a sport is bound)
   bound nfl: my share of the head to head years by seed 91.7, 92.2, 92.0, 92.2, 91.9 (mean 91.99)
     QB    judged  14099  off shape   0.0%  unread   0.0%  verdict against the printed lines: 8.2% disagree  my share 50.7%  (now 51.8, y2005 49.6)  as a healthy starter 78.5% of 8843  near ties 10.1%  rival retired behind me in 53.8% of 940 careers
     RB    judged  10708  off shape   0.0%  unread   0.0%  verdict against the printed lines: 64.2% disagree  my share 89.3%  (now 89.7, y2005 88.9)  as a healthy starter 99.4% of 5449  near ties 4.0%  rival retired behind me in 0.0% of 940 careers
     WR    judged  13859  off shape   0.0%  unread   0.0%  verdict against the printed lines: 62.1% disagree  my share 97.8%  (now 97.8, y2005 97.8)  as a healthy starter 100.0% of 8520  near ties 1.4%  rival retired behind me in 76.7% of 940 careers
     TE    judged  14000  off shape   0.0%  unread   0.0%  verdict against the printed lines: 62.3% disagree  my share 99.8%  (now 99.8, y2005 99.7)  as a healthy starter 100.0% of 8558  near ties 0.3%  rival retired behind me in 87.4% of 940 careers
     LB    judged  13691  off shape   0.0%  unread   0.0%  verdict against the printed lines: 65.4% disagree  my share 99.6%  (now 99.8, y2005 99.5)  as a healthy starter 100.0% of 8154  near ties 0.2%  rival retired behind me in 75.7% of 935 careers
     CB    judged  13295  off shape   0.0%  unread   0.0%  verdict against the printed lines: 69.3% disagree  my share 99.9%  (now 99.9, y2005 99.9)  as a healthy starter 100.0% of 7666  near ties 0.0%  rival retired behind me in 60.3% of 935 careers
     EDGE  judged  13866  off shape   0.0%  unread   0.0%  verdict against the printed lines: 61.2% disagree  my share 99.1%  (now 99.2, y2005 99.1)  as a healthy starter 100.0% of 8127  near ties 0.5%  rival retired behind me in 87.8% of 935 careers
     K     judged  14100  off shape   0.0%  unread   0.0%  verdict against the printed lines: 36.3% disagree  my share 100.0%  (now 100.0, y2005 100.0)  as a healthy starter 100.0% of 14008  near ties 0.0%  rival retired behind me in 100.0% of 935 careers
     by job: starter 97.2% of 69325, backup 82.1% of 32414, hurt 85.1% of 5879
     by age: 24 and under 89.6% of 22500, 25 to 27 92.8% of 22500, 28 to 30 93.6% of 22500, 31 to 33 91.9% of 21927, 34 and over 92.1% of 18191
     disagreeing, for example: RB 2026: mine "696 rush yds, 7 TD, 30 rec" his "931 rush yds, 7 TD, 28 rec", the save gave the year to me | RB 2028: mine "474 rush yds, 4 TD, 20 rec" his "829 rush yds, 6 TD, 31 rec", the save gave the year to me | RB 2029: mine "611 rush yds, 5 TD, 24 rec" his "946 rush yds, 7 TD, 36 rec", the save gave the year to me
     the error of the pooled share, by career: 0.23 points (one standard error at this size)
   not bound mlb: my share of the head to head years by seed 41.1, 42.2, 41.1, 42.0, 41.3 (mean 41.55)
     SP    judged  10947  off shape 100.0%  unread 100.0%  verdict against the printed lines: cannot be asked  my share 9.4%  as a healthy starter 13.6% of 5982  near ties 3.4%  rival retired behind me in 0.6% of 685 careers
     RP    judged  10937  off shape 100.0%  unread 100.0%  verdict against the printed lines: cannot be asked  my share 8.3%  as a healthy starter 8.6% of 9917  near ties 2.6%  rival retired behind me in 0.1% of 685 careers
     C     judged  10873  off shape 100.0%  unread 100.0%  verdict against the printed lines: cannot be asked  my share 26.5%  as a healthy starter 41.0% of 5618  near ties 9.8%  rival retired behind me in 10.4% of 685 careers
     1B    judged  10947  off shape 100.0%  unread 100.0%  verdict against the printed lines: cannot be asked  my share 60.6%  as a healthy starter 81.1% of 6333  near ties 10.0%  rival retired behind me in 65.1% of 685 careers
     2B    judged  10821  off shape 100.0%  unread 100.0%  verdict against the printed lines: cannot be asked  my share 29.0%  as a healthy starter 41.5% of 5986  near ties 10.1%  rival retired behind me in 14.4% of 680 careers
     3B    judged  10847  off shape 100.0%  unread 100.0%  verdict against the printed lines: cannot be asked  my share 56.7%  as a healthy starter 76.1% of 6137  near ties 10.9%  rival retired behind me in 58.8% of 680 careers
     SS    judged  10857  off shape 100.0%  unread 100.0%  verdict against the printed lines: cannot be asked  my share 44.0%  as a healthy starter 59.5% of 6413  near ties 12.2%  rival retired behind me in 38.1% of 680 careers
     LF    judged  10875  off shape 100.0%  unread 100.0%  verdict against the printed lines: cannot be asked  my share 53.8%  as a healthy starter 70.9% of 6536  near ties 11.0%  rival retired behind me in 55.7% of 680 careers
     CF    judged  10876  off shape 100.0%  unread 100.0%  verdict against the printed lines: cannot be asked  my share 42.8%  as a healthy starter 59.1% of 6377  near ties 11.2%  rival retired behind me in 34.9% of 680 careers
     RF    judged  10892  off shape 100.0%  unread 100.0%  verdict against the printed lines: cannot be asked  my share 56.5%  as a healthy starter 76.4% of 6243  near ties 10.2%  rival retired behind me in 59.6% of 680 careers
     DH    judged  10897  off shape 100.0%  unread 100.0%  verdict against the printed lines: cannot be asked  my share 69.7%  as a healthy starter 84.9% of 7140  near ties 9.3%  rival retired behind me in 81.0% of 680 careers
     by job: starter 54.1% of 72682, backup 22.3% of 41736, hurt 21.3% of 5351
     by age: 24 and under 33.5% of 30000, 25 to 27 36.3% of 22500, 28 to 30 38.5% of 22500, 31 to 33 46.9% of 22500, 34 and over 55.5% of 22269
     off shape, for example: SP: "0.261, 14 HR" | SP: "0.241, 6 HR" | SP: "0.278, 20 HR"
     the error of the pooled share, by career: 0.33 points (one standard error at this size)
   not bound nhl: my share of the head to head years by seed 57.4, 57.4, 58.2, 59.3, 57.8 (mean 58.03)
     C     judged  27775  off shape 100.0%  unread   0.0%  verdict against the printed lines: 0.0% disagree  my share 64.3%  as a healthy starter 86.5% of 18968  near ties 9.6%  rival retired behind me in 72.1% of 1500 careers
     LW    judged  27768  off shape 100.0%  unread   0.0%  verdict against the printed lines: 0.0% disagree  my share 59.5%  as a healthy starter 85.6% of 17538  near ties 9.8%  rival retired behind me in 65.3% of 1500 careers
     RW    judged  27792  off shape 100.0%  unread   0.0%  verdict against the printed lines: 0.0% disagree  my share 64.2%  as a healthy starter 87.4% of 18599  near ties 9.4%  rival retired behind me in 73.3% of 1500 careers
     D     judged  27820  off shape 100.0%  unread   0.0%  verdict against the printed lines: 0.0% disagree  my share 39.4%  as a healthy starter 55.1% of 19058  near ties 15.8%  rival retired behind me in 30.1% of 1500 careers
     G     judged  27787  off shape 100.0%  unread 100.0%  verdict against the printed lines: cannot be asked  my share 62.7%  as a healthy starter 84.9% of 19344  near ties 11.7%  rival retired behind me in 70.8% of 1500 careers
     by job: starter 79.8% of 93507, backup 11.3% of 38988, hurt 24.9% of 6447
     by age: 24 and under 48.0% of 48764, 25 to 27 63.7% of 22500, 28 to 30 65.3% of 22500, 31 to 33 68.9% of 22500, 34 and over 55.8% of 22678
     off shape, for example: C: "24G 29A 53P" | C: "23G 30A 53P" | C: "22G 29A 51P"
     the error of the pooled share, by career: 0.29 points (one standard error at this size)
N) the NFL rival plays the player's position on the player's own line
   ok   N.U1: the hook takes exactly the draws the law gives its position, 3 or a kicker's 1 (960 hand built seasons)
   FAIL N.U2: his season is nflStatLineFor's own on his keyed stream at the season's real length (16 and 17 games seen), printed by the player's printer, scored off the printed text, with wonAward's answer: QB 2005 form 70: the hook gave "2,804 yds, 14 TD, 16 INT" 74.73333333333333 false, rebuilt "2,804 yds, 14 TD, 16 INT" 76.01666666666667 false | QB 2012 form 77: the hook gave "3,395 yds, 21 TD, 13 INT" 98.58333333333334 false, rebuilt "3,395 yds, 21 TD, 13 INT" 108.12916666666666 false | QB 2020 form 84: the hook gave "3,764 yds, 28 TD, 13 INT" 118.73333333333333 false, rebuilt "3,764 yds, 28 TD, 13 INT" 132.61666666666667 false
   ok   N.U3: the same rival, form, year and draws give the same season, and the rival is left untouched
   ok   N.U5: where the first team names one man he is never on it in a season the player is (reached QB 22, RB 26, TE 18, K 5 times; he made a first team at every position: QB 43, RB 50, WR 43, TE 37, LB 40, CB 36, EDGE 42, K 13)
   ok   N.F1: every rival line the fleet prints is in the player's own shape at his position (0 of 107618 off shape)
   FAIL N.F2: the verdict on the save never disagrees with the two printed lines scored the one way (57141 of 107618 judged years disagree, 0 unread)
control oldscalenfl: FIRED (must turn N.U2,N.F2 red; red: N.U2, N.F2)
simUsRivalSense: 6 checks, 2 failed (full size), red sections: N.U2, N.F2
