simNbaAwardsSense: 40 careers a seed, seeds 1, 2, 3, 4, 5, control othersport (quick run, bands not judged)
  seed 1: 760 seasons, Hall 30% (first ballot 25%), MVPs 0.35 a career, All-NBA 1.45, my share 65.22%, 0s
  seed 2: 772 seasons, Hall 40% (first ballot 37.5%), MVPs 0.425 a career, All-NBA 2.65, my share 65.85%, 1s
  seed 3: 770 seasons, Hall 22.5% (first ballot 12.5%), MVPs 0.15 a career, All-NBA 1.45, my share 61.45%, 1s
  seed 4: 752 seasons, Hall 25% (first ballot 20%), MVPs 0.2 a career, All-NBA 1.55, my share 61.48%, 1s
  seed 5: 761 seasons, Hall 47.5% (first ballot 37.5%), MVPs 0.45 a career, All-NBA 2.55, my share 59.86%, 1s

The numbers (this tree, seed by seed, then main):
  Hall of Fame inducted, percent               30, 40, 22.5, 25, 47.5   | main 31.7, 31.88, 31.78, 31.75, 31.55
  first ballot, percent                        25, 37.5, 12.5, 20, 37.5   | main 27.03, 27.93, 27.83, 27.57, 27.45
  inducted, modern careers                     30, 46.67, 26.67, 30, 43.33   | main 31.56, 31.42, 31.93, 32.02, 31.09
  inducted, 2003-04 careers                    30, 20, 10, 10, 60   | main 32.13, 33.27, 31.33, 30.93, 32.93
  legacy score p50                             390, 412, 338, 287, 460   | main 363, 367, 367, 366, 365
  legacy score p90                             1158, 1541, 619, 1099, 1136   | main 917, 940, 928, 938, 918
  All-Star a career                            2.55, 4.05, 2.575, 2.4, 3.35   | main 0, 0, 0, 0, 0
  Rookie of the Year a career                  0.075, 0.025, 0.075, 0.025, 0.05   | main 0.026, 0.02, 0.018, 0.019, 0.025
  All-NBA a career                             1.45, 2.65, 1.45, 1.55, 2.55   | main 1.972, 2.006, 1.981, 1.987, 1.986
  MVP a career                                 0.35, 0.425, 0.15, 0.2, 0.45   | main 0.316, 0.323, 0.31, 0.313, 0.311
  Finals MVP a career                          0.275, 0.275, 0, 0.1, 0.25   | main 0.14, 0.159, 0.153, 0.15, 0.156
  Defensive Player of the Year a career        0.025, 0.05, 0, 0.025, 0.125   | main 0.076, 0.079, 0.077, 0.081, 0.081
  All-Defensive Team a career                  1.25, 1.55, 1.25, 1.35, 1.05   | main 1.342, 1.383, 1.357, 1.337, 1.361
  Scoring Champion a career                    0.15, 0.2, 0.05, 0.175, 0.05   | main 0.472, 0.485, 0.464, 0.453, 0.468
  Assists Leader a career                      0.025, 0.025, 0, 0.15, 0.025   | main 0.126, 0.128, 0.118, 0.119, 0.123
  Rebounding Champion a career                 0.025, 0.15, 0.1, 0.05, 0.325   | main 0.095, 0.095, 0.101, 0.105, 0.099
  Most Improved Player a career                0.225, 0.1, 0.175, 0.15, 0.125   | main 0.191, 0.192, 0.192, 0.193, 0.196
  Sixth Man of the Year a career               0.275, 0.325, 0.275, 0.125, 0.25   | main 0.316, 0.329, 0.338, 0.328, 0.359
  All-Rookie Team a career                     0.25, 0.15, 0.35, 0.175, 0.25   | main 0.089, 0.093, 0.098, 0.089, 0.091
  careers with an MVP, percent                 20, 25, 15, 10, 32.5   | main 16.22, 16.85, 16.27, 16.75, 16.68
  careers with an All-NBA, percent             52.5, 60, 65, 52.5, 55   | main 59.07, 58.88, 58.6, 58.68, 58.93
  MVP seasons that missed the playoffs, percent 0, 0, 0, 0, 0   | main 28.35, 25.94, 26.68, 26.82, 27.28
  MVP seasons not All-NBA, percent             0, 0, 0, 0, 0   | main 8.66, 9.2, 8.34, 7.82, 8.36
  MVP and Most Improved together, percent      0, 0, 0, 0, 0   | main 24.97, 24.08, 23.4, 25.39, 23.9
  Rookie of the Year seasons                   3, 1, 3, 1, 2   | main 153, 118, 108, 114, 152
  of them on All-Rookie                        3, 1, 3, 1, 2   | main 0, 0, 0, 0, 0
  All-Rookie in a first season                 10, 6, 14, 7, 10   | main 0, 0, 0, 0, 0
  my share of the head to head years           65.22, 65.85, 61.45, 61.48, 59.86   | main 62.33, 63.02, 62.3, 62.52, 62.8
  verdict disagrees with the printed lines     35.53, 33.29, 32.94, 29.78, 29.13   | main 0, 0, 0, 0, 0
  starter points / bench points / rookie starters 15.6, 16.7, 15.8, 16.1, 16.7   | main 19.7, 19.7, 19.7, 19.7, 19.7
    bench                                      7.4, 7.4, 7.5, 6.7, 6.8   | main 10.6, 10.6, 10.6, 10.6, 10.6
    rookie starters                            7.6, 7.2, 7.6, 7.2, 8.4   | main 13.9, 13.8, 13.7, 13.8, 13.8
  triple double seasons                        0, 0, 0, 0, 0   | main 216, 208, 219, 200, 225
  seasons at 16 points or more, percent        36.05, 41.45, 34.03, 36.97, 38.5   | main 59.83, 59.93, 59.83, 59.83, 60
  careers past 12,000 points, percent          97.5, 95, 92.5, 92.5, 85   | main 99.58, 99.72, 99.73, 99.5, 99.62
  careers past 25,000 points, percent          20, 32.5, 20, 25, 32.5   | main 54.25, 53.87, 54.33, 54.08, 54.05
  scoring and assists title together           0, 0, 0, 0, 0   | main 497, 474, 420, 462, 458
  SG and SF starter seasons at 8 assists, percent 3.398, 2.479, 2.304, 1.653, 2.74   | main 19.17, 18.676, 18.945, 18.904, 18.513
  gate ppg28, percent of qualified seasons     2.747, 3.571, 2.313, 3.641, 3.333   | main 6.788, 7.112, 6.71, 6.698, 6.787
  gate apg10, percent of qualified seasons     0.275, 0.549, 0.272, 0.98, 0.139   | main 5.228, 5.227, 5.193, 5.148, 5.397
  gate rpg11, percent of qualified seasons     3.297, 4.67, 2.585, 3.501, 3.889   | main 4.702, 4.787, 4.81, 4.821, 4.795
  gate rpg125big, percent of qualified seasons 3.125, 4.61, 2, 3.321, 6.714   | main 3.517, 3.596, 3.68, 3.695, 3.659
  gate jump6, percent of qualified seasons     12.064, 10.32, 9.51, 9.792, 9.735   | main 8.439, 8.316, 8.208, 8.313, 8.427
  gate ppg14, percent of qualified seasons     47.665, 51.923, 45.714, 46.078, 47.5   | main 70.328, 70.324, 70.116, 70.208, 70.252
  healthy starters rated 80-83: PG 15.1/3.8/5.9 | 15.1/3.8/5.7 | 15.3/3.8/5.4 | 14.2/3.8/5.7 | 15.4/3.7/6.1   SG 16.4/4.2/2.5 | 17.9/4.3/2.8 | 17.2/4.2/2.7 | 16.1/4.1/2.4 | 16.3/4.2/2.7   SF 14.3/5.5/3.3 | 13.9/5.6/3.4 | 16/6/4.3 | 16.5/5.9/4.4 | 16.1/5.9/4.5   PF 15.5/6/2.7 | 15.8/6.3/2.3 | 13.5/5.5/2.2 | 13.7/5.4/2.3 | 15.8/6.4/2.5   C 14.6/9.1/2.1 | 16.4/9.7/2.2 | 14/8.5/2.1 | 15.4/9.1/2.3 | 17/9.4/2.6
  healthy starters rated 88-91: PG 25.1/5.1/6.9 | 23.4/4.9/8.4 | 25.3/5/6.9 | 22/5/7.5 | 25.5/4.8/7   SG 23.1/4.6/3.5 | 26.9/6/4.3 | 23.3/4.7/3.5 | 24.8/5.3/4 | 29.5/5.6/4.3   SF 20.9/7.6/4.9 | 23.1/7.8/6.5 | 23.3/7.6/5.6 | 23.8/7.6/6 | 24/7.5/6.1   PF 22.4/8.2/3.3 | 24.6/8.8/4 | 23.9/7.4/3.2 | 22.8/7.5/3.1 | 24.1/7.8/3.8   C 19.6/12.5/2.3 | 21.7/12.7/2.6 | 21.3/12.9/2.4 | 19.6/11/3.1 | 22.8/12.5/2.9
  All-Defensive a career by archetype (seed 1): pointgod 0, scoringpg 0.5, pest 4.333, bucket 0, sniper 0, twoway 2, alpha 0, threed 3.667, pointforward 1, stretch4 0.333, bruiser 1.5, swiss 1, paintbeast 1, stretch 0, anchor 4
  my share by archetype (seed 1): pointgod 70, scoringpg 77.8, pest 55.1, bucket 61.2, sniper 35.4, twoway 33.3, alpha 58.6, threed 67.3, pointforward 76, stretch4 59.6, bruiser 76.5, swiss 87, paintbeast 63.5, stretch 77.1, anchor 73.5
  the field as the fleet lives it (mean, sd): PG 36.53/15.58 | 35.07/13.91 | 36.1/15.9 | 35.46/16.31 | 34.34/17.26   SG 28.77/14.51 | 38.79/17.9 | 30.93/12.29 | 35.92/16.74 | 31.12/15.19   SF 36.11/15.55 | 35.69/17.1 | 35.56/18.71 | 37.68/17.22 | 35.36/18.68   PF 35.73/16.03 | 35.03/13.77 | 32.74/13.81 | 26.89/11.8 | 35.64/15.3   C 33.86/14.2 | 37.59/16.1 | 33.78/13.23 | 35.85/14.34 | 38.21/16.96

The field, measured on the simNbaAwardsSense fleet (5 seed mean, era neutral, half a schedule or more):
    PG: { mean: 36.3, sd: 15.9 },   // seeds: 37.5/15.8 36.0/14.3 37.1/16.3 36.2/16.1 34.8/16.9
    SG: { mean: 33.8, sd: 15.3 },   // seeds: 29.5/14.6 39.5/17.8 31.8/12.6 36.8/16.7 31.6/14.9
    SF: { mean: 36.9, sd: 17.6 },   // seeds: 37.0/15.9 36.4/17.3 36.0/18.4 38.5/17.4 36.3/19.0
    PF: { mean: 34.0, sd: 14.3 },   // seeds: 36.4/15.9 35.9/13.9 33.5/13.9 27.5/11.9 36.6/16.0
    C: { mean: 36.6, sd: 15.2 },   // seeds: 34.6/14.5 38.3/16.2 34.5/13.4 36.5/14.2 39.3/17.7
The gates at main's percentile: rebounds for Defensive Player 10.1, 10.9, 10.0, 10.4, 10.4 (was 11, 4.78% pass); the jump for Most Improved 7.7, 6.4, 6.3, 6.4, 6.4 (was 6, 8.34%); points for Sixth Man 9.2, 10.1, 9.2, 9.0, 8.7 (was 14, 70.25%)
The grade that holds main's rate on this fleet's own field (worked out from every season's z, not drawn):
    Finals MVP           main 0.152 a career, grade 0.00

NBA_FIELD, measured on the simNbaAwardsSense fleet (5 seed mean, era neutral, half a season or more):
  mvp: { PG: [32.86, 11.01], SG: [31.41, 10.80], SF: [33.44, 11.81], PF: [31.27, 9.88], C: [33.18, 10.64] },
  defense: { PG: [3.07, 1.07], SG: [3.13, 1.18], SF: [4.06, 1.45], PF: [3.99, 1.31], C: [5.64, 2.03] },
  production: { PG: [22.78, 9.94], SG: [21.47, 9.67], SF: [23.46, 11.14], PF: [21.76, 9.13], C: [23.79, 9.81] },
  bench: [7.38, 3.14],
  jump: [-0.00, 7.07],
  fans: [63.48, 24.41],
The grade that puts each award on its target, on this fleet's own field (worked out, not drawn; committed grade in brackets):
    All-NBA        main 1.986 a career: -0.16 [-0.13]
    MVP            main 0.315 a career, at that All-NBA grade: -0.40 [-0.33]
    All-Defensive  main 1.356 a career: 0.17 [0.2]
    All-Star       1.6 times main's All-NBA (24 picks against 15), 3.178 a career: -0.19 [-0.18]
    All-Rookie     the real class, 10 picks of 45 rookies who play, 0.222 a career: -1.82 [-1.8]
    Rookie of the Year  twice main's, 0.043 a career, at that All-Rookie grade: -2.42 [-2.39]; on one grade for the whole class All-Rookie would be 0.512 a career
    Defensive Player  main 0.079 a career, at that All-Defensive grade: 0.08 [0.24]
    Sixth Man      main 0.334 a career: -0.65 [-0.64]
    Most Improved  main 0.193 a career: -0.14 [-0.17]
    at the committed grades the fit expects: All-NBA 1.911, MVP 0.267, All-Defensive 1.295, All-Star 3.150, Rookie of the Year 0.039, All-Rookie 0.213

Sections:
  note [E] PG: the committed field 36.8/16.4 against the fleet 37.5/15.8 36.0/14.3 37.1/16.3 36.2/16.1 34.8/16.9 (mean off by at most 0.119 sd, limit 0.08; sd off by at most 12.9 percent, limit 6) (quick run, bands not judged)
  note [E] SG: the committed field 34.9/15.6 against the fleet 29.5/14.6 39.5/17.8 31.8/12.6 36.8/16.7 31.6/14.9 (mean off by at most 0.348 sd, limit 0.08; sd off by at most 19.4 percent, limit 6) (quick run, bands not judged)
  note [E] SF: the committed field 37.4/16.8 against the fleet 37.0/15.9 36.4/17.3 36.0/18.4 38.5/17.4 36.3/19.0 (mean off by at most 0.081 sd, limit 0.08; sd off by at most 13.3 percent, limit 6) (quick run, bands not judged)
  note [E] PF: the committed field 34.3/14.9 against the fleet 36.4/15.9 35.9/13.9 33.5/13.9 27.5/11.9 36.6/16.0 (mean off by at most 0.454 sd, limit 0.08; sd off by at most 20.0 percent, limit 6) (quick run, bands not judged)
  note [E] C: the committed field 35.7/15.5 against the fleet 34.6/14.5 38.3/16.2 34.5/13.4 36.5/14.2 39.3/17.7 (mean off by at most 0.230 sd, limit 0.08; sd off by at most 14.2 percent, limit 6) (quick run, bands not judged)
  A reads the lines the engine saved; healthy starters of modern careers: 425, 451, 406, 398, 436
  note [A1] PG mpg: median 31.5, 30.6, 31.5, 31.6, 31.4 inside the real starters' 23.9 to 37.9 (p25 28.5, p75 33.2, partial key, 15 percent of the median wider); 47 percent of the band from the nearer edge (quick run, bands not judged)
  note [A1] PG pts: median 16.9, 14.9, 17.3, 16.2, 15.2 inside the real starters' 11.7 to 26.2 (p25 14.3, p75 23.6, partial key, 15 percent of the median wider); 30 percent of the band from the nearer edge (quick run, bands not judged)
  note [A1] PG reb: median 3.9, 3.6, 4.0, 3.9, 3.8 inside the real starters' 2.7 to 5.2 (p25 3.3, p75 4.6, partial key, 15 percent of the median wider); 46 percent of the band from the nearer edge (quick run, bands not judged)
  note [A1] PG ast: median 5.8, 5.3, 6.2, 5.7, 5.8 inside the real starters' 4.3 to 8.0 (p25 5.2, p75 7.1, partial key, 15 percent of the median wider); 40 percent of the band from the nearer edge (quick run, bands not judged)
  note [A1] PG stl: median 1.3, 1.2, 1.2, 1.5, 1.2 inside the real starters' 0.8 to 1.6 (p25 1, p75 1.4, partial key, 15 percent of the median wider); 39 percent of the band from the nearer edge (quick run, bands not judged)
  note [A1] PG blk: median 0.2, 0.2, 0.2, 0.2, 0.2 inside the real starters' 0.2 to 0.5 (p25 0.2, p75 0.5, partial key, 15 percent of the median wider); 12 percent of the band from the nearer edge (quick run, bands not judged)
  note [A1] SG mpg: median 31.8, 33.4, 30.3, 31.8, 30.7 inside the real starters' 22.1 to 37.8 (p25 26.5, p75 33.4, partial key, 15 percent of the median wider); 39 percent of the band from the nearer edge (quick run, bands not judged)
  note [A1] SG pts: median 18.6, 22.5, 16.0, 19.5, 17.2 inside the real starters' 9.9 to 21.1 (p25 11.8, p75 19.2, partial key, 15 percent of the median wider); 21 percent of the band from the nearer edge (quick run, bands not judged)
  note [A1] SG reb: median 4.1, 5.0, 4.0, 4.1, 4.0 inside the real starters' 2.6 to 5.3 (p25 3.2, p75 4.7, partial key, 15 percent of the median wider); 39 percent of the band from the nearer edge (quick run, bands not judged)
  note [A1] SG ast: median 2.9, 3.5, 2.6, 2.8, 2.7 inside the real starters' 1.7 to 4.2 (p25 2.1, p75 3.8, partial key, 15 percent of the median wider); 48 percent of the band from the nearer edge (quick run, bands not judged)
  note [A1] SG stl: median 1.0, 1.1, 1.0, 1.0, 1.0 inside the real starters' 0.5 to 1.5 (p25 0.7, p75 1.3, partial key, 15 percent of the median wider); 48 percent of the band from the nearer edge (quick run, bands not judged)
  note [A1] SG blk: median 0.3, 0.4, 0.3, 0.3, 0.3 inside the real starters' 0.2 to 0.6 (p25 0.3, p75 0.5, partial key, 15 percent of the median wider); 25 percent of the band from the nearer edge (quick run, bands not judged)
  note [A1] SF mpg: median 30.8, 31.7, 33.0, 32.5, 31.9 inside the real starters' 23.9 to 37.2 (p25 28.4, p75 32.7, partial key, 15 percent of the median wider); 39 percent of the band from the nearer edge (quick run, bands not judged)
  note [A1] SF pts: median 14.4, 17.2, 18.9, 18.3, 16.5 inside the real starters' 9.0 to 23.3 (p25 11.3, p75 21, partial key, 15 percent of the median wider); 44 percent of the band from the nearer edge (quick run, bands not judged)
  note [A1] SF reb: median 5.7, 5.9, 6.7, 6.5, 6.1 inside the real starters' 3.1 to 6.6 (p25 3.9, p75 5.8, partial key, 15 percent of the median wider); 12 percent of the band from the nearer edge (quick run, bands not judged)
  note [A1] SF ast: median 3.6, 3.9, 5.2, 4.8, 5.0 inside the real starters' 1.5 to 4.8 (p25 2, p75 4.3, partial key, 15 percent of the median wider); 9 percent of the band from the nearer edge (quick run, bands not judged)
  note [A1] SF stl: median 1.1, 1.2, 1.1, 1.1, 1.0 inside the real starters' 0.7 to 1.3 (p25 0.8, p75 1.2, partial key, 15 percent of the median wider); 36 percent of the band from the nearer edge (quick run, bands not judged)
  note [A1] SF blk: median 0.4, 0.4, 0.4, 0.4, 0.4 inside the real starters' 0.2 to 0.8 (p25 0.3, p75 0.7, partial key, 15 percent of the median wider); 32 percent of the band from the nearer edge (quick run, bands not judged)
  note [A1] PF mpg: median 31.1, 30.7, 31.7, 30.1, 31.2 inside the real starters' 22.6 to 37.6 (p25 27.1, p75 33.1, partial key, 15 percent of the median wider); 44 percent of the band from the nearer edge (quick run, bands not judged)
  note [A1] PF pts: median 16.4, 15.6, 17.0, 13.2, 15.7 inside the real starters' 9.8 to 20.4 (p25 12, p75 18.2, partial key, 15 percent of the median wider); 45 percent of the band from the nearer edge (quick run, bands not judged)
  note [A1] PF reb: median 6.4, 6.0, 6.4, 5.3, 6.3 inside the real starters' 3.6 to 7.6 (p25 4.4, p75 6.8, partial key, 15 percent of the median wider); 38 percent of the band from the nearer edge (quick run, bands not judged)
  note [A1] PF ast: median 2.6, 2.2, 2.4, 1.9, 2.3 inside the real starters' 1.4 to 3.8 (p25 1.8, p75 3.4, partial key, 15 percent of the median wider); 36 percent of the band from the nearer edge (quick run, bands not judged)
  note [A1] PF stl: median 0.7, 0.7, 0.7, 0.7, 0.7 inside the real starters' 0.6 to 1.2 (p25 0.7, p75 1.1, partial key, 15 percent of the median wider); 20 percent of the band from the nearer edge (quick run, bands not judged)
  note [A1] PF blk: median 0.7, 0.7, 0.7, 0.6, 0.7 inside the real starters' 0.3 to 0.9 (p25 0.4, p75 0.8, partial key, 15 percent of the median wider); 35 percent of the band from the nearer edge (quick run, bands not judged)
  note [A1] C mpg: median 30.7, 31.6, 31.0, 31.7, 32.0 inside the real starters' 20.9 to 34.2 (p25 25, p75 30.1, partial key, 15 percent of the median wider); 21 percent of the band from the nearer edge (quick run, bands not judged)
  note [A1] C pts: median 14.1, 16.5, 14.4, 16.7, 16.0 inside the real starters' 9.1 to 18.1 (p25 10.9, p75 16.3, partial key, 15 percent of the median wider); 29 percent of the band from the nearer edge (quick run, bands not judged)
  note [A1] C reb: median 8.3, 9.3, 8.4, 9.2, 9.2 inside the real starters' 5.9 to 11.2 (p25 7.1, p75 10, partial key, 15 percent of the median wider); 44 percent of the band from the nearer edge (quick run, bands not judged)
  note [A1] C ast: median 2.1, 2.4, 2.3, 2.4, 2.4 inside the real starters' 1.4 to 3.4 (p25 1.7, p75 3.1, partial key, 15 percent of the median wider); 46 percent of the band from the nearer edge (quick run, bands not judged)
  note [A1] C stl: median 0.7, 0.8, 0.7, 0.7, 0.8 inside the real starters' 0.6 to 1.1 (p25 0.7, p75 1, partial key, 15 percent of the median wider); 30 percent of the band from the nearer edge (quick run, bands not judged)
  note [A1] C blk: median 0.9, 1.1, 0.9, 1.0, 1.0 inside the real starters' 0.6 to 1.4 (p25 0.7, p75 1.3, partial key, 15 percent of the median wider); 48 percent of the band from the nearer edge (quick run, bands not judged)
  note [A1 2003, printed] PG: mpg 31.2 in 25.2..41.7 (37% in); pts 12.9 in 8.4..19.0 (42% in); reb 3.7 in 2.4..4.6 (42% in); ast 4.6 in 4.2..7.7 (12% in); stl 1.2 in 0.9..1.8 (29% in); blk 0.2 in 0.1..0.3 (50% in)
  note [A1 2003, printed] SG: mpg 31.5 in 27.4..43.8 (25% in); pts 15.2 in 11.0..23.5 (34% in); reb 4.2 in 2.9..5.7 (46% in); ast 2.4 in 1.9..5.3 (14% in); stl 1.0 in 0.9..1.7 (OUT); blk 0.3 in 0.1..0.6 (43% in)
  note [A1 2003, printed] SF: mpg 31.8 in 23.9..41.8 (44% in); pts 13.7 in 8.1..19.9 (48% in); reb 6.0 in 3.2..6.6 (17% in); ast 3.4 in 1.5..3.3 (OUT); stl 1.0 in 0.8..1.3 (46% in); blk 0.4 in 0.2..0.5 (27% in)
  note [A1 2003, printed] PF: mpg 31.2 in 26.6..41.7 (30% in); pts 13.1 in 9.5..19.6 (35% in); reb 6.0 in 6.0..11.3 (OUT); ast 1.8 in 1.2..3.5 (28% in); stl 0.7 in 0.7..1.2 (OUT); blk 0.7 in 0.4..1.8 (20% in)
  note [A1 2003, printed] C: mpg 31.2 in 20.8..36.6 (34% in); pts 12.1 in 5.4..12.3 (OUT); reb 8.5 in 5.1..9.7 (26% in); ast 1.8 in 0.7..1.9 (OUT); stl 0.7 in 0.4..0.9 (31% in); blk 1.0 in 0.7..2.2 (22% in)
  note [A1 2003, printed] 6 of 30 cells outside the 2003-04 quartiles (not judged: the lead sets how many may miss)
  ok   [A1] the 2003 line over the 2026 line is the league rows' ratio within 2 percent: ppg 0.810 against 0.808, rpg 0.963 against 0.963, apg 0.797 against 0.798, spg 0.938 against 0.940, bpg 1.075 against 1.063
  note [A2] the p99 starter season in pts: 31.9, 33.7, 31.9, 36.5, 32.2, mean 33.24, at or under the league leaders' mean plus one sd (32.8 + 1.7) (quick run, bands not judged)
  note [A2] the p99 starter season in reb: 11.8, 13.6, 12.9, 13.4, 13.9, mean 13.12, at or under the league leaders' mean plus one sd (14.3 + 1.1) (quick run, bands not judged)
  note [A2] the p99 starter season in ast: 9.3, 9.1, 9.5, 10.7, 8.9, mean 9.50, at or under the league leaders' mean plus one sd (10.9 + 0.5) (quick run, bands not judged)
  note [A3] rookies rated 75 to 79 average 8.6, 7.7, 8.2, 6.8, 8.3 points (7.5 to 11.5); starters 8.6, 8.4, 8.9, 8.9, 9.5, bench 0.0, 6.8, 6.0, 5.8, 5.5; 12, 13, 13, 12, 13 seasons (quick run, bands not judged)
  note [A3] SG and SF starter seasons at 8 assists or more: 4.17, 2.84, 3.03, 2.41, 3.05 percent of theirs (under 2; main about 19) (quick run, bands not judged)
  note [A3] bench seasons score 50, 47, 47, 42, 41 percent of starters' (36 to 56): 8.0, 8.2, 7.8, 7.2, 6.9 points in 17.2, 17.2, 17.4, 17.1, 16.8 minutes (quick run, bands not judged)
  ok   [A3] every new season's points have one decimal, and 89, 89, 88, 89, 90 percent of them a non zero one (at least 10)
  note [A3] seasons holding both the scoring and the assists title: 0, 0, 0, 0, 0, 0 in 200 careers (under 1 in 250 careers; main 497, 474, 420, 462, 458, 1 in 13) (quick run, bands not judged)
  note [A3] 30 points a game: 3.06, 3.77, 1.97, 2.51, 2.29 percent of starter seasons; 10 assists: 0.47, 0.22, 0.49, 1.76, 0.23; triple double seasons in the fleet: 0, 0, 0, 0, 0
  note [A3] triple double seasons in thirty elite careers a seed: 9, 7, 6, 9, 8, 39 in all (at least 2 a seed on average, so the badge stays reachable) (quick run, bands not judged)
  note [A] medians, every role, half a season or more (points/rebounds/assists): PG 15.2/3.7/5.2  SG 11.8/3/2  SF 13.6/5.3/3.3  PF 15.3/6.3/2.3  C 13.8/7.9/1.9
  ok   [A4] PG: mean points rise with every rating band (seed 1: )
  ok   [A4] SG: mean points rise with every rating band (seed 1: )
  ok   [A4] SF: mean points rise with every rating band (seed 1: )
  ok   [A4] PF: mean points rise with every rating band (seed 1: )
  ok   [A4] C: mean points rise with every rating band (seed 1: )
  ok   [A5] nbaStatLineFor draws exactly 7 times for a starter, a backup, a rookie and a playoff line (7, 7, 7, 7)
  ok   [A5] the same input and seed give the same line, and the input is left untouched
  note [R] my share of the head to head years, percent: mean 62.772 (65.22, 65.85, 61.45, 61.48, 59.86) against main's 62.594 (62.33, 63.02, 62.3, 62.52, 62.8), 0.178 apart, allowed 7.226 (a fixed width, widened 12.25 times for a run of 40 careers on 5 seeds) (quick run, bands not judged)
  note [H] Hall of Fame inducted, percent: mean 33 (30, 40, 22.5, 25, 47.5) against main's 31.732 (31.7, 31.88, 31.78, 31.75, 31.55), 1.268 apart, allowed 13.962 (a fixed width, widened 12.25 times for a run of 40 careers on 5 seeds) (quick run, bands not judged)
  note [H] first ballot, percent: mean 26.5 (25, 37.5, 12.5, 20, 37.5) against main's 27.562 (27.03, 27.93, 27.83, 27.57, 27.45), 1.062 apart, allowed 13.35 (a fixed width, widened 12.25 times for a run of 40 careers on 5 seeds) (quick run, bands not judged)
  ok   [H] old line careers stamped on calibration 2 in the frozen fixture: 10 (floor 8); read differently today: 0 (none); 2 of them were paid a standout the day they were recorded
  ok   [H] a point guard's points mark: 37400 to 45300 with no game on the new line (Round 1051's 37400 to 45300), 34200 to 42000 at half and half (the midpoint), 31000 to 38700 with every game on it (the ledger's table itself)
  ok   [H] a centre's assists, which only the old line's books list: the full push at 7490 to 8930 with no game on the new line, a push of at most 150 at half and half (must be 150), and no such family with every game on it
  note [B6] MVPs a career (sd over careers 0.719): mean 0.315 (0.35, 0.425, 0.15, 0.2, 0.45) against main's 0.315 (0.316, 0.323, 0.31, 0.313, 0.311), 0 apart, allowed 0.245 (a fixed width, widened 12.25 times for a run of 40 careers on 5 seeds) (quick run, bands not judged)
  note [B6] All-NBA a career (sd over careers 2.295): mean 1.93 (1.45, 2.65, 1.45, 1.55, 2.55) against main's 1.986 (1.972, 2.006, 1.981, 1.987, 1.986), 0.056 apart, allowed 0.71 (a fixed width, widened 12.25 times for a run of 40 careers on 5 seeds) (quick run, bands not judged)
  note [B6] All-Defensive a career (sd over careers 2.371): mean 1.29 (1.25, 1.55, 1.25, 1.35, 1.05) against main's 1.356 (1.342, 1.383, 1.357, 1.337, 1.361), 0.066 apart, allowed 0.735 (a fixed width, widened 12.25 times for a run of 40 careers on 5 seeds) (quick run, bands not judged)
  note [B6] Finals MVPs a career (sd over careers 0.416): mean 0.18 (0.275, 0.275, 0, 0.1, 0.25) against main's 0.152 (0.14, 0.159, 0.153, 0.15, 0.156), 0.028 apart, allowed 0.135 (a fixed width, widened 12.25 times for a run of 40 careers on 5 seeds) (quick run, bands not judged)
  note [B6] careers with an MVP, percent, a fence at this round's own rate: mean 20.5 (20, 25, 15, 10, 32.5) against what Round 1103 shipped, 17.442 (17.18, 17.07, 17.73, 17.7, 17.53), 3.058 apart, allowed 11.39 (a fixed width, widened 12.25 times for a run of 40 careers on 5 seeds) (quick run, bands not judged)
  note [B6] NOT held at main's: careers with an MVP, percent is 20.50 here against main's 16.55 (16.22, 16.85, 16.27, 16.75, 16.68), 3.95 points more careers for the same awards a career. The new line alone put it at 18.28 (pass A, the old awards block, 18.43, 17.5, 18.03, 19.15, 18.27); the one pass is -2.22 points back toward main from there. The brief's critic asked for main's band; one grade an award cannot give it, and the lead rules on it.
  note [B6] careers with an All-NBA, percent, a fence at this round's own rate: mean 57 (52.5, 60, 65, 52.5, 55) against what Round 1103 shipped, 61.94 (61.7, 60.98, 62.35, 62.47, 62.2), 4.94 apart, allowed 14.574 (a fixed width, widened 12.25 times for a run of 40 careers on 5 seeds) (quick run, bands not judged)
  note [B6] NOT held at main's: careers with an All-NBA, percent is 57.00 here against main's 58.83 (59.07, 58.88, 58.6, 58.68, 58.93), -1.83 points more careers for the same awards a career. The new line alone put it at 63.52 (pass A, the old awards block, 63.23, 64.2, 63.28, 63.13, 63.77); the one pass is 6.52 points back toward main from there. The brief's critic asked for main's band; one grade an award cannot give it, and the lead rules on it.
  ok   [B0] every award string agrees with the key that names its team (0 seasons off), every Defensive Player is on an All-Defensive team (0 off), every season has a club record that adds up to its length (0 without)
  note [B1] MVP seasons: 63 in the run (at least 2, or the checks on them are empty) (quick run, bands not judged)
  note [B1] Most Improved seasons: 31 in the run (at least 1, or the checks on them are empty) (quick run, bands not judged)
  ok   [B1] MVP seasons on a club that missed the playoffs: 0, 0, 0, 0, 0 of 14, 17, 6, 8, 18 (main: one in four)
  ok   [B1] MVP seasons off the All-NBA First Team: 0, 0, 0, 0, 0 (main: one in eleven not All-NBA at all)
  ok   [B1] MVP and Most Improved in one season: 0, 0, 0, 0, 0 (main: one MVP season in four)
  ok   [B1] Most Improved after an earlier All-NBA: 0, 0, 0, 0, 0 of 9, 4, 7, 6, 5
  note [B2] Rookie of the Year seasons: 10 in the run (at least 1, or the checks on them are empty) (quick run, bands not judged)
  ok   [B2] Rookie of the Year seasons off the All-Rookie First Team: 0, 0, 0, 0, 0 of 3, 1, 3, 1, 2 (main: every one)
  ok   [B2] All-Rookie outside a first season: 0, 0, 0, 0, 0
  note [B2] All-Rookie selections in first seasons: 10, 6, 14, 7, 10 (main: none) (quick run, bands not judged)
  note [B2] first seasons on an All-Rookie team: 25.0, 15.0, 35.0, 17.5, 25.0 percent, 23.5 over the run (18 to 26; the real class is 10 of 45, 22 percent; one grade for the class gave 51) (quick run, bands not judged)
  note [B2] First Team: 4, 4, 4, 1, 4 seasons, median 13.3, 9.1, 11.2, 8.5, 11.4 points, 0, 0, 0, 100, 0 percent bench men. Second Team: 6, 2, 10, 6, 6, median 7.3, 10.6, 6.4, 8.2, 7.6 points, 33.3, 50, 40, 50, 33.3 percent bench men. On a team under 6 points a game: 2, 0, 4, 2, 0
  note [B3] seasons from 2023-24 with an award the games rule names: 424 in the run (at least 14, or the checks on them are empty) (quick run, bands not judged)
  ok   [B3] from 2023-24, seasons under the games bar holding an award the rule names: 0, 0, 0, 0, 0 of 64, 121, 73, 84, 82
  note [B3] before 2023-24 the rule did not exist: 1, 3, 2, 3, 5 seasons under 65 games hold one of those awards (at least 12 in the run, so "none before" is seen to fire) (quick run, bands not judged)
  note [B3] Sixth Man seasons: 50 in the run (at least 1, or the checks on them are empty) (quick run, bands not judged)
  ok   [B3] Sixth Man seasons by a starter: 0, 0, 0, 0, 0 of 11, 13, 11, 5, 10
  ok   [B3] seasons under half a schedule holding any award but a Finals MVP: 0, 0, 0, 0, 0
  ok   [B3] drawn, the 2023-24 season itself: 64 games hold a rule award in 0 of 300 draws (must be 0), 65 games in 300 (at least 290)
  ok   [B3] drawn, the season before the rule: 64 games hold a rule award in 300 of 300 draws (at least 290: no games rule yet), 40 of 82 games in 0 (must be 0: the game's own half season floor)
  ok   [B8] Scoring Champion: an average just under its own league leaders' lowest bar (29.90) wins in 0 of 300 draws (must be 0), one just over their highest (35.74) in 300 (must be 300)
  ok   [B8] Rebounding Champion: an average just under its own league leaders' lowest bar (12.32) wins in 0 of 300 draws (must be 0), one just over their highest (16.22) in 300 (must be 300)
  ok   [B8] Assists Leader: an average just under its own league leaders' lowest bar (10.02) wins in 0 of 300 draws (must be 0), one just over their highest (11.74) in 300 (must be 300)
  ok   [B8] a fan favourite (fanbase 100) on a 6 point season starts the All-Star Game in 145 of 300 draws in 2015-16, when the fans picked alone (at least 60), and in 0 in 2016-17, the first weighted vote (must be 0)
  ok   [B8] the 66 game 2011-12 season asks for its own real minimum, 56 games or 1127 points, 644 rebounds, 321 assists (the rules hold 56, 1127, 644, 321)
  ok   [B8] a full season before 2013-14 asks for 70 games or the total (1,400 points), from 2013-14 for 58 of 82 with no way in on totals, and the 72 game 2020-21 season for 51
  ok   [B8] 2011-12, 34.1 points a game over 40 of 66 games (1364 points, over the 1127 the season asked for): Scoring Champion in 300 of 300 draws (must be 300)
  ok   [B4] All-NBA seasons without an All-Star selection: 0, 0, 0, 0, 0
  ok   [B4] All-NBA First Team seasons that did not start the All-Star Game: 0, 0, 0, 0, 0 of 29, 47, 19, 22, 46; MVP seasons that did not: 0, 0, 0, 0, 0 (before the gate the League MVP read "All-Star reserve" in 43 percent of MVP seasons); starters are 43 percent of All-Stars (the real game starts 10 of 24, 42 percent)
  ok   [B4] All-Star starters who spent the season on their own club's bench (and were not on the All-NBA First Team): 0, 0, 0, 0, 0 (must be 0; before the gate one starter in 30); bench men picked for the game at all: 0, 1, 0, 0, 4 (must be above zero: the gate is on the vote, not on the selection)
  note [B4] All-Star selections a career over All-NBA: 1.76, 1.53, 1.78, 1.55, 1.31, mean 1.58 (1.25 to 2.4; 24 picks against 15 is 1.6); 2.55, 4.05, 2.575, 2.4, 3.35 All-Star a career, 46, 72, 40, 39, 60 of them starters (quick run, bands not judged)
  note [B5] All-Defensive a career: every defender above every scorer (the lowest defender, threed, 2.60; the highest scorer, scoringpg, 0.10) (quick run, bands not judged)
  note [B5] the defenders' mean is 153.1 times the scorers' (at least 3; main: a tenth of it, the wrong way round): pest 4.80, twoway 4.90, threed 2.60, anchor 4.70, scoringpg 0.10, bucket 0.00, sniper 0.00, alpha 0.00, stretch4 0.07, stretch 0.00 (quick run, bands not judged)
  note [B6] Rookie of the Year a career: 0.075, 0.025, 0.075, 0.025, 0.05, mean 0.050 (between main's 0.022 and three times it) (quick run, bands not judged)
  note [B6] Scoring Champion a career: 0.15, 0.2, 0.05, 0.175, 0.05 (main 0.468; it moves by design, judged as above zero) (quick run, bands not judged)
  note [B6] Assists Leader a career: 0.025, 0.025, 0, 0.15, 0.025 (main 0.123; it moves by design, judged as above zero) (quick run, bands not judged)
  note [B6] Rebounding Champion a career: 0.025, 0.15, 0.1, 0.05, 0.325 (main 0.099; it moves by design, judged as above zero) (quick run, bands not judged)
  note [B6] Sixth Man of the Year a career: 0.275, 0.325, 0.275, 0.125, 0.25 (main 0.334; it moves by design, judged as above zero) (quick run, bands not judged)
  note [B6] Most Improved Player a career: 0.225, 0.1, 0.175, 0.15, 0.125 (main 0.193; it moves by design, judged as above zero) (quick run, bands not judged)
  note [B6] Defensive Player of the Year a career: 0.025, 0.05, 0, 0.025, 0.125 (main 0.079; it moves by design, judged as above zero) (quick run, bands not judged)
  note [B6] All-Rookie Team a career: 0.25, 0.15, 0.35, 0.175, 0.25 (main 0.092; it moves by design, judged as above zero) (quick run, bands not judged)
  ok   [B7] decideNbaAwards draws exactly 9 times for a rookie, a bench player, a short season and a season before 2023 (9, 9, 9, 9)
  ok   [B7] the same input and seed give the same awards, and the input is left untouched
  note [E] NBA_FIELD mvp PG: committed 32.92/11.23 against the fleet 33.45/10.97 31.65/10.28 33.59/10.87 33.00/11.06 32.61/11.86 (mean off by at most 0.113 sd, limit 0.08; sd off by at most 8.5 percent, limit 6) (quick run, bands not judged)
  note [E] NBA_FIELD mvp SG: committed 31.95/10.85 against the fleet 29.65/10.20 35.66/12.50 29.95/9.19 32.09/11.29 29.69/10.81 (mean off by at most 0.342 sd, limit 0.08; sd off by at most 15.3 percent, limit 6) (quick run, bands not judged)
  note [E] NBA_FIELD mvp SF: committed 33.67/11.54 against the fleet 32.60/11.03 33.42/12.12 33.51/11.83 35.10/11.60 32.54/12.49 (mean off by at most 0.124 sd, limit 0.08; sd off by at most 8.2 percent, limit 6) (quick run, bands not judged)
  note [E] NBA_FIELD mvp PF: committed 31.75/10.35 against the fleet 31.95/11.26 32.73/10.13 31.14/9.23 26.89/7.66 33.62/11.13 (mean off by at most 0.470 sd, limit 0.08; sd off by at most 26.0 percent, limit 6) (quick run, bands not judged)
  note [E] NBA_FIELD mvp C: committed 32.93/10.95 against the fleet 31.41/9.94 34.93/11.61 30.79/9.78 32.83/9.28 35.92/12.60 (mean off by at most 0.273 sd, limit 0.08; sd off by at most 15.2 percent, limit 6) (quick run, bands not judged)
  note [E] NBA_FIELD defense PG: committed 3.02/1.06 against the fleet 3.13/1.02 3.09/0.92 3.10/1.13 3.11/1.18 2.91/1.11 (mean off by at most 0.108 sd, limit 0.08; sd off by at most 13.0 percent, limit 6) (quick run, bands not judged)
  note [E] NBA_FIELD defense SG: committed 3.34/1.28 against the fleet 2.75/1.13 3.53/1.38 3.10/1.22 3.29/1.10 2.99/1.07 (mean off by at most 0.460 sd, limit 0.08; sd off by at most 16.6 percent, limit 6) (quick run, bands not judged)
  note [E] NBA_FIELD defense SF: committed 4.08/1.38 against the fleet 4.18/1.39 4.05/1.43 3.94/1.53 4.19/1.46 3.94/1.47 (mean off by at most 0.101 sd, limit 0.08; sd off by at most 10.8 percent, limit 6) (quick run, bands not judged)
  note [E] NBA_FIELD defense PF: committed 4.05/1.41 against the fleet 4.25/1.37 4.21/1.35 3.92/1.25 3.41/1.18 4.17/1.38 (mean off by at most 0.454 sd, limit 0.08; sd off by at most 16.0 percent, limit 6) (quick run, bands not judged)
  note [E] NBA_FIELD defense C: committed 5.59/2.08 against the fleet 5.45/1.98 5.90/2.22 5.42/1.80 5.65/1.91 5.80/2.24 (mean off by at most 0.148 sd, limit 0.08; sd off by at most 13.5 percent, limit 6) (quick run, bands not judged)
  note [E] NBA_FIELD production PG: committed 23.1/10.29 against the fleet 23.54/9.91 22.58/8.92 23.29/10.18 22.70/10.05 21.78/10.65 (mean off by at most 0.128 sd, limit 0.08; sd off by at most 13.3 percent, limit 6) (quick run, bands not judged)
  note [E] NBA_FIELD production SG: committed 22.15/9.87 against the fleet 18.69/9.23 25.10/11.22 20.17/7.95 23.31/10.54 20.08/9.41 (mean off by at most 0.351 sd, limit 0.08; sd off by at most 19.4 percent, limit 6) (quick run, bands not judged)
  note [E] NBA_FIELD production SF: committed 23.8/10.59 against the fleet 23.57/10.04 23.21/10.92 22.94/11.66 24.51/11.03 23.08/12.03 (mean off by at most 0.081 sd, limit 0.08; sd off by at most 13.6 percent, limit 6) (quick run, bands not judged)
  note [E] NBA_FIELD production PF: committed 21.9/9.39 against the fleet 23.30/10.14 22.99/8.89 21.47/8.86 17.67/7.61 23.38/10.16 (mean off by at most 0.450 sd, limit 0.08; sd off by at most 18.9 percent, limit 6) (quick run, bands not judged)
  note [E] NBA_FIELD production C: committed 23.15/10.01 against the fleet 22.49/9.35 24.84/10.50 22.42/8.63 23.75/9.18 25.45/11.41 (mean off by at most 0.230 sd, limit 0.08; sd off by at most 14.0 percent, limit 6) (quick run, bands not judged)
  note [E] NBA_FIELD bench: committed 7.71/3.3 against the fleet 7.67/3.37 7.56/3.34 7.55/3.16 6.88/2.75 7.22/3.05 (mean off by at most 0.250 sd, limit 0.08; sd off by at most 16.6 percent, limit 6) (quick run, bands not judged)
  note [E] NBA_FIELD jump: committed -0.01/7.09 against the fleet -0.03/7.20 0.00/6.87 -0.05/6.98 0.08/7.07 -0.02/7.23 (mean off by at most 0.013 sd, limit 0.08; sd off by at most 3.1 percent, limit 6) (quick run, bands not judged)
  note [E] NBA_FIELD fans: committed 61.81/24.35 against the fleet 61.95/25.04 63.89/24.34 65.27/23.48 62.64/24.12 63.64/25.10 (mean off by at most 0.142 sd, limit 0.08; sd off by at most 3.6 percent, limit 6) (quick run, bands not judged)
  ok   [D] nbaSeasonStats.ts and nbaCareerAwards.ts both import from ./awardDecision (comments stripped)
  ok   [D] nbaSeasonStats.ts no longer adds points and rebounds a game itself
  ok   [D] the career's MVP win weight (20) is NBA Front Office's (20)
  ok   [D] NBA Front Office ranks the winner over the better producer on the worst club (true), and stops when the shared score loses its winning term (true)
  ok   [D] the career's MVPs over 400 careers change with the same swap (133 against 0)
  ok   [F] the worked example recomputed through the shared score: production 38.8 (printed 38.8), winning share 0.659 (printed .659), weight 20, total 52.0 (printed 52.0)
  ok   [F] the example's 54-28 club is a playoff club by the engine's record bands (41 to 67 wins) and its 34-48 club is not (17 to 40)
  ok   [F] the help says 65 games from the 2023-24 season, 24 All-Star picks and the fans alone before 2016-17; the real rules are 65, 24 and 2016-17 (the rule table holds 65 from 2023, 24 and 2016)
  ok   [F] the page says the Trophy Case holds 23 badges; NBA_BADGES has 23
  ok   [F] the page hands the award rules to its "?"
  ok   [F] no em or en dash in the help rules
  note [F] the guide for /nba-my-career still says, and its owner owes the change: "62 games", "21 of them", "Each of the 21 badges"
  FAIL [C] NFL careers hash equal to the baseline on every seed (75734d2c, 1988c745, 1c2d9b11, 1b77ec1c, 6a9b4eaf)
  ok   [C] MLB careers hash equal to the baseline on every seed (7eca2172, 23fab5fa, b02a0882, 9c08d606, 5a098bef)
  ok   [C] NHL careers hash equal to the baseline on every seed (6f7b2075, b1a45ab2, 16dbc4fe, a6c6114a, 06cb3426)
  note [C, printed for the legacy recalibration round] NFL: 9 seasons won MVP over 2500 careers; 1 of them (11.1 percent) on a club that missed the playoffs, 2 (22.2 percent) without that season's All-Pro
  note [C, printed for the legacy recalibration round] MLB: 42 seasons won MVP or Cy Young over 2500 careers; 21 of them (50.0 percent) on a club that missed the playoffs, 3 (7.1 percent) without that season's All-Star
  note [C, printed for the legacy recalibration round] NHL: 169 seasons won Hart or Norris or Vezina over 2500 careers; 47 of them (27.8 percent) on a club that missed the playoffs, 23 (13.6 percent) without that season's All-Star

control othersport: FIRED, red in C (must: C) and nowhere else
simNbaAwardsSense: 50 checks, 1 failed (quick run, bands not judged, control othersport), 8s
