bundled in 149 ms; sports nba, nfl; 40 careers a sport and a seed set; seed sets 0; CONTROL record
played 96 careers twice in 5914 ms; 1663 seasons observed

===== NBA: 894 seasons (146 targeted), 894 played =====
ok   1 nba every team result is the engine's missed word or one of its five (894 checked)
ok   1 nba games played sit in the engine's ranges (894 checked)
     by result: missed 413, 231 / 122 / 55 / 32 / 41 (depth 0 to title)
ok   1 nba every playoff depth and a title are in the population
ok   1 nba an injury season is in the population (64)
ok   1 nba a backup season is in the population (215)
ok   1 nba every position is in the population
ok   1 nba both eras are in the population
ok   2 nba the hub's held line is there exactly when the binding holds the season (894 checked)
ok   2 nba the line the binding hands the hub is the ledger's own line for this sport (894 checked)
ok   2 nba no held season yields a derived season (93 checked)
     2011: 20 seasons (20 organic, 0 targeted), 20 held
ok   2 nba 2011 is in the population and every one is held
     2012: 20 seasons (20 organic, 0 targeted), 20 held
ok   2 nba 2012 is in the population and every one is held
     2019: 27 seasons (19 organic, 8 targeted), 27 held
ok   2 nba 2019 is in the population and every one is held
     2020: 26 seasons (18 organic, 8 targeted), 26 held
ok   2 nba 2020 is in the population and every one is held
ok   2 nba the targeted careers reach held seasons (16)
     open 801, derived 801, refused 0 (0.0%) {}
ok   3 nba enough open seasons to mean anything (801)
ok   7 nba has measured bands (five seed sets, written above REFUSED_MAX)
ok   3 nba seasons that cannot be laid out stay under 1.0% (0.0%)
FAIL 3 nba the season shown is the season saved (independent checker): 507 of 801; 2026 PG: wins 46 outside 17 to 40 for "Missed the playoffs" || 2027 PG: wins 36 outside 41 to 52 for "Lost in the first round" || 2029 PG: wins 38 outside 41 to 52 for "Lost in the first round"
     takeover lines: 3953 in 62786 games he played (6.3%), in 582 of 801 seasons
ok   3 nba the feed's takeover line is in the population (3953)
ok   4 nba the playoff path follows the saved result, the playoff games and the bracket's conferences (801 checked)
ok   4 nba named playoff rounds were checked for their conference (354 before the last round, 32 in it)
     paths shown: 435; playoff seasons 435
ok   5 nba the schedule follows the formula and every name is the game's own (801 checked)
     named 358, unnamed 443 (organic unnamed 313, targeted unnamed 130)
ok   5 nba named and unnamed seasons are both in the population
ok   5 nba the ledger's ids for era now are exactly the game's list (30 against 30)
ok   5 nba a throwback season never names an opponent (443 checked)
ok   6 nba deriving twice, from a JSON round trip, gives the same season, path and totals (801 checked)
     repairs: none in 100.0%, median 0, p90 0; attempts after the first in 0.0%
       seed set 0: 801 derived, no repair 100.0%, refused 0.0%
ok   7 nba at least 80% of seasons need no repair (100.0%)
     wins for "Missed the playoffs": n 366, median 41, p10 35, p90 46 (band 17 to 40, middle half 22.75 to 34.25)
FAIL 7 nba the median record for "Missed the playoffs" sits in the middle half of its band
     wins for "Lost in the first round": n 208, median 41, p10 35, p90 46 (band 41 to 52, middle half 43.75 to 49.25)
FAIL 7 nba the median record for "Lost in the first round" sits in the middle half of its band
     wins for "Lost in the conference semis": n 112, median 41, p10 35, p90 46 (band 45 to 57, middle half 48 to 54)
FAIL 7 nba the median record for "Lost in the conference semis" sits in the middle half of its band
     wins for "Lost the Conference Finals": n 49, median 41, p10 36, p90 47 (band 48 to 61, middle half 51.25 to 57.75)
FAIL 7 nba the median record for "Lost the Conference Finals" sits in the middle half of its band
     wins for "Lost the NBA Finals": n 27, median 40, p10 34, p90 45 (band 50 to 64, middle half 53.5 to 60.5)
FAIL 7 nba the median record for "Lost the NBA Finals" sits in the middle half of its band
     wins for "WON THE NBA FINALS": n 39, median 41, p10 36, p90 48 (band 52 to 67, middle half 55.75 to 63.25)
FAIL 7 nba the median record for "WON THE NBA FINALS" sits in the middle half of its band
     points a team game, era now: 115.72 over 29356 games (league mean 115.6)
ok   7 nba points a team game in era now within 1 of the league mean (115.72 against 115.6)
     points a team game, era y2004: 93.61 over 36326 games (league mean 93.4)
ok   7 nba points a team game in era y2004 within 1 of the league mean (93.61 against 93.4)
     his share of his team's points: median 0.160, p99 0.442 over 62786 games
ok   7 nba his share of his team's points at the 99th percentile stays under 0.5 (0.442)

===== NFL: 769 seasons (128 targeted), 769 played =====
ok   1 nfl every team result is the engine's missed word or one of its five (769 checked)
ok   1 nfl games played sit in the engine's ranges (769 checked)
     by result: missed 366, 192 / 112 / 42 / 25 / 32 (depth 0 to title)
ok   1 nfl every playoff depth and a title are in the population
ok   1 nfl an injury season is in the population (330)
ok   1 nfl a backup season is in the population (288)
ok   1 nfl every position is in the population
ok   1 nfl both eras are in the population
ok   2 nfl the hub's held line is there exactly when the binding holds the season (769 checked)
ok   2 nfl the line the binding hands the hub is the ledger's own line for this sport (769 checked)
ok   2 nfl no held season yields a derived season (279 checked)
     2005: 16 seasons (16 organic, 0 targeted), 16 held
ok   2 nfl 2005 is in the population and every one is held
     2012: 15 seasons (15 organic, 0 targeted), 15 held
ok   2 nfl 2012 is in the population and every one is held
     2020: 21 seasons (13 organic, 8 targeted), 21 held
ok   2 nfl 2020 is in the population and every one is held
     2022: 14 seasons (6 organic, 8 targeted), 14 held
ok   2 nfl 2022 is in the population and every one is held
ok   2 nfl the targeted careers reach held seasons (32)
     open 490, derived 490, refused 0 (0.0%) {}
ok   3 nfl enough open seasons to mean anything (490)
ok   7 nfl has measured bands (five seed sets, written above REFUSED_MAX)
ok   3 nfl seasons that cannot be laid out stay under 1.0% (0.0%)
FAIL 3 nfl the season shown is the season saved (independent checker): 231 of 490; 2026 QB: wins 10 outside 11 to 14 for "Lost the Conference Championship" || 2028 QB: wins 10 outside 2 to 9 for "Missed the playoffs" || 2034 QB: wins 7 outside 11 to 15 for "Lost the Super Bowl"
ok   4 nfl the playoff path follows the saved result, the playoff games and the bracket's conferences (490 checked)
ok   4 nfl named playoff rounds were checked for their conference (357 before the last round, 28 in it)
     paths shown: 268; playoff seasons 268
ok   5 nfl the schedule follows the formula and every name is the game's own (490 checked)
     named 382, unnamed 108 (organic unnamed 12, targeted unnamed 96)
ok   5 nfl named and unnamed seasons are both in the population
ok   5 nfl the ledger's ids for era now are exactly the game's list (32 against 32)
ok   5 nfl the ledger's eight divisions equal the Front Office table division by division
ok   5 nfl a throwback season never names an opponent (108 checked)
ok   6 nfl deriving twice, from a JSON round trip, gives the same season, path and totals (490 checked)
     repairs: none in 100.0%, median 0, p90 0; attempts after the first in 0.0%
       seed set 0: 490 derived, no repair 100.0%, refused 0.0%
ok   7 nfl at least 70% of seasons need no repair (100.0%)
     wins for "Missed the playoffs": n 222, median 8, p10 6, p90 11 (band 2 to 9, middle half 3.75 to 7.25)
FAIL 7 nfl the median record for "Missed the playoffs" sits in the middle half of its band
     wins for "Lost in the Wild Card round": n 135, median 9, p10 6, p90 11 (band 9 to 12, middle half 9.75 to 11.25)
FAIL 7 nfl the median record for "Lost in the Wild Card round" sits in the middle half of its band
     wins for "Lost in the Divisional round": n 69, median 8, p10 5, p90 11 (band 10 to 13, middle half 10.75 to 12.25)
FAIL 7 nfl the median record for "Lost in the Divisional round" sits in the middle half of its band
     wins for "Lost the Conference Championship": n 29, median 9, p10 6, p90 12 (band 11 to 14, middle half 11.75 to 13.25)
FAIL 7 nfl the median record for "Lost the Conference Championship" sits in the middle half of its band
     wins for "Lost the Super Bowl": n 15, median 9, p10 4, p90 12 (band 11 to 15, middle half 12 to 14)
     (not asserted: 15 seasons is too few for a median)
     wins for "WON THE SUPER BOWL": n 20, median 8, p10 6, p90 10 (band 11 to 15, middle half 12 to 14)
FAIL 7 nfl the median record for "WON THE SUPER BOWL" sits in the middle half of its band
     points a team game, era now: 22.68 over 6494 games
ok   7 nfl points a team game in era now inside 21 to 24.5 (22.68)
     points a team game, era y2005: 22.75 over 1836 games
ok   7 nfl points a team game in era y2005 inside 21 to 24.5 (22.75)
     level games: 18 of 8330 (0.2%); touchdowns not worth seven: 1.6% of 43525; safeties 34
     his touchdowns are his team's whole score in 1.4% of the 6438 games he played
     a kicker's makes a game (0 to 6): 0: 19.2%, 1: 29.4%, 2: 30.3%, 3: 15.2%, 4: 4.3%, 5: 1.0%, 6: 0.4% over 1150 games
     a side on 40 or more: 4.2% of team games; on 49 or more: 0.4%; shut out: 0.4%
     his team's points a game by his touchdowns that day: none 19.5 (1519 games), one 25.0 (916), two 27.0 (387), three or more 30.9 (197)
ok   7 nfl his two touchdown days are at least 4.5 points a game better for his team than his blank days (7.5)
ok   7 nfl a side scores 40 or more in under 7% of team games (4.2%)
ok   7 nfl level games stay under 0.6% (0.22%)
ok   7 nfl touchdowns not worth seven stay under 3% (1.6%)
ok   7 nfl a kicker makes five or six in under 6% of his games (1.5% of 1150)
     his headline number in a full season (14 or more games; 214 seasons, 3629 games): a laid number on its per game cap in 0.00%; more than twice his season's average in 0.44%
     its spread game to game (standard deviation over his average): the middle season 0.383, p10 0.260, p90 0.506; by number: passYds 0.260 (39), rushYds 0.337 (11), rec 0.454 (81), tackles 0.379 (83)
ok   7 nfl his yards, catches and tackles sit on a per game cap in under 0.5% of a full season's games (0.00%)
ok   7 nfl his headline number is more than twice his season's average in under 2.0% of those games (0.44%)
ok   7 nfl the middle full season's game to game spread sits inside 0.25 to 0.46 (0.383): his games differ and none runs away
     a quarterback's touchdown passes in a full season (646 games): scatter over a plain count 1.043; on the cap of six in 0.31% of them
     (not asserted: 646 games is too few for the scatter, it needs 2000; run the five seed sets)
     the feed: one side's scoring drives one after another under three minutes apart in 0.00% of 51432 pairs; two lines in back to back minutes in 0.00% of 61508
ok   7 nfl a side's scoring drives one after another are under three minutes apart in under 1.0% of pairs (0.00%)
ok   7 nfl the order of the games reads oddly (a rival twice running, four straight at home or away) in under 2% of seasons (0.00% of 490)

===== 6: nothing moves =====
ok   6 Math.random is never drawn while a season is derived (trap 0)
ok   6 every career saved the same bytes with and without the viewer (1696 season hashes, 0 differ)

===== 8: lazy by source =====
ok   8 the static closure of the two routes was walked (123 files)
ok   8 the walk reaches src/components/us-career/season/UsSeasonCentreHost.tsx
ok   8 no eager file of the two routes statically imports the season modules, the viewer or the league shape (123 checked)
ok   8 a planted static import of the viewer in UsSeasonCentreHost.tsx is named (11 files)
ok   8 the same text in a comment is spared
ok   8 src/lib/season/us.ts holds no Math.random and no new Rng(
ok   8 src/lib/season/nba.ts holds no Math.random and no new Rng(
ok   8 src/lib/season/nfl.ts holds no Math.random and no new Rng(

control record: RED AT THE NAMED CHECK (section 3); sections red: 3, 7
simUsSeasonCentre: 92 checks, 13 failed (control record)
