THIN facts
   THIN (one 2026-27 source, marked in the ligue1 row): Ligue 1's 2026-27 drop of two and the barrage
   THIN (one 2026-27 source, marked in the serieb row): Serie B's 2026-27 promotion playoff rung (third to eighth)
   THIN (one 2026-27 source, marked in the ligue2 row): Ligue 2's 2026-27 drop of two
   THIN (one 2026-27 source, marked in the russia row): the Russian Premier League's 2026-27 order for clubs level on points (head to head first)
A) russia: the rows
   16 clubs, drop 2, cup Russian Cup; weakest Zenit (62) is asked: Stay up. Avoid relegation (14)
B) russia: 6 seeded seasons
   6 seasons ended, 0 sacked, 24 cup weeks scheduled, 6 cup finals won, cup named on 6 saves, 0 clubs moved in the summers, 228 headlines read
C) russia: strength orders the table
   Zenit 23.5 pts (rated 62) against Fakel Voronezh 50.2 (rated 76): gap -26.7
  FAIL: Zenit beat Fakel Voronezh by -26.7 points a season, the band is 1
   Spartak Moscow 34.2 pts (rated 65) against Dynamo Makhachkala 54.5 (rated 74): gap -20.3
  FAIL: Spartak Moscow beat Dynamo Makhachkala by -20.3 points a season, the band is 1
   rank correlation, preview rating against mean points, 10 clubs: 0.735
D) russia: no invented men
   353 real men and 4 flagged pads on day one, 0 partial clubs
H) the countries of Round 1052
   H1: Zenit won the league in 0 of 16 seasons played; 0 of those started the next season in a Champions League group
  FAIL: H1: only 0 Zenit titles in 16 seasons, three are needed to read the season after one
   H2: 12 Russian Cup brackets read, each the sixteen Russian clubs
   H3: 16 Russian clubs on the job market under Russian Premier League; dugout size 16, playing career size null
   H4: 7 past season Russian clubs read, each at its own season's strength
simClubManagerNewLeagues: 3 failure(s) under control ruswap
