bundled in 279 ms; sports nba, nfl; 40 careers a sport and a seed set; seed sets 0; CONTROL stream
played 96 careers twice in 9505 ms; 1683 seasons observed

===== NBA: 899 seasons (154 targeted), 899 played =====
ok   1 nba every team result is the engine's missed word or one of its five (899 checked)
ok   1 nba games played sit in the engine's ranges (899 checked)
     by result: missed 379, 247 / 125 / 65 / 28 / 55 (depth 0 to title)
ok   1 nba every playoff depth and a title are in the population
ok   1 nba an injury season is in the population, among the seasons the viewer opens (67, 61 of them open)
ok   1 nba a backup season is in the population (213)
ok   1 nba every position is in the population
ok   1 nba both eras are in the population
ok   2 nba the hub's held line is there exactly when the binding holds the season (899 checked)
ok   2 nba the line the binding hands the hub is the ledger's own line for this sport (899 checked)
ok   2 nba no held season yields a derived season (90 checked)
     2011: 20 seasons (20 organic, 0 targeted), 20 held
ok   2 nba 2011 is in the population and every one is held
     2012: 20 seasons (20 organic, 0 targeted), 20 held
ok   2 nba 2012 is in the population and every one is held
     2019: 26 seasons (18 organic, 8 targeted), 26 held
ok   2 nba 2019 is in the population and every one is held
     2020: 24 seasons (16 organic, 8 targeted), 24 held
ok   2 nba 2020 is in the population and every one is held
ok   2 nba the targeted careers reach held seasons (16)
     open 809, derived 809, refused 0 (0.0%) {}
ok   3 nba enough open seasons to mean anything (809)
ok   7 nba has measured bands (five seed sets, written above REFUSED_MAX)
ok   3 nba seasons that cannot be laid out stay under 1.0% (0.0%)
ok   3 nba the season shown is the season saved (independent checker) (809 checked)
     takeover lines: 4200 in 63196 games he played (6.6%), in 598 of 809 seasons
ok   3 nba the feed's takeover line is in the population (4200)
ok   4 nba the playoff path follows the saved result, the playoff games and the bracket's conferences (809 checked)
ok   4 nba named playoff rounds were checked for their conference (419 before the last round, 37 in it)
     paths shown: 474; playoff seasons 474
ok   5 nba the schedule follows the formula and every name is the game's own (809 checked)
     named 360, unnamed 449 (organic unnamed 311, targeted unnamed 138)
ok   5 nba named and unnamed seasons are both in the population
ok   5 nba the ledger's ids for era now are exactly the game's list (30 against 30)
ok   5 nba a throwback season never names an opponent (449 checked)
ok   6 nba deriving twice, from a JSON round trip, gives the same season, path and totals (809 checked)
     repairs: none in 86.8%, median 0, p90 1; attempts after the first in 0.0%
       seed set 0: 809 derived, no repair 86.8%, refused 0.0%
ok   7 nba at least 80% of seasons need no repair (86.8%)
     wins for "Missed the playoffs": n 335, median 29, p10 22, p90 37 (band 17 to 40, middle half 22.75 to 34.25)
ok   7 nba the median record for "Missed the playoffs" sits in the middle half of its band
     wins for "Lost in the first round": n 226, median 46, p10 41, p90 52 (band 41 to 52, middle half 43.75 to 49.25)
ok   7 nba the median record for "Lost in the first round" sits in the middle half of its band
     wins for "Lost in the conference semis": n 111, median 49, p10 45, p90 56 (band 45 to 57, middle half 48 to 54)
ok   7 nba the median record for "Lost in the conference semis" sits in the middle half of its band
     wins for "Lost the Conference Finals": n 61, median 53, p10 49, p90 58 (band 48 to 61, middle half 51.25 to 57.75)
ok   7 nba the median record for "Lost the Conference Finals" sits in the middle half of its band
     wins for "Lost the NBA Finals": n 25, median 55, p10 50, p90 61 (band 50 to 64, middle half 53.5 to 60.5)
ok   7 nba the median record for "Lost the NBA Finals" sits in the middle half of its band
     wins for "WON THE NBA FINALS": n 51, median 58, p10 53, p90 63 (band 52 to 67, middle half 55.75 to 63.25)
ok   7 nba the median record for "WON THE NBA FINALS" sits in the middle half of its band
     points a team game, era now: 115.74 over 29520 games (league mean 115.6)
ok   7 nba points a team game in era now within 1 of the league mean (115.74 against 115.6)
     points a team game, era y2004: 93.62 over 36818 games (league mean 93.4)
ok   7 nba points a team game in era y2004 within 1 of the league mean (93.62 against 93.4)
     his share of his team's points: median 0.164, p99 0.440 over 63196 games
ok   7 nba his share of his team's points at the 99th percentile stays under 0.5 (0.440)

===== NFL: 784 seasons (137 targeted), 784 played =====
ok   1 nfl every team result is the engine's missed word or one of its five (784 checked)
ok   1 nfl games played sit in the engine's ranges (784 checked)
     by result: missed 391, 191 / 93 / 43 / 22 / 44 (depth 0 to title)
ok   1 nfl every playoff depth and a title are in the population
ok   1 nfl an injury season is in the population, among the seasons the viewer opens (48, 30 of them open)
ok   1 nfl a backup season is in the population (259)
ok   1 nfl every position is in the population
ok   1 nfl both eras are in the population
ok   2 nfl the hub's held line is there exactly when the binding holds the season (784 checked)
ok   2 nfl the line the binding hands the hub is the ledger's own line for this sport (784 checked)
ok   2 nfl no held season yields a derived season (286 checked)
     2005: 16 seasons (16 organic, 0 targeted), 16 held
ok   2 nfl 2005 is in the population and every one is held
     2012: 16 seasons (16 organic, 0 targeted), 16 held
ok   2 nfl 2012 is in the population and every one is held
     2020: 21 seasons (13 organic, 8 targeted), 21 held
ok   2 nfl 2020 is in the population and every one is held
     2022: 17 seasons (9 organic, 8 targeted), 17 held
ok   2 nfl 2022 is in the population and every one is held
ok   2 nfl the targeted careers reach held seasons (32)
     open 498, derived 498, refused 0 (0.0%) {}
ok   3 nfl enough open seasons to mean anything (498)
ok   7 nfl has measured bands (five seed sets, written above REFUSED_MAX)
ok   3 nfl seasons that cannot be laid out stay under 1.0% (0.0%)
ok   3 nfl the season shown is the season saved (independent checker) (498 checked)
     saves from before Round 1104: 130 seasons with sacks in tenths (66 an odd tenth alone, 64 a half and an odd tenth), refused 0, shown 130
ok   3 nfl seasons saved with sacks in tenths are in the population, both arms (66 and 64, at least 25 each)
ok   3 nfl a season saved with sacks in tenths still opens: refused stay under 1.0% (0.0%)
ok   3 nfl a season saved with sacks in tenths shows the sacks the save holds (130 checked)
ok   4 nfl the playoff path follows the saved result, the playoff games and the bracket's conferences (498 checked)
ok   4 nfl named playoff rounds were checked for their conference (337 before the last round, 28 in it)
     paths shown: 252; playoff seasons 252
ok   5 nfl the schedule follows the formula and every name is the game's own (498 checked)
     named 381, unnamed 117 (organic unnamed 12, targeted unnamed 105)
ok   5 nfl named and unnamed seasons are both in the population
ok   5 nfl the ledger's ids for era now are exactly the game's list (32 against 32)
ok   5 nfl the ledger's eight divisions equal the Front Office table division by division
ok   5 nfl a throwback season never names an opponent (117 checked)
ok   6 nfl deriving twice, from a JSON round trip, gives the same season, path and totals (498 checked)
     repairs: none in 80.5%, median 0, p90 1; attempts after the first in 0.0%
       seed set 0: 498 derived, no repair 80.5%, refused 0.0%
ok   7 nfl at least 70% of seasons need no repair (80.5%)
     wins for "Missed the playoffs": n 246, median 5, p10 3, p90 8 (band 2 to 9, middle half 3.75 to 7.25)
ok   7 nfl the median record for "Missed the playoffs" sits in the middle half of its band
     wins for "Lost in the Wild Card round": n 117, median 10, p10 9, p90 12 (band 9 to 12, middle half 9.75 to 11.25)
ok   7 nfl the median record for "Lost in the Wild Card round" sits in the middle half of its band
     wins for "Lost in the Divisional round": n 60, median 11, p10 10, p90 13 (band 10 to 13, middle half 10.75 to 12.25)
ok   7 nfl the median record for "Lost in the Divisional round" sits in the middle half of its band
     wins for "Lost the Conference Championship": n 34, median 13, p10 11, p90 14 (band 11 to 14, middle half 11.75 to 13.25)
ok   7 nfl the median record for "Lost the Conference Championship" sits in the middle half of its band
     wins for "Lost the Super Bowl": n 12, median 13, p10 11, p90 15 (band 11 to 15, middle half 12 to 14)
     (not asserted: 12 seasons is too few for a median)
     wins for "WON THE SUPER BOWL": n 29, median 14, p10 11, p90 15 (band 11 to 15, middle half 12 to 14)
ok   7 nfl the median record for "WON THE SUPER BOWL" sits in the middle half of its band
     points a team game, era now: 22.76 over 6477 games
ok   7 nfl points a team game in era now inside 21 to 24.5 (22.76)
     points a team game, era y2005: 22.92 over 1989 games
ok   7 nfl points a team game in era y2005 inside 21 to 24.5 (22.92)
     level games: 9 of 8466 (0.1%); touchdowns not worth seven: 1.6% of 44400; safeties 35
     his touchdowns are his team's whole score in 1.1% of the 6836 games he played
     a kicker's makes a game (0 to 6): 0: 19.3%, 1: 29.5%, 2: 30.8%, 3: 13.6%, 4: 4.6%, 5: 1.6%, 6: 0.5% over 1148 games
     a side on 40 or more: 5.4% of team games; on 49 or more: 0.7%; shut out: 0.7%
     his team's points a game by his touchdowns that day: none 18.9 (1564 games), one 25.3 (1004), two 27.8 (372), three or more 33.1 (230)
ok   7 nfl his two touchdown days are at least 4.5 points a game better for his team than his blank days (8.9)
ok   7 nfl a side scores 40 or more in under 7% of team games (5.4%)
ok   7 nfl level games stay under 0.6% (0.11%)
ok   7 nfl touchdowns not worth seven stay under 3% (1.6%)
ok   7 nfl a kicker makes five or six in under 6% of his games (2.1% of 1148)
     his headline number in a full season (14 or more games; 249 seasons, 4216 games): a laid number on its per game cap in 0.00%; more than twice his season's average in 0.40%
     its spread game to game (standard deviation over his average): the middle season 0.378, p10 0.265, p90 0.487; by number: passYds 0.260 (42), rushYds 0.348 (24), rec 0.442 (78), tackles 0.381 (105)
ok   7 nfl his yards, catches and tackles sit on a per game cap in under 0.5% of a full season's games (0.00%)
ok   7 nfl his headline number is more than twice his season's average in under 2.0% of those games (0.40%)
ok   7 nfl the middle full season's game to game spread sits inside 0.25 to 0.46 (0.378): his games differ and none runs away
     a quarterback's touchdown passes in a full season (714 games): scatter over a plain count 1.061; on the cap of six in 1.26% of them
     (not asserted: 714 games is too few for the scatter, it needs 2000; run the five seed sets)
     the feed: one side's scoring drives one after another under three minutes apart in 0.00% of 52653 pairs; two lines in back to back minutes in 0.00% of 62948
ok   7 nfl a side's scoring drives one after another are under three minutes apart in under 1.0% of pairs (0.00%)
ok   7 nfl the order of the games reads oddly (a rival twice running, four straight at home or away) in under 2% of seasons (0.00% of 498)

===== 6: nothing moves =====
FAIL 6 Math.random is never drawn while a season is derived (trap 2744)
FAIL 6 every career saved the same bytes with and without the viewer (1705 season hashes, 368 differ)

===== 8: lazy by source =====
ok   8 the static closure of the two routes was walked (126 files)
ok   8 the walk reaches src/components/us-career/season/UsSeasonCentreHost.tsx
ok   8 no eager file of the two routes statically imports the season modules, the viewer or the league shape (126 checked)
ok   8 a planted static import of the viewer in UsSeasonCentreHost.tsx is named (11 files)
ok   8 the same text in a comment is spared
ok   8 src/lib/season/us.ts holds no Math.random and no new Rng(
ok   8 src/lib/season/nba.ts holds no Math.random and no new Rng(
ok   8 src/lib/season/nfl.ts holds no Math.random and no new Rng(

control stream: RED AT THE NAMED CHECK (section 6); sections red: 6
simUsSeasonCentre: 95 checks, 2 failed (control stream)
