simCmLeagueBook: 4 careers x 2 seasons (default fleet, seed set 1), CONTROL twoman
stream  16 of 16 faces (the whole save but the book, and the count of draws) equal with the book taken out
        wall time of the fleet: 6.8s with the book and this harness watching every entry, 5.7s with the book out and nothing watching
stream  base arm NOT RUN: set BOOK_BASE to a worktree of the base commit
shapes  credited rival goals 3985: forwards 46.4%, midfielders 52.9%, defenders 0.7%, keepers 0 goals
        between other clubs (5527 goals), dealt against the weight: ATT 1682 vs 3037.7 (z -36.65), MID 1973 vs 1803.6 (z 4.86), DEF 0 vs 533.7 (z -24.31)
        clubs with an eleven: assists 2384 on 3903 credited goals = 0.611 a goal (the rule 0.614, z -0.36); own goals 145 of 4048 = 3.58% (the rule 2.75%, z 3.24); every club: 2384 assists on 3985 credited goals = 0.598 a goal
        unnamed goals 3945 (club weeks with no named eleven: 1992); my league matches 312, reports whose lines did not add up to the score: 0
        no named eleven in championship: 828 of 2116 club weeks, 9 of 26 rival clubs seen (Blackburn Rovers 7 men, 1 keepers; Bolton Wanderers 3 men, 0 keepers; Cardiff City 4 men, 1 keepers; Charlton Athletic 8 men, 1 keepers; Lincoln City 2 men, 0 keepers; Millwall 11 men, 0 keepers; ...)
        no named eleven in bundesliga2: 1088 of 1156 club weeks, 17 of 19 rival clubs seen (Arminia Bielefeld 3 men, 1 keepers; Bochum 4 men, 0 keepers; Braunschweig 2 men, 1 keepers; Darmstadt 4 men, 0 keepers; Dynamo Dresden 1 men, 0 keepers; Elversberg 10 men, 1 keepers; ...)
        no named eleven in laliga2010: 76 of 1444 club weeks, 1 of 19 rival clubs seen (Levante 10 men, 1 keepers)
        top ten of the Goals board held by forwards and wingers: 4.50 on the book, 5.50 on the old race, rise -1.00 (floor 2) over 8 seasons
names   15318 checks; 3 purchases probed of 4 saves kept (the best scorer of the rivals signed at week 22, twelve entries played on); not probed: Southampton: no book
oldsave 579 checks: 4 saves with no book finished on the candidate and on the book out engine, the season after each, and five unreadable books
doors   2439 checks: three takeovers and two joined jobs (season one and season three), the law at the handover and after every entry to the end of the season
dailies 50 checks: 4 Hot Seat dates played to a verdict, handed over and played on, 3 Deadline Day dates, each state byte equal to the book out engine's
boards  by league, the book against the old race on the same seasons (penalties and free kicks to the taker)
        premier      20 clubs,  2 seasons: top scorer mean 31.5 (34 29), old race mean 34.5, most assists mean 10.0, leading keeper's clean sheets mean 17.5
        championship 24 clubs,  2 seasons: top scorer mean 42.5 (38 47), old race mean 42.0, most assists mean 14.0, leading keeper's clean sheets mean 27.0
        bundesliga2  18 clubs,  2 seasons: top scorer mean 17.5 (18 17), old race mean 27.0, most assists mean 7.0, leading keeper's clean sheets mean 16.5
        laliga2010   20 clubs,  2 seasons: top scorer mean 30.0 (29 31), old race mean 30.5, most assists mean 9.0, leading keeper's clean sheets mean 23.0
        38 game leagues: 4 seasons, top scorer mean 30.75, standard deviation 2.05, standard error 1.02; old race mean 32.50
        34 game leagues: 2 seasons, top scorer mean 17.50, standard deviation 0.50, standard error 0.35; old race mean 27.00
        46 game leagues: 2 seasons, top scorer mean 42.50, standard deviation 4.50, standard error 3.18; old race mean 42.00
        the top scorer was a: ATT 4, MID 4, DEF 0 (of 8 seasons)
        the old race on the same seasons: 5048 of 8077 rival goals given to anybody (62.5%), of those forwards 53.0%, midfielders 47.0%; the book names a man for 49.3% and marks 147 own goals and 3945 unnamed
        a Clean sheets board of every man (keepers and defenders): its top ten holds men of 2.25 clubs and 2.00 keepers on average
        a back four picked by clean sheets + goals + assists: 3.25 men of one club on average; by goals + assists (club clean sheets, then table place, to split): 2.13, with 0.00 of the four on no goal and no assist
law     9681 checks over 348 entries of 4 careers, and 92 entries of 2 seasons with the video referee on (84 league matches of mine, 66 reviews, 0 reports whose lines did not add up to the score)
green stream   16 checks
green law      9681 checks
green names    15318 checks
RED   shapes   7 checks, 5 failed
        ATT: 1682 of 5527 goals between other clubs, the weight says 3037.7 (z -36.65)
        MID: 1973 of 5527 goals between other clubs, the weight says 1803.6 (z 4.86)
        DEF: 0 of 5527 goals between other clubs, the weight says 533.7 (z -24.31)
        forwards 1682, midfielders 1973, defenders 0: not in that order
        forwards hold 4.50 of the top ten on the book's board and 5.50 on the old race's: a rise of -1.00, under 2
RED   oldsave  579 checks, 9 failed
        Southampton, twenty entries in, written by the book out engine: the next season did not open with an empty book
        Southampton, twenty entries in, written by the book out engine next season, entry 1: the save has no readable book
        Southampton, twenty entries in, written by the book out engine next season, entry 2: the save has no readable book
        Southampton, twenty entries in, written by the book out engine next season, entry 3: the save has no readable book
        Southampton, twenty entries in, written by the book out engine next season, entry 4: the save has no readable book
green doors    2439 checks
green dailies  50 checks
simCmLeagueBook: CONTROL twoman DID NOT FIRE as it must: shapes has 5 failures, other red sections [oldsave] (31s)
