simNbaAwardsSense: 6000 careers a seed, seeds 1, 2, 3, 4, 5, control weightdrift
  seed 1: 114538 seasons, Hall 29.93% (first ballot 26.2%), MVPs 0.262 a career, All-NBA 1.841, my share 62.96%, 17s
  seed 2: 114699 seasons, Hall 30.25% (first ballot 26.1%), MVPs 0.277 a career, All-NBA 1.843, my share 62.69%, 32s
  seed 3: 114608 seasons, Hall 30.18% (first ballot 26.57%), MVPs 0.29 a career, All-NBA 1.879, my share 62.72%, 49s
  seed 4: 114672 seasons, Hall 30.87% (first ballot 26.97%), MVPs 0.272 a career, All-NBA 1.867, my share 62.54%, 66s
  seed 5: 114680 seasons, Hall 29.5% (first ballot 25.38%), MVPs 0.275 a career, All-NBA 1.839, my share 62.26%, 84s

The numbers (this tree, seed by seed, then main):
  Hall of Fame inducted, percent               29.93, 30.25, 30.18, 30.87, 29.5   | main 31.7, 31.88, 31.78, 31.75, 31.55
  first ballot, percent                        26.2, 26.1, 26.57, 26.97, 25.38   | main 27.03, 27.93, 27.83, 27.57, 27.45
  inducted, modern careers                     30.78, 30.82, 30.82, 31.87, 29.2   | main 31.56, 31.42, 31.93, 32.02, 31.09
  inducted, 2003-04 careers                    27.4, 28.53, 28.27, 27.87, 30.4   | main 32.13, 33.27, 31.33, 30.93, 32.93
  legacy score p50                             347, 349, 349, 344, 344   | main 363, 367, 367, 366, 365
  legacy score p90                             911, 920, 940, 933, 923   | main 917, 940, 928, 938, 918
  All-Star a career                            3, 2.997, 3.042, 3.037, 3.001   | main 0, 0, 0, 0, 0
  Rookie of the Year a career                  0.046, 0.05, 0.05, 0.045, 0.048   | main 0.026, 0.02, 0.018, 0.019, 0.025
  All-NBA a career                             1.841, 1.843, 1.879, 1.867, 1.839   | main 1.972, 2.006, 1.981, 1.987, 1.986
  MVP a career                                 0.262, 0.277, 0.29, 0.272, 0.275   | main 0.316, 0.323, 0.31, 0.313, 0.311
  Finals MVP a career                          0.144, 0.152, 0.151, 0.155, 0.15   | main 0.14, 0.159, 0.153, 0.15, 0.156
  Defensive Player of the Year a career        0.068, 0.082, 0.08, 0.089, 0.083   | main 0.076, 0.079, 0.077, 0.081, 0.081
  All-Defensive Team a career                  1.364, 1.386, 1.359, 1.388, 1.376   | main 1.342, 1.383, 1.357, 1.337, 1.361
  Scoring Champion a career                    0.163, 0.173, 0.183, 0.165, 0.164   | main 0.472, 0.485, 0.464, 0.453, 0.468
  Assists Leader a career                      0.05, 0.047, 0.05, 0.048, 0.046   | main 0.126, 0.128, 0.118, 0.119, 0.123
  Rebounding Champion a career                 0.096, 0.103, 0.11, 0.111, 0.102   | main 0.095, 0.095, 0.101, 0.105, 0.099
  Most Improved Player a career                0.178, 0.177, 0.187, 0.181, 0.174   | main 0.191, 0.192, 0.192, 0.193, 0.196
  Sixth Man of the Year a career               0.336, 0.334, 0.338, 0.321, 0.339   | main 0.316, 0.329, 0.338, 0.328, 0.359
  All-Rookie Team a career                     0.523, 0.514, 0.541, 0.513, 0.532   | main 0.089, 0.093, 0.098, 0.089, 0.091
  careers with an MVP, percent                 15.77, 16.12, 16.75, 16.15, 16.2   | main 16.22, 16.85, 16.27, 16.75, 16.68
  careers with an All-NBA, percent             60.67, 59.6, 60.7, 59.9, 59.85   | main 59.07, 58.88, 58.6, 58.68, 58.93
  MVP seasons that missed the playoffs, percent 0, 0, 0, 0, 0   | main 28.35, 25.94, 26.68, 26.82, 27.28
  MVP seasons not All-NBA, percent             0, 0, 0, 0, 0   | main 8.66, 9.2, 8.34, 7.82, 8.36
  MVP and Most Improved together, percent      0, 0, 0, 0, 0   | main 24.97, 24.08, 23.4, 25.39, 23.9
  Rookie of the Year seasons                   273, 298, 297, 267, 286   | main 153, 118, 108, 114, 152
  of them on All-Rookie                        273, 298, 297, 267, 286   | main 0, 0, 0, 0, 0
  All-Rookie in a first season                 3139, 3084, 3246, 3077, 3192   | main 0, 0, 0, 0, 0
  my share of the head to head years           62.96, 62.69, 62.72, 62.54, 62.26   | main 62.33, 63.02, 62.3, 62.52, 62.8
  verdict disagrees with the printed lines     33.03, 33.21, 32.93, 32.66, 32.61   | main 0, 0, 0, 0, 0
  starter points / bench points / rookie starters 16.3, 16.3, 16.3, 16.3, 16.2   | main 19.7, 19.7, 19.7, 19.7, 19.7
    bench                                      7.5, 7.5, 7.5, 7.5, 7.5   | main 10.6, 10.6, 10.6, 10.6, 10.6
    rookie starters                            7.9, 8, 7.9, 7.9, 7.9   | main 13.9, 13.8, 13.7, 13.8, 13.8
  triple double seasons                        24, 25, 22, 14, 16   | main 216, 208, 219, 200, 225
  seasons at 16 points or more, percent        37.92, 37.87, 38, 37.92, 37.81   | main 59.83, 59.93, 59.83, 59.83, 60
  careers past 12,000 points, percent          94.78, 94.55, 94.83, 94.73, 95.1   | main 99.58, 99.72, 99.73, 99.5, 99.62
  careers past 25,000 points, percent          25.5, 25.65, 26.07, 25.6, 25.68   | main 54.25, 53.87, 54.33, 54.08, 54.05
  scoring and assists title together           11, 14, 11, 10, 8   | main 497, 474, 420, 462, 458
  SG and SF starter seasons at 8 assists, percent 1.025, 1.155, 1.203, 0.994, 1.005   | main 19.17, 18.676, 18.945, 18.904, 18.513
  gate ppg28, percent of qualified seasons     3.274, 3.329, 3.391, 3.447, 3.256   | main 6.788, 7.112, 6.71, 6.698, 6.787
  gate apg10, percent of qualified seasons     0.552, 0.537, 0.557, 0.534, 0.513   | main 5.228, 5.227, 5.193, 5.148, 5.397
  gate rpg11, percent of qualified seasons     3.501, 3.663, 3.709, 3.807, 3.648   | main 4.702, 4.787, 4.81, 4.821, 4.795
  gate rpg125big, percent of qualified seasons 3.837, 4.121, 4.27, 4.319, 4.051   | main 3.517, 3.596, 3.68, 3.695, 3.659
  gate jump6, percent of qualified seasons     10.077, 9.935, 10.188, 10.104, 9.923   | main 8.439, 8.316, 8.208, 8.313, 8.427
  gate ppg14, percent of qualified seasons     47.862, 47.695, 47.871, 47.75, 47.567   | main 70.328, 70.324, 70.116, 70.208, 70.252
  healthy starters rated 80-83: PG 15.4/3.8/5.6 | 15.6/3.8/5.6 | 15.4/3.8/5.7 | 15.4/3.8/5.6 | 15.5/3.8/5.7   SG 16.7/4.4/2.7 | 16.8/4.4/2.8 | 16.7/4.3/2.7 | 16.8/4.4/2.8 | 16.8/4.4/2.8   SF 15.6/5.7/3.7 | 15.5/5.7/3.7 | 15.6/5.7/3.8 | 15.4/5.7/3.7 | 15.5/5.7/3.7   PF 15.4/6.1/2.5 | 15.2/6.2/2.4 | 15.2/6.1/2.4 | 15.3/6.1/2.4 | 15.2/6.1/2.4   C 14.5/9/2.1 | 14.6/9/2.2 | 14.6/9/2.2 | 14.7/9/2.2 | 14.6/9/2.2
  healthy starters rated 88-91: PG 23.9/5/7.7 | 24.1/5/7.8 | 24.1/5/7.7 | 24/5/7.7 | 24.1/5/7.7   SG 25.4/5.7/4 | 25.8/5.7/4.1 | 25.3/5.7/4 | 25.5/5.7/4.1 | 25.6/5.7/4   SF 24.1/7.6/5.6 | 24/7.6/5.5 | 24.1/7.6/5.5 | 24/7.5/5.5 | 23.9/7.5/5.4   PF 23.1/8.3/3.3 | 22.9/8.3/3.2 | 22.9/8.3/3.3 | 22.9/8.3/3.3 | 22.8/8.3/3.2   C 22/12.1/3 | 21.6/12.1/3 | 22/12.1/3 | 21.8/12.2/3 | 21.5/12.1/3
  All-Defensive a career by archetype (seed 1): pointgod 0.16, scoringpg 0.01, pest 4.655, bucket 0.003, sniper 0.013, twoway 5.593, alpha 0.04, threed 2.678, pointforward 0.502, stretch4 0.053, bruiser 1.428, swiss 0.675, paintbeast 1.5, stretch 0, anchor 3.153
  my share by archetype (seed 1): pointgod 63.2, scoringpg 71.3, pest 62.1, bucket 70.9, sniper 58.8, twoway 62.8, alpha 73.8, threed 55, pointforward 72.4, stretch4 63.4, bruiser 64.6, swiss 65.8, paintbeast 59.4, stretch 54, anchor 46.6
  the field as the fleet lives it (mean, sd): PG 36.17/16.01 | 35.69/16.12 | 36.23/16.21 | 36.04/16.13 | 36.13/15.98   SG 34.2/15.4 | 34.21/15.42 | 33.92/15.28 | 34.04/15.46 | 33.88/15.38   SF 36.47/16.41 | 36.62/16.57 | 37.01/16.67 | 36.43/16.41 | 36.61/16.35   PF 33.69/14.59 | 33.54/14.54 | 33.21/14.51 | 33.66/14.72 | 33.42/14.62   C 34.66/15.13 | 34.93/15.08 | 35.27/15.35 | 35.11/15.24 | 34.89/15.12

The field, measured on the simNbaAwardsSense fleet (5 seed mean, era neutral, half a schedule or more):
    PG: { mean: 37.0, sd: 16.4 },   // seeds: 37.1/16.3 36.6/16.4 37.2/16.5 37.0/16.4 37.1/16.2
    SG: { mean: 34.9, sd: 15.7 },   // seeds: 35.1/15.7 35.1/15.7 34.8/15.5 34.9/15.7 34.7/15.7
    SF: { mean: 37.5, sd: 16.7 },   // seeds: 37.3/16.7 37.5/16.8 37.9/16.9 37.3/16.6 37.5/16.6
    PF: { mean: 34.3, sd: 14.8 },   // seeds: 34.5/14.8 34.3/14.8 34.0/14.7 34.4/14.9 34.2/14.9
    C: { mean: 35.7, sd: 15.4 },   // seeds: 35.4/15.4 35.7/15.3 36.0/15.6 35.9/15.5 35.7/15.4
The gates at main's percentile: rebounds for Defensive Player 10.3, 10.4, 10.4, 10.5, 10.4 (was 11, 4.78% pass); the jump for Most Improved 6.6, 6.5, 6.6, 6.6, 6.5 (was 6, 8.34%); points for Sixth Man 9.5, 9.5, 9.5, 9.5, 9.5 (was 14, 70.25%)
The grade that holds main's rate on this fleet's own field (worked out from every season's z, not drawn):
    Finals MVP           main 0.152 a career, grade 0.03

NBA_FIELD, measured on the simNbaAwardsSense fleet (5 seed mean, era neutral, half a season or more):
  mvp: { PG: [32.51, 11.16], SG: [31.49, 10.78], SF: [33.25, 11.49], PF: [31.28, 10.36], C: [32.49, 10.82] },
  defense: { PG: [3.04, 1.06], SG: [3.33, 1.28], SF: [4.09, 1.38], PF: [4.07, 1.42], C: [5.61, 2.08] },
  production: { PG: [23.21, 10.25], SG: [22.14, 9.88], SF: [23.86, 10.59], PF: [21.98, 9.46], C: [23.21, 9.97] },
  bench: [7.73, 3.31],
  jump: [-0.01, 7.09],
  fans: [61.70, 24.32],
The grade that puts each award on its target, on this fleet's own field (worked out, not drawn; committed grade in brackets):
    All-NBA        main 1.986 a career: -0.13 [-0.13]
    MVP            main 0.315 a career, at that All-NBA grade: -0.34 [-0.33]
    All-Defensive  main 1.356 a career: 0.20 [0.2]
    All-Star       1.6 times main's All-NBA (24 picks against 15), 3.178 a career: -0.18 [-0.18]
    Rookies        twice main's Rookie of the Year, 0.043 a career: -2.37 [-2.39]; All-Rookie at that grade 0.501 a career
    Defensive Player  main 0.079 a career, at that All-Defensive grade: 0.24 [0.24]
    Sixth Man      main 0.334 a career: -0.65 [-0.64]
    Most Improved  main 0.193 a career: -0.17 [-0.17]
    at the committed grades the fit expects: All-NBA 1.977, MVP 0.310, All-Defensive 1.354, All-Star 3.173, Rookie of the Year 0.046

Sections:
  ok   [E] PG: the committed field 36.8/16.4 against the fleet 37.1/16.3 36.6/16.4 37.2/16.5 37.0/16.4 37.1/16.2 (mean off by at most 0.023 sd, limit 0.08; sd off by at most 1.0 percent, limit 6)
  ok   [E] SG: the committed field 34.9/15.6 against the fleet 35.1/15.7 35.1/15.7 34.8/15.5 34.9/15.7 34.7/15.7 (mean off by at most 0.011 sd, limit 0.08; sd off by at most 0.7 percent, limit 6)
  ok   [E] SF: the committed field 37.4/16.8 against the fleet 37.3/16.7 37.5/16.8 37.9/16.9 37.3/16.6 37.5/16.6 (mean off by at most 0.029 sd, limit 0.08; sd off by at most 1.0 percent, limit 6)
  ok   [E] PF: the committed field 34.3/14.9 against the fleet 34.5/14.8 34.3/14.8 34.0/14.7 34.4/14.9 34.2/14.9 (mean off by at most 0.022 sd, limit 0.08; sd off by at most 1.2 percent, limit 6)
  ok   [E] C: the committed field 35.7/15.5 against the fleet 35.4/15.4 35.7/15.3 36.0/15.6 35.9/15.5 35.7/15.4 (mean off by at most 0.022 sd, limit 0.08; sd off by at most 1.1 percent, limit 6)
  A reads the lines the engine saved; healthy starters of modern careers: 62941, 62882, 62927, 63057, 63277
  ok   [A1] PG mpg: median 31.3, 31.3, 31.3, 31.3, 31.3 inside the real starters' 23.9 to 37.9 (p25 28.5, p75 33.2, partial key, 15 percent of the median wider); 47 percent of the band from the nearer edge
  ok   [A1] PG pts: median 16.3, 16.3, 16.2, 16.3, 16.1 inside the real starters' 11.7 to 26.2 (p25 14.3, p75 23.6, partial key, 15 percent of the median wider); 31 percent of the band from the nearer edge
  ok   [A1] PG reb: median 3.9, 3.9, 3.9, 3.9, 3.9 inside the real starters' 2.7 to 5.2 (p25 3.3, p75 4.6, partial key, 15 percent of the median wider); 48 percent of the band from the nearer edge
  ok   [A1] PG ast: median 5.8, 5.8, 5.8, 5.8, 5.7 inside the real starters' 4.3 to 8.0 (p25 5.2, p75 7.1, partial key, 15 percent of the median wider); 40 percent of the band from the nearer edge
  ok   [A1] PG stl: median 1.2, 1.3, 1.3, 1.3, 1.3 inside the real starters' 0.8 to 1.6 (p25 1, p75 1.4, partial key, 15 percent of the median wider); 39 percent of the band from the nearer edge
  ok   [A1] PG blk: median 0.2, 0.2, 0.2, 0.2, 0.2 inside the real starters' 0.2 to 0.5 (p25 0.2, p75 0.5, partial key, 15 percent of the median wider); 12 percent of the band from the nearer edge
  ok   [A1] SG mpg: median 31.4, 31.4, 31.3, 31.4, 31.2 inside the real starters' 22.1 to 37.8 (p25 26.5, p75 33.4, partial key, 15 percent of the median wider); 41 percent of the band from the nearer edge
  ok   [A1] SG pts: median 17.8, 17.8, 17.7, 17.8, 17.4 inside the real starters' 9.9 to 21.1 (p25 11.8, p75 19.2, partial key, 15 percent of the median wider); 30 percent of the band from the nearer edge
  ok   [A1] SG reb: median 4.4, 4.4, 4.4, 4.4, 4.4 inside the real starters' 2.6 to 5.3 (p25 3.2, p75 4.7, partial key, 15 percent of the median wider); 33 percent of the band from the nearer edge
  ok   [A1] SG ast: median 2.9, 2.9, 2.9, 2.9, 2.9 inside the real starters' 1.7 to 4.2 (p25 2.1, p75 3.8, partial key, 15 percent of the median wider); 48 percent of the band from the nearer edge
  ok   [A1] SG stl: median 1.1, 1.1, 1.1, 1.1, 1.1 inside the real starters' 0.5 to 1.5 (p25 0.7, p75 1.3, partial key, 15 percent of the median wider); 39 percent of the band from the nearer edge
  ok   [A1] SG blk: median 0.4, 0.4, 0.4, 0.4, 0.4 inside the real starters' 0.2 to 0.6 (p25 0.3, p75 0.5, partial key, 15 percent of the median wider); 50 percent of the band from the nearer edge
  ok   [A1] SF mpg: median 31.5, 31.5, 31.6, 31.5, 31.6 inside the real starters' 23.9 to 37.2 (p25 28.4, p75 32.7, partial key, 15 percent of the median wider); 43 percent of the band from the nearer edge
  ok   [A1] SF pts: median 16.7, 16.7, 17.0, 16.6, 16.8 inside the real starters' 9.0 to 23.3 (p25 11.3, p75 21, partial key, 15 percent of the median wider); 46 percent of the band from the nearer edge
  ok   [A1] SF reb: median 5.9, 6.0, 6.0, 6.0, 6.0 inside the real starters' 3.1 to 6.6 (p25 3.9, p75 5.8, partial key, 15 percent of the median wider); 17 percent of the band from the nearer edge
  ok   [A1] SF ast: median 3.8, 3.8, 3.9, 3.8, 3.9 inside the real starters' 1.5 to 4.8 (p25 2, p75 4.3, partial key, 15 percent of the median wider); 29 percent of the band from the nearer edge
  ok   [A1] SF stl: median 1.1, 1.1, 1.1, 1.1, 1.1 inside the real starters' 0.7 to 1.3 (p25 0.8, p75 1.2, partial key, 15 percent of the median wider); 36 percent of the band from the nearer edge
  ok   [A1] SF blk: median 0.4, 0.4, 0.4, 0.4, 0.4 inside the real starters' 0.2 to 0.8 (p25 0.3, p75 0.7, partial key, 15 percent of the median wider); 32 percent of the band from the nearer edge
  ok   [A1] PF mpg: median 31.3, 31.3, 31.3, 31.3, 31.3 inside the real starters' 22.6 to 37.6 (p25 27.1, p75 33.1, partial key, 15 percent of the median wider); 42 percent of the band from the nearer edge
  ok   [A1] PF pts: median 16.2, 16.2, 16.2, 16.2, 16.0 inside the real starters' 9.8 to 20.4 (p25 12, p75 18.2, partial key, 15 percent of the median wider); 40 percent of the band from the nearer edge
  ok   [A1] PF reb: median 6.3, 6.2, 6.3, 6.2, 6.2 inside the real starters' 3.6 to 7.6 (p25 4.4, p75 6.8, partial key, 15 percent of the median wider); 34 percent of the band from the nearer edge
  ok   [A1] PF ast: median 2.4, 2.4, 2.4, 2.4, 2.4 inside the real starters' 1.4 to 3.8 (p25 1.8, p75 3.4, partial key, 15 percent of the median wider); 41 percent of the band from the nearer edge
  ok   [A1] PF stl: median 0.7, 0.7, 0.7, 0.7, 0.7 inside the real starters' 0.6 to 1.2 (p25 0.7, p75 1.1, partial key, 15 percent of the median wider); 20 percent of the band from the nearer edge
  ok   [A1] PF blk: median 0.7, 0.7, 0.7, 0.7, 0.7 inside the real starters' 0.3 to 0.9 (p25 0.4, p75 0.8, partial key, 15 percent of the median wider); 32 percent of the band from the nearer edge
  ok   [A1] C mpg: median 31.1, 31.1, 31.1, 31.2, 31.1 inside the real starters' 20.9 to 34.2 (p25 25, p75 30.1, partial key, 15 percent of the median wider); 23 percent of the band from the nearer edge
  ok   [A1] C pts: median 15.0, 15.0, 15.0, 15.2, 14.9 inside the real starters' 9.1 to 18.1 (p25 10.9, p75 16.3, partial key, 15 percent of the median wider); 34 percent of the band from the nearer edge
  ok   [A1] C reb: median 9.0, 9.0, 9.0, 9.1, 8.9 inside the real starters' 5.9 to 11.2 (p25 7.1, p75 10, partial key, 15 percent of the median wider); 42 percent of the band from the nearer edge
  ok   [A1] C ast: median 2.2, 2.2, 2.2, 2.2, 2.2 inside the real starters' 1.4 to 3.4 (p25 1.7, p75 3.1, partial key, 15 percent of the median wider); 40 percent of the band from the nearer edge
  ok   [A1] C stl: median 0.8, 0.8, 0.8, 0.8, 0.8 inside the real starters' 0.6 to 1.1 (p25 0.7, p75 1, partial key, 15 percent of the median wider); 41 percent of the band from the nearer edge
  ok   [A1] C blk: median 1.0, 1.0, 1.0, 1.0, 1.0 inside the real starters' 0.6 to 1.4 (p25 0.7, p75 1.3, partial key, 15 percent of the median wider); 50 percent of the band from the nearer edge
  note [A1 2003, printed] PG: mpg 31.3 in 25.2..41.7 (37% in); pts 13.2 in 8.4..19.0 (45% in); reb 3.7 in 2.4..4.6 (41% in); ast 4.6 in 4.2..7.7 (11% in); stl 1.2 in 0.9..1.8 (33% in); blk 0.2 in 0.1..0.3 (50% in)
  note [A1 2003, printed] SG: mpg 31.4 in 27.4..43.8 (24% in); pts 14.4 in 11.0..23.5 (27% in); reb 4.3 in 2.9..5.7 (49% in); ast 2.3 in 1.9..5.3 (12% in); stl 1.0 in 0.9..1.7 (12% in); blk 0.4 in 0.1..0.6 (38% in)
  note [A1 2003, printed] SF: mpg 31.5 in 23.9..41.8 (43% in); pts 13.6 in 8.1..19.9 (46% in); reb 5.7 in 3.2..6.6 (26% in); ast 3.1 in 1.5..3.3 (13% in); stl 1.0 in 0.8..1.3 (50% in); blk 0.5 in 0.2..0.5 (12% in)
  note [A1 2003, printed] PF: mpg 31.3 in 26.6..41.7 (31% in); pts 13.1 in 9.5..19.6 (35% in); reb 6.0 in 6.0..11.3 (OUT); ast 1.9 in 1.2..3.5 (31% in); stl 0.7 in 0.7..1.2 (6% in); blk 0.7 in 0.4..1.8 (20% in)
  note [A1 2003, printed] C: mpg 31.2 in 20.8..36.6 (34% in); pts 12.2 in 5.4..12.3 (2% in); reb 8.7 in 5.1..9.7 (22% in); ast 1.7 in 0.7..1.9 (9% in); stl 0.7 in 0.4..0.9 (40% in); blk 1.1 in 0.7..2.2 (27% in)
  note [A1 2003, printed] 1 of 30 cells outside the 2003-04 quartiles (not judged: the lead sets how many may miss)
  ok   [A1] the 2003 line over the 2026 line is the league rows' ratio within 2 percent: ppg 0.810 against 0.808, rpg 0.963 against 0.963, apg 0.797 against 0.798, spg 0.938 against 0.940, bpg 1.075 against 1.063
  ok   [A2] the p99 starter season in pts: 33.2, 33.4, 33.4, 33.5, 33.1, mean 33.32, at or under the league leaders' mean plus one sd (32.8 + 1.7)
  ok   [A2] the p99 starter season in reb: 13.6, 13.6, 13.7, 13.7, 13.5, mean 13.62, at or under the league leaders' mean plus one sd (14.3 + 1.1)
  ok   [A2] the p99 starter season in ast: 9.8, 9.7, 9.7, 9.7, 9.6, mean 9.70, at or under the league leaders' mean plus one sd (10.9 + 0.5)
  ok   [A3] rookies rated 75 to 79 average 8.1, 8.1, 8.1, 8.0, 8.1 points (7.5 to 11.5); starters 9.6, 9.6, 9.5, 9.4, 9.4, bench 5.8, 5.7, 5.8, 5.9, 5.9; 1673, 1714, 1669, 1655, 1670 seasons
  ok   [A3] SG and SF starter seasons at 8 assists or more: 1.22, 1.40, 1.39, 1.20, 1.16 percent of theirs (under 2; main about 19)
  ok   [A3] bench seasons score 46, 46, 46, 46, 47 percent of starters' (36 to 56): 7.7, 7.7, 7.8, 7.8, 7.7 points in 17.3, 17.3, 17.3, 17.3, 17.3 minutes
  ok   [A3] every new season's points have one decimal, and 90, 90, 90, 90, 90 percent of them a non zero one (at least 10)
  ok   [A3] seasons holding both the scoring and the assists title: 11, 14, 11, 10, 8, 54 in 30000 careers (under 1 in 250 careers; main 497, 474, 420, 462, 458, 1 in 13)
  note [A3] 30 points a game: 2.97, 3.00, 3.04, 3.11, 2.75 percent of starter seasons; 10 assists: 0.89, 0.83, 0.83, 0.82, 0.79; triple double seasons in the fleet: 23, 25, 22, 13, 16
  ok   [A3] triple double seasons in thirty elite careers a seed: 9, 7, 6, 9, 8, 39 in all (at least 2 a seed on average, so the badge stays reachable)
  note [A] medians, every role, half a season or more (points/rebounds/assists): PG 14/3.5/5  SG 15.1/3.9/2.5  SF 14.3/5.4/3.3  PF 13.8/5.6/2.1  C 12.5/7.8/1.9
  ok   [A4] PG: mean points rise with every rating band (seed 1: 72-75 9.3/2.6/3.6 in 26.6, 76-79 12.1/3.2/4.6 in 28.7, 80-83 15.9/3.8/5.8 in 31.0, 84-87 20.0/4.4/7.0 in 32.9, 88-91 24.5/5.0/7.9 in 34.5, 92-95 29.0/5.5/8.7 in 36.0)
  ok   [A4] SG: mean points rise with every rating band (seed 1: 72-75 9.9/3.0/1.7 in 26.6, 76-79 13.3/3.7/2.3 in 28.9, 80-83 17.3/4.4/2.8 in 31.1, 84-87 21.5/5.0/3.5 in 32.8, 88-91 25.9/5.7/4.2 in 34.5, 92-95 30.4/6.2/4.7 in 36.0)
  ok   [A4] SF: mean points rise with every rating band (seed 1: 72-75 9.2/4.0/2.3 in 26.5, 76-79 12.2/4.9/3.0 in 28.8, 80-83 16.0/5.8/3.8 in 31.1, 84-87 20.2/6.7/4.8 in 32.9, 88-91 24.8/7.6/5.8 in 34.6, 92-95 29.6/8.5/6.6 in 36.1)
  ok   [A4] PF: mean points rise with every rating band (seed 1: 72-75 9.3/4.3/1.6 in 26.5, 76-79 12.0/5.2/2.0 in 28.8, 80-83 15.8/6.2/2.5 in 31.1, 84-87 19.5/7.3/2.9 in 32.8, 88-91 23.6/8.4/3.4 in 34.6, 92-95 27.0/9.6/3.8 in 36.1)
  ok   [A4] C: mean points rise with every rating band (seed 1: 72-75 8.7/6.2/1.4 in 26.6, 76-79 11.4/7.5/1.8 in 28.7, 80-83 15.0/9.0/2.2 in 31.0, 84-87 18.6/10.6/2.7 in 32.8, 88-91 22.6/12.2/3.1 in 34.5)
  ok   [A5] nbaStatLineFor draws exactly 7 times for a starter, a backup, a rookie and a playoff line (7, 7, 7, 7)
  ok   [A5] the same input and seed give the same line, and the input is left untouched
  ok   [R] my share of the head to head years, percent: mean 62.634 (62.96, 62.69, 62.72, 62.54, 62.26) against main's 62.594 (62.33, 63.02, 62.3, 62.52, 62.8), 0.04 apart, allowed 0.593 (three standard errors at 6000 careers a seed)
  FAIL [H] Hall of Fame inducted, percent: mean 30.146 (29.93, 30.25, 30.18, 30.87, 29.5) against main's 31.732 (31.7, 31.88, 31.78, 31.75, 31.55), 1.586 apart, allowed 1.14 (three standard errors at 6000 careers a seed)
  FAIL [H] first ballot, percent: mean 26.244 (26.2, 26.1, 26.57, 26.97, 25.38) against main's 27.562 (27.03, 27.93, 27.83, 27.57, 27.45), 1.318 apart, allowed 1.094 (three standard errors at 6000 careers a seed)
  FAIL [B6] MVPs a career (sd over careers 0.777): mean 0.275 (0.262, 0.277, 0.29, 0.272, 0.275) against main's 0.315 (0.316, 0.323, 0.31, 0.313, 0.311), 0.039 apart, allowed 0.019 (three standard errors at 6000 careers a seed)
  FAIL [B6] All-NBA a career (sd over careers 2.297): mean 1.854 (1.841, 1.843, 1.879, 1.867, 1.839) against main's 1.986 (1.972, 2.006, 1.981, 1.987, 1.986), 0.133 apart, allowed 0.056 (three standard errors at 6000 careers a seed)
  ok   [B6] All-Defensive a career (sd over careers 2.468): mean 1.375 (1.364, 1.386, 1.359, 1.388, 1.376) against main's 1.356 (1.342, 1.383, 1.357, 1.337, 1.361), 0.019 apart, allowed 0.06 (three standard errors at 6000 careers a seed)
  ok   [B6] Finals MVPs a career (sd over careers 0.453): mean 0.15 (0.144, 0.152, 0.151, 0.155, 0.15) against main's 0.152 (0.14, 0.159, 0.153, 0.15, 0.156), 0.001 apart, allowed 0.011 (three standard errors at 6000 careers a seed)
  FAIL [B6] careers with an MVP, percent (main 16.22, 16.85, 16.27, 16.75, 16.68: the same awards a career, spread over more careers): mean 16.198 (15.77, 16.12, 16.75, 16.15, 16.2) against what Round 1103 shipped, 17.442 (17.18, 17.07, 17.73, 17.7, 17.53), 1.244 apart, allowed 0.93 (three standard errors at 6000 careers a seed)
  FAIL [B6] careers with an All-NBA, percent (main 59.07, 58.88, 58.6, 58.68, 58.93: the same awards a career, spread over more careers): mean 60.144 (60.67, 59.6, 60.7, 59.9, 59.85) against what Round 1103 shipped, 61.94 (61.7, 60.98, 62.35, 62.47, 62.2), 1.796 apart, allowed 1.189 (three standard errors at 6000 careers a seed)
  ok   [B0] every award string agrees with the key that names its team (0 seasons off), every Defensive Player is on an All-Defensive team (0 off), every season has a club record that adds up to its length (0 without)
  ok   [B1] MVP seasons: 8258 in the run (at least 300, or the checks on them are empty)
  ok   [B1] Most Improved seasons: 5386 in the run (at least 100, or the checks on them are empty)
  ok   [B1] MVP seasons on a club that missed the playoffs: 0, 0, 0, 0, 0 of 1571, 1664, 1739, 1633, 1651 (main: one in four)
  ok   [B1] MVP seasons off the All-NBA First Team: 0, 0, 0, 0, 0 (main: one in eleven not All-NBA at all)
  ok   [B1] MVP and Most Improved in one season: 0, 0, 0, 0, 0 (main: one MVP season in four)
  ok   [B1] Most Improved after an earlier All-NBA: 0, 0, 0, 0, 0 of 1070, 1063, 1121, 1088, 1044
  ok   [B2] Rookie of the Year seasons: 1421 in the run (at least 60, or the checks on them are empty)
  ok   [B2] Rookie of the Year seasons off the All-Rookie First Team: 0, 0, 0, 0, 0 of 273, 298, 297, 267, 286 (main: every one)
  ok   [B2] All-Rookie outside a first season: 0, 0, 0, 0, 0
  ok   [B2] All-Rookie selections in first seasons: 3139, 3084, 3246, 3077, 3192 (main: none)
  ok   [B3] seasons from 2023-24 with an award the games rule names: 63638 in the run (at least 2000, or the checks on them are empty)
  ok   [B3] from 2023-24, seasons under the games bar holding an award the rule names: 0, 0, 0, 0, 0 of 12644, 12856, 12722, 12924, 12492
  ok   [B3] before 2023-24 the rule did not exist: 423, 395, 434, 411, 412 seasons under 65 games hold one of those awards (at least 1750 in the run, so "none before" is seen to fire)
  ok   [B3] Sixth Man seasons: 9999 in the run (at least 100, or the checks on them are empty)
  ok   [B3] Sixth Man seasons by a starter: 0, 0, 0, 0, 0 of 2013, 2003, 2027, 1923, 2033
  ok   [B3] seasons under half a schedule holding any award but a Finals MVP: 0, 0, 0, 0, 0
  ok   [B4] All-NBA seasons without an All-Star selection: 0, 0, 0, 0, 0
  ok   [B4] All-Star selections a career over All-NBA: 1.63, 1.63, 1.62, 1.63, 1.63, mean 1.63 (1.25 to 2.4; 24 picks against 15 is 1.6); 3, 2.997, 3.042, 3.037, 3.001 All-Star a career, 4760, 4711, 4872, 4937, 4582 of them starters
  ok   [B5] All-Defensive a career: every defender above every scorer (the lowest defender, threed, 2.97; the highest scorer, stretch4, 0.06)
  ok   [B5] the defenders' mean is 186.6 times the scorers' (at least 3; main: a tenth of it, the wrong way round): pest 4.46, twoway 5.42, threed 2.97, anchor 3.37, scoringpg 0.01, bucket 0.00, sniper 0.00, alpha 0.05, stretch4 0.06, stretch 0.00
  ok   [B6] Rookie of the Year a career: 0.046, 0.05, 0.05, 0.045, 0.048, mean 0.048 (between main's 0.022 and three times it)
  ok   [B6] Scoring Champion a career: 0.163, 0.173, 0.183, 0.165, 0.164 (main 0.468; it moves by design, judged as above zero)
  ok   [B6] Assists Leader a career: 0.05, 0.047, 0.05, 0.048, 0.046 (main 0.123; it moves by design, judged as above zero)
  ok   [B6] Rebounding Champion a career: 0.096, 0.103, 0.11, 0.111, 0.102 (main 0.099; it moves by design, judged as above zero)
  ok   [B6] Sixth Man of the Year a career: 0.336, 0.334, 0.338, 0.321, 0.339 (main 0.334; it moves by design, judged as above zero)
  ok   [B6] Most Improved Player a career: 0.178, 0.177, 0.187, 0.181, 0.174 (main 0.193; it moves by design, judged as above zero)
  ok   [B6] Defensive Player of the Year a career: 0.068, 0.082, 0.08, 0.089, 0.083 (main 0.079; it moves by design, judged as above zero)
  ok   [B6] All-Rookie Team a career: 0.523, 0.514, 0.541, 0.513, 0.532 (main 0.092; it moves by design, judged as above zero)
  ok   [B7] decideNbaAwards draws exactly 9 times for a rookie, a bench player, a short season and a season before 2023 (9, 9, 9, 9)
  ok   [B7] the same input and seed give the same awards, and the input is left untouched
  ok   [E] NBA_FIELD mvp PG: committed 32.92/11.23 against the fleet 32.53/11.13 32.44/11.09 32.61/11.24 32.49/11.18 32.46/11.13 (mean off by at most 0.043 sd, limit 0.08; sd off by at most 1.2 percent, limit 6)
  ok   [E] NBA_FIELD mvp SG: committed 31.95/10.85 against the fleet 31.60/10.75 31.59/10.87 31.35/10.67 31.54/10.78 31.36/10.82 (mean off by at most 0.055 sd, limit 0.08; sd off by at most 1.7 percent, limit 6)
  ok   [E] NBA_FIELD mvp SF: committed 33.67/11.54 against the fleet 33.17/11.43 33.26/11.55 33.52/11.68 33.09/11.43 33.21/11.36 (mean off by at most 0.050 sd, limit 0.08; sd off by at most 1.6 percent, limit 6)
  ok   [E] NBA_FIELD mvp PF: committed 31.75/10.35 against the fleet 31.40/10.36 31.30/10.32 31.07/10.28 31.39/10.42 31.22/10.41 (mean off by at most 0.066 sd, limit 0.08; sd off by at most 0.7 percent, limit 6)
  ok   [E] NBA_FIELD mvp C: committed 32.93/10.95 against the fleet 32.30/10.74 32.40/10.75 32.66/10.97 32.63/10.86 32.48/10.79 (mean off by at most 0.058 sd, limit 0.08; sd off by at most 1.9 percent, limit 6)
  ok   [E] NBA_FIELD defense PG: committed 3.02/1.06 against the fleet 3.05/1.05 3.01/1.07 3.04/1.06 3.04/1.06 3.05/1.05 (mean off by at most 0.025 sd, limit 0.08; sd off by at most 0.9 percent, limit 6)
  ok   [E] NBA_FIELD defense SG: committed 3.34/1.28 against the fleet 3.34/1.28 3.34/1.28 3.33/1.28 3.33/1.29 3.32/1.27 (mean off by at most 0.017 sd, limit 0.08; sd off by at most 0.8 percent, limit 6)
  ok   [E] NBA_FIELD defense SF: committed 4.08/1.38 against the fleet 4.08/1.36 4.09/1.38 4.12/1.39 4.08/1.38 4.10/1.38 (mean off by at most 0.030 sd, limit 0.08; sd off by at most 1.5 percent, limit 6)
  ok   [E] NBA_FIELD defense PF: committed 4.05/1.41 against the fleet 4.08/1.42 4.07/1.41 4.04/1.41 4.08/1.43 4.06/1.43 (mean off by at most 0.025 sd, limit 0.08; sd off by at most 1.4 percent, limit 6)
  ok   [E] NBA_FIELD defense C: committed 5.59/2.08 against the fleet 5.56/2.06 5.61/2.08 5.64/2.07 5.63/2.10 5.59/2.08 (mean off by at most 0.023 sd, limit 0.08; sd off by at most 1.0 percent, limit 6)
  ok   [E] NBA_FIELD production PG: committed 23.1/10.29 against the fleet 23.29/10.19 22.98/10.25 23.34/10.35 23.21/10.27 23.26/10.17 (mean off by at most 0.023 sd, limit 0.08; sd off by at most 1.2 percent, limit 6)
  ok   [E] NBA_FIELD production SG: committed 22.15/9.87 against the fleet 22.24/9.90 22.24/9.90 22.05/9.80 22.13/9.92 22.03/9.89 (mean off by at most 0.012 sd, limit 0.08; sd off by at most 0.7 percent, limit 6)
  ok   [E] NBA_FIELD production SF: committed 23.8/10.59 against the fleet 23.77/10.54 23.86/10.65 24.11/10.72 23.72/10.52 23.86/10.52 (mean off by at most 0.029 sd, limit 0.08; sd off by at most 1.2 percent, limit 6)
  ok   [E] NBA_FIELD production PF: committed 21.9/9.39 against the fleet 22.11/9.47 22.01/9.43 21.79/9.39 22.09/9.53 21.93/9.49 (mean off by at most 0.022 sd, limit 0.08; sd off by at most 1.5 percent, limit 6)
  ok   [E] NBA_FIELD production C: committed 23.15/10.01 against the fleet 23.00/9.91 23.19/9.90 23.41/10.07 23.30/10.00 23.17/9.95 (mean off by at most 0.026 sd, limit 0.08; sd off by at most 1.1 percent, limit 6)
  ok   [E] NBA_FIELD bench: committed 7.71/3.3 against the fleet 7.71/3.32 7.71/3.30 7.76/3.32 7.70/3.26 7.74/3.33 (mean off by at most 0.015 sd, limit 0.08; sd off by at most 1.1 percent, limit 6)
  ok   [E] NBA_FIELD jump: committed -0.01/7.09 against the fleet -0.02/7.08 -0.02/7.08 -0.01/7.12 -0.01/7.12 -0.01/7.06 (mean off by at most 0.001 sd, limit 0.08; sd off by at most 0.4 percent, limit 6)
  ok   [E] NBA_FIELD fans: committed 61.81/24.35 against the fleet 61.84/24.36 61.53/24.22 62.04/24.33 61.90/24.43 61.22/24.26 (mean off by at most 0.024 sd, limit 0.08; sd off by at most 0.5 percent, limit 6)
  ok   [D] nbaSeasonStats.ts and nbaCareerAwards.ts both import from ./awardDecision (comments stripped)
  ok   [D] nbaSeasonStats.ts no longer adds points and rebounds a game itself
  FAIL [D] the career's MVP win weight (19) is NBA Front Office's (20)
  ok   [D] NBA Front Office ranks the winner over the better producer on the worst club (true), and stops when the shared score loses its winning term (true)
  ok   [D] the career's MVPs over 400 careers change with the same swap (91 against 0)
  ok   [F] the worked example recomputed through the shared score: production 38.8 (printed 38.8), winning share 0.659 (printed .659), weight 19, total 51.3 (printed 51.3)
  ok   [F] the example's 54-28 club is a playoff club by the engine's record bands (41 to 67 wins) and its 34-48 club is not (17 to 40)
  ok   [F] the help says 65 games and 24 All-Star picks; the rules say 65 and 24
  ok   [F] the page says the Trophy Case holds 23 badges; NBA_BADGES has 23
  ok   [F] the page hands the award rules to its "?"
  ok   [F] no em or en dash in the help rules
  note [F] the guide for /nba-my-career still says, and its owner owes the change: "62 games", "21 of them", "Each of the 21 badges"
  note [C] other sports: not judged in a plain run (SENSE_PROVE_OTHERS=1 judges the hashes)
  note [C, printed for the legacy recalibration round] NFL: 2 seasons won MVP over 100 careers; 0 of them (0.0 percent) on a club that missed the playoffs, 1 (50.0 percent) without that season's All-Pro
  note [C, printed for the legacy recalibration round] MLB: 3 seasons won MVP or Cy Young over 100 careers; 2 of them (66.7 percent) on a club that missed the playoffs, 0 (0.0 percent) without that season's All-Star
  note [C, printed for the legacy recalibration round] NHL: 10 seasons won Hart or Norris or Vezina over 100 careers; 4 of them (40.0 percent) on a club that missed the playoffs, 0 (0.0 percent) without that season's All-Star

control weightdrift: DID NOT FIRE AS DESIGNED, wanted red in D (and at most E, B6), got H, B6, D
simNbaAwardsSense: 121 checks, 7 failed (full size, control weightdrift), 129s
