simCmLeagueBook: 5 careers x 2 seasons (default fleet, seed set 4), CONTROL wrongman
stream  20 of 20 faces (the whole save but the book, and the count of draws) equal with the book taken out
        wall time of the fleet: 7.1s with the book and this harness watching every entry, 6.2s with the book out and nothing watching
        the book's own cost: 4 careers x 2 seasons took 6185ms with the book and 5750ms with it out (7.6% more)
stream  base arm NOT RUN: set BOOK_BASE to a worktree of the base commit
shapes  credited rival goals 6752: forwards 54.2%, midfielders 32.3%, defenders 13.5%, keepers 0 goals
        between other clubs (6486 goals), dealt against the weight: ATT 3589 vs 3593.2 (z -0.10), MID 2134 vs 2100.2 (z 0.90), DEF 576 vs 614.3 (z -1.62)
        clubs with an eleven: assists 4111 on 6645 credited goals = 0.619 a goal (the rule 0.614, z 0.84); own goals 192 of 6837 = 2.81% (the rule 2.75%, z 0.29); every club: 4111 assists on 6752 credited goals = 0.609 a goal
        every goal its own roll: one man took every goal in 257 of 1865 matches a club with an eleven scored two or more in = 13.8% (the weight says 13.0%, z 1.09)
        unnamed goals 2160 (club weeks with no named eleven: 2020); my league matches 368, reports whose lines did not add up to the score: 0
        no named eleven in championship: 828 of 2116 club weeks, 9 of 25 rival clubs seen (Blackburn Rovers 7 men, 1 keepers; Bolton Wanderers 3 men, 0 keepers; Cardiff City 4 men, 1 keepers; Charlton Athletic 8 men, 1 keepers; Lincoln City 2 men, 0 keepers; Millwall 11 men, 0 keepers; ...)
        no named eleven in bundesliga2: 544 of 578 club weeks, 16 of 17 rival clubs seen (Arminia Bielefeld 3 men, 1 keepers; Bochum 4 men, 0 keepers; Braunschweig 2 men, 1 keepers; Darmstadt 4 men, 0 keepers; Dynamo Dresden 1 men, 0 keepers; Energie Cottbus 0 men, 0 keepers; ...)
        no named eleven in bundesliga: 68 of 578 club weeks, 2 of 17 rival clubs seen (Elversberg 10 men, 1 keepers; Schalke 04 16 men, 0 keepers)
        no named eleven in laliga2010: 76 of 1444 club weeks, 1 of 19 rival clubs seen (Levante 10 men, 1 keepers)
        no named eleven in mlsEast: 504 of 784 club weeks, 9 of 14 rival clubs seen (Atlanta United 11 men, 0 keepers; CF Montréal 7 men, 1 keepers; Charlotte FC 10 men, 1 keepers; D.C. United 6 men, 0 keepers; FC Cincinnati 6 men, 1 keepers; Nashville SC 7 men, 0 keepers; ...)
        top ten of the Goals board held by forwards and wingers: 9.20 on the book, 5.60 on the old race, rise 3.60 (floor 1.5) over 10 seasons
names   22804 checks; 4 purchases probed of 4 saves kept (the best scorer of the rivals signed at week 22, twelve entries played on)
        the book against the report of 368 league matches of mine: 466 goal lines, 453 naming a man of that club's roster (each on his row), 6 naming nobody its roster holds, 52 from the spot or a free kick, 206 assists (each by a man on their pitch); 0 matches not judged, the opponent played twice in the entry
oldsave 766 checks: 4 saves with no book finished on the candidate and on the book out engine, the season after each, and six unreadable books
doors   2439 checks: three takeovers and two joined jobs (season one and season three), the law at the handover and after every entry to the end of the season
dailies 50 checks: 4 Hot Seat dates played to a verdict, handed over and played on, 3 Deadline Day dates, each state byte equal to the book out engine's
boards  by league, the book against the old race on the same seasons (penalties and free kicks to the taker)
        premier      20 clubs,  2 seasons: top scorer mean 29.5 (34 25), old race mean 34.5, most assists mean 12.0, leading keeper's clean sheets mean 19.0
        championship 24 clubs,  2 seasons: top scorer mean 38.0 (41 35), old race mean 40.0, most assists mean 16.0, leading keeper's clean sheets mean 27.0
        bundesliga2  18 clubs,  1 seasons: top scorer mean 17.0 (17), old race mean 26.0, most assists mean 9.0, leading keeper's clean sheets mean 14.0
        bundesliga   18 clubs,  1 seasons: top scorer mean 25.0 (25), old race mean 34.0, most assists mean 13.0, leading keeper's clean sheets mean 17.0
        laliga2010   20 clubs,  2 seasons: top scorer mean 36.5 (34 39), old race mean 35.5, most assists mean 12.5, leading keeper's clean sheets mean 23.5
        mlsEast      15 clubs,  2 seasons: top scorer mean 16.0 (19 13), old race mean 20.5, most assists mean 8.0, leading keeper's clean sheets mean 13.0
        38 game leagues: 4 seasons, top scorer mean 33.00, standard deviation 5.05, standard error 2.52; old race mean 35.00
        34 game leagues: 2 seasons, top scorer mean 21.00, standard deviation 4.00, standard error 2.83; old race mean 30.00
        46 game leagues: 2 seasons, top scorer mean 38.00, standard deviation 3.00, standard error 2.12; old race mean 40.00
        28 game leagues (15 clubs): 2 seasons, top scorer mean 16.00, standard deviation 3.00, standard error 2.12; old race mean 20.50
        the top scorer was a: ATT 10, MID 0, DEF 0 (of 10 seasons)
        the old race on the same seasons: 5722 of 9106 rival goals given to anybody (62.8%), of those forwards 54.9%, midfielders 45.1%; the book names a man for 74.1% and marks 194 own goals and 2160 unnamed
        a Clean sheets board of every man (keepers and defenders): its top ten holds men of 2.30 clubs and 2.10 keepers on average
        a back four picked by clean sheets + goals + assists: 2.90 men of one club on average; by goals + assists (club clean sheets, then table place, to split): 1.20, with 0.00 of the four on no goal and no assist
law     4 weeks I did not play in which the rest of the round did (a league with an odd number of clubs), 0 club entries holding two matches of one club, 0 club seasons whose clean sheets are judged on a range for it
law     10758 checks over 416 entries of 5 careers, and 91 entries of 2 seasons with the video referee on (84 league matches of mine, 73 reviews, 0 reports whose lines did not add up to the score)
green stream   20 checks
green law      10758 checks
RED   names    22804 checks, 825 failed
        Everton (now, seed 36325) season 1 week 1: the book gave 1 to Chris Richards of Crystal Palace, the report names him for 0
        Everton (now, seed 36325) season 1 week 1: the report names Jean-Philippe Mateta of Crystal Palace for 1, he is on its roster, and his row gained 0
        Everton (now, seed 36325) season 1 week 1: 1 named lines of Crystal Palace are on no row, the book counted 0 unnamed
        Everton (now, seed 36325) season 1 week 3: the book gave 2 to Leny Yoro of Manchester United, the report names him for 0
        Everton (now, seed 36325) season 1 week 3: the report names Matheus Cunha of Manchester United for 1, he is on its roster, and his row gained 0
green shapes   8 checks
green oldsave  766 checks
green doors    2439 checks
green dailies  50 checks
simCmLeagueBook: CONTROL wrongman FIRED: section names went red (825 failures) and no other section did (45s)
