1) Fifteen seasons at three clubs: under 196000 bytes, slope under 2000 bytes a season, every ledger inside its cap
   Real Madrid   seasons 15, day one 58192, season 1 167531, season 15 187743, slope after season 3 775 bytes a season
                 sizes: 58192 167531 174958 180320 176445 179773 178068 185789 181093 186485 181640 187783 181531 181662 188473 187743
   Everton       seasons 15, day one 54171, season 1 153070, season 15 190906, slope after season 3 1053 bytes a season
                 sizes: 54171 153070 162454 170684 175912 179591 187005 189874 189546 190904 190616 190316 190784 190823 191022 190906
   Lincoln City  seasons 15, day one 54305, season 1 151897, season 15 193046, slope after season 3 986 bytes a season
                 sizes: 54305 151897 164182 170004 176774 183898 189431 189711 189089 191750 190004 191429 190866 191879 192221 193046
   board nudges over the whole run: 247
2) An oversized pre 634 save shrinks on load, the trim is a fixed point, and the next season plays the same
   season 2 save 162454 bytes, inflated to 465741, loaded back as 187011
   ledgers after load: h2h 300, transferLog 80, inbox 8, aiHeadlines 8
   a season from the trimmed save and from the oversized one, same seed: identical (table, results, squad, budget, board, trophies, career stats)
3) saveCareer says whether it wrote: false when refused twice, lean and true when refused once, same bytes twice
   the season 15 save: 190906 bytes, h2h 300 rows, at most 13 per opponent
   store throws on every write: saveCareer returned false after 2 attempts (190906, 178940 bytes)
   store throws once: saveCareer returned true, wrote 178940 bytes (11966 fewer), h2h 163 rows, at most 6 per opponent
   working store: true then true, 190906 bytes then 190906, identical true, equal to the trimmed career true
4) The hook, rendered: the pagehide write, the hidden tab write, the same bytes, and saveFailed
    after pagehide the disk holds 54353 bytes, memory 54353
    after the tab went hidden the disk holds 53890 bytes, memory 53890
    three writes, 53763 bytes each, identical
    with a throwing store, saveFailed is true
    with the store back, saveFailed is false and the disk matches memory: true
    second press on Serge Gnabry: "Serge Gnabry is already in your squad."
    loan out again after the recall: "Christian Pulisic has already been out on loan once this season. One loan out a season."
   Test Files  1 passed (1)
   Tests  6 passed (6)
5) Two different men with one name both survive a save, a load and a week, and a loan record for one of them survives too
   Real Madrid for three seasons, then Athletic Club at season 4: squad 21, Nando Hedlund x2 (p-nando-hedlund ST 23 r73 | p-nando-hedlund-2 GK 18 r63)
   saved and loaded: squad 21, the pair x2; a week later: squad 21, the pair x2
   the GK out on loan: his loan record after the load 1, after a week 1; the ST still in the squad true and true
   Abdukodir Khusanov (CB 21): with a different man of that name on loan, listed true, refused as away false, bought true; with the man himself on loan, listed false, refused as away true, bought false
6) The repair, on saves that really carry the duplicate the pre 634 market made
   Andriy Lunin (GK 26) out on loan; the pre 634 market listed him at Real Madrid for 13.2 as GK 26
   in season shape: squad 1 and away 1 before the load, squad 1 and away 0 after it, 1 of him in the squad after the summer
   post summer shape: 2 copies before the load, 1 after (kept p-andriy-lunin, the XI copy is p-andriy-lunin), dangling XI ids 0, dangling set piece ids 0, 1 a week later
   44 men sent out on loan one at a time at Real Madrid season 3 and Athletic Club season 4: 0 still listed while away
7) The loan desk is not a money pump: one loan out a season
   Florian Wirtz at Liverpool, budget 137m: 1 of 25 loan out and recall cycles went through, net +3.2m (one loan fee is 6.4m), refused on attempt 2: "Florian Wirtz has already been out on loan once this season. One loan out a season."
   a loan approach for him after the recall: refused
   loanOutRefusal against loanOutPlayer: 78 men over three states, 0 disagreements
   after the summer, season 2: he can go out on loan again true
8) Every market door agrees with its reason, and talks refuse a released man or a man on loan at the door
   2600 presses over 8 states and 81 cards: 1343 refused, 0 where the engine and the reason disagree
   talks for Kylian Mbappé, released: opened false, reason "You released Kylian Mbappé. He will not sign for you again."
   talks for Andriy Lunin, out on loan: opened false, reason "Andriy Lunin is already yours, out on loan at Sevilla. Bring him back from the loan desk instead."

simClubManagerSaveSize: all sections green
