footle-branch: 40 files, 348.1K gzipped. footle-attr: 39 files, 345.0K gzipped. Difference 3110 bytes (3.04K).
MOVED: AdBanner 1 file(s) 1081 bytes on footle-attr, 1 file(s) 1083 bytes on footle-branch: +2 bytes
MOVED: Celebration 1 file(s) 822 bytes on footle-attr, 1 file(s) 823 bytes on footle-branch: +1 bytes
MOVED: CelebrationStyles 1 file(s) 724 bytes on footle-attr, 1 file(s) 726 bytes on footle-branch: +2 bytes
ONLY ON footle-branch: FlagImg-yf46HDIn.js 2976 bytes (2.91K)
MOVED: Footle 1 file(s) 17150 bytes on footle-attr, 1 file(s) 17200 bytes on footle-branch: +50 bytes
MOVED: GameHelp 1 file(s) 787 bytes on footle-attr, 1 file(s) 788 bytes on footle-branch: +1 bytes
MOVED: GameNav 1 file(s) 1720 bytes on footle-attr, 1 file(s) 1724 bytes on footle-branch: +4 bytes
MOVED: GameNavbar 1 file(s) 3792 bytes on footle-attr, 1 file(s) 3796 bytes on footle-branch: +4 bytes
MOVED: GameSeoContent 1 file(s) 2284 bytes on footle-attr, 1 file(s) 2287 bytes on footle-branch: +3 bytes
MOVED: GiveUpButton 1 file(s) 543 bytes on footle-attr, 1 file(s) 547 bytes on footle-branch: +4 bytes
MOVED: HowToPlayPopover 1 file(s) 772 bytes on footle-attr, 1 file(s) 774 bytes on footle-branch: +2 bytes
MOVED: PostGameStats 1 file(s) 1174 bytes on footle-attr, 1 file(s) 1177 bytes on footle-branch: +3 bytes
MOVED: ReportQuestion 1 file(s) 1325 bytes on footle-attr, 1 file(s) 1330 bytes on footle-branch: +5 bytes
MOVED: ResultMoment 1 file(s) 1412 bytes on footle-attr, 1 file(s) 1416 bytes on footle-branch: +4 bytes
MOVED: ResultScreen 1 file(s) 1146 bytes on footle-attr, 1 file(s) 1149 bytes on footle-branch: +3 bytes
MOVED: ShareButtons 1 file(s) 4533 bytes on footle-attr, 1 file(s) 4535 bytes on footle-branch: +2 bytes
MOVED: arrow-left 1 file(s) 264 bytes on footle-attr, 1 file(s) 265 bytes on footle-branch: +1 bytes
MOVED: badges 1 file(s) 2292 bytes on footle-attr, 1 file(s) 2293 bytes on footle-branch: +1 bytes
MOVED: circle-help 1 file(s) 303 bytes on footle-attr, 1 file(s) 305 bytes on footle-branch: +2 bytes
MOVED: copy 1 file(s) 308 bytes on footle-attr, 1 file(s) 309 bytes on footle-branch: +1 bytes
MOVED: flag 1 file(s) 304 bytes on footle-attr, 1 file(s) 306 bytes on footle-branch: +2 bytes
MOVED: guideShape 1 file(s) 1690 bytes on footle-attr, 1 file(s) 1691 bytes on footle-branch: +1 bytes
MOVED: index 1 file(s) 239607 bytes on footle-attr, 1 file(s) 239633 bytes on footle-branch: +26 bytes
MOVED: medal 1 file(s) 388 bytes on footle-attr, 1 file(s) 389 bytes on footle-branch: +1 bytes
MOVED: star 1 file(s) 403 bytes on footle-attr, 1 file(s) 404 bytes on footle-branch: +1 bytes
MOVED: useDailyPuzzle 1 file(s) 1370 bytes on footle-attr, 1 file(s) 1373 bytes on footle-branch: +3 bytes
MOVED: useGameCompletion 1 file(s) 494 bytes on footle-attr, 1 file(s) 497 bytes on footle-branch: +3 bytes
MOVED: useRevealScroll 1 file(s) 796 bytes on footle-attr, 1 file(s) 798 bytes on footle-branch: +2 bytes
12 of 40 stems weigh the same on both sides; the lines above add up to 3110 bytes.
