NEGATIVE CONTROL ON (nobutton): the fresh start button is hidden on every page, every route that needs the button must fail
  PASS  /soccer-career shell: coped without the button, 0 click(s), buttons: Delete unusable save | Choose nationality | Choose position
  PASS  /soccer-career wrongtype: coped without the button, 0 click(s), buttons: Delete unusable save | Choose nationality | Choose position
  PASS  /club-manager shell: coped without the button, 0 click(s), buttons: 📅2026-27Today. Real squ | 🏟️2020-21Haaland and Be | 🦊2015-16The Leicester s
  PASS  /club-manager wrongtype: coped without the button, 0 click(s), buttons: 📅2026-27Today. Real squ | 🏟️2020-21Haaland and Be | 🦊2015-16The Leicester s
  PASS  /stadium-tycoon shell: coped without the button, 0 click(s), buttons: 🏟️ Stadium | 🎓 Academy | 🏆 League
  PASS  /stadium-tycoon wrongtype: coped without the button, 0 click(s), buttons: 🏟️ Stadium | 🎓 Academy | 🏆 League
  PASS  /wonderkid-factory shell: coped without the button, 0 click(s), buttons: How it works | 🎪 SHOWCASE DAY READY: p | ⚽First team0 / 5 players
  PASS  /wonderkid-factory wrongtype: coped without the button, 0 click(s), buttons: How it works | 🎪 SHOWCASE DAY READY: p | ⚽First team0 / 5 players
  PASS  /rebuild shell: coped without the button, 0 click(s), buttons: Just me | 2 players | 3 players
  PASS  /rebuild wrongtype: coped without the button, 0 click(s), buttons: Just me | 2 players | 3 players
  PASS  /front-office shell: coped without the button, 0 click(s), buttons: Delete unusable save | Arizona CardinalsNFC Wes | Atlanta FalconsNFC South
  PASS  /front-office wrongtype: coped without the button, 0 click(s), buttons: Delete unusable save | Arizona CardinalsNFC Wes | Atlanta FalconsNFC South
  FAIL  /nfl-my-career shell: the error page showed and offered no fresh start (needed the button)
  FAIL  /nfl-my-career wrongtype: the error page showed and offered no fresh start (needed the button)
  FAIL  /nfl-my-career summer: the error page showed and offered no fresh start (needed the button)
  FAIL  /cfb-dynasty shell: the error page showed and offered no fresh start (needed the button)
  FAIL  /cfb-dynasty wrongtype: the error page showed and offered no fresh start (needed the button)
  FAIL  /cbb-dynasty shell: the error page showed and offered no fresh start (needed the button)
  FAIL  /cbb-dynasty wrongtype: the error page showed and offered no fresh start (needed the button)
  PASS  /nba-front-office shell: coped without the button, 0 click(s), buttons: Denver NuggetsWest | Oklahoma City ThunderWes | Boston CelticsEast
  PASS  /nba-front-office wrongtype: coped without the button, 0 click(s), buttons: Denver NuggetsWest | Oklahoma City ThunderWes | Boston CelticsEast
  FAIL  /nba-my-career shell: the error page showed and offered no fresh start (needed the button)
  FAIL  /nba-my-career wrongtype: the error page showed and offered no fresh start (needed the button)
  FAIL  /nba-my-career summer: the error page showed and offered no fresh start (needed the button)
  FAIL  /mlb-my-career shell: the error page showed and offered no fresh start (needed the button)
  FAIL  /mlb-my-career wrongtype: the error page showed and offered no fresh start (needed the button)
  FAIL  /mlb-my-career summer: the error page showed and offered no fresh start (needed the button)
  PASS  /mlb-front-office shell: coped without the button, 0 click(s), buttons: Delete this save and cho
  PASS  /mlb-front-office wrongtype: coped without the button, 0 click(s), buttons: Delete this save and cho
  FAIL  /nhl-my-career shell: the error page showed and offered no fresh start (needed the button)
  FAIL  /nhl-my-career wrongtype: the error page showed and offered no fresh start (needed the button)
  FAIL  /nhl-my-career summer: the error page showed and offered no fresh start (needed the button)
  PASS  /nhl-front-office shell: coped without the button, 0 click(s), buttons: Delete unusable save | Boston BruinsEastern | Buffalo SabresEastern
  PASS  /nhl-front-office wrongtype: coped without the button, 0 click(s), buttons: Delete unusable save | Boston BruinsEastern | Buffalo SabresEastern
  PASS  /aussie-rules-manager shell: coped without the button, 1 click(s), buttons: Caldermere CometsControl | Hollowmere PloversDirect | Elverfern LarrikinsPress
  PASS  /aussie-rules-manager wrongtype: coped without the button, 1 click(s), buttons: Caldermere CometsControl | Hollowmere PloversDirect | Elverfern LarrikinsPress
  PASS  /fight-career shell: coped without the button, 0 click(s), buttons: Flyweight112 lbs | Bantamweight118 lbs | Featherweight126 lbs
  FAIL  /fight-career wrongtype: the error page showed and offered no fresh start (needed the button)
  FAIL  /fight-promoter shell: the error page showed and offered no fresh start (needed the button)
  FAIL  /fight-promoter wrongtype: the error page showed and offered no fresh start (needed the button)
  FAIL  /fight-gym shell: the error page showed and offered no fresh start (needed the button)
  FAIL  /fight-gym wrongtype: the error page showed and offered no fresh start (needed the button)
  SKIP  /hall-of-champions shell: not judged offline, 0 click(s), buttons: Try again
  SKIP  /hall-of-champions wrongtype: not judged offline, 0 click(s), buttons: Try again
  PASS  /idle-arena shell: coped without the button, 0 click(s), buttons: ⚽TAP TO SCORE | x1 | x10
  PASS  /idle-arena wrongtype: coped without the button, 0 click(s), buttons: ⚽TAP TO SCORE | x1 | x10
  note  /hall-of-champions shell not judged offline: the championship archive comes from the database before the museum save is read
  note  /hall-of-champions wrongtype not judged offline: the championship archive comes from the database before the museum save is read

46 broken saves over 21 long games: 21 reached the error page and needed the button, 23 were coped with by the game, 0 drew the broken save without throwing, 2 could not be judged offline, 21 trapped
playCorruptSaves control: FIRED. With the button hidden, 21 of 21 routes that need it are trapped.
