bundled in 126 ms; sports nba, nfl; 40 careers a sport and a seed set; seed sets 0, 1, 2, 3, 4; CONTROL stream
played 480 careers twice in 18124 ms; 8443 seasons observed

===== NBA: 4513 seasons (741 targeted), 4513 played =====
ok   1 nba every team result is the engine's missed word or one of its five (4513 checked)
ok   1 nba games played sit in the engine's ranges (4513 checked)
ok   1 nba short seasons (66 or 72 games) are in the population (226, floor 100: 20 a seed set, 41 to 45 measured)
     by result: missed 2250, 1120 / 544 / 281 / 153 / 165 (depth 0 to title)
ok   1 nba every playoff depth and a title are in the population
ok   1 nba an injury season is in the population, among the seasons the viewer opens (317, 291 of them open)
ok   1 nba a backup season is in the population (1106)
ok   1 nba every position is in the population
ok   1 nba both eras are in the population
ok   2 nba the hub's held line is there exactly when the binding holds the season (4513 checked)
ok   2 nba the line the binding hands the hub is the ledger's own line for this sport (4513 checked)
ok   2 nba no held season yields a derived season (455 checked)
     2011: 100 seasons (100 organic, 0 targeted), 100 held
ok   2 nba 2011 is in the population and every one is held
     2012: 96 seasons (96 organic, 0 targeted), 96 held
ok   2 nba 2012 is in the population and every one is held
     2019: 133 seasons (93 organic, 40 targeted), 133 held
ok   2 nba 2019 is in the population and every one is held
     2020: 126 seasons (86 organic, 40 targeted), 126 held
ok   2 nba 2020 is in the population and every one is held
ok   2 nba the targeted careers reach held seasons (80)
     open 4058, derived 4058, refused 0 (0.0%) {}
ok   3 nba enough open seasons to mean anything (4058)
ok   7 nba has measured bands (five seed sets, written above REFUSED_MAX)
ok   3 nba seasons that cannot be laid out stay under 1.0% (0.0%)
ok   3 nba the season shown is the season saved (independent checker) (4058 checked)
     takeover lines: 14007 in 317946 games he played (4.4%), in 2126 of 4058 seasons
ok   3 nba the feed's takeover line is in the population (14007)
ok   4 nba the playoff path follows the saved result, the playoff games and the bracket's conferences (4058 checked)
ok   4 nba named playoff rounds were checked for their conference (1698 before the last round, 131 in it)
     paths shown: 2045; playoff seasons 2045
ok   5 nba the schedule follows the formula and every name is the game's own (4058 checked)
     named 1872, unnamed 2186 (organic unnamed 1525, targeted unnamed 661)
ok   5 nba named and unnamed seasons are both in the population
ok   5 nba the ledger's ids for era now are exactly the game's list (30 against 30)
ok   5 nba a throwback season never names an opponent (2186 checked)
ok   6 nba deriving twice, from a JSON round trip, gives the same season, path and totals (4058 checked)
     repairs: none in 88.5%, median 0, p90 1; attempts after the first in 0.0%
       seed set 0: 811 derived, no repair 90.0%, refused 0.0%
       seed set 1: 809 derived, no repair 89.7%, refused 0.0%
       seed set 2: 813 derived, no repair 87.6%, refused 0.0%
       seed set 3: 808 derived, no repair 86.5%, refused 0.0%
       seed set 4: 817 derived, no repair 88.7%, refused 0.0%
ok   7 nba at least 80% of seasons need no repair (88.5%)
     wins for "Missed the playoffs": n 2013, median 30, p10 22, p90 37 (band 17 to 40, middle half 22.75 to 34.25)
ok   7 nba the median record for "Missed the playoffs" sits in the middle half of its band
     wins for "Lost in the first round": n 1010, median 46, p10 41, p90 52 (band 41 to 52, middle half 43.75 to 49.25)
ok   7 nba the median record for "Lost in the first round" sits in the middle half of its band
     wins for "Lost in the conference semis": n 491, median 50, p10 45, p90 57 (band 45 to 57, middle half 48 to 54)
ok   7 nba the median record for "Lost in the conference semis" sits in the middle half of its band
     wins for "Lost the Conference Finals": n 255, median 54, p10 48, p90 60 (band 48 to 61, middle half 51.25 to 57.75)
ok   7 nba the median record for "Lost the Conference Finals" sits in the middle half of its band
     wins for "Lost the NBA Finals": n 138, median 56, p10 50, p90 62 (band 50 to 64, middle half 53.5 to 60.5)
ok   7 nba the median record for "Lost the NBA Finals" sits in the middle half of its band
     wins for "WON THE NBA FINALS": n 151, median 58, p10 52, p90 64 (band 52 to 67, middle half 55.75 to 63.25)
ok   7 nba the median record for "WON THE NBA FINALS" sits in the middle half of its band
     points a team game, era now: 115.72 over 153504 games (league mean 115.6)
ok   7 nba points a team game in era now within 1 of the league mean (115.72 against 115.6)
     points a team game, era y2004: 93.59 over 179252 games (league mean 93.4)
ok   7 nba points a team game in era y2004 within 1 of the league mean (93.59 against 93.4)
     his share of his team's points: median 0.124, p99 0.386 over 317946 games
ok   7 nba his share of his team's points at the 99th percentile stays under 0.5 (0.386)

===== NFL: 3930 seasons (649 targeted), 3930 played =====
ok   1 nfl every team result is the engine's missed word or one of its five (3930 checked)
ok   1 nfl games played sit in the engine's ranges (3930 checked)
     by result: missed 1953, 965 / 479 / 245 / 124 / 164 (depth 0 to title)
ok   1 nfl every playoff depth and a title are in the population
ok   1 nfl an injury season is in the population, among the seasons the viewer opens (245, 154 of them open)
ok   1 nfl a backup season is in the population (1157)
ok   1 nfl every position is in the population
ok   1 nfl both eras are in the population
ok   2 nfl the hub's held line is there exactly when the binding holds the season (3930 checked)
ok   2 nfl the line the binding hands the hub is the ledger's own line for this sport (3930 checked)
ok   2 nfl no held season yields a derived season (1421 checked)
     2005: 80 seasons (80 organic, 0 targeted), 80 held
ok   2 nfl 2005 is in the population and every one is held
     2012: 80 seasons (80 organic, 0 targeted), 80 held
ok   2 nfl 2012 is in the population and every one is held
     2020: 102 seasons (62 organic, 40 targeted), 102 held
ok   2 nfl 2020 is in the population and every one is held
     2022: 80 seasons (40 organic, 40 targeted), 80 held
ok   2 nfl 2022 is in the population and every one is held
ok   2 nfl the targeted careers reach held seasons (160)
     open 2509, derived 2509, refused 0 (0.0%) {}
ok   3 nfl enough open seasons to mean anything (2509)
ok   7 nfl has measured bands (five seed sets, written above REFUSED_MAX)
ok   3 nfl seasons that cannot be laid out stay under 1.0% (0.0%)
ok   3 nfl the season shown is the season saved (independent checker) (2509 checked)
     saves from before Round 1104: 653 seasons with sacks in tenths (315 an odd tenth alone, 338 a half and an odd tenth), refused 0, shown 653
ok   3 nfl seasons saved with sacks in tenths are in the population, both arms (315 and 338, at least 25 each)
ok   3 nfl a season saved with sacks in tenths still opens: refused stay under 1.0% (0.0%)
ok   3 nfl a season saved with sacks in tenths shows the sacks the save holds (653 checked)
ok   4 nfl the playoff path follows the saved result, the playoff games and the bracket's conferences (2509 checked)
ok   4 nfl named playoff rounds were checked for their conference (1704 before the last round, 135 in it)
     paths shown: 1259; playoff seasons 1259
ok   5 nfl the schedule follows the formula and every name is the game's own (2509 checked)
     named 1969, unnamed 540 (organic unnamed 51, targeted unnamed 489)
ok   5 nfl named and unnamed seasons are both in the population
ok   5 nfl the ledger's ids for era now are exactly the game's list (32 against 32)
ok   5 nfl the ledger's eight divisions equal the Front Office table division by division
ok   5 nfl a throwback season never names an opponent (540 checked)
ok   6 nfl deriving twice, from a JSON round trip, gives the same season, path and totals (2509 checked)
     repairs: none in 80.9%, median 0, p90 1; attempts after the first in 0.0%
       seed set 0: 498 derived, no repair 80.5%, refused 0.0%
       seed set 1: 503 derived, no repair 80.1%, refused 0.0%
       seed set 2: 504 derived, no repair 78.0%, refused 0.0%
       seed set 3: 495 derived, no repair 83.2%, refused 0.0%
       seed set 4: 509 derived, no repair 82.9%, refused 0.0%
ok   7 nfl at least 70% of seasons need no repair (80.9%)
     wins for "Missed the playoffs": n 1250, median 6, p10 3, p90 9 (band 2 to 9, middle half 3.75 to 7.25)
ok   7 nfl the median record for "Missed the playoffs" sits in the middle half of its band
     wins for "Lost in the Wild Card round": n 611, median 10, p10 9, p90 12 (band 9 to 12, middle half 9.75 to 11.25)
ok   7 nfl the median record for "Lost in the Wild Card round" sits in the middle half of its band
     wins for "Lost in the Divisional round": n 307, median 12, p10 10, p90 13 (band 10 to 13, middle half 10.75 to 12.25)
ok   7 nfl the median record for "Lost in the Divisional round" sits in the middle half of its band
     wins for "Lost the Conference Championship": n 154, median 13, p10 11, p90 14 (band 11 to 14, middle half 11.75 to 13.25)
ok   7 nfl the median record for "Lost the Conference Championship" sits in the middle half of its band
     wins for "Lost the Super Bowl": n 80, median 13, p10 11, p90 15 (band 11 to 15, middle half 12 to 14)
ok   7 nfl the median record for "Lost the Super Bowl" sits in the middle half of its band
     wins for "WON THE SUPER BOWL": n 107, median 13, p10 11, p90 15 (band 11 to 15, middle half 12 to 14)
ok   7 nfl the median record for "WON THE SUPER BOWL" sits in the middle half of its band
     points a team game, era now: 22.88 over 33473 games
ok   7 nfl points a team game in era now inside 21 to 24.5 (22.88)
     points a team game, era y2005: 22.82 over 9180 games
ok   7 nfl points a team game in era y2005 inside 21 to 24.5 (22.82)
     level games: 59 of 42653 (0.1%); touchdowns not worth seven: 1.7% of 224722; safeties 167
     his touchdowns are his team's whole score in 1.5% of the 35312 games he played
     a kicker's makes a game (0 to 6): 0: 19.4%, 1: 29.9%, 2: 30.4%, 3: 14.3%, 4: 4.1%, 5: 1.5%, 6: 0.4% over 5859 games
     a side on 40 or more: 5.6% of team games; on 49 or more: 0.8%; shut out: 0.7%
     his team's points a game by his touchdowns that day: none 19.1 (8023 games), one 24.9 (5146), two 27.3 (2107), three or more 31.8 (1230)
ok   7 nfl his two touchdown days are at least 4.5 points a game better for his team than his blank days (8.2)
ok   7 nfl a side scores 40 or more in under 7% of team games (5.6%)
ok   7 nfl level games stay under 0.6% (0.14%)
ok   7 nfl touchdowns not worth seven stay under 3% (1.7%)
ok   7 nfl a kicker makes five or six in under 6% of his games (1.8% of 5859)
     his headline number in a full season (14 or more games; 1335 seasons, 22619 games): a laid number on its per game cap in 0.00%; more than twice his season's average in 0.46%
     its spread game to game (standard deviation over his average): the middle season 0.377, p10 0.260, p90 0.498; by number: passYds 0.260 (231), rushYds 0.330 (139), rec 0.454 (395), tackles 0.382 (570)
ok   7 nfl his yards, catches and tackles sit on a per game cap in under 0.5% of a full season's games (0.00%)
ok   7 nfl his headline number is more than twice his season's average in under 2.0% of those games (0.46%)
ok   7 nfl the middle full season's game to game spread sits inside 0.25 to 0.46 (0.377): his games differ and none runs away
     a quarterback's touchdown passes in a full season (3900 games): scatter over a plain count 1.057; on the cap of six in 1.00% of them
ok   7 nfl a quarterback's touchdown passes scatter no more than 1.13 times a plain count (1.057 over 3900 games)
     the feed: one side's scoring drives one after another under three minutes apart in 0.00% of 265920 pairs; two lines in back to back minutes in 0.00% of 318423
ok   7 nfl a side's scoring drives one after another are under three minutes apart in under 1.0% of pairs (0.00%)
ok   7 nfl the order of the games reads oddly (a rival twice running, four straight at home or away) in under 2% of seasons (0.00% of 2509)

===== 6: nothing moves =====
FAIL 6 Math.random is never drawn while a season is derived (trap 13787)
FAIL 6 every career saved the same bytes with and without the viewer (8567 season hashes, 3092 differ)

===== 8: lazy by source =====
ok   8 the static closure of the two routes was walked (129 files)
ok   8 the walk reaches src/components/us-career/season/UsSeasonCentreHost.tsx
ok   8 no eager file of the two routes statically imports the season modules, the viewer or the league shape (129 checked)
ok   8 a planted static import of the viewer in UsSeasonCentreHost.tsx is named (11 files)
ok   8 the same text in a comment is spared
ok   8 src/lib/season/us.ts holds no Math.random and no new Rng(
ok   8 src/lib/season/nba.ts holds no Math.random and no new Rng(
ok   8 src/lib/season/nfl.ts holds no Math.random and no new Rng(

control stream: RED AT THE NAMED CHECK (section 6); sections red: 6
simUsSeasonCentre: 98 checks, 2 failed (control stream)
FAILS=2
control stream: RED AT THE NAMED CHECK (section 6); sections red: 6
