bundled in 159 ms; seed sets 0, 1, 2, 3, 4; 40 seasons a league kind a set; CONTROL pairing
  FAIL (section 4): set 0: playBracketAll gives the engine's thirteen games, champion, next 64 draws and records (80 looked at): 80 broke it, the first: set 0 fifteen 0: AFC Divisional|BAL|NE|23|21|BAL
  FAIL (section 4): set 0: four presses of playBracketWeek, the save through JSON between them, give the same (80 looked at): 80 broke it, the first: set 0 fifteen 0: AFC Divisional|BAL|NE|23|21|BAL
  FAIL (section 5): set 0: a postseason told inside the press is the engine's postseason, draw for draw (80 looked at): 80 broke it, the first: set 0 fifteen 0
set 0: 80 seasons, 22800 games told in 5872 ms; points a team game 22.65 (free 22.63); losers on 15 or fewer 0.4300 (free 0.4296); shutouts 0.0138 (free 0.0149); sides on 40 or more 0.0525 (free 0.0516); swapped 0.00039; the AFC champion won 38 of 80 title games
  FAIL (section 4): set 1: playBracketAll gives the engine's thirteen games, champion, next 64 draws and records (80 looked at): 80 broke it, the first: set 1 fifteen 0: AFC Divisional|NE|DEN|33|25|NE
  FAIL (section 4): set 1: four presses of playBracketWeek, the save through JSON between them, give the same (80 looked at): 80 broke it, the first: set 1 fifteen 0: AFC Divisional|NE|DEN|33|25|NE
  FAIL (section 5): set 1: a postseason told inside the press is the engine's postseason, draw for draw (80 looked at): 80 broke it, the first: set 1 fifteen 0
set 1: 80 seasons, 22800 games told in 4898 ms; points a team game 22.76 (free 22.74); losers on 15 or fewer 0.4224 (free 0.4299); shutouts 0.0126 (free 0.0157); sides on 40 or more 0.0532 (free 0.0535); swapped 0.00061; the AFC champion won 46 of 80 title games
  FAIL (section 4): set 2: playBracketAll gives the engine's thirteen games, champion, next 64 draws and records (80 looked at): 80 broke it, the first: set 2 fifteen 0: AFC Divisional|JAX|BAL|31|28|JAX
  FAIL (section 4): set 2: four presses of playBracketWeek, the save through JSON between them, give the same (80 looked at): 80 broke it, the first: set 2 fifteen 0: AFC Divisional|JAX|BAL|31|28|JAX
  FAIL (section 5): set 2: a postseason told inside the press is the engine's postseason, draw for draw (80 looked at): 80 broke it, the first: set 2 fifteen 0
set 2: 80 seasons, 22800 games told in 4829 ms; points a team game 22.67 (free 22.60); losers on 15 or fewer 0.4298 (free 0.4350); shutouts 0.0153 (free 0.0140); sides on 40 or more 0.0537 (free 0.0503); swapped 0.00066; the AFC champion won 47 of 80 title games
  FAIL (section 4): set 3: playBracketAll gives the engine's thirteen games, champion, next 64 draws and records (80 looked at): 80 broke it, the first: set 3 fifteen 0: AFC Divisional|NE|DEN|21|18|NE
  FAIL (section 4): set 3: four presses of playBracketWeek, the save through JSON between them, give the same (80 looked at): 80 broke it, the first: set 3 fifteen 0: AFC Divisional|NE|DEN|21|18|NE
  FAIL (section 5): set 3: a postseason told inside the press is the engine's postseason, draw for draw (80 looked at): 80 broke it, the first: set 3 fifteen 0
set 3: 80 seasons, 22800 games told in 5944 ms; points a team game 22.62 (free 22.74); losers on 15 or fewer 0.4337 (free 0.4268); shutouts 0.0136 (free 0.0146); sides on 40 or more 0.0517 (free 0.0526); swapped 0.00061; the AFC champion won 43 of 80 title games
  FAIL (section 4): set 4: playBracketAll gives the engine's thirteen games, champion, next 64 draws and records (80 looked at): 80 broke it, the first: set 4 fifteen 0: AFC Divisional|DEN|BUF|41|28|DEN
  FAIL (section 4): set 4: four presses of playBracketWeek, the save through JSON between them, give the same (80 looked at): 80 broke it, the first: set 4 fifteen 0: AFC Divisional|DEN|BUF|41|28|DEN
  FAIL (section 5): set 4: a postseason told inside the press is the engine's postseason, draw for draw (80 looked at): 80 broke it, the first: set 4 fifteen 0
set 4: 80 seasons, 22800 games told in 6769 ms; points a team game 22.63 (free 22.75); losers on 15 or fewer 0.4311 (free 0.4245); shutouts 0.0151 (free 0.0140); sides on 40 or more 0.0509 (free 0.0524); swapped 0.00048; the AFC champion won 47 of 80 title games

MEASURED over seed sets 0, 1, 2, 3, 4 (114000 games):
  points: told 22.6215 to 22.7570, free 22.6009 to 22.7503, told less free -0.1195 to 0.0732 (band 0.25 either side)
  losers15: told 0.4224 to 0.4337, free 0.4245 to 0.4350, told less free -0.0075 to 0.0070 (band 0.02 either side)
  shutouts: told 0.0126 to 0.0153, free 0.0140 to 0.0157, told less free -0.0031 to 0.0013 (band 0.005 either side)
  forty: told 0.0509 to 0.0537, free 0.0503 to 0.0535, told less free -0.0015 to 0.0034 (band 0.006 either side)
  swapped share 0.0004 to 0.0007 (band: under 0.002)
  tries a game by decile of the home chance (games, mean tries, swapped): 0: 0, none, 0 | 0.1: 633, 1.93, 3 | 0.2: 5384, 1.94, 2 | 0.3: 11555, 1.98, 0 | 0.4: 19231, 1.99, 0 | 0.5: 24481, 2.03, 0 | 0.6: 25563, 2.01, 0 | 0.7: 19142, 2.03, 9 | 0.8: 7764, 2.14, 45 | 0.9: 247, 1.97, 4
  shapes of 114000 stories: trade 0.299, wire 0.218, late 0.170, rout 0.169, comeback 0.143
  the AFC champion's share of title games 0.4750 to 0.5875 a set (a level title game is 0.582 by the engine's arithmetic; printed, never asserted)

control pairing: RED AT THE NAMED CHECK (section 4); its named checks red: 2 of 2 ("playBracketAll gives", "four presses of playBracketWeek"); sections red: 4, 5
simGmGameDay: 169 checks, 15 failed (control pairing)
