simNbaAwardsSense: 6000 careers a seed, seeds 1, 2, 3, 4, 5, control scorersdefend
  seed 1: 114387 seasons, Hall 30% (first ballot 25.92%), MVPs 0.295 a career, All-NBA 1.906, my share 60.68%, 20s
  seed 2: 114734 seasons, Hall 32.02% (first ballot 27.7%), MVPs 0.328 a career, All-NBA 1.997, my share 61.5%, 38s
  seed 3: 114521 seasons, Hall 32.1% (first ballot 27.88%), MVPs 0.334 a career, All-NBA 2.02, my share 60.66%, 58s
  seed 4: 114525 seasons, Hall 30.97% (first ballot 26.75%), MVPs 0.305 a career, All-NBA 1.954, my share 60.7%, 75s
  seed 5: 114486 seasons, Hall 32.8% (first ballot 28.42%), MVPs 0.326 a career, All-NBA 2.029, my share 60.94%, 96s

The numbers (this tree, seed by seed, then main):
  Hall of Fame inducted, percent               30, 32.02, 32.1, 30.97, 32.8   | main 31.7, 31.88, 31.78, 31.75, 31.55
  first ballot, percent                        25.92, 27.7, 27.88, 26.75, 28.42   | main 27.03, 27.93, 27.83, 27.57, 27.45
  inducted, modern careers                     29.78, 32.64, 32.13, 30.96, 33.42   | main 31.56, 31.42, 31.93, 32.02, 31.09
  inducted, 2003-04 careers                    30.67, 30.13, 32, 31, 30.93   | main 32.13, 33.27, 31.33, 30.93, 32.93
  legacy score p50                             353, 359, 365, 359, 364   | main 363, 367, 367, 366, 365
  legacy score p90                             909, 941, 951, 908, 953   | main 917, 940, 928, 938, 918
  All-Star a career                            3.08, 3.175, 3.2, 3.116, 3.218   | main 0, 0, 0, 0, 0
  Rookie of the Year a career                  0.047, 0.045, 0.043, 0.044, 0.044   | main 0.026, 0.02, 0.018, 0.019, 0.025
  All-NBA a career                             1.906, 1.997, 2.02, 1.954, 2.029   | main 1.972, 2.006, 1.981, 1.987, 1.986
  MVP a career                                 0.295, 0.328, 0.334, 0.305, 0.326   | main 0.316, 0.323, 0.31, 0.313, 0.311
  Finals MVP a career                          0.147, 0.149, 0.15, 0.139, 0.157   | main 0.14, 0.159, 0.153, 0.15, 0.156
  Defensive Player of the Year a career        0.03, 0.041, 0.039, 0.035, 0.036   | main 0.076, 0.079, 0.077, 0.081, 0.081
  All-Defensive Team a career                  0.796, 0.839, 0.863, 0.798, 0.852   | main 1.342, 1.383, 1.357, 1.337, 1.361
  Scoring Champion a career                    0.152, 0.171, 0.172, 0.165, 0.168   | main 0.472, 0.485, 0.464, 0.453, 0.468
  Assists Leader a career                      0.044, 0.056, 0.055, 0.056, 0.05   | main 0.126, 0.128, 0.118, 0.119, 0.123
  Rebounding Champion a career                 0.099, 0.108, 0.109, 0.087, 0.096   | main 0.095, 0.095, 0.101, 0.105, 0.099
  Most Improved Player a career                0.177, 0.174, 0.171, 0.183, 0.178   | main 0.191, 0.192, 0.192, 0.193, 0.196
  Sixth Man of the Year a career               0.318, 0.34, 0.357, 0.345, 0.331   | main 0.316, 0.329, 0.338, 0.328, 0.359
  All-Rookie Team a career                     0.224, 0.22, 0.225, 0.21, 0.225   | main 0.089, 0.093, 0.098, 0.089, 0.091
  careers with an MVP, percent                 16.78, 18.48, 18.37, 17.18, 18.2   | main 16.22, 16.85, 16.27, 16.75, 16.68
  careers with an All-NBA, percent             60.25, 62.75, 62.55, 61.75, 62.23   | main 59.07, 58.88, 58.6, 58.68, 58.93
  MVP seasons that missed the playoffs, percent 0, 0, 0, 0, 0   | main 28.35, 25.94, 26.68, 26.82, 27.28
  MVP seasons not All-NBA, percent             0, 0, 0, 0, 0   | main 8.66, 9.2, 8.34, 7.82, 8.36
  MVP and Most Improved together, percent      0, 0, 0, 0, 0   | main 24.97, 24.08, 23.4, 25.39, 23.9
  Rookie of the Year seasons                   282, 268, 257, 262, 261   | main 153, 118, 108, 114, 152
  of them on All-Rookie                        282, 268, 257, 262, 261   | main 0, 0, 0, 0, 0
  All-Rookie in a first season                 1343, 1321, 1350, 1259, 1348   | main 0, 0, 0, 0, 0
  my share of the head to head years           60.68, 61.5, 60.66, 60.7, 60.94   | main 62.33, 63.02, 62.3, 62.52, 62.8
  verdict disagrees with the printed lines     0, 0, 0, 0, 0   | main 0, 0, 0, 0, 0
  starter points / bench points / rookie starters 16.2, 16.3, 16.4, 16.3, 16.4   | main 19.7, 19.7, 19.7, 19.7, 19.7
    bench                                      7.5, 7.5, 7.6, 7.5, 7.5   | main 10.6, 10.6, 10.6, 10.6, 10.6
    rookie starters                            7.9, 8, 7.9, 7.9, 7.9   | main 13.9, 13.8, 13.7, 13.8, 13.8
  triple double seasons                        19, 10, 20, 15, 18   | main 216, 208, 219, 200, 225
  seasons at 16 points or more, percent        37.37, 38.2, 37.79, 37.6, 38.01   | main 59.83, 59.93, 59.83, 59.83, 60
  careers past 12,000 points, percent          94.28, 94.78, 93.97, 94.6, 94.05   | main 99.58, 99.72, 99.73, 99.5, 99.62
  careers past 25,000 points, percent          24.45, 25.8, 25.33, 24.82, 26.58   | main 54.25, 53.87, 54.33, 54.08, 54.05
  scoring and assists title together           9, 7, 17, 6, 13   | main 497, 474, 420, 462, 458
  SG and SF starter seasons at 8 assists, percent 1.082, 1.04, 1.161, 0.869, 1.062   | main 19.17, 18.676, 18.945, 18.904, 18.513
  gate ppg28, percent of qualified seasons     3.167, 3.318, 3.414, 3.256, 3.452   | main 6.788, 7.112, 6.71, 6.698, 6.787
  gate apg10, percent of qualified seasons     0.481, 0.573, 0.572, 0.6, 0.523   | main 5.228, 5.227, 5.193, 5.148, 5.397
  gate rpg11, percent of qualified seasons     3.416, 3.616, 3.595, 3.385, 3.547   | main 4.702, 4.787, 4.81, 4.821, 4.795
  gate rpg125big, percent of qualified seasons 3.735, 4.135, 4.15, 3.662, 3.862   | main 3.517, 3.596, 3.68, 3.695, 3.659
  gate jump6, percent of qualified seasons     9.905, 10.121, 10.015, 10.093, 10.066   | main 8.439, 8.316, 8.208, 8.313, 8.427
  gate ppg14, percent of qualified seasons     47.268, 47.981, 47.406, 47.577, 47.848   | main 70.328, 70.324, 70.116, 70.208, 70.252
  healthy starters rated 80-83: PG 15.4/3.8/5.6 | 15.6/3.8/5.6 | 15.5/3.8/5.7 | 15.6/3.8/5.7 | 15.6/3.8/5.7   SG 16.7/4.3/2.7 | 16.7/4.3/2.7 | 16.9/4.4/2.8 | 16.7/4.3/2.8 | 16.7/4.3/2.8   SF 15.5/5.7/3.7 | 15.4/5.7/3.7 | 15.5/5.7/3.7 | 15.4/5.7/3.7 | 15.6/5.7/3.7   PF 15.3/6.2/2.4 | 15.3/6.1/2.4 | 15.3/6.2/2.4 | 15.4/6.2/2.4 | 15.3/6.2/2.4   C 14.5/9/2.1 | 14.6/9/2.2 | 14.6/9/2.2 | 14.6/9/2.2 | 14.6/9/2.2
  healthy starters rated 88-91: PG 24.1/5/7.6 | 23.9/5/7.9 | 24.2/5/7.8 | 23.8/5/7.7 | 24.1/5/7.7   SG 25.2/5.7/4 | 25.7/5.8/4.1 | 25.5/5.7/4 | 25.5/5.7/4 | 25.4/5.7/4   SF 24/7.6/5.5 | 23.9/7.5/5.5 | 24.2/7.6/5.6 | 23.7/7.5/5.5 | 24.1/7.5/5.5   PF 22.9/8.3/3.3 | 22.9/8.4/3.3 | 23/8.4/3.2 | 23/8.3/3.3 | 23/8.3/3.3   C 21.6/12.2/2.9 | 22/12.2/3 | 21.8/12.1/3 | 21.8/12/3 | 21.9/12.1/3
  All-Defensive a career by archetype (seed 1): pointgod 0.393, scoringpg 1.395, pest 0.618, bucket 1.248, sniper 0.47, twoway 0.645, alpha 1.373, threed 0.198, pointforward 0.895, stretch4 0.81, bruiser 1.035, swiss 0.715, paintbeast 1.133, stretch 0.54, anchor 0.478
  my share by archetype (seed 1): pointgod 58.3, scoringpg 66.7, pest 56.6, bucket 68, sniper 57.3, twoway 58.1, alpha 71.8, threed 52.6, pointforward 69.2, stretch4 61.3, bruiser 62, swiss 59.8, paintbeast 62.7, stretch 53.7, anchor 51.8
  the field as the fleet lives it (mean, sd): PG 35.75/16.06 | 35.97/16.17 | 35.98/16.33 | 36.18/16.31 | 35.94/16.17   SG 33.92/15.18 | 34.12/15.44 | 33.94/15.38 | 33.69/15.23 | 34.56/15.57   SF 36.64/16.48 | 36.85/16.51 | 36.81/16.68 | 36.4/16.33 | 36.7/16.71   PF 33.42/14.58 | 33.77/14.69 | 33.4/14.6 | 33.71/14.75 | 33.33/14.6   C 34.32/14.96 | 34.93/15.24 | 34.86/15.33 | 34.42/14.98 | 34.76/15.18

The field, measured on the simNbaAwardsSense fleet (5 seed mean, era neutral, half a schedule or more):
    PG: { mean: 36.9, sd: 16.5 },   // seeds: 36.7/16.4 36.9/16.4 36.9/16.6 37.1/16.6 36.9/16.5
    SG: { mean: 34.9, sd: 15.6 },   // seeds: 34.8/15.5 35.0/15.7 34.8/15.7 34.5/15.5 35.4/15.8
    SF: { mean: 37.5, sd: 16.8 },   // seeds: 37.5/16.7 37.7/16.8 37.7/17.0 37.2/16.6 37.6/17.0
    PF: { mean: 34.3, sd: 14.9 },   // seeds: 34.2/14.8 34.5/14.9 34.2/14.9 34.5/15.0 34.1/14.9
    C: { mean: 35.4, sd: 15.4 },   // seeds: 35.1/15.2 35.7/15.5 35.6/15.6 35.2/15.2 35.5/15.4
The gates at main's percentile: rebounds for Defensive Player 10.3, 10.3, 10.3, 10.2, 10.3 (was 11, 4.78% pass); the jump for Most Improved 6.5, 6.5, 6.5, 6.6, 6.6 (was 6, 8.34%); points for Sixth Man 9.4, 9.5, 9.4, 9.4, 9.5 (was 14, 70.25%)
The grade that holds main's rate on this fleet's own field (worked out from every season's z, not drawn):
    Finals MVP           main 0.152 a career, grade 0.04

NBA_FIELD, measured on the simNbaAwardsSense fleet (5 seed mean, era neutral, half a season or more):
  mvp: { PG: [32.97, 11.28], SG: [31.95, 10.84], SF: [33.75, 11.60], PF: [31.83, 10.49], C: [32.74, 10.84] },
  defense: { PG: [3.03, 1.07], SG: [3.33, 1.28], SF: [4.10, 1.38], PF: [4.07, 1.43], C: [5.56, 2.07] },
  production: { PG: [23.16, 10.33], SG: [22.14, 9.87], SF: [23.90, 10.62], PF: [22.00, 9.50], C: [23.00, 9.93] },
  bench: [7.72, 3.31],
  jump: [-0.01, 7.08],
  fans: [61.67, 24.35],
The grade that puts each award on its target, on this fleet's own field (worked out, not drawn; committed grade in brackets):
    All-NBA        main 1.986 a career: -0.13 [-0.13]
    MVP            main 0.315 a career, at that All-NBA grade: -0.34 [-0.33]
    All-Defensive  main 1.356 a career: 0.20 [0.2]
    All-Star       1.6 times main's All-NBA (24 picks against 15), 3.178 a career: -0.18 [-0.18]
    All-Rookie     the real class, 10 picks of 45 rookies who play, 0.222 a career: -1.80 [-1.8]
    Rookie of the Year  twice main's, 0.043 a career, at that All-Rookie grade: -2.38 [-2.39]; on one grade for the whole class All-Rookie would be 0.507 a career
    Defensive Player  main 0.079 a career, at that All-Defensive grade: 0.24 [0.24]
    Sixth Man      main 0.334 a career: -0.64 [-0.64]
    Most Improved  main 0.193 a career: -0.17 [-0.17]
    at the committed grades the fit expects: All-NBA 1.975, MVP 0.310, All-Defensive 1.350, All-Star 3.169, Rookie of the Year 0.044, All-Rookie 0.221

Sections:
  ok   [E] PG: the committed field 36.8/16.4 against the fleet 36.7/16.4 36.9/16.4 36.9/16.6 37.1/16.6 36.9/16.5 (mean off by at most 0.019 sd, limit 0.08; sd off by at most 1.3 percent, limit 6)
  ok   [E] SG: the committed field 34.9/15.6 against the fleet 34.8/15.5 35.0/15.7 34.8/15.7 34.5/15.5 35.4/15.8 (mean off by at most 0.034 sd, limit 0.08; sd off by at most 1.6 percent, limit 6)
  ok   [E] SF: the committed field 37.4/16.8 against the fleet 37.5/16.7 37.7/16.8 37.7/17.0 37.2/16.6 37.6/17.0 (mean off by at most 0.019 sd, limit 0.08; sd off by at most 1.4 percent, limit 6)
  ok   [E] PF: the committed field 34.3/14.9 against the fleet 34.2/14.8 34.5/14.9 34.2/14.9 34.5/15.0 34.1/14.9 (mean off by at most 0.017 sd, limit 0.08; sd off by at most 0.6 percent, limit 6)
  ok   [E] C: the committed field 35.7/15.5 against the fleet 35.1/15.2 35.7/15.5 35.6/15.6 35.2/15.2 35.5/15.4 (mean off by at most 0.040 sd, limit 0.08; sd off by at most 1.8 percent, limit 6)
  A reads the lines the engine saved; healthy starters of modern careers: 62833, 63311, 62054, 62930, 62579
  ok   [A1] PG mpg: median 31.3, 31.3, 31.5, 31.4, 31.3 inside the real starters' 23.9 to 37.9 (p25 28.5, p75 33.2, partial key, 15 percent of the median wider); 46 percent of the band from the nearer edge
  ok   [A1] PG pts: median 16.1, 16.2, 16.5, 16.5, 16.4 inside the real starters' 11.7 to 26.2 (p25 14.3, p75 23.6, partial key, 15 percent of the median wider); 32 percent of the band from the nearer edge
  ok   [A1] PG reb: median 3.8, 3.9, 3.9, 3.9, 3.9 inside the real starters' 2.7 to 5.2 (p25 3.3, p75 4.6, partial key, 15 percent of the median wider); 47 percent of the band from the nearer edge
  ok   [A1] PG ast: median 5.8, 5.8, 5.8, 5.8, 5.8 inside the real starters' 4.3 to 8.0 (p25 5.2, p75 7.1, partial key, 15 percent of the median wider); 41 percent of the band from the nearer edge
  ok   [A1] PG stl: median 1.2, 1.3, 1.3, 1.3, 1.3 inside the real starters' 0.8 to 1.6 (p25 1, p75 1.4, partial key, 15 percent of the median wider); 39 percent of the band from the nearer edge
  ok   [A1] PG blk: median 0.2, 0.2, 0.2, 0.2, 0.2 inside the real starters' 0.2 to 0.5 (p25 0.2, p75 0.5, partial key, 15 percent of the median wider); 12 percent of the band from the nearer edge
  ok   [A1] SG mpg: median 31.2, 31.4, 31.4, 31.3, 31.5 inside the real starters' 22.1 to 37.8 (p25 26.5, p75 33.4, partial key, 15 percent of the median wider); 41 percent of the band from the nearer edge
  ok   [A1] SG pts: median 17.4, 17.8, 17.9, 17.5, 18.0 inside the real starters' 9.9 to 21.1 (p25 11.8, p75 19.2, partial key, 15 percent of the median wider); 30 percent of the band from the nearer edge
  ok   [A1] SG reb: median 4.3, 4.4, 4.4, 4.4, 4.4 inside the real starters' 2.6 to 5.3 (p25 3.2, p75 4.7, partial key, 15 percent of the median wider); 34 percent of the band from the nearer edge
  ok   [A1] SG ast: median 2.8, 2.9, 2.9, 2.9, 2.9 inside the real starters' 1.7 to 4.2 (p25 2.1, p75 3.8, partial key, 15 percent of the median wider); 47 percent of the band from the nearer edge
  ok   [A1] SG stl: median 1.1, 1.1, 1.1, 1.1, 1.1 inside the real starters' 0.5 to 1.5 (p25 0.7, p75 1.3, partial key, 15 percent of the median wider); 39 percent of the band from the nearer edge
  ok   [A1] SG blk: median 0.3, 0.4, 0.4, 0.3, 0.4 inside the real starters' 0.2 to 0.6 (p25 0.3, p75 0.5, partial key, 15 percent of the median wider); 38 percent of the band from the nearer edge
  ok   [A1] SF mpg: median 31.6, 31.6, 31.6, 31.5, 31.6 inside the real starters' 23.9 to 37.2 (p25 28.4, p75 32.7, partial key, 15 percent of the median wider); 42 percent of the band from the nearer edge
  ok   [A1] SF pts: median 16.7, 16.9, 16.9, 16.6, 17.0 inside the real starters' 9.0 to 23.3 (p25 11.3, p75 21, partial key, 15 percent of the median wider); 45 percent of the band from the nearer edge
  ok   [A1] SF reb: median 6.0, 6.0, 6.0, 5.9, 6.0 inside the real starters' 3.1 to 6.6 (p25 3.9, p75 5.8, partial key, 15 percent of the median wider); 17 percent of the band from the nearer edge
  ok   [A1] SF ast: median 3.9, 3.9, 3.9, 3.8, 3.9 inside the real starters' 1.5 to 4.8 (p25 2, p75 4.3, partial key, 15 percent of the median wider); 28 percent of the band from the nearer edge
  ok   [A1] SF stl: median 1.1, 1.1, 1.1, 1.1, 1.1 inside the real starters' 0.7 to 1.3 (p25 0.8, p75 1.2, partial key, 15 percent of the median wider); 36 percent of the band from the nearer edge
  ok   [A1] SF blk: median 0.4, 0.4, 0.4, 0.4, 0.4 inside the real starters' 0.2 to 0.8 (p25 0.3, p75 0.7, partial key, 15 percent of the median wider); 32 percent of the band from the nearer edge
  ok   [A1] PF mpg: median 31.4, 31.4, 31.2, 31.4, 31.3 inside the real starters' 22.6 to 37.6 (p25 27.1, p75 33.1, partial key, 15 percent of the median wider); 42 percent of the band from the nearer edge
  ok   [A1] PF pts: median 16.2, 16.4, 16.1, 16.4, 16.1 inside the real starters' 9.8 to 20.4 (p25 12, p75 18.2, partial key, 15 percent of the median wider); 39 percent of the band from the nearer edge
  ok   [A1] PF reb: median 6.2, 6.3, 6.2, 6.3, 6.2 inside the real starters' 3.6 to 7.6 (p25 4.4, p75 6.8, partial key, 15 percent of the median wider); 34 percent of the band from the nearer edge
  ok   [A1] PF ast: median 2.4, 2.5, 2.4, 2.5, 2.4 inside the real starters' 1.4 to 3.8 (p25 1.8, p75 3.4, partial key, 15 percent of the median wider); 43 percent of the band from the nearer edge
  ok   [A1] PF stl: median 0.7, 0.7, 0.7, 0.7, 0.7 inside the real starters' 0.6 to 1.2 (p25 0.7, p75 1.1, partial key, 15 percent of the median wider); 20 percent of the band from the nearer edge
  ok   [A1] PF blk: median 0.7, 0.7, 0.7, 0.7, 0.7 inside the real starters' 0.3 to 0.9 (p25 0.4, p75 0.8, partial key, 15 percent of the median wider); 32 percent of the band from the nearer edge
  ok   [A1] C mpg: median 30.9, 31.0, 31.1, 31.0, 31.1 inside the real starters' 20.9 to 34.2 (p25 25, p75 30.1, partial key, 15 percent of the median wider); 24 percent of the band from the nearer edge
  ok   [A1] C pts: median 14.6, 15.0, 15.1, 14.8, 15.0 inside the real starters' 9.1 to 18.1 (p25 10.9, p75 16.3, partial key, 15 percent of the median wider); 36 percent of the band from the nearer edge
  ok   [A1] C reb: median 8.8, 9.0, 9.1, 8.9, 9.0 inside the real starters' 5.9 to 11.2 (p25 7.1, p75 10, partial key, 15 percent of the median wider); 42 percent of the band from the nearer edge
  ok   [A1] C ast: median 2.1, 2.2, 2.2, 2.2, 2.2 inside the real starters' 1.4 to 3.4 (p25 1.7, p75 3.1, partial key, 15 percent of the median wider); 39 percent of the band from the nearer edge
  ok   [A1] C stl: median 0.8, 0.8, 0.8, 0.8, 0.8 inside the real starters' 0.6 to 1.1 (p25 0.7, p75 1, partial key, 15 percent of the median wider); 41 percent of the band from the nearer edge
  ok   [A1] C blk: median 1.0, 1.0, 1.0, 1.0, 1.0 inside the real starters' 0.6 to 1.4 (p25 0.7, p75 1.3, partial key, 15 percent of the median wider); 50 percent of the band from the nearer edge
  note [A1 2003, printed] PG: mpg 31.3 in 25.2..41.7 (37% in); pts 13.2 in 8.4..19.0 (45% in); reb 3.7 in 2.4..4.6 (39% in); ast 4.6 in 4.2..7.7 (12% in); stl 1.2 in 0.9..1.8 (33% in); blk 0.2 in 0.1..0.3 (50% in)
  note [A1 2003, printed] SG: mpg 31.3 in 27.4..43.8 (24% in); pts 14.3 in 11.0..23.5 (27% in); reb 4.2 in 2.9..5.7 (48% in); ast 2.3 in 1.9..5.3 (11% in); stl 1.0 in 0.9..1.7 (12% in); blk 0.4 in 0.1..0.6 (38% in)
  note [A1 2003, printed] SF: mpg 31.5 in 23.9..41.8 (43% in); pts 13.6 in 8.1..19.9 (46% in); reb 5.8 in 3.2..6.6 (25% in); ast 3.1 in 1.5..3.3 (12% in); stl 1.1 in 0.8..1.3 (38% in); blk 0.5 in 0.2..0.5 (12% in)
  note [A1 2003, printed] PF: mpg 31.3 in 26.6..41.7 (31% in); pts 13.1 in 9.5..19.6 (35% in); reb 6.0 in 6.0..11.3 (OUT); ast 1.9 in 1.2..3.5 (32% in); stl 0.7 in 0.7..1.2 (6% in); blk 0.7 in 0.4..1.8 (20% in)
  note [A1 2003, printed] C: mpg 31.0 in 20.8..36.6 (35% in); pts 12.0 in 5.4..12.3 (4% in); reb 8.6 in 5.1..9.7 (24% in); ast 1.7 in 0.7..1.9 (11% in); stl 0.7 in 0.4..0.9 (40% in); blk 1.1 in 0.7..2.2 (27% in)
  note [A1 2003, printed] 1 of 30 cells outside the 2003-04 quartiles (not judged: the lead sets how many may miss)
  ok   [A1] the 2003 line over the 2026 line is the league rows' ratio within 2 percent: ppg 0.810 against 0.808, rpg 0.963 against 0.963, apg 0.797 against 0.798, spg 0.938 against 0.940, bpg 1.075 against 1.063
  ok   [A2] the p99 starter season in pts: 33.1, 33.5, 33.3, 33.4, 33.4, mean 33.34, at or under the league leaders' mean plus one sd (32.8 + 1.7)
  ok   [A2] the p99 starter season in reb: 13.5, 13.6, 13.7, 13.3, 13.6, mean 13.54, at or under the league leaders' mean plus one sd (14.3 + 1.1)
  ok   [A2] the p99 starter season in ast: 9.6, 9.8, 9.8, 9.8, 9.7, mean 9.74, at or under the league leaders' mean plus one sd (10.9 + 0.5)
  ok   [A3] rookies rated 75 to 79 average 8.0, 8.0, 7.9, 8.0, 8.1 points (7.5 to 11.5); starters 9.4, 9.6, 9.3, 9.3, 9.4, bench 5.8, 5.7, 5.9, 5.8, 5.8; 1592, 1694, 1688, 1642, 1702 seasons
  ok   [A3] SG and SF starter seasons at 8 assists or more: 1.26, 1.22, 1.35, 1.03, 1.24 percent of theirs (under 2; main about 19)
  ok   [A3] bench seasons score 46, 46, 46, 46, 46 percent of starters' (36 to 56): 7.7, 7.8, 7.8, 7.7, 7.7 points in 17.2, 17.3, 17.3, 17.3, 17.3 minutes
  ok   [A3] every new season's points have one decimal, and 90, 90, 90, 90, 90 percent of them a non zero one (at least 10)
  ok   [A3] seasons holding both the scoring and the assists title: 9, 7, 17, 6, 13, 52 in 30000 careers (under 1 in 250 careers; main 497, 474, 420, 462, 458, 1 in 13)
  note [A3] 30 points a game: 2.70, 3.02, 3.04, 2.96, 2.98 percent of starter seasons; 10 assists: 0.77, 0.88, 0.91, 0.91, 0.82; triple double seasons in the fleet: 17, 10, 19, 13, 18
  ok   [A3] triple double seasons in thirty elite careers a seed: 9, 7, 6, 9, 8, 39 in all (at least 2 a seed on average, so the badge stays reachable)
  note [A] medians, every role, half a season or more (points/rebounds/assists): PG 13.7/3.4/5  SG 15/3.9/2.5  SF 14.4/5.4/3.3  PF 13.7/5.5/2.1  C 12.2/7.7/1.8
  ok   [A4] PG: mean points rise with every rating band (seed 1: 72-75 9.2/2.7/3.6 in 26.6, 76-79 12.1/3.2/4.6 in 28.8, 80-83 15.8/3.8/5.8 in 31.0, 84-87 20.1/4.4/6.9 in 32.8, 88-91 24.6/5.0/7.9 in 34.5)
  ok   [A4] SG: mean points rise with every rating band (seed 1: 72-75 10.0/3.0/1.7 in 26.5, 76-79 13.3/3.7/2.2 in 28.9, 80-83 17.1/4.3/2.8 in 31.0, 84-87 21.3/5.0/3.5 in 32.8, 88-91 25.9/5.8/4.1 in 34.5, 92-95 31.0/6.4/4.8 in 36.2)
  ok   [A4] SF: mean points rise with every rating band (seed 1: 72-75 9.1/4.0/2.3 in 26.5, 76-79 12.1/4.8/3.0 in 28.8, 80-83 15.9/5.7/3.9 in 31.0, 84-87 20.1/6.7/4.8 in 32.9, 88-91 24.7/7.6/5.7 in 34.6, 92-95 29.2/8.6/6.8 in 36.2)
  ok   [A4] PF: mean points rise with every rating band (seed 1: 72-75 9.2/4.3/1.6 in 26.6, 76-79 12.1/5.2/2.0 in 28.8, 80-83 15.7/6.2/2.5 in 31.1, 84-87 19.5/7.2/3.0 in 32.8, 88-91 23.4/8.4/3.4 in 34.5)
  ok   [A4] C: mean points rise with every rating band (seed 1: 72-75 8.7/6.2/1.4 in 26.6, 76-79 11.5/7.5/1.8 in 28.8, 80-83 15.0/9.1/2.2 in 31.0, 84-87 18.6/10.6/2.7 in 32.8, 88-91 22.2/12.3/3.0 in 34.5)
  ok   [A5] nbaStatLineFor draws exactly 7 times for a starter, a backup, a rookie and a playoff line (7, 7, 7, 7)
  ok   [A5] the same input and seed give the same line, and the input is left untouched
  ok   [R] my share of the head to head years, percent (main, on the old rival line: 62.33, 63.02, 62.3, 62.52, 62.8): mean 60.896 (60.68, 61.5, 60.66, 60.7, 60.94) against Round 1112's 61.086 (61.01, 60.83, 61.44, 61.06, 61.09), 0.19 apart, allowed 0.59 (a fixed width)
  ok   [R] every rival line reads back off its printed text and is in the player's own shape, three parts at one decimal (judged years 101474, 101951, 101575, 101396, 101482; unreadable 0, 0, 0, 0, 0; off shape 0, 0, 0, 0, 0)
  ok   [R] the verdict never disagrees with the two printed lines scored the same way: 0, 0, 0, 0, 0 of 101474, 101951, 101575, 101396, 101482 judged years
  ok   [R] the rival's season takes exactly one draw of the season's stream, the one his line took before Round 1112 (400 seasons)
  ok   [R] the rival's line is nbaStatLineFor's own, on his form, a starter of his own kind, printed by the player's printer and scored by the one season score (400 seasons replayed)
  ok   [R] the same rival, form, year and draw give the same season, and the rival is left untouched
  ok   [R] a rival's kind is one of his position's own and does not move with his rating or age (15 of 15 kinds met by 8 names at 5 positions, floor 10)
  ok   [R] the All-Star beat never contradicts the two seasons: dealt 859, 878, 949, 877, 869 times (only me 592, 602, 656, 621, 610; only him 161, 173, 182, 160, 158; both 106, 103, 111, 96, 101; neither 0, 0, 0, 0, 0), cards that say or promise something else 0, 0, 0, 0, 0
  ok   [R] the All-Star beat is still dealt in all three of its cases on every seed (floors: only me 360, only him 80, both 50)
  note [R] All-Star seasons, percent of judged years: mine 17.9, 18.4, 18.61, 18.13, 18.65; the rival's 6.58, 6.52, 6.84, 6.46, 6.64. Rivalry beats dealt a seed: 65991, 66381, 66580, 66611, 66542
  ok   [H] Hall of Fame inducted, percent: mean 31.578 (30, 32.02, 32.1, 30.97, 32.8) against main's 31.732 (31.7, 31.88, 31.78, 31.75, 31.55), 0.154 apart, allowed 1.14 (a fixed width)
  ok   [H] first ballot, percent: mean 27.334 (25.92, 27.7, 27.88, 26.75, 28.42) against main's 27.562 (27.03, 27.93, 27.83, 27.57, 27.45), 0.228 apart, allowed 1.09 (a fixed width)
  ok   [H] old line careers stamped on calibration 2 in the frozen fixture: 10 (floor 8); read differently today: 0 (none); 2 of them were paid a standout the day they were recorded
  ok   [H] a point guard's points mark: 37400 to 45300 with no game on the new line (Round 1051's 37400 to 45300), 34200 to 42000 at half and half (the midpoint), 31000 to 38700 with every game on it (the ledger's table itself)
  ok   [H] a centre's assists, which only the old line's books list: the full push at 7490 to 8930 with no game on the new line, a push of at most 150 at half and half (must be 150), and no such family with every game on it
  ok   [B6] MVPs a career (sd over careers 0.851): mean 0.318 (0.295, 0.328, 0.334, 0.305, 0.326) against main's 0.315 (0.316, 0.323, 0.31, 0.313, 0.311), 0.003 apart, allowed 0.02 (a fixed width)
  ok   [B6] All-NBA a career (sd over careers 2.393): mean 1.981 (1.906, 1.997, 2.02, 1.954, 2.029) against main's 1.986 (1.972, 2.006, 1.981, 1.987, 1.986), 0.005 apart, allowed 0.058 (a fixed width)
  FAIL [B6] All-Defensive a career (sd over careers 1.482): mean 0.83 (0.796, 0.839, 0.863, 0.798, 0.852) against main's 1.356 (1.342, 1.383, 1.357, 1.337, 1.361), 0.526 apart, allowed 0.06 (a fixed width)
  ok   [B6] Finals MVPs a career (sd over careers 0.448): mean 0.148 (0.147, 0.149, 0.15, 0.139, 0.157) against main's 0.152 (0.14, 0.159, 0.153, 0.15, 0.156), 0.003 apart, allowed 0.011 (a fixed width)
  ok   [B6] careers with an MVP, percent, a fence at this round's own rate: mean 17.802 (16.78, 18.48, 18.37, 17.18, 18.2) against what Round 1103 shipped, 17.442 (17.18, 17.07, 17.73, 17.7, 17.53), 0.36 apart, allowed 0.93 (a fixed width)
  note [B6] NOT held at main's: careers with an MVP, percent is 17.80 here against main's 16.55 (16.22, 16.85, 16.27, 16.75, 16.68), 1.25 points more careers for the same awards a career. The new line alone put it at 18.28 (pass A, the old awards block, 18.43, 17.5, 18.03, 19.15, 18.27); the one pass is 0.47 points back toward main from there. The brief's critic asked for main's band; one grade an award cannot give it, and the lead ruled on 2026-10-09 that this is the round's own rate, accepted, with no second lever.
  ok   [B6] careers with an All-NBA, percent, a fence at this round's own rate: mean 61.906 (60.25, 62.75, 62.55, 61.75, 62.23) against what Round 1103 shipped, 61.94 (61.7, 60.98, 62.35, 62.47, 62.2), 0.034 apart, allowed 1.19 (a fixed width)
  note [B6] NOT held at main's: careers with an All-NBA, percent is 61.91 here against main's 58.83 (59.07, 58.88, 58.6, 58.68, 58.93), 3.07 points more careers for the same awards a career. The new line alone put it at 63.52 (pass A, the old awards block, 63.23, 64.2, 63.28, 63.13, 63.77); the one pass is 1.62 points back toward main from there. The brief's critic asked for main's band; one grade an award cannot give it, and the lead ruled on 2026-10-09 that this is the round's own rate, accepted, with no second lever.
  ok   [B0] every award string agrees with the key that names its team (0 seasons off), every Defensive Player is on an All-Defensive team (0 off), every season has a club record that adds up to its length (0 without)
  ok   [B1] MVP seasons: 9516 in the run (at least 300, or the checks on them are empty)
  ok   [B1] Most Improved seasons: 5299 in the run (at least 100, or the checks on them are empty)
  ok   [B1] MVP seasons on a club that missed the playoffs: 0, 0, 0, 0, 0 of 1767, 1967, 2002, 1827, 1953 (main: one in four)
  ok   [B1] MVP seasons off the All-NBA First Team: 0, 0, 0, 0, 0 (main: one in eleven not All-NBA at all)
  ok   [B1] MVP and Most Improved in one season: 0, 0, 0, 0, 0 (main: one MVP season in four)
  ok   [B1] Most Improved after an earlier All-NBA: 0, 0, 0, 0, 0 of 1064, 1043, 1026, 1099, 1067
  ok   [B2] Rookie of the Year seasons: 1330 in the run (at least 60, or the checks on them are empty)
  ok   [B2] Rookie of the Year seasons off the All-Rookie First Team: 0, 0, 0, 0, 0 of 282, 268, 257, 262, 261 (main: every one)
  ok   [B2] All-Rookie outside a first season: 0, 0, 0, 0, 0
  ok   [B2] All-Rookie selections in first seasons: 1343, 1321, 1350, 1259, 1348 (main: none)
  ok   [B2] first seasons on an All-Rookie team: 22.4, 22.0, 22.5, 21.0, 22.5 percent, 22.1 over the run (18 to 26; the real class is 10 of 45, 22 percent; one grade for the class gave 51)
  note [B2] First Team: 518, 477, 475, 471, 484 seasons, median 10.3, 10.8, 10.7, 10.5, 10.7 points, 5, 5.5, 5.3, 5.1, 5.8 percent bench men. Second Team: 825, 844, 875, 788, 864, median 7.2, 7.2, 7.1, 7.2, 7.1 points, 31.9, 31.3, 32.9, 28.2, 30.9 percent bench men. On a team under 6 points a game: 245, 247, 267, 239, 277
  ok   [B3] seasons from 2023-24 with an award the games rule names: 50144 in the run (at least 2000, or the checks on them are empty)
  ok   [B3] from 2023-24, seasons under the games bar holding an award the rule names: 0, 0, 0, 0, 0 of 9594, 10163, 10218, 9880, 10289
  ok   [B3] before 2023-24 the rule did not exist: 362, 338, 411, 362, 368 seasons under 65 games hold one of those awards (at least 1750 in the run, so "none before" is seen to fire)
  ok   [B3] Sixth Man seasons: 10144 in the run (at least 100, or the checks on them are empty)
  ok   [B3] Sixth Man seasons by a starter: 0, 0, 0, 0, 0 of 1908, 2041, 2140, 2071, 1984
  ok   [B3] seasons under half a schedule holding any award but a Finals MVP: 0, 0, 0, 0, 0
  ok   [B3] drawn, the 2023-24 season itself: 64 games hold a rule award in 0 of 300 draws (must be 0), 65 games in 300 (at least 290)
  ok   [B3] drawn, the season before the rule: 64 games hold a rule award in 300 of 300 draws (at least 290: no games rule yet), 40 of 82 games in 0 (must be 0: the game's own half season floor)
  ok   [B8] Scoring Champion: an average just under its own league leaders' lowest bar (29.90) wins in 0 of 300 draws (must be 0), one just over their highest (35.74) in 300 (must be 300)
  ok   [B8] Rebounding Champion: an average just under its own league leaders' lowest bar (12.32) wins in 0 of 300 draws (must be 0), one just over their highest (16.22) in 300 (must be 300)
  ok   [B8] Assists Leader: an average just under its own league leaders' lowest bar (10.02) wins in 0 of 300 draws (must be 0), one just over their highest (11.74) in 300 (must be 300)
  ok   [B8] a fan favourite (fanbase 100) on a 6 point season starts the All-Star Game in 145 of 300 draws in 2015-16, when the fans picked alone (at least 60), and in 0 in 2016-17, the first weighted vote (must be 0)
  ok   [B8] the 66 game 2011-12 season asks for its own real minimum, 56 games or 1127 points, 644 rebounds, 321 assists (the rules hold 56, 1127, 644, 321)
  ok   [B8] a full season before 2013-14 asks for 70 games or the total (1,400 points), from 2013-14 for 58 of 82 with no way in on totals, and the 72 game 2020-21 season for 51
  ok   [B8] 2011-12, 34.1 points a game over 40 of 66 games (1364 points, over the 1127 the season asked for): Scoring Champion in 300 of 300 draws (must be 300)
  ok   [B9] the snub card in the summer deck after a season that holds an award: 0, 0, 0, 0, 0 of 2145, 2153, 2216, 2135, 2138 decks that hold it (must be 0)
  ok   [B9] summers where only the award keeps the card out (three seasons in, rated 80, never answered): 960, 1134, 926, 994, 960 (at least 3500 in the run, or the gate was never asked)
  ok   [B9] the same after an All-Star season: 846, 981, 783, 855, 844 (at least 2500)
  ok   [B9] decks that do hold the card, after a season with no award: 2145, 2153, 2216, 2135, 2138 of 5759, 5792, 5764, 5736, 5713 summers (at least 6500, so the card is still in the game)
  ok   [B4] All-NBA seasons without an All-Star selection: 0, 0, 0, 0, 0
  ok   [B4] All-NBA First Team seasons that did not start the All-Star Game: 0, 0, 0, 0, 0 of 4739, 5030, 5178, 4869, 5210; MVP seasons that did not: 0, 0, 0, 0, 0 (before the gate the League MVP read "All-Star reserve" in 43 percent of MVP seasons); starters are 39 percent of All-Stars (the real game starts 10 of 24, 42 percent)
  ok   [B4] All-Star starters who spent the season on their own club's bench (and were not on the All-NBA First Team): 0, 0, 0, 0, 0 (must be 0; before the gate one starter in 30); bench men picked for the game at all: 183, 176, 201, 146, 176 (must be above zero: the gate is on the vote, not on the selection)
  ok   [B4] All-Star selections a career over All-NBA: 1.62, 1.59, 1.58, 1.59, 1.59, mean 1.59 (1.25 to 2.4; 24 picks against 15 is 1.6); 3.08, 3.175, 3.2, 3.116, 3.218 All-Star a career, 7045, 7467, 7714, 7288, 7872 of them starters
  FAIL [B5] All-Defensive a career: every defender above every scorer (the lowest defender, threed, 0.17; the highest scorer, scoringpg, 1.45)
  FAIL [B5] the defenders' mean is 0.5 times the scorers' (at least 3; main: a tenth of it, the wrong way round): pest 0.60, twoway 0.67, threed 0.17, anchor 0.47, scoringpg 1.45, bucket 1.41, sniper 0.41, alpha 1.44, stretch4 0.83, stretch 0.57
  ok   [B6] Rookie of the Year a career: 0.047, 0.045, 0.043, 0.044, 0.044, mean 0.045 (between main's 0.022 and three times it)
  ok   [B6] Scoring Champion a career: 0.152, 0.171, 0.172, 0.165, 0.168 (main 0.468; it moves by design, judged as above zero)
  ok   [B6] Assists Leader a career: 0.044, 0.056, 0.055, 0.056, 0.05 (main 0.123; it moves by design, judged as above zero)
  ok   [B6] Rebounding Champion a career: 0.099, 0.108, 0.109, 0.087, 0.096 (main 0.099; it moves by design, judged as above zero)
  ok   [B6] Sixth Man of the Year a career: 0.318, 0.34, 0.357, 0.345, 0.331 (main 0.334; it moves by design, judged as above zero)
  ok   [B6] Most Improved Player a career: 0.177, 0.174, 0.171, 0.183, 0.178 (main 0.193; it moves by design, judged as above zero)
  ok   [B6] Defensive Player of the Year a career: 0.03, 0.041, 0.039, 0.035, 0.036 (main 0.079; it moves by design, judged as above zero)
  ok   [B6] All-Rookie Team a career: 0.224, 0.22, 0.225, 0.21, 0.225 (main 0.092; it moves by design, judged as above zero)
  ok   [B7] decideNbaAwards draws exactly 9 times for a rookie, a bench player, a short season and a season before 2023 (9, 9, 9, 9)
  ok   [B7] the same input and seed give the same awards, and the input is left untouched
  ok   [E] NBA_FIELD mvp PG: committed 32.92/11.23 against the fleet 32.80/11.17 32.87/11.27 33.03/11.37 33.19/11.34 32.97/11.23 (mean off by at most 0.024 sd, limit 0.08; sd off by at most 1.2 percent, limit 6)
  ok   [E] NBA_FIELD mvp SG: committed 31.95/10.85 against the fleet 31.76/10.76 31.93/10.89 32.01/10.85 31.70/10.69 32.35/11.01 (mean off by at most 0.037 sd, limit 0.08; sd off by at most 1.5 percent, limit 6)
  ok   [E] NBA_FIELD mvp SF: committed 33.67/11.54 against the fleet 33.73/11.57 33.81/11.56 33.96/11.71 33.41/11.41 33.82/11.75 (mean off by at most 0.025 sd, limit 0.08; sd off by at most 1.8 percent, limit 6)
  ok   [E] NBA_FIELD mvp PF: committed 31.75/10.35 against the fleet 31.69/10.42 32.02/10.49 31.78/10.48 31.99/10.56 31.67/10.50 (mean off by at most 0.026 sd, limit 0.08; sd off by at most 2.0 percent, limit 6)
  ok   [E] NBA_FIELD mvp C: committed 32.93/10.95 against the fleet 32.43/10.74 32.85/10.92 32.91/10.91 32.60/10.73 32.89/10.89 (mean off by at most 0.046 sd, limit 0.08; sd off by at most 2.0 percent, limit 6)
  ok   [E] NBA_FIELD defense PG: committed 3.02/1.06 against the fleet 3.02/1.07 3.03/1.06 3.03/1.07 3.04/1.07 3.02/1.07 (mean off by at most 0.019 sd, limit 0.08; sd off by at most 1.4 percent, limit 6)
  ok   [E] NBA_FIELD defense SG: committed 3.34/1.28 against the fleet 3.33/1.27 3.34/1.28 3.32/1.27 3.31/1.27 3.37/1.30 (mean off by at most 0.026 sd, limit 0.08; sd off by at most 1.6 percent, limit 6)
  ok   [E] NBA_FIELD defense SF: committed 4.08/1.38 against the fleet 4.10/1.38 4.11/1.37 4.10/1.39 4.08/1.37 4.09/1.38 (mean off by at most 0.021 sd, limit 0.08; sd off by at most 1.0 percent, limit 6)
  ok   [E] NBA_FIELD defense PF: committed 4.05/1.41 against the fleet 4.06/1.43 4.09/1.43 4.05/1.42 4.08/1.43 4.05/1.42 (mean off by at most 0.029 sd, limit 0.08; sd off by at most 1.7 percent, limit 6)
  ok   [E] NBA_FIELD defense C: committed 5.59/2.08 against the fleet 5.54/2.07 5.60/2.08 5.58/2.10 5.53/2.04 5.57/2.08 (mean off by at most 0.031 sd, limit 0.08; sd off by at most 1.8 percent, limit 6)
  ok   [E] NBA_FIELD production PG: committed 23.1/10.29 against the fleet 23.03/10.25 23.16/10.29 23.16/10.39 23.30/10.40 23.15/10.32 (mean off by at most 0.019 sd, limit 0.08; sd off by at most 1.1 percent, limit 6)
  ok   [E] NBA_FIELD production SG: committed 22.15/9.87 against the fleet 22.06/9.76 22.18/9.90 22.08/9.90 21.90/9.77 22.47/10.00 (mean off by at most 0.033 sd, limit 0.08; sd off by at most 1.4 percent, limit 6)
  ok   [E] NBA_FIELD production SF: committed 23.8/10.59 against the fleet 23.87/10.58 24.01/10.60 23.99/10.72 23.71/10.47 23.90/10.74 (mean off by at most 0.019 sd, limit 0.08; sd off by at most 1.4 percent, limit 6)
  ok   [E] NBA_FIELD production PF: committed 21.9/9.39 against the fleet 21.93/9.46 22.15/9.51 21.93/9.48 22.12/9.57 21.87/9.48 (mean off by at most 0.027 sd, limit 0.08; sd off by at most 1.9 percent, limit 6)
  ok   [E] NBA_FIELD production C: committed 23.15/10.01 against the fleet 22.80/9.84 23.18/10.00 23.13/10.05 22.84/9.82 23.07/9.95 (mean off by at most 0.035 sd, limit 0.08; sd off by at most 1.9 percent, limit 6)
  ok   [E] NBA_FIELD bench: committed 7.71/3.3 against the fleet 7.70/3.28 7.73/3.33 7.77/3.33 7.71/3.31 7.68/3.30 (mean off by at most 0.017 sd, limit 0.08; sd off by at most 1.1 percent, limit 6)
  ok   [E] NBA_FIELD jump: committed -0.01/7.09 against the fleet -0.01/7.05 -0.00/7.07 -0.02/7.07 -0.01/7.11 -0.01/7.10 (mean off by at most 0.001 sd, limit 0.08; sd off by at most 0.5 percent, limit 6)
  ok   [E] NBA_FIELD fans: committed 61.81/24.35 against the fleet 61.32/24.24 61.55/24.38 62.06/24.41 61.51/24.36 61.91/24.36 (mean off by at most 0.020 sd, limit 0.08; sd off by at most 0.5 percent, limit 6)
  ok   [D] nbaSeasonStats.ts and nbaCareerAwards.ts both import from ./awardDecision (comments stripped)
  ok   [D] nbaSeasonStats.ts no longer adds points and rebounds a game itself
  ok   [D] the career's MVP win weight (20) is NBA Front Office's (20)
  ok   [D] NBA Front Office ranks the winner over the better producer on the worst club (true), and stops when the shared score loses its winning term (true)
  ok   [D] the career's MVPs over 400 careers change with the same swap (137 against 2)
  ok   [F] the worked example recomputed through the shared score: production 38.8 (printed 38.8), winning share 0.659 (printed .659), weight 20, total 52.0 (printed 52.0)
  ok   [F] the example's 54-28 club is a playoff club by the engine's record bands (41 to 67 wins) and its 34-48 club is not (17 to 40)
  ok   [F] the help says 65 games from the 2023-24 season, 24 All-Star picks and the fans alone before 2016-17; the real rules are 65, 24 and 2016-17 (the rule table holds 65 from 2023, 24 and 2016)
  ok   [F] the page says the Trophy Case holds 23 badges; NBA_BADGES has 23
  ok   [F] the page hands the award rules to its "?"
  ok   [F] no em or en dash in the help rules
  note [F] the guide for /nba-my-career still says, and its owner owes the change: nothing stale
  ok   [K] the Trophy Case tile counts the rings plus every award on the seasons, so it reads Empty only over an empty case: 0 of 30000 careers off
  ok   [K] careers whose only awards are the lesser ones (no ring, MVP, All-NBA or All-Star), the ones the tile read Empty for: 266, 230, 231, 243, 258 a seed (floor 230)
  ok   [T] NBA: 57641 near tie notes, each naming the leader the tally gives (you lead 26702, he leads 24889, level 6050, unreadable 0)
  ok   [T] NBA: all three ways a near tie can read turn up (floor 200 each over the run)
  ok   [T] NFL: 3952 near tie notes, each naming the leader the tally gives (you lead 1313, he leads 2254, level 385, unreadable 0)
  ok   [T] NFL: all three ways a near tie can read turn up (floor 200 each over the run)
  ok   [T] MLB: 4115 near tie notes, each naming the leader the tally gives (you lead 1832, he leads 1862, level 421, unreadable 0)
  ok   [T] MLB: all three ways a near tie can read turn up (floor 200 each over the run)
  ok   [T] NHL: 5626 near tie notes, each naming the leader the tally gives (you lead 3588, he leads 1506, level 532, unreadable 0)
  ok   [T] NHL: all three ways a near tie can read turn up (floor 200 each over the run)
  note [P] the before and after proof: not judged in a plain run (SENSE_PROVE_AGAINST=<commit> plays both trees)
  note [C] other sports: not judged in a plain run (SENSE_PROVE_OTHERS=1 judges the hashes)
  note [C, printed for the legacy recalibration round] NFL: 9 seasons won MVP over 2500 careers; 1 of them (11.1 percent) on a club that missed the playoffs, 2 (22.2 percent) without that season's All-Pro
  note [C, printed for the legacy recalibration round] MLB: 42 seasons won MVP or Cy Young over 2500 careers; 21 of them (50.0 percent) on a club that missed the playoffs, 3 (7.1 percent) without that season's All-Star
  note [C, printed for the legacy recalibration round] NHL: 169 seasons won Hart or Norris or Vezina over 2500 careers; 47 of them (27.8 percent) on a club that missed the playoffs, 23 (13.6 percent) without that season's All-Star

control scorersdefend: FIRED, red in B6, B5 (must: B5; may follow: B6) and nowhere else
simNbaAwardsSense: 158 checks, 3 failed (full size, control scorersdefend), 147s
