ok   nba v1drift exit=1 | simCareerHall nba CONTROL v1drift: wanted v1replay and v1formula red, red [v1replay,v1formula,neverbelow], FIRED
ok   nba calflip exit=1 | simCareerHall nba CONTROL calflip: wanted v1replay and calrule red, red [v1replay,calrule], FIRED
ok   nba v2drift exit=1 | simCareerHall nba CONTROL v2drift: wanted v2replay red, red [v2replay,halfrule], FIRED
ok   nba below exit=1 | simCareerHall nba CONTROL below: wanted neverbelow red, red [v2replay,neverbelow], FIRED
ok   nba nostandout exit=1 | simCareerHall nba CONTROL nostandout: wanted standoutgain red and marks green, red [v2replay,standoutgain,standoutcap,words], FIRED
ok   nba markdrift exit=1 | simCareerHall nba CONTROL markdrift: wanted marks red, red [v2replay,marks,halfrule], FIRED
ok   nba todrift exit=1 | simCareerHall nba CONTROL todrift: wanted marks red, red [v2replay,marks,halfrule], FIRED
ok   nba noramp exit=1 | simCareerHall nba CONTROL noramp: wanted halfrule red, red [v2replay,marks,halfrule], FIRED
ok   nba catchersteals exit=1 | simCareerHall nba CONTROL catchersteals: wanted halfrule red, red [v2replay,marks,halfrule,words,anchors,hallshare], FIRED
ok   nba twofamilies exit=1 | simCareerHall nba CONTROL twofamilies: wanted standoutcap red, red [v2replay,standoutcap], FIRED
ok   nba examplelie exit=1 | simCareerHall nba CONTROL examplelie: wanted words red, red [words], FIRED
ok   nba nocardline exit=1 | simCareerHall nba CONTROL nocardline: wanted words red, red [words], FIRED
ok   nba clausealways exit=1 | simCareerHall nba CONTROL clausealways: wanted words red, red [words], FIRED
ok   nba wholesheet exit=1 | simCareerHall nba CONTROL wholesheet: wanted words red, red [words], FIRED
ok   nba plantbase exit=1 | simCareerHall nba CONTROL plantbase: wanted base red, red [v2replay,base,words,anchors,hallshare], FIRED
ok   nba seasonbig exit=1 | simCareerHall nba CONTROL seasonbig: wanted hallshare red, red [v2replay,neverbelow,standoutgain,anchors,hallshare], FIRED
ok   nba nostamp exit=1 | simCareerHall nba CONTROL nostamp: wanted calrule red, red [calrule], FIRED
ok   nba ballotflip exit=1 | simCareerHall nba CONTROL ballotflip: wanted anchorcalls red, red [rises,promise,v1replay,v2replay,anchors,anchorcalls], FIRED
ok   nba anchorwiki exit=1 | simCareerHall nba CONTROL anchorwiki: wanted anchorshape red, red [anchorshape], FIRED
ok   nba nobase exit=2 | simCareerHall nba CONTROL nobase: REFUSED, its string is not in the source (not a FIRED)
ok   nba standoutbig exit=1 | simCareerHall nba CONTROL standoutbig: wanted anchors red, red [v2replay,standoutcap,anchors], FIRED
ok   nba standoutgone exit=2 | simCareerHall nba CONTROL standoutgone: REFUSED, it cannot fire in this sport (the band holds with every push switched off: 0 anchors agree on 2 by the push alone and the band allows two)
ok   nba decisionback exit=2 | simCareerHall nba CONTROL decisionback: REFUSED, its string is not in the source (not a FIRED)
ok   nba everyonein exit=1 | simCareerHall nba CONTROL everyonein: wanted iff red, red [iff,outcome,v1replay,v2replay], FIRED
ok   nba bindhof exit=1 | simCareerHall nba CONTROL bindhof: wanted iff red, red [iff,outcome,v1replay,v2replay], FIRED
ok   nba outcomeswap exit=1 | simCareerHall nba CONTROL outcomeswap: wanted outcome red, red [outcome,v1replay,v2replay], FIRED
ok   nba nominationgone exit=1 | simCareerHall nba CONTROL nominationgone: wanted outcome red, red [outcome,v1replay,v2replay], FIRED
ok   nba waitoff exit=1 | simCareerHall nba CONTROL waitoff: wanted table red, red [table,v1replay,v2replay], FIRED
ok   nba flatfirst exit=1 | simCareerHall nba CONTROL flatfirst: wanted rises red, red [rises], FIRED
ok   nba nopromise exit=1 | simCareerHall nba CONTROL nopromise: wanted promise red, red [rises,promise,v1replay,v2replay,anchors], FIRED
ok   nba mathrandom exit=1 | simCareerHall nba CONTROL mathrandom: wanted keyed red, red [keyed,v1replay,v2replay], FIRED
ok   nba sharesides exit=1 | simCareerHall nba CONTROL sharesides: wanted sides red, red [sides,v1replay,v2replay], FIRED
ok   nba farewelloff exit=1 | simCareerHall nba CONTROL farewelloff: wanted answers red, red [answers], FIRED
ok   nba retireoff exit=1 | simCareerHall nba CONTROL retireoff: wanted answers red, red [answers,marks], FIRED
ok   nba notalk exit=1 | simCareerHall nba CONTROL notalk: wanted talk red, red [talk,marks], FIRED
ok   nba jerseyfirst exit=1 | simCareerHall nba CONTROL jerseyfirst: wanted jersey red, red [jersey,v1replay,v2replay], FIRED
ok   nba jerseyraw exit=1 | simCareerHall nba CONTROL jerseyraw: wanted jersey red, red [jersey,v1replay,v2replay], FIRED
controls nba: 37 run, 0 not as expected
