simNbaAwardsSense: 6000 careers a seed, seeds 1, 2, 3, 4, 5, control titlebar
  seed 1: 114492 seasons, Hall 31.3% (first ballot 27.45%), MVPs 0.311 a career, All-NBA 1.967, my share 60.49%, 22s
  seed 2: 114539 seasons, Hall 32.32% (first ballot 28.03%), MVPs 0.315 a career, All-NBA 2.02, my share 60.87%, 44s
  seed 3: 114615 seasons, Hall 33.35% (first ballot 29.1%), MVPs 0.34 a career, All-NBA 2.034, my share 61.58%, 63s
  seed 4: 114810 seasons, Hall 32.42% (first ballot 27.53%), MVPs 0.31 a career, All-NBA 1.999, my share 61.13%, 77s
  seed 5: 114513 seasons, Hall 31.28% (first ballot 26.88%), MVPs 0.316 a career, All-NBA 1.966, my share 60.55%, 99s

The numbers (this tree, seed by seed, then main):
  Hall of Fame inducted, percent               31.3, 32.32, 33.35, 32.42, 31.28   | main 31.7, 31.88, 31.78, 31.75, 31.55
  first ballot, percent                        27.45, 28.03, 29.1, 27.53, 26.88   | main 27.03, 27.93, 27.83, 27.57, 27.45
  inducted, modern careers                     31.38, 32.13, 34.18, 32.91, 31.29   | main 31.56, 31.42, 31.93, 32.02, 31.09
  inducted, 2003-04 careers                    31.07, 32.87, 30.87, 30.93, 31.27   | main 32.13, 33.27, 31.33, 30.93, 32.93
  legacy score p50                             356, 364, 364, 363, 360   | main 363, 367, 367, 366, 365
  legacy score p90                             942, 935, 971, 931, 934   | main 917, 940, 928, 938, 918
  All-Star a career                            3.155, 3.182, 3.209, 3.189, 3.127   | main 0, 0, 0, 0, 0
  Rookie of the Year a career                  0.045, 0.044, 0.042, 0.044, 0.047   | main 0.026, 0.02, 0.018, 0.019, 0.025
  All-NBA a career                             1.967, 2.02, 2.034, 1.999, 1.966   | main 1.972, 2.006, 1.981, 1.987, 1.986
  MVP a career                                 0.311, 0.315, 0.34, 0.31, 0.316   | main 0.316, 0.323, 0.31, 0.313, 0.311
  Finals MVP a career                          0.155, 0.157, 0.155, 0.151, 0.15   | main 0.14, 0.159, 0.153, 0.15, 0.156
  Defensive Player of the Year a career        0.081, 0.087, 0.087, 0.088, 0.082   | main 0.076, 0.079, 0.077, 0.081, 0.081
  All-Defensive Team a career                  1.334, 1.39, 1.372, 1.38, 1.357   | main 1.342, 1.383, 1.357, 1.337, 1.361
  Scoring Champion a career                    0.167, 0.162, 0.171, 0.163, 0.168   | main 0.472, 0.485, 0.464, 0.453, 0.468
  Assists Leader a career                      0.05, 0.053, 0.059, 0.052, 0.053   | main 0.126, 0.128, 0.118, 0.119, 0.123
  Rebounding Champion a career                 0.709, 0.705, 0.76, 0.765, 0.745   | main 0.095, 0.095, 0.101, 0.105, 0.099
  Most Improved Player a career                0.169, 0.175, 0.181, 0.174, 0.177   | main 0.191, 0.192, 0.192, 0.193, 0.196
  Sixth Man of the Year a career               0.358, 0.364, 0.338, 0.343, 0.338   | main 0.316, 0.329, 0.338, 0.328, 0.359
  All-Rookie Team a career                     0.219, 0.213, 0.224, 0.222, 0.216   | main 0.089, 0.093, 0.098, 0.089, 0.091
  careers with an MVP, percent                 17.42, 18.05, 19.42, 17.88, 17.37   | main 16.22, 16.85, 16.27, 16.75, 16.68
  careers with an All-NBA, percent             61.8, 62.95, 62.8, 63.33, 62.07   | main 59.07, 58.88, 58.6, 58.68, 58.93
  MVP seasons that missed the playoffs, percent 0, 0, 0, 0, 0   | main 28.35, 25.94, 26.68, 26.82, 27.28
  MVP seasons not All-NBA, percent             0, 0, 0, 0, 0   | main 8.66, 9.2, 8.34, 7.82, 8.36
  MVP and Most Improved together, percent      0, 0, 0, 0, 0   | main 24.97, 24.08, 23.4, 25.39, 23.9
  Rookie of the Year seasons                   272, 265, 252, 265, 283   | main 153, 118, 108, 114, 152
  of them on All-Rookie                        272, 265, 252, 265, 283   | main 0, 0, 0, 0, 0
  All-Rookie in a first season                 1314, 1280, 1343, 1333, 1293   | main 0, 0, 0, 0, 0
  my share of the head to head years           60.49, 60.87, 61.58, 61.13, 60.55   | main 62.33, 63.02, 62.3, 62.52, 62.8
  verdict disagrees with the printed lines     0, 0, 0, 0, 0   | main 0, 0, 0, 0, 0
  starter points / bench points / rookie starters 16.3, 16.3, 16.4, 16.3, 16.3   | main 19.7, 19.7, 19.7, 19.7, 19.7
    bench                                      7.5, 7.5, 7.5, 7.5, 7.5   | main 10.6, 10.6, 10.6, 10.6, 10.6
    rookie starters                            7.9, 7.8, 7.8, 8, 8   | main 13.9, 13.8, 13.7, 13.8, 13.8
  triple double seasons                        22, 12, 19, 12, 14   | main 216, 208, 219, 200, 225
  seasons at 16 points or more, percent        37.6, 37.79, 38.12, 38.35, 37.82   | main 59.83, 59.93, 59.83, 59.83, 60
  careers past 12,000 points, percent          94.25, 94.47, 94.57, 95.03, 94.52   | main 99.58, 99.72, 99.73, 99.5, 99.62
  careers past 25,000 points, percent          24.65, 25.42, 25.43, 26.43, 24.9   | main 54.25, 53.87, 54.33, 54.08, 54.05
  scoring and assists title together           15, 9, 15, 10, 13   | main 497, 474, 420, 462, 458
  SG and SF starter seasons at 8 assists, percent 1.023, 1.115, 1.209, 0.895, 0.925   | main 19.17, 18.676, 18.945, 18.904, 18.513
  gate ppg28, percent of qualified seasons     3.316, 3.293, 3.332, 3.221, 3.323   | main 6.788, 7.112, 6.71, 6.698, 6.787
  gate apg10, percent of qualified seasons     0.516, 0.541, 0.608, 0.592, 0.558   | main 5.228, 5.227, 5.193, 5.148, 5.397
  gate rpg11, percent of qualified seasons     3.448, 3.495, 3.743, 3.779, 3.638   | main 4.702, 4.787, 4.81, 4.821, 4.795
  gate rpg125big, percent of qualified seasons 3.83, 4.045, 4.15, 4.359, 3.961   | main 3.517, 3.596, 3.68, 3.695, 3.659
  gate jump6, percent of qualified seasons     10.04, 10.114, 10.277, 10.042, 9.977   | main 8.439, 8.316, 8.208, 8.313, 8.427
  gate ppg14, percent of qualified seasons     47.225, 47.654, 47.918, 48.162, 47.559   | main 70.328, 70.324, 70.116, 70.208, 70.252
  healthy starters rated 80-83: PG 15.5/3.8/5.6 | 15.4/3.8/5.6 | 15.7/3.8/5.7 | 15.5/3.8/5.7 | 15.5/3.8/5.6   SG 16.8/4.4/2.8 | 16.8/4.4/2.8 | 16.8/4.4/2.7 | 16.8/4.4/2.7 | 16.8/4.3/2.7   SF 15.4/5.7/3.7 | 15.5/5.8/3.7 | 15.5/5.7/3.8 | 15.6/5.7/3.7 | 15.6/5.8/3.8   PF 15.2/6.1/2.4 | 15.2/6.2/2.4 | 15.3/6.2/2.4 | 15.4/6.2/2.4 | 15.4/6.2/2.4   C 14.5/8.9/2.1 | 14.6/9/2.2 | 14.5/9/2.1 | 14.7/9/2.2 | 14.6/9/2.2
  healthy starters rated 88-91: PG 24/5/7.7 | 24/5/7.7 | 24/5/7.8 | 23.8/5/7.7 | 24/5/7.8   SG 25.6/5.8/4.1 | 25.3/5.7/4 | 25.6/5.8/4.1 | 25.2/5.7/4 | 25.5/5.8/4.1   SF 23.9/7.5/5.5 | 24/7.6/5.6 | 23.9/7.6/5.5 | 23.8/7.6/5.5 | 24/7.5/5.5   PF 22.9/8.4/3.4 | 22.8/8.3/3.3 | 22.9/8.3/3.3 | 22.8/8.3/3.2 | 22.9/8.3/3.3   C 22/12.2/3 | 21.6/12/2.9 | 22/12.1/3 | 21.8/12.2/3 | 21.9/12.1/3
  All-Defensive a career by archetype (seed 1): pointgod 0.145, scoringpg 0.023, pest 4.082, bucket 0.008, sniper 0.003, twoway 5.688, alpha 0.043, threed 2.815, pointforward 0.473, stretch4 0.065, bruiser 1.44, swiss 0.618, paintbeast 1.483, stretch 0.005, anchor 3.123
  my share by archetype (seed 1): pointgod 55.7, scoringpg 66.2, pest 57.1, bucket 69.3, sniper 55.5, twoway 60, alpha 71.9, threed 51.1, pointforward 68.5, stretch4 58.4, bruiser 63.1, swiss 61.9, paintbeast 60.8, stretch 54.9, anchor 52.9
  the field as the fleet lives it (mean, sd): PG 35.39/16.04 | 35.98/16.2 | 35.91/16.3 | 36/16.22 | 35.67/16.13   SG 34.41/15.6 | 34.12/15.29 | 34.22/15.53 | 34.34/15.25 | 33.74/15.25   SF 36.45/16.45 | 36.76/16.68 | 36.53/16.51 | 36.58/16.36 | 36.68/16.46   PF 33.51/14.59 | 33.32/14.55 | 33.6/14.52 | 33.57/14.42 | 33.68/14.77   C 34.55/15.16 | 34.77/15.1 | 35.19/15.37 | 35.17/15.42 | 34.93/15.25

The field, measured on the simNbaAwardsSense fleet (5 seed mean, era neutral, half a schedule or more):
    PG: { mean: 36.7, sd: 16.5 },   // seeds: 36.3/16.3 36.9/16.5 36.8/16.6 36.9/16.5 36.6/16.4
    SG: { mean: 35.0, sd: 15.7 },   // seeds: 35.3/15.9 35.0/15.6 35.1/15.8 35.2/15.5 34.6/15.5
    SF: { mean: 37.5, sd: 16.8 },   // seeds: 37.3/16.7 37.6/16.9 37.4/16.8 37.5/16.6 37.5/16.7
    PF: { mean: 34.3, sd: 14.8 },   // seeds: 34.3/14.8 34.1/14.8 34.4/14.8 34.4/14.7 34.5/15.0
    C: { mean: 35.7, sd: 15.5 },   // seeds: 35.3/15.4 35.6/15.4 35.9/15.6 35.9/15.7 35.7/15.5
The gates at main's percentile: rebounds for Defensive Player 10.3, 10.3, 10.4, 10.4, 10.3 (was 11, 4.78% pass); the jump for Most Improved 6.5, 6.6, 6.6, 6.5, 6.5 (was 6, 8.34%); points for Sixth Man 9.4, 9.4, 9.5, 9.5, 9.4 (was 14, 70.25%)
The grade that holds main's rate on this fleet's own field (worked out from every season's z, not drawn):
    Finals MVP           main 0.152 a career, grade 0.05

NBA_FIELD, measured on the simNbaAwardsSense fleet (5 seed mean, era neutral, half a season or more):
  mvp: { PG: [32.86, 11.26], SG: [32.07, 10.86], SF: [33.77, 11.57], PF: [31.81, 10.41], C: [32.97, 10.93] },
  defense: { PG: [3.02, 1.07], SG: [3.34, 1.29], SF: [4.09, 1.38], PF: [4.07, 1.42], C: [5.59, 2.08] },
  production: { PG: [23.05, 10.30], SG: [22.21, 9.89], SF: [23.85, 10.60], PF: [22.01, 9.45], C: [23.18, 10.02] },
  bench: [7.73, 3.32],
  jump: [-0.01, 7.09],
  fans: [61.74, 24.37],
The grade that puts each award on its target, on this fleet's own field (worked out, not drawn; committed grade in brackets):
    All-NBA        main 1.986 a career: -0.13 [-0.13]
    MVP            main 0.315 a career, at that All-NBA grade: -0.33 [-0.33]
    All-Defensive  main 1.356 a career: 0.20 [0.2]
    All-Star       1.6 times main's All-NBA (24 picks against 15), 3.178 a career: -0.18 [-0.18]
    All-Rookie     the real class, 10 picks of 45 rookies who play, 0.222 a career: -1.80 [-1.8]
    Rookie of the Year  twice main's, 0.043 a career, at that All-Rookie grade: -2.38 [-2.39]; on one grade for the whole class All-Rookie would be 0.505 a career
    Defensive Player  main 0.079 a career, at that All-Defensive grade: 0.24 [0.24]
    Sixth Man      main 0.334 a career: -0.64 [-0.64]
    Most Improved  main 0.193 a career: -0.18 [-0.17]
    at the committed grades the fit expects: All-NBA 1.973, MVP 0.312, All-Defensive 1.354, All-Star 3.171, Rookie of the Year 0.045, All-Rookie 0.220

Sections:
  ok   [E] PG: the committed field 36.8/16.4 against the fleet 36.3/16.3 36.9/16.5 36.8/16.6 36.9/16.5 36.6/16.4 (mean off by at most 0.030 sd, limit 0.08; sd off by at most 1.0 percent, limit 6)
  ok   [E] SG: the committed field 34.9/15.6 against the fleet 35.3/15.9 35.0/15.6 35.1/15.8 35.2/15.5 34.6/15.5 (mean off by at most 0.023 sd, limit 0.08; sd off by at most 1.6 percent, limit 6)
  ok   [E] SF: the committed field 37.4/16.8 against the fleet 37.3/16.7 37.6/16.9 37.4/16.8 37.5/16.6 37.5/16.7 (mean off by at most 0.013 sd, limit 0.08; sd off by at most 0.9 percent, limit 6)
  ok   [E] PF: the committed field 34.3/14.9 against the fleet 34.3/14.8 34.1/14.8 34.4/14.8 34.4/14.7 34.5/15.0 (mean off by at most 0.014 sd, limit 0.08; sd off by at most 1.6 percent, limit 6)
  ok   [E] C: the committed field 35.7/15.5 against the fleet 35.3/15.4 35.6/15.4 35.9/15.6 35.9/15.7 35.7/15.5 (mean off by at most 0.026 sd, limit 0.08; sd off by at most 1.0 percent, limit 6)
  A reads the lines the engine saved; healthy starters of modern careers: 62480, 62543, 62717, 63522, 62593
  ok   [A1] PG mpg: median 31.1, 31.3, 31.5, 31.4, 31.3 inside the real starters' 23.9 to 37.9 (p25 28.5, p75 33.2, partial key, 15 percent of the median wider); 47 percent of the band from the nearer edge
  ok   [A1] PG pts: median 16.0, 16.3, 16.5, 16.3, 16.2 inside the real starters' 11.7 to 26.2 (p25 14.3, p75 23.6, partial key, 15 percent of the median wider); 31 percent of the band from the nearer edge
  ok   [A1] PG reb: median 3.8, 3.9, 3.9, 3.9, 3.9 inside the real starters' 2.7 to 5.2 (p25 3.3, p75 4.6, partial key, 15 percent of the median wider); 47 percent of the band from the nearer edge
  ok   [A1] PG ast: median 5.7, 5.7, 5.9, 5.8, 5.7 inside the real starters' 4.3 to 8.0 (p25 5.2, p75 7.1, partial key, 15 percent of the median wider); 40 percent of the band from the nearer edge
  ok   [A1] PG stl: median 1.2, 1.3, 1.3, 1.3, 1.3 inside the real starters' 0.8 to 1.6 (p25 1, p75 1.4, partial key, 15 percent of the median wider); 39 percent of the band from the nearer edge
  ok   [A1] PG blk: median 0.2, 0.2, 0.2, 0.2, 0.2 inside the real starters' 0.2 to 0.5 (p25 0.2, p75 0.5, partial key, 15 percent of the median wider); 12 percent of the band from the nearer edge
  ok   [A1] SG mpg: median 31.4, 31.3, 31.4, 31.4, 31.2 inside the real starters' 22.1 to 37.8 (p25 26.5, p75 33.4, partial key, 15 percent of the median wider); 41 percent of the band from the nearer edge
  ok   [A1] SG pts: median 17.8, 17.7, 17.9, 17.8, 17.5 inside the real starters' 9.9 to 21.1 (p25 11.8, p75 19.2, partial key, 15 percent of the median wider); 30 percent of the band from the nearer edge
  ok   [A1] SG reb: median 4.4, 4.4, 4.4, 4.4, 4.4 inside the real starters' 2.6 to 5.3 (p25 3.2, p75 4.7, partial key, 15 percent of the median wider); 33 percent of the band from the nearer edge
  ok   [A1] SG ast: median 2.9, 2.9, 2.9, 2.9, 2.9 inside the real starters' 1.7 to 4.2 (p25 2.1, p75 3.8, partial key, 15 percent of the median wider); 48 percent of the band from the nearer edge
  ok   [A1] SG stl: median 1.1, 1.1, 1.1, 1.1, 1.1 inside the real starters' 0.5 to 1.5 (p25 0.7, p75 1.3, partial key, 15 percent of the median wider); 39 percent of the band from the nearer edge
  ok   [A1] SG blk: median 0.4, 0.4, 0.4, 0.4, 0.4 inside the real starters' 0.2 to 0.6 (p25 0.3, p75 0.5, partial key, 15 percent of the median wider); 50 percent of the band from the nearer edge
  ok   [A1] SF mpg: median 31.5, 31.6, 31.6, 31.5, 31.6 inside the real starters' 23.9 to 37.2 (p25 28.4, p75 32.7, partial key, 15 percent of the median wider); 42 percent of the band from the nearer edge
  ok   [A1] SF pts: median 16.6, 16.9, 16.8, 16.7, 16.9 inside the real starters' 9.0 to 23.3 (p25 11.3, p75 21, partial key, 15 percent of the median wider); 46 percent of the band from the nearer edge
  ok   [A1] SF reb: median 5.9, 6.0, 6.0, 5.9, 6.0 inside the real starters' 3.1 to 6.6 (p25 3.9, p75 5.8, partial key, 15 percent of the median wider); 18 percent of the band from the nearer edge
  ok   [A1] SF ast: median 3.8, 3.9, 3.8, 3.8, 3.9 inside the real starters' 1.5 to 4.8 (p25 2, p75 4.3, partial key, 15 percent of the median wider); 29 percent of the band from the nearer edge
  ok   [A1] SF stl: median 1.1, 1.1, 1.1, 1.1, 1.1 inside the real starters' 0.7 to 1.3 (p25 0.8, p75 1.2, partial key, 15 percent of the median wider); 36 percent of the band from the nearer edge
  ok   [A1] SF blk: median 0.4, 0.4, 0.4, 0.4, 0.4 inside the real starters' 0.2 to 0.8 (p25 0.3, p75 0.7, partial key, 15 percent of the median wider); 32 percent of the band from the nearer edge
  ok   [A1] PF mpg: median 31.4, 31.3, 31.3, 31.3, 31.4 inside the real starters' 22.6 to 37.6 (p25 27.1, p75 33.1, partial key, 15 percent of the median wider); 42 percent of the band from the nearer edge
  ok   [A1] PF pts: median 16.2, 16.1, 16.1, 16.1, 16.3 inside the real starters' 9.8 to 20.4 (p25 12, p75 18.2, partial key, 15 percent of the median wider); 40 percent of the band from the nearer edge
  ok   [A1] PF reb: median 6.3, 6.3, 6.2, 6.2, 6.3 inside the real starters' 3.6 to 7.6 (p25 4.4, p75 6.8, partial key, 15 percent of the median wider); 33 percent of the band from the nearer edge
  ok   [A1] PF ast: median 2.4, 2.4, 2.4, 2.4, 2.4 inside the real starters' 1.4 to 3.8 (p25 1.8, p75 3.4, partial key, 15 percent of the median wider); 41 percent of the band from the nearer edge
  ok   [A1] PF stl: median 0.7, 0.7, 0.7, 0.7, 0.7 inside the real starters' 0.6 to 1.2 (p25 0.7, p75 1.1, partial key, 15 percent of the median wider); 20 percent of the band from the nearer edge
  ok   [A1] PF blk: median 0.7, 0.7, 0.7, 0.7, 0.7 inside the real starters' 0.3 to 0.9 (p25 0.4, p75 0.8, partial key, 15 percent of the median wider); 32 percent of the band from the nearer edge
  ok   [A1] C mpg: median 31.0, 31.1, 31.3, 31.2, 31.2 inside the real starters' 20.9 to 34.2 (p25 25, p75 30.1, partial key, 15 percent of the median wider); 23 percent of the band from the nearer edge
  ok   [A1] C pts: median 14.9, 14.9, 15.2, 15.2, 15.1 inside the real starters' 9.1 to 18.1 (p25 10.9, p75 16.3, partial key, 15 percent of the median wider); 34 percent of the band from the nearer edge
  ok   [A1] C reb: median 9.0, 8.9, 9.1, 9.0, 9.0 inside the real starters' 5.9 to 11.2 (p25 7.1, p75 10, partial key, 15 percent of the median wider); 42 percent of the band from the nearer edge
  ok   [A1] C ast: median 2.2, 2.2, 2.2, 2.2, 2.2 inside the real starters' 1.4 to 3.4 (p25 1.7, p75 3.1, partial key, 15 percent of the median wider); 40 percent of the band from the nearer edge
  ok   [A1] C stl: median 0.8, 0.8, 0.8, 0.8, 0.8 inside the real starters' 0.6 to 1.1 (p25 0.7, p75 1, partial key, 15 percent of the median wider); 41 percent of the band from the nearer edge
  ok   [A1] C blk: median 1.0, 1.0, 1.0, 1.0, 1.0 inside the real starters' 0.6 to 1.4 (p25 0.7, p75 1.3, partial key, 15 percent of the median wider); 50 percent of the band from the nearer edge
  note [A1 2003, printed] PG: mpg 31.3 in 25.2..41.7 (37% in); pts 13.2 in 8.4..19.0 (45% in); reb 3.7 in 2.4..4.6 (40% in); ast 4.6 in 4.2..7.7 (11% in); stl 1.2 in 0.9..1.8 (33% in); blk 0.2 in 0.1..0.3 (50% in)
  note [A1 2003, printed] SG: mpg 31.4 in 27.4..43.8 (24% in); pts 14.4 in 11.0..23.5 (27% in); reb 4.3 in 2.9..5.7 (49% in); ast 2.3 in 1.9..5.3 (11% in); stl 1.0 in 0.9..1.7 (12% in); blk 0.4 in 0.1..0.6 (38% in)
  note [A1 2003, printed] SF: mpg 31.6 in 23.9..41.8 (43% in); pts 13.6 in 8.1..19.9 (46% in); reb 5.8 in 3.2..6.6 (25% in); ast 3.1 in 1.5..3.3 (15% in); stl 1.0 in 0.8..1.3 (42% in); blk 0.5 in 0.2..0.5 (12% in)
  note [A1 2003, printed] PF: mpg 31.3 in 26.6..41.7 (31% in); pts 13.1 in 9.5..19.6 (35% in); reb 6.0 in 6.0..11.3 (OUT); ast 1.9 in 1.2..3.5 (31% in); stl 0.7 in 0.7..1.2 (6% in); blk 0.7 in 0.4..1.8 (20% in)
  note [A1 2003, printed] C: mpg 31.1 in 20.8..36.6 (35% in); pts 12.2 in 5.4..12.3 (2% in); reb 8.7 in 5.1..9.7 (22% in); ast 1.8 in 0.7..1.9 (7% in); stl 0.7 in 0.4..0.9 (40% in); blk 1.1 in 0.7..2.2 (27% in)
  note [A1 2003, printed] 1 of 30 cells outside the 2003-04 quartiles (not judged: the lead sets how many may miss)
  ok   [A1] the 2003 line over the 2026 line is the league rows' ratio within 2 percent: ppg 0.810 against 0.808, rpg 0.963 against 0.963, apg 0.797 against 0.798, spg 0.938 against 0.940, bpg 1.075 against 1.063
  ok   [A2] the p99 starter season in pts: 33.6, 33.2, 33.5, 33.1, 33.2, mean 33.32, at or under the league leaders' mean plus one sd (32.8 + 1.7)
  ok   [A2] the p99 starter season in reb: 13.6, 13.5, 13.6, 13.7, 13.6, mean 13.60, at or under the league leaders' mean plus one sd (14.3 + 1.1)
  ok   [A2] the p99 starter season in ast: 9.7, 9.7, 9.9, 9.9, 9.8, mean 9.80, at or under the league leaders' mean plus one sd (10.9 + 0.5)
  ok   [A3] rookies rated 75 to 79 average 8.0, 7.9, 8.0, 8.1, 8.0 points (7.5 to 11.5); starters 9.5, 9.2, 9.4, 9.5, 9.5, bench 5.8, 5.8, 5.8, 5.8, 5.7; 1655, 1659, 1648, 1698, 1664 seasons
  ok   [A3] SG and SF starter seasons at 8 assists or more: 1.26, 1.34, 1.40, 1.07, 1.12 percent of theirs (under 2; main about 19)
  ok   [A3] bench seasons score 46, 46, 46, 46, 46 percent of starters' (36 to 56): 7.8, 7.7, 7.7, 7.8, 7.7 points in 17.3, 17.3, 17.3, 17.3, 17.3 minutes
  ok   [A3] every new season's points have one decimal, and 90, 90, 90, 90, 90 percent of them a non zero one (at least 10)
  ok   [A3] seasons holding both the scoring and the assists title: 15, 9, 15, 10, 13, 62 in 30000 careers (under 1 in 250 careers; main 497, 474, 420, 462, 458, 1 in 13)
  note [A3] 30 points a game: 3.08, 2.88, 2.95, 2.77, 2.91 percent of starter seasons; 10 assists: 0.82, 0.84, 0.97, 0.94, 0.87; triple double seasons in the fleet: 22, 12, 17, 11, 14
  ok   [A3] triple double seasons in thirty elite careers a seed: 9, 7, 6, 9, 8, 39 in all (at least 2 a seed on average, so the badge stays reachable)
  note [A] medians, every role, half a season or more (points/rebounds/assists): PG 13.5/3.4/4.9  SG 15.2/3.9/2.5  SF 14.3/5.3/3.3  PF 13.8/5.6/2.1  C 12.4/7.8/1.9
  ok   [A4] PG: mean points rise with every rating band (seed 1: 72-75 8.9/2.6/3.5 in 26.4, 76-79 12.2/3.2/4.6 in 28.8, 80-83 15.9/3.8/5.8 in 31.1, 84-87 19.9/4.4/7.0 in 32.8, 88-91 24.8/5.0/7.9 in 34.6, 92-95 30.2/5.6/8.8 in 36.3)
  ok   [A4] SG: mean points rise with every rating band (seed 1: 72-75 9.9/3.0/1.7 in 26.5, 76-79 13.1/3.7/2.2 in 28.8, 80-83 17.3/4.4/2.8 in 31.1, 84-87 21.6/5.1/3.5 in 32.9, 88-91 26.4/5.8/4.2 in 34.6, 92-95 30.2/6.5/4.8 in 36.1)
  ok   [A4] SF: mean points rise with every rating band (seed 1: 72-75 9.1/4.0/2.3 in 26.4, 76-79 12.1/4.8/3.0 in 28.8, 80-83 15.9/5.8/3.8 in 31.0, 84-87 20.2/6.7/4.8 in 32.9, 88-91 24.9/7.6/5.7 in 34.7, 92-95 28.8/8.6/7.0 in 36.0)
  ok   [A4] PF: mean points rise with every rating band (seed 1: 72-75 9.0/4.3/1.5 in 26.4, 76-79 12.1/5.2/2.0 in 28.8, 80-83 15.7/6.2/2.5 in 31.0, 84-87 19.6/7.2/3.0 in 32.9, 88-91 23.5/8.4/3.4 in 34.6, 92-95 27.4/9.5/3.9 in 36.2)
  ok   [A4] C: mean points rise with every rating band (seed 1: 72-75 8.7/6.2/1.4 in 26.5, 76-79 11.5/7.6/1.8 in 28.8, 80-83 15.0/9.0/2.2 in 31.0, 84-87 18.6/10.5/2.6 in 32.8, 88-91 22.7/12.3/3.1 in 34.7)
  ok   [A5] nbaStatLineFor draws exactly 7 times for a starter, a backup, a rookie and a playoff line (7, 7, 7, 7)
  ok   [A5] the same input and seed give the same line, and the input is left untouched
  ok   [R] my share of the head to head years, percent (main, on the old rival line: 62.33, 63.02, 62.3, 62.52, 62.8): mean 60.924 (60.49, 60.87, 61.58, 61.13, 60.55) against Round 1112's 61.086 (61.01, 60.83, 61.44, 61.06, 61.09), 0.162 apart, allowed 0.59 (a fixed width)
  ok   [R] every rival line reads back off its printed text and is in the player's own shape, three parts at one decimal (judged years 101603, 101703, 101700, 101629, 101555; unreadable 0, 0, 0, 0, 0; off shape 0, 0, 0, 0, 0)
  ok   [R] the verdict never disagrees with the two printed lines scored the same way: 0, 0, 0, 0, 0 of 101603, 101703, 101700, 101629, 101555 judged years
  ok   [R] the rival's season takes exactly one draw of the season's stream, the one his line took before Round 1112 (400 seasons)
  ok   [R] the rival's line is nbaStatLineFor's own, on his form, a starter of his own kind, printed by the player's printer and scored by the one season score (400 seasons replayed)
  ok   [R] the same rival, form, year and draw give the same season, and the rival is left untouched
  ok   [R] a rival's kind is one of his position's own and does not move with his rating or age (15 of 15 kinds met by 8 names at 5 positions, floor 10)
  ok   [R] the All-Star beat never contradicts the two seasons: dealt 875, 901, 912, 893, 942 times (only me 633, 605, 667, 616, 649; only him 161, 177, 152, 170, 169; both 81, 119, 93, 107, 124; neither 0, 0, 0, 0, 0), cards that say or promise something else 0, 0, 0, 0, 0
  ok   [R] the All-Star beat is still dealt in all three of its cases on every seed (floors: only me 360, only him 80, both 50)
  note [R] All-Star seasons, percent of judged years: mine 18.35, 18.46, 18.66, 18.49, 18.15; the rival's 6.68, 6.82, 6.51, 6.83, 6.8. Rivalry beats dealt a seed: 66389, 66703, 66600, 66935, 66591
  ok   [H] Hall of Fame inducted, percent: mean 32.134 (31.3, 32.32, 33.35, 32.42, 31.28) against main's 31.732 (31.7, 31.88, 31.78, 31.75, 31.55), 0.402 apart, allowed 1.14 (a fixed width)
  ok   [H] first ballot, percent: mean 27.798 (27.45, 28.03, 29.1, 27.53, 26.88) against main's 27.562 (27.03, 27.93, 27.83, 27.57, 27.45), 0.236 apart, allowed 1.09 (a fixed width)
  ok   [H] old line careers stamped on calibration 2 in the frozen fixture: 10 (floor 8); read differently today: 0 (none); 2 of them were paid a standout the day they were recorded
  ok   [H] a point guard's points mark: 37400 to 45300 with no game on the new line (Round 1051's 37400 to 45300), 34200 to 42000 at half and half (the midpoint), 31000 to 38700 with every game on it (the ledger's table itself)
  ok   [H] a centre's assists, which only the old line's books list: the full push at 7490 to 8930 with no game on the new line, a push of at most 150 at half and half (must be 150), and no such family with every game on it
  ok   [B6] MVPs a career (sd over careers 0.847): mean 0.318 (0.311, 0.315, 0.34, 0.31, 0.316) against main's 0.315 (0.316, 0.323, 0.31, 0.313, 0.311), 0.004 apart, allowed 0.02 (a fixed width)
  ok   [B6] All-NBA a career (sd over careers 2.388): mean 1.997 (1.967, 2.02, 2.034, 1.999, 1.966) against main's 1.986 (1.972, 2.006, 1.981, 1.987, 1.986), 0.011 apart, allowed 0.058 (a fixed width)
  ok   [B6] All-Defensive a career (sd over careers 2.462): mean 1.367 (1.334, 1.39, 1.372, 1.38, 1.357) against main's 1.356 (1.342, 1.383, 1.357, 1.337, 1.361), 0.011 apart, allowed 0.06 (a fixed width)
  ok   [B6] Finals MVPs a career (sd over careers 0.461): mean 0.154 (0.155, 0.157, 0.155, 0.151, 0.15) against main's 0.152 (0.14, 0.159, 0.153, 0.15, 0.156), 0.002 apart, allowed 0.011 (a fixed width)
  ok   [B6] careers with an MVP, percent, a fence at this round's own rate: mean 18.028 (17.42, 18.05, 19.42, 17.88, 17.37) against what Round 1103 shipped, 17.442 (17.18, 17.07, 17.73, 17.7, 17.53), 0.586 apart, allowed 0.93 (a fixed width)
  note [B6] NOT held at main's: careers with an MVP, percent is 18.03 here against main's 16.55 (16.22, 16.85, 16.27, 16.75, 16.68), 1.47 points more careers for the same awards a career. The new line alone put it at 18.28 (pass A, the old awards block, 18.43, 17.5, 18.03, 19.15, 18.27); the one pass is 0.25 points back toward main from there. The brief's critic asked for main's band; one grade an award cannot give it, and the lead ruled on 2026-10-09 that this is the round's own rate, accepted, with no second lever.
  ok   [B6] careers with an All-NBA, percent, a fence at this round's own rate: mean 62.59 (61.8, 62.95, 62.8, 63.33, 62.07) against what Round 1103 shipped, 61.94 (61.7, 60.98, 62.35, 62.47, 62.2), 0.65 apart, allowed 1.19 (a fixed width)
  note [B6] NOT held at main's: careers with an All-NBA, percent is 62.59 here against main's 58.83 (59.07, 58.88, 58.6, 58.68, 58.93), 3.76 points more careers for the same awards a career. The new line alone put it at 63.52 (pass A, the old awards block, 63.23, 64.2, 63.28, 63.13, 63.77); the one pass is 0.93 points back toward main from there. The brief's critic asked for main's band; one grade an award cannot give it, and the lead ruled on 2026-10-09 that this is the round's own rate, accepted, with no second lever.
  ok   [B0] every award string agrees with the key that names its team (0 seasons off), every Defensive Player is on an All-Defensive team (0 off), every season has a club record that adds up to its length (0 without)
  ok   [B1] MVP seasons: 9547 in the run (at least 300, or the checks on them are empty)
  ok   [B1] Most Improved seasons: 5253 in the run (at least 100, or the checks on them are empty)
  ok   [B1] MVP seasons on a club that missed the playoffs: 0, 0, 0, 0, 0 of 1868, 1887, 2037, 1858, 1897 (main: one in four)
  ok   [B1] MVP seasons off the All-NBA First Team: 0, 0, 0, 0, 0 (main: one in eleven not All-NBA at all)
  ok   [B1] MVP and Most Improved in one season: 0, 0, 0, 0, 0 (main: one MVP season in four)
  ok   [B1] Most Improved after an earlier All-NBA: 0, 0, 0, 0, 0 of 1013, 1050, 1085, 1043, 1062
  ok   [B2] Rookie of the Year seasons: 1337 in the run (at least 60, or the checks on them are empty)
  ok   [B2] Rookie of the Year seasons off the All-Rookie First Team: 0, 0, 0, 0, 0 of 272, 265, 252, 265, 283 (main: every one)
  ok   [B2] All-Rookie outside a first season: 0, 0, 0, 0, 0
  ok   [B2] All-Rookie selections in first seasons: 1314, 1280, 1343, 1333, 1293 (main: none)
  ok   [B2] first seasons on an All-Rookie team: 21.9, 21.3, 22.4, 22.2, 21.6 percent, 21.9 over the run (18 to 26; the real class is 10 of 45, 22 percent; one grade for the class gave 51)
  note [B2] First Team: 485, 474, 468, 497, 461 seasons, median 10.4, 10.7, 10.6, 10.7, 11 points, 7.4, 4.9, 5.8, 7.4, 3 percent bench men. Second Team: 829, 806, 875, 836, 832, median 7, 7, 7.3, 7.2, 7.2 points, 31.1, 31.9, 29.1, 29.8, 28 percent bench men. On a team under 6 points a game: 276, 250, 260, 239, 221
  ok   [B3] seasons from 2023-24 with an award the games rule names: 65702 in the run (at least 2000, or the checks on them are empty)
  ok   [B3] from 2023-24, seasons under the games bar holding an award the rule names: 0, 0, 0, 0, 0 of 12941, 13095, 13446, 13294, 12926
  ok   [B3] before 2023-24 the rule did not exist: 398, 456, 452, 448, 449 seasons under 65 games hold one of those awards (at least 1750 in the run, so "none before" is seen to fire)
  ok   [B3] Sixth Man seasons: 10437 in the run (at least 100, or the checks on them are empty)
  ok   [B3] Sixth Man seasons by a starter: 0, 0, 0, 0, 0 of 2146, 2181, 2027, 2055, 2028
  ok   [B3] seasons under half a schedule holding any award but a Finals MVP: 0, 0, 0, 0, 0
  ok   [B3] drawn, the 2023-24 season itself: 64 games hold a rule award in 0 of 300 draws (must be 0), 65 games in 300 (at least 290)
  ok   [B3] drawn, the season before the rule: 64 games hold a rule award in 300 of 300 draws (at least 290: no games rule yet), 40 of 82 games in 0 (must be 0: the game's own half season floor)
  ok   [B8] Scoring Champion: an average just under its own league leaders' lowest bar (29.90) wins in 0 of 300 draws (must be 0), one just over their highest (35.74) in 300 (must be 300)
  FAIL [B8] Rebounding Champion: an average just under its own league leaders' lowest bar (12.32) wins in 300 of 300 draws (must be 0), one just over their highest (16.22) in 300 (must be 300)
  ok   [B8] Assists Leader: an average just under its own league leaders' lowest bar (10.02) wins in 0 of 300 draws (must be 0), one just over their highest (11.74) in 300 (must be 300)
  ok   [B8] a fan favourite (fanbase 100) on a 6 point season starts the All-Star Game in 145 of 300 draws in 2015-16, when the fans picked alone (at least 60), and in 0 in 2016-17, the first weighted vote (must be 0)
  ok   [B8] the 66 game 2011-12 season asks for its own real minimum, 56 games or 1127 points, 644 rebounds, 321 assists (the rules hold 56, 1127, 644, 321)
  ok   [B8] a full season before 2013-14 asks for 70 games or the total (1,400 points), from 2013-14 for 58 of 82 with no way in on totals, and the 72 game 2020-21 season for 51
  ok   [B8] 2011-12, 34.1 points a game over 40 of 66 games (1364 points, over the 1127 the season asked for): Scoring Champion in 300 of 300 draws (must be 300)
  ok   [B9] the snub card in the summer deck after a season that holds an award: 0, 0, 0, 0, 0 of 1917, 1893, 1908, 1968, 1939 decks that hold it (must be 0)
  ok   [B9] summers where only the award keeps the card out (three seasons in, rated 80, never answered): 1207, 1166, 1269, 1173, 1185 (at least 3500 in the run, or the gate was never asked)
  ok   [B9] the same after an All-Star season: 878, 871, 938, 832, 864 (at least 2500)
  ok   [B9] decks that do hold the card, after a season with no award: 1917, 1893, 1908, 1968, 1939 of 5746, 5723, 5766, 5724, 5736 summers (at least 6500, so the card is still in the game)
  ok   [B4] All-NBA seasons without an All-Star selection: 0, 0, 0, 0, 0
  ok   [B4] All-NBA First Team seasons that did not start the All-Star Game: 0, 0, 0, 0, 0 of 4958, 5081, 5209, 4997, 4936; MVP seasons that did not: 0, 0, 0, 0, 0 (before the gate the League MVP read "All-Star reserve" in 43 percent of MVP seasons); starters are 40 percent of All-Stars (the real game starts 10 of 24, 42 percent)
  ok   [B4] All-Star starters who spent the season on their own club's bench (and were not on the All-NBA First Team): 0, 0, 0, 0, 0 (must be 0; before the gate one starter in 30); bench men picked for the game at all: 167, 158, 189, 159, 159 (must be above zero: the gate is on the vote, not on the selection)
  ok   [B4] All-Star selections a career over All-NBA: 1.60, 1.58, 1.58, 1.60, 1.59, mean 1.59 (1.25 to 2.4; 24 picks against 15 is 1.6); 3.155, 3.182, 3.209, 3.189, 3.127 All-Star a career, 7557, 7660, 7741, 7469, 7501 of them starters
  ok   [B5] All-Defensive a career: every defender above every scorer (the lowest defender, threed, 2.98; the highest scorer, alpha, 0.05)
  ok   [B5] the defenders' mean is 210.5 times the scorers' (at least 3; main: a tenth of it, the wrong way round): pest 4.40, twoway 5.51, threed 2.98, anchor 3.30, scoringpg 0.01, bucket 0.01, sniper 0.00, alpha 0.05, stretch4 0.04, stretch 0.00
  ok   [B6] Rookie of the Year a career: 0.045, 0.044, 0.042, 0.044, 0.047, mean 0.044 (between main's 0.022 and three times it)
  ok   [B6] Scoring Champion a career: 0.167, 0.162, 0.171, 0.163, 0.168 (main 0.468; it moves by design, judged as above zero)
  ok   [B6] Assists Leader a career: 0.05, 0.053, 0.059, 0.052, 0.053 (main 0.123; it moves by design, judged as above zero)
  ok   [B6] Rebounding Champion a career: 0.709, 0.705, 0.76, 0.765, 0.745 (main 0.099; it moves by design, judged as above zero)
  ok   [B6] Sixth Man of the Year a career: 0.358, 0.364, 0.338, 0.343, 0.338 (main 0.334; it moves by design, judged as above zero)
  ok   [B6] Most Improved Player a career: 0.169, 0.175, 0.181, 0.174, 0.177 (main 0.193; it moves by design, judged as above zero)
  ok   [B6] Defensive Player of the Year a career: 0.081, 0.087, 0.087, 0.088, 0.082 (main 0.079; it moves by design, judged as above zero)
  ok   [B6] All-Rookie Team a career: 0.219, 0.213, 0.224, 0.222, 0.216 (main 0.092; it moves by design, judged as above zero)
  ok   [B7] decideNbaAwards draws exactly 9 times for a rookie, a bench player, a short season and a season before 2023 (9, 9, 9, 9)
  ok   [B7] the same input and seed give the same awards, and the input is left untouched
  ok   [E] NBA_FIELD mvp PG: committed 32.92/11.23 against the fleet 32.63/11.16 32.96/11.30 33.01/11.35 32.98/11.26 32.73/11.21 (mean off by at most 0.026 sd, limit 0.08; sd off by at most 1.1 percent, limit 6)
  ok   [E] NBA_FIELD mvp SG: committed 31.95/10.85 against the fleet 32.24/10.97 32.06/10.81 32.18/10.96 32.09/10.79 31.79/10.77 (mean off by at most 0.027 sd, limit 0.08; sd off by at most 1.1 percent, limit 6)
  ok   [E] NBA_FIELD mvp SF: committed 33.67/11.54 against the fleet 33.63/11.54 33.95/11.64 33.68/11.57 33.73/11.53 33.84/11.56 (mean off by at most 0.024 sd, limit 0.08; sd off by at most 0.9 percent, limit 6)
  ok   [E] NBA_FIELD mvp PF: committed 31.75/10.35 against the fleet 31.81/10.41 31.69/10.41 31.83/10.47 31.79/10.27 31.91/10.52 (mean off by at most 0.015 sd, limit 0.08; sd off by at most 1.6 percent, limit 6)
  ok   [E] NBA_FIELD mvp C: committed 32.93/10.95 against the fleet 32.73/10.86 32.90/10.82 33.11/11.00 33.18/11.03 32.92/10.95 (mean off by at most 0.023 sd, limit 0.08; sd off by at most 1.2 percent, limit 6)
  ok   [E] NBA_FIELD defense PG: committed 3.02/1.06 against the fleet 2.99/1.05 3.03/1.08 3.02/1.08 3.03/1.06 3.01/1.06 (mean off by at most 0.027 sd, limit 0.08; sd off by at most 2.0 percent, limit 6)
  ok   [E] NBA_FIELD defense SG: committed 3.34/1.28 against the fleet 3.36/1.30 3.34/1.28 3.34/1.29 3.36/1.28 3.32/1.29 (mean off by at most 0.019 sd, limit 0.08; sd off by at most 1.8 percent, limit 6)
  ok   [E] NBA_FIELD defense SF: committed 4.08/1.38 against the fleet 4.08/1.37 4.10/1.40 4.09/1.38 4.10/1.38 4.09/1.37 (mean off by at most 0.015 sd, limit 0.08; sd off by at most 1.4 percent, limit 6)
  ok   [E] NBA_FIELD defense PF: committed 4.05/1.41 against the fleet 4.07/1.43 4.05/1.42 4.08/1.42 4.07/1.41 4.08/1.43 (mean off by at most 0.022 sd, limit 0.08; sd off by at most 1.7 percent, limit 6)
  ok   [E] NBA_FIELD defense C: committed 5.59/2.08 against the fleet 5.54/2.07 5.58/2.07 5.63/2.08 5.63/2.11 5.59/2.07 (mean off by at most 0.023 sd, limit 0.08; sd off by at most 1.3 percent, limit 6)
  ok   [E] NBA_FIELD production PG: committed 23.1/10.29 against the fleet 22.80/10.23 23.18/10.34 23.12/10.37 23.18/10.32 22.96/10.25 (mean off by at most 0.029 sd, limit 0.08; sd off by at most 0.7 percent, limit 6)
  ok   [E] NBA_FIELD production SG: committed 22.15/9.87 against the fleet 22.37/10.01 22.19/9.83 22.25/9.99 22.32/9.79 21.94/9.81 (mean off by at most 0.022 sd, limit 0.08; sd off by at most 1.4 percent, limit 6)
  ok   [E] NBA_FIELD production SF: committed 23.8/10.59 against the fleet 23.76/10.57 23.95/10.71 23.80/10.60 23.85/10.52 23.90/10.59 (mean off by at most 0.014 sd, limit 0.08; sd off by at most 1.2 percent, limit 6)
  ok   [E] NBA_FIELD production PF: committed 21.9/9.39 against the fleet 21.99/9.47 21.86/9.43 22.05/9.42 22.03/9.35 22.11/9.60 (mean off by at most 0.022 sd, limit 0.08; sd off by at most 2.2 percent, limit 6)
  ok   [E] NBA_FIELD production C: committed 23.15/10.01 against the fleet 22.92/9.93 23.10/9.95 23.34/10.07 23.34/10.11 23.19/10.02 (mean off by at most 0.023 sd, limit 0.08; sd off by at most 1.0 percent, limit 6)
  ok   [E] NBA_FIELD bench: committed 7.71/3.3 against the fleet 7.74/3.32 7.76/3.31 7.71/3.32 7.73/3.35 7.73/3.31 (mean off by at most 0.015 sd, limit 0.08; sd off by at most 1.6 percent, limit 6)
  ok   [E] NBA_FIELD jump: committed -0.01/7.09 against the fleet -0.01/7.06 -0.01/7.11 -0.01/7.11 -0.02/7.09 -0.02/7.08 (mean off by at most 0.001 sd, limit 0.08; sd off by at most 0.4 percent, limit 6)
  ok   [E] NBA_FIELD fans: committed 61.81/24.35 against the fleet 61.39/24.33 61.83/24.41 61.81/24.41 61.64/24.37 62.05/24.32 (mean off by at most 0.017 sd, limit 0.08; sd off by at most 0.3 percent, limit 6)
  ok   [D] nbaSeasonStats.ts and nbaCareerAwards.ts both import from ./awardDecision (comments stripped)
  ok   [D] nbaSeasonStats.ts no longer adds points and rebounds a game itself
  ok   [D] the career's MVP win weight (20) is NBA Front Office's (20)
  ok   [D] NBA Front Office ranks the winner over the better producer on the worst club (true), and stops when the shared score loses its winning term (true)
  ok   [D] the career's MVPs over 400 careers change with the same swap (102 against 2)
  ok   [F] the worked example recomputed through the shared score: production 38.8 (printed 38.8), winning share 0.659 (printed .659), weight 20, total 52.0 (printed 52.0)
  ok   [F] the example's 54-28 club is a playoff club by the engine's record bands (41 to 67 wins) and its 34-48 club is not (17 to 40)
  ok   [F] the help says 65 games from the 2023-24 season, 24 All-Star picks and the fans alone before 2016-17; the real rules are 65, 24 and 2016-17 (the rule table holds 65 from 2023, 24 and 2016)
  ok   [F] the page says the Trophy Case holds 23 badges; NBA_BADGES has 23
  ok   [F] the page hands the award rules to its "?"
  ok   [F] no em or en dash in the help rules
  note [F] the guide for /nba-my-career still says, and its owner owes the change: nothing stale
  ok   [K] the Trophy Case tile counts the rings plus every award on the seasons, so it reads Empty only over an empty case: 0 of 30000 careers off
  ok   [K] careers whose only awards are the lesser ones (no ring, MVP, All-NBA or All-Star), the ones the tile read Empty for: 447, 405, 389, 424, 438 a seed (floor 230)
  ok   [T] NBA: 57542 near tie notes, each naming the leader the tally gives (you lead 26390, he leads 25172, level 5980, unreadable 0)
  ok   [T] NBA: all three ways a near tie can read turn up (floor 200 each over the run)
  ok   [T] NFL: 3952 near tie notes, each naming the leader the tally gives (you lead 1313, he leads 2254, level 385, unreadable 0)
  ok   [T] NFL: all three ways a near tie can read turn up (floor 200 each over the run)
  ok   [T] MLB: 4115 near tie notes, each naming the leader the tally gives (you lead 1832, he leads 1862, level 421, unreadable 0)
  ok   [T] MLB: all three ways a near tie can read turn up (floor 200 each over the run)
  ok   [T] NHL: 5626 near tie notes, each naming the leader the tally gives (you lead 3588, he leads 1506, level 532, unreadable 0)
  ok   [T] NHL: all three ways a near tie can read turn up (floor 200 each over the run)
  note [P] the before and after proof: not judged in a plain run (SENSE_PROVE_AGAINST=<commit> plays both trees)
  note [C] other sports: not judged in a plain run (SENSE_PROVE_OTHERS=1 judges the hashes)
  note [C, printed for the legacy recalibration round] NFL: 9 seasons won MVP over 2500 careers; 1 of them (11.1 percent) on a club that missed the playoffs, 2 (22.2 percent) without that season's All-Pro
  note [C, printed for the legacy recalibration round] MLB: 42 seasons won MVP or Cy Young over 2500 careers; 21 of them (50.0 percent) on a club that missed the playoffs, 3 (7.1 percent) without that season's All-Star
  note [C, printed for the legacy recalibration round] NHL: 169 seasons won Hart or Norris or Vezina over 2500 careers; 47 of them (27.8 percent) on a club that missed the playoffs, 23 (13.6 percent) without that season's All-Star

control titlebar: FIRED, red in B8 (must: B8) and nowhere else
simNbaAwardsSense: 158 checks, 1 failed (full size, control titlebar), 155s
