fixture: 5496 rows of 2026 (name, nationality, club and value as pulled); position and age real for 2497, drawn for 2999
   row 900 is worth 15M, row 2000 5M; in the top 2,000 the position is real for 1360
NEGATIVE CONTROL ON: the storm ignores the floor
1) the pool is the top 2,000 in two pages, and the old 900 are still its first 900
   before: 900 players from 900 rows; after: 2000 players from 2000 rows, asked for as 0+1000 and 1000+1000
   the cheapest man: 15M before, 5M after; the storm floor is 15M in both
2) the gold zones give what they gave: the top of the pool did not move
   wildcard identical at 11 of 11 slots; wonderkids keep every name at 11 of 11 and gain names at 1 where the old pool ran short of eight
3) the storm did not get worse
  FAIL: storm at GK: its five tiles averaged 78.2 and now average 72.0
  FAIL: storm at GK offers a man under the 15M floor
  FAIL: storm at RB: its five tiles averaged 78.2 and now average 72.0
  FAIL: storm at RB offers a man under the 15M floor
  FAIL: storm at CB: its five tiles averaged 77.8 and now average 75.0
  FAIL: storm at CB offers a man under the 15M floor
  FAIL: storm at CB: its five tiles averaged 77.8 and now average 75.0
  FAIL: storm at CB offers a man under the 15M floor
  FAIL: storm at LB: its five tiles averaged 78.2 and now average 73.2
  FAIL: storm at LB offers a man under the 15M floor
  FAIL: storm at CM: its five tiles averaged 77.0 and now average 73.2
  FAIL: storm at CM offers a man under the 15M floor
  FAIL: storm at CM: its five tiles averaged 77.0 and now average 73.2
  FAIL: storm at CM offers a man under the 15M floor
  FAIL: storm at CM: its five tiles averaged 77.0 and now average 73.2
  FAIL: storm at CM offers a man under the 15M floor
  FAIL: storm at RW: its five tiles averaged 77.0 and now average 73.4
  FAIL: storm at RW offers a man under the 15M floor
  FAIL: storm at ST: its five tiles averaged 79.0 and now average 74.2
  FAIL: storm at ST offers a man under the 15M floor
  FAIL: storm at LW: its five tiles averaged 77.0 and now average 72.6
  FAIL: storm at LW offers a man under the 15M floor
   cheapest storm tile before>after, and what the deeper pool would have handed out: GK 15M>5M (5M with no floor), RB 15M>5M (5M with no floor), CB 15M>5M (5M with no floor), LB 15M>5M (5M with no floor), CM 15M>5M (5M with no floor), RW 15M>5M (5M with no floor), ST 15M>5M (5M with no floor), LW 16M>5M (5M with no floor)
   the five storm tiles' average rating fell by 4.29 a slot on average (6.20 at the worst slot); 11 slots fell by more than a point
4) a country hit keeps its best four and reaches deeper for the rest
   739 country and slot pairs have real players; 211 of them run deeper than eight
   names a country hit could show: 3232 before, 5110 after 30 hits each (1.58x)
5) the mystery zone is where the deeper pool shows
   names the three could be, summed over the 11 slots: 1878 before, 4078 after
   the best of the three is rated 83.3 on average before (median 83), 81.2 after (median 81)
6) The Machine is the opponent it was
   The Machine's XI is rated 86.81 on average before (median 87), 86.80 after (median 87)
7) 2000 whole drafts a model, before and after, graded by the game's own functions
   the twelve dearest nations: France, Spain, United Kingdom, Brazil, Germany, Argentina, Portugal, Netherlands, Italy, Norway, Sweden, Côte d'Ivoire
   sharp thrower, best pick, before: XI 86.99 on average, median 87 (S); grades F 0, D 0, C 0, B 0, A 153, S 1847
   sharp thrower, best pick, after: XI 87.00 on average, median 87 (S); grades F 0, D 0, C 0, B 0, A 134, S 1866
   sharp thrower, random pick, before: XI 80.95 on average, median 81 (A); grades F 0, D 0, C 0, B 63, A 1842, S 95
   sharp thrower, random pick, after: XI 79.22 on average, median 79 (A); grades F 0, D 0, C 0, B 434, A 1540, S 26
   land thrower, best pick, before: XI 73.78 on average, median 74 (B); grades F 0, D 3, C 214, B 1536, A 247, S 0
   land thrower, best pick, after: XI 73.57 on average, median 74 (B); grades F 0, D 2, C 253, B 1537, A 208, S 0
   land thrower, random pick, before: XI 69.84 on average, median 70 (B); grades F 0, D 34, C 828, B 1127, A 11, S 0
   land thrower, random pick, after: XI 69.37 on average, median 70 (B); grades F 0, D 57, C 911, B 1024, A 8, S 0
   any thrower, best pick, before: XI 51.42 on average, median 51 (F); grades F 1325, D 619, C 56, B 0, A 0, S 0
   any thrower, best pick, after: XI 51.50 on average, median 51 (F); grades F 1319, D 615, C 64, B 2, A 0, S 0
   any thrower, random pick, before: XI 50.05 on average, median 50 (F); grades F 1524, D 452, C 24, B 0, A 0, S 0
   any thrower, random pick, after: XI 49.88 on average, median 50 (F); grades F 1586, D 392, C 22, B 0, A 0, S 0
8) clubs the league lookup does not know
   pool players at a club the lookup does not know: 0.9% of the old 900, 10.2% of the 2000
   players a country hit reads (the top 120 of each nation): 4087, 44.0% at a club the lookup does not know
   before: 8000 aimed drafts carry 1.94 such players each; in 19.9% of them the chemistry bonus counts unknown clubs as one league (1.75 rating points when it does)
   after: 8000 aimed drafts carry 2.23 such players each; in 24.4% of them the chemistry bonus counts unknown clubs as one league (1.87 rating points when it does)

simDartDraftPool control nofloor: fired, 22 failure(s) above. Exit 1 is the expected result.
