2026-10-01 | Hot Seat FC Nordsjælland, 4 matches, survived 7/7, run 3b2fec8c910f5525 | Deadline Day Bayern Munich opened df7aeede89b02624 state 610f5a3b70bfd320
2026-10-02 | Hot Seat Lausanne-Sport, 5 matches, survived 7/7, run c1b6756baa6d9e10 | Deadline Day Bayer Leverkusen opened 169318804bac8940 state ba3469dba5fcdcf0
2026-10-03 | Hot Seat Inter Miami, 5 matches, sacked 6/8, run 949924269ad7c5f0 | Deadline Day Everton opened f5fbbd2e344e9740 state f4d9cee1a154c132
2026-10-04 | Hot Seat Hull City, 5 matches, sacked 1/3, run fecca0dcb76e7036 | Deadline Day Orlando City opened ad50fa70160b2664 state 5f2a29b77d7c4b44
2026-10-05 | Hot Seat Bristol City, 5 matches, survived 7/6, run cc9eb8f2b8686900 | Deadline Day Porto opened eb2039cdde1a6991 state d85d6fd2e3ac410f
2026-10-06 | Hot Seat Heerenveen, 4 matches, survived 6/5, run e6a61874c70932b1 | Deadline Day Tottenham opened dd4dbdb7ddbbb6db state ad196bc517fe4c4d
2026-10-07 | Hot Seat Gladbach, 2 matches, survived 3/3, run f008eb21a13282b8 | Deadline Day Bahia opened 7f5b648a9a2bdf2e state f6fa94c495a37565
2026-10-08 | Hot Seat Portland Timbers, 5 matches, sacked 4/5, run a6ca901684c44052 | Deadline Day Sheffield United opened 7fcc751f915660ae state 548dd62688ff23ba
2026-10-09 | Hot Seat Newcastle, 3 matches, survived 6/5, run 2213972717e9b4ec | Deadline Day Heerenveen opened 7672cff86a47a5fc state 84e62976b0c13787
2026-10-10 | Hot Seat Athletic Club, 5 matches, survived 9/8, run 6f5b6c5611496a0f | Deadline Day Rangers opened e1647c4edc6f31b3 state 887e05cd4e088154
2026-10-11 | Hot Seat Young Boys, 4 matches, sacked 0/8, run 7a1b6147fe6d67b5 | Deadline Day Borussia Dortmund opened 19ac52738db4ec85 state 33c74312f07dc7e2
2026-10-12 | Hot Seat Westerlo, 3 matches, survived 5/5, run 8c12513202f4326a | Deadline Day Atalanta opened 7600c4b9aa808759 state 2c4d6539778597e7
2026-10-13 | Hot Seat Celta Vigo, 6 matches, sacked 2/3, run 7c62ec0207a1ebcf | Deadline Day Trabzonspor opened 82cfaefb26743f19 state 467bf88eb7f54cef
2026-10-14 | Hot Seat Monza, 5 matches, sacked 0/3, run fdb29be6767e47f5 | Deadline Day PAOK opened 0b5318fe620e7bb5 state 401e582c828edbc0
2026-10-15 | Hot Seat Osasuna, 1 matches, survived 3/3, run 543a582d9f700b08 | Deadline Day St. Pauli opened a12ace231490cde9 state 0e408acf8ff403c7
2026-10-16 | Hot Seat Cruz Azul, 3 matches, survived 7/6, run 8bbd1a2a60c5b21a | Deadline Day Nice opened 9ee09c99e7c01866 state 74d8983816184529
2026-10-17 | Hot Seat Trabzonspor, 5 matches, survived 9/7, run b104ceb734d62edf | Deadline Day Valencia opened 297ec83bf4d884b2 state 5865ab2be140d0ef
2026-10-18 | Hot Seat Al-Ahli, 4 matches, survived 12/10, run 143427318f8c9e19 | Deadline Day Nottingham Forest opened 791daf147cbf37a5 state 74b7ce69f75ff445
2026-10-19 | Hot Seat Hamburg, 3 matches, survived 4/4, run 48053effb354d163 | Deadline Day Cruzeiro opened d1cc645e7ff4e712 state c1d5fd5a7d085694
2026-10-20 | Hot Seat Toulouse, 2 matches, survived 6/5, run 7d193e84380d6873 | Deadline Day Monterrey opened 676f4dfbf271d9f1 state 9c674afbed5f921e
2026-10-21 | Hot Seat Anderlecht, 5 matches, survived 9/7, run 46ffc68a07399c1f | Deadline Day Como opened 763fed4f519870df state 2794148f24b63567
Hot Seat: 21 of 21 dates equal to origin/main c623e77d (deal, every match, verdict, the whole run hashed); 3 matches in them went to penalties
Deadline Day: 21 of 21 dates equal (deal, opening save, grade)

digests: all checks passed
