Prepared real playing, newspaper and summary states from attempt 0.
Retained actual engine bundle, every attempt and 93 declared asset payloads.
[36mvite v5.4.21 [32mbuilding for production...[36m[39m
transforming...
Browserslist: browsers data (caniuse-lite) is 16 months old. Please run:
  npx update-browserslist-db@latest
  Why you should do it regularly: https://github.com/browserslist/update-db#readme
[32m✓[39m 3368 modules transformed.
rendering chunks...
computing gzip size...
[2msoccer-hub-grid-artifacts/old-nesting-build/[22m[32mindex.html                                       [39m[1m[2m   31.73 kB[22m[1m[22m[2m │ gzip:  11.40 kB[22m
[2msoccer-hub-grid-artifacts/old-nesting-build/[22m[2massets/[22m[32mcollegeGridJudge-BnVqn2Y8.json            [39m[1m[2m  542.05 kB[22m[1m[22m[2m │ gzip: 137.17 kB[22m
[2msoccer-hub-grid-artifacts/old-nesting-build/[22m[2massets/[22m[32mcollegeGridSearch-Bs7o3gLM.json           [39m[1m[2m  599.14 kB[22m[1m[22m[2m │ gzip: 205.33 kB[22m
[2msoccer-hub-grid-artifacts/old-nesting-build/[22m[2massets/[22m[35mInboxCard-DDfoldLS.css                    [39m[1m[2m    0.31 kB[22m[1m[22m[2m │ gzip:   0.22 kB[22m
[2msoccer-hub-grid-artifacts/old-nesting-build/[22m[2massets/[22m[35mStaffScreen-DA5KNI2w.css                  [39m[1m[2m    0.34 kB[22m[1m[22m[2m │ gzip:   0.22 kB[22m
[2msoccer-hub-grid-artifacts/old-nesting-build/[22m[2massets/[22m[35mPuckDetective-CNwlavUM.css                [39m[1m[2m    0.46 kB[22m[1m[22m[2m │ gzip:   0.24 kB[22m
[2msoccer-hub-grid-artifacts/old-nesting-build/[22m[2massets/[22m[35mMlbFrontOffice-CBF51_-Q.css               [39m[1m[2m    0.46 kB[22m[1m[22m[2m │ gzip:   0.26 kB[22m
[2msoccer-hub-grid-artifacts/old-nesting-build/[22m[2massets/[22m[35mFreeKick-Db_P_VAd.css                     [39m[1m[2m    0.48 kB[22m[1m[22m[2m │ gzip:   0.26 kB[22m
[2msoccer-hub-grid-artifacts/old-nesting-build/[22m[2massets/[22m[35mChainLinkMotion-CvpbwvEe.css              [39m[1m[2m    0.51 kB[22m[1m[22m[2m │ gzip:   0.27 kB[22m
[2msoccer-hub-grid-artifacts/old-nesting-build/[22m[2massets/[22m[35mFantasyDraft-BBpfFIJM.css                 [39m[1m[2m    0.51 kB[22m[1m[22m[2m │ gzip:   0.21 kB[22m
[2msoccer-hub-grid-artifacts/old-nesting-build/[22m[2massets/[22m[35mF1Constructor-ZNfpvwdP.css                [39m[1m[2m    0.54 kB[22m[1m[22m[2m │ gzip:   0.27 kB[22m
[2msoccer-hub-grid-artifacts/old-nesting-build/[22m[2massets/[22m[35mTrainingPanel-vaffBj46.css                [39m[1m[2m    0.59 kB[22m[1m[22m[2m │ gzip:   0.32 kB[22m
[2msoccer-hub-grid-artifacts/old-nesting-build/[22m[2massets/[22m[35mGuessTheNation-BPrjB6wp.css               [39m[1m[2m    0.61 kB[22m[1m[22m[2m │ gzip:   0.29 kB[22m
[2msoccer-hub-grid-artifacts/old-nesting-build/[22m[2massets/[22m[35mListQuiz-CfGTEzvO.css                     [39m[1m[2m    0.63 kB[22m[1m[22m[2m │ gzip:   0.33 kB[22m
[2msoccer-hub-grid-artifacts/old-nesting-build/[22m[2massets/[22m[35mThroughBallBoard-gTKr9BrC.css             [39m[1m[2m    0.67 kB[22m[1m[22m[2m │ gzip:   0.35 kB[22m
[2msoccer-hub-grid-artifacts/old-nesting-build/[22m[2massets/[22m[35mNbaChain-COMs1moS.css                     [39m[1m[2m    0.74 kB[22m[1m[22m[2m │ gzip:   0.37 kB[22m
[2msoccer-hub-grid-artifacts/old-nesting-build/[22m[2massets/[22m[35mBudgetBuilder-BMPKocqF.css                [39m[1m[2m    0.74 kB[22m[1m[22m[2m │ gzip:   0.33 kB[22m
[2msoccer-hub-grid-artifacts/old-nesting-build/[22m[2massets/[22m[35mGuessTennisPlayer-BJV-i7my.css            [39m[1m[2m    0.77 kB[22m[1m[22m[2m │ gzip:   0.39 kB[22m
[2msoccer-hub-grid-artifacts/old-nesting-build/[22m[2massets/[22m[35mGuessNascarDriver-B4spQIn2.css            [39m[1m[2m    0.77 kB[22m[1m[22m[2m │ gzip:   0.38 kB[22m
[2msoccer-hub-grid-artifacts/old-nesting-build/[22m[2massets/[22m[35mGuessCbbTeam-BcTI5nvh.css                 [39m[1m[2m    0.77 kB[22m[1m[22m[2m │ gzip:   0.39 kB[22m
[2msoccer-hub-grid-artifacts/old-nesting-build/[22m[2massets/[22m[35mBallIq-BjxfiyZ_.css                       [39m[1m[2m    0.78 kB[22m[1m[22m[2m │ gzip:   0.39 kB[22m
[2msoccer-hub-grid-artifacts/old-nesting-build/[22m[2massets/[22m[35mMysteryBox-6MFZ-n4f.css                   [39m[1m[2m    0.78 kB[22m[1m[22m[2m │ gzip:   0.37 kB[22m
[2msoccer-hub-grid-artifacts/old-nesting-build/[22m[2massets/[22m[35mEmojiGuess-MeLdLiyY.css                   [39m[1m[2m    0.83 kB[22m[1m[22m[2m │ gzip:   0.37 kB[22m
[2msoccer-hub-grid-artifacts/old-nesting-build/[22m[2massets/[22m[35mSearchAndDiscard-Bk7mANi4.css             [39m[1m[2m    0.83 kB[22m[1m[22m[2m │ gzip:   0.40 kB[22m
[2msoccer-hub-grid-artifacts/old-nesting-build/[22m[2massets/[22m[35mNbaStatLine-DajvjVkC.css                  [39m[1m[2m    0.85 kB[22m[1m[22m[2m │ gzip:   0.39 kB[22m
[2msoccer-hub-grid-artifacts/old-nesting-build/[22m[2massets/[22m[35mMissingNine-BLGcLOj1.css                  [39m[1m[2m    0.88 kB[22m[1m[22m[2m │ gzip:   0.42 kB[22m
[2msoccer-hub-grid-artifacts/old-nesting-build/[22m[2massets/[22m[35mF1Driver-DhrxUQx4.css                     [39m[1m[2m    0.94 kB[22m[1m[22m[2m │ gzip:   0.47 kB[22m
[2msoccer-hub-grid-artifacts/old-nesting-build/[22m[2massets/[22m[35mQuizBoard-CBcAEXDf.css                    [39m[1m[2m    1.02 kB[22m[1m[22m[2m │ gzip:   0.44 kB[22m
[2msoccer-hub-grid-artifacts/old-nesting-build/[22m[2massets/[22m[35mStatDetective-D6N_cvHt.css                [39m[1m[2m    1.08 kB[22m[1m[22m[2m │ gzip:   0.42 kB[22m
[2msoccer-hub-grid-artifacts/old-nesting-build/[22m[2massets/[22m[35musePracticeClock-ClTOd3XX.css             [39m[1m[2m    1.09 kB[22m[1m[22m[2m │ gzip:   0.37 kB[22m
[2msoccer-hub-grid-artifacts/old-nesting-build/[22m[2massets/[22m[35mGridCellLayout-D70wq1lC.css               [39m[1m[2m    1.19 kB[22m[1m[22m[2m │ gzip:   0.50 kB[22m
[2msoccer-hub-grid-artifacts/old-nesting-build/[22m[2massets/[22m[35mRankEm-Bxuyan4v.css                       [39m[1m[2m    1.33 kB[22m[1m[22m[2m │ gzip:   0.63 kB[22m
[2msoccer-hub-grid-artifacts/old-nesting-build/[22m[2massets/[22m[35mClueAuction-D9aFrid-.css                  [39m[1m[2m    1.42 kB[22m[1m[22m[2m │ gzip:   0.58 kB[22m
[2msoccer-hub-grid-artifacts/old-nesting-build/[22m[2massets/[22m[35mSetPieceBoard-BIg86Bhl.css                [39m[1m[2m    1.50 kB[22m[1m[22m[2m │ gzip:   0.61 kB[22m
[2msoccer-hub-grid-artifacts/old-nesting-build/[22m[2massets/[22m[35mGmTradeBuilder-CsXt162F.css               [39m[1m[2m    1.61 kB[22m[1m[22m[2m │ gzip:   0.48 kB[22m
[2msoccer-hub-grid-artifacts/old-nesting-build/[22m[2massets/[22m[35mNhlFrontOffice-Ce_3hBzp.css               [39m[1m[2m    2.66 kB[22m[1m[22m[2m │ gzip:   0.99 kB[22m
[2msoccer-hub-grid-artifacts/old-nesting-build/[22m[2massets/[22m[35mArcadeShotFeedback--eiU5Aah.css           [39m[1m[2m    2.94 kB[22m[1m[22m[2m │ gzip:   0.97 kB[22m
[2msoccer-hub-grid-artifacts/old-nesting-build/[22m[2massets/[22m[35mPitchSurface-BrcOvsZb.css                 [39m[1m[2m    3.11 kB[22m[1m[22m[2m │ gzip:   0.94 kB[22m
[2msoccer-hub-grid-artifacts/old-nesting-build/[22m[2massets/[22m[35mFootle-pT74gEft.css                       [39m[1m[2m    3.20 kB[22m[1m[22m[2m │ gzip:   1.02 kB[22m
[2msoccer-hub-grid-artifacts/old-nesting-build/[22m[2massets/[22m[35mLiveSimScreen-CutcJFZR.css                [39m[1m[2m    3.70 kB[22m[1m[22m[2m │ gzip:   1.15 kB[22m
[2msoccer-hub-grid-artifacts/old-nesting-build/[22m[2massets/[22m[35mAussieRulesManager-zdcvwuMp.css           [39m[1m[2m    4.10 kB[22m[1m[22m[2m │ gzip:   1.18 kB[22m
[2msoccer-hub-grid-artifacts/old-nesting-build/[22m[2massets/[22m[35musCareerSeasonReview-CstHycFO.css         [39m[1m[2m    8.78 kB[22m[1m[22m[2m │ gzip:   2.62 kB[22m
[2msoccer-hub-grid-artifacts/old-nesting-build/[22m[2massets/[22m[35mSportHub-wXzienJm.css                     [39m[1m[2m    9.45 kB[22m[1m[22m[2m │ gzip:   2.42 kB[22m
[2msoccer-hub-grid-artifacts/old-nesting-build/[22m[2massets/[22m[35mindex-BRsZ8W5T.css                        [39m[1m[2m  196.95 kB[22m[1m[22m[2m │ gzip:  32.53 kB[22m
[2msoccer-hub-grid-artifacts/old-nesting-build/[22m[2massets/[22m[36mfirstDraw-DhshXfEx.js                     [39m[1m[2m    0.10 kB[22m[1m[22m[2m │ gzip:   0.10 kB[22m
[2msoccer-hub-grid-artifacts/old-nesting-build/[22m[2massets/[22m[36mChainLinkMotion.module-CU3oOeKl.js        [39m[1m[2m    0.12 kB[22m[1m[22m[2m │ gzip:   0.11 kB[22m
[2msoccer-hub-grid-artifacts/old-nesting-build/[22m[2massets/[22m[36mdialogA11y-BCgxbiii.js                    [39m[1m[2m    0.15 kB[22m[1m[22m[2m │ gzip:   0.13 kB[22m
[2msoccer-hub-grid-artifacts/old-nesting-build/[22m[2massets/[22m[36mformatNumber-CGuttX8h.js                  [39m[1m[2m    0.15 kB[22m[1m[22m[2m │ gzip:   0.15 kB[22m
[2msoccer-hub-grid-artifacts/old-nesting-build/[22m[2massets/[22m[36mskeleton-BOz6Jdxu.js                      [39m[1m[2m    0.17 kB[22m[1m[22m[2m │ gzip:   0.16 kB[22m
[2msoccer-hub-grid-artifacts/old-nesting-build/[22m[2massets/[22m[36mclubManagerClock-C1EiWjUJ.js              [39m[1m[2m    0.25 kB[22m[1m[22m[2m │ gzip:   0.16 kB[22m
[2msoccer-hub-grid-artifacts/old-nesting-build/[22m[2massets/[22m[36mkeyedRng-BKZQ2UGv.js                      [39m[1m[2m    0.25 kB[22m[1m[22m[2m │ gzip:   0.21 kB[22m
[2msoccer-hub-grid-artifacts/old-nesting-build/[22m[2massets/[22m[36mnameFold-Cxobkrgg.js                      [39m[1m[2m    0.26 kB[22m[1m[22m[2m │ gzip:   0.24 kB[22m
[2msoccer-hub-grid-artifacts/old-nesting-build/[22m[2massets/[22m[36mcareerHeadroom-B6hg86bq.js                [39m[1m[2m    0.26 kB[22m[1m[22m[2m │ gzip:   0.19 kB[22m
[2msoccer-hub-grid-artifacts/old-nesting-build/[22m[2massets/[22m[36mvalidationReason-Bdi7tqty.js              [39m[1m[2m    0.26 kB[22m[1m[22m[2m │ gzip:   0.18 kB[22m
[2msoccer-hub-grid-artifacts/old-nesting-build/[22m[2massets/[22m[36mensureAnswerInOptions-ip2BqsWb.js         [39m[1m[2m    0.27 kB[22m[1m[22m[2m │ gzip:   0.15 kB[22m
[2msoccer-hub-grid-artifacts/old-nesting-build/[22m[2massets/[22m[36mseoMetaPart08-IZEXs0WU.js                 [39m[1m[2m    0.27 kB[22m[1m[22m[2m │ gzip:   0.22 kB[22m
[2msoccer-hub-grid-artifacts/old-nesting-build/[22m[2massets/[22m[36mnotCurrentPlayers-monyGCOh.js             [39m[1m[2m    0.28 kB[22m[1m[22m[2m │ gzip:   0.24 kB[22m
[2msoccer-hub-grid-artifacts/old-nesting-build/[22m[2massets/[22m[36mchevron-down-cSFW8PVm.js                  [39m[1m[2m    0.29 kB[22m[1m[22m[2m │ gzip:   0.24 kB[22m
[2msoccer-hub-grid-artifacts/old-nesting-build/[22m[2massets/[22m[36mchevron-up-C5bIQTSJ.js                    [39m[1m[2m    0.29 kB[22m[1m[22m[2m │ gzip:   0.24 kB[22m
[2msoccer-hub-grid-artifacts/old-nesting-build/[22m[2massets/[22m[36msoccerBootIds-BWkyFIXk.js                 [39m[1m[2m    0.29 kB[22m[1m[22m[2m │ gzip:   0.20 kB[22m
[2msoccer-hub-grid-artifacts/old-nesting-build/[22m[2massets/[22m[36museOwnedTimeouts-EEVdiNTl.js              [39m[1m[2m    0.29 kB[22m[1m[22m[2m │ gzip:   0.22 kB[22m
[2msoccer-hub-grid-artifacts/old-nesting-build/[22m[2massets/[22m[36museScrollToGame-DtH6WyV8.js               [39m[1m[2m    0.30 kB[22m[1m[22m[2m │ gzip:   0.24 kB[22m
[2msoccer-hub-grid-artifacts/old-nesting-build/[22m[2massets/[22m[36marcadeRecord-Ccbsg8hp.js                  [39m[1m[2m    0.31 kB[22m[1m[22m[2m │ gzip:   0.23 kB[22m
[2msoccer-hub-grid-artifacts/old-nesting-build/[22m[2massets/[22m[36marrow-down-CfmA8kIi.js                    [39m[1m[2m    0.33 kB[22m[1m[22m[2m │ gzip:   0.26 kB[22m
[2msoccer-hub-grid-artifacts/old-nesting-build/[22m[2massets/[22m[36marrow-up-Di4snIE7.js                      [39m[1m[2m    0.33 kB[22m[1m[22m[2m │ gzip:   0.26 kB[22m
[2msoccer-hub-grid-artifacts/old-nesting-build/[22m[2massets/[22m[36mGridCellLayout.module-BrZZmB8D.js         [39m[1m[2m    0.33 kB[22m[1m[22m[2m │ gzip:   0.23 kB[22m
[2msoccer-hub-grid-artifacts/old-nesting-build/[22m[2massets/[22m[36marrow-left-ByA-r6FK.js                    [39m[1m[2m    0.33 kB[22m[1m[22m[2m │ gzip:   0.27 kB[22m
[2msoccer-hub-grid-artifacts/old-nesting-build/[22m[2massets/[22m[36mclock-BGccx-qh.js                         [39m[1m[2m    0.35 kB[22m[1m[22m[2m │ gzip:   0.27 kB[22m
[2msoccer-hub-grid-artifacts/old-nesting-build/[22m[2massets/[22m[36mskip-forward-DsrGZMLA.js                  [39m[1m[2m    0.36 kB[22m[1m[22m[2m │ gzip:   0.29 kB[22m
[2msoccer-hub-grid-artifacts/old-nesting-build/[22m[2massets/[22m[36mfast-forward-CM5rYX69.js                  [39m[1m[2m    0.37 kB[22m[1m[22m[2m │ gzip:   0.28 kB[22m
[2msoccer-hub-grid-artifacts/old-nesting-build/[22m[2massets/[22m[36mrotate-ccw--G14_L5I.js                    [39m[1m[2m    0.37 kB[22m[1m[22m[2m │ gzip:   0.29 kB[22m
[2msoccer-hub-grid-artifacts/old-nesting-build/[22m[2massets/[22m[36mtrending-up-Dl95b54B.js                   [39m[1m[2m    0.37 kB[22m[1m[22m[2m │ gzip:   0.28 kB[22m
[2msoccer-hub-grid-artifacts/old-nesting-build/[22m[2massets/[22m[36mlock-uxnCyLdg.js                          [39m[1m[2m    0.38 kB[22m[1m[22m[2m │ gzip:   0.30 kB[22m
[2msoccer-hub-grid-artifacts/old-nesting-build/[22m[2massets/[22m[36mtrending-down-UmalICHa.js                 [39m[1m[2m    0.38 kB[22m[1m[22m[2m │ gzip:   0.28 kB[22m
[2msoccer-hub-grid-artifacts/old-nesting-build/[22m[2massets/[22m[36minfinity-CTVWnGgb.js                      [39m[1m[2m    0.38 kB[22m[1m[22m[2m │ gzip:   0.29 kB[22m
[2msoccer-hub-grid-artifacts/old-nesting-build/[22m[2massets/[22m[36mflag-DXgtb9wx.js                          [39m[1m[2m    0.39 kB[22m[1m[22m[2m │ gzip:   0.31 kB[22m
[2msoccer-hub-grid-artifacts/old-nesting-build/[22m[2massets/[22m[36mbriefcase-DXeC3Kxa.js                     [39m[1m[2m    0.39 kB[22m[1m[22m[2m │ gzip:   0.30 kB[22m
[2msoccer-hub-grid-artifacts/old-nesting-build/[22m[2massets/[22m[36mtarget-DupnyxmE.js                        [39m[1m[2m    0.40 kB[22m[1m[22m[2m │ gzip:   0.27 kB[22m
[2msoccer-hub-grid-artifacts/old-nesting-build/[22m[2massets/[22m[36mshareGrids-BBcTDnrG.js                    [39m[1m[2m    0.40 kB[22m[1m[22m[2m │ gzip:   0.29 kB[22m
[2msoccer-hub-grid-artifacts/old-nesting-build/[22m[2massets/[22m[36mcopy-DKROQ9-L.js                          [39m[1m[2m    0.41 kB[22m[1m[22m[2m │ gzip:   0.31 kB[22m
[2msoccer-hub-grid-artifacts/old-nesting-build/[22m[2massets/[22m[36mcircle-help-CL7YuvwF.js                   [39m[1m[2m    0.41 kB[22m[1m[22m[2m │ gzip:   0.30 kB[22m
[2msoccer-hub-grid-artifacts/old-nesting-build/[22m[2massets/[22m[36mtimer-Co7AHGaU.js                         [39m[1m[2m    0.41 kB[22m[1m[22m[2m │ gzip:   0.29 kB[22m
[2msoccer-hub-grid-artifacts/old-nesting-build/[22m[2massets/[22m[36mlink-2-DONsFO-h.js                        [39m[1m[2m    0.41 kB[22m[1m[22m[2m │ gzip:   0.31 kB[22m
[2msoccer-hub-grid-artifacts/old-nesting-build/[22m[2massets/[22m[36marrow-left-right-eeGiOUd_.js              [39m[1m[2m    0.42 kB[22m[1m[22m[2m │ gzip:   0.30 kB[22m
[2msoccer-hub-grid-artifacts/old-nesting-build/[22m[2massets/[22m[36meye-BRLiErQA.js                           [39m[1m[2m    0.43 kB[22m[1m[22m[2m │ gzip:   0.31 kB[22m
[2msoccer-hub-grid-artifacts/old-nesting-build/[22m[2massets/[22m[36mcalendar-Ci9ubSn_.js                      [39m[1m[2m    0.43 kB[22m[1m[22m[2m │ gzip:   0.30 kB[22m
[2msoccer-hub-grid-artifacts/old-nesting-build/[22m[2massets/[22m[36mzap-BG4G36On.js                           [39m[1m[2m    0.43 kB[22m[1m[22m[2m │ gzip:   0.31 kB[22m
[2msoccer-hub-grid-artifacts/old-nesting-build/[22m[2massets/[22m[36mlightbulb-uXcdaON7.js                     [39m[1m[2m    0.46 kB[22m[1m[22m[2m │ gzip:   0.33 kB[22m
[2msoccer-hub-grid-artifacts/old-nesting-build/[22m[2massets/[22m[36msend-IP2MwIKq.js                          [39m[1m[2m    0.46 kB[22m[1m[22m[2m │ gzip:   0.33 kB[22m
[2msoccer-hub-grid-artifacts/old-nesting-build/[22m[2massets/[22m[36musers-BIFRc3ZE.js                         [39m[1m[2m    0.47 kB[22m[1m[22m[2m │ gzip:   0.33 kB[22m
[2msoccer-hub-grid-artifacts/old-nesting-build/[22m[2massets/[22m[36mshield-half-BGqwHFci.js                   [39m[1m[2m    0.48 kB[22m[1m[22m[2m │ gzip:   0.35 kB[22m
[2msoccer-hub-grid-artifacts/old-nesting-build/[22m[2massets/[22m[36marcade-CUT7KVjC.js                        [39m[1m[2m    0.49 kB[22m[1m[22m[2m │ gzip:   0.32 kB[22m
[2msoccer-hub-grid-artifacts/old-nesting-build/[22m[2massets/[22m[36mReferenceSources-CbgfUSRH.js              [39m[1m[2m    0.49 kB[22m[1m[22m[2m │ gzip:   0.36 kB[22m
[2msoccer-hub-grid-artifacts/old-nesting-build/[22m[2massets/[22m[36mgraduation-cap-DWffCtdL.js                [39m[1m[2m    0.50 kB[22m[1m[22m[2m │ gzip:   0.35 kB[22m
[2msoccer-hub-grid-artifacts/old-nesting-build/[22m[2massets/[22m[36mseoMetaPart20-D3Jt8qZ_.js                 [39m[1m[2m    0.50 kB[22m[1m[22m[2m │ gzip:   0.34 kB[22m
[2msoccer-hub-grid-artifacts/old-nesting-build/[22m[2massets/[22m[36mentityIds-L4Nd6Y8C.js                     [39m[1m[2m    0.51 kB[22m[1m[22m[2m │ gzip:   0.34 kB[22m
[2msoccer-hub-grid-artifacts/old-nesting-build/[22m[2massets/[22m[36mseoMetaPart07-ympky3rW.js                 [39m[1m[2m    0.51 kB[22m[1m[22m[2m │ gzip:   0.35 kB[22m
[2msoccer-hub-grid-artifacts/old-nesting-build/[22m[2massets/[22m[36mnewspaper-CxkeEvFK.js                     [39m[1m[2m    0.51 kB[22m[1m[22m[2m │ gzip:   0.34 kB[22m
[2msoccer-hub-grid-artifacts/old-nesting-build/[22m[2massets/[22m[36mseoMetaPart13-Ig-3KGy2.js                 [39m[1m[2m    0.51 kB[22m[1m[22m[2m │ gzip:   0.34 kB[22m
[2msoccer-hub-grid-artifacts/old-nesting-build/[22m[2massets/[22m[36mseoMetaPart31-BPitkLcI.js                 [39m[1m[2m    0.52 kB[22m[1m[22m[2m │ gzip:   0.35 kB[22m
[2msoccer-hub-grid-artifacts/old-nesting-build/[22m[2massets/[22m[36mtrash-2-C8khbSSK.js                       [39m[1m[2m    0.53 kB[22m[1m[22m[2m │ gzip:   0.35 kB[22m
[2msoccer-hub-grid-artifacts/old-nesting-build/[22m[2massets/[22m[36mcrown-1qldG0Jn.js                         [39m[1m[2m    0.53 kB[22m[1m[22m[2m │ gzip:   0.36 kB[22m
[2msoccer-hub-grid-artifacts/old-nesting-build/[22m[2massets/[22m[36mshuffle-DtQ0kgJl.js                       [39m[1m[2m    0.55 kB[22m[1m[22m[2m │ gzip:   0.35 kB[22m
[2msoccer-hub-grid-artifacts/old-nesting-build/[22m[2massets/[22m[36mpackage-D69PJRlA.js                       [39m[1m[2m    0.56 kB[22m[1m[22m[2m │ gzip:   0.36 kB[22m
[2msoccer-hub-grid-artifacts/old-nesting-build/[22m[2massets/[22m[36mdailyRecord-CX9SdYxa.js                   [39m[1m[2m    0.56 kB[22m[1m[22m[2m │ gzip:   0.34 kB[22m
[2msoccer-hub-grid-artifacts/old-nesting-build/[22m[2massets/[22m[36mclipboard-list-6_1s7MkD.js                [39m[1m[2m    0.58 kB[22m[1m[22m[2m │ gzip:   0.36 kB[22m
[2msoccer-hub-grid-artifacts/old-nesting-build/[22m[2massets/[22m[36mmedal-B65PuYUk.js                         [39m[1m[2m    0.60 kB[22m[1m[22m[2m │ gzip:   0.39 kB[22m
[2msoccer-hub-grid-artifacts/old-nesting-build/[22m[2massets/[22m[36mhandshake-CfMp26rW.js                     [39m[1m[2m    0.62 kB[22m[1m[22m[2m │ gzip:   0.39 kB[22m
[2msoccer-hub-grid-artifacts/old-nesting-build/[22m[2massets/[22m[36mstar-BGwq7cYN.js                          [39m[1m[2m    0.64 kB[22m[1m[22m[2m │ gzip:   0.40 kB[22m
[2msoccer-hub-grid-artifacts/old-nesting-build/[22m[2massets/[22m[36mfetchQuizBoard-DB3VLew-.js                [39m[1m[2m    0.66 kB[22m[1m[22m[2m │ gzip:   0.43 kB[22m
[2msoccer-hub-grid-artifacts/old-nesting-build/[22m[2massets/[22m[36mresume-iKq-NREI.js                        [39m[1m[2m    0.67 kB[22m[1m[22m[2m │ gzip:   0.42 kB[22m
[2msoccer-hub-grid-artifacts/old-nesting-build/[22m[2massets/[22m[36mleagueCore--DUG-EXw.js                    [39m[1m[2m    0.67 kB[22m[1m[22m[2m │ gzip:   0.43 kB[22m
[2msoccer-hub-grid-artifacts/old-nesting-build/[22m[2massets/[22m[36mbadge-Bo8RJC9m.js                         [39m[1m[2m    0.71 kB[22m[1m[22m[2m │ gzip:   0.37 kB[22m
[2msoccer-hub-grid-artifacts/old-nesting-build/[22m[2massets/[22m[36mSeasonResumeChip-D_horH8e.js              [39m[1m[2m    0.71 kB[22m[1m[22m[2m │ gzip:   0.50 kB[22m
[2msoccer-hub-grid-artifacts/old-nesting-build/[22m[2massets/[22m[36mswords-BWXxgxCL.js                        [39m[1m[2m    0.72 kB[22m[1m[22m[2m │ gzip:   0.39 kB[22m
[2msoccer-hub-grid-artifacts/old-nesting-build/[22m[2massets/[22m[36mdumbbell-nlltIIbg.js                      [39m[1m[2m    0.73 kB[22m[1m[22m[2m │ gzip:   0.40 kB[22m
[2msoccer-hub-grid-artifacts/old-nesting-build/[22m[2massets/[22m[36mseoMetaPart02-BYbZNxRj.js                 [39m[1m[2m    0.74 kB[22m[1m[22m[2m │ gzip:   0.44 kB[22m
[2msoccer-hub-grid-artifacts/old-nesting-build/[22m[2massets/[22m[36mseoMetaPart10-CPgkU0Ug.js                 [39m[1m[2m    0.75 kB[22m[1m[22m[2m │ gzip:   0.46 kB[22m
[2msoccer-hub-grid-artifacts/old-nesting-build/[22m[2massets/[22m[36mseoMetaPart16-CmMlK9Np.js                 [39m[1m[2m    0.75 kB[22m[1m[22m[2m │ gzip:   0.45 kB[22m
[2msoccer-hub-grid-artifacts/old-nesting-build/[22m[2massets/[22m[36mseoMetaPart00-CuVEcdvG.js                 [39m[1m[2m    0.75 kB[22m[1m[22m[2m │ gzip:   0.46 kB[22m
[2msoccer-hub-grid-artifacts/old-nesting-build/[22m[2massets/[22m[36mseoMetaPart01-DtjgkM8Q.js                 [39m[1m[2m    0.75 kB[22m[1m[22m[2m │ gzip:   0.45 kB[22m
[2msoccer-hub-grid-artifacts/old-nesting-build/[22m[2massets/[22m[36mseoMetaPart11-oLlb_0nk.js                 [39m[1m[2m    0.75 kB[22m[1m[22m[2m │ gzip:   0.45 kB[22m
[2msoccer-hub-grid-artifacts/old-nesting-build/[22m[2massets/[22m[36mseoMetaPart03-BOxIFoUd.js                 [39m[1m[2m    0.76 kB[22m[1m[22m[2m │ gzip:   0.47 kB[22m
[2msoccer-hub-grid-artifacts/old-nesting-build/[22m[2massets/[22m[36mgmDealTable-DYyD4N4_.js                   [39m[1m[2m    0.77 kB[22m[1m[22m[2m │ gzip:   0.44 kB[22m
[2msoccer-hub-grid-artifacts/old-nesting-build/[22m[2massets/[22m[36mgamepad-2-DB9Extx-.js                     [39m[1m[2m    0.79 kB[22m[1m[22m[2m │ gzip:   0.49 kB[22m
[2msoccer-hub-grid-artifacts/old-nesting-build/[22m[2massets/[22m[36museGameCompletion-mP73LGS7.js             [39m[1m[2m    0.81 kB[22m[1m[22m[2m │ gzip:   0.50 kB[22m
[2msoccer-hub-grid-artifacts/old-nesting-build/[22m[2massets/[22m[36mRestoredResult-B0Qgrgft.js                [39m[1m[2m    0.86 kB[22m[1m[22m[2m │ gzip:   0.43 kB[22m
[2msoccer-hub-grid-artifacts/old-nesting-build/[22m[2massets/[22m[36mfetchAllRows-j9lWsF9F.js                  [39m[1m[2m    0.86 kB[22m[1m[22m[2m │ gzip:   0.42 kB[22m
[2msoccer-hub-grid-artifacts/old-nesting-build/[22m[2massets/[22m[36mcareerEngine-C0YCb0dd.js                  [39m[1m[2m    0.86 kB[22m[1m[22m[2m │ gzip:   0.47 kB[22m
[2msoccer-hub-grid-artifacts/old-nesting-build/[22m[2massets/[22m[36mConfetti-CfrXA_sZ.js                      [39m[1m[2m    0.90 kB[22m[1m[22m[2m │ gzip:   0.61 kB[22m
[2msoccer-hub-grid-artifacts/old-nesting-build/[22m[2massets/[22m[36musCareerReveal-BW47Ke0-.js                [39m[1m[2m    0.94 kB[22m[1m[22m[2m │ gzip:   0.58 kB[22m
[2msoccer-hub-grid-artifacts/old-nesting-build/[22m[2massets/[22m[36mseoMetaPart24-CQTtSrLB.js                 [39m[1m[2m    0.98 kB[22m[1m[22m[2m │ gzip:   0.56 kB[22m
[2msoccer-hub-grid-artifacts/old-nesting-build/[22m[2massets/[22m[36mcard-DEGy1yws.js                          [39m[1m[2m    0.99 kB[22m[1m[22m[2m │ gzip:   0.37 kB[22m
[2msoccer-hub-grid-artifacts/old-nesting-build/[22m[2massets/[22m[36mseoMetaPart04-DRX4FtX_.js                 [39m[1m[2m    0.99 kB[22m[1m[22m[2m │ gzip:   0.55 kB[22m
[2msoccer-hub-grid-artifacts/old-nesting-build/[22m[2massets/[22m[36mseoMetaPart15-9v6Tzod_.js                 [39m[1m[2m    0.99 kB[22m[1m[22m[2m │ gzip:   0.53 kB[22m
[2msoccer-hub-grid-artifacts/old-nesting-build/[22m[2massets/[22m[36mseoMetaPart18-Beou92RL.js                 [39m[1m[2m    0.99 kB[22m[1m[22m[2m │ gzip:   0.57 kB[22m
[2msoccer-hub-grid-artifacts/old-nesting-build/[22m[2massets/[22m[36mseoMetaPart23-RMiEDEGg.js                 [39m[1m[2m    1.00 kB[22m[1m[22m[2m │ gzip:   0.55 kB[22m
[2msoccer-hub-grid-artifacts/old-nesting-build/[22m[2massets/[22m[36mseoMetaPart19-CpToAW9C.js                 [39m[1m[2m    1.00 kB[22m[1m[22m[2m │ gzip:   0.55 kB[22m
[2msoccer-hub-grid-artifacts/old-nesting-build/[22m[2massets/[22m[36mseoMetaPart21-BhVVnIEN.js                 [39m[1m[2m    1.01 kB[22m[1m[22m[2m │ gzip:   0.54 kB[22m
[2msoccer-hub-grid-artifacts/old-nesting-build/[22m[2massets/[22m[36mseoMetaPart05-BnXoXrsk.js                 [39m[1m[2m    1.01 kB[22m[1m[22m[2m │ gzip:   0.59 kB[22m
[2msoccer-hub-grid-artifacts/old-nesting-build/[22m[2massets/[22m[36mseoMetaPart22-S-3F3LJ6.js                 [39m[1m[2m    1.01 kB[22m[1m[22m[2m │ gzip:   0.59 kB[22m
[2msoccer-hub-grid-artifacts/old-nesting-build/[22m[2massets/[22m[36mGuessFinish-DleNGtli.js                   [39m[1m[2m    1.13 kB[22m[1m[22m[2m │ gzip:   0.60 kB[22m
[2msoccer-hub-grid-artifacts/old-nesting-build/[22m[2massets/[22m[36mfetchCareerPlayers-CWuCPJzL.js            [39m[1m[2m    1.16 kB[22m[1m[22m[2m │ gzip:   0.57 kB[22m
[2msoccer-hub-grid-artifacts/old-nesting-build/[22m[2massets/[22m[36mchemistry-DIs7dgmv.js                     [39m[1m[2m    1.19 kB[22m[1m[22m[2m │ gzip:   0.58 kB[22m
[2msoccer-hub-grid-artifacts/old-nesting-build/[22m[2massets/[22m[36mGiveUpButton-DPfWFYLp.js                  [39m[1m[2m    1.19 kB[22m[1m[22m[2m │ gzip:   0.54 kB[22m
[2msoccer-hub-grid-artifacts/old-nesting-build/[22m[2massets/[22m[36mseoMetaPart06-N4xfX3Sj.js                 [39m[1m[2m    1.20 kB[22m[1m[22m[2m │ gzip:   0.58 kB[22m
[2msoccer-hub-grid-artifacts/old-nesting-build/[22m[2massets/[22m[36mseoMetaPart14-Ca8w5qDt.js                 [39m[1m[2m    1.21 kB[22m[1m[22m[2m │ gzip:   0.61 kB[22m
[2msoccer-hub-grid-artifacts/old-nesting-build/[22m[2massets/[22m[36mseoMetaPart12-BJfl671y.js                 [39m[1m[2m    1.21 kB[22m[1m[22m[2m │ gzip:   0.67 kB[22m
[2msoccer-hub-grid-artifacts/old-nesting-build/[22m[2massets/[22m[36mseoMetaPart27-CP2Svxjt.js                 [39m[1m[2m    1.22 kB[22m[1m[22m[2m │ gzip:   0.65 kB[22m
[2msoccer-hub-grid-artifacts/old-nesting-build/[22m[2massets/[22m[36mseoMetaPart28-g2Jhz3O3.js                 [39m[1m[2m    1.22 kB[22m[1m[22m[2m │ gzip:   0.67 kB[22m
[2msoccer-hub-grid-artifacts/old-nesting-build/[22m[2massets/[22m[36mseoMetaPart25-B76P0ap7.js                 [39m[1m[2m    1.23 kB[22m[1m[22m[2m │ gzip:   0.67 kB[22m
[2msoccer-hub-grid-artifacts/old-nesting-build/[22m[2massets/[22m[36mClubManagerTreatmentPanel-yBy0mweW.js     [39m[1m[2m    1.23 kB[22m[1m[22m[2m │ gzip:   0.73 kB[22m
[2msoccer-hub-grid-artifacts/old-nesting-build/[22m[2massets/[22m[36mGameShell-Bl4ge6dt.js                     [39m[1m[2m    1.30 kB[22m[1m[22m[2m │ gzip:   0.69 kB[22m
[2msoccer-hub-grid-artifacts/old-nesting-build/[22m[2massets/[22m[36mGridBoardSkeleton-CB5kxvii.js             [39m[1m[2m    1.32 kB[22m[1m[22m[2m │ gzip:   0.60 kB[22m
[2msoccer-hub-grid-artifacts/old-nesting-build/[22m[2massets/[22m[36mconfederationGroups-B32gL-Nc.js           [39m[1m[2m    1.34 kB[22m[1m[22m[2m │ gzip:   0.70 kB[22m
[2msoccer-hub-grid-artifacts/old-nesting-build/[22m[2massets/[22m[36mHowToPlayPopover-tYD6_94u.js              [39m[1m[2m    1.37 kB[22m[1m[22m[2m │ gzip:   0.77 kB[22m
[2msoccer-hub-grid-artifacts/old-nesting-build/[22m[2massets/[22m[36mHubTiles-DJRD5yby.js                      [39m[1m[2m    1.39 kB[22m[1m[22m[2m │ gzip:   0.60 kB[22m
[2msoccer-hub-grid-artifacts/old-nesting-build/[22m[2massets/[22m[36mpositionFit-BbUnYZIs.js                   [39m[1m[2m    1.42 kB[22m[1m[22m[2m │ gzip:   0.67 kB[22m
[2msoccer-hub-grid-artifacts/old-nesting-build/[22m[2massets/[22m[36mRulesGate-D9L_1vpb.js                     [39m[1m[2m    1.42 kB[22m[1m[22m[2m │ gzip:   0.81 kB[22m
[2msoccer-hub-grid-artifacts/old-nesting-build/[22m[2massets/[22m[36mseoMetaPart29-DFpfKJo-.js                 [39m[1m[2m    1.47 kB[22m[1m[22m[2m │ gzip:   0.73 kB[22m
[2msoccer-hub-grid-artifacts/old-nesting-build/[22m[2massets/[22m[36museArcadeFlight-Djnxejyp.js               [39m[1m[2m    1.51 kB[22m[1m[22m[2m │ gzip:   0.67 kB[22m
[2msoccer-hub-grid-artifacts/old-nesting-build/[22m[2massets/[22m[36mCelebration-iKIUE3Lo.js                   [39m[1m[2m    1.53 kB[22m[1m[22m[2m │ gzip:   0.82 kB[22m
[2msoccer-hub-grid-artifacts/old-nesting-build/[22m[2massets/[22m[36mfoSchedule-BzpgxJRf.js                    [39m[1m[2m    1.57 kB[22m[1m[22m[2m │ gzip:   0.89 kB[22m
[2msoccer-hub-grid-artifacts/old-nesting-build/[22m[2massets/[22m[36msmartSearch-DxQivxxe.js                   [39m[1m[2m    1.58 kB[22m[1m[22m[2m │ gzip:   0.71 kB[22m
[2msoccer-hub-grid-artifacts/old-nesting-build/[22m[2massets/[22m[36mCareerFx-CcoTPBvH.js                      [39m[1m[2m    1.58 kB[22m[1m[22m[2m │ gzip:   0.92 kB[22m
[2msoccer-hub-grid-artifacts/old-nesting-build/[22m[2massets/[22m[36mdeskCue-iCd6j4uF.js                       [39m[1m[2m    1.62 kB[22m[1m[22m[2m │ gzip:   0.92 kB[22m
[2msoccer-hub-grid-artifacts/old-nesting-build/[22m[2massets/[22m[36msilverwareSort-DbK29ysd.js                [39m[1m[2m    1.63 kB[22m[1m[22m[2m │ gzip:   0.83 kB[22m
[2msoccer-hub-grid-artifacts/old-nesting-build/[22m[2massets/[22m[36mGameHelp-DOMZnwLM.js                      [39m[1m[2m    1.65 kB[22m[1m[22m[2m │ gzip:   0.79 kB[22m
[2msoccer-hub-grid-artifacts/old-nesting-build/[22m[2massets/[22m[36musePracticeClock-eVakDTLh.js              [39m[1m[2m    1.66 kB[22m[1m[22m[2m │ gzip:   0.83 kB[22m
[2msoccer-hub-grid-artifacts/old-nesting-build/[22m[2massets/[22m[36mseoMetaPart26-BXx6PSW7.js                 [39m[1m[2m    1.71 kB[22m[1m[22m[2m │ gzip:   0.90 kB[22m
[2msoccer-hub-grid-artifacts/old-nesting-build/[22m[2massets/[22m[36mTeamTalkRow-CxCPAwis.js                   [39m[1m[2m    1.73 kB[22m[1m[22m[2m │ gzip:   0.93 kB[22m
[2msoccer-hub-grid-artifacts/old-nesting-build/[22m[2massets/[22m[36mmlbGrid-BX5bw1Hj.js                       [39m[1m[2m    1.83 kB[22m[1m[22m[2m │ gzip:   0.75 kB[22m
[2msoccer-hub-grid-artifacts/old-nesting-build/[22m[2massets/[22m[36mWonderkidFactory-BXINBlGe.js              [39m[1m[2m    1.85 kB[22m[1m[22m[2m │ gzip:   0.94 kB[22m
[2msoccer-hub-grid-artifacts/old-nesting-build/[22m[2massets/[22m[36mclubManagerMeters-Bqfx7PGz.js             [39m[1m[2m    1.87 kB[22m[1m[22m[2m │ gzip:   1.00 kB[22m
[2msoccer-hub-grid-artifacts/old-nesting-build/[22m[2massets/[22m[36mhockeyGrid-DtrExNxU.js                    [39m[1m[2m    1.92 kB[22m[1m[22m[2m │ gzip:   0.81 kB[22m
[2msoccer-hub-grid-artifacts/old-nesting-build/[22m[2massets/[22m[36museRevealScroll-C0tP2TV7.js               [39m[1m[2m    1.94 kB[22m[1m[22m[2m │ gzip:   0.80 kB[22m
[2msoccer-hub-grid-artifacts/old-nesting-build/[22m[2massets/[22m[36mseoMetaPart30-C2bf-ABQ.js                 [39m[1m[2m    1.94 kB[22m[1m[22m[2m │ gzip:   0.96 kB[22m
[2msoccer-hub-grid-artifacts/old-nesting-build/[22m[2massets/[22m[36mMetersStrip-K4BPmBiV.js                   [39m[1m[2m    1.94 kB[22m[1m[22m[2m │ gzip:   1.00 kB[22m
[2msoccer-hub-grid-artifacts/old-nesting-build/[22m[2massets/[22m[36mfreeKick-BSoL5hQo.js                      [39m[1m[2m    1.94 kB[22m[1m[22m[2m │ gzip:   1.10 kB[22m
[2msoccer-hub-grid-artifacts/old-nesting-build/[22m[2massets/[22m[36mseoMetaPart17-DdtdxoPB.js                 [39m[1m[2m    1.94 kB[22m[1m[22m[2m │ gzip:   0.96 kB[22m
[2msoccer-hub-grid-artifacts/old-nesting-build/[22m[2massets/[22m[36mcareerHallSpeech-D8aXsOEv.js              [39m[1m[2m    1.94 kB[22m[1m[22m[2m │ gzip:   1.03 kB[22m
[2msoccer-hub-grid-artifacts/old-nesting-build/[22m[2massets/[22m[36mArcadeShotFeedback-C45HlkjI.js            [39m[1m[2m    1.96 kB[22m[1m[22m[2m │ gzip:   0.93 kB[22m
[2msoccer-hub-grid-artifacts/old-nesting-build/[22m[2massets/[22m[36msoccerBoots-BK_dXNrV.js                   [39m[1m[2m    2.02 kB[22m[1m[22m[2m │ gzip:   0.99 kB[22m
[2msoccer-hub-grid-artifacts/old-nesting-build/[22m[2massets/[22m[36mAdBanner-BdpUZK2F.js                      [39m[1m[2m    2.04 kB[22m[1m[22m[2m │ gzip:   1.08 kB[22m
[2msoccer-hub-grid-artifacts/old-nesting-build/[22m[2massets/[22m[36mConnect4Finish-B0l-uw0-.js                [39m[1m[2m    2.06 kB[22m[1m[22m[2m │ gzip:   0.92 kB[22m
[2msoccer-hub-grid-artifacts/old-nesting-build/[22m[2massets/[22m[36mCelebrationStyles-CaoR1WYH.js             [39m[1m[2m    2.13 kB[22m[1m[22m[2m │ gzip:   0.72 kB[22m
[2msoccer-hub-grid-artifacts/old-nesting-build/[22m[2massets/[22m[36mAcademyProspects-BIMmHixL.js              [39m[1m[2m    2.15 kB[22m[1m[22m[2m │ gzip:   1.00 kB[22m
[2msoccer-hub-grid-artifacts/old-nesting-build/[22m[2massets/[22m[36mseoMetaPart09-DnyHg2Rd.js                 [39m[1m[2m    2.17 kB[22m[1m[22m[2m │ gzip:   1.05 kB[22m
[2msoccer-hub-grid-artifacts/old-nesting-build/[22m[2massets/[22m[36mPerfectLineupNba-C9leXa-i.js              [39m[1m[2m    2.24 kB[22m[1m[22m[2m │ gzip:   1.11 kB[22m
[2msoccer-hub-grid-artifacts/old-nesting-build/[22m[2massets/[22m[36mResultScreen-SPk0p_iB.js                  [39m[1m[2m    2.28 kB[22m[1m[22m[2m │ gzip:   1.15 kB[22m
[2msoccer-hub-grid-artifacts/old-nesting-build/[22m[2massets/[22m[36mfrontOfficeSave-DokBHTSA.js               [39m[1m[2m    2.37 kB[22m[1m[22m[2m │ gzip:   1.07 kB[22m
[2msoccer-hub-grid-artifacts/old-nesting-build/[22m[2massets/[22m[36mDailyLegendOverlay-DZQWkNjb.js            [39m[1m[2m    2.39 kB[22m[1m[22m[2m │ gzip:   1.22 kB[22m
[2msoccer-hub-grid-artifacts/old-nesting-build/[22m[2massets/[22m[36mClubManagerBoardPanel-3qR_gVOA.js         [39m[1m[2m    2.50 kB[22m[1m[22m[2m │ gzip:   1.02 kB[22m
[2msoccer-hub-grid-artifacts/old-nesting-build/[22m[2massets/[22m[36mPostGameStats-Dju-doG4.js                 [39m[1m[2m    2.52 kB[22m[1m[22m[2m │ gzip:   1.18 kB[22m
[2msoccer-hub-grid-artifacts/old-nesting-build/[22m[2massets/[22m[36mcareerAwardsNight-BDQnO6dK.js             [39m[1m[2m    2.57 kB[22m[1m[22m[2m │ gzip:   1.27 kB[22m
[2msoccer-hub-grid-artifacts/old-nesting-build/[22m[2massets/[22m[36mAdminLogin-XIbtRf_t.js                    [39m[1m[2m    2.59 kB[22m[1m[22m[2m │ gzip:   1.23 kB[22m
[2msoccer-hub-grid-artifacts/old-nesting-build/[22m[2massets/[22m[36mReportQuestion-Cl6hSBTE.js                [39m[1m[2m    2.92 kB[22m[1m[22m[2m │ gzip:   1.33 kB[22m
[2msoccer-hub-grid-artifacts/old-nesting-build/[22m[2massets/[22m[36mconquestDataMlb-B4MKOeDm.js               [39m[1m[2m    2.93 kB[22m[1m[22m[2m │ gzip:   1.22 kB[22m
[2msoccer-hub-grid-artifacts/old-nesting-build/[22m[2massets/[22m[36mLeagueTableCard-COEqVStD.js               [39m[1m[2m    3.02 kB[22m[1m[22m[2m │ gzip:   1.08 kB[22m
[2msoccer-hub-grid-artifacts/old-nesting-build/[22m[2massets/[22m[36msquadShape-DzJQ1wtR.js                    [39m[1m[2m    3.03 kB[22m[1m[22m[2m │ gzip:   1.07 kB[22m
[2msoccer-hub-grid-artifacts/old-nesting-build/[22m[2massets/[22m[36msearchDiscard-wYblvcKh.js                 [39m[1m[2m    3.05 kB[22m[1m[22m[2m │ gzip:   1.58 kB[22m
[2msoccer-hub-grid-artifacts/old-nesting-build/[22m[2massets/[22m[36mnbaCareerTraining-D5_XdZRF.js             [39m[1m[2m    3.05 kB[22m[1m[22m[2m │ gzip:   1.61 kB[22m
[2msoccer-hub-grid-artifacts/old-nesting-build/[22m[2massets/[22m[36mdailySaveShapes-CmYZfx9m.js               [39m[1m[2m    3.05 kB[22m[1m[22m[2m │ gzip:   1.46 kB[22m
[2msoccer-hub-grid-artifacts/old-nesting-build/[22m[2massets/[22m[36mconquestDataNhl-BBvewyKz.js               [39m[1m[2m    3.06 kB[22m[1m[22m[2m │ gzip:   1.26 kB[22m
[2msoccer-hub-grid-artifacts/old-nesting-build/[22m[2massets/[22m[36mtennisHLPlayers-DIbH8knL.js               [39m[1m[2m    3.07 kB[22m[1m[22m[2m │ gzip:   0.88 kB[22m
[2msoccer-hub-grid-artifacts/old-nesting-build/[22m[2massets/[22m[36mconquestMapGeometry-DMIJk1yA.js           [39m[1m[2m    3.10 kB[22m[1m[22m[2m │ gzip:   1.42 kB[22m
[2msoccer-hub-grid-artifacts/old-nesting-build/[22m[2massets/[22m[36mlocalLineupEval-DxTRha-_.js               [39m[1m[2m    3.11 kB[22m[1m[22m[2m │ gzip:   1.50 kB[22m
[2msoccer-hub-grid-artifacts/old-nesting-build/[22m[2massets/[22m[36museDailyPuzzle-KMaY1g7E.js                [39m[1m[2m    3.13 kB[22m[1m[22m[2m │ gzip:   1.37 kB[22m
[2msoccer-hub-grid-artifacts/old-nesting-build/[22m[2massets/[22m[36mFarewellCard-B8el5J7S.js                  [39m[1m[2m    3.15 kB[22m[1m[22m[2m │ gzip:   1.48 kB[22m
[2msoccer-hub-grid-artifacts/old-nesting-build/[22m[2massets/[22m[36mtabs-DgHNQEcx.js                          [39m[1m[2m    3.19 kB[22m[1m[22m[2m │ gzip:   1.35 kB[22m
[2msoccer-hub-grid-artifacts/old-nesting-build/[22m[2massets/[22m[36mNbaGauntletDraft-DU2VmPLa.js              [39m[1m[2m    3.23 kB[22m[1m[22m[2m │ gzip:   1.57 kB[22m
[2msoccer-hub-grid-artifacts/old-nesting-build/[22m[2massets/[22m[36mGridBoard-BkSwMRHZ.js                     [39m[1m[2m    3.25 kB[22m[1m[22m[2m │ gzip:   1.23 kB[22m
[2msoccer-hub-grid-artifacts/old-nesting-build/[22m[2massets/[22m[36mdealPlayers-CbINAKhT.js                   [39m[1m[2m    3.27 kB[22m[1m[22m[2m │ gzip:   1.88 kB[22m
[2msoccer-hub-grid-artifacts/old-nesting-build/[22m[2massets/[22m[36mContact-zDR3Nh8K.js                       [39m[1m[2m    3.37 kB[22m[1m[22m[2m │ gzip:   1.35 kB[22m
[2msoccer-hub-grid-artifacts/old-nesting-build/[22m[2massets/[22m[36mAcademyLegacyPanel-19ceX1wq.js            [39m[1m[2m    3.43 kB[22m[1m[22m[2m │ gzip:   1.42 kB[22m
[2msoccer-hub-grid-artifacts/old-nesting-build/[22m[2massets/[22m[36mUclGroupsCard-x5DbqPt3.js                 [39m[1m[2m    3.47 kB[22m[1m[22m[2m │ gzip:   1.61 kB[22m
[2msoccer-hub-grid-artifacts/old-nesting-build/[22m[2massets/[22m[36mmlbCareerTraining-iqlohb0o.js             [39m[1m[2m    3.53 kB[22m[1m[22m[2m │ gzip:   1.83 kB[22m
[2msoccer-hub-grid-artifacts/old-nesting-build/[22m[2massets/[22m[36mNflGauntletDraft-Bn8HNRLz.js              [39m[1m[2m    3.59 kB[22m[1m[22m[2m │ gzip:   1.71 kB[22m
[2msoccer-hub-grid-artifacts/old-nesting-build/[22m[2massets/[22m[36mnflCareerTraining-dp6vFu8y.js             [39m[1m[2m    3.61 kB[22m[1m[22m[2m │ gzip:   1.82 kB[22m
[2msoccer-hub-grid-artifacts/old-nesting-build/[22m[2massets/[22m[36mdartDraft-CNJot1qh.js                     [39m[1m[2m    3.64 kB[22m[1m[22m[2m │ gzip:   1.82 kB[22m
[2msoccer-hub-grid-artifacts/old-nesting-build/[22m[2massets/[22m[36mVictoryMoment-CtFBlfof.js                 [39m[1m[2m    3.67 kB[22m[1m[22m[2m │ gzip:   1.30 kB[22m
[2msoccer-hub-grid-artifacts/old-nesting-build/[22m[2massets/[22m[36mnhlCareerTraining-DUVaauJ-.js             [39m[1m[2m    3.69 kB[22m[1m[22m[2m │ gzip:   1.91 kB[22m
[2msoccer-hub-grid-artifacts/old-nesting-build/[22m[2massets/[22m[36mGameNav-BL0YqO5f.js                       [39m[1m[2m    3.70 kB[22m[1m[22m[2m │ gzip:   1.72 kB[22m
[2msoccer-hub-grid-artifacts/old-nesting-build/[22m[2massets/[22m[36mResultMoment-lyfZR7ed.js                  [39m[1m[2m    3.75 kB[22m[1m[22m[2m │ gzip:   1.41 kB[22m
[2msoccer-hub-grid-artifacts/old-nesting-build/[22m[2massets/[22m[36mManagerSlotsScreen-BS7b8lE6.js            [39m[1m[2m    3.81 kB[22m[1m[22m[2m │ gzip:   1.27 kB[22m
[2msoccer-hub-grid-artifacts/old-nesting-build/[22m[2massets/[22m[36mgauntletEngine-BKv7-WkL.js                [39m[1m[2m    3.87 kB[22m[1m[22m[2m │ gzip:   1.72 kB[22m
[2msoccer-hub-grid-artifacts/old-nesting-build/[22m[2massets/[22m[36mResetPassword-DpQ8bknz.js                 [39m[1m[2m    3.91 kB[22m[1m[22m[2m │ gzip:   1.77 kB[22m
[2msoccer-hub-grid-artifacts/old-nesting-build/[22m[2massets/[22m[36mNhlGauntletDraft-Dhj_mBqi.js              [39m[1m[2m    3.93 kB[22m[1m[22m[2m │ gzip:   1.78 kB[22m
[2msoccer-hub-grid-artifacts/old-nesting-build/[22m[2massets/[22m[36mDraftNightCard-C7kdDz78.js                [39m[1m[2m    3.94 kB[22m[1m[22m[2m │ gzip:   1.67 kB[22m
[2msoccer-hub-grid-artifacts/old-nesting-build/[22m[2massets/[22m[36mConquestMlb-CcOlNsDM.js                   [39m[1m[2m    3.95 kB[22m[1m[22m[2m │ gzip:   1.88 kB[22m
[2msoccer-hub-grid-artifacts/old-nesting-build/[22m[2massets/[22m[36mMiniPitch-BralhtWN.js                     [39m[1m[2m    3.98 kB[22m[1m[22m[2m │ gzip:   2.01 kB[22m
[2msoccer-hub-grid-artifacts/old-nesting-build/[22m[2massets/[22m[36mConquestNhl-8ttGyb5m.js                   [39m[1m[2m    3.99 kB[22m[1m[22m[2m │ gzip:   1.90 kB[22m
[2msoccer-hub-grid-artifacts/old-nesting-build/[22m[2massets/[22m[36mStartOptionsScreen-dv5lIorm.js            [39m[1m[2m    3.99 kB[22m[1m[22m[2m │ gzip:   1.52 kB[22m
[2msoccer-hub-grid-artifacts/old-nesting-build/[22m[2massets/[22m[36mFacilitiesScreen-BlldbHVB.js              [39m[1m[2m    4.06 kB[22m[1m[22m[2m │ gzip:   1.86 kB[22m
[2msoccer-hub-grid-artifacts/old-nesting-build/[22m[2massets/[22m[36musCareerFreeAgency-_7gDtE9W.js            [39m[1m[2m    4.10 kB[22m[1m[22m[2m │ gzip:   1.91 kB[22m
[2msoccer-hub-grid-artifacts/old-nesting-build/[22m[2massets/[22m[36mgridEngine-BEe58h6v.js                    [39m[1m[2m    4.13 kB[22m[1m[22m[2m │ gzip:   1.90 kB[22m
[2msoccer-hub-grid-artifacts/old-nesting-build/[22m[2massets/[22m[36mPacksPanel-BMO_yUdK.js                    [39m[1m[2m    4.36 kB[22m[1m[22m[2m │ gzip:   1.70 kB[22m
[2msoccer-hub-grid-artifacts/old-nesting-build/[22m[2massets/[22m[36mmlbHLPlayers-DHB7Z7Uh.js                  [39m[1m[2m    4.45 kB[22m[1m[22m[2m │ gzip:   1.12 kB[22m
[2msoccer-hub-grid-artifacts/old-nesting-build/[22m[2massets/[22m[36mXpScreen-D65ZTzpl.js                      [39m[1m[2m    4.57 kB[22m[1m[22m[2m │ gzip:   2.01 kB[22m
[2msoccer-hub-grid-artifacts/old-nesting-build/[22m[2massets/[22m[36mPressScreen-_MbVsdCb.js                   [39m[1m[2m    4.57 kB[22m[1m[22m[2m │ gzip:   1.90 kB[22m
[2msoccer-hub-grid-artifacts/old-nesting-build/[22m[2massets/[22m[36mperfectSeason-Can3GDpv.js                 [39m[1m[2m    4.61 kB[22m[1m[22m[2m │ gzip:   2.11 kB[22m
[2msoccer-hub-grid-artifacts/old-nesting-build/[22m[2massets/[22m[36mRecords-BdwmwEpK.js                       [39m[1m[2m    4.76 kB[22m[1m[22m[2m │ gzip:   1.79 kB[22m
[2msoccer-hub-grid-artifacts/old-nesting-build/[22m[2massets/[22m[36mthroughBallDrill-B9fNBoXH.js              [39m[1m[2m    4.78 kB[22m[1m[22m[2m │ gzip:   2.31 kB[22m
[2msoccer-hub-grid-artifacts/old-nesting-build/[22m[2massets/[22m[36mUclBracketCard-T8NfwIZU.js                [39m[1m[2m    4.79 kB[22m[1m[22m[2m │ gzip:   1.97 kB[22m
[2msoccer-hub-grid-artifacts/old-nesting-build/[22m[2massets/[22m[36mShootoutKicks-C4rd3oZ9.js                 [39m[1m[2m    4.93 kB[22m[1m[22m[2m │ gzip:   2.07 kB[22m
[2msoccer-hub-grid-artifacts/old-nesting-build/[22m[2massets/[22m[36mchampOrNot-B0XX7-qo.js                    [39m[1m[2m    4.98 kB[22m[1m[22m[2m │ gzip:   1.77 kB[22m
[2msoccer-hub-grid-artifacts/old-nesting-build/[22m[2massets/[22m[36maflGoalKickers-BGnz1-kA.js                [39m[1m[2m    5.10 kB[22m[1m[22m[2m │ gzip:   1.41 kB[22m
[2msoccer-hub-grid-artifacts/old-nesting-build/[22m[2massets/[22m[36mf1HLDrivers-81Ps6THm.js                   [39m[1m[2m    5.13 kB[22m[1m[22m[2m │ gzip:   1.31 kB[22m
[2msoccer-hub-grid-artifacts/old-nesting-build/[22m[2massets/[22m[36mAccessibility-8pBN8w3-.js                 [39m[1m[2m    5.17 kB[22m[1m[22m[2m │ gzip:   2.11 kB[22m
[2msoccer-hub-grid-artifacts/old-nesting-build/[22m[2massets/[22m[36mnbaPerfectLineupPool-CcCQ221O.js          [39m[1m[2m    5.24 kB[22m[1m[22m[2m │ gzip:   1.59 kB[22m
[2msoccer-hub-grid-artifacts/old-nesting-build/[22m[2massets/[22m[36msoundKit-CMuf3Sbp.js                      [39m[1m[2m    5.32 kB[22m[1m[22m[2m │ gzip:   2.43 kB[22m
[2msoccer-hub-grid-artifacts/old-nesting-build/[22m[2massets/[22m[36mguideShape-CoFncDgY.js                    [39m[1m[2m    5.43 kB[22m[1m[22m[2m │ gzip:   1.69 kB[22m
[2msoccer-hub-grid-artifacts/old-nesting-build/[22m[2massets/[22m[36mwc2026Results-bxFApXs8.js                 [39m[1m[2m    5.44 kB[22m[1m[22m[2m │ gzip:   1.24 kB[22m
[2msoccer-hub-grid-artifacts/old-nesting-build/[22m[2massets/[22m[36mHallOfFameCard-ByrlS7lw.js                [39m[1m[2m    5.45 kB[22m[1m[22m[2m │ gzip:   2.25 kB[22m
[2msoccer-hub-grid-artifacts/old-nesting-build/[22m[2massets/[22m[36mbadges-BaXbBn5E.js                        [39m[1m[2m    5.77 kB[22m[1m[22m[2m │ gzip:   2.29 kB[22m
[2msoccer-hub-grid-artifacts/old-nesting-build/[22m[2massets/[22m[36mFlagImg-2W4MF0jR.js                       [39m[1m[2m    5.84 kB[22m[1m[22m[2m │ gzip:   2.98 kB[22m
[2msoccer-hub-grid-artifacts/old-nesting-build/[22m[2massets/[22m[36mmanagerOffers-Mi85K8qd.js                 [39m[1m[2m    5.87 kB[22m[1m[22m[2m │ gzip:   2.70 kB[22m
[2msoccer-hub-grid-artifacts/old-nesting-build/[22m[2massets/[22m[36mcareerRivalryChoices-CFxfmw-_.js          [39m[1m[2m    5.93 kB[22m[1m[22m[2m │ gzip:   2.41 kB[22m
[2msoccer-hub-grid-artifacts/old-nesting-build/[22m[2massets/[22m[36mWorldEditorScreen-BGp-QxaY.js             [39m[1m[2m    5.94 kB[22m[1m[22m[2m │ gzip:   2.34 kB[22m
[2msoccer-hub-grid-artifacts/old-nesting-build/[22m[2massets/[22m[36mcfbHLPlayers-TgDMTX1-.js                  [39m[1m[2m    6.03 kB[22m[1m[22m[2m │ gzip:   1.62 kB[22m
[2msoccer-hub-grid-artifacts/old-nesting-build/[22m[2massets/[22m[36msoccerCareerAppearance-BF4Z2JDW.js        [39m[1m[2m    6.14 kB[22m[1m[22m[2m │ gzip:   2.56 kB[22m
[2msoccer-hub-grid-artifacts/old-nesting-build/[22m[2massets/[22m[36mUsSeasonCentre-DVxpH58e.js                [39m[1m[2m    6.19 kB[22m[1m[22m[2m │ gzip:   2.87 kB[22m
[2msoccer-hub-grid-artifacts/old-nesting-build/[22m[2massets/[22m[36mWorldTablesCard-BRmC0W1p.js               [39m[1m[2m    6.25 kB[22m[1m[22m[2m │ gzip:   2.51 kB[22m
[2msoccer-hub-grid-artifacts/old-nesting-build/[22m[2massets/[22m[36mHigherLowerTransfers-Djj2ozPh.js          [39m[1m[2m    6.31 kB[22m[1m[22m[2m │ gzip:   2.84 kB[22m
[2msoccer-hub-grid-artifacts/old-nesting-build/[22m[2massets/[22m[36mPerfectLineupF1-BezKz5Gw.js               [39m[1m[2m    6.34 kB[22m[1m[22m[2m │ gzip:   2.21 kB[22m
[2msoccer-hub-grid-artifacts/old-nesting-build/[22m[2massets/[22m[36mHalftimeScreen-CGib-uCP.js                [39m[1m[2m    6.39 kB[22m[1m[22m[2m │ gzip:   2.27 kB[22m
[2msoccer-hub-grid-artifacts/old-nesting-build/[22m[2massets/[22m[36mgolfLegends-wbmLaE0U.js                   [39m[1m[2m    6.42 kB[22m[1m[22m[2m │ gzip:   1.43 kB[22m
[2msoccer-hub-grid-artifacts/old-nesting-build/[22m[2massets/[22m[36mFirstTeamPanel-DPJMoUvk.js                [39m[1m[2m    6.43 kB[22m[1m[22m[2m │ gzip:   2.34 kB[22m
[2msoccer-hub-grid-artifacts/old-nesting-build/[22m[2massets/[22m[36mCupBracketCard-CpYGhISK.js                [39m[1m[2m    6.52 kB[22m[1m[22m[2m │ gzip:   2.81 kB[22m
[2msoccer-hub-grid-artifacts/old-nesting-build/[22m[2massets/[22m[36mPlayerAutocomplete-Dkh-a0FQ.js            [39m[1m[2m    6.63 kB[22m[1m[22m[2m │ gzip:   2.85 kB[22m
[2msoccer-hub-grid-artifacts/old-nesting-build/[22m[2massets/[22m[36mhockeyHLPlayers-BftZ_j6A.js               [39m[1m[2m    6.65 kB[22m[1m[22m[2m │ gzip:   1.44 kB[22m
[2msoccer-hub-grid-artifacts/old-nesting-build/[22m[2massets/[22m[36mAbout-BhBTTQec.js                         [39m[1m[2m    6.74 kB[22m[1m[22m[2m │ gzip:   2.55 kB[22m
[2msoccer-hub-grid-artifacts/old-nesting-build/[22m[2massets/[22m[36mwhoAmI-De-31bQ1.js                        [39m[1m[2m    6.83 kB[22m[1m[22m[2m │ gzip:   2.84 kB[22m
[2msoccer-hub-grid-artifacts/old-nesting-build/[22m[2massets/[22m[36mGameSeoContent-DMANbboX.js                [39m[1m[2m    6.83 kB[22m[1m[22m[2m │ gzip:   2.28 kB[22m
[2msoccer-hub-grid-artifacts/old-nesting-build/[22m[2massets/[22m[36mHomelandSelect-CWDcjyc3.js                [39m[1m[2m    6.84 kB[22m[1m[22m[2m │ gzip:   2.64 kB[22m
[2msoccer-hub-grid-artifacts/old-nesting-build/[22m[2massets/[22m[36mBootRoom-nMhI9ZfV.js                      [39m[1m[2m    6.84 kB[22m[1m[22m[2m │ gzip:   2.57 kB[22m
[2msoccer-hub-grid-artifacts/old-nesting-build/[22m[2massets/[22m[36mPerfectLineupNhl-Bv34U_2W.js              [39m[1m[2m    6.89 kB[22m[1m[22m[2m │ gzip:   2.44 kB[22m
[2msoccer-hub-grid-artifacts/old-nesting-build/[22m[2massets/[22m[36mManagerForm-D5CayATR.js                   [39m[1m[2m    6.93 kB[22m[1m[22m[2m │ gzip:   2.37 kB[22m
[2msoccer-hub-grid-artifacts/old-nesting-build/[22m[2massets/[22m[36mMatchCentre-Dzaid650.js                   [39m[1m[2m    7.00 kB[22m[1m[22m[2m │ gzip:   2.25 kB[22m
[2msoccer-hub-grid-artifacts/old-nesting-build/[22m[2massets/[22m[36mGauntletBoard-osqOeFaq.js                 [39m[1m[2m    7.12 kB[22m[1m[22m[2m │ gzip:   2.70 kB[22m
[2msoccer-hub-grid-artifacts/old-nesting-build/[22m[2massets/[22m[36mClubDetailScreen-DIl204ul.js              [39m[1m[2m    7.15 kB[22m[1m[22m[2m │ gzip:   2.36 kB[22m
[2msoccer-hub-grid-artifacts/old-nesting-build/[22m[2massets/[22m[36mplayerSearch-C6Iw0Mxd.js                  [39m[1m[2m    7.40 kB[22m[1m[22m[2m │ gzip:   2.85 kB[22m
[2msoccer-hub-grid-artifacts/old-nesting-build/[22m[2massets/[22m[36mnba-DgjueU4Y.js                           [39m[1m[2m    7.58 kB[22m[1m[22m[2m │ gzip:   3.66 kB[22m
[2msoccer-hub-grid-artifacts/old-nesting-build/[22m[2massets/[22m[36mus-Dw0wJAWx.js                            [39m[1m[2m    7.81 kB[22m[1m[22m[2m │ gzip:   3.61 kB[22m
[2msoccer-hub-grid-artifacts/old-nesting-build/[22m[2massets/[22m[36mSearch-zepE9xrF.js                        [39m[1m[2m    7.87 kB[22m[1m[22m[2m │ gzip:   2.93 kB[22m
[2msoccer-hub-grid-artifacts/old-nesting-build/[22m[2massets/[22m[36mnbaHLPlayers-KSI796bW.js                  [39m[1m[2m    8.05 kB[22m[1m[22m[2m │ gzip:   2.21 kB[22m
[2msoccer-hub-grid-artifacts/old-nesting-build/[22m[2massets/[22m[36mGuessTheGolfer-DLoNVI1K.js                [39m[1m[2m    8.08 kB[22m[1m[22m[2m │ gzip:   3.45 kB[22m
[2msoccer-hub-grid-artifacts/old-nesting-build/[22m[2massets/[22m[36mSeasonRatings-Ddoap8wz.js                 [39m[1m[2m    8.10 kB[22m[1m[22m[2m │ gzip:   3.06 kB[22m
[2msoccer-hub-grid-artifacts/old-nesting-build/[22m[2massets/[22m[36mPitchSurface-CsoHgl3_.js                  [39m[1m[2m    8.20 kB[22m[1m[22m[2m │ gzip:   3.56 kB[22m
[2msoccer-hub-grid-artifacts/old-nesting-build/[22m[2massets/[22m[36mInboxCard-dsGaOxei.js                     [39m[1m[2m    8.54 kB[22m[1m[22m[2m │ gzip:   2.94 kB[22m
[2msoccer-hub-grid-artifacts/old-nesting-build/[22m[2massets/[22m[36maussieRulesManagement-4TlVLY3z.js         [39m[1m[2m    8.56 kB[22m[1m[22m[2m │ gzip:   3.64 kB[22m
[2msoccer-hub-grid-artifacts/old-nesting-build/[22m[2massets/[22m[36mRolesScreen-BnrryGMx.js                   [39m[1m[2m    8.57 kB[22m[1m[22m[2m │ gzip:   2.82 kB[22m
[2msoccer-hub-grid-artifacts/old-nesting-build/[22m[2massets/[22m[36mRecordPage-Bd9V4P_X.js                    [39m[1m[2m    8.60 kB[22m[1m[22m[2m │ gzip:   2.52 kB[22m
[2msoccer-hub-grid-artifacts/old-nesting-build/[22m[2massets/[22m[36macademyManagement-DZZqTLIl.js             [39m[1m[2m    8.66 kB[22m[1m[22m[2m │ gzip:   3.51 kB[22m
[2msoccer-hub-grid-artifacts/old-nesting-build/[22m[2massets/[22m[36mMlbHigherLower-r7X4v_vW.js                [39m[1m[2m    8.80 kB[22m[1m[22m[2m │ gzip:   3.72 kB[22m
[2msoccer-hub-grid-artifacts/old-nesting-build/[22m[2massets/[22m[36mHomeArt-Ckft3noq.js                       [39m[1m[2m    8.86 kB[22m[1m[22m[2m │ gzip:   2.64 kB[22m
[2msoccer-hub-grid-artifacts/old-nesting-build/[22m[2massets/[22m[36mF1HigherLower-CCzNGAQN.js                 [39m[1m[2m    8.86 kB[22m[1m[22m[2m │ gzip:   3.71 kB[22m
[2msoccer-hub-grid-artifacts/old-nesting-build/[22m[2massets/[22m[36mTennisHigherLower-BVxRDdf2.js             [39m[1m[2m    8.88 kB[22m[1m[22m[2m │ gzip:   3.74 kB[22m
[2msoccer-hub-grid-artifacts/old-nesting-build/[22m[2massets/[22m[36mAflHigherLower-CWCwISRq.js                [39m[1m[2m    8.89 kB[22m[1m[22m[2m │ gzip:   3.77 kB[22m
[2msoccer-hub-grid-artifacts/old-nesting-build/[22m[2massets/[22m[36mCfbHigherLower-B_M-r2v5.js                [39m[1m[2m    8.91 kB[22m[1m[22m[2m │ gzip:   3.74 kB[22m
[2msoccer-hub-grid-artifacts/old-nesting-build/[22m[2massets/[22m[36mNbaHigherLower-CqsrZLHL.js                [39m[1m[2m    8.92 kB[22m[1m[22m[2m │ gzip:   3.71 kB[22m
[2msoccer-hub-grid-artifacts/old-nesting-build/[22m[2massets/[22m[36mGolfHigherLower-CNq2fbox.js               [39m[1m[2m    8.95 kB[22m[1m[22m[2m │ gzip:   3.80 kB[22m
[2msoccer-hub-grid-artifacts/old-nesting-build/[22m[2massets/[22m[36mTrainingScreen-WSyafk_O.js                [39m[1m[2m    9.17 kB[22m[1m[22m[2m │ gzip:   3.07 kB[22m
[2msoccer-hub-grid-artifacts/old-nesting-build/[22m[2massets/[22m[36mgmStaff-CQgWbtVe.js                       [39m[1m[2m    9.22 kB[22m[1m[22m[2m │ gzip:   3.90 kB[22m
[2msoccer-hub-grid-artifacts/old-nesting-build/[22m[2massets/[22m[36mNflHigherLower-AflnJOKg.js                [39m[1m[2m    9.23 kB[22m[1m[22m[2m │ gzip:   3.84 kB[22m
[2msoccer-hub-grid-artifacts/old-nesting-build/[22m[2massets/[22m[36mHomeAbout-Cf0n2Y_e.js                     [39m[1m[2m    9.39 kB[22m[1m[22m[2m │ gzip:   3.71 kB[22m
[2msoccer-hub-grid-artifacts/old-nesting-build/[22m[2massets/[22m[36mPollOfTheDay-DNk_x0x8.js                  [39m[1m[2m    9.56 kB[22m[1m[22m[2m │ gzip:   4.18 kB[22m
[2msoccer-hub-grid-artifacts/old-nesting-build/[22m[2massets/[22m[36mWorldCup2026Results-rVMwyORd.js           [39m[1m[2m    9.57 kB[22m[1m[22m[2m │ gzip:   3.17 kB[22m
[2msoccer-hub-grid-artifacts/old-nesting-build/[22m[2massets/[22m[36mStaffScreen-DPJW322H.js                   [39m[1m[2m    9.71 kB[22m[1m[22m[2m │ gzip:   3.49 kB[22m
[2msoccer-hub-grid-artifacts/old-nesting-build/[22m[2massets/[22m[36mPackBattle-pb1uJdJg.js                    [39m[1m[2m   10.31 kB[22m[1m[22m[2m │ gzip:   4.18 kB[22m
[2msoccer-hub-grid-artifacts/old-nesting-build/[22m[2massets/[22m[36mGameNavbar-BtKrM-XS.js                    [39m[1m[2m   10.36 kB[22m[1m[22m[2m │ gzip:   3.80 kB[22m
[2msoccer-hub-grid-artifacts/old-nesting-build/[22m[2massets/[22m[36mTermsOfService-_i1baTl5.js                [39m[1m[2m   10.46 kB[22m[1m[22m[2m │ gzip:   3.57 kB[22m
[2msoccer-hub-grid-artifacts/old-nesting-build/[22m[2massets/[22m[36mClubManagerSeasonSummary-iGzxjipC.js      [39m[1m[2m   10.97 kB[22m[1m[22m[2m │ gzip:   3.56 kB[22m
[2msoccer-hub-grid-artifacts/old-nesting-build/[22m[2massets/[22m[36mHockeyGrid-D6kj2Ief.js                    [39m[1m[2m   11.01 kB[22m[1m[22m[2m │ gzip:   4.15 kB[22m
[2msoccer-hub-grid-artifacts/old-nesting-build/[22m[2massets/[22m[36mAdminReports-B9_4Td5Z.js                  [39m[1m[2m   11.01 kB[22m[1m[22m[2m │ gzip:   3.94 kB[22m
[2msoccer-hub-grid-artifacts/old-nesting-build/[22m[2massets/[22m[36mCustomClubForm-Bw8z-Phg.js                [39m[1m[2m   11.06 kB[22m[1m[22m[2m │ gzip:   3.24 kB[22m
[2msoccer-hub-grid-artifacts/old-nesting-build/[22m[2massets/[22m[36mGauntletDraft-CvuT4JMr.js                 [39m[1m[2m   11.07 kB[22m[1m[22m[2m │ gzip:   4.25 kB[22m
[2msoccer-hub-grid-artifacts/old-nesting-build/[22m[2massets/[22m[36mQuizBoard--0mPknHN.js                     [39m[1m[2m   11.13 kB[22m[1m[22m[2m │ gzip:   4.77 kB[22m
[2msoccer-hub-grid-artifacts/old-nesting-build/[22m[2massets/[22m[36mStatsScreen-CrzKIRsp.js                   [39m[1m[2m   11.13 kB[22m[1m[22m[2m │ gzip:   2.99 kB[22m
[2msoccer-hub-grid-artifacts/old-nesting-build/[22m[2massets/[22m[36mfightCareer-DFz8n-Ta.js                   [39m[1m[2m   11.14 kB[22m[1m[22m[2m │ gzip:   4.92 kB[22m
[2msoccer-hub-grid-artifacts/old-nesting-build/[22m[2massets/[22m[36mMlbGrid-G4K5D7fr.js                       [39m[1m[2m   11.17 kB[22m[1m[22m[2m │ gzip:   4.26 kB[22m
[2msoccer-hub-grid-artifacts/old-nesting-build/[22m[2massets/[22m[36mAcademyScreen-CORotN06.js                 [39m[1m[2m   11.42 kB[22m[1m[22m[2m │ gzip:   3.64 kB[22m
[2msoccer-hub-grid-artifacts/old-nesting-build/[22m[2massets/[22m[36mShareButtons-CiTQTMsq.js                  [39m[1m[2m   11.64 kB[22m[1m[22m[2m │ gzip:   4.53 kB[22m
[2msoccer-hub-grid-artifacts/old-nesting-build/[22m[2massets/[22m[36mBallIq-Dpg8n_Wm.js                        [39m[1m[2m   11.71 kB[22m[1m[22m[2m │ gzip:   4.68 kB[22m
[2msoccer-hub-grid-artifacts/old-nesting-build/[22m[2massets/[22m[36mHockeyHigherLower-Bx0Y4CTx.js             [39m[1m[2m   11.83 kB[22m[1m[22m[2m │ gzip:   4.34 kB[22m
[2msoccer-hub-grid-artifacts/old-nesting-build/[22m[2massets/[22m[36mSearchAndDiscard-BHbYV-qK.js              [39m[1m[2m   11.91 kB[22m[1m[22m[2m │ gzip:   4.67 kB[22m
[2msoccer-hub-grid-artifacts/old-nesting-build/[22m[2massets/[22m[36mChampionsLeagueFormatHistory-DNGmNf0p.js  [39m[1m[2m   12.02 kB[22m[1m[22m[2m │ gzip:   3.91 kB[22m
[2msoccer-hub-grid-artifacts/old-nesting-build/[22m[2massets/[22m[36mGenericLineupBoard-BAKTR4M_.js            [39m[1m[2m   12.17 kB[22m[1m[22m[2m │ gzip:   4.44 kB[22m
[2msoccer-hub-grid-artifacts/old-nesting-build/[22m[2massets/[22m[36mFinancesScreen-EydpgEM8.js                [39m[1m[2m   12.23 kB[22m[1m[22m[2m │ gzip:   3.38 kB[22m
[2msoccer-hub-grid-artifacts/old-nesting-build/[22m[2massets/[22m[36muclFormatHistory-DwuhruDw.js              [39m[1m[2m   12.33 kB[22m[1m[22m[2m │ gzip:   3.47 kB[22m
[2msoccer-hub-grid-artifacts/old-nesting-build/[22m[2massets/[22m[36mCalendarScreen-xn8GL6Kk.js                [39m[1m[2m   12.61 kB[22m[1m[22m[2m │ gzip:   4.40 kB[22m
[2msoccer-hub-grid-artifacts/old-nesting-build/[22m[2massets/[22m[36mLeaderboard-OSRZPQhq.js                   [39m[1m[2m   12.66 kB[22m[1m[22m[2m │ gzip:   4.30 kB[22m
[2msoccer-hub-grid-artifacts/old-nesting-build/[22m[2massets/[22m[36mNbaGrid-m1ol9BES.js                       [39m[1m[2m   12.76 kB[22m[1m[22m[2m │ gzip:   4.76 kB[22m
[2msoccer-hub-grid-artifacts/old-nesting-build/[22m[2massets/[22m[36mFootballTimeline-B6Yklmm6.js              [39m[1m[2m   12.77 kB[22m[1m[22m[2m │ gzip:   4.26 kB[22m
[2msoccer-hub-grid-artifacts/old-nesting-build/[22m[2massets/[22m[36mSetPieceBoard-CwN4Nq2K.js                 [39m[1m[2m   12.97 kB[22m[1m[22m[2m │ gzip:   5.25 kB[22m
[2msoccer-hub-grid-artifacts/old-nesting-build/[22m[2massets/[22m[36mnflHLCategories-DOyYzQVv.js               [39m[1m[2m   13.14 kB[22m[1m[22m[2m │ gzip:   3.65 kB[22m
[2msoccer-hub-grid-artifacts/old-nesting-build/[22m[2massets/[22m[36mintlNames-sa3xt8QC.js                     [39m[1m[2m   13.18 kB[22m[1m[22m[2m │ gzip:   6.17 kB[22m
[2msoccer-hub-grid-artifacts/old-nesting-build/[22m[2massets/[22m[36mHigherLower-DAGpsSb9.js                   [39m[1m[2m   13.41 kB[22m[1m[22m[2m │ gzip:   4.82 kB[22m
[2msoccer-hub-grid-artifacts/old-nesting-build/[22m[2massets/[22m[36mMysteryBox-DJGHOMM1.js                    [39m[1m[2m   13.47 kB[22m[1m[22m[2m │ gzip:   5.30 kB[22m
[2msoccer-hub-grid-artifacts/old-nesting-build/[22m[2massets/[22m[36mShirtNumber-CDz0AWfQ.js                   [39m[1m[2m   13.51 kB[22m[1m[22m[2m │ gzip:   5.25 kB[22m
[2msoccer-hub-grid-artifacts/old-nesting-build/[22m[2massets/[22m[36mNflMyCareer-C7lsusb4.js                   [39m[1m[2m   13.75 kB[22m[1m[22m[2m │ gzip:   6.06 kB[22m
[2msoccer-hub-grid-artifacts/old-nesting-build/[22m[2massets/[22m[36mTennisChain-fruw2HQE.js                   [39m[1m[2m   13.78 kB[22m[1m[22m[2m │ gzip:   4.94 kB[22m
[2msoccer-hub-grid-artifacts/old-nesting-build/[22m[2massets/[22m[36mstadiumManagement-a4ZEwMzG.js             [39m[1m[2m   13.81 kB[22m[1m[22m[2m │ gzip:   5.38 kB[22m
[2msoccer-hub-grid-artifacts/old-nesting-build/[22m[2massets/[22m[36mNascarChain-Ccx8M7tQ.js                   [39m[1m[2m   13.86 kB[22m[1m[22m[2m │ gzip:   4.93 kB[22m
[2msoccer-hub-grid-artifacts/old-nesting-build/[22m[2massets/[22m[36mSilverwareSort-B1dQjyKJ.js                [39m[1m[2m   13.95 kB[22m[1m[22m[2m │ gzip:   5.38 kB[22m
[2msoccer-hub-grid-artifacts/old-nesting-build/[22m[2massets/[22m[36mMlbConnect4-RxIpFZ4E.js                   [39m[1m[2m   14.06 kB[22m[1m[22m[2m │ gzip:   5.32 kB[22m
[2msoccer-hub-grid-artifacts/old-nesting-build/[22m[2massets/[22m[36mNhlConnect4-YbH7VgNR.js                   [39m[1m[2m   14.13 kB[22m[1m[22m[2m │ gzip:   5.31 kB[22m
[2msoccer-hub-grid-artifacts/old-nesting-build/[22m[2massets/[22m[36mCbbGrid-DDw_xwPE.js                       [39m[1m[2m   14.20 kB[22m[1m[22m[2m │ gzip:   5.64 kB[22m
[2msoccer-hub-grid-artifacts/old-nesting-build/[22m[2massets/[22m[36mWhodTheyBeat-BTWpp-sT.js                  [39m[1m[2m   14.23 kB[22m[1m[22m[2m │ gzip:   5.59 kB[22m
[2msoccer-hub-grid-artifacts/old-nesting-build/[22m[2massets/[22m[36mNflConnect4-CDWqvb-6.js                   [39m[1m[2m   14.43 kB[22m[1m[22m[2m │ gzip:   5.38 kB[22m
[2msoccer-hub-grid-artifacts/old-nesting-build/[22m[2massets/[22m[36mFootballGrid-DfJ7LTzl.js                  [39m[1m[2m   14.44 kB[22m[1m[22m[2m │ gzip:   5.49 kB[22m
[2msoccer-hub-grid-artifacts/old-nesting-build/[22m[2massets/[22m[36mContractsCard-MfRcg_wm.js                 [39m[1m[2m   14.73 kB[22m[1m[22m[2m │ gzip:   4.59 kB[22m
[2msoccer-hub-grid-artifacts/old-nesting-build/[22m[2massets/[22m[36mAlphabetSprint-P7RlNgZS.js                [39m[1m[2m   14.97 kB[22m[1m[22m[2m │ gzip:   5.82 kB[22m
[2msoccer-hub-grid-artifacts/old-nesting-build/[22m[2massets/[22m[36mPlayerAvatar-CMHLChBU.js                  [39m[1m[2m   15.16 kB[22m[1m[22m[2m │ gzip:   3.93 kB[22m
[2msoccer-hub-grid-artifacts/old-nesting-build/[22m[2massets/[22m[36mNflConnections-BHbQn5zH.js                [39m[1m[2m   15.25 kB[22m[1m[22m[2m │ gzip:   5.73 kB[22m
[2msoccer-hub-grid-artifacts/old-nesting-build/[22m[2massets/[22m[36musStatesPaths-DfX_GtuE.js                 [39m[1m[2m   15.67 kB[22m[1m[22m[2m │ gzip:   5.35 kB[22m
[2msoccer-hub-grid-artifacts/old-nesting-build/[22m[2massets/[22m[36mCareerSeasonReview-CWfnWryV.js            [39m[1m[2m   15.77 kB[22m[1m[22m[2m │ gzip:   4.48 kB[22m
[2msoccer-hub-grid-artifacts/old-nesting-build/[22m[2massets/[22m[36mNbaChain-C2b090Hj.js                      [39m[1m[2m   16.01 kB[22m[1m[22m[2m │ gzip:   6.11 kB[22m
[2msoccer-hub-grid-artifacts/old-nesting-build/[22m[2massets/[22m[36mCareerGame-rKcpfQup.js                    [39m[1m[2m   16.06 kB[22m[1m[22m[2m │ gzip:   6.09 kB[22m
[2msoccer-hub-grid-artifacts/old-nesting-build/[22m[2massets/[22m[36mNbaConnect4-oRgLMOQ2.js                   [39m[1m[2m   16.16 kB[22m[1m[22m[2m │ gzip:   5.91 kB[22m
[2msoccer-hub-grid-artifacts/old-nesting-build/[22m[2massets/[22m[36mConquestActionScene-DdESvpdX.js           [39m[1m[2m   16.54 kB[22m[1m[22m[2m │ gzip:   6.80 kB[22m
[2msoccer-hub-grid-artifacts/old-nesting-build/[22m[2massets/[22m[36mGuessCbbTeam-BR0_s9VI.js                  [39m[1m[2m   16.63 kB[22m[1m[22m[2m │ gzip:   6.15 kB[22m
[2msoccer-hub-grid-artifacts/old-nesting-build/[22m[2massets/[22m[36msiteSearch-UDQYsDAX.js                    [39m[1m[2m   16.88 kB[22m[1m[22m[2m │ gzip:   6.85 kB[22m
[2msoccer-hub-grid-artifacts/old-nesting-build/[22m[2massets/[22m[36mGuessTennisPlayer-NB_MZaq8.js             [39m[1m[2m   16.91 kB[22m[1m[22m[2m │ gzip:   6.03 kB[22m
[2msoccer-hub-grid-artifacts/old-nesting-build/[22m[2massets/[22m[36mNflPlayoffFormatHistory-iPEZw0Kr.js       [39m[1m[2m   17.04 kB[22m[1m[22m[2m │ gzip:   5.58 kB[22m
[2msoccer-hub-grid-artifacts/old-nesting-build/[22m[2massets/[22m[36mThroughBallBoard-BHDWC2i-.js              [39m[1m[2m   17.07 kB[22m[1m[22m[2m │ gzip:   6.34 kB[22m
[2msoccer-hub-grid-artifacts/old-nesting-build/[22m[2massets/[22m[36mcareerLadder-DEpFvLoN.js                  [39m[1m[2m   17.39 kB[22m[1m[22m[2m │ gzip:   6.57 kB[22m
[2msoccer-hub-grid-artifacts/old-nesting-build/[22m[2massets/[22m[36mcore-D0aTq49I.js                          [39m[1m[2m   18.21 kB[22m[1m[22m[2m │ gzip:   7.37 kB[22m
[2msoccer-hub-grid-artifacts/old-nesting-build/[22m[2massets/[22m[36mSeasonVerdict-OtB7RY4m.js                 [39m[1m[2m   18.29 kB[22m[1m[22m[2m │ gzip:   7.39 kB[22m
[2msoccer-hub-grid-artifacts/old-nesting-build/[22m[2massets/[22m[36mMlbPostseasonFormatHistory-02gV2_KU.js    [39m[1m[2m   18.30 kB[22m[1m[22m[2m │ gzip:   5.64 kB[22m
[2msoccer-hub-grid-artifacts/old-nesting-build/[22m[2massets/[22m[36msquadDeal-BYRfRgRH.js                     [39m[1m[2m   18.35 kB[22m[1m[22m[2m │ gzip:   7.44 kB[22m
[2msoccer-hub-grid-artifacts/old-nesting-build/[22m[2massets/[22m[36mWhoAmI-BhcJsCIu.js                        [39m[1m[2m   18.77 kB[22m[1m[22m[2m │ gzip:   5.96 kB[22m
[2msoccer-hub-grid-artifacts/old-nesting-build/[22m[2massets/[22m[36mScorePredictor-KB5S4iwF.js                [39m[1m[2m   18.80 kB[22m[1m[22m[2m │ gzip:   6.53 kB[22m
[2msoccer-hub-grid-artifacts/old-nesting-build/[22m[2massets/[22m[36mSquadScreen-DLk7Ovyl.js                   [39m[1m[2m   18.85 kB[22m[1m[22m[2m │ gzip:   6.78 kB[22m
[2msoccer-hub-grid-artifacts/old-nesting-build/[22m[2massets/[22m[36mnhlFoPlayers-j0YE08i0.js                  [39m[1m[2m   19.06 kB[22m[1m[22m[2m │ gzip:   5.46 kB[22m
[2msoccer-hub-grid-artifacts/old-nesting-build/[22m[2massets/[22m[36mPlayerStockMarket-Bt2KL5yD.js             [39m[1m[2m   19.19 kB[22m[1m[22m[2m │ gzip:   7.06 kB[22m
[2msoccer-hub-grid-artifacts/old-nesting-build/[22m[2massets/[22m[36mSoccerPerfectSeason-BeYYV8jq.js           [39m[1m[2m   19.25 kB[22m[1m[22m[2m │ gzip:   6.66 kB[22m
[2msoccer-hub-grid-artifacts/old-nesting-build/[22m[2massets/[22m[36mPrivacyPolicy-DVdv3FvI.js                 [39m[1m[2m   19.35 kB[22m[1m[22m[2m │ gzip:   6.00 kB[22m
[2msoccer-hub-grid-artifacts/old-nesting-build/[22m[2massets/[22m[36mWorldXi-IFBVueOG.js                       [39m[1m[2m   19.65 kB[22m[1m[22m[2m │ gzip:   6.74 kB[22m
[2msoccer-hub-grid-artifacts/old-nesting-build/[22m[2massets/[22m[36mClubManagerCareerPanel-DRC6EFag.js        [39m[1m[2m   19.67 kB[22m[1m[22m[2m │ gzip:   5.82 kB[22m
[2msoccer-hub-grid-artifacts/old-nesting-build/[22m[2massets/[22m[36mNbaStatLine-CjsEltTP.js                   [39m[1m[2m   19.82 kB[22m[1m[22m[2m │ gzip:   7.36 kB[22m
[2msoccer-hub-grid-artifacts/old-nesting-build/[22m[2massets/[22m[36mfootleEnrichment-BOt-YWCc.js              [39m[1m[2m   19.95 kB[22m[1m[22m[2m │ gzip:   5.57 kB[22m
[2msoccer-hub-grid-artifacts/old-nesting-build/[22m[2massets/[22m[36msoccerMoments-A-cjx4Nc.js                 [39m[1m[2m   19.96 kB[22m[1m[22m[2m │ gzip:   8.34 kB[22m
[2msoccer-hub-grid-artifacts/old-nesting-build/[22m[2massets/[22m[36mClueAuction-Bca8T9I0.js                   [39m[1m[2m   20.01 kB[22m[1m[22m[2m │ gzip:   7.26 kB[22m
[2msoccer-hub-grid-artifacts/old-nesting-build/[22m[2massets/[22m[36mHofOrBust-QvnTa7hJ.js                     [39m[1m[2m   20.06 kB[22m[1m[22m[2m │ gzip:   7.25 kB[22m
[2msoccer-hub-grid-artifacts/old-nesting-build/[22m[2massets/[22m[36mPuckDetective-oUA2kCxD.js                 [39m[1m[2m   20.06 kB[22m[1m[22m[2m │ gzip:   7.41 kB[22m
[2msoccer-hub-grid-artifacts/old-nesting-build/[22m[2massets/[22m[36mUsCareerPractice-BK_m5N-I.js              [39m[1m[2m   20.18 kB[22m[1m[22m[2m │ gzip:   5.87 kB[22m
[2msoccer-hub-grid-artifacts/old-nesting-build/[22m[2massets/[22m[36museTycoonRewards-DKxgKuSc.js              [39m[1m[2m   20.27 kB[22m[1m[22m[2m │ gzip:   7.63 kB[22m
[2msoccer-hub-grid-artifacts/old-nesting-build/[22m[2massets/[22m[36mSquadSheet-BSrVKdi0.js                    [39m[1m[2m   20.38 kB[22m[1m[22m[2m │ gzip:   7.44 kB[22m
[2msoccer-hub-grid-artifacts/old-nesting-build/[22m[2massets/[22m[36mGuessTheNation-wdplGZrJ.js                [39m[1m[2m   20.67 kB[22m[1m[22m[2m │ gzip:   7.20 kB[22m
[2msoccer-hub-grid-artifacts/old-nesting-build/[22m[2massets/[22m[36mPerfectSeasonMlb-oVO5mxLQ.js              [39m[1m[2m   20.79 kB[22m[1m[22m[2m │ gzip:   7.40 kB[22m
[2msoccer-hub-grid-artifacts/old-nesting-build/[22m[2massets/[22m[36msoccerInternational-FiWGI8ks.js           [39m[1m[2m   21.07 kB[22m[1m[22m[2m │ gzip:   7.67 kB[22m
[2msoccer-hub-grid-artifacts/old-nesting-build/[22m[2massets/[22m[36mAcademyPanel-DOiNaWsQ.js                  [39m[1m[2m   21.07 kB[22m[1m[22m[2m │ gzip:   7.74 kB[22m
[2msoccer-hub-grid-artifacts/old-nesting-build/[22m[2massets/[22m[36mselect-BWxu1hJN.js                        [39m[1m[2m   21.29 kB[22m[1m[22m[2m │ gzip:   7.41 kB[22m
[2msoccer-hub-grid-artifacts/old-nesting-build/[22m[2massets/[22m[36mBudgetBuilder-BBTuUUTS.js                 [39m[1m[2m   21.57 kB[22m[1m[22m[2m │ gzip:   7.45 kB[22m
[2msoccer-hub-grid-artifacts/old-nesting-build/[22m[2massets/[22m[36mStatDetective-hHxEx_mD.js                 [39m[1m[2m   21.61 kB[22m[1m[22m[2m │ gzip:   8.39 kB[22m
[2msoccer-hub-grid-artifacts/old-nesting-build/[22m[2massets/[22m[36mSoccerConquest-CpO1X62k.js                [39m[1m[2m   21.70 kB[22m[1m[22m[2m │ gzip:   9.19 kB[22m
[2msoccer-hub-grid-artifacts/old-nesting-build/[22m[2massets/[22m[36mMlbGauntletDraft-jzubLXe-.js              [39m[1m[2m   21.86 kB[22m[1m[22m[2m │ gzip:   7.05 kB[22m
[2msoccer-hub-grid-artifacts/old-nesting-build/[22m[2massets/[22m[36mCbbDynasty-_qZUvZ-w.js                    [39m[1m[2m   21.87 kB[22m[1m[22m[2m │ gzip:   9.12 kB[22m
[2msoccer-hub-grid-artifacts/old-nesting-build/[22m[2massets/[22m[36mSportsMillionaire-CUgiN0Im.js             [39m[1m[2m   21.92 kB[22m[1m[22m[2m │ gzip:   7.55 kB[22m
[2msoccer-hub-grid-artifacts/old-nesting-build/[22m[2massets/[22m[36mNbaConnections-DQlcRc3n.js                [39m[1m[2m   22.05 kB[22m[1m[22m[2m │ gzip:   8.26 kB[22m
[2msoccer-hub-grid-artifacts/old-nesting-build/[22m[2massets/[22m[36mNhlConnections-CKGORpbs.js                [39m[1m[2m   22.07 kB[22m[1m[22m[2m │ gzip:   8.19 kB[22m
[2msoccer-hub-grid-artifacts/old-nesting-build/[22m[2massets/[22m[36mFootballConnect4-Ctm2M7kJ.js              [39m[1m[2m   22.25 kB[22m[1m[22m[2m │ gzip:   7.23 kB[22m
[2msoccer-hub-grid-artifacts/old-nesting-build/[22m[2massets/[22m[36mCfbDynasty-DcUcJ66C.js                    [39m[1m[2m   22.28 kB[22m[1m[22m[2m │ gzip:   9.15 kB[22m
[2msoccer-hub-grid-artifacts/old-nesting-build/[22m[2massets/[22m[36mMinefield-DuOv5Sxx.js                     [39m[1m[2m   22.45 kB[22m[1m[22m[2m │ gzip:   9.31 kB[22m
[2msoccer-hub-grid-artifacts/old-nesting-build/[22m[2massets/[22m[36mclubManagement-DcbI7CmC.js                [39m[1m[2m   22.51 kB[22m[1m[22m[2m │ gzip:   8.90 kB[22m
[2msoccer-hub-grid-artifacts/old-nesting-build/[22m[2massets/[22m[36mMatchReportCard-BVQrxDUJ.js               [39m[1m[2m   22.89 kB[22m[1m[22m[2m │ gzip:   5.99 kB[22m
[2msoccer-hub-grid-artifacts/old-nesting-build/[22m[2massets/[22m[36mEmojiGuess-BTmQFOWD.js                    [39m[1m[2m   23.23 kB[22m[1m[22m[2m │ gzip:   8.83 kB[22m
[2msoccer-hub-grid-artifacts/old-nesting-build/[22m[2massets/[22m[36mPerfectSeasonNhl-MRrWGoNs.js              [39m[1m[2m   23.25 kB[22m[1m[22m[2m │ gzip:   8.23 kB[22m
[2msoccer-hub-grid-artifacts/old-nesting-build/[22m[2massets/[22m[36mhigherLowerPlayers-CyK6rra4.js            [39m[1m[2m   23.57 kB[22m[1m[22m[2m │ gzip:   5.08 kB[22m
[2msoccer-hub-grid-artifacts/old-nesting-build/[22m[2massets/[22m[36mSignThePlayer-BlPB2KfV.js                 [39m[1m[2m   23.78 kB[22m[1m[22m[2m │ gzip:   9.14 kB[22m
[2msoccer-hub-grid-artifacts/old-nesting-build/[22m[2massets/[22m[36mContractChaos-K13Vyb9I.js                 [39m[1m[2m   24.02 kB[22m[1m[22m[2m │ gzip:   9.17 kB[22m
[2msoccer-hub-grid-artifacts/old-nesting-build/[22m[2massets/[22m[36mHallOfChampions-C3Wclzuq.js               [39m[1m[2m   24.07 kB[22m[1m[22m[2m │ gzip:   8.21 kB[22m
[2msoccer-hub-grid-artifacts/old-nesting-build/[22m[2massets/[22m[36mManagerHotSeat-B44GjTs1.js                [39m[1m[2m   24.59 kB[22m[1m[22m[2m │ gzip:   7.07 kB[22m
[2msoccer-hub-grid-artifacts/old-nesting-build/[22m[2massets/[22m[36mSoccerSeasonCentre-_O-7zSc5.js            [39m[1m[2m   24.59 kB[22m[1m[22m[2m │ gzip:   9.85 kB[22m
[2msoccer-hub-grid-artifacts/old-nesting-build/[22m[2massets/[22m[36mF1Constructor-CaSy5Mlj.js                 [39m[1m[2m   24.84 kB[22m[1m[22m[2m │ gzip:   8.71 kB[22m
[2msoccer-hub-grid-artifacts/old-nesting-build/[22m[2massets/[22m[36mDrillBoard-CBYGtn1_.js                    [39m[1m[2m   25.24 kB[22m[1m[22m[2m │ gzip:   9.32 kB[22m
[2msoccer-hub-grid-artifacts/old-nesting-build/[22m[2massets/[22m[36mPerfectSeasonNba-9rcH3b_k.js              [39m[1m[2m   25.61 kB[22m[1m[22m[2m │ gzip:   9.00 kB[22m
[2msoccer-hub-grid-artifacts/old-nesting-build/[22m[2massets/[22m[36mSquadDeal-SKfUiZVb.js                     [39m[1m[2m   25.91 kB[22m[1m[22m[2m │ gzip:   7.92 kB[22m
[2msoccer-hub-grid-artifacts/old-nesting-build/[22m[2massets/[22m[36mNhlPlayoffFormatHistory-B78DfGTu.js       [39m[1m[2m   25.96 kB[22m[1m[22m[2m │ gzip:   7.81 kB[22m
[2msoccer-hub-grid-artifacts/old-nesting-build/[22m[2massets/[22m[36mListQuiz-BmegFaQz.js                      [39m[1m[2m   26.16 kB[22m[1m[22m[2m │ gzip:   9.88 kB[22m
[2msoccer-hub-grid-artifacts/old-nesting-build/[22m[2massets/[22m[36mF1Driver-Dc6VrMBM.js                      [39m[1m[2m   26.68 kB[22m[1m[22m[2m │ gzip:   9.64 kB[22m
[2msoccer-hub-grid-artifacts/old-nesting-build/[22m[2massets/[22m[36mRarityRound-oF0Ccf2H.js                   [39m[1m[2m   27.01 kB[22m[1m[22m[2m │ gzip:   7.83 kB[22m
[2msoccer-hub-grid-artifacts/old-nesting-build/[22m[2massets/[22m[36mNFLCareer-9ztmIkyy.js                     [39m[1m[2m   27.09 kB[22m[1m[22m[2m │ gzip:   7.47 kB[22m
[2msoccer-hub-grid-artifacts/old-nesting-build/[22m[2massets/[22m[36mFreeKick-Bfs1Ai_6.js                      [39m[1m[2m   27.10 kB[22m[1m[22m[2m │ gzip:   8.94 kB[22m
[2msoccer-hub-grid-artifacts/old-nesting-build/[22m[2massets/[22m[36mSoccerGrid-CJn5XmVy.js                    [39m[1m[2m   27.12 kB[22m[1m[22m[2m │ gzip:   8.72 kB[22m
[2msoccer-hub-grid-artifacts/old-nesting-build/[22m[2massets/[22m[36mRankEm-DVxlNLWM.js                        [39m[1m[2m   27.20 kB[22m[1m[22m[2m │ gzip:   9.73 kB[22m
[2msoccer-hub-grid-artifacts/old-nesting-build/[22m[2massets/[22m[36mFaceOff-naCLf5SS.js                       [39m[1m[2m   27.37 kB[22m[1m[22m[2m │ gzip:   9.32 kB[22m
[2msoccer-hub-grid-artifacts/old-nesting-build/[22m[2massets/[22m[36mNbaPlayoffFormatHistory-Bnd6bknE.js       [39m[1m[2m   27.58 kB[22m[1m[22m[2m │ gzip:   8.38 kB[22m
[2msoccer-hub-grid-artifacts/old-nesting-build/[22m[2massets/[22m[36mNbaLineup-DE60N93o.js                     [39m[1m[2m   27.68 kB[22m[1m[22m[2m │ gzip:   8.48 kB[22m
[2msoccer-hub-grid-artifacts/old-nesting-build/[22m[2massets/[22m[36mPlayerBingo-R-wJTQzM.js                   [39m[1m[2m   28.30 kB[22m[1m[22m[2m │ gzip:  10.15 kB[22m
[2msoccer-hub-grid-artifacts/old-nesting-build/[22m[2massets/[22m[36mNbaCareer-CjSn8VPo.js                     [39m[1m[2m   28.38 kB[22m[1m[22m[2m │ gzip:   8.02 kB[22m
[2msoccer-hub-grid-artifacts/old-nesting-build/[22m[2massets/[22m[36mstadiumTycoon-Bw9HjhD7.js                 [39m[1m[2m   28.95 kB[22m[1m[22m[2m │ gzip:  10.26 kB[22m
[2msoccer-hub-grid-artifacts/old-nesting-build/[22m[2massets/[22m[36mOlympics-B9qZDulm.js                      [39m[1m[2m   29.00 kB[22m[1m[22m[2m │ gzip:  10.26 kB[22m
[2msoccer-hub-grid-artifacts/old-nesting-build/[22m[2massets/[22m[36mSeasonReportTabs-DOqU-Vk4.js              [39m[1m[2m   29.70 kB[22m[1m[22m[2m │ gzip:  12.03 kB[22m
[2msoccer-hub-grid-artifacts/old-nesting-build/[22m[2massets/[22m[36mCollegeDynastyBoard-CcQmRt6T.js           [39m[1m[2m   30.12 kB[22m[1m[22m[2m │ gzip:   9.01 kB[22m
[2msoccer-hub-grid-artifacts/old-nesting-build/[22m[2massets/[22m[36mFantasyDraft-D01LsGh6.js                  [39m[1m[2m   30.43 kB[22m[1m[22m[2m │ gzip:   9.26 kB[22m
[2msoccer-hub-grid-artifacts/old-nesting-build/[22m[2massets/[22m[36mPerfectSeasonNfl-CKegVs4y.js              [39m[1m[2m   31.07 kB[22m[1m[22m[2m │ gzip:  11.19 kB[22m
[2msoccer-hub-grid-artifacts/old-nesting-build/[22m[2massets/[22m[36mChampOrNot-Cw7G-xH_.js                    [39m[1m[2m   31.22 kB[22m[1m[22m[2m │ gzip:   9.65 kB[22m
[2msoccer-hub-grid-artifacts/old-nesting-build/[22m[2massets/[22m[36mGuessTheYear-N6Y2UxiY.js                  [39m[1m[2m   31.26 kB[22m[1m[22m[2m │ gzip:  10.93 kB[22m
[2msoccer-hub-grid-artifacts/old-nesting-build/[22m[2massets/[22m[36mmanagerHotSeat-BcGTS6BU.js                [39m[1m[2m   31.65 kB[22m[1m[22m[2m │ gzip:   6.93 kB[22m
[2msoccer-hub-grid-artifacts/old-nesting-build/[22m[2massets/[22m[36mFightGym-DTAGqEPM.js                      [39m[1m[2m   31.96 kB[22m[1m[22m[2m │ gzip:  10.34 kB[22m
[2msoccer-hub-grid-artifacts/old-nesting-build/[22m[2massets/[22m[36mHockeyCareer-DYw7ERRE.js                  [39m[1m[2m   32.27 kB[22m[1m[22m[2m │ gzip:   8.48 kB[22m
[2msoccer-hub-grid-artifacts/old-nesting-build/[22m[2massets/[22m[36mconquestDataNba-BDN2iDyW.js               [39m[1m[2m   32.42 kB[22m[1m[22m[2m │ gzip:   8.52 kB[22m
[2msoccer-hub-grid-artifacts/old-nesting-build/[22m[2massets/[22m[36mTrainingPanel-DpRDqdKj.js                 [39m[1m[2m   32.48 kB[22m[1m[22m[2m │ gzip:  10.11 kB[22m
[2msoccer-hub-grid-artifacts/old-nesting-build/[22m[2massets/[22m[36mBaseballCareer-p7updBAc.js                [39m[1m[2m   32.60 kB[22m[1m[22m[2m │ gzip:   8.73 kB[22m
[2msoccer-hub-grid-artifacts/old-nesting-build/[22m[2massets/[22m[36mCareerLadder-yvybVfFU.js                  [39m[1m[2m   32.67 kB[22m[1m[22m[2m │ gzip:  11.27 kB[22m
[2msoccer-hub-grid-artifacts/old-nesting-build/[22m[2massets/[22m[36mSportsBingo-CfegRATc.js                   [39m[1m[2m   32.84 kB[22m[1m[22m[2m │ gzip:  10.83 kB[22m
[2msoccer-hub-grid-artifacts/old-nesting-build/[22m[2massets/[22m[36mUfcChain-qJHlYaSq.js                      [39m[1m[2m   32.97 kB[22m[1m[22m[2m │ gzip:   8.33 kB[22m
[2msoccer-hub-grid-artifacts/old-nesting-build/[22m[2massets/[22m[36mIdleArena-k1g0eESW.js                     [39m[1m[2m   33.97 kB[22m[1m[22m[2m │ gzip:  11.17 kB[22m
[2msoccer-hub-grid-artifacts/old-nesting-build/[22m[2massets/[22m[36mfrontOfficePlayers-BMdaeFxZ.js            [39m[1m[2m   34.48 kB[22m[1m[22m[2m │ gzip:   8.25 kB[22m
[2msoccer-hub-grid-artifacts/old-nesting-build/[22m[2massets/[22m[36mTeammates-DytnJpum.js                     [39m[1m[2m   34.85 kB[22m[1m[22m[2m │ gzip:   9.19 kB[22m
[2msoccer-hub-grid-artifacts/old-nesting-build/[22m[2massets/[22m[36mTransferPath-BPsEwO0s.js                  [39m[1m[2m   35.28 kB[22m[1m[22m[2m │ gzip:  11.53 kB[22m
[2msoccer-hub-grid-artifacts/old-nesting-build/[22m[2massets/[22m[36mcollege-B_XqEHQm.js                       [39m[1m[2m   36.30 kB[22m[1m[22m[2m │ gzip:  11.81 kB[22m
[2msoccer-hub-grid-artifacts/old-nesting-build/[22m[2massets/[22m[36mclubRivalries-DuNC-DyB.js                 [39m[1m[2m   36.59 kB[22m[1m[22m[2m │ gzip:  10.58 kB[22m
[2msoccer-hub-grid-artifacts/old-nesting-build/[22m[2massets/[22m[36mTacticsScreen-DO9XqRsh.js                 [39m[1m[2m   37.07 kB[22m[1m[22m[2m │ gzip:  11.29 kB[22m
[2msoccer-hub-grid-artifacts/old-nesting-build/[22m[2massets/[22m[36mUfcGame-Dj9E1Z9r.js                       [39m[1m[2m   37.18 kB[22m[1m[22m[2m │ gzip:   9.73 kB[22m
[2msoccer-hub-grid-artifacts/old-nesting-build/[22m[2massets/[22m[36mCollegeGrid-Bk3rmPPt.js                   [39m[1m[2m   37.76 kB[22m[1m[22m[2m │ gzip:   9.08 kB[22m
[2msoccer-hub-grid-artifacts/old-nesting-build/[22m[2massets/[22m[36mGuessNflTeam-D33XgmPi.js                  [39m[1m[2m   37.83 kB[22m[1m[22m[2m │ gzip:  11.81 kB[22m
[2msoccer-hub-grid-artifacts/old-nesting-build/[22m[2massets/[22m[36mClubManagerHelp-7hPW_HdG.js               [39m[1m[2m   38.04 kB[22m[1m[22m[2m │ gzip:  14.25 kB[22m
[2msoccer-hub-grid-artifacts/old-nesting-build/[22m[2massets/[22m[36mGuessNascarDriver-Aox4hpYx.js             [39m[1m[2m   39.10 kB[22m[1m[22m[2m │ gzip:   9.15 kB[22m
[2msoccer-hub-grid-artifacts/old-nesting-build/[22m[2massets/[22m[36mconquestSports-B8RfKg53.js                [39m[1m[2m   39.47 kB[22m[1m[22m[2m │ gzip:  10.82 kB[22m
[2msoccer-hub-grid-artifacts/old-nesting-build/[22m[2massets/[22m[36mTransferScreen-Bnf8HL1n.js                [39m[1m[2m   39.53 kB[22m[1m[22m[2m │ gzip:  10.40 kB[22m
[2msoccer-hub-grid-artifacts/old-nesting-build/[22m[2massets/[22m[36mSeasonCentre-SL1USj6d.js                  [39m[1m[2m   39.79 kB[22m[1m[22m[2m │ gzip:  12.06 kB[22m
[2msoccer-hub-grid-artifacts/old-nesting-build/[22m[2massets/[22m[36mBuzzerBeater-SBqI40u0.js                  [39m[1m[2m   41.87 kB[22m[1m[22m[2m │ gzip:  13.65 kB[22m
[2msoccer-hub-grid-artifacts/old-nesting-build/[22m[2massets/[22m[36mera2015-CKBLW-Gg.js                       [39m[1m[2m   43.39 kB[22m[1m[22m[2m │ gzip:  14.90 kB[22m
[2msoccer-hub-grid-artifacts/old-nesting-build/[22m[2massets/[22m[36mLineupBuilder-BSuFrSXX.js                 [39m[1m[2m   43.41 kB[22m[1m[22m[2m │ gzip:  14.71 kB[22m
[2msoccer-hub-grid-artifacts/old-nesting-build/[22m[2massets/[22m[36mMissingNine-B6SV4HeS.js                   [39m[1m[2m   44.33 kB[22m[1m[22m[2m │ gzip:  12.36 kB[22m
[2msoccer-hub-grid-artifacts/old-nesting-build/[22m[2massets/[22m[36mMissingFive-_baEufvb.js                   [39m[1m[2m   44.93 kB[22m[1m[22m[2m │ gzip:  10.57 kB[22m
[2msoccer-hub-grid-artifacts/old-nesting-build/[22m[2massets/[22m[36mera2005-B29vZjuX.js                       [39m[1m[2m   45.34 kB[22m[1m[22m[2m │ gzip:  15.17 kB[22m
[2msoccer-hub-grid-artifacts/old-nesting-build/[22m[2massets/[22m[36mAppearanceBuilder-DO56KWeW.js             [39m[1m[2m   45.41 kB[22m[1m[22m[2m │ gzip:  14.39 kB[22m
[2msoccer-hub-grid-artifacts/old-nesting-build/[22m[2massets/[22m[36mera2010-YNeWL_4t.js                       [39m[1m[2m   45.62 kB[22m[1m[22m[2m │ gzip:  15.40 kB[22m
[2msoccer-hub-grid-artifacts/old-nesting-build/[22m[2massets/[22m[36mDeadlineDay-CXCJotzg.js                   [39m[1m[2m   45.98 kB[22m[1m[22m[2m │ gzip:  14.20 kB[22m
[2msoccer-hub-grid-artifacts/old-nesting-build/[22m[2massets/[22m[36mera2020-7P0IGSTf.js                       [39m[1m[2m   46.53 kB[22m[1m[22m[2m │ gzip:  16.08 kB[22m
[2msoccer-hub-grid-artifacts/old-nesting-build/[22m[2massets/[22m[36mBaseballConnections-DR3Hsuqf.js           [39m[1m[2m   49.25 kB[22m[1m[22m[2m │ gzip:  12.37 kB[22m
[2msoccer-hub-grid-artifacts/old-nesting-build/[22m[2massets/[22m[36mnbaOpeningRatings-DmYGOL8G.js             [39m[1m[2m   50.06 kB[22m[1m[22m[2m │ gzip:   6.77 kB[22m
[2msoccer-hub-grid-artifacts/old-nesting-build/[22m[2massets/[22m[36mLiveSimScreen-B8mW46Iq.js                 [39m[1m[2m   51.09 kB[22m[1m[22m[2m │ gzip:  16.85 kB[22m
[2msoccer-hub-grid-artifacts/old-nesting-build/[22m[2massets/[22m[36mCageClash-88iR4_bL.js                     [39m[1m[2m   52.18 kB[22m[1m[22m[2m │ gzip:  17.16 kB[22m
[2msoccer-hub-grid-artifacts/old-nesting-build/[22m[2massets/[22m[36mFootle-OZNuz9QQ.js                        [39m[1m[2m   54.15 kB[22m[1m[22m[2m │ gzip:  17.15 kB[22m
[2msoccer-hub-grid-artifacts/old-nesting-build/[22m[2massets/[22m[36mConquestNba-I8Z6NLuL.js                   [39m[1m[2m   54.40 kB[22m[1m[22m[2m │ gzip:  15.58 kB[22m
[2msoccer-hub-grid-artifacts/old-nesting-build/[22m[2massets/[22m[36mbaseball-D-Jqywr6.js                      [39m[1m[2m   54.43 kB[22m[1m[22m[2m │ gzip:  19.13 kB[22m
[2msoccer-hub-grid-artifacts/old-nesting-build/[22m[2massets/[22m[36mConquest-D75fLbC2.js                      [39m[1m[2m   55.76 kB[22m[1m[22m[2m │ gzip:  14.86 kB[22m
[2msoccer-hub-grid-artifacts/old-nesting-build/[22m[2massets/[22m[36mMissingEleven-I2HL4VWD.js                 [39m[1m[2m   58.10 kB[22m[1m[22m[2m │ gzip:  14.87 kB[22m
[2msoccer-hub-grid-artifacts/old-nesting-build/[22m[2massets/[22m[36mSportHub-C9Fv1uF1.js                      [39m[1m[2m   58.52 kB[22m[1m[22m[2m │ gzip:  19.68 kB[22m
[2msoccer-hub-grid-artifacts/old-nesting-build/[22m[2massets/[22m[36mhockey-BPRc4rkB.js                        [39m[1m[2m   60.68 kB[22m[1m[22m[2m │ gzip:  21.22 kB[22m
[2msoccer-hub-grid-artifacts/old-nesting-build/[22m[2massets/[22m[36mfootball-DQMlnyDd.js                      [39m[1m[2m   63.60 kB[22m[1m[22m[2m │ gzip:  22.48 kB[22m
[2msoccer-hub-grid-artifacts/old-nesting-build/[22m[2massets/[22m[36mProfile-Dagr8deU.js                       [39m[1m[2m   65.10 kB[22m[1m[22m[2m │ gzip:  20.06 kB[22m
[2msoccer-hub-grid-artifacts/old-nesting-build/[22m[2massets/[22m[36msoccer1-DAGklcK5.js                       [39m[1m[2m   65.88 kB[22m[1m[22m[2m │ gzip:  22.23 kB[22m
[2msoccer-hub-grid-artifacts/old-nesting-build/[22m[2massets/[22m[36mStadiumTycoon-BYOqBEzw.js                 [39m[1m[2m   67.97 kB[22m[1m[22m[2m │ gzip:  21.60 kB[22m
[2msoccer-hub-grid-artifacts/old-nesting-build/[22m[2massets/[22m[36mFightPromoter-a8_OSH1f.js                 [39m[1m[2m   68.48 kB[22m[1m[22m[2m │ gzip:  20.86 kB[22m
[2msoccer-hub-grid-artifacts/old-nesting-build/[22m[2massets/[22m[36mclubManagerEra2015-BUxVBSOC.js            [39m[1m[2m   73.21 kB[22m[1m[22m[2m │ gzip:  21.60 kB[22m
[2msoccer-hub-grid-artifacts/old-nesting-build/[22m[2massets/[22m[36mclubManagerEra2005-DZSwQTfX.js            [39m[1m[2m   75.93 kB[22m[1m[22m[2m │ gzip:  21.84 kB[22m
[2msoccer-hub-grid-artifacts/old-nesting-build/[22m[2massets/[22m[36mImperialismBoardShared-C_6SQ0rf.js        [39m[1m[2m   76.06 kB[22m[1m[22m[2m │ gzip:  24.92 kB[22m
[2msoccer-hub-grid-artifacts/old-nesting-build/[22m[2massets/[22m[36mclubManagerEra2010-CiScj6R7.js            [39m[1m[2m   76.80 kB[22m[1m[22m[2m │ gzip:  22.43 kB[22m
[2msoccer-hub-grid-artifacts/old-nesting-build/[22m[2massets/[22m[36mWorldCupPredictor-BBitsLwD.js             [39m[1m[2m   77.02 kB[22m[1m[22m[2m │ gzip:  23.78 kB[22m
[2msoccer-hub-grid-artifacts/old-nesting-build/[22m[2massets/[22m[36mAussieRulesManager-rqJmO1Yb.js            [39m[1m[2m   77.66 kB[22m[1m[22m[2m │ gzip:  25.45 kB[22m
[2msoccer-hub-grid-artifacts/old-nesting-build/[22m[2massets/[22m[36mClubManager-DfDSvd_c.js                   [39m[1m[2m   77.80 kB[22m[1m[22m[2m │ gzip:  24.26 kB[22m
[2msoccer-hub-grid-artifacts/old-nesting-build/[22m[2massets/[22m[36mclubManagerEra2020-Bej21k8N.js            [39m[1m[2m   78.49 kB[22m[1m[22m[2m │ gzip:  23.60 kB[22m
[2msoccer-hub-grid-artifacts/old-nesting-build/[22m[2massets/[22m[36mNhlFrontOffice-ClGf8LSm.js                [39m[1m[2m   79.27 kB[22m[1m[22m[2m │ gzip:  26.56 kB[22m
[2msoccer-hub-grid-artifacts/old-nesting-build/[22m[2massets/[22m[36mnhlOpeningRatings-Y9x0bvK7.js             [39m[1m[2m   80.49 kB[22m[1m[22m[2m │ gzip:   9.19 kB[22m
[2msoccer-hub-grid-artifacts/old-nesting-build/[22m[2massets/[22m[36mworld-bzrfPoKq.js                         [39m[1m[2m   83.56 kB[22m[1m[22m[2m │ gzip:  27.22 kB[22m
[2msoccer-hub-grid-artifacts/old-nesting-build/[22m[2massets/[22m[36mFightCareer-Bp2cSFd8.js                   [39m[1m[2m   84.13 kB[22m[1m[22m[2m │ gzip:  26.30 kB[22m
[2msoccer-hub-grid-artifacts/old-nesting-build/[22m[2massets/[22m[36mbasketball-CNtFtfjF.js                    [39m[1m[2m   84.45 kB[22m[1m[22m[2m │ gzip:  28.75 kB[22m
[2msoccer-hub-grid-artifacts/old-nesting-build/[22m[2massets/[22m[36mGuessTheCollege-CAyantWl.js               [39m[1m[2m   84.75 kB[22m[1m[22m[2m │ gzip:  22.35 kB[22m
[2msoccer-hub-grid-artifacts/old-nesting-build/[22m[2massets/[22m[36mmoreSports-GYqSPvUd.js                    [39m[1m[2m   85.08 kB[22m[1m[22m[2m │ gzip:  27.30 kB[22m
[2msoccer-hub-grid-artifacts/old-nesting-build/[22m[2massets/[22m[36mNbaFrontOffice-Dmphgp6L.js                [39m[1m[2m   90.09 kB[22m[1m[22m[2m │ gzip:  31.18 kB[22m
[2msoccer-hub-grid-artifacts/old-nesting-build/[22m[2massets/[22m[36mFrontOffice-DB9MO9rr.js                   [39m[1m[2m   90.20 kB[22m[1m[22m[2m │ gzip:  29.38 kB[22m
[2msoccer-hub-grid-artifacts/old-nesting-build/[22m[2massets/[22m[36mplayers-BvqkSYM9.js                       [39m[1m[2m   97.64 kB[22m[1m[22m[2m │ gzip:  14.48 kB[22m
[2msoccer-hub-grid-artifacts/old-nesting-build/[22m[2massets/[22m[36mGmTradeBuilder-Blh_pY8e.js                [39m[1m[2m  104.01 kB[22m[1m[22m[2m │ gzip:  35.03 kB[22m
[2msoccer-hub-grid-artifacts/old-nesting-build/[22m[2massets/[22m[36mMlbFrontOffice-BlDBBeY2.js                [39m[1m[2m  107.61 kB[22m[1m[22m[2m │ gzip:  34.16 kB[22m
[2msoccer-hub-grid-artifacts/old-nesting-build/[22m[2massets/[22m[36msoccer2-ytcxM1RV.js                       [39m[1m[2m  108.34 kB[22m[1m[22m[2m │ gzip:  36.57 kB[22m
[2msoccer-hub-grid-artifacts/old-nesting-build/[22m[2massets/[22m[36mrecordBooks-K5DZJCQh.js                   [39m[1m[2m  108.78 kB[22m[1m[22m[2m │ gzip:  19.87 kB[22m
[2msoccer-hub-grid-artifacts/old-nesting-build/[22m[2massets/[22m[36mRebuild-y9MtFw-D.js                       [39m[1m[2m  117.20 kB[22m[1m[22m[2m │ gzip:  35.63 kB[22m
[2msoccer-hub-grid-artifacts/old-nesting-build/[22m[2massets/[22m[36mConnections-CzQsUhGk.js                   [39m[1m[2m  154.18 kB[22m[1m[22m[2m │ gzip:  30.90 kB[22m
[2msoccer-hub-grid-artifacts/old-nesting-build/[22m[2massets/[22m[36mDartDraft-Ckl5u4Tu.js                     [39m[1m[2m  175.35 kB[22m[1m[22m[2m │ gzip:  57.23 kB[22m
[2msoccer-hub-grid-artifacts/old-nesting-build/[22m[2massets/[22m[36mhtml2canvas.esm-CBrSDip1.js               [39m[1m[2m  201.42 kB[22m[1m[22m[2m │ gzip:  48.03 kB[22m
[2msoccer-hub-grid-artifacts/old-nesting-build/[22m[2massets/[22m[36mMlbMyCareer-DjXL_GDz.js                   [39m[1m[2m  241.64 kB[22m[1m[22m[2m │ gzip:  81.01 kB[22m
[2msoccer-hub-grid-artifacts/old-nesting-build/[22m[2massets/[22m[36mNbaMyCareer-CDcpRxl-.js                   [39m[1m[2m  247.16 kB[22m[1m[22m[2m │ gzip:  82.96 kB[22m
[2msoccer-hub-grid-artifacts/old-nesting-build/[22m[2massets/[22m[36mNhlMyCareer-B1CbaD-5.js                   [39m[1m[2m  247.48 kB[22m[1m[22m[2m │ gzip:  82.10 kB[22m
[2msoccer-hub-grid-artifacts/old-nesting-build/[22m[2massets/[22m[36museCareerMoment-BCwyBLzo.js               [39m[1m[2m  262.39 kB[22m[1m[22m[2m │ gzip:  66.34 kB[22m
[2msoccer-hub-grid-artifacts/old-nesting-build/[22m[2massets/[22m[36mMissingXi-DnrBM7iL.js                     [39m[1m[2m  264.43 kB[22m[1m[22m[2m │ gzip:  51.91 kB[22m
[2msoccer-hub-grid-artifacts/old-nesting-build/[22m[2massets/[22m[36mWhatsNew-CdaJzzja.js                      [39m[1m[2m  303.51 kB[22m[1m[22m[2m │ gzip:  98.58 kB[22m
[2msoccer-hub-grid-artifacts/old-nesting-build/[22m[2massets/[22m[36mGridArchive-_Yv8Gzey.js                   [39m[1m[2m  311.28 kB[22m[1m[22m[2m │ gzip:  56.56 kB[22m
[2msoccer-hub-grid-artifacts/old-nesting-build/[22m[2massets/[22m[36mcareerPlayers-DOIUlYXN.js                 [39m[1m[2m  335.22 kB[22m[1m[22m[2m │ gzip:  40.78 kB[22m
[2msoccer-hub-grid-artifacts/old-nesting-build/[22m[2massets/[22m[36musCareerSeasonReview-CosXpffk.js          [39m[1m[2m  423.39 kB[22m[1m[22m[2m │ gzip: 135.18 kB[22m
[2msoccer-hub-grid-artifacts/old-nesting-build/[22m[2massets/[22m[36mfrontOfficeDepth-hFZ-rvc7.js              [39m[1m[33m  505.58 kB[39m[22m[2m │ gzip:  56.44 kB[22m
[2msoccer-hub-grid-artifacts/old-nesting-build/[22m[2massets/[22m[36mclubManager-DvSdcdmY.js                   [39m[1m[33m  753.82 kB[39m[22m[2m │ gzip: 248.16 kB[22m
[2msoccer-hub-grid-artifacts/old-nesting-build/[22m[2massets/[22m[36mindex-2XfG06WZ.js                         [39m[1m[33m  784.64 kB[39m[22m[2m │ gzip: 238.69 kB[22m
[2msoccer-hub-grid-artifacts/old-nesting-build/[22m[2massets/[22m[36mSoccerCareer.old-BdFyYJRT.js              [39m[1m[33m1,250.81 kB[39m[22m[2m │ gzip: 362.13 kB[22m
[33m
(!) Some chunks are larger than 500 kB after minification. Consider:
- Using dynamic import() to code-split the application
- Use build.rollupOptions.output.manualChunks to improve chunking: https://rollupjs.org/configuration-options/#output-manualchunks
- Adjust chunk size limit for this warning via build.chunkSizeWarningLimit.[39m
[32m✓ built in 37.49s[39m
[dukb] inlined 1 stylesheet(s) and 1 module(s) into 180 snapshots (11 left alone)
Soccer hub grid: four healthy route journeys and four actual old-page control journeys complete.
Playing, newspaper and trusted Continue summary retain exact career, save, clock and RNG baselines.
The copied old page fails real panel ownership and responsive placement checks.
Source, healthy build and cached asset bytes held exactly.
Evidence: soccer-hub-grid-artifacts/native
