
1. RECORDS: INT_SCORING_RECORDS equals the verified file, both ways
  18 engine rows, 18 verified rows, 1 held (Senegal)

2. PICKER: every nation on the creation screen, the award only on a verified row
  134 nations on the picker: 18 can win it on a verified record, 116 cannot win it at all

3. WIRING: the season calls the award, nothing else grants it, no fallback number
  FAIL [3]: the award is checked before the summer tournament, so tournament goals count a season late
  1 call from the season, after the summer tournament, 1 grant, inside awardAllTimeTopScorer, no fallback

4. LABELS: every HAND_CLUBS league label verified, pinned or listed as unverified
  188 labels verified across 82 evidence groups (all 2026-27 or 2026), 0 pinned to their old label (ratchet 0), 2 unverified (ratchet 2)

5. PLAYED: seeded careers, the award the season his goals pass HIS nation's record
  FAIL [5]: Italy seed 107922: the screen says 48 goals, the line reads "👑 Became Italy's All Time Top International Scorer with 36 goals!"
  FAIL [5]: Colombia seed 101012: the screen says 46 goals, the line reads "👑 Became Colombia's All Time Top International Scorer with 38 goals!"
  FAIL [5]: Colombia seed 108931: the season 2030 ended on 39 goals, past Colombia's record of 36, with no award
  FAIL [5]: Colombia seed 116850: the screen says 41 goals, the line reads "👑 Became Colombia's All Time Top International Scorer with 38 goals!"
  FAIL [5]: Colombia seed 132688: the season 2030 ended on 41 goals, past Colombia's record of 36, with no award
  FAIL [5]: Colombia seed 140607: the screen says 46 goals, the line reads "👑 Became Colombia's All Time Top International Scorer with 39 goals!"
  FAIL [5]: Nigeria seed 102021: the season 2034 ended on 39 goals, past Nigeria's record of 37, with no award
  FAIL [5]: Nigeria seed 109940: the season 2030 ended on 43 goals, past Nigeria's record of 37, with no award
  FAIL [5]: Nigeria seed 117859: the season 2030 ended on 41 goals, past Nigeria's record of 37, with no award
  FAIL [5]: Nigeria seed 125778: the season 2030 ended on 39 goals, past Nigeria's record of 37, with no award
  FAIL [5]: Nigeria seed 133697: the screen says 44 goals, the line reads "👑 Became Nigeria's All Time Top International Scorer with 38 goals!"
  FAIL [5]: Croatia seed 103030: the screen says 55 goals, the line reads "👑 Became Croatia's All Time Top International Scorer with 47 goals!"
  FAIL [5]: Croatia seed 110949: the season 2034 ended on 48 goals, past Croatia's record of 45, with no award
  FAIL [5]: Croatia seed 118868: the season 2032 ended on 46 goals, past Croatia's record of 45, with no award
  FAIL [5]: Croatia seed 134706: the season 2032 ended on 47 goals, past Croatia's record of 45, with no award
  FAIL [5]: Spain seed 104039: the season 2034 ended on 61 goals, past Spain's record of 59, with no award
  FAIL [5]: Spain seed 119877: the season 2036 ended on 65 goals, past Spain's record of 59, with no award
  FAIL [5]: Spain seed 127796: the season 2034 ended on 60 goals, past Spain's record of 59, with no award
  FAIL [5]: Spain seed 127796: the screen says 76 goals, the line reads "👑 Became Spain's All Time Top International Scorer with 62 goals!"
  FAIL [5]: Spain seed 135715: the season 2034 ended on 62 goals, past Spain's record of 59, with no award
  FAIL [5]: South Korea seed 120886: the season 2032 ended on 62 goals, past South Korea's record of 59, with no award
  FAIL [5]: Norway seed 106057: the season 2038 ended on 66 goals, past Norway's record of 65, with no award
  FAIL [5]: Norway seed 129814: the season 2038 ended on 67 goals, past Norway's record of 65, with no award
  FAIL [5]: Norway seed 137733: the screen says 69 goals, the line reads "👑 Became Norway's All Time Top International Scorer with 67 goals!"
  FAIL [5]: Norway seed 145652: the season 2034 ended on 70 goals, past Norway's record of 65, with no award
  FAIL [5]: Brazil seed 114985: the season 2038 ended on 81 goals, past Brazil's record of 80, with no award
  FAIL [5]: Brazil seed 122904: the screen says 83 goals, the line reads "👑 Became Brazil's All Time Top International Scorer with 81 goals!"
  FAIL [5]: Brazil seed 138742: the season 2036 ended on 85 goals, past Brazil's record of 80, with no award
  FAIL [5]: Brazil seed 146661: the screen says 87 goals, the line reads "👑 Became Brazil's All Time Top International Scorer with 82 goals!"
  48 careers (seed 1), 1115 full seasons, 47 awards, every one the season his goals passed his own record (24 while abroad, 13 ina tournament season)

6. LEAGUE WORLD: the pool generator and the facts file say the same thing
  26 leagues, 454 member names, each lineup read from two hosts; 11 with a format read from two hosts, 3 with no format page and so no shape stated, 3 with no points rule stated; 1 colour(s) in words; 51 shipped, 275 held before 2026, 0 with a first season

control early: section 5 went red as it must (red: 3, 5)
