In the job at Crystal Palace.
1) The goal in order
  ok    the goal in order: 46 frames of wind up and flight all read 0 - 0, and the first frame reading 1 - 0 is in phase net with the net marked
  ok    the line under the pitch never read GOAL! while the ball was on its way (46 frames)
  ok    the scorer card was inside the pitch on all 31 frames it was up
  ok    a tap on the card ended the hold (8 frames after it, none with the card)
4) Nothing moves the page
  ok    window.scrollY stayed at 0 through 224 frames before, during and after a goal
  ok    window.scrollY stayed at 0 with the change sheet, the squad panel, the help panel, the stats panel open
3) The fit
  ok    320 by 568: the stage is the window, strip at 0, pitch 320 by 392 (69 percent of the height), control row ends at 568 of 568, 7 controls all 44 px and none covered
  ok    390 by 844: the stage is the window, strip at 0, pitch 390 by 668 (79.1 percent of the height), control row ends at 844 of 844, 7 controls all 44 px and none covered
  [labels 390] mean overlapping name labels a frame 0.33 over 24 frames of 22 labels; before match mode 1.63 at 6b1caa20, ratio 0.20
  ok    768 by 1024: the stage is the window, strip at 12, pitch 372 by 651 (63.6 percent of the height), control row ends at 1012 of 1024, 7 controls all 44 px and none covered
  ok    1280 by 900: the stage is the window, strip at 12, pitch 541.5 by 722 (80.2 percent of the height), control row ends at 888 of 900, 7 controls all 44 px and none covered
  ok    844 by 390: the stage is the window, strip at 0, pitch 518 by 388.5 (99.6 percent of the height), control row ends at 390 of 390, 7 controls all 44 px and none covered
6) Back folds the match away
  ok    Back folds the match to a card reading "Premier League · Round 1Crystal Palace1 - 0Hull CityPaused at 20'Back ", and the clock held at 20' for 2.6 seconds
  ok    Back to the match puts the stage back and the clock runs on (20' to 21')
5) The reload
  (skipped under a control)
2) Reduced motion
  ok    under reduced motion the score reads 1 - 0 on a frame in phase net
  ok    the scorer card was inside the pitch on all 155 frames it was up
  ok    nothing under the pitch or the card was animating in open play, inside a goal, after the goal
7) A wide screen
  Negative control: every GOAL! in the list beside the pitch is rewritten as it is drawn.
  ok    the goal in order: 46 frames of wind up and flight all read 0 - 0, and the first frame reading 1 - 0 is in phase net with the net marked
  ok    the line under the pitch never read GOAL! while the ball was on its way (46 frames)
  FAIL: the list beside the pitch never said this goal (0 GOAL! lines all through 302 frames)
  ok    the scorer card was inside the pitch on all 81 frames it was up
      what was drawn: pass/pass 0 - 0 84' e757 x51 | pass/pass 0 - 0 85' e757 x60 | goal/plant 0 - 0 86' e757 x16 | goal/flight 0 - 0 86' e757 x30 | goal/net 1 - 0 card 86' e757 x81 | pass/pass 1 - 0 87' e307 x60 | pass/pass 1 - 0 88' e307 x4
      the goal watched: 86' Daichi Kamada; the list at the end: 87'Corner, left, Ismaïla Sarr / 86'Scored. Daichi Kamada / 86'Sub: Jaidon Anthony on for Mikkel Damsgaard / 86'Foul by El Hadji Malick Diouf / 81'Sub: Kevin Schade on for Dango Ouattara
playLiveMatchFit: control silentlist turned section 7 red on the line it must (the list never said this goal, 2 GOAL! rewritten) and left the rest green.
