In the job at Crystal Palace.
1) The goal in order
      a goal is coming at 3, the clock is at 1
  FAIL: the score changed before the ball was in: 1 of 47 plant and flight frames already read the new score
  ok    the scorer card was inside the pitch on all 136 frames it was up
  FAIL: the card was still up on 105 frames a quarter of a second after it was tapped
4) Nothing moves the page
  ok    window.scrollY stayed at 0 through 356 frames before, during and after a goal
  ok    window.scrollY stayed at 0 with the change sheet, the squad panel, the help panel, the stats panel open
3) The fit
  ok    320 by 568: the stage is the window, strip at 0, pitch 320 by 392 (69 percent of the height), control row ends at 568 of 568, 7 controls all 44 px and none covered
  ok    390 by 844: the stage is the window, strip at 0, pitch 390 by 668 (79.1 percent of the height), control row ends at 844 of 844, 7 controls all 44 px and none covered
  [labels 390] mean overlapping name labels a frame 0.75 over 24 frames of 22 labels; before match mode 1.63 at 6b1caa20, ratio 0.46
  ok    name labels overlap 0.75 a frame, fewer than the 1.63 before match mode
  ok    768 by 1024: the stage is the window, strip at 12, pitch 372 by 651 (63.6 percent of the height), control row ends at 1012 of 1024, 7 controls all 44 px and none covered
  ok    1280 by 900: the stage is the window, strip at 12, pitch 541.5 by 722 (80.2 percent of the height), control row ends at 888 of 900, 7 controls all 44 px and none covered
6) Back folds the match away
  ok    Back folds the match to a card reading "Premier League · Round 1Crystal Palace0 - 3Coventry CityPaused at 17'B", and the clock held at 17' for 2.6 seconds
  ok    Back to the match puts the stage back and the clock runs on (17' to 18')
5) The reload
  ok    reload: left at 20', the save holds 20, the match came back at 20'
  ok    close: left at 21', the save holds 21, the match came back at 21'
  ok    hidden tab: the clock read 21' and the save holds 21
2) Reduced motion
      a goal is coming at 62, the clock is at 46
  ok    under reduced motion the score reads 1 - 0 on a frame in phase net
  ok    the scorer card was inside the pitch on all 151 frames it was up
  ok    nothing under the pitch or the card was animating in open play, inside a goal, after the goal
playLiveMatchFit: 2 failures.
