In the job at Crystal Palace.
1) The goal in order
      a goal is coming at 19, the clock is at 2
  ok    the goal in order: 46 frames of wind up and flight all read 0 - 0, and the first frame reading 1 - 0 is in phase net with the net marked
  ok    the line under the pitch never read GOAL! while the ball was on its way (46 frames)
  ok    the scorer card was inside the pitch on all 30 frames it was up
  ok    a tap on the card ended the hold (44 frames after it, none with the card)
      what was drawn: pass/pass 0 - 0 17' e203 x45 | pass/pass 0 - 0 18' e203 x25 | pass/pass 0 - 0 18' e460 x19 | pass/pass 0 - 0 18' e203 x16 | goal/plant 0 - 0 19' e203 x16 | goal/flight 0 - 0 19' e203 x30 | goal/net 1 - 0 card 19' e203 x26 | TAP | goal/net 1 - 0 card 19' e203 x4 | pass/pass 1 - 0 20' e203 x50 | save/plant 1 - 0 20' e203 x6 | save/plant 1 - 0 21' e203 x3
      the goal watched: 19' Jørgen Strand Larsen; the list at the end: 21'Throw in, Chelsea / 20'Save! Dean Henderson / 20'Foul by Tyrick Mitchell / 19'GOAL! Jørgen Strand Larsen / 18'Foul by Honest Ahanor
4) Nothing moves the page
  ok    window.scrollY stayed at 0 through 240 frames before, during and after a goal
  ok    window.scrollY stayed at 0 with the change sheet, the squad panel, the help panel, the stats panel open
3) The fit
  ok    320 by 568: the stage is the window, strip at 0, pitch 320 by 392 (69 percent of the height), control row ends at 568 of 568, 7 controls all 44 px and none covered
  [labels 320 by 568] mean overlapping name labels a frame 4.10 over 10 frames of 22 labels
  ok    390 by 844: the stage is the window, strip at 0, pitch 390 by 668 (79.1 percent of the height), control row ends at 844 of 844, 7 controls all 44 px and none covered
  [labels 390] mean overlapping name labels a frame 0.25 over 24 frames of 22 labels; before match mode 1.63 at 6b1caa20, ratio 0.15
  ok    name labels overlap 0.25 a frame, fewer than the 1.63 before match mode
  ok    768 by 1024: the stage is the window, strip at 12, pitch 372 by 651 (63.6 percent of the height), control row ends at 1012 of 1024, 7 controls all 44 px and none covered
  [labels 768 by 1024] mean overlapping name labels a frame 0.50 over 10 frames of 22 labels
  ok    1280 by 900: the stage is the window, strip at 12, pitch 541.5 by 722 (80.2 percent of the height), control row ends at 888 of 900, 7 controls all 44 px and none covered
  [labels 1280 by 900] mean overlapping name labels a frame 0.20 over 10 frames of 22 labels
  ok    844 by 390: the stage is the window, strip at 0, pitch 518 by 388.5 (99.6 percent of the height), control row ends at 390 of 390, 7 controls all 44 px and none covered
  [labels 844 by 390] mean overlapping name labels a frame 0.30 over 10 frames of 22 labels
6) Back folds the match away
  ok    Back folds the match to a card reading "Premier League · Round 1Crystal Palace1 - 0ChelseaPaused at 50'Back to", and the clock held at 50' for 2.6 seconds
  ok    Back to the match puts the stage back and the clock runs on (50' to 51')
5) The reload
  ok    reload: left at 66', the save holds 66, the match came back at 66'
  ok    close: left at 68', the save holds 68, the match came back at 68'
  ok    hidden tab: the clock read 70' and the save holds 70
2) Reduced motion
      a goal is coming at 9, the clock is at 0
  ok    under reduced motion the score reads 1 - 0 on a frame in phase net
  ok    the scorer card was inside the pitch on all 155 frames it was up
      what was drawn: pass/pass 0 - 0 7' e014 x50 | pass/pass 0 - 0 8' e014 x60 | goal/net 1 - 0 card 9' e014 x151 | goal/net 1 - 0 card 10' e014 x4 | pass/pass 1 - 0 10' e014 x44 | shot/wide 1 - 0 10' e014 x12 | shot/wide 1 - 0 11' e014 x1
      the goal watched: 9' Quinten Timber; the list at the end: 11'Foul by Joachim Andersen / 11'Foul by Tyrick Mitchell / 10'Shot: Hugo Larsson / 9'GOAL! Quinten Timber / 7'Corner, left, Joachim Andersen
  ok    nothing under the pitch or the card was animating in open play, inside a goal, after the goal
7) A wide screen
      a goal is coming at 28, the clock is at 2
  ok    the goal in order: 46 frames of wind up and flight all read 0 - 0, and the first frame reading 0 - 1 is in phase net with the net marked
  ok    the line under the pitch never read GOAL! while the ball was on its way (46 frames)
  ok    the list beside the pitch said GOAL! only once the ball was in (first on a frame reading goal/net, score 0 - 1)
  ok    the scorer card was inside the pitch on all 105 frames it was up
      what was drawn: pass/pass 0 - 0 26' e136 x52 | save/plant 0 - 0 27' e136 x16 | save/flight 0 - 0 27' e136 x30 | save/caught 0 - 0 27' e136 x14 | save/caught 0 - 0 28' e136 x4 | pass/pass 0 - 0 28' e136 x14 | goal/plant 0 - 0 28' e136 x16 | goal/flight 0 - 0 28' e136 x26 | goal/flight 0 - 0 29' e136 x4 | goal/net 0 - 1 card 29' e136 x105 | pass/pass 0 - 1 29' e136 x38 | pass/pass 0 - 1 30' e136 x1
      the goal watched: 28' Hugo Ekitiké; the list at the end: 30'Foul by Tyrick Mitchell / 30'Throw in, Crystal Palace / 28'GOAL! Hugo Ekitiké / 29'Foul by Tyrick Mitchell / 29'Throw in, Crystal Palace
playLiveMatchFit: all green. The goal in order, reduced motion, the fit at five sizes, nothing moves the page, the reload, Back, a wide screen.
