simCareerHall nba: 2000 careers, 0 crashed, seed base, CONTROL standoutgone
  hof 30.6% (611), first ballot 85.6% of them; bottom third 57.1%, top third 100%
  outcomes {"waiting":824,"inducted":611,"notOnBallot":565}; jerseys 792; talk reached 100% of careers
  ladder 0.333 0.414 0.473 0.547 0.620 0.681 0.756 0.840 0.888 0.966; smallest step 0.048
  deciles 0.34 0.49 0.74 0.98 1.00 1.00 1.00 1.00 1.00 1.00; cuts 0.57 0.55 0.47 0.36 0.29 0.24 0.21 0.18 0.16; smallest cut 0.160
  misses: iff 0, outcome 0, table [], offset 0, promise 0/896, draws 0, notSame 0, sides 0, talk 0+0, jersey 0
  talk timing: talks a career, median 1; first talk at 36; career ends at 38; non finite scores 0
  board loop: 0 careers a policy, 0 crashed; talks answered one more year 0; identity misses 0
  ends: retire now 0, talk farewells 0, deck farewells 0, misses 0
  once: 0 offseasons with the talk (0 asked mid-summer, 0 after a banned year), 0 offered a retirement card; listed ids seen 0, unseen [nbaB_retireHealthy,nbaB_farewellTour], farewell cards not listed [] (decks probed on 0 careers)
  seek: 0 talks caught in the board loop, 0 forged summers on a deck retirement card, 0 landed on it with no hold-out (at card 1 0, at a later card 0), 0 with the board's
  jersey (deck): 0 recorded, 0 at a club other than the one with most seasons, 0 misnamed; synthetic 0, 0 missed; wait answers 0, 0 wrote a club
  era: verified from the Class of 2025; {"boundary":{"below":100,"above":100}}; misses 0
  16 never below: table misses []; 0 of 2000 careers lower on 2; 0 moved up, 0 up a verdict tier, 0 newly in the Hall
  19 (b) Hall share 30.6 -> 30.6 percent; legacy score median 350 -> 350, mean 467.7 -> 467.7 (points paid)
     by position: PG 31.5 -> 31.5, SG 33.8 -> 33.8, SF 30.8 -> 30.8, PF 28.0 -> 28.0, C 28.8 -> 28.8
  15 (d) calibration 2 as recorded: the table and the rules DIFFER FROM the recording; 4 of 20 recorded saves are told something else on 2 (0 of them with a standout)
  17 (a) marks: 14 standout cells; at or over from, pooled 9.91 percent (band 8.91 to 10.91), cells out of 4.2 to 16.6: []; at or over to, pooled 1.14 percent (band 0.39 to 1.39)
  17 (b) half rule and ledger: 0 misses []
     ramps (width in seasons at the from mark's own rate, to over the median): PG pts 3.8s x1.73, PG ast 3.6s x1.58, SG pts 3.9s x1.59, SG reb 3.0s x1.50, SG ast 2.8s x1.49, SF pts 4.0s x1.64, SF reb 2.2s x1.36, SF ast 3.3s x1.66, PF pts 2.6s x1.41, PF reb 3.5s x1.51, PF ast 3.9s x1.69, C pts 3.1s x1.54, C reb 2.9s x1.51, C ast 3.3s x1.53
  17 (c) outcome: top 5 percent by family, Hall share on 1 > on 2: PG pts 100>100, PG ast 25>25, SG pts 100>100, SG reb 65>65, SG ast 95>95, SF pts 100>100, SF reb 85>85, SF ast 80>80, PF pts 85>85, PF reb 70>70, PF ast 85>85, C pts 95>95, C reb 75>75, C ast 75>75
     pooled over the cells under 90 percent on 1: 129 -> 129 of 180 careers, a gain of 0.0 points (needs 9.7); over the first ballot line (650) on 2 and not on 1: 0 careers (0 of them newly in the Hall)
     the standout's own part, every cell: 227 in with the standout taken out, 227 with it, of 280, a gain of 0.0 points (needs 6.3)
  17 (d) cap: 0 of 2000 careers off the restated score on 2; the standout paid on 0
  19 (a) base: median base credit no base position in this sport; misses []
  19 (c) words: example PG ast 11219 to 17800: +0 on 2, +0 on 1; card lines off 0 of 4000 records (0 name a standout, 0 had one worth under 30 points and stay quiet); longest line the table can print 107 characters (budget 200); misses [PG ast: the example gains 0 on 2 and 0 on 1]
  18 anchors: 14 men in 14 rows ({"first":10,"later":2,"never":2} men on the main ballot, 0 by a committee, printed apart); the majority call is first from a score of 543
     nba-reb-1 C reb real first: raw 1565 first > 1565 first; books 1546 first > 1546 first
     nba-reb-2 C reb real first: raw 2486 first > 2486 first; books 2480 first > 2480 first
     nba-reb-3 C reb real first: raw 2649 first > 2649 first; books 2651 first > 2651 first
     nba-reb-4 PF reb real first: raw 575 first > 575 first; books 578 first > 578 first
     nba-reb-5 PF reb real first: raw 1220 first > 1220 first; books 1233 first > 1233 first
     nba-ast-1 PG ast real first: raw 726 first > 726 first; books 732 first > 732 first
     nba-ast-2 PG ast real first: raw 576 first > 576 first; books 595 first > 595 first
     nba-ast-3 PG ast real first: raw 830 first > 830 first; books 860 first > 860 first
     nba-ast-4 PG ast real never: raw 165 never > 165 never; books 186 never > 186 never
     nba-ast-5 PG ast real first: raw 1835 first > 1835 first; books 1866 first > 1866 first
     nba-reb-6 C reb real first: raw 698 first > 698 first; books none > none (raw only: his position does not carry the family, or he is not off a list)
     nba-reb-7 C reb real later: raw 146 never > 146 never; books none > none (raw only: his position does not carry the family, or he is not off a list)
     nba-reb-8 C reb real later: raw 161 never > 161 never; books none > none (raw only: his position does not carry the family, or he is not off a list)
     nba-reb-9 PF reb real never: raw 223 never > 223 never; books none > none (raw only: his position does not carry the family, or he is not off a list)
     agreement, in or out and exact ballot, calibration 1 > 2: raw 12 > 12 and 12 > 12 of 14; books 10 > 10 and 10 > 10 of 10; decisions the anchors made: []
simCareerHall nba CONTROL standoutgone: REFUSED, it cannot fire in this sport (the band holds with every push switched off: 0 anchors agree on 2 by the push alone and the band allows two)
