simCareerHall nfl: 2000 careers, 0 crashed, seed base, CONTROL standoutgone
  hof 24.8% (496), first ballot 67.5% of them; bottom third 43%, top third 97%
  outcomes {"inducted":496,"waiting":985,"notOnBallot":519}; jerseys 718; talk reached 86.8% of careers
  ladder 0.345 0.400 0.476 0.539 0.618 0.683 0.750 0.824 0.893 0.964; smallest step 0.054
  deciles 0.41 0.32 0.53 0.48 0.52 0.76 0.78 0.96 1.00 1.00; cuts 0.30 0.39 0.37 0.40 0.45 0.43 0.44 0.41 0.36; smallest cut 0.297
  misses: iff 0, outcome 0, table [], offset 0, promise 0/614, draws 0, notSame 0, sides 0, talk 0+0, jersey 0
  talk timing: talks a career, median 1; first talk at 35; career ends at 38; non finite scores 0
  board loop: 0 careers a policy, 0 crashed; talks answered one more year 0; identity misses 0
  ends: retire now 0, talk farewells 0, deck farewells 0, misses 0
  once: 0 offseasons with the talk (0 asked mid-summer, 0 after a banned year), 0 offered a retirement card; listed ids seen 0, unseen [lifeB_retireHealthy,lifeB_retirementTour], farewell cards not listed [] (decks probed on 0 careers)
  seek: 0 talks caught in the board loop, 0 forged summers on a deck retirement card, 0 landed on it with no hold-out (at card 1 0, at a later card 0), 0 with the board's
  jersey (deck): 0 recorded, 0 at a club other than the one with most seasons, 0 misnamed; synthetic 0, 0 missed; wait answers 0, 0 wrote a club
  era: verified from the Class of 2027; {"boundary":{"below":100,"above":100}}; misses 0
  16 never below: table misses []; 0 of 2000 careers lower on 2; 1000 moved up, 638 up a verdict tier, 75 newly in the Hall
  19 (b) Hall share 21.1 -> 24.8 percent; legacy score median 293 -> 348, mean 382.4 -> 437.9 (points paid)
     by position: QB 63.2 -> 63.2, RB 7.2 -> 7.2, WR 22.0 -> 22.0, TE 8.4 -> 18.0, LB 14.0 -> 22.0, CB 10.8 -> 17.2, EDGE 31.2 -> 37.2, K 11.6 -> 11.6
  15 (d) calibration 2 as recorded: the table and the rules DIFFER FROM the recording; 10 of 20 recorded saves are told something else on 2 (0 of them with a standout)
  17 (a) marks: 14 standout cells; at or over from, pooled 9.97 percent (band 9.37 to 10.97), cells out of 4.2 to 17.4: []; at or over to, pooled 1.00 percent (band 0.11 to 1.49)
  17 (b) half rule and ledger: 0 misses []
     ramps (width in seasons at the from mark's own rate, to over the median): QB passYds 1.7s x1.26 floor, QB passTd 1.8s x1.32, RB rushYds 1.9s x1.47, RB rushTd 2.1s x1.51, WR rec 1.9s x1.42, WR recYds 2.0s x1.44, TE rec 1.9s x1.39, TE recYds 1.9s x1.39, TE recTd 1.8s x1.39, LB tackles 1.9s x1.40, LB picks 3.2s x1.62, CB picks 3.2s x1.59, CB passDef 2.2s x1.45, EDGE sacks 2.8s x1.52
  17 (c) outcome: top 5 percent by family, Hall share on 1 > on 2: QB passYds 100>100, QB passTd 100>100, RB rushYds 62>62, RB rushTd 62>62, WR rec 100>100, WR recYds 92>92, TE rec 46>85, TE recYds 46>85, TE recTd 46>85, LB tackles 62>69, LB picks 69>85, CB picks 54>77, CB passDef 62>77, EDGE sacks 92>100
     pooled over the cells under 90 percent on 1: 66 -> 89 of 117 careers, a gain of 19.7 points (needs 16.8); over the first ballot line (900) on 2 and not on 1: 18 careers (0 of them newly in the Hall)
     the standout's own part, every cell: 153 in with the standout taken out, 153 with it, of 182, a gain of 0.0 points (needs 5.5)
  17 (d) cap: 0 of 2000 careers off the restated score on 2; the standout paid on 0
  19 (a) base: median base credit TE 111.4 (109.2 to 114.7), LB 108.2 (106.4 to 112.3), CB 107.8 (105.3 to 114.1), EDGE 109.8 (105.6 to 111.8); misses []
  19 (c) words: example CB picks 37 to 59: +29 on 2, +0 on 1; card lines off 0 of 4000 records (0 name a standout, 0 had one worth under 30 points and stay quiet); longest line the table can print 145 characters (budget 200); misses [CB picks: the example gains 29 on 2 and 0 on 1]
  18 anchors: 22 men in 25 rows ({"first":8,"later":9,"never":4} men on the main ballot, 1 by a committee, printed apart); the majority call is first from a score of 629
     nfl-rec-1 WR rec real first: raw 2124 first > 2124 first; books 2124 first > 2124 first
     nfl-rec-2 TE rec real first: raw 1087 first > 1233 first; books 1087 first > 1231 first
     nfl-rec-3 WR rec real later: raw 777 first > 777 first; books 830 first > 830 first
     nfl-rec-4 WR rec real later: raw 575 later > 575 later; books 626 first > 626 later
     nfl-rec-5 WR rec real later: raw 294 never > 294 never; books 349 never > 349 never
     nfl-recTd-1 WR recTd real first: raw 2124 first > 2124 first; books none > none (raw only: his position does not carry the family, or he is not off a list)
     nfl-recTd-2 WR recTd real first: raw 863 first > 863 first; books none > none (raw only: his position does not carry the family, or he is not off a list)
     nfl-recTd-3 WR recTd real later: raw 1029 first > 1029 first; books none > none (raw only: his position does not carry the family, or he is not off a list)
     nfl-recTd-4 WR recTd real later: raw 575 later > 575 later; books none > none (raw only: his position does not carry the family, or he is not off a list)
     nfl-recTd-5 WR recTd real later: raw 777 first > 777 first; books none > none (raw only: his position does not carry the family, or he is not off a list)
     nfl-picks-1 CB picks real later: raw 626 first > 734 first; books 626 first > 705 first
     nfl-picks-2 CB picks real first: raw 1397 first > 1492 first; books 1397 first > 1476 first
     nfl-picks-3 CB picks real never (committee later, outside the count): raw 315 never > 402 never; books 315 never > 394 never
     nfl-picks-4 CB picks real first: raw 958 first > 1045 first; books 958 first > 1037 first
     nfl-picks-5 CB picks real first: raw 1192 first > 1277 first; books 1192 first > 1271 first
     nfl-sacks-1 EDGE sacks real first: raw 1869 first > 1949 first; books 1869 first > 1969 first
     nfl-sacks-2 EDGE sacks real first: raw 1905 first > 1984 first; books 1905 first > 2005 first
     nfl-sacks-3 EDGE sacks real later: raw 465 never > 529 later; books 465 never > 565 later
     nfl-sacks-4 EDGE sacks real later: raw 465 never > 525 later; books 465 never > 565 later
     nfl-sacks-5 EDGE sacks real later: raw 1075 first > 1132 first; books 1075 first > 1175 first
     nfl-fgMade-1 K fgMade real later: raw 725 first > 725 first; books none > none (raw only: his position does not carry the family, or he is not off a list)
     nfl-fgMade-2 K fgMade real never: raw 403 never > 403 never; books none > none (raw only: his position does not carry the family, or he is not off a list)
     nfl-fgMade-3 K fgMade real never: raw 231 never > 231 never; books none > none (raw only: his position does not carry the family, or he is not off a list)
     nfl-fgMade-4 K fgMade real never: raw 439 never > 439 never; books none > none (raw only: his position does not carry the family, or he is not off a list)
     nfl-fgMade-5 K fgMade real never: raw 220 never > 220 never; books none > none (raw only: his position does not carry the family, or he is not off a list)
     agreement, in or out and exact ballot, calibration 1 > 2: raw 21 > 23 and 15 > 17 of 24; books 11 > 13 and 7 > 10 of 14; decisions the anchors made: ["WR touchdown catches standout dropped","K field goals standout dropped"]
simCareerHall nfl CONTROL standoutgone: REFUSED, it cannot fire in this sport (the band holds with every push switched off: 1 anchors agree on 2 by the push alone and the band allows two)
