1) the four adapters over real leagues: every club once, the engine's own numbers, and a read changes nothing
   56 real leagues read (nhl, nba, mlb, nfl; mid season, closed and after a summer); 42 club reads carry a tax cheque the room holds back
2) the record of a save older than the block: nothing filled in, and real saves pass every read with no write
   3264 grid records, 160 real saves read with and without a desk
3) the feed is keyed: the same save reads the same feed every time, and a year or a season on reads a new one
   48 feeds read 201 times each, 38 of them with offers; feed digest 6ae094ac13bb3e5d1b6cda050e6e20bc9b2315a8
4) the market rules on real tiers: never the club that let him go, a ceiling after a badly season, the ask is next season's
   11200 markets: 5289 with offers (8052 offers, 1501 after a badly season, at most 4 a feed), 2202 quiet, 531 quiet on a climb, 3178 closed
   with offers on the table and next year not open: 342 are the last calls (next year shut), 325 hang on a climb; 7125 offers from a club whose roster rank is not its place
   the ceiling six clubs at a time: 441 offers in 144 feeds of the most decorated careers, none from the top tier
5) closed means closed: no tier his old club can reach and no year out reopens it, and a quiet market is never in that set
   3178 closed careers and 342 last call careers held shut over 140800 tier and year checks; 2733 quiet careers each still open as they say
6) the close on every club's real season: today's two calls with no desk, and with one the record, the XP and the order
   744 real seasons graded: 340 short of the ask (340 cushioned), 340 firings from trust 12
   nhl pace on four sources: median 104 XP a season; clubs at the first point (400 XP) after 1, 2, 3 seasons: 3, 11, 33 percent; median seasons to it: more than 3
   nba pace on four sources: median 105 XP a season; clubs at the first point (400 XP) after 1, 2, 3 seasons: 3, 12, 37 percent; median seasons to it: more than 3
   mlb pace on four sources: median 102 XP a season; clubs at the first point (400 XP) after 1, 2, 3 seasons: 3, 8, 23 percent; median seasons to it: more than 3
   nfl pace on four sources: median 101 XP a season; clubs at the first point (400 XP) after 1, 2, 3 seasons: 3, 9, 28 percent; median seasons to it: more than 3
7) every level of every tree, through its consumer, on real engine inputs
   3273 men, 7286 with room to grow, 5911 asks, 672 prospects, 699379 trade pairs, 288 cuts charged as quoted (144 past a retained row under the same man), 340 losing seasons, 24 gambles
   nhl scouting: 20736 / 18826 / 17126 / 15626 / 13676 / 11876
   nhl negotiation: 4548.1 / 4457.1 / 4369.3 / 4278.5 / 4188.3 / 4099.8
   nhl capCraft: 8253.3 / 7924.6 / 7592.7 / 7261.4 / 6931.3 / 6603
   nhl development: 893 / 974 / 1053 / 1135 / 1242 / 1337
   nhl trading: 13365 / 13538 / 13694 / 13862 / 14061 / 14239
   nhl ownership: 1644 / 1535 / 1426 / 1317 / 1208 / 1040
   nhl media: 3500 / 3680 / 3860 / 4040 / 4220 / 4400
   nba scouting: 20736 / 19246 / 17366 / 15676 / 14176 / 12186
   nba negotiation: 11904.2 / 11671.7 / 11438.2 / 11214.2 / 10986.8 / 10761.7
   nba capCraft: 17806.2 / 17093.5 / 16383.3 / 15672.9 / 14954.7 / 14244.5
   nba development: 603 / 659 / 715 / 771 / 826 / 888
   nba trading: 19238 / 19489 / 19747 / 20020 / 20283 / 20593
   nba ownership: 1428 / 1334 / 1240 / 1146 / 1052 / 902
   nba media: 3500 / 3680 / 3860 / 4040 / 4220 / 4400
   mlb scouting: 20736 / 18866 / 17226 / 15586 / 13986 / 12146
   mlb negotiation: 9686 / 9498.4 / 9311.8 / 9123.4 / 8934.5 / 8748.9
   mlb capCraft: 15740 / 15109.8 / 14481.4 / 13849.7 / 13220.1 / 12593.5
   mlb development: 1094 / 1198 / 1302 / 1425 / 1539 / 1657
   mlb trading: 55523 / 56341 / 57110 / 57923 / 58707 / 59431
   mlb ownership: 1596 / 1491 / 1386 / 1281 / 1176 / 1008
   mlb media: 3500 / 3680 / 3860 / 4040 / 4220 / 4400
   nfl scouting: 34560 / 31780 / 28630 / 25750 / 23050 / 20110
   nfl negotiation: 13956.5 / 13687.3 / 13414.9 / 13147.7 / 12875.3 / 12616.4
   nfl capCraft: 16884.7 / 16209.7 / 15535.3 / 14860.7 / 14176.1 / 13508.8
   nfl development: 4696 / 5189 / 5644 / 6130 / 6588 / 7037
   nfl trading: 217085 / 222368 / 227309 / 232366 / 237314 / 242899
   nfl ownership: 2152 / 2005 / 1858 / 1711 / 1564 / 1370
   nfl media: 3500 / 3680 / 3860 / 4040 / 4220 / 4400
8) spending: refused off the live list, with no point and past five, and 35 spends fill the board
   35 spends accepted, every refusal held
9) taking a seat and a year out on real leagues: what moves, who owns a block, the refusals, and a year that is not a season
   8 seats taken, 24 years out refused with the league untouched (and 8 more on a last call, offers on the table), 8 played by the engines in the host's order
10) the words: never empty, no dash, no quote, no placeholder; a closed line never says sit; no line states fewer seasons than he played
   45563 strings read (11200 market lines, 528 lines of an older record), 68 panels drawn
   12040 hub boxes held to 17 letters of value and 32 of sub (372 Career boxes under real club names); the longest read: "Nobody called" (13) over "Next year hangs on your old club" (32)
simGmDeskHost: all 10 checks passed on seeds 13,14 (4 engines, 3 seasons a seed)
