simCareerHall mlb: 2000 careers, 0 crashed, seed 3
  hof 40.1% (801), first ballot 68.3% of them; bottom third 39%, top third 98.1%
  outcomes {"inducted":801,"fellOff":1011,"notOnBallot":188}; jerseys 1030; talk reached 99.9% of careers
  ladder 0.338 0.406 0.478 0.547 0.610 0.690 0.750 0.831 0.894 0.964; smallest step 0.060
  deciles 0.26 0.44 0.41 0.45 0.61 0.78 0.89 0.99 1.00 1.00; cuts 0.47 0.42 0.45 0.49 0.50 0.48 0.45 0.40 0.35; smallest cut 0.353
  misses: iff 0, outcome 0, table [], offset 0, promise 0/712, draws 0, notSame 0, sides 0, talk 0+0, jersey 0
  under ten seasons played: 0 inducted, 0 on the ballot outside the Hall
  talk timing: talks a career, median 1; first talk at 37; career ends at 39; non finite scores 0
  board loop: 0 careers a policy, 0 crashed; talks answered one more year 0; identity misses 0
  ends: retire now 0, talk farewells 0, deck farewells 0, misses 0
  once: 0 offseasons with the talk (0 asked mid-summer, 0 after a banned year), 0 offered a retirement card; listed ids seen 0, unseen [mlbB_retireHealthy,mlbB_farewellTour], farewell cards not listed [] (decks probed on 0 careers)
  seek: 0 talks caught in the board loop, 0 forged summers on a deck retirement card, 0 landed on it with no hold-out (at card 1 0, at a later card 0), 0 with the board's
  jersey (deck): 0 recorded, 0 at a club other than the one with most seasons, 0 misnamed; synthetic 0, 0 missed; wait answers 0, 0 wrote a club
  era: verified from the Class of 2014; {"boundary":{"below":100,"above":100}}; misses 0
  16 never below: table misses []; 0 of 2000 careers lower on 2; 272 moved up, 67 up a verdict tier, 25 newly in the Hall
  19 (b) Hall share 38.8 -> 40.0 percent; legacy score median 430 -> 435, mean 508.3 -> 528.6 (points paid)
     by position: SP 40.7 -> 42.9, RP 24.7 -> 24.7, C 34.6 -> 36.3, 1B 41.2 -> 41.8, 2B 36.8 -> 36.8, 3B 41.8 -> 41.8, SS 36.3 -> 41.8, LF 35.7 -> 37.4, CF 31.3 -> 33.0, RF 48.1 -> 48.6, DH 55.8 -> 55.8
  15 (d) calibration 2 as recorded: the table and the rules equal the recording; 0 of 26 recorded saves are told something else on 2 (9 of them with a standout)
  17 (a) marks: 22 standout cells; at or over from, pooled 10.82 percent (band 8.59 to 12.64), cells out of 2.0 to 20.1: []; at or over to, pooled 1.35 percent (band 0.49 to 1.64)
  17 (b) half rule and ledger: 0 misses []
     ramps (width in seasons at the from mark's own rate, to over the median): SP wins 2.2s x1.30, SP so 2.0s x1.30, C hr 3.5s x1.52, C rbi 2.6s x1.40, 1B hr 2.9s x1.42, 1B rbi 1.8s x1.31 floor, 2B rbi 2.2s x1.36, 3B hr 2.3s x1.39, 3B rbi 1.9s x1.32, SS hr 2.6s x1.41, SS rbi 1.9s x1.31, SS sb 2.7s x8.40, LF hr 2.7s x1.39, LF rbi 1.9s x1.30 floor, LF sb 2.5s x8.37 top 150, CF hr 2.9s x1.44, CF rbi 2.1s x1.35, CF sb 3.4s x8.70, RF hr 2.4s x1.39, RF rbi 2.0s x1.31, DH hr 2.3s x1.33, DH rbi 2.0s x1.24 floor
  17 (c) outcome: top 5 percent by family, Hall share on 1 > on 2: SP wins 80>100, SP so 90>100, C hr 90>100, C rbi 80>100, 1B hr 100>100, 1B rbi 100>100, 2B rbi 100>100, 3B hr 100>100, 3B rbi 100>100, SS hr 90>100, SS rbi 90>100, SS sb 60>100, LF hr 100>100, LF rbi 90>90, LF sb 70>90, CF hr 90>100, CF rbi 80>90, CF sb 60>80, RF hr 100>100, RF rbi 100>100, DH hr 100>100, DH rbi 100>100
     pooled over the cells under 90 percent on 1: 43 -> 56 of 60 careers, a gain of 21.7 points (needs 7.5); over the first ballot line (900) on 2 and not on 1: 39 careers (0 of them newly in the Hall)
     the standout's own part, every cell: 197 in with the standout taken out, 215 with it, of 220, a gain of 8.2 points (needs 1.8)
  17 (d) cap: 0 of 2000 careers off the restated score on 2; the standout paid on 272
  19 (a) base: median base credit RP dropped by the anchors; misses []
  19 (c) words: example CF sb 119 to 1070: +300 on 2, +0 on 1; card lines off 0 of 4000 records (240 name a standout, 32 had one worth under 30 points and stay quiet); longest line the table can print 178 characters (budget 200); misses []
  18 anchors: 10 men in 10 rows ({"first":4,"later":3,"never":2} men on the main ballot, 1 by a committee, printed apart); the majority call is first from a score of 615
     what the agreement's controls can reach here: a real never or later in the books reading 2, and the band with every push tripled breaks (standoutbig can fire); agreeing on 2 by the push alone 0, and the band with every push switched off holds (standoutgone CANNOT fire)
     mlb-saves-1 RP saves real first: raw 1506 first > 1506 first; books none > none (raw only: his position does not carry the family, or he is not off a list)
     mlb-saves-2 RP saves real later: raw 652 first > 652 first; books none > none (raw only: his position does not carry the family, or he is not off a list)
     mlb-saves-3 RP saves real never (committee later, outside the count): raw 652 first > 652 first; books none > none (raw only: his position does not carry the family, or he is not off a list)
     mlb-saves-4 RP saves real never: raw 469 never > 469 never; books none > none (raw only: his position does not carry the family, or he is not off a list)
     mlb-saves-5 RP saves real later: raw 634 first > 634 first; books none > none (raw only: his position does not carry the family, or he is not off a list)
     mlb-sb-1 LF sb real first: raw 1408 first > 1603 first; books 1328 first > 1478 first
     mlb-sb-2 LF sb real first: raw 813 first > 1008 first; books 802 first > 952 first
     mlb-sb-3 LF sb real later: raw 926 first > 1121 first; books 903 first > 1053 first
     mlb-sb-4 LF sb real never: raw 270 never > 431 never; books 270 never > 420 never
     mlb-sb-5 2B sb real first: raw 1594 first > 1594 first; books none > none (raw only: his position does not carry the family, or he is not off a list)
     agreement, in or out and exact ballot, calibration 1 > 2: raw 9 > 9 and 6 > 6 of 9; books 4 > 4 and 3 > 3 of 4; decisions the anchors made: ["LF steals standout halved","RP saves standout dropped","RP base dropped"]
     moved past his real ballot by calibration 2 (in for a real never, first for a real later, and read lower on 1), must be none: raw [], books []
  15 (c) calibration rule: 0 misses over 13 cases and 2000 careers; engine careers stamped 2000
  20 board stamp: 0 board careers retired, 0 stamped 2, 0 scored on another calibration
  15 v1: 26 recorded saves (base 8fe82a4d), 0 read differently today; 0 of 2000 engine careers off the Round 123 formula on calibration 1
  ok   crashes: 0 crashed of 2000
  ok   iff: 0 disagree with the engine's own legacyOf, 801 inducted
  ok   outcome: 0 careers outside the Hall with the wrong outcome; 188 off the ballot, 1011 on it, 306 early fall offs (needs 10 percent of those on it)
  ok   table: rules off the audit table: [], 0 careers on the wrong first class
  ok   rises: smallest of the nine decile cuts 0.353 (needs 0.06), smallest ladder step 0.060 (needs over 0.015)
  ok   promise: 0 of 712 promised first ballots missed
  ok   keyed: 0 Math.random draws, 0 records that changed on a second run
  ok   sides: 0 ballots on the wrong side of a rule, 349 synthetic ballots shown at exactly the floor
  ok   talk: 0 talks off the rule, 0 before the age, reached 99.9 percent (needs 70)
  ok   answers: 0 answers that did not do what the button says; answered {"retireNow":495,"oneMore":502,"farewell":495}
  ok   jersey: 0 jerseys off the rule or misnamed, 0 named by a bare club id, 1030 retired
  ok   v1replay: 0 readings of 26 recorded saves differ from the version 1 recording
  ok   v2replay: calibration 2 against its recording: the table and the rules equal, 0 of 26 recorded saves told something else (a shipped calibration is never edited: add calibration 3)
  ok   v1formula: 0 of 2000 engine careers score off the Round 123 formula on calibration 1
  ok   calrule: 0 readings off the calibration rule; 2000 of 2000 engine careers stamped
  ok   neverbelow: calibration 2 drops or changes [] of calibration 1; 0 of 2000 careers score lower, lose a tier or leave the Hall on 2 (272 moved up)
  ok   marks: at or over from: pooled 10.82 percent, 0 cells out of band []; at or over to: pooled 1.35 percent
  ok   halfrule: 0 cells off the half rule, the ledger's marks or the ramp floor []
  ok   standoutgain: top 5 percent by family: 43 -> 56 of 60 in the Hall, a gain of 21.7 points (needs 7.5); owed to the standout alone 8.2 points (needs 1.8)
  ok   standoutcap: 0 careers off the restated score on 2 (one family, capped); the standout paid on 272
  ok   base: 0 base misses []
  ok   words: 0 misses in the rule, the example or the card []; 0 card lines off
  ok   anchorshape: 0 misses in the ledger's shape []; 66 anchors in the file, sports built [mlb, nba, nhl, nfl]
  ok   anchors: agreement on 2 against 1: raw in or out 9 > 9, exact 6 > 6; books in or out 4 > 4, exact 3 > 3 (must not fall, and must stay within two of the measured {"raw2":{"inOut":9,"exact":6,"n":9},"books2":{"inOut":4,"exact":3,"n":4},"realNotFirstInBooks":2,"pushAlone":0,"standoutbigFires":true,"standoutgoneFires":false}); a real never or later in the books reading 2, agreeing by the push alone 0, the band breaks with every push tripled true, with every push off false (all four as recorded: true); moved past a real ballot by calibration 2: raw 0, books 0 (must be none)
  ok   anchorcalls: 0 anchor readings whose majority call is not the one firstBallotChance gives []
  ok   hallshare: Hall share 38.8 -> 40.0 percent (ceiling 45.0)
simCareerHall mlb: BOARD SECTIONS SKIPPED, NOT A GREEN RUN (the 26 checks that ran are green)
