simCareerHall nfl: 2000 careers, 0 crashed, seed base
  hof 25.7% (514), first ballot 71% of them; bottom third 45%, top third 99.4%
  outcomes {"inducted":514,"waiting":971,"notOnBallot":515}; jerseys 728; talk reached 86.8% of careers
  ladder 0.345 0.400 0.476 0.539 0.618 0.683 0.750 0.824 0.893 0.964; smallest step 0.054
  deciles 0.41 0.41 0.54 0.47 0.62 0.76 0.88 1.00 1.00 1.00; cuts 0.33 0.37 0.36 0.42 0.44 0.44 0.42 0.36 0.32; smallest cut 0.323
  misses: iff 0, outcome 0, table [], offset 0, promise 0/648, draws 0, notSame 0, sides 0, talk 0+0, jersey 0
  talk timing: talks a career, median 1; first talk at 35; career ends at 38; non finite scores 0
  board loop: 0 careers a policy, 0 crashed; talks answered one more year 0; identity misses 0
  ends: retire now 0, talk farewells 0, deck farewells 0, misses 0
  once: 0 offseasons with the talk (0 asked mid-summer, 0 after a banned year), 0 offered a retirement card; listed ids seen 0, unseen [lifeB_retireHealthy,lifeB_retirementTour], farewell cards not listed [] (decks probed on 0 careers)
  seek: 0 talks caught in the board loop, 0 forged summers on a deck retirement card, 0 landed on it with no hold-out (at card 1 0, at a later card 0), 0 with the board's
  jersey (deck): 0 recorded, 0 at a club other than the one with most seasons, 0 misnamed; synthetic 0, 0 missed; wait answers 0, 0 wrote a club
  era: verified from the Class of 2027; {"boundary":{"below":100,"above":100}}; misses 0
  16 never below: table misses []; 0 of 2000 careers lower on 2; 1079 moved up, 693 up a verdict tier, 93 newly in the Hall
  19 (b) Hall share 21.1 -> 25.7 percent; legacy score median 293 -> 348, mean 382.4 -> 452.4 (points paid)
     by position: QB 63.2 -> 63.2, RB 7.2 -> 8.0, WR 22.0 -> 22.8, TE 8.4 -> 19.6, LB 14.0 -> 23.2, CB 10.8 -> 19.6, EDGE 31.2 -> 37.6, K 11.6 -> 11.6
  17 (a) marks: 14 standout cells; at or over from, pooled 9.97 percent (band 9.37 to 10.97), cells out of 4.2 to 17.4: []; at or over to, pooled 1.00 percent (band 0.11 to 1.49)
  17 (b) half rule and ledger: 0 misses []
     ramps (width in seasons at the from mark's own rate, to over the median): QB passYds 1.7s x1.26 floor, QB passTd 1.8s x1.32, RB rushYds 1.9s x1.47, RB rushTd 2.1s x1.51, WR rec 1.9s x1.42, WR recYds 2.0s x1.44, TE rec 1.9s x1.39, TE recYds 1.9s x1.39, TE recTd 1.8s x1.39, LB tackles 1.9s x1.40, LB picks 3.2s x1.62, CB picks 3.2s x1.59, CB passDef 2.2s x1.45, EDGE sacks 2.8s x1.52
  17 (c) outcome: top 5 percent by family, Hall share on 1 > on 2: QB passYds 100>100, QB passTd 100>100, RB rushYds 62>77, RB rushTd 62>77, WR rec 100>100, WR recYds 92>100, TE rec 46>100, TE recYds 46>100, TE recTd 46>92, LB tackles 62>92, LB picks 69>92, CB picks 54>100, CB passDef 62>100, EDGE sacks 92>100
     pooled over the cells under 90 percent on 1: 66 -> 108 of 117 careers, a gain of 35.9 points (needs 16.8); over the first ballot line (900) on 2 and not on 1: 52 careers (2 of them newly in the Hall)
     the standout's own part, every cell: 153 in with the standout taken out, 173 with it, of 182, a gain of 11.0 points (needs 5.5)
  17 (d) cap: 0 of 2000 careers off the restated score on 2; the standout paid on 199
  19 (a) base: median base credit TE 111.4 (109.2 to 114.7), LB 108.2 (106.4 to 112.3), CB 107.8 (105.3 to 114.1), EDGE 109.8 (105.6 to 111.8); misses []
  19 (c) words: example CB picks 35 to 59: +332 on 2, +0 on 1; card lines off 0 of 4000 records (170 name a standout, 29 had one worth under 30 points and stay quiet); longest line the table can print 183 characters (budget 200); misses []
  18 anchors: 22 men in 25 rows ({"first":8,"later":9,"never":4} men on the main ballot, 1 by a committee, printed apart); the majority call is first from a score of 629
     what the agreement's controls can reach here: a real never or later in the books reading 7, and the band with every push tripled holds (standoutbig CANNOT fire); agreeing on 2 by the push alone 1, and the band with every push switched off holds (standoutgone CANNOT fire). THE REAL NEVER AND LATER MEN IN THE BOOKS READING GET THE SAME CALL WITH THE PUSH TRIPLED (the push at its present size already sends them in on the first ballot, or they are in on hardware), so tripling it cannot turn this red: a green here is no proof that 300 is not too big
     nfl-rec-1 WR rec real first: raw 2124 first > 2514 first; books 2124 first > 2514 first
     nfl-rec-2 TE rec real first: raw 1087 first > 1623 first; books 1087 first > 1621 first
     nfl-rec-3 WR rec real later: raw 777 first > 777 first; books 830 first > 1220 first
     nfl-rec-4 WR rec real later: raw 575 later > 575 later; books 626 first > 926 first
     nfl-rec-5 WR rec real later: raw 294 never > 294 never; books 349 never > 739 first
     nfl-recTd-1 WR recTd real first: raw 2124 first > 2514 first; books none > none (raw only: his position does not carry the family, or he is not off a list)
     nfl-recTd-2 WR recTd real first: raw 863 first > 863 first; books none > none (raw only: his position does not carry the family, or he is not off a list)
     nfl-recTd-3 WR recTd real later: raw 1029 first > 1029 first; books none > none (raw only: his position does not carry the family, or he is not off a list)
     nfl-recTd-4 WR recTd real later: raw 575 later > 575 later; books none > none (raw only: his position does not carry the family, or he is not off a list)
     nfl-recTd-5 WR recTd real later: raw 777 first > 777 first; books none > none (raw only: his position does not carry the family, or he is not off a list)
     nfl-picks-1 CB picks real later: raw 626 first > 1124 first; books 626 first > 1005 first
     nfl-picks-2 CB picks real first: raw 1397 first > 1882 first; books 1397 first > 1776 first
     nfl-picks-3 CB picks real never (committee later, outside the count): raw 315 never > 792 first; books 315 never > 694 first
     nfl-picks-4 CB picks real first: raw 958 first > 1435 first; books 958 first > 1337 first
     nfl-picks-5 CB picks real first: raw 1192 first > 1667 first; books 1192 first > 1571 first
     nfl-sacks-1 EDGE sacks real first: raw 1869 first > 1949 first; books 1869 first > 2269 first
     nfl-sacks-2 EDGE sacks real first: raw 1905 first > 1984 first; books 1905 first > 2305 first
     nfl-sacks-3 EDGE sacks real later: raw 465 never > 529 later; books 465 never > 865 first
     nfl-sacks-4 EDGE sacks real later: raw 465 never > 525 later; books 465 never > 865 first
     nfl-sacks-5 EDGE sacks real later: raw 1075 first > 1132 first; books 1075 first > 1475 first
     nfl-fgMade-1 K fgMade real later: raw 725 first > 725 first; books none > none (raw only: his position does not carry the family, or he is not off a list)
     nfl-fgMade-2 K fgMade real never: raw 403 never > 403 never; books none > none (raw only: his position does not carry the family, or he is not off a list)
     nfl-fgMade-3 K fgMade real never: raw 231 never > 231 never; books none > none (raw only: his position does not carry the family, or he is not off a list)
     nfl-fgMade-4 K fgMade real never: raw 439 never > 439 never; books none > none (raw only: his position does not carry the family, or he is not off a list)
     nfl-fgMade-5 K fgMade real never: raw 220 never > 220 never; books none > none (raw only: his position does not carry the family, or he is not off a list)
     agreement, in or out and exact ballot, calibration 1 > 2: raw 21 > 23 and 15 > 17 of 24; books 11 > 14 and 7 > 7 of 14; decisions the anchors made: ["WR touchdown catches standout dropped","K field goals standout dropped"]
  15 (c) calibration rule: 0 misses over 13 cases and 2000 careers; engine careers stamped 2000
  20 board stamp: 0 board careers retired, 0 stamped 2, 0 scored on another calibration
  15 v1: 20 recorded saves (base 8fe82a4d), 0 read differently today; 0 of 2000 engine careers off the Round 123 formula on calibration 1
  ok   crashes: 0 crashed of 2000
  ok   iff: 0 disagree with the engine's own legacyOf, 514 inducted
  ok   outcome: 0 careers outside the Hall with the wrong outcome; 515 off the ballot, 971 on it, 0 early fall offs
  ok   table: rules off the audit table: [], 0 careers on the wrong first class
  ok   rises: smallest of the nine decile cuts 0.323 (needs 0.06), smallest ladder step 0.054 (needs over 0.015)
  ok   promise: 0 of 648 promised first ballots missed
  ok   keyed: 0 Math.random draws, 0 records that changed on a second run
  ok   sides: 0 ballots on the wrong side of a rule
  ok   talk: 0 talks off the rule, 0 before the age, reached 86.8 percent (needs 70)
  ok   answers: 0 answers that did not do what the button says; answered {"retireNow":431,"oneMore":435,"farewell":431}
  ok   jersey: 0 jerseys off the rule or misnamed, 0 named by a bare club id, 728 retired
  ok   v1replay: 0 readings of 20 recorded saves differ from the version 1 recording
  ok   v1formula: 0 of 2000 engine careers score off the Round 123 formula on calibration 1
  ok   calrule: 0 readings off the calibration rule; 2000 of 2000 engine careers stamped
  ok   neverbelow: calibration 2 drops or changes [] of calibration 1; 0 of 2000 careers score lower, lose a tier or leave the Hall on 2 (1079 moved up)
  ok   marks: at or over from: pooled 9.97 percent, 0 cells out of band []; at or over to: pooled 1.00 percent
  ok   halfrule: 0 cells off the half rule, the ledger's marks or the ramp floor []
  ok   standoutgain: top 5 percent by family: 66 -> 108 of 117 in the Hall, a gain of 35.9 points (needs 16.8); owed to the standout alone 11.0 points (needs 5.5)
  ok   standoutcap: 0 careers off the restated score on 2 (one family, capped); the standout paid on 199
  ok   base: 0 base misses []
  ok   words: 0 misses in the rule, the example or the card []; 0 card lines off
  ok   anchorshape: 0 misses in the ledger's shape []; 66 anchors in the file, sports built [mlb, nba, nhl, nfl]
  ok   anchors: agreement on 2 against 1: raw in or out 21 > 23, exact 15 > 17; books in or out 11 > 14, exact 7 > 7 (must not fall, and must stay within two of the measured {"raw2":{"inOut":23,"exact":17,"n":24},"books2":{"inOut":14,"exact":7,"n":14},"realNotFirstInBooks":7,"pushAlone":1,"standoutbigFires":false,"standoutgoneFires":false,"read":"After the two decisions (a receiver's touchdown catches and a kicker's field goals, both dropped). Calibration 1 agrees on raw 21 and 15 of 24 and on books 11 and 7 of 14. A row is a man on a list, so 24 rows are 21 men on the main ballot. The push and the bases put three real later men in who were out on 1 (nfl-rec-5, nfl-sacks-3, nfl-sacks-4), all three on the first ballot where the real Hall made them wait; the rule counts agreement and calibration 1 had them out, so no decision follows from them. The corner the modern era vote never took (nfl-picks-3, chosen by a seniors committee, printed apart and outside the count) goes straight in on calibration 2, 792 raw and 694 in the books. With every push tripled, or switched off, no counted call moves past the band, so standoutbig and standoutgone both refuse to run here: every real later man in the books reading is already sent in on the first ballot by the push at its present size, or is in on hardware. The control that fires on football's anchors is decisionback (the kicker's push put back)."}); a real never or later in the books reading 7, agreeing by the push alone 1, the band breaks with every push tripled false, with every push off false (all four as recorded: true)
  ok   anchorcalls: 0 anchor readings whose majority call is not the one firstBallotChance gives []
  ok   hallshare: Hall share 21.1 -> 25.7 percent (ceiling 28.2)
simCareerHall nfl: BOARD SECTIONS SKIPPED, NOT A GREEN RUN (the 25 checks that ran are green)
