simCareerHall nba: 2000 careers, 0 crashed, seed base
  hof 33.7% (674), first ballot 91.2% of them; bottom third 73.7%, top third 100%
  outcomes {"waiting":756,"notOnBallot":570,"inducted":674}; jerseys 860; talk reached 100% of careers
  ladder 0.333 0.414 0.473 0.547 0.620 0.681 0.756 0.840 0.888 0.966; smallest step 0.048
  deciles 0.45 0.70 0.97 1.00 1.00 1.00 1.00 1.00 1.00 1.00; cuts 0.52 0.42 0.29 0.22 0.18 0.15 0.13 0.11 0.10; smallest cut 0.097
  misses: iff 0, outcome 0, table [], offset 0, promise 0/987, draws 0, notSame 0, sides 0, talk 0+0, jersey 0
  talk timing: talks a career, median 1; first talk at 36; career ends at 38; non finite scores 0
  board loop: 400 careers a policy, 0 crashed; talks answered one more year 1349; identity misses 0
  ends: retire now 395, talk farewells 395, deck farewells 20, misses 0
  once: 3093 offseasons with the talk (0 asked mid-summer, 37 after a banned year), 0 offered a retirement card; listed ids seen 2, unseen [], farewell cards not listed [] (decks probed on 150 careers)
  seek: 300 talks caught in the board loop, 1548 forged summers on a deck retirement card, 774 landed on it with no hold-out (at card 1 774, at a later card 0), 0 with the board's
  jersey (deck): 68 recorded, 13 at a club other than the one with most seasons, 0 misnamed; synthetic 300, 0 missed; wait answers 35, 0 wrote a club
  era: verified from the Class of 2025; {"now":{"below":0,"above":100},"y2004":{"below":28,"above":72},"boundary":{"below":100,"above":100}}; misses 0
  16 never below: table misses []; 0 of 2000 careers lower on 2; 2000 moved up, 304 up a verdict tier, 60 newly in the Hall
  19 (b) Hall share 30.7 -> 33.7 percent; legacy score median 343 -> 362, mean 458.7 -> 505.7 (points paid)
     by position: PG 30.5 -> 32.3, SG 28.5 -> 33.3, SF 33.3 -> 34.5, PF 33.8 -> 36.8, C 27.5 -> 31.8
  17 (a) marks: 14 standout cells; at or over from, pooled 2.41 percent (band 8.91 to 10.91), cells out of 4.2 to 16.6: [PG pts 1.5, PG ast 0.3, SG pts 0.8, SG ast 0.0, SF reb 2.8, SF ast 0.0, PF pts 3.0, PF reb 0.3, PF ast 0.0, C pts 2.8, C ast 0.0]; at or over to, pooled 0.23 percent (band 0.39 to 1.39)
  17 (b) half rule and ledger: 0 misses []
     ramps (width in seasons at the from mark's own rate, to over the median): PG pts 3.8s x1.73, PG ast 3.6s x1.58, SG pts 3.9s x1.59, SG reb 3.0s x1.50, SG ast 2.8s x1.49, SF pts 4.0s x1.64, SF reb 2.2s x1.36, SF ast 3.3s x1.66, PF pts 2.6s x1.41, PF reb 3.5s x1.51, PF ast 3.9s x1.69, C pts 3.1s x1.54, C reb 2.9s x1.51, C ast 3.3s x1.53
  17 (c) outcome: top 5 percent by family, Hall share on 1 > on 2: PG pts 95>100, PG ast 60>60, SG pts 90>100, SG reb 50>80, SG ast 70>95, SF pts 100>100, SF reb 90>95, SF ast 90>95, PF pts 100>100, PF reb 80>95, PF ast 90>100, C pts 95>100, C reb 85>100, C ast 85>100
     pooled over the cells under 90 percent on 1: 86 -> 106 of 120 careers, a gain of 16.7 points (needs 9.7); over the first ballot line (650) on 2 and not on 1: 67 careers (10 of them newly in the Hall)
     the standout's own part, every cell: 236 in with the standout taken out, 264 with it, of 280, a gain of 10.0 points (needs 6.3)
  17 (d) cap: 2000 of 2000 careers off the restated score on 2; the standout paid on 126
  19 (a) base: median base credit no base position in this sport; misses []
  19 (c) words: example PG ast 7542 to 17800: +300 on 2, +0 on 1; card lines off 0 of 4000 records (382 name a standout); misses []
  18 anchors: NOT BUILT FOR NBA (not built in this session (the family lists were read; the per player sourcing was not finished)). Nothing here says the standout or the base agrees with real careers in this sport.
  15 (c) calibration rule: 0 misses over 13 cases and 2000 careers; engine careers stamped 2000
  20 board stamp: 1600 board careers retired, 1600 stamped 2, 0 scored on another calibration
  15 v1: 20 recorded saves (base 8fe82a4d), 0 read differently today; 0 of 2000 engine careers off the Round 123 formula on calibration 1
  ok   crashes: 0 crashed of 2000
  ok   iff: 0 disagree with the engine's own legacyOf, 674 inducted
  ok   outcome: 0 careers outside the Hall with the wrong outcome; 570 off the ballot, 756 on it, 0 early fall offs
  ok   table: rules off the audit table: [], 0 careers on the wrong first class
  ok   rises: smallest of the nine decile cuts 0.097 (needs 0.06), smallest ladder step 0.048 (needs over 0.015)
  ok   promise: 0 of 987 promised first ballots missed
  ok   keyed: 0 Math.random draws, 0 records that changed on a second run
  ok   sides: 0 ballots on the wrong side of a rule
  ok   talk: 0 talks off the rule, 0 before the age, reached 100.0 percent (needs 70)
  ok   answers: 0 answers that did not do what the button says; answered {"retireNow":500,"oneMore":500,"farewell":500}
  ok   jersey: 0 jerseys off the rule or misnamed, 0 named by a bare club id, 860 retired
  ok   identity: 0 careers answering one more year that differ from the loop with no talk (1349 talks answered), 0 board careers crashed
  ok   ends: 0 chosen ends off by a season or unmarked (retire now 395, talk farewells 395, deck farewells 20)
  ok   once: 0 of 3093 talk offseasons offered a retirement card; not listed [], listed but never dealt []
  ok   seek: 0 of 1548 forged summers where the board's seek landed on a deck retirement card; 774 landed on one with no hold-out (needs 300)
  ok   deckJersey: 0 of 68 deck retired numbers not on the card, 0 of 300 synthetic, 0 wait answers that wrote a club
  ok   era: 0 cards printing a class year or rule off the audit's verified class (2025); {"now":{"below":0,"above":100},"y2004":{"below":28,"above":72},"boundary":{"below":100,"above":100}}
  ok   v1replay: 0 readings of 20 recorded saves differ from the version 1 recording
  ok   v1formula: 0 of 2000 engine careers score off the Round 123 formula on calibration 1
  ok   calrule: 0 readings off the calibration rule; 2000 of 2000 engine careers stamped
  ok   boardstamp: 1600 of 1600 retired board careers stamped 2, 0 scored on another calibration
  ok   neverbelow: calibration 2 drops or changes [] of calibration 1; 0 of 2000 careers score lower, lose a tier or leave the Hall on 2 (2000 moved up)
  FAIL marks: at or over from: pooled 2.41 percent, 11 cells out of band [PG pts 1.5, PG ast 0.3, SG pts 0.8, SG ast 0.0, SF reb 2.8, SF ast 0.0, PF pts 3.0, PF reb 0.3, PF ast 0.0, C pts 2.8, C ast 0.0]; at or over to: pooled 0.23 percent
  ok   halfrule: 0 cells off the half rule, the ledger's marks or the ramp floor []
  ok   standoutgain: top 5 percent by family: 86 -> 106 of 120 in the Hall, a gain of 16.7 points (needs 9.7); owed to the standout alone 10.0 points (needs 6.3)
  FAIL standoutcap: 2000 careers off the restated score on 2 (one family, capped); the standout paid on 126
  ok   base: 0 base misses []
  ok   words: 0 misses in the rule, the example or the card []; 0 card lines off
  ok   anchorshape: 0 misses in the ledger's shape []; 10 anchors in the file, sports built [mlb]
  ok   anchors: NOT BUILT for this sport: nothing asserted
  ok   anchorcalls: 0 anchor readings whose majority call is not the one firstBallotChance gives []
  ok   hallshare: Hall share 30.7 -> 33.7 percent (ceiling 37.6)
simCareerHall nba: RED [marks,standoutcap] (REAL ANCHORS NOT BUILT FOR THIS SPORT: section 18 asserted nothing about it)
