NEGATIVE CONTROL favfirst ON: "if (!fav) return all;" becomes "return all;"
1) the Main Event band lists exactly the four flagships
   4 cards rendered, Soccer Career, Club Manager, Stadium Tycoon, NBA My Career, every one a live game
2) the Continue buttons look for the keys the games really save under
   /soccer-career -> soccerCareerSave, /club-manager -> dukb-club-manager-save, Continue shows only with that key planted
3) every category has an ink in both themes and a drawn glyph
   13 categories, 13 sports, every ink in both themes (lowest 4.90 to 1), every glyph drawn
4) the dailies rail is exactly the registry's daily games, led by the date's pick
   75 of 75 dailies on the rail, /perfect-lineup-nba leads on 2026-09-19; over 225 days every daily leads, never twice running
5) Just shipped reads the ship dates from the registry
   /cage-clash, /deadline-day, /nhl-gauntlet-draft, /aussie-rules-manager, newest first by addedOn, with the way into /whats-new
6) the rail is the same for everybody: no ticks, no counts, no reading your record
   no storage read, identical with a planted record, no progress words
7) Continue playing: the right keys, real fields, hostile saves, one card per save
   21 games, every key the game's own, 25 save keys in src all accounted for (4 excused), 82 fields declared by the games
   11 engine built saves and 13 shaped saves read right, 334 hostile saves survived, empty with none, one card per save
   three real Aussie action logs resume exact initial/break/completed states, generic card only, bytes held and no absent/wrong-key card
8) the favourite sport moves its own section first and nothing else
  FAIL [8]: picking football orders the sections ["Soccer","Pro Football","College Sports"]..., expected ["Pro Football","Soccer","College Sports"]...
  FAIL [8]: picking college orders the sections ["Soccer","Pro Football","College Sports"]..., expected ["College Sports","Soccer","Pro Football"]...
  FAIL [8]: picking basketball orders the sections ["Soccer","Pro Football","College Sports"]..., expected ["Pro Basketball","Soccer","Pro Football"]...
  FAIL [8]: picking baseball orders the sections ["Soccer","Pro Football","College Sports"]..., expected ["Baseball","Soccer","Pro Football"]...
  FAIL [8]: picking hockey orders the sections ["Soccer","Pro Football","College Sports"]..., expected ["Hockey","Soccer","Pro Football"]...
  FAIL [8]: picking f1 orders the sections ["Soccer","Pro Football","College Sports"]..., expected ["Formula 1","Soccer","Pro Football"]...
  FAIL [8]: picking tennis orders the sections ["Soccer","Pro Football","College Sports"]..., expected ["Tennis","Soccer","Pro Football"]...
  FAIL [8]: picking golf orders the sections ["Soccer","Pro Football","College Sports"]..., expected ["Golf","Soccer","Pro Football"]...
  FAIL [8]: picking aussie orders the sections ["Soccer","Pro Football","College Sports"]..., expected ["Aussie Rules","Soccer","Pro Football"]...
  FAIL [8]: picking nascar orders the sections ["Soccer","Pro Football","College Sports"]..., expected ["NASCAR","Soccer","Pro Football"]...
  FAIL [8]: picking combat orders the sections ["Soccer","Pro Football","College Sports"]..., expected ["Combat Sports","Soccer","Pro Football"]...
  FAIL [8]: picking world orders the sections ["Soccer","Pro Football","College Sports"]..., expected ["World & Olympic Games","Soccer","Pro Football"]...

simHomeFront control favfirst: green. Section 8 went red and nothing else did.
