identity exit=0
.rc/request.txt: OK
.rc/run.sh: OK
.github/workflows/lane-remote-check.yml: OK
.rc/x/home-search-1150.mjs: OK
src/pages/Index.tsx: OK
locked-packages exit=0
Verified 521 actual installed locked package versions.
runtime exit=0
|■■■■■■■■■■■■■■■■■■■■■■■■■■■■■■■■■■■■■■■■■■■■■■■■■■■■■■■■■■■■■■■■                |  80% of 120 MiB
|■■■■■■■■■■■■■■■■■■■■■■■■■■■■■■■■■■■■■■■■■■■■■■■■■■■■■■■■■■■■■■■■■■■■■■■■        |  90% of 120 MiB
|■■■■■■■■■■■■■■■■■■■■■■■■■■■■■■■■■■■■■■■■■■■■■■■■■■■■■■■■■■■■■■■■■■■■■■■■■■■■■■■■| 100% of 120 MiB
Chrome Headless Shell 156.0.8078.4 (playwright chromium-headless-shell v1248) downloaded to /home/runner/work/_temp/home-search-1150.Pp4fAS/chromium-cache/chromium_headless_shell-1248
Version 1.64.0
brand-runtime exit=0
   ━━━━━━━━━━━━━━━━━━━━━━━━━━━━━━━━━━━━━━━━ 5.4/5.4 MB 166.3 MB/s eta 0:00:00
Downloading pillow-12.3.0-cp312-cp312-manylinux_2_27_x86_64.manylinux_2_28_x86_64.whl (6.9 MB)
   ━━━━━━━━━━━━━━━━━━━━━━━━━━━━━━━━━━━━━━━━ 6.9/6.9 MB 183.4 MB/s eta 0:00:00
Installing collected packages: pillow, fonttools
Successfully installed fonttools-4.66.1 pillow-12.3.0
syntax exit=0
types exit=0
build exit=0
- Using dynamic import() to code-split the application
- Use build.rollupOptions.output.manualChunks to improve chunking: https://rollupjs.org/configuration-options/#output-manualchunks
- Adjust chunk size limit for this warning via build.chunkSizeWarningLimit.[39m
[32m✓ built in 30.30s[39m
[dukb] inlined 1 stylesheet(s) and 1 module(s) into 180 snapshots (11 left alone)
build-hold exit=0
parent-prepare exit=0
parent-build exit=0
- Using dynamic import() to code-split the application
- Use build.rollupOptions.output.manualChunks to improve chunking: https://rollupjs.org/configuration-options/#output-manualchunks
- Adjust chunk size limit for this warning via build.chunkSizeWarningLimit.[39m
[32m✓ built in 30.21s[39m
[dukb] inlined 1 stylesheet(s) and 1 module(s) into 180 snapshots (11 left alone)
native exit=1

parent-1280-pending: completed
parent-1280-failure: completed
parent-1280-healthy: completed
Home search1150 finite proof: 12/14 completed; parent defects remain explicit controls.
native-receipt exit=1
    at async node:internal/modules/esm/loader:223:26
    at async ModuleLoader.executeModuleJob (node:internal/modules/esm/loader:220:20)
    at async asyncRunEntryPointWithESMLoader (node:internal/modules/run_main:101:5)

Node.js v24.21.0
search-ranking exit=0
Network mode: offline, loopback only, no production probe or database retries.
Running 1 node harness
  PASS  simSiteSearch.mjs               1.9s

All 1 harnesses green.
reader-simAdsense exit=0
Network mode: offline, loopback only, no production probe or database retries.
Running 1 node harness
  PASS  simAdsense.mjs                  0.6s

All 1 harnesses green.
reader-simBrand exit=0
Network mode: offline, loopback only, no production probe or database retries.
Running 1 node harness
  PASS  simBrand.mjs                    0.5s

All 1 harnesses green.
reader-simHeadTags exit=0
Network mode: offline, loopback only, no production probe or database retries.
Running 1 node harness
  PASS  simHeadTags.mjs                 0.4s

All 1 harnesses green.
reader-simHiddenPages exit=0
Network mode: offline, loopback only, no production probe or database retries.
Running 1 node harness
  PASS  simHiddenPages.mjs              0.4s

All 1 harnesses green.
reader-simHubs exit=0
Network mode: offline, loopback only, no production probe or database retries.
Running 1 node harness
  PASS  simHubs.mjs                     0.5s

All 1 harnesses green.
reader-simIndexNow exit=0
Network mode: offline, loopback only, no production probe or database retries.
Running 1 node harness
  PASS  simIndexNow.mjs                 0.4s

All 1 harnesses green.
reader-simIndexing exit=0
Network mode: offline, loopback only, no production probe or database retries.
Running 1 node harness
  PASS  simIndexing.mjs                 0.4s

All 1 harnesses green.
reader-simInternalLinks exit=0
Network mode: offline, loopback only, no production probe or database retries.
Running 1 node harness
  PASS  simInternalLinks.mjs            0.4s

All 1 harnesses green.
reader-simNoRivalNames exit=0
Network mode: offline, loopback only, no production probe or database retries.
Running 1 node harness
  PASS  simNoRivalNames.mjs            11.1s

All 1 harnesses green.
reader-simPrerender exit=0
Network mode: offline, loopback only, no production probe or database retries.
Running 1 node harness
  PASS  simPrerender.mjs                0.8s

All 1 harnesses green.
reader-simPrerenderBoot exit=0

Serving dist on 4173 for 1 browser harnesses
  PASS  simPrerenderBoot.mjs           13.5s

All 1 harnesses green.
reader-simRetiredRoutes exit=0
Network mode: offline, loopback only, no production probe or database retries.
Running 1 node harness
  PASS  simRetiredRoutes.mjs            0.4s

All 1 harnesses green.
reader-simSchema exit=0
Network mode: offline, loopback only, no production probe or database retries.
Running 1 node harness
  PASS  simSchema.mjs                   0.4s

All 1 harnesses green.
reader-simSitemap exit=0
Network mode: offline, loopback only, no production probe or database retries.
Running 1 node harness
  PASS  simSitemap.mjs                  0.4s

All 1 harnesses green.
reader-simSnapshotAssets exit=0
Network mode: offline, loopback only, no production probe or database retries.
Running 1 node harness
  PASS  simSnapshotAssets.mjs           0.4s

All 1 harnesses green.
reader-receipts exit=0
All15 actual dist/public readers and the existing search ranking guard printed passing outcomes.
closing exit=0
dependency-cache-hold exit=0
Original app package bytes/links held, with only ordinary new build cache bytes permitted. Browser package bytes and installed Chromium cache paths/bytes/links are separately held.
strict-gates exit=1
  operator: '==',
  diff: 'simple'
}

Node.js v24.21.0
Home search1150 strict label: failed=1, complete=1, source=30d489f8f1ede9fadf05f684c017a0d90d9727ff, request=eb022c45fd609cbf2a43def02399864735798430.
