CONTROL wide ON: src/components/career-moments/CareerMomentStyles.tsx read from a rewritten copy; expected red: K7
1) Source: 6 files in src/components/career-moments
   S1 15 imports read against the allow list
   S2 17487 characters of code read for 9 banned words
   S3 the scene's colour is used 5 times, 0 gradient(s) read
   S6 10 imports read on the two soccer re-exporters
   S4 1 SigningMoment in the slip, 1 TrophyMoment in the tournament card; 1687 source files read for a second definition of the hook or the confetti
   S5 2 bind id(s) counted across 1408 files
2) In Chromium: 7 fixtures at 320, 390, 1280 px, motion on and reduced; bundle 1508K, stylesheet 40K, Tailwind was handed 15 files
  FAIL K7: F1 320px motion: the page is 412 px wide in a 320 px window, so the scene scrolls sideways
  FAIL K7: F2 320px motion: the page is 412 px wide in a 320 px window, so the scene scrolls sideways
  FAIL K7: F3 320px motion: the page is 412 px wide in a 320 px window, so the scene scrolls sideways
  FAIL K7: F4 320px motion: the page is 412 px wide in a 320 px window, so the scene scrolls sideways
  FAIL K7: F5 320px motion: the page is 412 px wide in a 320 px window, so the scene scrolls sideways
  FAIL K7: F6slip 320px motion: the page is 412 px wide in a 320 px window, so the scene scrolls sideways
  FAIL K7: F6card 320px motion: the page is 430 px wide in a 320 px window, so the scene scrolls sideways
  FAIL K7: F1 320px reduced: the page is 412 px wide in a 320 px window, so the scene scrolls sideways
  FAIL K7: F2 320px reduced: the page is 412 px wide in a 320 px window, so the scene scrolls sideways
  FAIL K7: F3 320px reduced: the page is 412 px wide in a 320 px window, so the scene scrolls sideways
  FAIL K7: F4 320px reduced: the page is 412 px wide in a 320 px window, so the scene scrolls sideways
  FAIL K7: F5 320px reduced: the page is 412 px wide in a 320 px window, so the scene scrolls sideways
  FAIL K7: F6slip 320px reduced: the page is 412 px wide in a 320 px window, so the scene scrolls sideways
  FAIL K7: F6card 320px reduced: the page is 430 px wide in a 320 px window, so the scene scrolls sideways
  FAIL K7: F1 390px motion: the page is 412 px wide in a 390 px window, so the scene scrolls sideways
  FAIL K7: F2 390px motion: the page is 412 px wide in a 390 px window, so the scene scrolls sideways
  FAIL K7: F3 390px motion: the page is 412 px wide in a 390 px window, so the scene scrolls sideways
  FAIL K7: F4 390px motion: the page is 412 px wide in a 390 px window, so the scene scrolls sideways
  FAIL K7: F5 390px motion: the page is 412 px wide in a 390 px window, so the scene scrolls sideways
  FAIL K7: F6slip 390px motion: the page is 412 px wide in a 390 px window, so the scene scrolls sideways
  FAIL K7: F6card 390px motion: the page is 430 px wide in a 390 px window, so the scene scrolls sideways
  FAIL K7: F1 390px reduced: the page is 412 px wide in a 390 px window, so the scene scrolls sideways
  FAIL K7: F2 390px reduced: the page is 412 px wide in a 390 px window, so the scene scrolls sideways
  FAIL K7: F3 390px reduced: the page is 412 px wide in a 390 px window, so the scene scrolls sideways
  FAIL K7: F4 390px reduced: the page is 412 px wide in a 390 px window, so the scene scrolls sideways
  FAIL K7: F5 390px reduced: the page is 412 px wide in a 390 px window, so the scene scrolls sideways
  FAIL K7: F6slip 390px reduced: the page is 412 px wide in a 390 px window, so the scene scrolls sideways
  FAIL K7: F6card 390px reduced: the page is 430 px wide in a 390 px window, so the scene scrolls sideways
   K7 heights at 320 px, at rest: F1 171, F2 233, F3 136, F4 441, F5 215, F6slip 171; tallest F4 at 441 px, bound 508 px
   K4 early frames at 390 px: F1 390px motion title matrix(1.20898, 0, 0, 1.20898, 0, 0) ; F2 390px motion title matrix(1.20898, 0, 0, 1.20898, 0, 0) cup matrix(0.944042, -0.0476784, 0.0476784, 0.944042, 0, 5.18335) ; F3 390px motion title matrix(1.20898, 0, 0, 1.20898, 0, 0) ; F4 390px motion title matrix(1.20898, 0, 0, 1.20898, 0, 0) ; F6slip 390px motion title matrix(1.20898, 0, 0, 1.20898, 0, 0) ; F6card 390px motion title matrix(1.20898, 0, 0, 1.20898, 0, 0) cup matrix(0.944042, -0.0476784, 0.0476784, 0.944042, 0, 5.18335)
simCareerMoments CONTROL wide: 1077 checks, red on K7 (expected K7): the control fired on its own check and the others stayed green
