CONTROL norehabrow: the current engine is mutated, this run must go red
1) 60 careers, policy accept
  FAIL: accept career 0: the injury stop at 25 wrote West Brom age 24 32 apps injury null
  FAIL: accept career 1: the injury stop at 21 wrote Remo age 20 30 apps injury MCL sprain
  FAIL: accept career 1: the injury stop at 22 wrote Remo age 21 0 apps injury Back stress fracture
  FAIL: accept career 4: the injury stop at 26 wrote Enyimba age 25 36 apps injury null
  FAIL: accept career 12: the injury stop at 19 wrote Olympiacos age 18 14 apps injury null
  FAIL: accept career 14: the injury stop at 28 wrote Wydad Casablanca age 27 39 apps injury null
  FAIL: accept career 14: the injury stop at 32 wrote Wydad Casablanca age 31 38 apps injury null
  FAIL: accept career 14: the injury stop at 35 wrote Wydad Casablanca age 34 36 apps injury null
  FAIL: accept career 16: the injury stop at 27 wrote Chelsea age 26 28 apps injury null
  FAIL: accept career 18: the injury stop at 33 wrote Marseille age 32 51 apps injury null
  FAIL: accept career 22: the injury stop at 21 wrote Club Brugge age 20 35 apps injury null
  FAIL: accept career 23: the injury stop at 20 wrote Tigres UANL age 19 40 apps injury Tight calf
  FAIL: accept career 23: the injury stop at 29 wrote Tigres UANL age 28 48 apps injury null
  FAIL: accept career 24: the injury stop at 29 wrote Newcastle age 28 28 apps injury null
  FAIL: accept career 32: the injury stop at 20 wrote Fulham age 19 27 apps injury null
  FAIL: accept career 32: the injury stop at 24 wrote Fulham age 23 36 apps injury null
  FAIL: accept career 33: the injury stop at 23 wrote Corinthians age 22 27 apps injury null
  FAIL: accept career 35: the injury stop at 28 wrote Kawasaki Frontale age 27 28 apps injury Dislocated shoulder
  FAIL: accept career 36: the injury stop at 19 wrote Mamelodi Sundowns age 18 28 apps injury null
  FAIL: accept career 38: the injury stop at 18 wrote Wydad Casablanca Youth age 17 13 apps injury undefined
  FAIL: accept career 42: the injury stop at 27 wrote PSG age 26 39 apps injury null
  FAIL: accept career 45: the injury stop at 31 wrote River Plate age 30 38 apps injury null
  FAIL: accept career 46: the injury stop at 29 wrote Al Hilal age 28 36 apps injury null
  FAIL: accept career 47: the injury stop at 18 wrote Porto Youth age 17 15 apps injury undefined
  FAIL: accept career 53: the injury stop at 28 wrote Hibernian age 27 37 apps injury null
   lived years with no row: now 0, pre-850 31 (decline 0, rehab 24, conviction 7, other 0)
   pre-850 stops: 24 rehab, 7 convictions; declines now 0
   never stopped 37, of them byte identical 37; stopped 23, identical up to the first stop 23
1) 60 careers, policy decline
   lived years with no row: now 0, pre-850 247 (decline 187, rehab 37, conviction 23, other 0)
   pre-850 stops: 37 rehab, 23 convictions; declines now 157
   never stopped 0, of them byte identical 0; stopped 60, identical up to the first stop 60
1) 60 careers, policy worst
   lived years with no row: now 0, pre-850 234 (decline 175, rehab 41, conviction 18, other 0)
   pre-850 stops: 41 rehab, 18 convictions; declines now 140
   never stopped 0, of them byte identical 0; stopped 60, identical up to the first stop 60
2) Keep Playing steps wrong 10, push on line not once 0; injury rows 102, wrong 102; careers where the market and the record disagree 0; careers with a tournament summer never played 0 (pre-850 engine, same rule: 0)
   Keep Playing off the suggestion screen: 12 tried, 0 played something
3) careers that retire at 29: 23 of 40 never stopped, 23 of them byte identical (0 saw a suggestion)
4) saves on the three screens
   pre-850 on the suggestion: 23/24 play that season once here (the pre-850 decline lost it on 24)
   pre-850 on the rehab choice: 24/24 get one empty injured row (the pre-850 choice wrote none on 24)
   this engine on the rehab choice, reloaded: 0/24 keep one row for the year
   pre-850 on the conviction paper: 24/24 get one CONVICTED row, then prison (the pre-850 paper wrote none on 24)
   this engine on the conviction paper, reloaded: 24/24 keep one row for the year
   already lost years: 20/20 kept every row and lost no more (20 carry their old gaps, nothing invented to fill them)
6) the page calls Keep Playing 1 time(s), with its clubs 1
5) balance against the pre-850 engine (printed, not asserted)
   accept: 23 careers moved after their first stop, +24 rows between them; 37 untouched and identical
     pre-850  retire age 33.12, rows 17.60, playing rows 14.48, goals 65.4, net worth 59.3M, legacy 54.4; 40+ seasons 0, goals mean 0.00 p90 0, 20+ goal seasons 0
     now      retire age 33.00, rows 18.00, playing rows 14.38, goals 64.5, net worth 64.4M, legacy 57.9; 40+ seasons 0, goals mean 0.00 p90 0, 20+ goal seasons 0
   decline: 60 careers moved after their first stop, +121 rows between them; 0 untouched and identical
     pre-850  retire age 43.13, rows 24.02, playing rows 20.63, goals 82.1, net worth 96.5M, legacy 58.6; 40+ seasons 100, goals mean 1.90 p90 5, 20+ goal seasons 0
     now      retire age 41.03, rows 26.03, playing rows 21.90, goals 84.7, net worth 115.0M, legacy 65.8; 40+ seasons 69, goals mean 1.88 p90 4, 20+ goal seasons 0
   worst: 60 careers moved after their first stop, +107 rows between them; 0 untouched and identical
     pre-850  retire age 43.37, rows 24.47, playing rows 20.72, goals 81.8, net worth 94.5M, legacy 55.2; 40+ seasons 114, goals mean 1.94 p90 4, 20+ goal seasons 0
     now      retire age 41.25, rows 26.25, playing rows 21.87, goals 86.2, net worth 116.1M, legacy 67.3; 40+ seasons 71, goals mean 1.73 p90 4, 20+ goal seasons 0
simCareerKeepPlaying: 1471 checks, 137 failures (control norehabrow, red expected)
