CONTROL nosummertrial: the current engine is mutated, this run must go red
1) 60 careers, policy accept
  FAIL: accept career 27: the summers of 2042 were never played
  FAIL: accept career 35: the summers of 2038 were never played
  FAIL: accept career 51: the summers of 2044 were never played
   lived years with no row: now 0, pre-850 31 (decline 0, rehab 24, conviction 7, other 0)
   pre-850 stops: 24 rehab, 7 convictions; declines now 0
   never stopped 37, of them byte identical 37; stopped 23, identical up to the first stop 23
1) 60 careers, policy decline
  FAIL: decline career 1: the summers of 2048 were never played
  FAIL: decline career 14: the summers of 2048 were never played
  FAIL: decline career 27: the summers of 2042 were never played
  FAIL: decline career 35: the summers of 2038 were never played
  FAIL: decline career 39: the summers of 2050 were never played
  FAIL: decline career 49: the summers of 2050 were never played
  FAIL: decline career 51: the summers of 2044 were never played
   lived years with no row: now 0, pre-850 247 (decline 187, rehab 37, conviction 23, other 0)
   pre-850 stops: 37 rehab, 23 convictions; declines now 149
   never stopped 0, of them byte identical 0; stopped 60, identical up to the first stop 60
1) 60 careers, policy worst
  FAIL: worst career 5: the summers of 2042 were never played
  FAIL: worst career 9: the summers of 2042 were never played
  FAIL: worst career 29: the summers of 2044 were never played
  FAIL: worst career 50: the summers of 2046 were never played
   lived years with no row: now 0, pre-850 234 (decline 175, rehab 41, conviction 18, other 0)
   pre-850 stops: 41 rehab, 18 convictions; declines now 149
   never stopped 0, of them byte identical 0; stopped 60, identical up to the first stop 60
2) Keep Playing steps wrong 0, push on line not once 0; injury rows 98, wrong 0; careers where the market and the record disagree 0; careers with a tournament summer never played 14 (pre-850 engine, same rule: 0)
   Keep Playing off the suggestion screen: 12 tried, 0 played something
3) careers that retire at 29: 23 of 40 never stopped, 23 of them byte identical (0 saw a suggestion)
4) saves on the three screens
   pre-850 on the suggestion: 24/24 play that season once here (the pre-850 decline lost it on 24)
   pre-850 on the rehab choice: 24/24 get one empty injured row (the pre-850 choice wrote none on 24)
   this engine on the rehab choice, reloaded: 24/24 keep one row for the year
   pre-850 on the conviction paper: 24/24 get one CONVICTED row, then prison (the pre-850 paper wrote none on 24)
   this engine on the conviction paper, reloaded: 24/24 keep one row for the year
   already lost years: 20/20 kept every row and lost no more (20 carry their old gaps, nothing invented to fill them)
6) the page calls Keep Playing 1 time(s), with its clubs 1
5) balance against the pre-850 engine (printed, not asserted)
   accept: 23 careers moved after their first stop, +18 rows between them; 37 untouched and identical
     pre-850  retire age 33.12, rows 17.60, playing rows 14.48, goals 65.4, net worth 59.3M, legacy 54.4; 40+ seasons 0, goals mean 0.00 p90 0, 20+ goal seasons 0
     now      retire age 32.90, rows 17.90, playing rows 14.73, goals 64.0, net worth 63.3M, legacy 57.1; 40+ seasons 0, goals mean 0.00 p90 0, 20+ goal seasons 0
   decline: 60 careers moved after their first stop, +117 rows between them; 0 untouched and identical
     pre-850  retire age 43.13, rows 24.02, playing rows 20.63, goals 82.1, net worth 96.5M, legacy 58.6; 40+ seasons 100, goals mean 1.90 p90 5, 20+ goal seasons 0
     now      retire age 40.97, rows 25.97, playing rows 22.47, goals 85.0, net worth 113.1M, legacy 65.4; 40+ seasons 65, goals mean 1.83 p90 4, 20+ goal seasons 0
   worst: 60 careers moved after their first stop, +108 rows between them; 0 untouched and identical
     pre-850  retire age 43.37, rows 24.47, playing rows 20.72, goals 81.8, net worth 94.5M, legacy 55.2; 40+ seasons 114, goals mean 1.94 p90 4, 20+ goal seasons 0
     now      retire age 41.27, rows 26.27, playing rows 22.52, goals 87.9, net worth 114.8M, legacy 65.9; 40+ seasons 80, goals mean 1.95 p90 5, 20+ goal seasons 0
simCareerKeepPlaying: 1469 checks, 14 failures (control nosummertrial, red expected)
