CONTROL olddecline: the current engine is mutated, this run must go red
1) 60 careers, policy accept
   lived years with no row: now 0, pre-850 31 (decline 0, rehab 24, conviction 7, other 0)
   pre-850 stops: 24 rehab, 7 convictions; declines now 0
   never stopped 37, of them byte identical 37; stopped 23, identical up to the first stop 23
1) 60 careers, policy decline
  FAIL: decline career 0: lived 30, 37, 39 with no season row
  FAIL: decline career 0: Keep Playing at 30 wrote 0 rows, age now 30
  FAIL: decline career 0: Keep Playing at 37 wrote 0 rows, age now 37
  FAIL: decline career 0: Keep Playing at 39 wrote 0 rows, age now 39
  FAIL: decline career 1: lived 30, 37, 39, 40, 42 with no season row
  FAIL: decline career 1: Keep Playing at 30 wrote 0 rows, age now 30
  FAIL: decline career 1: Keep Playing at 37 wrote 0 rows, age now 37
  FAIL: decline career 1: Keep Playing at 39 wrote 0 rows, age now 39
  FAIL: decline career 1: Keep Playing at 40 wrote 0 rows, age now 40
  FAIL: decline career 1: Keep Playing at 42 wrote 0 rows, age now 42
  FAIL: decline career 2: lived 37, 40, 41, 44 with no season row
  FAIL: decline career 2: Keep Playing at 37 wrote 0 rows, age now 37
  FAIL: decline career 2: Keep Playing at 40 wrote 0 rows, age now 40
  FAIL: decline career 2: Keep Playing at 41 wrote 0 rows, age now 41
  FAIL: decline career 2: Keep Playing at 44 wrote 0 rows, age now 44
  FAIL: decline career 3: lived 34 with no season row
  FAIL: decline career 3: Keep Playing at 34 wrote 0 rows, age now 34
  FAIL: decline career 4: lived 34, 38, 39, 40, 41 with no season row
  FAIL: decline career 4: Keep Playing at 34 wrote 0 rows, age now 34
  FAIL: decline career 4: Keep Playing at 38 wrote 0 rows, age now 38
  FAIL: decline career 4: Keep Playing at 39 wrote 0 rows, age now 39
  FAIL: decline career 4: Keep Playing at 40 wrote 0 rows, age now 40
  FAIL: decline career 4: Keep Playing at 41 wrote 0 rows, age now 41
  FAIL: decline career 5: lived 30, 37, 39 with no season row
  FAIL: decline career 5: Keep Playing at 30 wrote 0 rows, age now 30
   lived years with no row: now 191, pre-850 247 (decline 187, rehab 37, conviction 23, other 0)
   pre-850 stops: 37 rehab, 23 convictions; declines now 191
   never stopped 0, of them byte identical 0; stopped 60, identical up to the first stop 60
1) 60 careers, policy worst
   lived years with no row: now 185, pre-850 234 (decline 175, rehab 41, conviction 18, other 0)
   pre-850 stops: 41 rehab, 18 convictions; declines now 185
   never stopped 0, of them byte identical 0; stopped 60, identical up to the first stop 60
2) Keep Playing steps wrong 376, push on line not once 0; injury rows 105, wrong 0; careers where the market and the record disagree 0; careers with a tournament summer never played 0 (pre-850 engine, same rule: 0)
   Keep Playing off the suggestion screen: 12 tried, 0 played something
3) careers that retire at 29: 23 of 40 never stopped, 23 of them byte identical (0 saw a suggestion)
4) saves on the three screens
   pre-850 on the suggestion: 0/24 play that season once here (the pre-850 decline lost it on 24)
   pre-850 on the rehab choice: 24/24 get one empty injured row (the pre-850 choice wrote none on 24)
   this engine on the rehab choice, reloaded: 24/24 keep one row for the year
   pre-850 on the conviction paper: 24/24 get one CONVICTED row, then prison (the pre-850 paper wrote none on 24)
   this engine on the conviction paper, reloaded: 24/24 keep one row for the year
   already lost years: 2/20 kept every row and lost no more (20 carry their old gaps, nothing invented to fill them)
6) the page calls Keep Playing 1 time(s), with its clubs 1
5) balance against the pre-850 engine (printed, not asserted)
   accept: 23 careers moved after their first stop, +18 rows between them; 37 untouched and identical
     pre-850  retire age 33.12, rows 17.60, playing rows 14.48, goals 65.4, net worth 59.3M, legacy 54.4; 40+ seasons 0, goals mean 0.00 p90 0, 20+ goal seasons 0
     now      retire age 32.90, rows 17.90, playing rows 14.73, goals 64.0, net worth 63.3M, legacy 56.9; 40+ seasons 0, goals mean 0.00 p90 0, 20+ goal seasons 0
   decline: 60 careers moved after their first stop, +65 rows between them; 0 untouched and identical
     pre-850  retire age 43.13, rows 24.02, playing rows 20.63, goals 82.1, net worth 96.5M, legacy 58.6; 40+ seasons 100, goals mean 1.90 p90 5, 20+ goal seasons 0
     now      retire age 43.28, rows 25.10, playing rows 21.50, goals 82.1, net worth 106.4M, legacy 62.8; 40+ seasons 118, goals mean 1.55 p90 3, 20+ goal seasons 0
   worst: 60 careers moved after their first stop, +57 rows between them; 0 untouched and identical
     pre-850  retire age 43.37, rows 24.47, playing rows 20.72, goals 81.8, net worth 94.5M, legacy 55.2; 40+ seasons 114, goals mean 1.94 p90 4, 20+ goal seasons 0
     now      retire age 43.50, rows 25.42, playing rows 21.30, goals 84.9, net worth 99.4M, legacy 56.7; 40+ seasons 123, goals mean 2.02 p90 5, 20+ goal seasons 0
simCareerKeepPlaying: 1632 checks, 541 failures (control olddecline, red expected)
