CONTROL oldsize applied: section a is meant to go red

a. FILE: the generated file is the ledgers, and the lookup answers them
  FAIL [a]: Real Madrid 1990-91: a finish saved at 24 is printed beside La Liga, which had 20
  FAIL [a]: Real Madrid 1991-92: a finish saved at 24 is printed beside La Liga, which had 20
  FAIL [a]: Real Madrid 1992-93: a finish saved at 24 is printed beside La Liga, which had 20
  FAIL [a]: Real Madrid 1993-94: a finish saved at 24 is printed beside La Liga, which had 20
  FAIL [a]: Real Madrid 1994-95: a finish saved at 24 is printed beside La Liga, which had 20
  FAIL [a]: Real Madrid 1995-96: a finish saved at 20 is printed beside La Liga, which had 22
  FAIL [a]: Real Madrid 1996-97: a finish saved at 20 is printed beside La Liga, which had 22
  FAIL [a]: Real Madrid 1997-98: a finish saved at 24 is printed beside La Liga, which had 20
  FAIL [a]: Real Madrid 1998-99: a finish saved at 24 is printed beside La Liga, which had 20
  FAIL [a]: Real Madrid 1999-00: a finish saved at 24 is printed beside La Liga, which had 20
  FAIL [a]: Real Madrid 2000-01: a finish saved at 24 is printed beside La Liga, which had 20
  FAIL [a]: Real Madrid 2001-02: a finish saved at 24 is printed beside La Liga, which had 20
  released clubs whose old and new league share a size, so no saved finish is placed for them: Hertha Berlin
  216 seasons, 3303 named places; 16560 club seasons answered (3303 in a league); 438 market clubs placed in 3615 club seasons; 9990 printed names keyed alike; 3551 club seasons hold the old save guard

b. PLAYED: seeded careers from 1990 to 2019, to retirement and into the dugout
  40 careers, 939 playing seasons (662 before 2026-27: 221 finishes sized from the ledgers, 13 of them in the Championship, 435 in no ledger league, 62 titles there), 167 past derbies
  1684 offer and loan cards (676 past ones with no league), 979 club cards, 35 dugout jobs (9 with no league); dugout 174 past seasons: 86 from the ledgers naming 270 rivals, 88 unknown (30 of them a club the ledgers put in none of the six), 22 seated by the game's own seasons; 0 stuck
  years held to the record: 665 offer seasons, 24 dugout jobs; 12 forced jobs (62 ledger seasons, 26 unplaced, 19 seated); phone against the card 2647 times (403 club seasons whose label is not that season's league)

c. BASELINE: from 2026-27 on, nothing moves against origin/main
  12 of 12 careers from 2025 identical from 2026-27 on (430 seasons and dugout rows compared); releasing the seven pins alone moves 0 of them (attributed to the release, not the binds); 0 of the identical ones only once Round 1041's two truth fixes are taken out, 12 only once Round 1100's seven files are read from the base (the pool, the rows and the band moved them, on purpose)

d. WIRING: the page prints a past season's league only through the lookup
  5 raw label prints absent, 8 lookups present, both loan screens wired

CONTROL oldsize: section a went red as it should (3550 failures there, 3550 in all)
