CONTROL unheld applied: section a is meant to go red

a. FILE: the generated file is the ledgers, and the lookup answers them
  FAIL [a]: RELABELLED_1037 (West Ham, Wolves, Nantes, Girona, River Plate Asuncion, Persija Jakarta) is not the seven released clubs with the labels they left (West Ham, Hertha Berlin, Nantes, River Plate Asuncion, Girona, Wolves, Persija Jakarta)
  FAIL [a]: Hertha Berlin 2030-31: it left Bundesliga for 2. Bundesliga, both 18 clubs, yet a saved finish is placed in 2. Bundesliga
  released clubs whose old and new league share a size, so no saved finish is placed for them: Hertha Berlin
  216 seasons, 3303 named places; 16560 club seasons answered (3303 in a league); 454 market clubs placed in 3615 club seasons; 9990 printed names keyed alike; 3551 club seasons hold the old save guard

b. PLAYED: seeded careers from 1990 to 2019, to retirement and into the dugout
  40 careers, 939 playing seasons (662 before 2026-27: 221 finishes sized from the ledgers, 13 of them in the Championship, 435 in no ledger league, 62 titles there), 167 past derbies
  1684 offer and loan cards (676 past ones with no league), 979 club cards, 37 dugout jobs (8 with no league); dugout 178 past seasons: 94 from the ledgers naming 302 rivals, 84 unknown (24 of them a club the ledgers put in none of the six), 24 seated by the game's own seasons; 0 stuck
  years held to the record: 665 offer seasons, 24 dugout jobs; 12 forced jobs (69 ledger seasons, 23 unplaced, 21 seated); phone against the card 2647 times (403 club seasons whose label is not that season's league)

c. BASELINE: from 2026-27 on, nothing moves against origin/main
  career 7777: moved by Rounds 1100 and 1052 together (equal to the base only with both taken out)
  career 112506: moved by Rounds 1100 and 1052 together (equal to the base only with both taken out)
  career 531422: moved by Rounds 1100 and 1052 together (equal to the base only with both taken out)
  career 636151: moved by Rounds 1100 and 1052 together (equal to the base only with both taken out)
  career 950338: moved by Rounds 1100 and 1052 together (equal to the base only with both taken out)
  career 1159796: moved by Rounds 1100 and 1052 together (equal to the base only with both taken out)
  12 of 12 careers from 2025 identical from 2026-27 on (430 seasons and dugout rows compared); releasing the seven pins alone moves 0 of them (attributed to the release, not the binds); 0 of the identical ones only once Round 1041's two truth fixes are taken out, 6 only once Round 1100's seven files are read from the base (the pool, the rows and the band moved them, on purpose)
  6 of the identical careers are identical only with Round 1100's seven files read from the base and Round 1052's league taken out, both at once

d. WIRING: the page prints a past season's league only through the lookup
  5 raw label prints absent, 8 lookups present, both loan screens wired

CONTROL unheld: section a went red as it should (2 failures there, 2 in all)
