
[1m[46m RUN [49m[22m [36mv3.2.7 [39m[90m/home/runner/work/ballpark-hero/ballpark-hero[39m

Browserslist: browsers data (caniuse-lite) is 16 months old. Please run:
  npx update-browserslist-db@latest
  Why you should do it regularly: https://github.com/browserslist/update-db#readme
 [31m❯[39m src/test/liveSimMotion.test.tsx [2m([22m[2m24 tests[22m[2m | [22m[31m3 failed[39m[2m)[22m[33m 22777[2mms[22m[39m
   [32m✓[39m Live simcast motion[2m > [22msettlement ID comparison rejects changed payloads, retained IDs and allocator prefixes[32m 135[2mms[22m[39m
   [32m✓[39m Live simcast motion[2m > [22mthe committed action puts goals in the correct net and saves at the keeper[32m 6[2mms[22m[39m
   [33m[2m✓[22m[39m Live simcast motion[2m > [22mactual feed triggers player strikes, ball flight, saves and net contact [33m 1368[2mms[22m[39m
   [32m✓[39m Live simcast motion[2m > [22mpause freezes the ball and player pose, and the same player still opens changes[32m 293[2mms[22m[39m
   [33m[2m✓[22m[39m Live simcast motion[2m > [22mmotion leaves committed state and settled results identical [33m 373[2mms[22m[39m
   [32m✓[39m Live simcast motion[2m > [22ma substitution during a paused action replaces the clickable player immediately[32m 282[2mms[22m[39m
   [32m✓[39m Live simcast motion[2m > [22mspeed changes scale action time with the match clock[32m 240[2mms[22m[39m
   [32m✓[39m Live simcast motion[2m > [22mreduced motion shows the committed catch immediately without animated poses[32m 155[2mms[22m[39m
   [33m[2m✓[22m[39m Live simcast motion[2m > [22mterminal goal and save contact precede the unchanged whistle and score (45 'goal' reduced=false) [33m 2722[2mms[22m[39m
   [33m[2m✓[22m[39m Live simcast motion[2m > [22mterminal goal and save contact precede the unchanged whistle and score (45 'goal' reduced=true) [33m 745[2mms[22m[39m
   [33m[2m✓[22m[39m Live simcast motion[2m > [22mterminal goal and save contact precede the unchanged whistle and score (45 'save' reduced=false) [33m 772[2mms[22m[39m
   [33m[2m✓[22m[39m Live simcast motion[2m > [22mterminal goal and save contact precede the unchanged whistle and score (45 'save' reduced=true) [33m 714[2mms[22m[39m
[31m   [31m×[31m Live simcast motion[2m > [22mterminal goal and save contact precede the unchanged whistle and score (90 'goal' reduced=false)[39m[33m 1549[2mms[22m[39m
[31m     → expected 'pass' to be 'goal' // Object.is equality[39m
[31m   [31m×[31m Live simcast motion[2m > [22mterminal goal and save contact precede the unchanged whistle and score (90 'goal' reduced=true)[39m[33m 1355[2mms[22m[39m
[31m     → expected 'pass' to be 'goal' // Object.is equality[39m
   [33m[2m✓[22m[39m Live simcast motion[2m > [22mterminal goal and save contact precede the unchanged whistle and score (90 'save' reduced=false) [33m 1505[2mms[22m[39m
   [33m[2m✓[22m[39m Live simcast motion[2m > [22mterminal goal and save contact precede the unchanged whistle and score (90 'save' reduced=true) [33m 1546[2mms[22m[39m
[31m   [31m×[31m Live simcast motion[2m > [22mterminal resume shows contact and Skip keeps immediate exactly-once whistle callbacks[39m[33m 3710[2mms[22m[39m
[31m     → expected 'pass' to be 'net' // Object.is equality[39m
   [33m[2m✓[22m[39m Live simcast motion[2m > [22ma tactics redraw cancels a terminal action that is no longer committed [33m 505[2mms[22m[39m
   [33m[2m✓[22m[39m Live simcast motion[2m > [22mthe ninetieth minute asks the latest save: refused means full time, never thirty empty minutes [33m 1223[2mms[22m[39m
   [33m[2m✓[22m[39m Live simcast motion[2m > [22mthe ninetieth minute asks the latest save: extra time drawn there is played, whatever this render was given [33m 1229[2mms[22m[39m
   [33m[2m✓[22m[39m Live simcast motion[2m > [22mthe extra time banner says what is true: a second leg is level on aggregate [33m 888[2mms[22m[39m
   [33m[2m✓[22m[39m Live simcast motion[2m > [22mthe clock runs into the board as 90 plus, with the running aggregate under the score [33m 311[2mms[22m[39m
   [33m[2m✓[22m[39m Live simcast motion[2m > [22ma goal in the board is announced with its plus, GOAL! ... 90+N [33m 852[2mms[22m[39m
   [32m✓[39m Live simcast motion[2m > [22mthe extra time clock runs into its own board as ET 120 plus[32m 298[2mms[22m[39m

[31m⎯⎯⎯⎯⎯⎯⎯[39m[1m[41m Failed Tests 3 [49m[22m[31m⎯⎯⎯⎯⎯⎯⎯[39m

[41m[1m FAIL [22m[49m src/test/liveSimMotion.test.tsx[2m > [22mLive simcast motion[2m > [22mterminal goal and save contact precede the unchanged whistle and score (90 'goal' reduced=false)
[41m[1m FAIL [22m[49m src/test/liveSimMotion.test.tsx[2m > [22mLive simcast motion[2m > [22mterminal goal and save contact precede the unchanged whistle and score (90 'goal' reduced=true)
[31m[1mAssertionError[22m: expected 'pass' to be 'goal' // Object.is equality[39m

Expected: [32m"goal"[39m
Received: [31m"pass"[39m

[36m [2m❯[22m src/test/liveSimMotion.test.tsx:[2m318:50[22m[39m
    [90m316| [39m    const pitch = mounted.container.querySelector('[data-cm-live-pitch…
    [90m317| [39m    const finalPhase = fixture.event.kind === 'goal' ? 'net' : 'caught…
    [90m318| [39m    expect(pitch.getAttribute('data-cm-motion')).toBe(fixture.event.ki…
    [90m   | [39m                                                 [31m^[39m
    [90m319| [39m    expect(pitch.getAttribute('data-cm-motion-phase')).toBe(reduced ? …
    [90m320| [39m    [35mawait[39m [34mstep[39m([34m240[39m)[33m;[39m

[31m[2m⎯⎯⎯⎯⎯⎯⎯⎯⎯⎯⎯⎯⎯⎯⎯⎯⎯⎯⎯⎯⎯⎯⎯⎯[1/3]⎯[22m[39m

[41m[1m FAIL [22m[49m src/test/liveSimMotion.test.tsx[2m > [22mLive simcast motion[2m > [22mterminal resume shows contact and Skip keeps immediate exactly-once whistle callbacks
[31m[1mAssertionError[22m: expected 'pass' to be 'net' // Object.is equality[39m

Expected: [32m"net"[39m
Received: [31m"pass"[39m

[36m [2m❯[22m src/test/liveSimMotion.test.tsx:[2m353:10[22m[39m
    [90m351| [39m      [35mawait[39m [34mstep[39m([34mboardMs[39m(career[33m,[39m cap))[33m;[39m
    [90m352| [39m      expect(mounted.container.querySelector('[data-cm-motion-phase]')…
    [90m353| [39m        [33m.[39m[34mtoBe[39m(fixture[33m.[39mevent[33m.[39mkind [33m===[39m [32m'goal'[39m [33m?[39m [32m'net'[39m [33m:[39m [32m'caught'[39m)[33m;[39m
    [90m   | [39m         [31m^[39m
    [90m354| [39m      expect(readScore(mounted.container)).toBe(scoreBy(career, cap + …
    [90m355| [39m      [34mexpectWhistle[39m(mounted[33m,[39m cap[33m,[39m [35mfalse[39m)[33m;[39m

[31m[2m⎯⎯⎯⎯⎯⎯⎯⎯⎯⎯⎯⎯⎯⎯⎯⎯⎯⎯⎯⎯⎯⎯⎯⎯[2/3]⎯[22m[39m


[2m Test Files [22m [1m[31m1 failed[39m[22m[90m (1)[39m
[2m      Tests [22m [1m[31m3 failed[39m[22m[2m | [22m[1m[32m21 passed[39m[22m[90m (24)[39m
[2m   Start at [22m 15:13:42
[2m   Duration [22m 27.19s[2m (transform 2.61s, setup 86ms, collect 3.40s, tests 22.78s, environment 420ms, prepare 136ms)[22m


::error file=/home/runner/work/ballpark-hero/ballpark-hero/src/test/liveSimMotion.test.tsx,title=src/test/liveSimMotion.test.tsx > Live simcast motion > terminal goal and save contact precede the unchanged whistle and score (90 'goal' reduced=false),line=318,column=50::AssertionError: expected 'pass' to be 'goal' // Object.is equality%0A%0AExpected: "goal"%0AReceived: "pass"%0A%0A ❯ src/test/liveSimMotion.test.tsx:318:50%0A%0A

::error file=/home/runner/work/ballpark-hero/ballpark-hero/src/test/liveSimMotion.test.tsx,title=src/test/liveSimMotion.test.tsx > Live simcast motion > terminal goal and save contact precede the unchanged whistle and score (90 'goal' reduced=true),line=318,column=50::AssertionError: expected 'pass' to be 'goal' // Object.is equality%0A%0AExpected: "goal"%0AReceived: "pass"%0A%0A ❯ src/test/liveSimMotion.test.tsx:318:50%0A%0A

::error file=/home/runner/work/ballpark-hero/ballpark-hero/src/test/liveSimMotion.test.tsx,title=src/test/liveSimMotion.test.tsx > Live simcast motion > terminal resume shows contact and Skip keeps immediate exactly-once whistle callbacks,line=353,column=10::AssertionError: expected 'pass' to be 'net' // Object.is equality%0A%0AExpected: "net"%0AReceived: "pass"%0A%0A ❯ src/test/liveSimMotion.test.tsx:353:10%0A%0A
