probe written: src/test/arProbe-lk-before.test.tsx (variant lk)

[1m[46m RUN [49m[22m [36mv3.2.7 [39m[90m/home/runner/work/ballpark-hero/ballpark-hero[39m

Browserslist: browsers data (caniuse-lite) is 16 months old. Please run:
  npx update-browserslist-db@latest
  Why you should do it regularly: https://github.com/browserslist/update-db#readme
[90mstdout[2m | src/test/arProbe-lk-before.test.tsx[2m > [22m[2mLive simcast motion[2m > [22m[2mterminal goal and save contact precede the unchanged whistle and score (45 'goal' reduced=false)
[22m[39m[AR probe lk] halves whose cast changes in the last kick wind up, found: none

[90mstdout[2m | src/test/arProbe-lk-before.test.tsx[2m > [22m[2mLive simcast motion[2m > [22m[2mterminal goal and save contact precede the unchanged whistle and score (45 'goal' reduced=true)
[22m[39m[AR probe lk] no 45:goal half was found, this row asserts nothing

[90mstdout[2m | src/test/arProbe-lk-before.test.tsx[2m > [22m[2mLive simcast motion[2m > [22m[2mterminal goal and save contact precede the unchanged whistle and score (45 'save' reduced=false)
[22m[39m[AR probe lk] no 45:save half was found, this row asserts nothing

[90mstdout[2m | src/test/arProbe-lk-before.test.tsx[2m > [22m[2mLive simcast motion[2m > [22m[2mterminal goal and save contact precede the unchanged whistle and score (45 'save' reduced=true)
[22m[39m[AR probe lk] no 45:save half was found, this row asserts nothing

[90mstdout[2m | src/test/arProbe-lk-before.test.tsx[2m > [22m[2mLive simcast motion[2m > [22m[2mterminal goal and save contact precede the unchanged whistle and score (90 'goal' reduced=false)
[22m[39m[AR probe lk] no 90:goal half was found, this row asserts nothing

[90mstdout[2m | src/test/arProbe-lk-before.test.tsx[2m > [22m[2mLive simcast motion[2m > [22m[2mterminal goal and save contact precede the unchanged whistle and score (90 'goal' reduced=true)
[22m[39m[AR probe lk] no 90:goal half was found, this row asserts nothing

[90mstdout[2m | src/test/arProbe-lk-before.test.tsx[2m > [22m[2mLive simcast motion[2m > [22m[2mterminal goal and save contact precede the unchanged whistle and score (90 'save' reduced=false)
[22m[39m[AR probe lk] no 90:save half was found, this row asserts nothing

[90mstdout[2m | src/test/arProbe-lk-before.test.tsx[2m > [22m[2mLive simcast motion[2m > [22m[2mterminal goal and save contact precede the unchanged whistle and score (90 'save' reduced=true)
[22m[39m[AR probe lk] no 90:save half was found, this row asserts nothing

 [31m❯[39m src/test/arProbe-lk-before.test.tsx [2m([22m[2m55 tests[22m[2m | [22m[31m1 failed[39m[2m | [22m[33m47 skipped[39m[2m)[22m[33m 125956[2mms[22m[39m
   [2m[90m↓[39m[22m Live simcast motion[2m > [22msettlement ID comparison rejects changed payloads, retained IDs and allocator prefixes
   [2m[90m↓[39m[22m Live simcast motion[2m > [22mthe committed action puts goals in the correct net and saves at the keeper
   [2m[90m↓[39m[22m Live simcast motion[2m > [22mactual feed triggers player strikes, ball flight, saves and net contact
   [2m[90m↓[39m[22m Live simcast motion[2m > [22mpause freezes the ball and player pose, and the same player still opens changes
   [2m[90m↓[39m[22m Live simcast motion[2m > [22mmotion leaves committed state and settled results identical
   [2m[90m↓[39m[22m Live simcast motion[2m > [22ma substitution during a paused action replaces the clickable player immediately
   [2m[90m↓[39m[22m Live simcast motion[2m > [22mspeed changes scale action time with the match clock
   [2m[90m↓[39m[22m Live simcast motion[2m > [22mreduced motion shows the committed catch immediately without animated poses
[31m   [31m×[31m Live simcast motion[2m > [22mterminal goal and save contact precede the unchanged whistle and score (45 'goal' reduced=false)[39m[33m 125949[2mms[22m[39m
[31m     → expected 0 to be greater than 0[39m
   [32m✓[39m Live simcast motion[2m > [22mterminal goal and save contact precede the unchanged whistle and score (45 'goal' reduced=true)[32m 1[2mms[22m[39m
   [32m✓[39m Live simcast motion[2m > [22mterminal goal and save contact precede the unchanged whistle and score (45 'save' reduced=false)[32m 1[2mms[22m[39m
   [32m✓[39m Live simcast motion[2m > [22mterminal goal and save contact precede the unchanged whistle and score (45 'save' reduced=true)[32m 1[2mms[22m[39m
   [32m✓[39m Live simcast motion[2m > [22mterminal goal and save contact precede the unchanged whistle and score (90 'goal' reduced=false)[32m 1[2mms[22m[39m
   [32m✓[39m Live simcast motion[2m > [22mterminal goal and save contact precede the unchanged whistle and score (90 'goal' reduced=true)[32m 1[2mms[22m[39m
   [32m✓[39m Live simcast motion[2m > [22mterminal goal and save contact precede the unchanged whistle and score (90 'save' reduced=false)[32m 1[2mms[22m[39m
   [32m✓[39m Live simcast motion[2m > [22mterminal goal and save contact precede the unchanged whistle and score (90 'save' reduced=true)[32m 1[2mms[22m[39m
   [2m[90m↓[39m[22m Live simcast motion[2m > [22mterminal resume shows contact and Skip keeps immediate exactly-once whistle callbacks
   [2m[90m↓[39m[22m Live simcast motion[2m > [22ma tactics redraw cancels a terminal action that is no longer committed
   [2m[90m↓[39m[22m Live simcast motion[2m > [22mthe ninetieth minute asks the latest save: refused means full time, never thirty empty minutes
   [2m[90m↓[39m[22m Live simcast motion[2m > [22mthe ninetieth minute asks the latest save: extra time drawn there is played, whatever this render was given
   [2m[90m↓[39m[22m Live simcast motion[2m > [22mthe extra time banner says what is true: a second leg is level on aggregate
   [2m[90m↓[39m[22m Live simcast motion[2m > [22mthe clock runs into the board as 90 plus, with the running aggregate under the score
   [2m[90m↓[39m[22m Live simcast motion[2m > [22ma goal in the board is announced with its plus, GOAL! ... 90+N
   [2m[90m↓[39m[22m Live simcast motion[2m > [22mthe extra time clock runs into its own board as ET 120 plus
   [2m[90m↓[39m[22m The pitch part on real feeds[2m > [22mthe material is 200 half feeds from five clubs in five leagues
   [2m[90m↓[39m[22m The pitch part on real feeds[2m > [22mR1: the ball is in the goal mouth on goals only
   [2m[90m↓[39m[22m The pitch part on real feeds[2m > [22mR2: nobody stands on a team mate
   [2m[90m↓[39m[22m The pitch part on real feeds[2m > [22mR3: at a kick off each side is in its own half, far from the other keeper
   [2m[90m↓[39m[22m The pitch part on real feeds[2m > [22mR4: the block follows the ball
   [2m[90m↓[39m[22m The pitch part on real feeds[2m > [22mR5: nothing is decided here
   [2m[90m↓[39m[22m The pitch part on real feeds[2m > [22mR6: a chance starts with the ball at the shooter and ends in its follow up
   [2m[90m↓[39m[22m The pitch part on real feeds[2m > [22mR7: every dead ball is taken by the right side from the right place
   [2m[90m↓[39m[22m The pitch part on real feeds[2m > [22mR8: the pitch is handed the right kick off and the right share of the ball
   [2m[90m↓[39m[22m The pitch part on real feeds[2m > [22mR9: a goal gets its kick off before the next chance is led in
   [2m[90m↓[39m[22m The goal sequence[2m > [22mthe score waits for the ball and the card lands at net contact
   [2m[90m↓[39m[22m The goal sequence[2m > [22mthe card's season count is the settled count
   [2m[90m↓[39m[22m The goal sequence[2m > [22mafter Skip the second half opens on the right score, with no card and nothing replayed
   [2m[90m↓[39m[22m The goal sequence[2m > [22mnothing says GOAL before the ball is in: not the list beside the pitch, not the line under it
   [2m[90m↓[39m[22m The goal sequence[2m > [22mno frame draws the new score before the ball is in
   [2m[90m↓[39m[22m The goal sequence[2m > [22ma goal with the last kick of a period takes nothing off the score while it winds up
   [2m[90m↓[39m[22m The goal sequence[2m > [22ma line fired late by Skip is not played again when extra time starts
   [2m[90m↓[39m[22m The goal sequence[2m > [22munder reduced motion the card is held for its first stretch only, and then the match runs on
   [2m[90m↓[39m[22m The goal sequence[2m > [22ma substitution in a goal's wind up takes the card with the action, and the score stops waiting
   [2m[90m↓[39m[22m The goal sequence[2m > [22ma goal still on its way when the line up changes off the clock keeps its net, its card and its men
   [2m[90m↓[39m[22m The goal sequence[2m > [22ma scorer card counts his goals up to this one, and gives a season count only to one of mine
   [2m[90m↓[39m[22m Match mode[2m > [22ma name goes above its figure when another man stands just under him
   [2m[90m↓[39m[22m Match mode[2m > [22mBack folds the match to a card and pauses it, and the card puts it back
   [2m[90m↓[39m[22m Match mode[2m > [22mone panel at a time, and Escape closes what is open before it is Back
   [2m[90m↓[39m[22m Match mode[2m > [22mthe stats line a phone keeps in view reads the same count as the full stats
   [2m[90m↓[39m[22m Match mode[2m > [22mlevel neighbours take a row each, and a wall shows numbers
   [2m[90m↓[39m[22m Match mode[2m > [22mat full time the folded card offers the report as well as the way back
   [2m[90m↓[39m[22m Match mode[2m > [22ma phone on its side gets the pitch on its side
   [2m[90m↓[39m[22m The part and a change of line up[2m > [22mthe part drops an action when the line up under it changes
   [2m[90m↓[39m[22m The part and a change of line up[2m > [22ma chance whose line fires in the very commit the line up changes is still played, by the new eleven
   [2m[90m↓[39m[22m The part and an action taken back[2m > [22mthe part drops an action the binder has taken back, even with the clock set back before its start

[31m⎯⎯⎯⎯⎯⎯⎯[39m[1m[41m Failed Tests 1 [49m[22m[31m⎯⎯⎯⎯⎯⎯⎯[39m

[41m[1m FAIL [22m[49m src/test/arProbe-lk-before.test.tsx[2m > [22mLive simcast motion[2m > [22mterminal goal and save contact precede the unchanged whistle and score (45 'goal' reduced=false)
[31m[1mAssertionError[22m: expected 0 to be greater than 0[39m
[36m [2m❯[22m findTerminalFixtures src/test/arProbe-lk-before.test.tsx:[2m114:33[22m[39m
    [90m112| [39m    return `${key} ends at ${stop} (${near || 'no line near'})`;
    [90m113| [39m  }).join('; ') || 'none'));
    [90m114| [39m  expect(terminalFixtures.size).toBeGreaterThan(0);
    [90m   | [39m                                [31m^[39m
    [90m115| [39m}
    [90m116| [39m/* Round 670 review: one real Champions League decider of a real walk,…
[90m [2m❯[22m src/test/arProbe-lk-before.test.tsx:[2m354:5[22m[39m

[31m[2m⎯⎯⎯⎯⎯⎯⎯⎯⎯⎯⎯⎯⎯⎯⎯⎯⎯⎯⎯⎯⎯⎯⎯⎯[1/1]⎯[22m[39m

[31m⎯⎯⎯⎯⎯⎯[39m[1m[41m Unhandled Errors [49m[22m[31m⎯⎯⎯⎯⎯⎯[39m
[31m[1m
Vitest caught 1 unhandled error during the test run.
This might cause false positive tests. Resolve unhandled errors to make sure your tests are not affected.[22m[39m

[31m⎯⎯⎯⎯⎯⎯[39m[1m[41m Unhandled Error [49m[22m[31m⎯⎯⎯⎯⎯⎯⎯[39m
[31m[1mError[22m: [vitest-worker]: Timeout calling "onTaskUpdate"[39m
[90m [2m❯[22m Object.onTimeoutError node_modules/vitest/dist/chunks/rpc.-pEldfrD.js:[2m53:10[22m[39m
[90m [2m❯[22m Timeout._onTimeout node_modules/vitest/dist/chunks/index.B521nVV-.js:[2m59:62[22m[39m
[90m [2m❯[22m listOnTimeout node:internal/timers:[2m685:17[22m[39m
[90m [2m❯[22m processTimers node:internal/timers:[2m618:7[22m[39m

[31m⎯⎯⎯⎯⎯⎯⎯⎯⎯⎯⎯⎯⎯⎯⎯⎯⎯⎯⎯⎯⎯⎯⎯⎯⎯⎯⎯⎯⎯⎯[39m


[2m Test Files [22m [1m[31m1 failed[39m[22m[90m (1)[39m
[2m      Tests [22m [1m[31m1 failed[39m[22m[2m | [22m[1m[32m7 passed[39m[22m[2m | [22m[33m47 skipped[39m[90m (55)[39m
[2m     Errors [22m [1m[31m1 error[39m[22m
[2m   Start at [22m 22:47:23
[2m   Duration [22m 130.42s[2m (transform 2.68s, setup 59ms, collect 3.50s, tests 125.96s, environment 353ms, prepare 162ms)[22m


::error file=/home/runner/work/ballpark-hero/ballpark-hero/src/test/arProbe-lk-before.test.tsx,title=src/test/arProbe-lk-before.test.tsx > Live simcast motion > terminal goal and save contact precede the unchanged whistle and score (45 'goal' reduced=false),line=114,column=33::AssertionError: expected 0 to be greater than 0%0A ❯ findTerminalFixtures src/test/arProbe-lk-before.test.tsx:114:33%0A ❯ src/test/arProbe-lk-before.test.tsx:354:5%0A%0A
