Negative control changed temporary source: kickoff

 RUN  v3.2.7 /home/runner/work/ballpark-hero/ballpark-hero

 ↓ src/test/liveSimMotion.test.tsx > Live simcast motion > settlement ID comparison rejects changed payloads, retained IDs and allocator prefixes
 ↓ src/test/liveSimMotion.test.tsx > Live simcast motion > the committed action puts goals in the correct net and saves at the keeper
 ↓ src/test/liveSimMotion.test.tsx > Live simcast motion > actual feed triggers player strikes, ball flight, saves and net contact
 ↓ src/test/liveSimMotion.test.tsx > Live simcast motion > pause freezes the ball and player pose, and the same player still opens changes
 ↓ src/test/liveSimMotion.test.tsx > Live simcast motion > motion leaves committed state and settled results identical
 ↓ src/test/liveSimMotion.test.tsx > Live simcast motion > a substitution during a paused action replaces the clickable player immediately
 ↓ src/test/liveSimMotion.test.tsx > Live simcast motion > speed changes scale action time with the match clock
 ↓ src/test/liveSimMotion.test.tsx > Live simcast motion > reduced motion shows the committed catch immediately without animated poses
 ↓ src/test/liveSimMotion.test.tsx > Live simcast motion > terminal goal and save contact precede the unchanged whistle and score (45 'goal' reduced=false)
 ↓ src/test/liveSimMotion.test.tsx > Live simcast motion > terminal goal and save contact precede the unchanged whistle and score (45 'goal' reduced=true)
 ↓ src/test/liveSimMotion.test.tsx > Live simcast motion > terminal goal and save contact precede the unchanged whistle and score (45 'save' reduced=false)
 ↓ src/test/liveSimMotion.test.tsx > Live simcast motion > terminal goal and save contact precede the unchanged whistle and score (45 'save' reduced=true)
 ↓ src/test/liveSimMotion.test.tsx > Live simcast motion > terminal goal and save contact precede the unchanged whistle and score (90 'goal' reduced=false)
 ↓ src/test/liveSimMotion.test.tsx > Live simcast motion > terminal goal and save contact precede the unchanged whistle and score (90 'goal' reduced=true)
 ↓ src/test/liveSimMotion.test.tsx > Live simcast motion > terminal goal and save contact precede the unchanged whistle and score (90 'save' reduced=false)
 ↓ src/test/liveSimMotion.test.tsx > Live simcast motion > terminal goal and save contact precede the unchanged whistle and score (90 'save' reduced=true)
 ↓ src/test/liveSimMotion.test.tsx > Live simcast motion > terminal resume shows contact and Skip keeps immediate exactly-once whistle callbacks
 ↓ src/test/liveSimMotion.test.tsx > Live simcast motion > a tactics redraw cancels a terminal action that is no longer committed
 ↓ src/test/liveSimMotion.test.tsx > Live simcast motion > the ninetieth minute asks the latest save: refused means full time, never thirty empty minutes
 ↓ src/test/liveSimMotion.test.tsx > Live simcast motion > the ninetieth minute asks the latest save: extra time drawn there is played, whatever this render was given
 ↓ src/test/liveSimMotion.test.tsx > Live simcast motion > the extra time banner says what is true: a second leg is level on aggregate
 ↓ src/test/liveSimMotion.test.tsx > Live simcast motion > the clock runs into the board as 90 plus, with the running aggregate under the score
 ↓ src/test/liveSimMotion.test.tsx > Live simcast motion > a goal in the board is announced with its plus, GOAL! ... 90+N
 ↓ src/test/liveSimMotion.test.tsx > Live simcast motion > the extra time clock runs into its own board as ET 120 plus
 ↓ src/test/liveSimMotion.test.tsx > The pitch part on real feeds > the material is 200 half feeds from five clubs in five leagues
 ↓ src/test/liveSimMotion.test.tsx > The pitch part on real feeds > R1: the ball is in the goal mouth on goals only
 ↓ src/test/liveSimMotion.test.tsx > The pitch part on real feeds > R2: nobody stands on a team mate
stdout | src/test/liveSimMotion.test.tsx > The pitch part on real feeds > R3: at a kick off each side is in its own half, far from the other keeper
[1101 R3] kick off beats 390, hard rule offenders 1093; attack line to the other keeper per seed: new 42.13 42.55 42.46 42.03 42.35, Round 504 17.87 18.45 18.09 18.13 18.16; floor 45

 × src/test/liveSimMotion.test.tsx > The pitch part on real feeds > R3: at a kick off each side is in its own half, far from the other keeper 4534ms
   → expected 1093 to be +0 // Object.is equality
 ↓ src/test/liveSimMotion.test.tsx > The pitch part on real feeds > R4: the block follows the ball
 ↓ src/test/liveSimMotion.test.tsx > The pitch part on real feeds > R5: nothing is decided here
 ↓ src/test/liveSimMotion.test.tsx > The pitch part on real feeds > R6: a chance starts with the ball at the shooter and ends in its follow up
 ↓ src/test/liveSimMotion.test.tsx > The goal sequence > the score waits for the ball and the card lands at net contact
 ↓ src/test/liveSimMotion.test.tsx > The goal sequence > the card's season count is the settled count
 ↓ src/test/liveSimMotion.test.tsx > The goal sequence > after Skip the second half opens on the right score, with no card and nothing replayed
 ↓ src/test/liveSimMotion.test.tsx > Match mode > a name goes above its figure when another man stands just under him
 ↓ src/test/liveSimMotion.test.tsx > Match mode > Back folds the match to a card and pauses it, and the card puts it back
 ↓ src/test/liveSimMotion.test.tsx > Match mode > one panel at a time, and Escape closes what is open before it is Back
 ↓ src/test/liveSimMotion.test.tsx > Match mode > the stats line a phone keeps in view reads the same count as the full stats
 ↓ src/test/liveSimMotion.test.tsx > The part and a change of line up > the part drops an action when the line up under it changes
 ↓ src/test/liveSimMotion.test.tsx > The part and an action taken back > the part drops an action the binder has taken back, even with the clock set back before its start

 Test Files  1 failed (1)
      Tests  1 failed | 39 skipped (40)
   Start at  07:24:53
   Duration  9.26s (transform 2.67s, setup 69ms, collect 3.54s, tests 4.54s, environment 426ms, prepare 284ms)

Browserslist: browsers data (caniuse-lite) is 16 months old. Please run:
  npx update-browserslist-db@latest
  Why you should do it regularly: https://github.com/browserslist/update-db#readme

⎯⎯⎯⎯⎯⎯⎯ Failed Tests 1 ⎯⎯⎯⎯⎯⎯⎯

 FAIL  src/test/liveSimMotion.test.tsx > The pitch part on real feeds > R3: at a kick off each side is in its own half, far from the other keeper
AssertionError: expected 1093 to be +0 // Object.is equality

- Expected
+ Received

- 0
+ 1093

 ❯ src/test/liveSimMotion.test.tsx:885:23
    883|     expect(beats).toBeGreaterThan(300);
    884|     expect(m.seeds.every(t => t.kickCount.new > 100 && t.kickCount.r50…
    885|     expect(offenders).toBe(0);
       |                       ^
    886|     /* The floor is a committed number, and it must stand clear of the…
    887|     expect(R3_FLOOR).toBeGreaterThan(Math.max(...old) + 2 * spread(old…

⎯⎯⎯⎯⎯⎯⎯⎯⎯⎯⎯⎯⎯⎯⎯⎯⎯⎯⎯⎯⎯⎯⎯⎯[1/1]⎯

simLiveSimMotion: control kickoff turned "R3: at a kick off" red on an assertion (1 failed), as it must.
