Negative control changed temporary source: overlap

 RUN  v3.2.7 /home/runner/work/ballpark-hero/ballpark-hero

 ↓ src/test/liveSimMotion.test.tsx > Live simcast motion > settlement ID comparison rejects changed payloads, retained IDs and allocator prefixes
 ↓ src/test/liveSimMotion.test.tsx > Live simcast motion > the committed action puts goals in the correct net and saves at the keeper
 ↓ src/test/liveSimMotion.test.tsx > Live simcast motion > actual feed triggers player strikes, ball flight, saves and net contact
 ↓ src/test/liveSimMotion.test.tsx > Live simcast motion > pause freezes the ball and player pose, and the same player still opens changes
 ↓ src/test/liveSimMotion.test.tsx > Live simcast motion > motion leaves committed state and settled results identical
 ↓ src/test/liveSimMotion.test.tsx > Live simcast motion > a substitution during a paused action replaces the clickable player immediately
 ↓ src/test/liveSimMotion.test.tsx > Live simcast motion > speed changes scale action time with the match clock
 ↓ src/test/liveSimMotion.test.tsx > Live simcast motion > reduced motion shows the committed catch immediately without animated poses
 ↓ src/test/liveSimMotion.test.tsx > Live simcast motion > terminal goal and save contact precede the unchanged whistle and score (45 'goal' reduced=false)
 ↓ src/test/liveSimMotion.test.tsx > Live simcast motion > terminal goal and save contact precede the unchanged whistle and score (45 'goal' reduced=true)
 ↓ src/test/liveSimMotion.test.tsx > Live simcast motion > terminal goal and save contact precede the unchanged whistle and score (45 'save' reduced=false)
 ↓ src/test/liveSimMotion.test.tsx > Live simcast motion > terminal goal and save contact precede the unchanged whistle and score (45 'save' reduced=true)
 ↓ src/test/liveSimMotion.test.tsx > Live simcast motion > terminal goal and save contact precede the unchanged whistle and score (90 'goal' reduced=false)
 ↓ src/test/liveSimMotion.test.tsx > Live simcast motion > terminal goal and save contact precede the unchanged whistle and score (90 'goal' reduced=true)
 ↓ src/test/liveSimMotion.test.tsx > Live simcast motion > terminal goal and save contact precede the unchanged whistle and score (90 'save' reduced=false)
 ↓ src/test/liveSimMotion.test.tsx > Live simcast motion > terminal goal and save contact precede the unchanged whistle and score (90 'save' reduced=true)
 ↓ src/test/liveSimMotion.test.tsx > Live simcast motion > terminal resume shows contact and Skip keeps immediate exactly-once whistle callbacks
 ↓ src/test/liveSimMotion.test.tsx > Live simcast motion > a tactics redraw cancels a terminal action that is no longer committed
 ↓ src/test/liveSimMotion.test.tsx > Live simcast motion > the ninetieth minute asks the latest save: refused means full time, never thirty empty minutes
 ↓ src/test/liveSimMotion.test.tsx > Live simcast motion > the ninetieth minute asks the latest save: extra time drawn there is played, whatever this render was given
 ↓ src/test/liveSimMotion.test.tsx > Live simcast motion > the extra time banner says what is true: a second leg is level on aggregate
 ↓ src/test/liveSimMotion.test.tsx > Live simcast motion > the clock runs into the board as 90 plus, with the running aggregate under the score
 ↓ src/test/liveSimMotion.test.tsx > Live simcast motion > a goal in the board is announced with its plus, GOAL! ... 90+N
 ↓ src/test/liveSimMotion.test.tsx > Live simcast motion > the extra time clock runs into its own board as ET 120 plus
 ↓ src/test/liveSimMotion.test.tsx > The pitch part on real feeds > the material is 200 half feeds from five clubs in five leagues
 ↓ src/test/liveSimMotion.test.tsx > The pitch part on real feeds > R1: the ball is in the goal mouth on goals only
stdout | src/test/liveSimMotion.test.tsx > The pitch part on real feeds > R2: nobody stands on a team mate
[1101 R2] scenes 20829; overlapping pairs in a scene: new 303679, Round 504 0; pairs overlapping two samples running: in a tween 446210, in an action 623318; first cases: tween into grid open at 0.76 (ball with me m6): m:m3:m4,o:o1:o2,o:o5:o6,o:o6:o8,o:o7:o8 m:m3:m4,o:o1:o2,o:o6:o8,o:o7:o8 m:m3:m4,o:o1:o2,o:o6:o8,o:o7:o8 m:m3:m4,o:o1:o2,o:o6:o8,o:o7:o8 m:m1:m4,m:m2:m3,m:m2:m4,m:m3:m4,m:m5:m7,m:m8:m10,o:o1:o2,o:o1:o3,o:o1:o4,o:o2:o3,o:o3:o4,o:o5:o7,o:o5:o8,o:o6:o7,o:o7:o8,o:o9:o10 | tween into approach open at 1.24 (ball with opp o8): m:m2:m4,o:o1:o2,o:o1:o3,o:o2:o3,o:o7:o8,o:o9:o10 m:m3:m4,o:o1:o2,o:o1:o3,o:o2:o3,o:o5:o7,o:o9:o10 m:m2:m3,m:m3:m4,m:m5:m6,m:m6:m7,o:o1:o3,o:o2:o3,o:o9:o10 m:m2:m3,m:m3:m4,m:m5:m6,m:m6:m7,o:o1:o3,o:o2:o3,o:o9:o10 m:m1:m2,m:m1:m3,m:m1:m4,m:m2:m3,m:m3:m4,m:m5:m6,m:m5:m7,m:m6:m7,m:m8:m10,o:o1:o3,o:o1:o4,o:o2:o3,o:o3:o4,o:o6:o7,o:o9:o10 | tween into carrier open at 1.62 (ball with opp o5): m:m1:m4,m:m3:m4,m:m5:m7,o:o1:o4,o:o2:o3,o:o6:o7 m:m1:m2,m:m1:m4,m:m3:m4,m:m5:m7,o:o1:o4,o:o2:o3,o:o6:o7 m:m1:m2,m:m1:m4,m:m3:m4,m:m5:m7,o:o1:o4,o:o2:o3,o:o6:o7 m:m1:m2,m:m1:m4,m:m2:m4,m:m3:m4,o:o1:o4,o:o2:o3,o:o6:o7 m:m1:m2,m:m1:m4,m:m2:m3,m:m2:m4,m:m5:m7,m:m8:m10,o:o1:o4,o:o2:o3,o:o6:o7,o:o6:o8,o:o7:o8,o:o9:o10 | tween into follow goalkick at 3.05 (ball with me m0): m:m1:m2,m:m1:m3,m:m2:m3,m:m8:m10,o:o1:o3,o:o1:o4,o:o3:o4,o:o6:o7,o:o7:o8 m:m1:m2,m:m1:m3,m:m2:m3,m:m8:m10,o:o1:o3,o:o1:o4,o:o3:o4,o:o6:o7,o:o7:o8 m:m1:m2,m:m1:m3,m:m2:m3,m:m8:m10,o:o1:o3,o:o1:o4,o:o3:o4,o:o6:o7,o:o7:o8 m:m1:m2,m:m1:m3,m:m2:m3,m:m8:m10,o:o1:o3,o:o1:o4,o:o3:o4,o:o6:o7,o:o7:o8 m:m1:m4,m:m2:m3,m:m5:m7,m:m8:m10,o:o1:o2,o:o1:o3,o:o1:o4,o:o2:o3,o:o2:o4,o:o3:o4,o:o5:o6,o:o5:o7,o:o5:o8,o:o6:o7,o:o6:o8,o:o7:o8,o:o9:o10 | tween into grid open at 0.76 (ball with opp o1): m:m1:m2,m:m6:m7,o:o1:o2,o:o5:o6,o:o6:o7,o:o9:o10 m:m1:m2,m:m6:m7,o:o2:o4,o:o3:o4,o:o5:o6,o:o6:o7,o:o9:o10 m:m1:m2,m:m6:m7,o:o2:o4,o:o3:o4,o:o5:o6,o:o9:o10 m:m1:m2,m:m6:m7,o:o2:o4,o:o3:o4,o:o5:o6,o:o9:o10 m:m1:m2,m:m1:m3,m:m1:m4,m:m2:m3,m:m2:m4,m:m3:m4,m:m5:m6,m:m5:m7,m:m8:m10,o:o2:o3,o:o2:o4,o:o3:o4,o:o5:o7,o:o6:o7,o:o8:o10 | tween into dead throwin at 1.00 (ball with me m10): m:m1:m3,m:m1:m4,m:m2:m3,m:m3:m4,m:m5:m6,o:o2:o4,o:o3:o4,o:o6:o7,o:o8:o10 m:m1:m3,m:m1:m4,m:m2:m3,m:m3:m4,m:m5:m6,o:o2:o4,o:o3:o4,o:o6:o7,o:o8:o10 m:m1:m3,m:m1:m4,m:m2:m3,m:m3:m4,m:m5:m6,o:o2:o4,o:o3:o4,o:o6:o7,o:o8:o10 m:m1:m4,m:m2:m3,o:o2:o4,o:o3:o4,o:o6:o7,o:o8:o10 m:m1:m4,m:m2:m3,m:m5:m7,o:o1:o2,o:o1:o3,o:o1:o4,o:o2:o3,o:o2:o4,o:o3:o4,o:o5:o6,o:o5:o7,o:o6:o7,o:o8:o10

 × src/test/liveSimMotion.test.tsx > The pitch part on real feeds > R2: nobody stands on a team mate 4842ms
   → expected 303679 to be +0 // Object.is equality
 ↓ src/test/liveSimMotion.test.tsx > The pitch part on real feeds > R3: at a kick off each side is in its own half, far from the other keeper
 ↓ src/test/liveSimMotion.test.tsx > The pitch part on real feeds > R4: the block follows the ball
 ↓ src/test/liveSimMotion.test.tsx > The pitch part on real feeds > R5: nothing is decided here
 ↓ src/test/liveSimMotion.test.tsx > The pitch part on real feeds > R6: a chance starts with the ball at the shooter and ends in its follow up
 ↓ src/test/liveSimMotion.test.tsx > The goal sequence > the score waits for the ball and the card lands at net contact
 ↓ src/test/liveSimMotion.test.tsx > The goal sequence > the card's season count is the settled count
 ↓ src/test/liveSimMotion.test.tsx > The goal sequence > after Skip the second half opens on the right score, with no card and nothing replayed
 ↓ src/test/liveSimMotion.test.tsx > Match mode > a name goes above its figure when another man stands just under him
 ↓ src/test/liveSimMotion.test.tsx > Match mode > Back folds the match to a card and pauses it, and the card puts it back
 ↓ src/test/liveSimMotion.test.tsx > Match mode > one panel at a time, and Escape closes what is open before it is Back
 ↓ src/test/liveSimMotion.test.tsx > Match mode > the stats line a phone keeps in view reads the same count as the full stats
 ↓ src/test/liveSimMotion.test.tsx > The part and a change of line up > the part drops an action when the line up under it changes
 ↓ src/test/liveSimMotion.test.tsx > The part and an action taken back > the part drops an action the binder has taken back, even with the clock set back before its start

 Test Files  1 failed (1)
      Tests  1 failed | 39 skipped (40)
   Start at  06:06:08
   Duration  9.39s (transform 2.52s, setup 78ms, collect 3.23s, tests 4.84s, environment 430ms, prepare 258ms)

Browserslist: browsers data (caniuse-lite) is 16 months old. Please run:
  npx update-browserslist-db@latest
  Why you should do it regularly: https://github.com/browserslist/update-db#readme

⎯⎯⎯⎯⎯⎯⎯ Failed Tests 1 ⎯⎯⎯⎯⎯⎯⎯

 FAIL  src/test/liveSimMotion.test.tsx > The pitch part on real feeds > R2: nobody stands on a team mate
AssertionError: expected 303679 to be +0 // Object.is equality

- Expected
+ Received

- 0
+ 303679

 ❯ src/test/liveSimMotion.test.tsx:873:19


⎯⎯⎯⎯⎯⎯⎯⎯⎯⎯⎯⎯⎯⎯⎯⎯⎯⎯⎯⎯⎯⎯⎯⎯[1/1]⎯

simLiveSimMotion: control overlap turned "R2: nobody stands on a team mate" red on an assertion (1 failed), as it must.
