MUTATION pointsfirst APPLIED to scripts/lib/cmValueCurve.mjs

[1m[46m RUN [49m[22m [36mv3.2.7 [39m[90m/home/runner/work/ballpark-hero/ballpark-hero[39m

[90mstdout[2m | src/test/cmValueCurve.test.ts[2m > [22m[2mlevelFrom: the age read run backwards, total[2m > [22m[2mit inverts the read wherever no clamp bit, and the clamped cells are counted
[22m[39mlevelFrom: clamped cells of 1,664 a top (52 levels by 32 ages): {"94":299,"96":235,"97":203,"98":171}

[90mstdout[2m | src/test/cmValueCurve.test.ts[2m > [22m[2mwhat every 2026 age will stand on (the basis file), man for man against the squads main ships[2m > [22m[2mevery line is what the ages rule resolves from the committed ledgers, and its last item is the value rating
[22m[39m2026 at the flip: 2078 of 4401 ratings change; by points {"0":2323,"1":230,"2":324,"3":110,"4":76,"5":44,"6":20,"7":11,"8":13,"-1":379,"-2":306,"-3":245,"-4":182,"-6":50,"-5":88}

 [31m❯[39m src/test/cmValueCurve.test.ts [2m([22m[2m51 tests[22m[2m | [22m[31m4 failed[39m[2m)[22m[33m 440[2mms[22m[39m
   [32m✓[39m Club Manager value curve (recorded before any age read)[2m > [22mthe fixture is whole, so nothing below can pass empty[32m 2[2mms[22m[39m
   [32m✓[39m Club Manager value curve (recorded before any age read)[2m > [22mthe constants and the position map are the recorded ones[32m 0[2mms[22m[39m
   [32m✓[39m Club Manager value curve (recorded before any age read)[2m > [22mevery recorded dollar value still gets its recorded value rating[32m 1[2mms[22m[39m
   [32m✓[39m Club Manager value curve (recorded before any age read)[2m > [22mratingOf with one argument is still that value rating, so no generator writes a new byte[32m 1[2mms[22m[39m
   [32m✓[39m Club Manager value curve (recorded before any age read)[2m > [22mthe two anchors read as the header says[32m 0[2mms[22m[39m
   [32m✓[39m Club Manager value curve (recorded before any age read)[2m > [22mpounds, at one and at two decimals, are the recorded ones[32m 1[2mms[22m[39m
   [32m✓[39m Club Manager value curve (recorded before any age read)[2m > [22meuros convert at the recorded rate[32m 0[2mms[22m[39m
   [32m✓[39m Club Manager rating: the level plus points for age, on the top of the world[2m > [22mthe constants are the measured ones[32m 0[2mms[22m[39m
   [32m✓[39m Club Manager rating: the level plus points for age, on the top of the world[2m > [22mevery age from 14 to 45 is the table typed out by hand, at tops 94, 96, 97 and 98[32m 1[2mms[22m[39m
   [32m✓[39m Club Manager rating: the level plus points for age, on the top of the world[2m > [22mwith no top given the top is 94, and rateFrom is that read for a generator[32m 5[2mms[22m[39m
   [32m✓[39m Club Manager rating: the level plus points for age, on the top of the world[2m > [22mthe age points alone: a point a year under 24, nothing to 29, one at 30 rising to eight[32m 1[2mms[22m[39m
   [32m✓[39m Club Manager rating: the level plus points for age, on the top of the world[2m > [22mthe half distance limit reads the top of the man own world, never the constant 94[32m 78[2mms[22m[39m
   [32m✓[39m Club Manager rating: the level plus points for age, on the top of the world[2m > [22mthe upper clamp reads the same top: nobody passes the best of his world for being old[32m 69[2mms[22m[39m
   [32m✓[39m Club Manager rating: the level plus points for age, on the top of the world[2m > [22mposition is checked and changes nothing[32m 0[2mms[22m[39m
   [32m✓[39m Club Manager rating: the level plus points for age, on the top of the world[2m > [22mratingOf with an age and a position is the value rating read with the age[32m 1[2mms[22m[39m
   [32m✓[39m Club Manager rating: the level plus points for age, on the top of the world[2m > [22mfails closed on a bad value rating, age or position, naming the inputs[32m 4[2mms[22m[39m
   [32m✓[39m Club Manager rating: the level plus points for age, on the top of the world[2m > [22mthe three reads throw on anything that is not a whole number, so no NaN reaches a save[32m 2[2mms[22m[39m
   [32m✓[39m levelFrom: the age read run backwards, total[2m > [22manswers a whole level from 48 to the top for every rating 48 to 99, every age 14 to 45, every top[32m 8[2mms[22m[39m
   [32m✓[39m levelFrom: the age read run backwards, total[2m > [22mit is the smallest level whose read is at least the rating, and the top when there is none[32m 6[2mms[22m[39m
   [32m✓[39m levelFrom: the age read run backwards, total[2m > [22mthe ratings the read skips for a young man are the enumerated ones, and each takes the next level up[32m 5[2mms[22m[39m
   [32m✓[39m levelFrom: the age read run backwards, total[2m > [22mit inverts the read wherever no clamp bit, and the clamped cells are counted[32m 4[2mms[22m[39m
[31m   [31m×[31m one order in every world: the stretch first, then the age points[2m > [22mreadInWorld stretches, then reads the age on the stretched scale and its own top[39m[32m 12[2mms[22m[39m
[31m     → expected { level: 97, age: 23, rating: 95 } to deeply equal { level: 97, age: 23, rating: 97 }[39m
   [32m✓[39m one order in every world: the stretch first, then the age points[2m > [22meach past season top is the stretch of the highest rating in its file: 96, 97, 98 and 94[32m 1[2mms[22m[39m
[31m   [31m×[31m one order in every world: the stretch first, then the age points[2m > [22mthe 29 men of the brief table, row for row, from the files main ships[39m[32m 4[2mms[22m[39m
[31m     → expected [ …(14) ] to deeply equal [][39m
[31m   [31m×[31m one order in every world: the stretch first, then the age points[2m > [22mover every row of the four past seasons: never more than six down or eight up, nobody past the top[39m[32m 2[2mms[22m[39m
[31m     → expected [ 'era2005', -11, 9 ] to deeply equal [ 'era2005', -6, 8 ][39m
   [32m✓[39m Club Manager ages for August 2026[2m > [22mcounts whole years to a day[32m 1[2mms[22m[39m
   [32m✓[39m Club Manager ages for August 2026[2m > [22mcase 1, a birth date on file: the exact age, whichever way the table rule would err[32m 0[2mms[22m[39m
   [32m✓[39m Club Manager ages for August 2026[2m > [22mcase 2, a bulk row: plus one for a 2026 row and plus two for a 2025 row[32m 0[2mms[22m[39m
   [32m✓[39m Club Manager ages for August 2026[2m > [22mcase 3, a hand written row: the age as written[32m 0[2mms[22m[39m
   [32m✓[39m Club Manager ages for August 2026[2m > [22mcase 4, no table row: the age as typed, marked unknown[32m 0[2mms[22m[39m
   [32m✓[39m Club Manager ages for August 2026[2m > [22ma ledger row marked thin is left out: the man keeps the table rule and nothing reads his date[32m 0[2mms[22m[39m
   [32m✓[39m Club Manager ages for August 2026[2m > [22mAllan twice: the Corinthians man gets his date, the Palmeiras namesake keeps the table rule[32m 0[2mms[22m[39m
   [32m✓[39m Club Manager ages for August 2026[2m > [22ma moved man is found by his table club, and by his baked club[32m 0[2mms[22m[39m
   [32m✓[39m Club Manager ages for August 2026[2m > [22mthrows on a club matched date more than two years from the table, naming both ages[32m 0[2mms[22m[39m
   [32m✓[39m Club Manager ages for August 2026[2m > [22mthrows on a row the rule was never measured on[32m 0[2mms[22m[39m
   [32m✓[39m Club Manager ages for August 2026[2m > [22mtwo ledgers that disagree about one man are fatal, and a date with no club must have a twin[32m 1[2mms[22m[39m
   [32m✓[39m the two script libraries stay pure, because the app imports them[2m > [22mscripts/lib/cmValueCurve.mjs has no import, no require, no file, clock, random or network read[32m 1[2mms[22m[39m
   [32m✓[39m the two script libraries stay pure, because the app imports them[2m > [22mscripts/lib/cmAges.mjs has no import, no require, no file, clock, random or network read[32m 0[2mms[22m[39m
   [32m✓[39m the birth date ledger: two publishers of two kinds a man, neither a wiki[2m > [22mthe checker itself fires: two statistics sites, a wiki, a date the page never printed, a thin row with no reason[32m 3[2mms[22m[39m
   [32m✓[39m the birth date ledger: two publishers of two kinds a man, neither a wiki[2m > [22mevery one of the 105 rows meets the rule, and none is thin[32m 20[2mms[22m[39m
   [32m✓[39m the birth date ledger: two publishers of two kinds a man, neither a wiki[2m > [22mevery bulk table row holds the age on 1 January of its year, which is what the rule stands on[32m 1[2mms[22m[39m
   [32m✓[39m the birth date ledger: two publishers of two kinds a man, neither a wiki[2m > [22mthe three ledgers join with no two dates for one man, and every ledger man is in his squad once[32m 5[2mms[22m[39m
   [32m✓[39m what every 2026 age will stand on (the basis file), man for man against the squads main ships[2m > [22mholds exactly the men of the squads file, in its order[32m 1[2mms[22m[39m
   [32m✓[39m what every 2026 age will stand on (the basis file), man for man against the squads main ships[2m > [22mevery line is what the ages rule resolves from the committed ledgers, and its last item is the value rating[32m 10[2mms[22m[39m
   [32m✓[39m what every 2026 age will stand on (the basis file), man for man against the squads main ships[2m > [22mthe eight 2026 men of the brief table come out of the files alone: squads file, basis, ages rule, age read[32m 5[2mms[22m[39m
   [32m✓[39m the folded final tables: two table publishers a league, neither a wiki[2m > [22mthe checker itself fires: one table publisher, a wiki as the second, a thin league with no reason[32m 1[2mms[22m[39m
   [32m✓[39m the folded final tables: two table publishers a league, neither a wiki[2m > [22mall 27 leagues meet the rule, none is thin, and every game club named is a club of the game[32m 9[2mms[22m[39m
   [32m✓[39m the folded final tables: two table publishers a league, neither a wiki[2m > [22magrees place for place with the final tables the game already ships (Round 612, a separate research run)[32m 0[2mms[22m[39m
   [32m✓[39m the typed door the engine will import (src/lib/cmAgeRead.ts)[2m > [22mis the script library itself, not a second implementation[32m 0[2mms[22m[39m
[31m   [31m×[31m the typed door the engine will import (src/lib/cmAgeRead.ts)[2m > [22mreads a man through its types the way the engine will[39m[32m 1[2mms[22m[39m
[31m     → expected { level: 97, age: 23, rating: 95 } to deeply equal { level: 97, age: 23, rating: 97 }[39m
   [32m✓[39m the typed door the engine will import (src/lib/cmAgeRead.ts)[2m > [22mnothing shipped imports it, or either script library, yet (part two deletes this test with its first import)[32m 169[2mms[22m[39m

[31m⎯⎯⎯⎯⎯⎯⎯[39m[1m[41m Failed Tests 4 [49m[22m[31m⎯⎯⎯⎯⎯⎯⎯[39m

[41m[1m FAIL [22m[49m src/test/cmValueCurve.test.ts[2m > [22mone order in every world: the stretch first, then the age points[2m > [22mreadInWorld stretches, then reads the age on the stretched scale and its own top
[31m[1mAssertionError[22m: expected { level: 97, age: 23, rating: 95 } to deeply equal { level: 97, age: 23, rating: 97 }[39m

[32m- Expected[39m
[31m+ Received[39m

[2m  {[22m
[2m    "age": 23,[22m
[2m    "level": 97,[22m
[32m-   "rating": 97,[39m
[31m+   "rating": 95,[39m
[2m  }[22m

[36m [2m❯[22m src/test/cmValueCurve.test.ts:[2m454:54[22m[39m
    [90m452| [39m    /* 2010 Messi: value rating 90, 22 in the file. The stretch takes …
    [90m453| [39m       a man on the top gives nothing back. */[39m
    [90m454| [39m    expect(readInWorld(90, 22, eraWorld('era2010'))).toEqual({ level: …
    [90m   | [39m                                                     [31m^[39m
    [90m455| [39m    [90m/* 2026 has no stretch and its files will hold the August age */[39m
    [90m456| [39m    expect(readInWorld(80, 35)).toEqual({ level: 80, age: 35, rating: …

[31m[2m⎯⎯⎯⎯⎯⎯⎯⎯⎯⎯⎯⎯⎯⎯⎯⎯⎯⎯⎯⎯⎯⎯⎯⎯[1/4]⎯[22m[39m

[41m[1m FAIL [22m[49m src/test/cmValueCurve.test.ts[2m > [22mone order in every world: the stretch first, then the age points[2m > [22mthe 29 men of the brief table, row for row, from the files main ships
[31m[1mAssertionError[22m: expected [ …(14) ] to deeply equal [][39m

[32m- Expected[39m
[31m+ Received[39m

[32m- [][39m
[31m+ [[39m
[31m+   "era2005 Pavel Nedved: the library gives 93, the table says 88",[39m
[31m+   "era2005 Roy Keane: the library gives 88, the table says 83",[39m
[31m+   "era2005 Wayne Rooney: the library gives 80, the table says 89",[39m
[31m+   "era2005 Cristiano Ronaldo: the library gives 79, the table says 84",[39m
[31m+   "era2005 Sergio Ramos: the library gives 78, the table says 84",[39m
[31m+   "era2010 Lionel Messi: the library gives 95, the table says 97",[39m
[31m+   "era2010 Didier Drogba: the library gives 92, the table says 91",[39m
[31m+   "era2010 Cesc Fàbregas: the library gives 90, the table says 91",[39m
[31m+   "era2015 Cristiano Ronaldo: the library gives 99, the table says 98",[39m
[31m+   "era2015 Neymar: the library gives 94, the table says 95",[39m
[31m+   "era2015 Paul Pogba: the library gives 88, the table says 89",[39m
[31m+   "era2020 Lionel Messi: the library gives 95, the table says 94",[39m
[31m+   "era2020 Cristiano Ronaldo: the library gives 93, the table says 92",[39m
[31m+   "era2020 Erling Haaland: the library gives 88, the table says 90",[39m
[31m+ ][39m

[36m [2m❯[22m src/test/cmValueCurve.test.ts:[2m493:19[22m[39m
    [90m491| [39m      if (got.rating !== shown) wrong.push(`${world} ${name}: the libr…
    [90m492| [39m    }
    [90m493| [39m    [34mexpect[39m(wrong)[33m.[39m[34mtoEqual[39m([])[33m;[39m
    [90m   | [39m                  [31m^[39m
    [90m494| [39m    [34mexpect[39m(checked)[33m.[39m[34mtoBe[39m([34m29[39m)[33m;[39m
    [90m495| [39m  })[33m;[39m

[31m[2m⎯⎯⎯⎯⎯⎯⎯⎯⎯⎯⎯⎯⎯⎯⎯⎯⎯⎯⎯⎯⎯⎯⎯⎯[2/4]⎯[22m[39m

[41m[1m FAIL [22m[49m src/test/cmValueCurve.test.ts[2m > [22mone order in every world: the stretch first, then the age points[2m > [22mover every row of the four past seasons: never more than six down or eight up, nobody past the top
[31m[1mAssertionError[22m: expected [ 'era2005', -11, 9 ] to deeply equal [ 'era2005', -6, 8 ][39m

[32m- Expected[39m
[31m+ Received[39m

[2m  [[22m
[2m    "era2005",[22m
[32m-   -6,[39m
[32m-   8,[39m
[31m+   -11,[39m
[31m+   9,[39m
[2m  ][22m

[36m [2m❯[22m src/test/cmValueCurve.test.ts:[2m518:32[22m[39m
    [90m516| [39m      }
    [90m517| [39m      [34mexpect[39m([era[33m,[39m pastTheTop])[33m.[39m[34mtoEqual[39m([era[33m,[39m []])[33m;[39m
    [90m518| [39m      [34mexpect[39m([era[33m,[39m low[33m,[39m high])[33m.[39m[34mtoEqual[39m([era[33m,[39m [33m-[39m[34m6[39m[33m,[39m [34m8[39m])[33m;[39m
    [90m   | [39m                               [31m^[39m
    [90m519| [39m      [34mexpect[39m([era[33m,[39m onTheTop[33m.[39m[34msort[39m()])[33m.[39m[34mtoEqual[39m([era[33m,[39m world[33m.[39monTheTop])[33m;[39m
    [90m520| [39m      /* These two restate the era file itself (how many men it holds …

[31m[2m⎯⎯⎯⎯⎯⎯⎯⎯⎯⎯⎯⎯⎯⎯⎯⎯⎯⎯⎯⎯⎯⎯⎯⎯[3/4]⎯[22m[39m

[41m[1m FAIL [22m[49m src/test/cmValueCurve.test.ts[2m > [22mthe typed door the engine will import (src/lib/cmAgeRead.ts)[2m > [22mreads a man through its types the way the engine will
[31m[1mAssertionError[22m: expected { level: 97, age: 23, rating: 95 } to deeply equal { level: 97, age: 23, rating: 97 }[39m

[32m- Expected[39m
[31m+ Received[39m

[2m  {[22m
[2m    "age": 23,[22m
[2m    "level": 97,[22m
[32m-   "rating": 97,[39m
[31m+   "rating": 95,[39m
[2m  }[22m

[36m [2m❯[22m src/test/cmValueCurve.test.ts:[2m996:19[22m[39m
    [90m994| [39m    const season2010: AgeWorld = { stretch: r => eraUpliftRating('era2…
    [90m995| [39m    [35mconst[39m messi[33m:[39m [33mAgeReading[39m [33m=[39m door[33m.[39m[34mreadInWorld[39m([34m90[39m[33m,[39m [34m22[39m[33m,[39m season2010)[33m;[39m
    [90m996| [39m    [34mexpect[39m(messi)[33m.[39m[34mtoEqual[39m({ level[33m:[39m [34m97[39m[33m,[39m age[33m:[39m [34m23[39m[33m,[39m rating[33m:[39m [34m97[39m })[33m;[39m
    [90m   | [39m                  [31m^[39m
    [90m997| [39m    [35mconst[39m vanDijk[33m:[39m number [33m=[39m door[33m.[39m[34mageRead[39m([34m80[39m[33m,[39m [34m35[39m)[33m;[39m
    [90m998| [39m    [35mconst[39m kayodeLevel[33m:[39m number [33m=[39m door[33m.[39m[34mlevelFrom[39m([34m82[39m[33m,[39m [34m22[39m)[33m;[39m

[31m[2m⎯⎯⎯⎯⎯⎯⎯⎯⎯⎯⎯⎯⎯⎯⎯⎯⎯⎯⎯⎯⎯⎯⎯⎯[4/4]⎯[22m[39m


[2m Test Files [22m [1m[31m1 failed[39m[22m[90m (1)[39m
[2m      Tests [22m [1m[31m4 failed[39m[22m[2m | [22m[1m[32m47 passed[39m[22m[90m (51)[39m
[2m   Start at [22m 09:53:56
[2m   Duration [22m 2.33s[2m (transform 933ms, setup 50ms, collect 1.15s, tests 440ms, environment 294ms, prepare 157ms)[22m


::error file=/home/runner/work/ballpark-hero/ballpark-hero/src/test/cmValueCurve.test.ts,title=src/test/cmValueCurve.test.ts > one order in every world%3A the stretch first%2C then the age points > readInWorld stretches%2C then reads the age on the stretched scale and its own top,line=454,column=54::AssertionError: expected { level: 97, age: 23, rating: 95 } to deeply equal { level: 97, age: 23, rating: 97 }%0A%0A- Expected%0A+ Received%0A%0A  {%0A    "age": 23,%0A    "level": 97,%0A-   "rating": 97,%0A+   "rating": 95,%0A  }%0A%0A ❯ src/test/cmValueCurve.test.ts:454:54%0A%0A

::error file=/home/runner/work/ballpark-hero/ballpark-hero/src/test/cmValueCurve.test.ts,title=src/test/cmValueCurve.test.ts > one order in every world%3A the stretch first%2C then the age points > the 29 men of the brief table%2C row for row%2C from the files main ships,line=493,column=19::AssertionError: expected [ …(14) ] to deeply equal []%0A%0A- Expected%0A+ Received%0A%0A- []%0A+ [%0A+   "era2005 Pavel Nedved: the library gives 93, the table says 88",%0A+   "era2005 Roy Keane: the library gives 88, the table says 83",%0A+   "era2005 Wayne Rooney: the library gives 80, the table says 89",%0A+   "era2005 Cristiano Ronaldo: the library gives 79, the table says 84",%0A+   "era2005 Sergio Ramos: the library gives 78, the table says 84",%0A+   "era2010 Lionel Messi: the library gives 95, the table says 97",%0A+   "era2010 Didier Drogba: the library gives 92, the table says 91",%0A+   "era2010 Cesc Fàbregas: the library gives 90, the table says 91",%0A+   "era2015 Cristiano Ronaldo: the library gives 99, the table says 98",%0A+   "era2015 Neymar: the library gives 94, the table says 95",%0A+   "era2015 Paul Pogba: the library gives 88, the table says 89",%0A+   "era2020 Lionel Messi: the library gives 95, the table says 94",%0A+   "era2020 Cristiano Ronaldo: the library gives 93, the table says 92",%0A+   "era2020 Erling Haaland: the library gives 88, the table says 90",%0A+ ]%0A%0A ❯ src/test/cmValueCurve.test.ts:493:19%0A%0A

::error file=/home/runner/work/ballpark-hero/ballpark-hero/src/test/cmValueCurve.test.ts,title=src/test/cmValueCurve.test.ts > one order in every world%3A the stretch first%2C then the age points > over every row of the four past seasons%3A never more than six down or eight up%2C nobody past the top,line=518,column=32::AssertionError: expected [ 'era2005', -11, 9 ] to deeply equal [ 'era2005', -6, 8 ]%0A%0A- Expected%0A+ Received%0A%0A  [%0A    "era2005",%0A-   -6,%0A-   8,%0A+   -11,%0A+   9,%0A  ]%0A%0A ❯ src/test/cmValueCurve.test.ts:518:32%0A%0A

::error file=/home/runner/work/ballpark-hero/ballpark-hero/src/test/cmValueCurve.test.ts,title=src/test/cmValueCurve.test.ts > the typed door the engine will import (src/lib/cmAgeRead.ts) > reads a man through its types the way the engine will,line=996,column=19::AssertionError: expected { level: 97, age: 23, rating: 95 } to deeply equal { level: 97, age: 23, rating: 97 }%0A%0A- Expected%0A+ Received%0A%0A  {%0A    "age": 23,%0A    "level": 97,%0A-   "rating": 97,%0A+   "rating": 95,%0A  }%0A%0A ❯ src/test/cmValueCurve.test.ts:996:19%0A%0A
mutation pointsfirst = exit 1 (1 the test went red, 3 the mutation did not apply, 0 the test missed it)
