mutation possession applied to src/components/club-manager/LiveSimScreen.tsx

[1m[46m RUN [49m[22m [36mv3.2.7 [39m[90m/home/runner/work/ballpark-hero/ballpark-hero[39m

Browserslist: browsers data (caniuse-lite) is 16 months old. Please run:
  npx update-browserslist-db@latest
  Why you should do it regularly: https://github.com/browserslist/update-db#readme
 [32m✓[39m src/test/liveSimCelebration.test.tsx [2m([22m[2m14 tests[22m[2m)[22m[32m 259[2mms[22m[39m
[90mstdout[2m | src/test/liveSimMotion.test.tsx[2m > [22m[2mThe pitch part on real feeds[2m > [22m[2mthe material is 200 half feeds from five clubs in five leagues
[22m[39m[1101 material] Aston Villa 20 matches 40 halves, Real Madrid 20 matches 40 halves, Lyon 20 matches 40 halves, Ajax 20 matches 40 halves, Celtic 20 matches 40 halves; frames replayed 170834

[90mstdout[2m | src/test/liveSimMotion.test.tsx[2m > [22m[2mThe pitch part on real feeds[2m > [22m[2mR1: the ball is in the goal mouth on goals only
[22m[39m[1101 R1] goals staged 270, with a frame in the net 270, frames in the mouth 1918, offenders 0

[90mstdout[2m | src/test/liveSimMotion.test.tsx[2m > [22m[2mThe pitch part on real feeds[2m > [22m[2mR2: nobody stands on a team mate
[22m[39m[1101 R2] scenes 20829; overlapping pairs in a scene: new 0, Round 504 0; pairs overlapping two samples running: in a tween 0, in an action 0

[90mstdout[2m | src/test/liveSimMotion.test.tsx[2m > [22m[2mThe pitch part on real feeds[2m > [22m[2mR3: at a kick off each side is in its own half, far from the other keeper
[22m[39m[1101 R3] kick off beats 390, hard rule offenders 0; attack line to the other keeper per seed: new 53.66 54.16 53.99 53.92 53.96, Round 504 17.87 18.45 18.09 18.13 18.16; floor 45

[90mstdout[2m | src/test/liveSimMotion.test.tsx[2m > [22m[2mThe pitch part on real feeds[2m > [22m[2mR4: the block follows the ball
[22m[39m[1101 R4] open beats 9720; slope of the centroid on the ball per seed (the lower of with and without the ball): new 0.415 0.427 0.419 0.421 0.425, Round 504 0.002 0.001 0.003 0.003 0.002 (a centroid that never moves reports 0); with 0.533 0.525 0.541 0.530 0.524, without 0.415 0.427 0.419 0.421 0.425; floor 0.3

[90mstdout[2m | src/test/liveSimMotion.test.tsx[2m > [22m[2mThe pitch part on real feeds[2m > [22m[2mR5: nothing is decided here
[22m[39m[1101 R5] matches 100, frames replayed 170834, Math.random calls inside the replays 0; engine alone a4d9aa75 37b0e6fb be6e8b8d a7294c62 335a2a09; engine with replays a4d9aa75 37b0e6fb be6e8b8d a7294c62 335a2a09

[90mstdout[2m | src/test/liveSimMotion.test.tsx[2m > [22m[2mThe pitch part on real feeds[2m > [22m[2mR6: a chance starts with the ball at the shooter and ends in its follow up
[22m[39m[1101 R6] chances staged 2130; holder offenders 0, steady offenders 0, follow up offenders 0; set aside and counted: started from a kick off picture 25, cut short by the next chance 474, the last kick of the period 34

[90mstdout[2m | src/test/liveSimMotion.test.tsx[2m > [22m[2mThe goal sequence[2m > [22m[2mthe card's season count is the settled count
[22m[39m[1101 card] matches 10, cards of mine checked against the settled squad row 9

[90mstdout[2m | src/test/liveSimMotion.test.tsx[2m > [22m[2mThe goal sequence[2m > [22m[2mafter Skip the second half opens on the right score, with no card and nothing replayed
[22m[39m[1101 skip] the half found: board 3, its last chance a goal at 38

 [32m✓[39m src/test/liveSimMotion.test.tsx [2m([22m[2m40 tests[22m[2m)[22m[33m 29532[2mms[22m[39m
   [33m[2m✓[22m[39m Live simcast motion[2m > [22mactual feed triggers player strikes, ball flight, saves and net contact [33m 881[2mms[22m[39m
   [33m[2m✓[22m[39m Live simcast motion[2m > [22mmotion leaves committed state and settled results identical [33m 354[2mms[22m[39m
   [33m[2m✓[22m[39m Live simcast motion[2m > [22mterminal goal and save contact precede the unchanged whistle and score (45 'goal' reduced=false) [33m 1834[2mms[22m[39m
   [33m[2m✓[22m[39m Live simcast motion[2m > [22mterminal goal and save contact precede the unchanged whistle and score (45 'goal' reduced=true) [33m 592[2mms[22m[39m
   [33m[2m✓[22m[39m Live simcast motion[2m > [22mterminal goal and save contact precede the unchanged whistle and score (45 'save' reduced=false) [33m 842[2mms[22m[39m
   [33m[2m✓[22m[39m Live simcast motion[2m > [22mterminal goal and save contact precede the unchanged whistle and score (45 'save' reduced=true) [33m 740[2mms[22m[39m
   [33m[2m✓[22m[39m Live simcast motion[2m > [22mterminal goal and save contact precede the unchanged whistle and score (90 'goal' reduced=false) [33m 1193[2mms[22m[39m
   [33m[2m✓[22m[39m Live simcast motion[2m > [22mterminal goal and save contact precede the unchanged whistle and score (90 'goal' reduced=true) [33m 1078[2mms[22m[39m
   [33m[2m✓[22m[39m Live simcast motion[2m > [22mterminal goal and save contact precede the unchanged whistle and score (90 'save' reduced=false) [33m 836[2mms[22m[39m
   [33m[2m✓[22m[39m Live simcast motion[2m > [22mterminal goal and save contact precede the unchanged whistle and score (90 'save' reduced=true) [33m 714[2mms[22m[39m
   [33m[2m✓[22m[39m Live simcast motion[2m > [22mterminal resume shows contact and Skip keeps immediate exactly-once whistle callbacks [33m 4818[2mms[22m[39m
   [33m[2m✓[22m[39m Live simcast motion[2m > [22ma tactics redraw cancels a terminal action that is no longer committed [33m 394[2mms[22m[39m
   [33m[2m✓[22m[39m Live simcast motion[2m > [22mthe ninetieth minute asks the latest save: refused means full time, never thirty empty minutes [33m 3377[2mms[22m[39m
   [33m[2m✓[22m[39m Live simcast motion[2m > [22mthe ninetieth minute asks the latest save: extra time drawn there is played, whatever this render was given [33m 1706[2mms[22m[39m
   [33m[2m✓[22m[39m Live simcast motion[2m > [22mthe extra time banner says what is true: a second leg is level on aggregate [33m 1694[2mms[22m[39m
   [33m[2m✓[22m[39m Live simcast motion[2m > [22mthe clock runs into the board as 90 plus, with the running aggregate under the score [33m 316[2mms[22m[39m
   [33m[2m✓[22m[39m Live simcast motion[2m > [22ma goal in the board is announced with its plus, GOAL! ... 90+N [33m 1051[2mms[22m[39m
   [33m[2m✓[22m[39m Live simcast motion[2m > [22mthe extra time clock runs into its own board as ET 120 plus [33m 321[2mms[22m[39m
   [33m[2m✓[22m[39m The pitch part on real feeds[2m > [22mthe material is 200 half feeds from five clubs in five leagues [33m 2453[2mms[22m[39m
   [33m[2m✓[22m[39m The pitch part on real feeds[2m > [22mR5: nothing is decided here [33m 748[2mms[22m[39m
   [33m[2m✓[22m[39m The goal sequence[2m > [22mthe score waits for the ball and the card lands at net contact [33m 480[2mms[22m[39m
   [33m[2m✓[22m[39m The goal sequence[2m > [22mafter Skip the second half opens on the right score, with no card and nothing replayed [33m 443[2mms[22m[39m
   [33m[2m✓[22m[39m Match mode[2m > [22mBack folds the match to a card and pauses it, and the card puts it back [33m 735[2mms[22m[39m
   [33m[2m✓[22m[39m Match mode[2m > [22mthe stats line a phone keeps in view reads the same count as the full stats [33m 707[2mms[22m[39m

[2m Test Files [22m [1m[32m2 passed[39m[22m[90m (2)[39m
[2m      Tests [22m [1m[32m54 passed[39m[22m[90m (54)[39m
[2m   Start at [22m 07:44:29
[2m   Duration [22m 32.51s[2m (transform 1.92s, setup 103ms, collect 2.98s, tests 29.79s, environment 645ms, prepare 295ms)[22m

