
> vite_react_shadcn_ts@0.0.0 build
> vite build

[36mvite v5.4.21 [32mbuilding for production...[36m[39m
transforming...
Browserslist: browsers data (caniuse-lite) is 16 months old. Please run:
  npx update-browserslist-db@latest
  Why you should do it regularly: https://github.com/browserslist/update-db#readme
[32m✓[39m 3365 modules transformed.
rendering chunks...
computing gzip size...
[2mdist/[22m[32mindex.html                                       [39m[1m[2m   31.73 kB[22m[1m[22m[2m │ gzip:  11.40 kB[22m
[2mdist/[22m[2massets/[22m[32mcollegeGridJudge-BnVqn2Y8.json            [39m[1m[2m  542.05 kB[22m[1m[22m[2m │ gzip: 137.17 kB[22m
[2mdist/[22m[2massets/[22m[32mcollegeGridSearch-Bs7o3gLM.json           [39m[1m[2m  599.14 kB[22m[1m[22m[2m │ gzip: 205.33 kB[22m
[2mdist/[22m[2massets/[22m[35mInboxCard-DDfoldLS.css                    [39m[1m[2m    0.31 kB[22m[1m[22m[2m │ gzip:   0.22 kB[22m
[2mdist/[22m[2massets/[22m[35mStaffScreen-DA5KNI2w.css                  [39m[1m[2m    0.34 kB[22m[1m[22m[2m │ gzip:   0.22 kB[22m
[2mdist/[22m[2massets/[22m[35mPuckDetective-CNwlavUM.css                [39m[1m[2m    0.46 kB[22m[1m[22m[2m │ gzip:   0.24 kB[22m
[2mdist/[22m[2massets/[22m[35mMlbFrontOffice-CBF51_-Q.css               [39m[1m[2m    0.46 kB[22m[1m[22m[2m │ gzip:   0.26 kB[22m
[2mdist/[22m[2massets/[22m[35mFreeKick-Db_P_VAd.css                     [39m[1m[2m    0.48 kB[22m[1m[22m[2m │ gzip:   0.26 kB[22m
[2mdist/[22m[2massets/[22m[35mChainLinkMotion-CvpbwvEe.css              [39m[1m[2m    0.51 kB[22m[1m[22m[2m │ gzip:   0.27 kB[22m
[2mdist/[22m[2massets/[22m[35mFantasyDraft-BBpfFIJM.css                 [39m[1m[2m    0.51 kB[22m[1m[22m[2m │ gzip:   0.21 kB[22m
[2mdist/[22m[2massets/[22m[35mF1Constructor-ZNfpvwdP.css                [39m[1m[2m    0.54 kB[22m[1m[22m[2m │ gzip:   0.27 kB[22m
[2mdist/[22m[2massets/[22m[35mTrainingPanel-vaffBj46.css                [39m[1m[2m    0.59 kB[22m[1m[22m[2m │ gzip:   0.32 kB[22m
[2mdist/[22m[2massets/[22m[35mGuessTheNation-BPrjB6wp.css               [39m[1m[2m    0.61 kB[22m[1m[22m[2m │ gzip:   0.29 kB[22m
[2mdist/[22m[2massets/[22m[35mListQuiz-CfGTEzvO.css                     [39m[1m[2m    0.63 kB[22m[1m[22m[2m │ gzip:   0.33 kB[22m
[2mdist/[22m[2massets/[22m[35mThroughBallBoard-gTKr9BrC.css             [39m[1m[2m    0.67 kB[22m[1m[22m[2m │ gzip:   0.35 kB[22m
[2mdist/[22m[2massets/[22m[35mNbaChain-COMs1moS.css                     [39m[1m[2m    0.74 kB[22m[1m[22m[2m │ gzip:   0.37 kB[22m
[2mdist/[22m[2massets/[22m[35mBudgetBuilder-BMPKocqF.css                [39m[1m[2m    0.74 kB[22m[1m[22m[2m │ gzip:   0.33 kB[22m
[2mdist/[22m[2massets/[22m[35mGuessTennisPlayer-BJV-i7my.css            [39m[1m[2m    0.77 kB[22m[1m[22m[2m │ gzip:   0.39 kB[22m
[2mdist/[22m[2massets/[22m[35mGuessNascarDriver-B4spQIn2.css            [39m[1m[2m    0.77 kB[22m[1m[22m[2m │ gzip:   0.38 kB[22m
[2mdist/[22m[2massets/[22m[35mGuessCbbTeam-BcTI5nvh.css                 [39m[1m[2m    0.77 kB[22m[1m[22m[2m │ gzip:   0.39 kB[22m
[2mdist/[22m[2massets/[22m[35mBallIq-BjxfiyZ_.css                       [39m[1m[2m    0.78 kB[22m[1m[22m[2m │ gzip:   0.39 kB[22m
[2mdist/[22m[2massets/[22m[35mMysteryBox-6MFZ-n4f.css                   [39m[1m[2m    0.78 kB[22m[1m[22m[2m │ gzip:   0.37 kB[22m
[2mdist/[22m[2massets/[22m[35mEmojiGuess-MeLdLiyY.css                   [39m[1m[2m    0.83 kB[22m[1m[22m[2m │ gzip:   0.37 kB[22m
[2mdist/[22m[2massets/[22m[35mSearchAndDiscard-Bk7mANi4.css             [39m[1m[2m    0.83 kB[22m[1m[22m[2m │ gzip:   0.40 kB[22m
[2mdist/[22m[2massets/[22m[35mNbaStatLine-DajvjVkC.css                  [39m[1m[2m    0.85 kB[22m[1m[22m[2m │ gzip:   0.39 kB[22m
[2mdist/[22m[2massets/[22m[35mMissingNine-BLGcLOj1.css                  [39m[1m[2m    0.88 kB[22m[1m[22m[2m │ gzip:   0.42 kB[22m
[2mdist/[22m[2massets/[22m[35mF1Driver-DhrxUQx4.css                     [39m[1m[2m    0.94 kB[22m[1m[22m[2m │ gzip:   0.47 kB[22m
[2mdist/[22m[2massets/[22m[35mQuizBoard-CBcAEXDf.css                    [39m[1m[2m    1.02 kB[22m[1m[22m[2m │ gzip:   0.44 kB[22m
[2mdist/[22m[2massets/[22m[35mStatDetective-D6N_cvHt.css                [39m[1m[2m    1.08 kB[22m[1m[22m[2m │ gzip:   0.42 kB[22m
[2mdist/[22m[2massets/[22m[35musePracticeClock-ClTOd3XX.css             [39m[1m[2m    1.09 kB[22m[1m[22m[2m │ gzip:   0.37 kB[22m
[2mdist/[22m[2massets/[22m[35mGridCellLayout-D70wq1lC.css               [39m[1m[2m    1.19 kB[22m[1m[22m[2m │ gzip:   0.50 kB[22m
[2mdist/[22m[2massets/[22m[35mRankEm-Bxuyan4v.css                       [39m[1m[2m    1.33 kB[22m[1m[22m[2m │ gzip:   0.63 kB[22m
[2mdist/[22m[2massets/[22m[35mClueAuction-D9aFrid-.css                  [39m[1m[2m    1.42 kB[22m[1m[22m[2m │ gzip:   0.58 kB[22m
[2mdist/[22m[2massets/[22m[35mSetPieceBoard-BIg86Bhl.css                [39m[1m[2m    1.50 kB[22m[1m[22m[2m │ gzip:   0.61 kB[22m
[2mdist/[22m[2massets/[22m[35mGmTradeBuilder-CsXt162F.css               [39m[1m[2m    1.61 kB[22m[1m[22m[2m │ gzip:   0.48 kB[22m
[2mdist/[22m[2massets/[22m[35mNhlFrontOffice-Ce_3hBzp.css               [39m[1m[2m    2.66 kB[22m[1m[22m[2m │ gzip:   0.99 kB[22m
[2mdist/[22m[2massets/[22m[35mArcadeShotFeedback--eiU5Aah.css           [39m[1m[2m    2.94 kB[22m[1m[22m[2m │ gzip:   0.97 kB[22m
[2mdist/[22m[2massets/[22m[35mPitchSurface-BrcOvsZb.css                 [39m[1m[2m    3.11 kB[22m[1m[22m[2m │ gzip:   0.94 kB[22m
[2mdist/[22m[2massets/[22m[35mFootle-pT74gEft.css                       [39m[1m[2m    3.20 kB[22m[1m[22m[2m │ gzip:   1.02 kB[22m
[2mdist/[22m[2massets/[22m[35mLiveSimScreen-CutcJFZR.css                [39m[1m[2m    3.70 kB[22m[1m[22m[2m │ gzip:   1.15 kB[22m
[2mdist/[22m[2massets/[22m[35mAussieRulesManager-zdcvwuMp.css           [39m[1m[2m    4.10 kB[22m[1m[22m[2m │ gzip:   1.18 kB[22m
[2mdist/[22m[2massets/[22m[35musCareerSeasonReview-CstHycFO.css         [39m[1m[2m    8.78 kB[22m[1m[22m[2m │ gzip:   2.62 kB[22m
[2mdist/[22m[2massets/[22m[35mSportHub-wXzienJm.css                     [39m[1m[2m    9.45 kB[22m[1m[22m[2m │ gzip:   2.42 kB[22m
[2mdist/[22m[2massets/[22m[35mindex-CGPrYWzO.css                        [39m[1m[2m  196.68 kB[22m[1m[22m[2m │ gzip:  32.49 kB[22m
[2mdist/[22m[2massets/[22m[36mfirstDraw-DhshXfEx.js                     [39m[1m[2m    0.10 kB[22m[1m[22m[2m │ gzip:   0.10 kB[22m
[2mdist/[22m[2massets/[22m[36mChainLinkMotion.module-CU3oOeKl.js        [39m[1m[2m    0.12 kB[22m[1m[22m[2m │ gzip:   0.11 kB[22m
[2mdist/[22m[2massets/[22m[36mdialogA11y-BCgxbiii.js                    [39m[1m[2m    0.15 kB[22m[1m[22m[2m │ gzip:   0.13 kB[22m
[2mdist/[22m[2massets/[22m[36mformatNumber-CGuttX8h.js                  [39m[1m[2m    0.15 kB[22m[1m[22m[2m │ gzip:   0.15 kB[22m
[2mdist/[22m[2massets/[22m[36mskeleton-C_1asOck.js                      [39m[1m[2m    0.17 kB[22m[1m[22m[2m │ gzip:   0.16 kB[22m
[2mdist/[22m[2massets/[22m[36mclubManagerClock-C1EiWjUJ.js              [39m[1m[2m    0.25 kB[22m[1m[22m[2m │ gzip:   0.16 kB[22m
[2mdist/[22m[2massets/[22m[36mkeyedRng-BKZQ2UGv.js                      [39m[1m[2m    0.25 kB[22m[1m[22m[2m │ gzip:   0.21 kB[22m
[2mdist/[22m[2massets/[22m[36mnameFold-Cxobkrgg.js                      [39m[1m[2m    0.26 kB[22m[1m[22m[2m │ gzip:   0.24 kB[22m
[2mdist/[22m[2massets/[22m[36mcareerHeadroom-B6hg86bq.js                [39m[1m[2m    0.26 kB[22m[1m[22m[2m │ gzip:   0.19 kB[22m
[2mdist/[22m[2massets/[22m[36mvalidationReason-Bdi7tqty.js              [39m[1m[2m    0.26 kB[22m[1m[22m[2m │ gzip:   0.18 kB[22m
[2mdist/[22m[2massets/[22m[36mensureAnswerInOptions-ip2BqsWb.js         [39m[1m[2m    0.27 kB[22m[1m[22m[2m │ gzip:   0.15 kB[22m
[2mdist/[22m[2massets/[22m[36mseoMetaPart08-IZEXs0WU.js                 [39m[1m[2m    0.27 kB[22m[1m[22m[2m │ gzip:   0.22 kB[22m
[2mdist/[22m[2massets/[22m[36mnotCurrentPlayers-monyGCOh.js             [39m[1m[2m    0.28 kB[22m[1m[22m[2m │ gzip:   0.24 kB[22m
[2mdist/[22m[2massets/[22m[36mchevron-down-BE8QMNvw.js                  [39m[1m[2m    0.29 kB[22m[1m[22m[2m │ gzip:   0.24 kB[22m
[2mdist/[22m[2massets/[22m[36mchevron-up-BiBZo5EN.js                    [39m[1m[2m    0.29 kB[22m[1m[22m[2m │ gzip:   0.24 kB[22m
[2mdist/[22m[2massets/[22m[36msoccerBootIds-BWkyFIXk.js                 [39m[1m[2m    0.29 kB[22m[1m[22m[2m │ gzip:   0.20 kB[22m
[2mdist/[22m[2massets/[22m[36museOwnedTimeouts-CdF3UqB8.js              [39m[1m[2m    0.29 kB[22m[1m[22m[2m │ gzip:   0.21 kB[22m
[2mdist/[22m[2massets/[22m[36museScrollToGame-AsMgLRAU.js               [39m[1m[2m    0.30 kB[22m[1m[22m[2m │ gzip:   0.23 kB[22m
[2mdist/[22m[2massets/[22m[36marcadeRecord-Ccbsg8hp.js                  [39m[1m[2m    0.31 kB[22m[1m[22m[2m │ gzip:   0.23 kB[22m
[2mdist/[22m[2massets/[22m[36marrow-down-Cp7sU2Wg.js                    [39m[1m[2m    0.33 kB[22m[1m[22m[2m │ gzip:   0.26 kB[22m
[2mdist/[22m[2massets/[22m[36marrow-up-BUWWa2Kv.js                      [39m[1m[2m    0.33 kB[22m[1m[22m[2m │ gzip:   0.26 kB[22m
[2mdist/[22m[2massets/[22m[36mGridCellLayout.module-BrZZmB8D.js         [39m[1m[2m    0.33 kB[22m[1m[22m[2m │ gzip:   0.23 kB[22m
[2mdist/[22m[2massets/[22m[36marrow-left-Ce1zSjWd.js                    [39m[1m[2m    0.33 kB[22m[1m[22m[2m │ gzip:   0.26 kB[22m
[2mdist/[22m[2massets/[22m[36mclock-fi5SJJjM.js                         [39m[1m[2m    0.35 kB[22m[1m[22m[2m │ gzip:   0.27 kB[22m
[2mdist/[22m[2massets/[22m[36mskip-forward-paf5P5wq.js                  [39m[1m[2m    0.36 kB[22m[1m[22m[2m │ gzip:   0.28 kB[22m
[2mdist/[22m[2massets/[22m[36mfast-forward-BCLQMmix.js                  [39m[1m[2m    0.37 kB[22m[1m[22m[2m │ gzip:   0.28 kB[22m
[2mdist/[22m[2massets/[22m[36mrotate-ccw-B0ol4iHo.js                    [39m[1m[2m    0.37 kB[22m[1m[22m[2m │ gzip:   0.29 kB[22m
[2mdist/[22m[2massets/[22m[36mtrending-up-mQ09HgwS.js                   [39m[1m[2m    0.37 kB[22m[1m[22m[2m │ gzip:   0.28 kB[22m
[2mdist/[22m[2massets/[22m[36mlock-DXdKqnz9.js                          [39m[1m[2m    0.38 kB[22m[1m[22m[2m │ gzip:   0.29 kB[22m
[2mdist/[22m[2massets/[22m[36mtrending-down-C1U3erp-.js                 [39m[1m[2m    0.38 kB[22m[1m[22m[2m │ gzip:   0.28 kB[22m
[2mdist/[22m[2massets/[22m[36minfinity-BotEdw0D.js                      [39m[1m[2m    0.38 kB[22m[1m[22m[2m │ gzip:   0.29 kB[22m
[2mdist/[22m[2massets/[22m[36mflag-DAzTkgYx.js                          [39m[1m[2m    0.39 kB[22m[1m[22m[2m │ gzip:   0.30 kB[22m
[2mdist/[22m[2massets/[22m[36mbriefcase-JI0SqUgf.js                     [39m[1m[2m    0.39 kB[22m[1m[22m[2m │ gzip:   0.30 kB[22m
[2mdist/[22m[2massets/[22m[36mtarget-CefgQ_N_.js                        [39m[1m[2m    0.40 kB[22m[1m[22m[2m │ gzip:   0.26 kB[22m
[2mdist/[22m[2massets/[22m[36mshareGrids-BBcTDnrG.js                    [39m[1m[2m    0.40 kB[22m[1m[22m[2m │ gzip:   0.29 kB[22m
[2mdist/[22m[2massets/[22m[36mcopy-BudC_LmI.js                          [39m[1m[2m    0.41 kB[22m[1m[22m[2m │ gzip:   0.31 kB[22m
[2mdist/[22m[2massets/[22m[36mcircle-help-Dm8S3NMF.js                   [39m[1m[2m    0.41 kB[22m[1m[22m[2m │ gzip:   0.30 kB[22m
[2mdist/[22m[2massets/[22m[36mtimer-CdtFtuhd.js                         [39m[1m[2m    0.41 kB[22m[1m[22m[2m │ gzip:   0.29 kB[22m
[2mdist/[22m[2massets/[22m[36mlink-2-5YZQt4hK.js                        [39m[1m[2m    0.41 kB[22m[1m[22m[2m │ gzip:   0.31 kB[22m
[2mdist/[22m[2massets/[22m[36marrow-left-right-B6TRtM_G.js              [39m[1m[2m    0.42 kB[22m[1m[22m[2m │ gzip:   0.30 kB[22m
[2mdist/[22m[2massets/[22m[36meye-CdhTISUg.js                           [39m[1m[2m    0.43 kB[22m[1m[22m[2m │ gzip:   0.30 kB[22m
[2mdist/[22m[2massets/[22m[36mcalendar-C9ql0cWx.js                      [39m[1m[2m    0.43 kB[22m[1m[22m[2m │ gzip:   0.30 kB[22m
[2mdist/[22m[2massets/[22m[36mzap-D5wJ7uqc.js                           [39m[1m[2m    0.43 kB[22m[1m[22m[2m │ gzip:   0.31 kB[22m
[2mdist/[22m[2massets/[22m[36mlightbulb-1692oE0F.js                     [39m[1m[2m    0.46 kB[22m[1m[22m[2m │ gzip:   0.33 kB[22m
[2mdist/[22m[2massets/[22m[36msend-Maq4ZkbX.js                          [39m[1m[2m    0.46 kB[22m[1m[22m[2m │ gzip:   0.33 kB[22m
[2mdist/[22m[2massets/[22m[36musers-DVq2c198.js                         [39m[1m[2m    0.47 kB[22m[1m[22m[2m │ gzip:   0.33 kB[22m
[2mdist/[22m[2massets/[22m[36mshield-half-DZcJxTGx.js                   [39m[1m[2m    0.48 kB[22m[1m[22m[2m │ gzip:   0.35 kB[22m
[2mdist/[22m[2massets/[22m[36marcade-CUT7KVjC.js                        [39m[1m[2m    0.49 kB[22m[1m[22m[2m │ gzip:   0.32 kB[22m
[2mdist/[22m[2massets/[22m[36mReferenceSources-6vVz6R3U.js              [39m[1m[2m    0.49 kB[22m[1m[22m[2m │ gzip:   0.36 kB[22m
[2mdist/[22m[2massets/[22m[36mgraduation-cap-Ctq7or87.js                [39m[1m[2m    0.50 kB[22m[1m[22m[2m │ gzip:   0.35 kB[22m
[2mdist/[22m[2massets/[22m[36mseoMetaPart20-D3Jt8qZ_.js                 [39m[1m[2m    0.50 kB[22m[1m[22m[2m │ gzip:   0.34 kB[22m
[2mdist/[22m[2massets/[22m[36mentityIds-L4Nd6Y8C.js                     [39m[1m[2m    0.51 kB[22m[1m[22m[2m │ gzip:   0.34 kB[22m
[2mdist/[22m[2massets/[22m[36mseoMetaPart07-ympky3rW.js                 [39m[1m[2m    0.51 kB[22m[1m[22m[2m │ gzip:   0.35 kB[22m
[2mdist/[22m[2massets/[22m[36mnewspaper-C6rlTgTP.js                     [39m[1m[2m    0.51 kB[22m[1m[22m[2m │ gzip:   0.34 kB[22m
[2mdist/[22m[2massets/[22m[36mseoMetaPart13-Ig-3KGy2.js                 [39m[1m[2m    0.51 kB[22m[1m[22m[2m │ gzip:   0.34 kB[22m
[2mdist/[22m[2massets/[22m[36mseoMetaPart31-BPitkLcI.js                 [39m[1m[2m    0.52 kB[22m[1m[22m[2m │ gzip:   0.35 kB[22m
[2mdist/[22m[2massets/[22m[36mtrash-2-Dp5s-xq8.js                       [39m[1m[2m    0.53 kB[22m[1m[22m[2m │ gzip:   0.35 kB[22m
[2mdist/[22m[2massets/[22m[36mcrown-wPHdqKe4.js                         [39m[1m[2m    0.53 kB[22m[1m[22m[2m │ gzip:   0.36 kB[22m
[2mdist/[22m[2massets/[22m[36mshuffle-DIba_Rtd.js                       [39m[1m[2m    0.55 kB[22m[1m[22m[2m │ gzip:   0.35 kB[22m
[2mdist/[22m[2massets/[22m[36mpackage-DouYj2_9.js                       [39m[1m[2m    0.56 kB[22m[1m[22m[2m │ gzip:   0.36 kB[22m
[2mdist/[22m[2massets/[22m[36mdailyRecord-CX9SdYxa.js                   [39m[1m[2m    0.56 kB[22m[1m[22m[2m │ gzip:   0.34 kB[22m
[2mdist/[22m[2massets/[22m[36mclipboard-list-vBgsqcgo.js                [39m[1m[2m    0.58 kB[22m[1m[22m[2m │ gzip:   0.36 kB[22m
[2mdist/[22m[2massets/[22m[36mmedal-DdejiGqm.js                         [39m[1m[2m    0.60 kB[22m[1m[22m[2m │ gzip:   0.39 kB[22m
[2mdist/[22m[2massets/[22m[36mhandshake-Cr9YOVFo.js                     [39m[1m[2m    0.62 kB[22m[1m[22m[2m │ gzip:   0.39 kB[22m
[2mdist/[22m[2massets/[22m[36mstar-DRu0tTLm.js                          [39m[1m[2m    0.64 kB[22m[1m[22m[2m │ gzip:   0.40 kB[22m
[2mdist/[22m[2massets/[22m[36mfetchQuizBoard-c0IvuuEk.js                [39m[1m[2m    0.66 kB[22m[1m[22m[2m │ gzip:   0.43 kB[22m
[2mdist/[22m[2massets/[22m[36mresume-iKq-NREI.js                        [39m[1m[2m    0.67 kB[22m[1m[22m[2m │ gzip:   0.42 kB[22m
[2mdist/[22m[2massets/[22m[36mleagueCore--DUG-EXw.js                    [39m[1m[2m    0.67 kB[22m[1m[22m[2m │ gzip:   0.43 kB[22m
[2mdist/[22m[2massets/[22m[36mbadge-BN95Daf_.js                         [39m[1m[2m    0.71 kB[22m[1m[22m[2m │ gzip:   0.37 kB[22m
[2mdist/[22m[2massets/[22m[36mSeasonResumeChip-58e85Ppx.js              [39m[1m[2m    0.71 kB[22m[1m[22m[2m │ gzip:   0.49 kB[22m
[2mdist/[22m[2massets/[22m[36mswords-BzwFeHn4.js                        [39m[1m[2m    0.72 kB[22m[1m[22m[2m │ gzip:   0.39 kB[22m
[2mdist/[22m[2massets/[22m[36mdumbbell-YTM1IHNt.js                      [39m[1m[2m    0.73 kB[22m[1m[22m[2m │ gzip:   0.40 kB[22m
[2mdist/[22m[2massets/[22m[36mseoMetaPart02-BYbZNxRj.js                 [39m[1m[2m    0.74 kB[22m[1m[22m[2m │ gzip:   0.44 kB[22m
[2mdist/[22m[2massets/[22m[36mseoMetaPart10-CPgkU0Ug.js                 [39m[1m[2m    0.75 kB[22m[1m[22m[2m │ gzip:   0.46 kB[22m
[2mdist/[22m[2massets/[22m[36mseoMetaPart16-CmMlK9Np.js                 [39m[1m[2m    0.75 kB[22m[1m[22m[2m │ gzip:   0.45 kB[22m
[2mdist/[22m[2massets/[22m[36mseoMetaPart00-CuVEcdvG.js                 [39m[1m[2m    0.75 kB[22m[1m[22m[2m │ gzip:   0.46 kB[22m
[2mdist/[22m[2massets/[22m[36mseoMetaPart01-DtjgkM8Q.js                 [39m[1m[2m    0.75 kB[22m[1m[22m[2m │ gzip:   0.45 kB[22m
[2mdist/[22m[2massets/[22m[36mseoMetaPart11-oLlb_0nk.js                 [39m[1m[2m    0.75 kB[22m[1m[22m[2m │ gzip:   0.45 kB[22m
[2mdist/[22m[2massets/[22m[36mseoMetaPart03-BOxIFoUd.js                 [39m[1m[2m    0.76 kB[22m[1m[22m[2m │ gzip:   0.47 kB[22m
[2mdist/[22m[2massets/[22m[36mgmDealTable-DYyD4N4_.js                   [39m[1m[2m    0.77 kB[22m[1m[22m[2m │ gzip:   0.44 kB[22m
[2mdist/[22m[2massets/[22m[36mgamepad-2-kUKheb3F.js                     [39m[1m[2m    0.79 kB[22m[1m[22m[2m │ gzip:   0.49 kB[22m
[2mdist/[22m[2massets/[22m[36museGameCompletion-EaKD1Ngd.js             [39m[1m[2m    0.81 kB[22m[1m[22m[2m │ gzip:   0.49 kB[22m
[2mdist/[22m[2massets/[22m[36mRestoredResult-CBgEYnrg.js                [39m[1m[2m    0.86 kB[22m[1m[22m[2m │ gzip:   0.43 kB[22m
[2mdist/[22m[2massets/[22m[36mfetchAllRows-j9lWsF9F.js                  [39m[1m[2m    0.86 kB[22m[1m[22m[2m │ gzip:   0.42 kB[22m
[2mdist/[22m[2massets/[22m[36mcareerEngine-C0YCb0dd.js                  [39m[1m[2m    0.86 kB[22m[1m[22m[2m │ gzip:   0.47 kB[22m
[2mdist/[22m[2massets/[22m[36mConfetti-CXTImNkV.js                      [39m[1m[2m    0.90 kB[22m[1m[22m[2m │ gzip:   0.61 kB[22m
[2mdist/[22m[2massets/[22m[36musCareerReveal-BW47Ke0-.js                [39m[1m[2m    0.94 kB[22m[1m[22m[2m │ gzip:   0.58 kB[22m
[2mdist/[22m[2massets/[22m[36mseoMetaPart24-CQTtSrLB.js                 [39m[1m[2m    0.98 kB[22m[1m[22m[2m │ gzip:   0.56 kB[22m
[2mdist/[22m[2massets/[22m[36mcard-l1jpNgUt.js                          [39m[1m[2m    0.99 kB[22m[1m[22m[2m │ gzip:   0.37 kB[22m
[2mdist/[22m[2massets/[22m[36mseoMetaPart04-DRX4FtX_.js                 [39m[1m[2m    0.99 kB[22m[1m[22m[2m │ gzip:   0.55 kB[22m
[2mdist/[22m[2massets/[22m[36mseoMetaPart15-9v6Tzod_.js                 [39m[1m[2m    0.99 kB[22m[1m[22m[2m │ gzip:   0.53 kB[22m
[2mdist/[22m[2massets/[22m[36mseoMetaPart18-Beou92RL.js                 [39m[1m[2m    0.99 kB[22m[1m[22m[2m │ gzip:   0.57 kB[22m
[2mdist/[22m[2massets/[22m[36mseoMetaPart23-RMiEDEGg.js                 [39m[1m[2m    1.00 kB[22m[1m[22m[2m │ gzip:   0.55 kB[22m
[2mdist/[22m[2massets/[22m[36mseoMetaPart19-CpToAW9C.js                 [39m[1m[2m    1.00 kB[22m[1m[22m[2m │ gzip:   0.55 kB[22m
[2mdist/[22m[2massets/[22m[36mseoMetaPart25-Cf_pDGZt.js                 [39m[1m[2m    1.00 kB[22m[1m[22m[2m │ gzip:   0.56 kB[22m
[2mdist/[22m[2massets/[22m[36mseoMetaPart21-BhVVnIEN.js                 [39m[1m[2m    1.01 kB[22m[1m[22m[2m │ gzip:   0.54 kB[22m
[2mdist/[22m[2massets/[22m[36mseoMetaPart05-BnXoXrsk.js                 [39m[1m[2m    1.01 kB[22m[1m[22m[2m │ gzip:   0.59 kB[22m
[2mdist/[22m[2massets/[22m[36mseoMetaPart22-S-3F3LJ6.js                 [39m[1m[2m    1.01 kB[22m[1m[22m[2m │ gzip:   0.59 kB[22m
[2mdist/[22m[2massets/[22m[36mGuessFinish-5NBX_QiB.js                   [39m[1m[2m    1.13 kB[22m[1m[22m[2m │ gzip:   0.60 kB[22m
[2mdist/[22m[2massets/[22m[36mfetchCareerPlayers-B7n0WlWb.js            [39m[1m[2m    1.16 kB[22m[1m[22m[2m │ gzip:   0.57 kB[22m
[2mdist/[22m[2massets/[22m[36mchemistry-DIs7dgmv.js                     [39m[1m[2m    1.19 kB[22m[1m[22m[2m │ gzip:   0.58 kB[22m
[2mdist/[22m[2massets/[22m[36mGiveUpButton-Cm7A11lN.js                  [39m[1m[2m    1.19 kB[22m[1m[22m[2m │ gzip:   0.54 kB[22m
[2mdist/[22m[2massets/[22m[36mseoMetaPart06-N4xfX3Sj.js                 [39m[1m[2m    1.20 kB[22m[1m[22m[2m │ gzip:   0.58 kB[22m
[2mdist/[22m[2massets/[22m[36mseoMetaPart14-Ca8w5qDt.js                 [39m[1m[2m    1.21 kB[22m[1m[22m[2m │ gzip:   0.61 kB[22m
[2mdist/[22m[2massets/[22m[36mseoMetaPart12-BJfl671y.js                 [39m[1m[2m    1.21 kB[22m[1m[22m[2m │ gzip:   0.67 kB[22m
[2mdist/[22m[2massets/[22m[36mseoMetaPart27-CP2Svxjt.js                 [39m[1m[2m    1.22 kB[22m[1m[22m[2m │ gzip:   0.65 kB[22m
[2mdist/[22m[2massets/[22m[36mseoMetaPart28-g2Jhz3O3.js                 [39m[1m[2m    1.22 kB[22m[1m[22m[2m │ gzip:   0.67 kB[22m
[2mdist/[22m[2massets/[22m[36mClubManagerTreatmentPanel--gHydjgp.js     [39m[1m[2m    1.23 kB[22m[1m[22m[2m │ gzip:   0.73 kB[22m
[2mdist/[22m[2massets/[22m[36mGameShell-DowX_mC5.js                     [39m[1m[2m    1.30 kB[22m[1m[22m[2m │ gzip:   0.68 kB[22m
[2mdist/[22m[2massets/[22m[36mGridBoardSkeleton-1AgQwQ9K.js             [39m[1m[2m    1.32 kB[22m[1m[22m[2m │ gzip:   0.60 kB[22m
[2mdist/[22m[2massets/[22m[36mconfederationGroups-B32gL-Nc.js           [39m[1m[2m    1.34 kB[22m[1m[22m[2m │ gzip:   0.70 kB[22m
[2mdist/[22m[2massets/[22m[36mHowToPlayPopover-CnNUj4HT.js              [39m[1m[2m    1.37 kB[22m[1m[22m[2m │ gzip:   0.77 kB[22m
[2mdist/[22m[2massets/[22m[36mHubTiles-Bf8SfYmh.js                      [39m[1m[2m    1.39 kB[22m[1m[22m[2m │ gzip:   0.60 kB[22m
[2mdist/[22m[2massets/[22m[36mpositionFit-BbUnYZIs.js                   [39m[1m[2m    1.42 kB[22m[1m[22m[2m │ gzip:   0.67 kB[22m
[2mdist/[22m[2massets/[22m[36mRulesGate-2k9YvVKn.js                     [39m[1m[2m    1.42 kB[22m[1m[22m[2m │ gzip:   0.81 kB[22m
[2mdist/[22m[2massets/[22m[36mseoMetaPart29-DFpfKJo-.js                 [39m[1m[2m    1.47 kB[22m[1m[22m[2m │ gzip:   0.73 kB[22m
[2mdist/[22m[2massets/[22m[36museArcadeFlight-DApUWnFG.js               [39m[1m[2m    1.51 kB[22m[1m[22m[2m │ gzip:   0.66 kB[22m
[2mdist/[22m[2massets/[22m[36mCelebration-C1F-uqJY.js                   [39m[1m[2m    1.53 kB[22m[1m[22m[2m │ gzip:   0.82 kB[22m
[2mdist/[22m[2massets/[22m[36mfoSchedule-BzpgxJRf.js                    [39m[1m[2m    1.57 kB[22m[1m[22m[2m │ gzip:   0.89 kB[22m
[2mdist/[22m[2massets/[22m[36msmartSearch-DxQivxxe.js                   [39m[1m[2m    1.58 kB[22m[1m[22m[2m │ gzip:   0.71 kB[22m
[2mdist/[22m[2massets/[22m[36mCareerFx-CxHb3vfx.js                      [39m[1m[2m    1.58 kB[22m[1m[22m[2m │ gzip:   0.92 kB[22m
[2mdist/[22m[2massets/[22m[36mdeskCue-DdfAWGaJ.js                       [39m[1m[2m    1.62 kB[22m[1m[22m[2m │ gzip:   0.91 kB[22m
[2mdist/[22m[2massets/[22m[36msilverwareSort-Dr6ti355.js                [39m[1m[2m    1.63 kB[22m[1m[22m[2m │ gzip:   0.83 kB[22m
[2mdist/[22m[2massets/[22m[36mGameHelp-BiA8Vjug.js                      [39m[1m[2m    1.65 kB[22m[1m[22m[2m │ gzip:   0.79 kB[22m
[2mdist/[22m[2massets/[22m[36musePracticeClock-CuVPFZv8.js              [39m[1m[2m    1.66 kB[22m[1m[22m[2m │ gzip:   0.83 kB[22m
[2mdist/[22m[2massets/[22m[36mseoMetaPart26-BXx6PSW7.js                 [39m[1m[2m    1.71 kB[22m[1m[22m[2m │ gzip:   0.90 kB[22m
[2mdist/[22m[2massets/[22m[36mTeamTalkRow-BFXFzl59.js                   [39m[1m[2m    1.73 kB[22m[1m[22m[2m │ gzip:   0.93 kB[22m
[2mdist/[22m[2massets/[22m[36mmlbGrid-BtGAcsv_.js                       [39m[1m[2m    1.83 kB[22m[1m[22m[2m │ gzip:   0.75 kB[22m
[2mdist/[22m[2massets/[22m[36mWonderkidFactory-CudtzqQI.js              [39m[1m[2m    1.85 kB[22m[1m[22m[2m │ gzip:   0.94 kB[22m
[2mdist/[22m[2massets/[22m[36mclubManagerMeters-C4Fu04Ei.js             [39m[1m[2m    1.87 kB[22m[1m[22m[2m │ gzip:   1.00 kB[22m
[2mdist/[22m[2massets/[22m[36mhockeyGrid-TSKFKInL.js                    [39m[1m[2m    1.92 kB[22m[1m[22m[2m │ gzip:   0.81 kB[22m
[2mdist/[22m[2massets/[22m[36museRevealScroll-D9X3Tb6D.js               [39m[1m[2m    1.94 kB[22m[1m[22m[2m │ gzip:   0.80 kB[22m
[2mdist/[22m[2massets/[22m[36mseoMetaPart30-C2bf-ABQ.js                 [39m[1m[2m    1.94 kB[22m[1m[22m[2m │ gzip:   0.96 kB[22m
[2mdist/[22m[2massets/[22m[36mMetersStrip-fnFEi80O.js                   [39m[1m[2m    1.94 kB[22m[1m[22m[2m │ gzip:   1.00 kB[22m
[2mdist/[22m[2massets/[22m[36mfreeKick-BSoL5hQo.js                      [39m[1m[2m    1.94 kB[22m[1m[22m[2m │ gzip:   1.10 kB[22m
[2mdist/[22m[2massets/[22m[36mseoMetaPart17-DdtdxoPB.js                 [39m[1m[2m    1.94 kB[22m[1m[22m[2m │ gzip:   0.96 kB[22m
[2mdist/[22m[2massets/[22m[36mcareerHallSpeech-D8aXsOEv.js              [39m[1m[2m    1.94 kB[22m[1m[22m[2m │ gzip:   1.03 kB[22m
[2mdist/[22m[2massets/[22m[36mArcadeShotFeedback-_8I2ZsC9.js            [39m[1m[2m    1.96 kB[22m[1m[22m[2m │ gzip:   0.93 kB[22m
[2mdist/[22m[2massets/[22m[36msoccerBoots-BK_dXNrV.js                   [39m[1m[2m    2.02 kB[22m[1m[22m[2m │ gzip:   0.99 kB[22m
[2mdist/[22m[2massets/[22m[36mAdBanner-NfZ0Dq2P.js                      [39m[1m[2m    2.04 kB[22m[1m[22m[2m │ gzip:   1.08 kB[22m
[2mdist/[22m[2massets/[22m[36mConnect4Finish-z8fYqaHC.js                [39m[1m[2m    2.06 kB[22m[1m[22m[2m │ gzip:   0.92 kB[22m
[2mdist/[22m[2massets/[22m[36mCelebrationStyles-QpNDvG8x.js             [39m[1m[2m    2.13 kB[22m[1m[22m[2m │ gzip:   0.72 kB[22m
[2mdist/[22m[2massets/[22m[36mAcademyProspects-B27shpox.js              [39m[1m[2m    2.15 kB[22m[1m[22m[2m │ gzip:   1.00 kB[22m
[2mdist/[22m[2massets/[22m[36mseoMetaPart09-DnyHg2Rd.js                 [39m[1m[2m    2.17 kB[22m[1m[22m[2m │ gzip:   1.05 kB[22m
[2mdist/[22m[2massets/[22m[36mPerfectLineupNba-DxWpas2C.js              [39m[1m[2m    2.24 kB[22m[1m[22m[2m │ gzip:   1.11 kB[22m
[2mdist/[22m[2massets/[22m[36mResultScreen-8uBCbzYx.js                  [39m[1m[2m    2.28 kB[22m[1m[22m[2m │ gzip:   1.15 kB[22m
[2mdist/[22m[2massets/[22m[36mfrontOfficeSave-DokBHTSA.js               [39m[1m[2m    2.37 kB[22m[1m[22m[2m │ gzip:   1.07 kB[22m
[2mdist/[22m[2massets/[22m[36mDailyLegendOverlay-B1aSxlLm.js            [39m[1m[2m    2.39 kB[22m[1m[22m[2m │ gzip:   1.21 kB[22m
[2mdist/[22m[2massets/[22m[36mClubManagerBoardPanel-jJxyXs7i.js         [39m[1m[2m    2.50 kB[22m[1m[22m[2m │ gzip:   1.01 kB[22m
[2mdist/[22m[2massets/[22m[36mPostGameStats-CoYzBBQt.js                 [39m[1m[2m    2.52 kB[22m[1m[22m[2m │ gzip:   1.17 kB[22m
[2mdist/[22m[2massets/[22m[36mcareerAwardsNight-BDQnO6dK.js             [39m[1m[2m    2.57 kB[22m[1m[22m[2m │ gzip:   1.27 kB[22m
[2mdist/[22m[2massets/[22m[36mAdminLogin-FLAgO4Vt.js                    [39m[1m[2m    2.59 kB[22m[1m[22m[2m │ gzip:   1.23 kB[22m
[2mdist/[22m[2massets/[22m[36mReportQuestion-BC-vXNLi.js                [39m[1m[2m    2.92 kB[22m[1m[22m[2m │ gzip:   1.33 kB[22m
[2mdist/[22m[2massets/[22m[36mconquestDataMlb-B4MKOeDm.js               [39m[1m[2m    2.93 kB[22m[1m[22m[2m │ gzip:   1.22 kB[22m
[2mdist/[22m[2massets/[22m[36mLeagueTableCard-D6mn-I1O.js               [39m[1m[2m    3.02 kB[22m[1m[22m[2m │ gzip:   1.08 kB[22m
[2mdist/[22m[2massets/[22m[36msquadShape-DzJQ1wtR.js                    [39m[1m[2m    3.03 kB[22m[1m[22m[2m │ gzip:   1.07 kB[22m
[2mdist/[22m[2massets/[22m[36msearchDiscard-DJK5_eLM.js                 [39m[1m[2m    3.05 kB[22m[1m[22m[2m │ gzip:   1.58 kB[22m
[2mdist/[22m[2massets/[22m[36mnbaCareerTraining-BmMii-QF.js             [39m[1m[2m    3.05 kB[22m[1m[22m[2m │ gzip:   1.62 kB[22m
[2mdist/[22m[2massets/[22m[36mdailySaveShapes-CmYZfx9m.js               [39m[1m[2m    3.05 kB[22m[1m[22m[2m │ gzip:   1.46 kB[22m
[2mdist/[22m[2massets/[22m[36mconquestDataNhl-BBvewyKz.js               [39m[1m[2m    3.06 kB[22m[1m[22m[2m │ gzip:   1.26 kB[22m
[2mdist/[22m[2massets/[22m[36mtennisHLPlayers-DIbH8knL.js               [39m[1m[2m    3.07 kB[22m[1m[22m[2m │ gzip:   0.88 kB[22m
[2mdist/[22m[2massets/[22m[36mconquestMapGeometry-DMIJk1yA.js           [39m[1m[2m    3.10 kB[22m[1m[22m[2m │ gzip:   1.42 kB[22m
[2mdist/[22m[2massets/[22m[36mlocalLineupEval-DwkFmls1.js               [39m[1m[2m    3.11 kB[22m[1m[22m[2m │ gzip:   1.50 kB[22m
[2mdist/[22m[2massets/[22m[36museDailyPuzzle-a_T9t7Gl.js                [39m[1m[2m    3.13 kB[22m[1m[22m[2m │ gzip:   1.37 kB[22m
[2mdist/[22m[2massets/[22m[36mFarewellCard-CDZReKUH.js                  [39m[1m[2m    3.15 kB[22m[1m[22m[2m │ gzip:   1.49 kB[22m
[2mdist/[22m[2massets/[22m[36mtabs-Cp9H8NfQ.js                          [39m[1m[2m    3.19 kB[22m[1m[22m[2m │ gzip:   1.35 kB[22m
[2mdist/[22m[2massets/[22m[36mNbaGauntletDraft-DScdsPpM.js              [39m[1m[2m    3.23 kB[22m[1m[22m[2m │ gzip:   1.57 kB[22m
[2mdist/[22m[2massets/[22m[36mGridBoard-DVKQtigS.js                     [39m[1m[2m    3.25 kB[22m[1m[22m[2m │ gzip:   1.23 kB[22m
[2mdist/[22m[2massets/[22m[36mdealPlayers-Cda-_aLS.js                   [39m[1m[2m    3.27 kB[22m[1m[22m[2m │ gzip:   1.88 kB[22m
[2mdist/[22m[2massets/[22m[36mContact-D1tblGMg.js                       [39m[1m[2m    3.37 kB[22m[1m[22m[2m │ gzip:   1.35 kB[22m
[2mdist/[22m[2massets/[22m[36mAcademyLegacyPanel-DEjcEC-u.js            [39m[1m[2m    3.43 kB[22m[1m[22m[2m │ gzip:   1.42 kB[22m
[2mdist/[22m[2massets/[22m[36mUclGroupsCard-CSO-3yEN.js                 [39m[1m[2m    3.47 kB[22m[1m[22m[2m │ gzip:   1.61 kB[22m
[2mdist/[22m[2massets/[22m[36mmlbCareerTraining-DcCkXgMG.js             [39m[1m[2m    3.53 kB[22m[1m[22m[2m │ gzip:   1.84 kB[22m
[2mdist/[22m[2massets/[22m[36mNflGauntletDraft-C8h8qyrh.js              [39m[1m[2m    3.59 kB[22m[1m[22m[2m │ gzip:   1.71 kB[22m
[2mdist/[22m[2massets/[22m[36mnflCareerTraining-BLPpCds0.js             [39m[1m[2m    3.61 kB[22m[1m[22m[2m │ gzip:   1.83 kB[22m
[2mdist/[22m[2massets/[22m[36mdartDraft-Bnoi8_lV.js                     [39m[1m[2m    3.64 kB[22m[1m[22m[2m │ gzip:   1.82 kB[22m
[2mdist/[22m[2massets/[22m[36mVictoryMoment-BwflA2v2.js                 [39m[1m[2m    3.67 kB[22m[1m[22m[2m │ gzip:   1.29 kB[22m
[2mdist/[22m[2massets/[22m[36mnhlCareerTraining-BsvtqbBj.js             [39m[1m[2m    3.69 kB[22m[1m[22m[2m │ gzip:   1.91 kB[22m
[2mdist/[22m[2massets/[22m[36mGameNav-BHXYmkI2.js                       [39m[1m[2m    3.70 kB[22m[1m[22m[2m │ gzip:   1.72 kB[22m
[2mdist/[22m[2massets/[22m[36mResultMoment-BGKQ4SU9.js                  [39m[1m[2m    3.75 kB[22m[1m[22m[2m │ gzip:   1.41 kB[22m
[2mdist/[22m[2massets/[22m[36mManagerSlotsScreen-COf2i4rA.js            [39m[1m[2m    3.81 kB[22m[1m[22m[2m │ gzip:   1.27 kB[22m
[2mdist/[22m[2massets/[22m[36mgauntletEngine-BkPSlJ7R.js                [39m[1m[2m    3.87 kB[22m[1m[22m[2m │ gzip:   1.71 kB[22m
[2mdist/[22m[2massets/[22m[36mResetPassword-DIKu7-EG.js                 [39m[1m[2m    3.91 kB[22m[1m[22m[2m │ gzip:   1.76 kB[22m
[2mdist/[22m[2massets/[22m[36mNhlGauntletDraft-DxoUnG93.js              [39m[1m[2m    3.93 kB[22m[1m[22m[2m │ gzip:   1.78 kB[22m
[2mdist/[22m[2massets/[22m[36mDraftNightCard-D4U4wWvQ.js                [39m[1m[2m    3.94 kB[22m[1m[22m[2m │ gzip:   1.66 kB[22m
[2mdist/[22m[2massets/[22m[36mConquestMlb-nRLqWhQt.js                   [39m[1m[2m    3.95 kB[22m[1m[22m[2m │ gzip:   1.88 kB[22m
[2mdist/[22m[2massets/[22m[36mMiniPitch-D8DPI4ol.js                     [39m[1m[2m    3.98 kB[22m[1m[22m[2m │ gzip:   2.01 kB[22m
[2mdist/[22m[2massets/[22m[36mConquestNhl-5vq5D-3I.js                   [39m[1m[2m    3.99 kB[22m[1m[22m[2m │ gzip:   1.90 kB[22m
[2mdist/[22m[2massets/[22m[36mStartOptionsScreen-CJ_w-udX.js            [39m[1m[2m    3.99 kB[22m[1m[22m[2m │ gzip:   1.52 kB[22m
[2mdist/[22m[2massets/[22m[36mFacilitiesScreen-Dt-vh2bQ.js              [39m[1m[2m    4.06 kB[22m[1m[22m[2m │ gzip:   1.86 kB[22m
[2mdist/[22m[2massets/[22m[36musCareerFreeAgency-_7gDtE9W.js            [39m[1m[2m    4.10 kB[22m[1m[22m[2m │ gzip:   1.91 kB[22m
[2mdist/[22m[2massets/[22m[36mgridEngine-Bj1I7i1-.js                    [39m[1m[2m    4.13 kB[22m[1m[22m[2m │ gzip:   1.90 kB[22m
[2mdist/[22m[2massets/[22m[36mPacksPanel-BKs2913N.js                    [39m[1m[2m    4.36 kB[22m[1m[22m[2m │ gzip:   1.70 kB[22m
[2mdist/[22m[2massets/[22m[36mmlbHLPlayers-DHB7Z7Uh.js                  [39m[1m[2m    4.45 kB[22m[1m[22m[2m │ gzip:   1.12 kB[22m
[2mdist/[22m[2massets/[22m[36mXpScreen-BltJjTKQ.js                      [39m[1m[2m    4.57 kB[22m[1m[22m[2m │ gzip:   2.01 kB[22m
[2mdist/[22m[2massets/[22m[36mPressScreen-qUQO-QHr.js                   [39m[1m[2m    4.57 kB[22m[1m[22m[2m │ gzip:   1.90 kB[22m
[2mdist/[22m[2massets/[22m[36mperfectSeason-nILIEt1c.js                 [39m[1m[2m    4.61 kB[22m[1m[22m[2m │ gzip:   2.11 kB[22m
[2mdist/[22m[2massets/[22m[36mRecords--MBoyqLj.js                       [39m[1m[2m    4.76 kB[22m[1m[22m[2m │ gzip:   1.79 kB[22m
[2mdist/[22m[2massets/[22m[36mthroughBallDrill-B9fNBoXH.js              [39m[1m[2m    4.78 kB[22m[1m[22m[2m │ gzip:   2.31 kB[22m
[2mdist/[22m[2massets/[22m[36mUclBracketCard-B-dkuaOC.js                [39m[1m[2m    4.79 kB[22m[1m[22m[2m │ gzip:   1.96 kB[22m
[2mdist/[22m[2massets/[22m[36mShootoutKicks-BSryfHOj.js                 [39m[1m[2m    4.93 kB[22m[1m[22m[2m │ gzip:   2.07 kB[22m
[2mdist/[22m[2massets/[22m[36mchampOrNot-cUvZetFL.js                    [39m[1m[2m    4.98 kB[22m[1m[22m[2m │ gzip:   1.77 kB[22m
[2mdist/[22m[2massets/[22m[36maflGoalKickers-BGnz1-kA.js                [39m[1m[2m    5.10 kB[22m[1m[22m[2m │ gzip:   1.41 kB[22m
[2mdist/[22m[2massets/[22m[36mf1HLDrivers-81Ps6THm.js                   [39m[1m[2m    5.13 kB[22m[1m[22m[2m │ gzip:   1.31 kB[22m
[2mdist/[22m[2massets/[22m[36mAccessibility-Z-kreIQ_.js                 [39m[1m[2m    5.17 kB[22m[1m[22m[2m │ gzip:   2.11 kB[22m
[2mdist/[22m[2massets/[22m[36mnbaPerfectLineupPool-CcCQ221O.js          [39m[1m[2m    5.24 kB[22m[1m[22m[2m │ gzip:   1.59 kB[22m
[2mdist/[22m[2massets/[22m[36msoundKit-DdTRYjGT.js                      [39m[1m[2m    5.32 kB[22m[1m[22m[2m │ gzip:   2.43 kB[22m
[2mdist/[22m[2massets/[22m[36mguideShape-Biy2H2Qg.js                    [39m[1m[2m    5.40 kB[22m[1m[22m[2m │ gzip:   1.69 kB[22m
[2mdist/[22m[2massets/[22m[36mwc2026Results-bxFApXs8.js                 [39m[1m[2m    5.44 kB[22m[1m[22m[2m │ gzip:   1.24 kB[22m
[2mdist/[22m[2massets/[22m[36mHallOfFameCard-B12uyV9D.js                [39m[1m[2m    5.45 kB[22m[1m[22m[2m │ gzip:   2.25 kB[22m
[2mdist/[22m[2massets/[22m[36mbadges-h2Ouir88.js                        [39m[1m[2m    5.77 kB[22m[1m[22m[2m │ gzip:   2.29 kB[22m
[2mdist/[22m[2massets/[22m[36mFlagImg-BdrGTv2b.js                       [39m[1m[2m    5.84 kB[22m[1m[22m[2m │ gzip:   2.98 kB[22m
[2mdist/[22m[2massets/[22m[36mmanagerOffers-Mi85K8qd.js                 [39m[1m[2m    5.87 kB[22m[1m[22m[2m │ gzip:   2.70 kB[22m
[2mdist/[22m[2massets/[22m[36mcareerRivalryChoices-CFxfmw-_.js          [39m[1m[2m    5.93 kB[22m[1m[22m[2m │ gzip:   2.41 kB[22m
[2mdist/[22m[2massets/[22m[36mWorldEditorScreen-Cq7fVL_u.js             [39m[1m[2m    5.94 kB[22m[1m[22m[2m │ gzip:   2.33 kB[22m
[2mdist/[22m[2massets/[22m[36mcfbHLPlayers-TgDMTX1-.js                  [39m[1m[2m    6.03 kB[22m[1m[22m[2m │ gzip:   1.62 kB[22m
[2mdist/[22m[2massets/[22m[36msoccerCareerAppearance-BF4Z2JDW.js        [39m[1m[2m    6.14 kB[22m[1m[22m[2m │ gzip:   2.56 kB[22m
[2mdist/[22m[2massets/[22m[36mUsSeasonCentre-BvgaUa0o.js                [39m[1m[2m    6.19 kB[22m[1m[22m[2m │ gzip:   2.87 kB[22m
[2mdist/[22m[2massets/[22m[36mWorldTablesCard-DWSKkH7C.js               [39m[1m[2m    6.25 kB[22m[1m[22m[2m │ gzip:   2.50 kB[22m
[2mdist/[22m[2massets/[22m[36mHigherLowerTransfers-CRmjWanW.js          [39m[1m[2m    6.31 kB[22m[1m[22m[2m │ gzip:   2.83 kB[22m
[2mdist/[22m[2massets/[22m[36mPerfectLineupF1-JBI3pot1.js               [39m[1m[2m    6.34 kB[22m[1m[22m[2m │ gzip:   2.21 kB[22m
[2mdist/[22m[2massets/[22m[36mHalftimeScreen-D5HcsgT4.js                [39m[1m[2m    6.39 kB[22m[1m[22m[2m │ gzip:   2.27 kB[22m
[2mdist/[22m[2massets/[22m[36mgolfLegends-wbmLaE0U.js                   [39m[1m[2m    6.42 kB[22m[1m[22m[2m │ gzip:   1.43 kB[22m
[2mdist/[22m[2massets/[22m[36mFirstTeamPanel-CC9KwrNO.js                [39m[1m[2m    6.43 kB[22m[1m[22m[2m │ gzip:   2.34 kB[22m
[2mdist/[22m[2massets/[22m[36mCupBracketCard-DyCsk_vx.js                [39m[1m[2m    6.52 kB[22m[1m[22m[2m │ gzip:   2.81 kB[22m
[2mdist/[22m[2massets/[22m[36mPlayerAutocomplete-PWKfnXZ_.js            [39m[1m[2m    6.63 kB[22m[1m[22m[2m │ gzip:   2.85 kB[22m
[2mdist/[22m[2massets/[22m[36mhockeyHLPlayers-BftZ_j6A.js               [39m[1m[2m    6.65 kB[22m[1m[22m[2m │ gzip:   1.44 kB[22m
[2mdist/[22m[2massets/[22m[36mAbout-D8sQBsth.js                         [39m[1m[2m    6.74 kB[22m[1m[22m[2m │ gzip:   2.55 kB[22m
[2mdist/[22m[2massets/[22m[36mwhoAmI-Uy2REPz0.js                        [39m[1m[2m    6.83 kB[22m[1m[22m[2m │ gzip:   2.84 kB[22m
[2mdist/[22m[2massets/[22m[36mGameSeoContent-DUcWABuD.js                [39m[1m[2m    6.83 kB[22m[1m[22m[2m │ gzip:   2.28 kB[22m
[2mdist/[22m[2massets/[22m[36mHomelandSelect-BohiZzBT.js                [39m[1m[2m    6.84 kB[22m[1m[22m[2m │ gzip:   2.64 kB[22m
[2mdist/[22m[2massets/[22m[36mBootRoom-BE-goFZ9.js                      [39m[1m[2m    6.84 kB[22m[1m[22m[2m │ gzip:   2.57 kB[22m
[2mdist/[22m[2massets/[22m[36mPerfectLineupNhl-D-cJFXFF.js              [39m[1m[2m    6.89 kB[22m[1m[22m[2m │ gzip:   2.43 kB[22m
[2mdist/[22m[2massets/[22m[36mManagerForm-35RWhfn0.js                   [39m[1m[2m    6.93 kB[22m[1m[22m[2m │ gzip:   2.37 kB[22m
[2mdist/[22m[2massets/[22m[36mMatchCentre-BiGRs2JG.js                   [39m[1m[2m    7.00 kB[22m[1m[22m[2m │ gzip:   2.25 kB[22m
[2mdist/[22m[2massets/[22m[36mGauntletBoard-BGnf9y0d.js                 [39m[1m[2m    7.12 kB[22m[1m[22m[2m │ gzip:   2.69 kB[22m
[2mdist/[22m[2massets/[22m[36mClubDetailScreen-fpe3wywt.js              [39m[1m[2m    7.15 kB[22m[1m[22m[2m │ gzip:   2.36 kB[22m
[2mdist/[22m[2massets/[22m[36mplayerSearch-C_tiQVb1.js                  [39m[1m[2m    7.40 kB[22m[1m[22m[2m │ gzip:   2.85 kB[22m
[2mdist/[22m[2massets/[22m[36mnba-BcxkfBwe.js                           [39m[1m[2m    7.58 kB[22m[1m[22m[2m │ gzip:   3.66 kB[22m
[2mdist/[22m[2massets/[22m[36mus-Dw0wJAWx.js                            [39m[1m[2m    7.81 kB[22m[1m[22m[2m │ gzip:   3.61 kB[22m
[2mdist/[22m[2massets/[22m[36mSearch-2c0HBpu5.js                        [39m[1m[2m    7.87 kB[22m[1m[22m[2m │ gzip:   2.93 kB[22m
[2mdist/[22m[2massets/[22m[36mnbaHLPlayers-KSI796bW.js                  [39m[1m[2m    8.05 kB[22m[1m[22m[2m │ gzip:   2.21 kB[22m
[2mdist/[22m[2massets/[22m[36mGuessTheGolfer-GIyjiXC2.js                [39m[1m[2m    8.08 kB[22m[1m[22m[2m │ gzip:   3.45 kB[22m
[2mdist/[22m[2massets/[22m[36mSeasonRatings-DaD-1Kji.js                 [39m[1m[2m    8.10 kB[22m[1m[22m[2m │ gzip:   3.04 kB[22m
[2mdist/[22m[2massets/[22m[36mPitchSurface-B09MWf_a.js                  [39m[1m[2m    8.20 kB[22m[1m[22m[2m │ gzip:   3.56 kB[22m
[2mdist/[22m[2massets/[22m[36mInboxCard-BJmLdplQ.js                     [39m[1m[2m    8.54 kB[22m[1m[22m[2m │ gzip:   2.94 kB[22m
[2mdist/[22m[2massets/[22m[36maussieRulesManagement-4TlVLY3z.js         [39m[1m[2m    8.56 kB[22m[1m[22m[2m │ gzip:   3.64 kB[22m
[2mdist/[22m[2massets/[22m[36mRolesScreen-doUwRmGX.js                   [39m[1m[2m    8.57 kB[22m[1m[22m[2m │ gzip:   2.82 kB[22m
[2mdist/[22m[2massets/[22m[36mRecordPage-CfJSufsY.js                    [39m[1m[2m    8.60 kB[22m[1m[22m[2m │ gzip:   2.52 kB[22m
[2mdist/[22m[2massets/[22m[36macademyManagement-DZZqTLIl.js             [39m[1m[2m    8.66 kB[22m[1m[22m[2m │ gzip:   3.51 kB[22m
[2mdist/[22m[2massets/[22m[36mMlbHigherLower-CYzbrLCP.js                [39m[1m[2m    8.80 kB[22m[1m[22m[2m │ gzip:   3.72 kB[22m
[2mdist/[22m[2massets/[22m[36mHomeArt-DIKf9XeW.js                       [39m[1m[2m    8.86 kB[22m[1m[22m[2m │ gzip:   2.64 kB[22m
[2mdist/[22m[2massets/[22m[36mF1HigherLower-CYad94r3.js                 [39m[1m[2m    8.86 kB[22m[1m[22m[2m │ gzip:   3.71 kB[22m
[2mdist/[22m[2massets/[22m[36mTennisHigherLower-CygctYmU.js             [39m[1m[2m    8.88 kB[22m[1m[22m[2m │ gzip:   3.75 kB[22m
[2mdist/[22m[2massets/[22m[36mAflHigherLower-BtdkoeLN.js                [39m[1m[2m    8.89 kB[22m[1m[22m[2m │ gzip:   3.78 kB[22m
[2mdist/[22m[2massets/[22m[36mCfbHigherLower-rqteE1md.js                [39m[1m[2m    8.91 kB[22m[1m[22m[2m │ gzip:   3.74 kB[22m
[2mdist/[22m[2massets/[22m[36mNbaHigherLower-rn5gxiLZ.js                [39m[1m[2m    8.92 kB[22m[1m[22m[2m │ gzip:   3.71 kB[22m
[2mdist/[22m[2massets/[22m[36mGolfHigherLower-Bb_O03Rj.js               [39m[1m[2m    8.95 kB[22m[1m[22m[2m │ gzip:   3.80 kB[22m
[2mdist/[22m[2massets/[22m[36mTrainingScreen-D7RyNlza.js                [39m[1m[2m    9.17 kB[22m[1m[22m[2m │ gzip:   3.08 kB[22m
[2mdist/[22m[2massets/[22m[36mgmStaff-CQgWbtVe.js                       [39m[1m[2m    9.22 kB[22m[1m[22m[2m │ gzip:   3.90 kB[22m
[2mdist/[22m[2massets/[22m[36mNflHigherLower-UxU5wu_5.js                [39m[1m[2m    9.23 kB[22m[1m[22m[2m │ gzip:   3.84 kB[22m
[2mdist/[22m[2massets/[22m[36mHomeAbout-BlY-rCbl.js                     [39m[1m[2m    9.39 kB[22m[1m[22m[2m │ gzip:   3.71 kB[22m
[2mdist/[22m[2massets/[22m[36mPollOfTheDay-Dsumq9-x.js                  [39m[1m[2m    9.56 kB[22m[1m[22m[2m │ gzip:   4.18 kB[22m
[2mdist/[22m[2massets/[22m[36mWorldCup2026Results-BsAl66lo.js           [39m[1m[2m    9.57 kB[22m[1m[22m[2m │ gzip:   3.17 kB[22m
[2mdist/[22m[2massets/[22m[36mStaffScreen-BiM8Pnqw.js                   [39m[1m[2m    9.71 kB[22m[1m[22m[2m │ gzip:   3.49 kB[22m
[2mdist/[22m[2massets/[22m[36mPackBattle-D1oU2ZVI.js                    [39m[1m[2m   10.31 kB[22m[1m[22m[2m │ gzip:   4.18 kB[22m
[2mdist/[22m[2massets/[22m[36mGameNavbar-BojJnDeo.js                    [39m[1m[2m   10.36 kB[22m[1m[22m[2m │ gzip:   3.79 kB[22m
[2mdist/[22m[2massets/[22m[36mTermsOfService-jYtSUS6R.js                [39m[1m[2m   10.46 kB[22m[1m[22m[2m │ gzip:   3.56 kB[22m
[2mdist/[22m[2massets/[22m[36mClubManagerSeasonSummary-CigMMVKq.js      [39m[1m[2m   10.97 kB[22m[1m[22m[2m │ gzip:   3.55 kB[22m
[2mdist/[22m[2massets/[22m[36mHockeyGrid-sx6a_Dgy.js                    [39m[1m[2m   11.01 kB[22m[1m[22m[2m │ gzip:   4.15 kB[22m
[2mdist/[22m[2massets/[22m[36mAdminReports-BU-NaIrA.js                  [39m[1m[2m   11.01 kB[22m[1m[22m[2m │ gzip:   3.94 kB[22m
[2mdist/[22m[2massets/[22m[36mCustomClubForm-C_qTboIa.js                [39m[1m[2m   11.06 kB[22m[1m[22m[2m │ gzip:   3.23 kB[22m
[2mdist/[22m[2massets/[22m[36mGauntletDraft-vJ17LYr9.js                 [39m[1m[2m   11.07 kB[22m[1m[22m[2m │ gzip:   4.25 kB[22m
[2mdist/[22m[2massets/[22m[36mQuizBoard-BZDyfN_q.js                     [39m[1m[2m   11.13 kB[22m[1m[22m[2m │ gzip:   4.76 kB[22m
[2mdist/[22m[2massets/[22m[36mStatsScreen-mCwBCcXO.js                   [39m[1m[2m   11.13 kB[22m[1m[22m[2m │ gzip:   2.99 kB[22m
[2mdist/[22m[2massets/[22m[36mfightCareer-DFz8n-Ta.js                   [39m[1m[2m   11.14 kB[22m[1m[22m[2m │ gzip:   4.92 kB[22m
[2mdist/[22m[2massets/[22m[36mMlbGrid-Yxt7Yq6l.js                       [39m[1m[2m   11.17 kB[22m[1m[22m[2m │ gzip:   4.26 kB[22m
[2mdist/[22m[2massets/[22m[36mAcademyScreen-DIB7iSVT.js                 [39m[1m[2m   11.42 kB[22m[1m[22m[2m │ gzip:   3.64 kB[22m
[2mdist/[22m[2massets/[22m[36mShareButtons-CdOvRrV7.js                  [39m[1m[2m   11.64 kB[22m[1m[22m[2m │ gzip:   4.53 kB[22m
[2mdist/[22m[2massets/[22m[36mBallIq-LzTInRMy.js                        [39m[1m[2m   11.71 kB[22m[1m[22m[2m │ gzip:   4.68 kB[22m
[2mdist/[22m[2massets/[22m[36mHockeyHigherLower-BQmw9-s8.js             [39m[1m[2m   11.83 kB[22m[1m[22m[2m │ gzip:   4.34 kB[22m
[2mdist/[22m[2massets/[22m[36mSearchAndDiscard-B5Z4M9e7.js              [39m[1m[2m   11.91 kB[22m[1m[22m[2m │ gzip:   4.67 kB[22m
[2mdist/[22m[2massets/[22m[36mChampionsLeagueFormatHistory-CkM8dUvD.js  [39m[1m[2m   12.02 kB[22m[1m[22m[2m │ gzip:   3.91 kB[22m
[2mdist/[22m[2massets/[22m[36mGenericLineupBoard-BouZonaU.js            [39m[1m[2m   12.17 kB[22m[1m[22m[2m │ gzip:   4.44 kB[22m
[2mdist/[22m[2massets/[22m[36mFinancesScreen-k14iL7M9.js                [39m[1m[2m   12.23 kB[22m[1m[22m[2m │ gzip:   3.38 kB[22m
[2mdist/[22m[2massets/[22m[36muclFormatHistory-DwuhruDw.js              [39m[1m[2m   12.33 kB[22m[1m[22m[2m │ gzip:   3.47 kB[22m
[2mdist/[22m[2massets/[22m[36mCalendarScreen-dW944GEI.js                [39m[1m[2m   12.61 kB[22m[1m[22m[2m │ gzip:   4.40 kB[22m
[2mdist/[22m[2massets/[22m[36mLeaderboard-GdlAbPYK.js                   [39m[1m[2m   12.66 kB[22m[1m[22m[2m │ gzip:   4.30 kB[22m
[2mdist/[22m[2massets/[22m[36mNbaGrid-N_OlfPvK.js                       [39m[1m[2m   12.76 kB[22m[1m[22m[2m │ gzip:   4.77 kB[22m
[2mdist/[22m[2massets/[22m[36mFootballTimeline-ClfVRTUu.js              [39m[1m[2m   12.77 kB[22m[1m[22m[2m │ gzip:   4.26 kB[22m
[2mdist/[22m[2massets/[22m[36mSetPieceBoard-8N3EaHlM.js                 [39m[1m[2m   12.97 kB[22m[1m[22m[2m │ gzip:   5.25 kB[22m
[2mdist/[22m[2massets/[22m[36mnflHLCategories-DOyYzQVv.js               [39m[1m[2m   13.14 kB[22m[1m[22m[2m │ gzip:   3.65 kB[22m
[2mdist/[22m[2massets/[22m[36mintlNames-sa3xt8QC.js                     [39m[1m[2m   13.18 kB[22m[1m[22m[2m │ gzip:   6.17 kB[22m
[2mdist/[22m[2massets/[22m[36mHigherLower-b_KLwFYi.js                   [39m[1m[2m   13.41 kB[22m[1m[22m[2m │ gzip:   4.82 kB[22m
[2mdist/[22m[2massets/[22m[36mMysteryBox-Bjjz6VNq.js                    [39m[1m[2m   13.47 kB[22m[1m[22m[2m │ gzip:   5.29 kB[22m
[2mdist/[22m[2massets/[22m[36mShirtNumber-D-7-oSSE.js                   [39m[1m[2m   13.51 kB[22m[1m[22m[2m │ gzip:   5.25 kB[22m
[2mdist/[22m[2massets/[22m[36mNflMyCareer-CJCRSlV7.js                   [39m[1m[2m   13.75 kB[22m[1m[22m[2m │ gzip:   6.06 kB[22m
[2mdist/[22m[2massets/[22m[36mTennisChain-CcJmaKlx.js                   [39m[1m[2m   13.78 kB[22m[1m[22m[2m │ gzip:   4.94 kB[22m
[2mdist/[22m[2massets/[22m[36mstadiumManagement-a4ZEwMzG.js             [39m[1m[2m   13.81 kB[22m[1m[22m[2m │ gzip:   5.38 kB[22m
[2mdist/[22m[2massets/[22m[36mNascarChain-CYSCSZAx.js                   [39m[1m[2m   13.86 kB[22m[1m[22m[2m │ gzip:   4.93 kB[22m
[2mdist/[22m[2massets/[22m[36mSilverwareSort-DOumOadG.js                [39m[1m[2m   13.95 kB[22m[1m[22m[2m │ gzip:   5.38 kB[22m
[2mdist/[22m[2massets/[22m[36mMlbConnect4-DKIm6k2h.js                   [39m[1m[2m   14.06 kB[22m[1m[22m[2m │ gzip:   5.31 kB[22m
[2mdist/[22m[2massets/[22m[36mNhlConnect4-BiZPh16M.js                   [39m[1m[2m   14.13 kB[22m[1m[22m[2m │ gzip:   5.32 kB[22m
[2mdist/[22m[2massets/[22m[36mCbbGrid-Bjq9O48R.js                       [39m[1m[2m   14.20 kB[22m[1m[22m[2m │ gzip:   5.64 kB[22m
[2mdist/[22m[2massets/[22m[36mWhodTheyBeat-CwIJDxDc.js                  [39m[1m[2m   14.23 kB[22m[1m[22m[2m │ gzip:   5.59 kB[22m
[2mdist/[22m[2massets/[22m[36mNflConnect4-DN6zF8Ln.js                   [39m[1m[2m   14.43 kB[22m[1m[22m[2m │ gzip:   5.37 kB[22m
[2mdist/[22m[2massets/[22m[36mFootballGrid-DtS3eb4N.js                  [39m[1m[2m   14.44 kB[22m[1m[22m[2m │ gzip:   5.49 kB[22m
[2mdist/[22m[2massets/[22m[36mContractsCard-D6EVjEYF.js                 [39m[1m[2m   14.73 kB[22m[1m[22m[2m │ gzip:   4.59 kB[22m
[2mdist/[22m[2massets/[22m[36mAlphabetSprint-DK_Nby2T.js                [39m[1m[2m   14.97 kB[22m[1m[22m[2m │ gzip:   5.82 kB[22m
[2mdist/[22m[2massets/[22m[36mPlayerAvatar-BJI9h0KU.js                  [39m[1m[2m   15.16 kB[22m[1m[22m[2m │ gzip:   3.93 kB[22m
[2mdist/[22m[2massets/[22m[36mNflConnections-4Dv0ayCF.js                [39m[1m[2m   15.25 kB[22m[1m[22m[2m │ gzip:   5.73 kB[22m
[2mdist/[22m[2massets/[22m[36musStatesPaths-DfX_GtuE.js                 [39m[1m[2m   15.67 kB[22m[1m[22m[2m │ gzip:   5.35 kB[22m
[2mdist/[22m[2massets/[22m[36mCareerSeasonReview-B6e7SamX.js            [39m[1m[2m   15.77 kB[22m[1m[22m[2m │ gzip:   4.48 kB[22m
[2mdist/[22m[2massets/[22m[36mNbaChain-rtj2JI5R.js                      [39m[1m[2m   16.01 kB[22m[1m[22m[2m │ gzip:   6.11 kB[22m
[2mdist/[22m[2massets/[22m[36mCareerGame-BU57THuJ.js                    [39m[1m[2m   16.06 kB[22m[1m[22m[2m │ gzip:   6.08 kB[22m
[2mdist/[22m[2massets/[22m[36mNbaConnect4-Cm2d8dZW.js                   [39m[1m[2m   16.16 kB[22m[1m[22m[2m │ gzip:   5.91 kB[22m
[2mdist/[22m[2massets/[22m[36mConquestActionScene-tRsylAAg.js           [39m[1m[2m   16.54 kB[22m[1m[22m[2m │ gzip:   6.80 kB[22m
[2mdist/[22m[2massets/[22m[36mGuessCbbTeam-bZW1eWhW.js                  [39m[1m[2m   16.63 kB[22m[1m[22m[2m │ gzip:   6.15 kB[22m
[2mdist/[22m[2massets/[22m[36msiteSearch-xuTku1Mh.js                    [39m[1m[2m   16.78 kB[22m[1m[22m[2m │ gzip:   6.81 kB[22m
[2mdist/[22m[2massets/[22m[36mGuessTennisPlayer-B1KZVYD9.js             [39m[1m[2m   16.91 kB[22m[1m[22m[2m │ gzip:   6.03 kB[22m
[2mdist/[22m[2massets/[22m[36mNflPlayoffFormatHistory-CkkGugeL.js       [39m[1m[2m   17.04 kB[22m[1m[22m[2m │ gzip:   5.58 kB[22m
[2mdist/[22m[2massets/[22m[36mThroughBallBoard-B-lnkahz.js              [39m[1m[2m   17.06 kB[22m[1m[22m[2m │ gzip:   6.33 kB[22m
[2mdist/[22m[2massets/[22m[36mcareerLadder-BjsdIBei.js                  [39m[1m[2m   17.39 kB[22m[1m[22m[2m │ gzip:   6.56 kB[22m
[2mdist/[22m[2massets/[22m[36mcore-D0aTq49I.js                          [39m[1m[2m   18.21 kB[22m[1m[22m[2m │ gzip:   7.37 kB[22m
[2mdist/[22m[2massets/[22m[36mSeasonVerdict-rjGPvWSF.js                 [39m[1m[2m   18.29 kB[22m[1m[22m[2m │ gzip:   7.39 kB[22m
[2mdist/[22m[2massets/[22m[36mMlbPostseasonFormatHistory-CoIwoY2P.js    [39m[1m[2m   18.30 kB[22m[1m[22m[2m │ gzip:   5.64 kB[22m
[2mdist/[22m[2massets/[22m[36msquadDeal-B9OCgR3Q.js                     [39m[1m[2m   18.35 kB[22m[1m[22m[2m │ gzip:   7.43 kB[22m
[2mdist/[22m[2massets/[22m[36mWhoAmI-C2CXWQRk.js                        [39m[1m[2m   18.77 kB[22m[1m[22m[2m │ gzip:   5.96 kB[22m
[2mdist/[22m[2massets/[22m[36mScorePredictor-BXW4zJ4W.js                [39m[1m[2m   18.80 kB[22m[1m[22m[2m │ gzip:   6.52 kB[22m
[2mdist/[22m[2massets/[22m[36mSquadScreen-CZRZ6PxV.js                   [39m[1m[2m   18.85 kB[22m[1m[22m[2m │ gzip:   6.78 kB[22m
[2mdist/[22m[2massets/[22m[36mnhlFoPlayers-j0YE08i0.js                  [39m[1m[2m   19.06 kB[22m[1m[22m[2m │ gzip:   5.46 kB[22m
[2mdist/[22m[2massets/[22m[36mPlayerStockMarket-8ZdEx9cf.js             [39m[1m[2m   19.19 kB[22m[1m[22m[2m │ gzip:   7.07 kB[22m
[2mdist/[22m[2massets/[22m[36msoccerMoments-D4onngJW.js                 [39m[1m[2m   19.24 kB[22m[1m[22m[2m │ gzip:   8.05 kB[22m
[2mdist/[22m[2massets/[22m[36mPrivacyPolicy-B2jcagZI.js                 [39m[1m[2m   19.35 kB[22m[1m[22m[2m │ gzip:   6.00 kB[22m
[2mdist/[22m[2massets/[22m[36mWorldXi-DO6ANZat.js                       [39m[1m[2m   19.65 kB[22m[1m[22m[2m │ gzip:   6.73 kB[22m
[2mdist/[22m[2massets/[22m[36mClubManagerCareerPanel-DJ4yUQ7d.js        [39m[1m[2m   19.67 kB[22m[1m[22m[2m │ gzip:   5.81 kB[22m
[2mdist/[22m[2massets/[22m[36mNbaStatLine-BTneh4nv.js                   [39m[1m[2m   19.82 kB[22m[1m[22m[2m │ gzip:   7.36 kB[22m
[2mdist/[22m[2massets/[22m[36mfootleEnrichment-BOt-YWCc.js              [39m[1m[2m   19.95 kB[22m[1m[22m[2m │ gzip:   5.57 kB[22m
[2mdist/[22m[2massets/[22m[36mClueAuction-CSkyNx5o.js                   [39m[1m[2m   20.01 kB[22m[1m[22m[2m │ gzip:   7.26 kB[22m
[2mdist/[22m[2massets/[22m[36mHofOrBust-CEkYaa6l.js                     [39m[1m[2m   20.06 kB[22m[1m[22m[2m │ gzip:   7.24 kB[22m
[2mdist/[22m[2massets/[22m[36mPuckDetective-7T1bke3n.js                 [39m[1m[2m   20.06 kB[22m[1m[22m[2m │ gzip:   7.41 kB[22m
[2mdist/[22m[2massets/[22m[36mUsCareerPractice-D0zfsVoE.js              [39m[1m[2m   20.18 kB[22m[1m[22m[2m │ gzip:   5.88 kB[22m
[2mdist/[22m[2massets/[22m[36museTycoonRewards-CvNvXGf_.js              [39m[1m[2m   20.27 kB[22m[1m[22m[2m │ gzip:   7.63 kB[22m
[2mdist/[22m[2massets/[22m[36mSquadSheet-CNlh04fm.js                    [39m[1m[2m   20.38 kB[22m[1m[22m[2m │ gzip:   7.43 kB[22m
[2mdist/[22m[2massets/[22m[36mGuessTheNation-DTONotk_.js                [39m[1m[2m   20.67 kB[22m[1m[22m[2m │ gzip:   7.20 kB[22m
[2mdist/[22m[2massets/[22m[36mPerfectSeasonMlb-DwCs3WbJ.js              [39m[1m[2m   20.79 kB[22m[1m[22m[2m │ gzip:   7.40 kB[22m
[2mdist/[22m[2massets/[22m[36msoccerInternational-FiWGI8ks.js           [39m[1m[2m   21.07 kB[22m[1m[22m[2m │ gzip:   7.67 kB[22m
[2mdist/[22m[2massets/[22m[36mAcademyPanel-VXKT9bpi.js                  [39m[1m[2m   21.07 kB[22m[1m[22m[2m │ gzip:   7.74 kB[22m
[2mdist/[22m[2massets/[22m[36mselect-Ib9nAWoV.js                        [39m[1m[2m   21.29 kB[22m[1m[22m[2m │ gzip:   7.41 kB[22m
[2mdist/[22m[2massets/[22m[36mBudgetBuilder-CNFGnU_W.js                 [39m[1m[2m   21.57 kB[22m[1m[22m[2m │ gzip:   7.45 kB[22m
[2mdist/[22m[2massets/[22m[36mStatDetective-VrfeGhyI.js                 [39m[1m[2m   21.61 kB[22m[1m[22m[2m │ gzip:   8.39 kB[22m
[2mdist/[22m[2massets/[22m[36mSoccerConquest-B37UCDUj.js                [39m[1m[2m   21.70 kB[22m[1m[22m[2m │ gzip:   9.19 kB[22m
[2mdist/[22m[2massets/[22m[36mMlbGauntletDraft-CvjcKi2w.js              [39m[1m[2m   21.86 kB[22m[1m[22m[2m │ gzip:   7.05 kB[22m
[2mdist/[22m[2massets/[22m[36mCbbDynasty-CzrlxZj_.js                    [39m[1m[2m   21.87 kB[22m[1m[22m[2m │ gzip:   9.11 kB[22m
[2mdist/[22m[2massets/[22m[36mSportsMillionaire-CXrQCzwI.js             [39m[1m[2m   21.92 kB[22m[1m[22m[2m │ gzip:   7.55 kB[22m
[2mdist/[22m[2massets/[22m[36mNbaConnections-CbaBQEjv.js                [39m[1m[2m   22.05 kB[22m[1m[22m[2m │ gzip:   8.25 kB[22m
[2mdist/[22m[2massets/[22m[36mNhlConnections-Blkd50AD.js                [39m[1m[2m   22.07 kB[22m[1m[22m[2m │ gzip:   8.19 kB[22m
[2mdist/[22m[2massets/[22m[36mFootballConnect4-_m6iNST5.js              [39m[1m[2m   22.25 kB[22m[1m[22m[2m │ gzip:   7.23 kB[22m
[2mdist/[22m[2massets/[22m[36mCfbDynasty-Bi-aodGa.js                    [39m[1m[2m   22.28 kB[22m[1m[22m[2m │ gzip:   9.15 kB[22m
[2mdist/[22m[2massets/[22m[36mMinefield-BjN2ahvQ.js                     [39m[1m[2m   22.45 kB[22m[1m[22m[2m │ gzip:   9.31 kB[22m
[2mdist/[22m[2massets/[22m[36mclubManagement-DcbI7CmC.js                [39m[1m[2m   22.51 kB[22m[1m[22m[2m │ gzip:   8.90 kB[22m
[2mdist/[22m[2massets/[22m[36mMatchReportCard-B6LHhnCi.js               [39m[1m[2m   22.89 kB[22m[1m[22m[2m │ gzip:   6.00 kB[22m
[2mdist/[22m[2massets/[22m[36mEmojiGuess-QXQcxa10.js                    [39m[1m[2m   23.23 kB[22m[1m[22m[2m │ gzip:   8.83 kB[22m
[2mdist/[22m[2massets/[22m[36mPerfectSeasonNhl-CbwvkfMz.js              [39m[1m[2m   23.25 kB[22m[1m[22m[2m │ gzip:   8.23 kB[22m
[2mdist/[22m[2massets/[22m[36mhigherLowerPlayers-CyK6rra4.js            [39m[1m[2m   23.57 kB[22m[1m[22m[2m │ gzip:   5.08 kB[22m
[2mdist/[22m[2massets/[22m[36mSignThePlayer-D6X2Kwhm.js                 [39m[1m[2m   23.78 kB[22m[1m[22m[2m │ gzip:   9.14 kB[22m
[2mdist/[22m[2massets/[22m[36mContractChaos-DXSQfEUz.js                 [39m[1m[2m   24.02 kB[22m[1m[22m[2m │ gzip:   9.17 kB[22m
[2mdist/[22m[2massets/[22m[36mHallOfChampions-CictR5FM.js               [39m[1m[2m   24.07 kB[22m[1m[22m[2m │ gzip:   8.21 kB[22m
[2mdist/[22m[2massets/[22m[36mSoccerSeasonCentre-BnDu_zxx.js            [39m[1m[2m   24.57 kB[22m[1m[22m[2m │ gzip:   9.83 kB[22m
[2mdist/[22m[2massets/[22m[36mManagerHotSeat-1Vd3TS8w.js                [39m[1m[2m   24.59 kB[22m[1m[22m[2m │ gzip:   7.06 kB[22m
[2mdist/[22m[2massets/[22m[36mF1Constructor-C-j1ycQg.js                 [39m[1m[2m   24.84 kB[22m[1m[22m[2m │ gzip:   8.71 kB[22m
[2mdist/[22m[2massets/[22m[36mDrillBoard-BCCrTGnK.js                    [39m[1m[2m   25.23 kB[22m[1m[22m[2m │ gzip:   9.30 kB[22m
[2mdist/[22m[2massets/[22m[36mPerfectSeasonNba-DCEc7n9e.js              [39m[1m[2m   25.61 kB[22m[1m[22m[2m │ gzip:   9.00 kB[22m
[2mdist/[22m[2massets/[22m[36mSquadDeal-LrOfWfwH.js                     [39m[1m[2m   25.91 kB[22m[1m[22m[2m │ gzip:   7.92 kB[22m
[2mdist/[22m[2massets/[22m[36mNhlPlayoffFormatHistory-D9J72PYo.js       [39m[1m[2m   25.96 kB[22m[1m[22m[2m │ gzip:   7.80 kB[22m
[2mdist/[22m[2massets/[22m[36mListQuiz-Bg-zJx5m.js                      [39m[1m[2m   26.16 kB[22m[1m[22m[2m │ gzip:   9.88 kB[22m
[2mdist/[22m[2massets/[22m[36mF1Driver-BaWpT481.js                      [39m[1m[2m   26.68 kB[22m[1m[22m[2m │ gzip:   9.63 kB[22m
[2mdist/[22m[2massets/[22m[36mRarityRound-CpoIAXtZ.js                   [39m[1m[2m   27.01 kB[22m[1m[22m[2m │ gzip:   7.83 kB[22m
[2mdist/[22m[2massets/[22m[36mNFLCareer-CsxYJCCD.js                     [39m[1m[2m   27.09 kB[22m[1m[22m[2m │ gzip:   7.47 kB[22m
[2mdist/[22m[2massets/[22m[36mFreeKick-DhDEe-uy.js                      [39m[1m[2m   27.10 kB[22m[1m[22m[2m │ gzip:   8.93 kB[22m
[2mdist/[22m[2massets/[22m[36mSoccerGrid-DA61nPIm.js                    [39m[1m[2m   27.12 kB[22m[1m[22m[2m │ gzip:   8.72 kB[22m
[2mdist/[22m[2massets/[22m[36mRankEm-D-B3MG0c.js                        [39m[1m[2m   27.20 kB[22m[1m[22m[2m │ gzip:   9.73 kB[22m
[2mdist/[22m[2massets/[22m[36mFaceOff-B2hW1l3C.js                       [39m[1m[2m   27.37 kB[22m[1m[22m[2m │ gzip:   9.32 kB[22m
[2mdist/[22m[2massets/[22m[36mNbaPlayoffFormatHistory-BXk7MPYq.js       [39m[1m[2m   27.58 kB[22m[1m[22m[2m │ gzip:   8.38 kB[22m
[2mdist/[22m[2massets/[22m[36mNbaLineup-CfjyYVBv.js                     [39m[1m[2m   27.68 kB[22m[1m[22m[2m │ gzip:   8.47 kB[22m
[2mdist/[22m[2massets/[22m[36mPlayerBingo-BHqwEM77.js                   [39m[1m[2m   28.30 kB[22m[1m[22m[2m │ gzip:  10.14 kB[22m
[2mdist/[22m[2massets/[22m[36mNbaCareer-Y88HyvFi.js                     [39m[1m[2m   28.38 kB[22m[1m[22m[2m │ gzip:   8.02 kB[22m
[2mdist/[22m[2massets/[22m[36mstadiumTycoon-Bw9HjhD7.js                 [39m[1m[2m   28.95 kB[22m[1m[22m[2m │ gzip:  10.26 kB[22m
[2mdist/[22m[2massets/[22m[36mOlympics-SzzAt4Am.js                      [39m[1m[2m   29.00 kB[22m[1m[22m[2m │ gzip:  10.26 kB[22m
[2mdist/[22m[2massets/[22m[36mSeasonReportTabs-N96pEUku.js              [39m[1m[2m   29.70 kB[22m[1m[22m[2m │ gzip:  12.03 kB[22m
[2mdist/[22m[2massets/[22m[36mCollegeDynastyBoard--I9T7eJQ.js           [39m[1m[2m   30.12 kB[22m[1m[22m[2m │ gzip:   9.01 kB[22m
[2mdist/[22m[2massets/[22m[36mFantasyDraft-C3E63unq.js                  [39m[1m[2m   30.43 kB[22m[1m[22m[2m │ gzip:   9.26 kB[22m
[2mdist/[22m[2massets/[22m[36mPerfectSeasonNfl-BuMqA2Qv.js              [39m[1m[2m   31.07 kB[22m[1m[22m[2m │ gzip:  11.19 kB[22m
[2mdist/[22m[2massets/[22m[36mChampOrNot-DzxRtk-D.js                    [39m[1m[2m   31.22 kB[22m[1m[22m[2m │ gzip:   9.64 kB[22m
[2mdist/[22m[2massets/[22m[36mGuessTheYear-DAmCuZXP.js                  [39m[1m[2m   31.26 kB[22m[1m[22m[2m │ gzip:  10.93 kB[22m
[2mdist/[22m[2massets/[22m[36mmanagerHotSeat-DnzArD0w.js                [39m[1m[2m   31.65 kB[22m[1m[22m[2m │ gzip:   6.93 kB[22m
[2mdist/[22m[2massets/[22m[36mFightGym-nS3Dga0Z.js                      [39m[1m[2m   31.96 kB[22m[1m[22m[2m │ gzip:  10.34 kB[22m
[2mdist/[22m[2massets/[22m[36mHockeyCareer-rP0f2_Qb.js                  [39m[1m[2m   32.27 kB[22m[1m[22m[2m │ gzip:   8.47 kB[22m
[2mdist/[22m[2massets/[22m[36mconquestDataNba-BDN2iDyW.js               [39m[1m[2m   32.42 kB[22m[1m[22m[2m │ gzip:   8.52 kB[22m
[2mdist/[22m[2massets/[22m[36mTrainingPanel-GqC6iIyA.js                 [39m[1m[2m   32.47 kB[22m[1m[22m[2m │ gzip:  10.10 kB[22m
[2mdist/[22m[2massets/[22m[36mBaseballCareer-B_CL_6G_.js                [39m[1m[2m   32.60 kB[22m[1m[22m[2m │ gzip:   8.72 kB[22m
[2mdist/[22m[2massets/[22m[36mCareerLadder-TddmkvT-.js                  [39m[1m[2m   32.67 kB[22m[1m[22m[2m │ gzip:  11.27 kB[22m
[2mdist/[22m[2massets/[22m[36mSportsBingo-qX6tLcna.js                   [39m[1m[2m   32.84 kB[22m[1m[22m[2m │ gzip:  10.82 kB[22m
[2mdist/[22m[2massets/[22m[36mUfcChain-BuPX6uVB.js                      [39m[1m[2m   32.97 kB[22m[1m[22m[2m │ gzip:   8.32 kB[22m
[2mdist/[22m[2massets/[22m[36mIdleArena-CXzudcRq.js                     [39m[1m[2m   33.97 kB[22m[1m[22m[2m │ gzip:  11.17 kB[22m
[2mdist/[22m[2massets/[22m[36mfrontOfficePlayers-BMdaeFxZ.js            [39m[1m[2m   34.48 kB[22m[1m[22m[2m │ gzip:   8.25 kB[22m
[2mdist/[22m[2massets/[22m[36mTeammates-D8NHfOC3.js                     [39m[1m[2m   34.85 kB[22m[1m[22m[2m │ gzip:   9.19 kB[22m
[2mdist/[22m[2massets/[22m[36mTransferPath-bE-9oxak.js                  [39m[1m[2m   35.28 kB[22m[1m[22m[2m │ gzip:  11.52 kB[22m
[2mdist/[22m[2massets/[22m[36mcollege-B_XqEHQm.js                       [39m[1m[2m   36.30 kB[22m[1m[22m[2m │ gzip:  11.81 kB[22m
[2mdist/[22m[2massets/[22m[36mclubRivalries-DuNC-DyB.js                 [39m[1m[2m   36.59 kB[22m[1m[22m[2m │ gzip:  10.58 kB[22m
[2mdist/[22m[2massets/[22m[36mTacticsScreen-DoIHEAxK.js                 [39m[1m[2m   37.07 kB[22m[1m[22m[2m │ gzip:  11.29 kB[22m
[2mdist/[22m[2massets/[22m[36mUfcGame-D73ai_AY.js                       [39m[1m[2m   37.18 kB[22m[1m[22m[2m │ gzip:   9.73 kB[22m
[2mdist/[22m[2massets/[22m[36mCollegeGrid-8-d3URcu.js                   [39m[1m[2m   37.76 kB[22m[1m[22m[2m │ gzip:   9.08 kB[22m
[2mdist/[22m[2massets/[22m[36mGuessNflTeam-B3pAcsnc.js                  [39m[1m[2m   37.83 kB[22m[1m[22m[2m │ gzip:  11.81 kB[22m
[2mdist/[22m[2massets/[22m[36mClubManagerHelp-EjdUo30v.js               [39m[1m[2m   38.04 kB[22m[1m[22m[2m │ gzip:  14.25 kB[22m
[2mdist/[22m[2massets/[22m[36mGuessNascarDriver-BmVa1aFy.js             [39m[1m[2m   39.10 kB[22m[1m[22m[2m │ gzip:   9.15 kB[22m
[2mdist/[22m[2massets/[22m[36mconquestSports-B8RfKg53.js                [39m[1m[2m   39.47 kB[22m[1m[22m[2m │ gzip:  10.82 kB[22m
[2mdist/[22m[2massets/[22m[36mTransferScreen-B_4tBXPu.js                [39m[1m[2m   39.53 kB[22m[1m[22m[2m │ gzip:  10.40 kB[22m
[2mdist/[22m[2massets/[22m[36mSeasonCentre-BfMuimKx.js                  [39m[1m[2m   39.79 kB[22m[1m[22m[2m │ gzip:  12.06 kB[22m
[2mdist/[22m[2massets/[22m[36mBuzzerBeater-zgEjnn5y.js                  [39m[1m[2m   41.87 kB[22m[1m[22m[2m │ gzip:  13.65 kB[22m
[2mdist/[22m[2massets/[22m[36mera2015-CKBLW-Gg.js                       [39m[1m[2m   43.39 kB[22m[1m[22m[2m │ gzip:  14.90 kB[22m
[2mdist/[22m[2massets/[22m[36mLineupBuilder-CogQwybq.js                 [39m[1m[2m   43.41 kB[22m[1m[22m[2m │ gzip:  14.71 kB[22m
[2mdist/[22m[2massets/[22m[36mMissingNine-Duidd-IR.js                   [39m[1m[2m   44.33 kB[22m[1m[22m[2m │ gzip:  12.36 kB[22m
[2mdist/[22m[2massets/[22m[36mMissingFive-B2O3YT8E.js                   [39m[1m[2m   44.93 kB[22m[1m[22m[2m │ gzip:  10.57 kB[22m
[2mdist/[22m[2massets/[22m[36mera2005-B29vZjuX.js                       [39m[1m[2m   45.34 kB[22m[1m[22m[2m │ gzip:  15.17 kB[22m
[2mdist/[22m[2massets/[22m[36mAppearanceBuilder-CC32KHbN.js             [39m[1m[2m   45.41 kB[22m[1m[22m[2m │ gzip:  14.39 kB[22m
[2mdist/[22m[2massets/[22m[36mera2010-YNeWL_4t.js                       [39m[1m[2m   45.62 kB[22m[1m[22m[2m │ gzip:  15.40 kB[22m
[2mdist/[22m[2massets/[22m[36mDeadlineDay-CZoA4qZQ.js                   [39m[1m[2m   45.98 kB[22m[1m[22m[2m │ gzip:  14.20 kB[22m
[2mdist/[22m[2massets/[22m[36mera2020-7P0IGSTf.js                       [39m[1m[2m   46.53 kB[22m[1m[22m[2m │ gzip:  16.08 kB[22m
[2mdist/[22m[2massets/[22m[36mBaseballConnections-CmbrvoNk.js           [39m[1m[2m   49.25 kB[22m[1m[22m[2m │ gzip:  12.37 kB[22m
[2mdist/[22m[2massets/[22m[36mnbaOpeningRatings-DmYGOL8G.js             [39m[1m[2m   50.06 kB[22m[1m[22m[2m │ gzip:   6.77 kB[22m
[2mdist/[22m[2massets/[22m[36mLiveSimScreen-Dg-Dshr3.js                 [39m[1m[2m   51.09 kB[22m[1m[22m[2m │ gzip:  16.85 kB[22m
[2mdist/[22m[2massets/[22m[36mCageClash-DCSgaN7n.js                     [39m[1m[2m   52.18 kB[22m[1m[22m[2m │ gzip:  17.15 kB[22m
[2mdist/[22m[2massets/[22m[36mFootle-CJihHTH-.js                        [39m[1m[2m   54.15 kB[22m[1m[22m[2m │ gzip:  17.14 kB[22m
[2mdist/[22m[2massets/[22m[36mConquestNba-BfWcvvkR.js                   [39m[1m[2m   54.40 kB[22m[1m[22m[2m │ gzip:  15.58 kB[22m
[2mdist/[22m[2massets/[22m[36mbaseball-D-Jqywr6.js                      [39m[1m[2m   54.43 kB[22m[1m[22m[2m │ gzip:  19.13 kB[22m
[2mdist/[22m[2massets/[22m[36mConquest-CagypZjo.js                      [39m[1m[2m   55.76 kB[22m[1m[22m[2m │ gzip:  14.86 kB[22m
[2mdist/[22m[2massets/[22m[36mMissingEleven-DUgsIKFH.js                 [39m[1m[2m   58.10 kB[22m[1m[22m[2m │ gzip:  14.87 kB[22m
[2mdist/[22m[2massets/[22m[36mSportHub-FRv-bu21.js                      [39m[1m[2m   58.52 kB[22m[1m[22m[2m │ gzip:  19.67 kB[22m
[2mdist/[22m[2massets/[22m[36mhockey-BPRc4rkB.js                        [39m[1m[2m   60.68 kB[22m[1m[22m[2m │ gzip:  21.22 kB[22m
[2mdist/[22m[2massets/[22m[36msoccer1-4EnLcQQM.js                       [39m[1m[2m   60.71 kB[22m[1m[22m[2m │ gzip:  20.36 kB[22m
[2mdist/[22m[2massets/[22m[36mfootball-DQMlnyDd.js                      [39m[1m[2m   63.60 kB[22m[1m[22m[2m │ gzip:  22.48 kB[22m
[2mdist/[22m[2massets/[22m[36mProfile-CDdqu4cw.js                       [39m[1m[2m   65.10 kB[22m[1m[22m[2m │ gzip:  20.05 kB[22m
[2mdist/[22m[2massets/[22m[36mStadiumTycoon-BXyhf3X7.js                 [39m[1m[2m   67.97 kB[22m[1m[22m[2m │ gzip:  21.60 kB[22m
[2mdist/[22m[2massets/[22m[36mFightPromoter-BcLpPvUt.js                 [39m[1m[2m   68.48 kB[22m[1m[22m[2m │ gzip:  20.85 kB[22m
[2mdist/[22m[2massets/[22m[36mclubManagerEra2015-BUxVBSOC.js            [39m[1m[2m   73.21 kB[22m[1m[22m[2m │ gzip:  21.60 kB[22m
[2mdist/[22m[2massets/[22m[36mclubManagerEra2005-DZSwQTfX.js            [39m[1m[2m   75.93 kB[22m[1m[22m[2m │ gzip:  21.84 kB[22m
[2mdist/[22m[2massets/[22m[36mImperialismBoardShared-NyMqWjov.js        [39m[1m[2m   76.06 kB[22m[1m[22m[2m │ gzip:  24.92 kB[22m
[2mdist/[22m[2massets/[22m[36mclubManagerEra2010-CiScj6R7.js            [39m[1m[2m   76.80 kB[22m[1m[22m[2m │ gzip:  22.43 kB[22m
[2mdist/[22m[2massets/[22m[36mWorldCupPredictor-BMqGUiUE.js             [39m[1m[2m   77.02 kB[22m[1m[22m[2m │ gzip:  23.77 kB[22m
[2mdist/[22m[2massets/[22m[36mAussieRulesManager-rE3N7CDG.js            [39m[1m[2m   77.66 kB[22m[1m[22m[2m │ gzip:  25.45 kB[22m
[2mdist/[22m[2massets/[22m[36mClubManager-B1M5bcb0.js                   [39m[1m[2m   77.80 kB[22m[1m[22m[2m │ gzip:  24.26 kB[22m
[2mdist/[22m[2massets/[22m[36mclubManagerEra2020-Bej21k8N.js            [39m[1m[2m   78.49 kB[22m[1m[22m[2m │ gzip:  23.60 kB[22m
[2mdist/[22m[2massets/[22m[36mNhlFrontOffice-uwzYM4kW.js                [39m[1m[2m   79.27 kB[22m[1m[22m[2m │ gzip:  26.56 kB[22m
[2mdist/[22m[2massets/[22m[36mnhlOpeningRatings-Y9x0bvK7.js             [39m[1m[2m   80.49 kB[22m[1m[22m[2m │ gzip:   9.19 kB[22m
[2mdist/[22m[2massets/[22m[36mworld-bzrfPoKq.js                         [39m[1m[2m   83.56 kB[22m[1m[22m[2m │ gzip:  27.22 kB[22m
[2mdist/[22m[2massets/[22m[36mFightCareer-DJbN-rIc.js                   [39m[1m[2m   84.13 kB[22m[1m[22m[2m │ gzip:  26.30 kB[22m
[2mdist/[22m[2massets/[22m[36mbasketball-CNtFtfjF.js                    [39m[1m[2m   84.45 kB[22m[1m[22m[2m │ gzip:  28.75 kB[22m
[2mdist/[22m[2massets/[22m[36mGuessTheCollege-BGE_kX_4.js               [39m[1m[2m   84.75 kB[22m[1m[22m[2m │ gzip:  22.35 kB[22m
[2mdist/[22m[2massets/[22m[36mmoreSports-GYqSPvUd.js                    [39m[1m[2m   85.08 kB[22m[1m[22m[2m │ gzip:  27.30 kB[22m
[2mdist/[22m[2massets/[22m[36mNbaFrontOffice-CKHzPxQQ.js                [39m[1m[2m   90.09 kB[22m[1m[22m[2m │ gzip:  31.18 kB[22m
[2mdist/[22m[2massets/[22m[36mFrontOffice-C1TGehmU.js                   [39m[1m[2m   90.20 kB[22m[1m[22m[2m │ gzip:  29.38 kB[22m
[2mdist/[22m[2massets/[22m[36mplayers-BvqkSYM9.js                       [39m[1m[2m   97.64 kB[22m[1m[22m[2m │ gzip:  14.48 kB[22m
[2mdist/[22m[2massets/[22m[36mGmTradeBuilder-1VuQQ0-0.js                [39m[1m[2m  104.01 kB[22m[1m[22m[2m │ gzip:  35.03 kB[22m
[2mdist/[22m[2massets/[22m[36mMlbFrontOffice-DDV721WK.js                [39m[1m[2m  107.61 kB[22m[1m[22m[2m │ gzip:  34.16 kB[22m
[2mdist/[22m[2massets/[22m[36msoccer2-ytcxM1RV.js                       [39m[1m[2m  108.34 kB[22m[1m[22m[2m │ gzip:  36.57 kB[22m
[2mdist/[22m[2massets/[22m[36mrecordBooks-DwmbFcB8.js                   [39m[1m[2m  108.78 kB[22m[1m[22m[2m │ gzip:  19.87 kB[22m
[2mdist/[22m[2massets/[22m[36mRebuild-Lw4UGuS9.js                       [39m[1m[2m  117.20 kB[22m[1m[22m[2m │ gzip:  35.62 kB[22m
[2mdist/[22m[2massets/[22m[36mConnections-PnDGWpgp.js                   [39m[1m[2m  154.18 kB[22m[1m[22m[2m │ gzip:  30.90 kB[22m
[2mdist/[22m[2massets/[22m[36mDartDraft-BpCZnet9.js                     [39m[1m[2m  175.35 kB[22m[1m[22m[2m │ gzip:  57.23 kB[22m
[2mdist/[22m[2massets/[22m[36mhtml2canvas.esm-CBrSDip1.js               [39m[1m[2m  201.42 kB[22m[1m[22m[2m │ gzip:  48.03 kB[22m
[2mdist/[22m[2massets/[22m[36mMlbMyCareer-CSP0eLIs.js                   [39m[1m[2m  241.64 kB[22m[1m[22m[2m │ gzip:  81.02 kB[22m
[2mdist/[22m[2massets/[22m[36mNbaMyCareer-B-gt6li-.js                   [39m[1m[2m  247.16 kB[22m[1m[22m[2m │ gzip:  82.96 kB[22m
[2mdist/[22m[2massets/[22m[36mNhlMyCareer-DshJjtcZ.js                   [39m[1m[2m  247.48 kB[22m[1m[22m[2m │ gzip:  82.11 kB[22m
[2mdist/[22m[2massets/[22m[36museCareerMoment-CVCCZyXk.js               [39m[1m[2m  262.39 kB[22m[1m[22m[2m │ gzip:  66.34 kB[22m
[2mdist/[22m[2massets/[22m[36mMissingXi-CzsmDhdJ.js                     [39m[1m[2m  264.43 kB[22m[1m[22m[2m │ gzip:  51.91 kB[22m
[2mdist/[22m[2massets/[22m[36mWhatsNew-BuLKQy3I.js                      [39m[1m[2m  302.95 kB[22m[1m[22m[2m │ gzip:  98.41 kB[22m
[2mdist/[22m[2massets/[22m[36mGridArchive-DXIwqaw0.js                   [39m[1m[2m  311.28 kB[22m[1m[22m[2m │ gzip:  56.56 kB[22m
[2mdist/[22m[2massets/[22m[36mcareerPlayers-DOIUlYXN.js                 [39m[1m[2m  335.22 kB[22m[1m[22m[2m │ gzip:  40.78 kB[22m
[2mdist/[22m[2massets/[22m[36musCareerSeasonReview-DxJVr9Xt.js          [39m[1m[2m  423.39 kB[22m[1m[22m[2m │ gzip: 135.19 kB[22m
[2mdist/[22m[2massets/[22m[36mfrontOfficeDepth-hFZ-rvc7.js              [39m[1m[33m  505.58 kB[39m[22m[2m │ gzip:  56.44 kB[22m
[2mdist/[22m[2massets/[22m[36mclubManager-dpal3VBW.js                   [39m[1m[33m  753.82 kB[39m[22m[2m │ gzip: 248.16 kB[22m
[2mdist/[22m[2massets/[22m[36mindex-1cVv0XtI.js                         [39m[1m[33m  784.19 kB[39m[22m[2m │ gzip: 238.56 kB[22m
[2mdist/[22m[2massets/[22m[36mSoccerCareer-CDOkEq2a.js                  [39m[1m[33m1,250.81 kB[39m[22m[2m │ gzip: 362.12 kB[22m
[33m
(!) Some chunks are larger than 500 kB after minification. Consider:
- Using dynamic import() to code-split the application
- Use build.rollupOptions.output.manualChunks to improve chunking: https://rollupjs.org/configuration-options/#output-manualchunks
- Adjust chunk size limit for this warning via build.chunkSizeWarningLimit.[39m
[32m✓ built in 30.43s[39m
[dukb] inlined 1 stylesheet(s) and 1 module(s) into 180 snapshots (11 left alone)
