0) every useDailyPuzzle consumer is mounted by one of the two tests
   39 consumers: 36 routes in the shapes test, 3 unrouted (useFootballDraft.ts, useGuessTransferValue.ts, useWorldCup.ts) in the hardening test; 19 hand in their own check
saves) two tabs, damaged saves on the hooks, saves from before this round
node:internal/modules/run_main:107
    triggerUncaughtException(
    ^

AssertionError [ERR_ASSERTION]: src/test/dailySaveHardening.test.tsx: no runner fault earns outcome credit
    at vitest (file:///home/runner/work/ballpark-hero/ballpark-hero/.rc-main-d/scripts/simDailySaveHardening.mjs:130:10)
    at file:///home/runner/work/ballpark-hero/ballpark-hero/.rc-main-d/scripts/simDailySaveHardening.mjs:309:19
    at ModuleJob.run (node:internal/modules/esm/module_job:561:25)
    at async node:internal/modules/esm/loader:647:26
    at async asyncRunEntryPointWithESMLoader (node:internal/modules/run_main:101:5) {
  generatedMessage: false,
  code: 'ERR_ASSERTION',
  actual: '\n' +
    ' RUN  v3.2.7 /home/runner/work/ballpark-hero/ballpark-hero/.rc-main-d\n' +
    '\n' +
    '\n' +
    ' Test Files  1 failed (1)\n' +
    '      Tests  no tests\n' +
    '   Start at  17:59:30\n' +
    '   Duration  605ms (transform 13ms, setup 0ms, collect 0ms, tests 0ms, environment 240ms, prepare 121ms)\n' +
    '\n' +
    'JSON report written to /home/runner/work/ballpark-hero/ballpark-hero/.rc-main-d/.sim-control/r848-eg6deV/report-td21oi6homd.json\n' +
    '\n' +
    '\n' +
    '⎯⎯⎯⎯⎯⎯ Failed Suites 1 ⎯⎯⎯⎯⎯⎯⎯\n' +
    '\n' +
    ' FAIL  src/test/dailySaveHardening.test.tsx [ src/test/dailySaveHardening.test.tsx ]\n' +
    "Error: Cannot find module '/home/runner/work/ballpark-hero/ballpark-hero/src/test/setup.ts'\n" +
    'Caused by: Error: Failed to load url /home/runner/work/ballpark-hero/ballpark-hero/src/test/setup.ts (resolved id: /home/runner/work/ballpark-hero/ballpark-hero/src/test/setup.ts). Does the file exist?\n' +
    ' ❯ loadAndTransform ../node_modules/vite/dist/node/chunks/dep-BK3b2jBa.js:51969:17\n' +
    '\n' +
    '⎯⎯⎯⎯⎯⎯⎯⎯⎯⎯⎯⎯⎯⎯⎯⎯⎯⎯⎯⎯⎯⎯⎯⎯[1/1]⎯\n' +
    '\n',
  expected: /Failed to (?:resolve import|load)|Cannot find module|Transform failed|Test timed out/,
  operator: 'doesNotMatch',
  diff: 'simple'
}

Node.js v24.21.0
