NEGATIVE CONTROL ON: the report carries no clock row, the pre-472 screen; section 1 must go red
1) The clock: stoppage time on the screen, for both halves, from the half it followed
  FAIL [1]: Everton Everton 1-1 Crystal Palace: the screen's first half clock reads "null", the report says 45+4'
  FAIL [1]: Everton Everton 1-1 Crystal Palace: the screen's second half clock reads "null", the report says 90+8'
  FAIL [1]: Everton Bournemouth 2-0 Everton: the screen's first half clock reads "null", the report says 45+4'
  FAIL [1]: Everton Bournemouth 2-0 Everton: the screen's second half clock reads "null", the report says 90+8'
  FAIL [1]: Everton Everton 1-0 Manchester United: the screen's first half clock reads "null", the report says 45+2'
  FAIL [1]: Everton Everton 1-0 Manchester United: the screen's second half clock reads "null", the report says 90+7'
  FAIL [1]: Everton Tottenham 1-1 Everton: the screen's first half clock reads "null", the report says 45+4'
  FAIL [1]: Everton Tottenham 1-1 Everton: the screen's second half clock reads "null", the report says 90+5'
  FAIL [1]: Everton Everton 2-2 Ipswich Town: the screen's first half clock reads "null", the report says 45+5'
  FAIL [1]: Everton Everton 2-2 Ipswich Town: the screen's second half clock reads "null", the report says 90+6'
  FAIL [1]: Everton Hull City 0-2 Everton: the screen's first half clock reads "null", the report says 45+2'
  FAIL [1]: Everton Hull City 0-2 Everton: the screen's second half clock reads "null", the report says 90+8'
  FAIL [1]: Everton Everton 2-1 Chelsea: the screen's first half clock reads "null", the report says 45+4'
  FAIL [1]: Everton Everton 2-1 Chelsea: the screen's second half clock reads "null", the report says 90+8'
  FAIL [1]: Everton Everton 1-0 Leeds United: the screen's first half clock reads "null", the report says 45+3'
  FAIL [1]: Everton Everton 1-0 Leeds United: the screen's second half clock reads "null", the report says 90+5'
  FAIL [1]: Everton Arsenal 1-1 Everton: the screen's first half clock reads "null", the report says 45+3'
  FAIL [1]: Everton Arsenal 1-1 Everton: the screen's second half clock reads "null", the report says 90+8'
  FAIL [1]: Everton Newcastle 3-2 Everton: the screen's first half clock reads "null", the report says 45+5'
  FAIL [1]: Everton Newcastle 3-2 Everton: the screen's second half clock reads "null", the report says 90+5'
  FAIL [1]: Everton Everton 1-0 Coventry City: the screen's first half clock reads "null", the report says 45+2'
  FAIL [1]: Everton Everton 1-0 Coventry City: the screen's second half clock reads "null", the report says 90+8'
  FAIL [1]: Everton Brentford 1-2 Everton: the screen's first half clock reads "null", the report says 45+3'
  FAIL [1]: Everton Brentford 1-2 Everton: the screen's second half clock reads "null", the report says 90+7'
  FAIL [1]: Everton Everton 1-1 Liverpool: the screen's first half clock reads "null", the report says 45+5'
  FAIL [1]: Everton Everton 1-1 Liverpool: the screen's second half clock reads "null", the report says 90+4'
  FAIL [1]: Everton Aston Villa 2-0 Everton: the screen's first half clock reads "null", the report says 45+3'
  FAIL [1]: Everton Aston Villa 2-0 Everton: the screen's second half clock reads "null", the report says 90+8'
  FAIL [1]: Everton Everton 2-1 Fulham: the screen's first half clock reads "null", the report says 45+5'
  FAIL [1]: Everton Everton 2-1 Fulham: the screen's second half clock reads "null", the report says 90+5'
  FAIL [1]: Everton Brighton 0-1 Everton: the screen's first half clock reads "null", the report says 45+3'
  FAIL [1]: Everton Brighton 0-1 Everton: the screen's second half clock reads "null", the report says 90+5'
  FAIL [1]: Everton Derby County 1-2 Everton: the screen's first half clock reads "null", the report says 45+4'
  FAIL [1]: Everton Derby County 1-2 Everton: the screen's second half clock reads "null", the report says 90+7'
  FAIL [1]: Everton Nottingham Forest 0-3 Everton: the screen's first half clock reads "null", the report says 45+4'
  FAIL [1]: Everton Nottingham Forest 0-3 Everton: the screen's second half clock reads "null", the report says 90+8'
  FAIL [1]: Everton Everton 0-1 Sunderland: the screen's first half clock reads "null", the report says 45+4'
  FAIL [1]: Everton Everton 0-1 Sunderland: the screen's second half clock reads "null", the report says 90+6'
  FAIL [1]: Everton Everton 3-1 Manchester City: the screen's first half clock reads "null", the report says 45+3'
  FAIL [1]: Everton Everton 3-1 Manchester City: the screen's second half clock reads "null", the report says 90+6'
  FAIL [1]: Everton Leeds United 1-2 Everton: the screen's first half clock reads "null", the report says 45+1'
  FAIL [1]: Everton Leeds United 1-2 Everton: the screen's second half clock reads "null", the report says 90+8'
  FAIL [1]: Everton Everton 0-0 Aston Villa: the screen's first half clock reads "null", the report says 45+5'
  FAIL [1]: Everton Everton 0-0 Aston Villa: the screen's second half clock reads "null", the report says 90+5'
  FAIL [1]: Everton Coventry City 1-1 Everton: the screen's first half clock reads "null", the report says 45+3'
  FAIL [1]: Everton Coventry City 1-1 Everton: the screen's second half clock reads "null", the report says 90+8'
  FAIL [1]: Everton Everton 1-1 Brentford: the screen's first half clock reads "null", the report says 45+2'
  FAIL [1]: Everton Everton 1-1 Brentford: the screen's second half clock reads "null", the report says 90+4'
  FAIL [1]: Everton Liverpool 3-2 Everton: the screen's first half clock reads "null", the report says 45+3'
  FAIL [1]: Everton Liverpool 3-2 Everton: the screen's second half clock reads "null", the report says 90+8'
  FAIL [1]: Everton Everton 1-1 Newcastle: the screen's first half clock reads "null", the report says 45+4'
  FAIL [1]: Everton Everton 1-1 Newcastle: the screen's second half clock reads "null", the report says 90+7'
  FAIL [1]: Everton Everton 2-0 Leeds United: the screen's first half clock reads "null", the report says 45+4'
  FAIL [1]: Everton Everton 2-0 Leeds United: the screen's second half clock reads "null", the report says 90+8'
  FAIL [1]: Everton Sunderland 3-2 Everton: the screen's first half clock reads "null", the report says 45+5'
  FAIL [1]: Everton Sunderland 3-2 Everton: the screen's second half clock reads "null", the report says 90+7'
  FAIL [1]: Everton Everton 2-2 Nottingham Forest: the screen's first half clock reads "null", the report says 45+4'
  FAIL [1]: Everton Everton 2-2 Nottingham Forest: the screen's second half clock reads "null", the report says 90+7'
  FAIL [1]: Real Madrid Racing Santander 0-1 Real Madrid: the screen's first half clock reads "null", the report says 45+1'
  FAIL [1]: Real Madrid Racing Santander 0-1 Real Madrid: the screen's second half clock reads "null", the report says 90+3'
  FAIL [1]: Real Madrid Real Madrid 1-0 Barcelona: the screen's first half clock reads "null", the report says 45+3'
  FAIL [1]: Real Madrid Real Madrid 1-0 Barcelona: the screen's second half clock reads "null", the report says 90+7'
  FAIL [1]: Real Madrid Villarreal 0-2 Real Madrid: the screen's first half clock reads "null", the report says 45+2'
  FAIL [1]: Real Madrid Villarreal 0-2 Real Madrid: the screen's second half clock reads "null", the report says 90+4'
  FAIL [1]: Real Madrid Real Madrid 1-3 Galatasaray: the screen's first half clock reads "null", the report says 45+2'
  FAIL [1]: Real Madrid Real Madrid 1-3 Galatasaray: the screen's second half clock reads "null", the report says 90+7'
  FAIL [1]: Real Madrid Real Madrid 5-1 Espanyol: the screen's first half clock reads "null", the report says 45+4'
  FAIL [1]: Real Madrid Real Madrid 5-1 Espanyol: the screen's second half clock reads "null", the report says 90+7'
  FAIL [1]: Real Madrid Deportivo La Coruña 2-0 Real Madrid: the screen's first half clock reads "null", the report says 45+4'
  FAIL [1]: Real Madrid Deportivo La Coruña 2-0 Real Madrid: the screen's second half clock reads "null", the report says 90+8'
  FAIL [1]: Real Madrid Real Madrid 1-1 Athletic Club: the screen's first half clock reads "null", the report says 45+3'
  FAIL [1]: Real Madrid Real Madrid 1-1 Athletic Club: the screen's second half clock reads "null", the report says 90+6'
  FAIL [1]: Real Madrid LASK 1-6 Real Madrid: the screen's first half clock reads "null", the report says 45+5'
  FAIL [1]: Real Madrid LASK 1-6 Real Madrid: the screen's second half clock reads "null", the report says 90+8'
  FAIL [1]: Real Madrid Levante 0-2 Real Madrid: the screen's first half clock reads "null", the report says 45+2'
  FAIL [1]: Real Madrid Levante 0-2 Real Madrid: the screen's second half clock reads "null", the report says 90+5'
  FAIL [1]: Real Madrid Real Madrid 0-0 Málaga: the screen's first half clock reads "null", the report says 45+2'
  FAIL [1]: Real Madrid Real Madrid 0-0 Málaga: the screen's second half clock reads "null", the report says 90+6'
  FAIL [1]: Real Madrid Real Madrid 5-0 Málaga: the screen's first half clock reads "null", the report says 45+2'
  FAIL [1]: Real Madrid Real Madrid 5-0 Málaga: the screen's second half clock reads "null", the report says 90+8'
  FAIL [1]: Real Madrid Sevilla 0-3 Real Madrid: the screen's first half clock reads "null", the report says 45+3'
  FAIL [1]: Real Madrid Sevilla 0-3 Real Madrid: the screen's second half clock reads "null", the report says 90+8'
  FAIL [1]: Real Madrid Real Madrid 4-0 Celtic: the screen's first half clock reads "null", the report says 45+5'
  FAIL [1]: Real Madrid Real Madrid 4-0 Celtic: the screen's second half clock reads "null", the report says 90+7'
  FAIL [1]: Real Madrid Real Madrid 2-0 Elche: the screen's first half clock reads "null", the report says 45+4'
  FAIL [1]: Real Madrid Real Madrid 2-0 Elche: the screen's second half clock reads "null", the report says 90+7'
  FAIL [1]: Real Madrid Real Madrid 2-1 Real Sociedad: the screen's first half clock reads "null", the report says 45+5'
  FAIL [1]: Real Madrid Real Madrid 2-1 Real Sociedad: the screen's second half clock reads "null", the report says 90+5'
  FAIL [1]: Real Madrid Galatasaray 1-2 Real Madrid: the screen's first half clock reads "null", the report says 45+5'
  FAIL [1]: Real Madrid Galatasaray 1-2 Real Madrid: the screen's second half clock reads "null", the report says 90+7'
  FAIL [1]: Real Madrid Atlético Madrid 1-0 Real Madrid: the screen's first half clock reads "null", the report says 45+4'
  FAIL [1]: Real Madrid Atlético Madrid 1-0 Real Madrid: the screen's second half clock reads "null", the report says 90+3'
  FAIL [1]: Real Madrid Real Madrid 2-1 Osasuna: the screen's first half clock reads "null", the report says 45+4'
  FAIL [1]: Real Madrid Real Madrid 2-1 Osasuna: the screen's second half clock reads "null", the report says 90+7'
  FAIL [1]: Real Madrid Real Madrid 2-0 LASK: the screen's first half clock reads "null", the report says 45+5'
  FAIL [1]: Real Madrid Real Madrid 2-0 LASK: the screen's second half clock reads "null", the report says 90+6'
  FAIL [1]: Real Madrid Rayo Vallecano 0-1 Real Madrid: the screen's first half clock reads "null", the report says 45+5'
  FAIL [1]: Real Madrid Rayo Vallecano 0-1 Real Madrid: the screen's second half clock reads "null", the report says 90+5'
  FAIL [1]: Real Madrid Real Madrid 3-0 Getafe: the screen's first half clock reads "null", the report says 45+2'
  FAIL [1]: Real Madrid Real Madrid 3-0 Getafe: the screen's second half clock reads "null", the report says 90+8'
  FAIL [1]: Real Madrid Valencia 0-3 Real Madrid: the screen's first half clock reads "null", the report says 45+3'
  FAIL [1]: Real Madrid Valencia 0-3 Real Madrid: the screen's second half clock reads "null", the report says 90+6'
  FAIL [1]: Real Madrid Celtic 1-2 Real Madrid: the screen's first half clock reads "null", the report says 45+5'
  FAIL [1]: Real Madrid Celtic 1-2 Real Madrid: the screen's second half clock reads "null", the report says 90+6'
  FAIL [1]: Real Madrid Real Madrid 1-0 Celta Vigo: the screen's first half clock reads "null", the report says 45+3'
  FAIL [1]: Real Madrid Real Madrid 1-0 Celta Vigo: the screen's second half clock reads "null", the report says 90+4'
  FAIL [1]: Real Madrid Real Betis 1-3 Real Madrid: the screen's first half clock reads "null", the report says 45+5'
  FAIL [1]: Real Madrid Real Betis 1-3 Real Madrid: the screen's second half clock reads "null", the report says 90+8'
  FAIL [1]: Real Madrid Real Madrid 2-0 Alavés: the screen's first half clock reads "null", the report says 45+2'
  FAIL [1]: Real Madrid Real Madrid 2-0 Alavés: the screen's second half clock reads "null", the report says 90+7'
  FAIL [1]: Real Madrid Real Madrid 3-0 Racing Santander: the screen's first half clock reads "null", the report says 45+4'
  FAIL [1]: Real Madrid Real Madrid 3-0 Racing Santander: the screen's second half clock reads "null", the report says 90+6'
  FAIL [1]: Real Madrid Barcelona 2-2 Real Madrid: the screen's first half clock reads "null", the report says 45+5'
  FAIL [1]: Real Madrid Barcelona 2-2 Real Madrid: the screen's second half clock reads "null", the report says 90+5'
  FAIL [1]: Real Madrid Real Madrid 2-0 Villarreal: the screen's first half clock reads "null", the report says 45+3'
  FAIL [1]: Real Madrid Real Madrid 2-0 Villarreal: the screen's second half clock reads "null", the report says 90+8'
  FAIL [1]: Wolves Wolves 0-0 Blackburn Rovers: the screen's first half clock reads "null", the report says 45+2'
  FAIL [1]: Wolves Wolves 0-0 Blackburn Rovers: the screen's second half clock reads "null", the report says 90+4'
  FAIL [1]: Wolves Derby County 3-2 Wolves: the screen's first half clock reads "null", the report says 45+5'
  FAIL [1]: Wolves Derby County 3-2 Wolves: the screen's second half clock reads "null", the report says 90+5'
  FAIL [1]: Wolves Wolves 5-3 Norwich City: the screen's first half clock reads "null", the report says 45+5'
  FAIL [1]: Wolves Wolves 5-3 Norwich City: the screen's second half clock reads "null", the report says 90+8'
  FAIL [1]: Wolves Sheffield United 2-1 Wolves: the screen's first half clock reads "null", the report says 45+1'
  FAIL [1]: Wolves Sheffield United 2-1 Wolves: the screen's second half clock reads "null", the report says 90+8'
  FAIL [1]: Wolves Wolves 0-2 West Brom: the screen's first half clock reads "null", the report says 45+3'
  FAIL [1]: Wolves Wolves 0-2 West Brom: the screen's second half clock reads "null", the report says 90+7'
  FAIL [1]: Wolves Preston North End 2-1 Wolves: the screen's first half clock reads "null", the report says 45+4'
  FAIL [1]: Wolves Preston North End 2-1 Wolves: the screen's second half clock reads "null", the report says 90+5'
  FAIL [1]: Wolves Wolves 2-2 Birmingham City: the screen's first half clock reads "null", the report says 45+2'
  FAIL [1]: Wolves Wolves 2-2 Birmingham City: the screen's second half clock reads "null", the report says 90+8'
  FAIL [1]: Wolves Southampton 1-3 Wolves: the screen's first half clock reads "null", the report says 45+4'
  FAIL [1]: Wolves Southampton 1-3 Wolves: the screen's second half clock reads "null", the report says 90+8'
  FAIL [1]: Wolves Wolves 0-1 Liverpool: the screen's first half clock reads "null", the report says 45+5'
  FAIL [1]: Wolves Wolves 0-1 Liverpool: the screen's second half clock reads "null", the report says 90+5'
  FAIL [1]: Wolves Wolves 0-1 Watford: the screen's first half clock reads "null", the report says 45+4'
  FAIL [1]: Wolves Wolves 0-1 Watford: the screen's second half clock reads "null", the report says 90+5'
  FAIL [1]: Wolves Middlesbrough 1-3 Wolves: the screen's first half clock reads "null", the report says 45+5'
  FAIL [1]: Wolves Middlesbrough 1-3 Wolves: the screen's second half clock reads "null", the report says 90+6'
  FAIL [1]: Wolves Cardiff City 2-0 Wolves: the screen's first half clock reads "null", the report says 45+3'
  FAIL [1]: Wolves Cardiff City 2-0 Wolves: the screen's second half clock reads "null", the report says 90+4'
  FAIL [1]: Wolves Wolves 2-1 Swansea City: the screen's first half clock reads "null", the report says 45+4'
  FAIL [1]: Wolves Wolves 2-1 Swansea City: the screen's second half clock reads "null", the report says 90+5'
  FAIL [1]: Wolves Bolton Wanderers 1-5 Wolves: the screen's first half clock reads "null", the report says 45+5'
  FAIL [1]: Wolves Bolton Wanderers 1-5 Wolves: the screen's second half clock reads "null", the report says 90+7'
  FAIL [1]: Wolves Wolves 2-0 Charlton Athletic: the screen's first half clock reads "null", the report says 45+2'
  FAIL [1]: Wolves Wolves 2-0 Charlton Athletic: the screen's second half clock reads "null", the report says 90+5'
  FAIL [1]: Wolves Lincoln City 0-3 Wolves: the screen's first half clock reads "null", the report says 45+4'
  FAIL [1]: Wolves Lincoln City 0-3 Wolves: the screen's second half clock reads "null", the report says 90+3'
  FAIL [1]: Wolves Wolves 3-2 West Ham: the screen's first half clock reads "null", the report says 45+4'
  FAIL [1]: Wolves Wolves 3-2 West Ham: the screen's second half clock reads "null", the report says 90+8'
  FAIL [1]: Wolves Portsmouth 0-0 Wolves: the screen's first half clock reads "null", the report says 45+2'
  FAIL [1]: Wolves Portsmouth 0-0 Wolves: the screen's second half clock reads "null", the report says 90+2'
  FAIL [1]: Wolves Wolves 0-1 Wrexham: the screen's first half clock reads "null", the report says 45+4'
  FAIL [1]: Wolves Wolves 0-1 Wrexham: the screen's second half clock reads "null", the report says 90+4'
  FAIL [1]: Wolves Millwall 1-1 Wolves: the screen's first half clock reads "null", the report says 45+5'
  FAIL [1]: Wolves Millwall 1-1 Wolves: the screen's second half clock reads "null", the report says 90+5'
  FAIL [1]: Wolves Wolves 2-1 Bristol City: the screen's first half clock reads "null", the report says 45+4'
  FAIL [1]: Wolves Wolves 2-1 Bristol City: the screen's second half clock reads "null", the report says 90+6'
  FAIL [1]: Wolves QPR 1-0 Wolves: the screen's first half clock reads "null", the report says 45+2'
  FAIL [1]: Wolves QPR 1-0 Wolves: the screen's second half clock reads "null", the report says 90+6'
  FAIL [1]: Wolves Wolves 2-2 Burnley: the screen's first half clock reads "null", the report says 45+4'
  FAIL [1]: Wolves Wolves 2-2 Burnley: the screen's second half clock reads "null", the report says 90+8'
  FAIL [1]: Wolves Wolves 2-1 Stoke City: the screen's first half clock reads "null", the report says 45+4'
  FAIL [1]: Wolves Wolves 2-1 Stoke City: the screen's second half clock reads "null", the report says 90+7'
  FAIL [1]: Wolves Blackburn Rovers 2-5 Wolves: the screen's first half clock reads "null", the report says 45+3'
  FAIL [1]: Wolves Blackburn Rovers 2-5 Wolves: the screen's second half clock reads "null", the report says 90+8'
  FAIL [1]: Wolves Wolves 4-0 Derby County: the screen's first half clock reads "null", the report says 45+5'
  FAIL [1]: Wolves Wolves 4-0 Derby County: the screen's second half clock reads "null", the report says 90+5'
  FAIL [1]: Wolves Norwich City 1-0 Wolves: the screen's first half clock reads "null", the report says 45+4'
  FAIL [1]: Wolves Norwich City 1-0 Wolves: the screen's second half clock reads "null", the report says 90+6'
  FAIL [1]: Wolves Wolves 0-0 Sheffield United: the screen's first half clock reads "null", the report says 45+2'
  FAIL [1]: Wolves Wolves 0-0 Sheffield United: the screen's second half clock reads "null", the report says 90+3'
  FAIL [1]: Wolves West Brom 1-0 Wolves: the screen's first half clock reads "null", the report says 45+3'
  FAIL [1]: Wolves West Brom 1-0 Wolves: the screen's second half clock reads "null", the report says 90+7'
  FAIL [1]: Napoli Roma 1-0 Napoli: the screen's first half clock reads "null", the report says 45+3'
  FAIL [1]: Napoli Roma 1-0 Napoli: the screen's second half clock reads "null", the report says 90+7'
  FAIL [1]: Napoli Napoli 2-2 AC Milan: the screen's first half clock reads "null", the report says 45+5'
  FAIL [1]: Napoli Napoli 2-2 AC Milan: the screen's second half clock reads "null", the report says 90+8'
  FAIL [1]: Napoli Napoli 3-1 Parma: the screen's first half clock reads "null", the report says 45+5'
  FAIL [1]: Napoli Napoli 3-1 Parma: the screen's second half clock reads "null", the report says 90+6'
  FAIL [1]: Napoli Napoli 2-4 Arsenal: the screen's first half clock reads "null", the report says 45+5'
  FAIL [1]: Napoli Napoli 2-4 Arsenal: the screen's second half clock reads "null", the report says 90+5'
  FAIL [1]: Napoli Monza 1-3 Napoli: the screen's first half clock reads "null", the report says 45+5'
  FAIL [1]: Napoli Monza 1-3 Napoli: the screen's second half clock reads "null", the report says 90+4'
  FAIL [1]: Napoli Napoli 1-0 Lecce: the screen's first half clock reads "null", the report says 45+3'
  FAIL [1]: Napoli Napoli 1-0 Lecce: the screen's second half clock reads "null", the report says 90+5'
  FAIL [1]: Napoli Inter Milan 3-1 Napoli: the screen's first half clock reads "null", the report says 45+4'
  FAIL [1]: Napoli Inter Milan 3-1 Napoli: the screen's second half clock reads "null", the report says 90+8'
  FAIL [1]: Napoli LASK 0-1 Napoli: the screen's first half clock reads "null", the report says 45+3'
  FAIL [1]: Napoli LASK 0-1 Napoli: the screen's second half clock reads "null", the report says 90+4'
  FAIL [1]: Napoli Napoli 2-0 Frosinone: the screen's first half clock reads "null", the report says 45+3'
  FAIL [1]: Napoli Napoli 2-0 Frosinone: the screen's second half clock reads "null", the report says 90+6'
  FAIL [1]: Napoli Napoli 4-3 Como: the screen's first half clock reads "null", the report says 45+5'
  FAIL [1]: Napoli Napoli 4-3 Como: the screen's second half clock reads "null", the report says 90+7'
  FAIL [1]: Napoli Udinese 3-1 Napoli: the screen's first half clock reads "null", the report says 45+5'
  FAIL [1]: Napoli Udinese 3-1 Napoli: the screen's second half clock reads "null", the report says 90+8'
  FAIL [1]: Napoli Napoli 0-0 Genoa: the screen's first half clock reads "null", the report says 45+3'
  FAIL [1]: Napoli Napoli 0-0 Genoa: the screen's second half clock reads "null", the report says 90+4'
  FAIL [1]: Napoli Napoli 3-0 AGF: the screen's first half clock reads "null", the report says 45+5'
  FAIL [1]: Napoli Napoli 3-0 AGF: the screen's second half clock reads "null", the report says 90+4'
  FAIL [1]: Napoli Como 1-0 Napoli: the screen's first half clock reads "null", the report says 45+3'
  FAIL [1]: Napoli Como 1-0 Napoli: the screen's second half clock reads "null", the report says 90+5'
  FAIL [1]: Napoli Napoli 4-0 Atalanta: the screen's first half clock reads "null", the report says 45+5'
  FAIL [1]: Napoli Napoli 4-0 Atalanta: the screen's second half clock reads "null", the report says 90+6'
  FAIL [1]: Napoli Arsenal 2-0 Napoli: the screen's first half clock reads "null", the report says 45+2'
  FAIL [1]: Napoli Arsenal 2-0 Napoli: the screen's second half clock reads "null", the report says 90+6'
  FAIL [1]: Napoli Napoli 1-2 Juventus: the screen's first half clock reads "null", the report says 45+2'
  FAIL [1]: Napoli Napoli 1-2 Juventus: the screen's second half clock reads "null", the report says 90+8'
  FAIL [1]: Napoli Fiorentina 2-0 Napoli: the screen's first half clock reads "null", the report says 45+5'
  FAIL [1]: Napoli Fiorentina 2-0 Napoli: the screen's second half clock reads "null", the report says 90+4'
  FAIL [1]: Napoli Napoli 1-1 LASK: the screen's first half clock reads "null", the report says 45+3'
  FAIL [1]: Napoli Napoli 1-1 LASK: the screen's second half clock reads "null", the report says 90+5'
  FAIL [1]: Napoli Napoli 0-1 Sassuolo: the screen's first half clock reads "null", the report says 45+2'
  FAIL [1]: Napoli Napoli 0-1 Sassuolo: the screen's second half clock reads "null", the report says 90+5'
  FAIL [1]: Napoli Venezia 1-0 Napoli: the screen's first half clock reads "null", the report says 45+2'
  FAIL [1]: Napoli Venezia 1-0 Napoli: the screen's second half clock reads "null", the report says 90+7'
  FAIL [1]: Napoli Fiorentina 2-1 Napoli: the screen's first half clock reads "null", the report says 45+4'
  FAIL [1]: Napoli Fiorentina 2-1 Napoli: the screen's second half clock reads "null", the report says 90+8'
  FAIL [1]: Napoli Napoli 0-0 Cagliari: the screen's first half clock reads "null", the report says 45+3'
  FAIL [1]: Napoli Napoli 0-0 Cagliari: the screen's second half clock reads "null", the report says 90+4'
  FAIL [1]: Napoli AGF 1-0 Napoli: the screen's first half clock reads "null", the report says 45+1'
  FAIL [1]: Napoli AGF 1-0 Napoli: the screen's second half clock reads "null", the report says 90+6'
  FAIL [1]: Napoli Torino 1-1 Napoli: the screen's first half clock reads "null", the report says 45+3'
  FAIL [1]: Napoli Torino 1-1 Napoli: the screen's second half clock reads "null", the report says 90+8'
  FAIL [1]: Napoli Napoli 0-2 Lazio: the screen's first half clock reads "null", the report says 45+5'
  FAIL [1]: Napoli Napoli 0-2 Lazio: the screen's second half clock reads "null", the report says 90+6'
  FAIL [1]: Napoli Bologna 2-0 Napoli: the screen's first half clock reads "null", the report says 45+5'
  FAIL [1]: Napoli Bologna 2-0 Napoli: the screen's second half clock reads "null", the report says 90+5'
  FAIL [1]: Napoli Napoli 2-0 Roma: the screen's first half clock reads "null", the report says 45+4'
  FAIL [1]: Napoli Napoli 2-0 Roma: the screen's second half clock reads "null", the report says 90+5'
  FAIL [1]: Napoli AC Milan 1-2 Napoli: the screen's first half clock reads "null", the report says 45+3'
  FAIL [1]: Napoli AC Milan 1-2 Napoli: the screen's second half clock reads "null", the report says 90+8'
  FAIL [1]: Ajax Telstar 1-7 Ajax: the screen's first half clock reads "null", the report says 45+5'
  FAIL [1]: Ajax Telstar 1-7 Ajax: the screen's second half clock reads "null", the report says 90+8'
  FAIL [1]: Ajax Ajax 1-1 Groningen: the screen's first half clock reads "null", the report says 45+2'
  FAIL [1]: Ajax Ajax 1-1 Groningen: the screen's second half clock reads "null", the report says 90+5'
  FAIL [1]: Ajax AZ Alkmaar 0-1 Ajax: the screen's first half clock reads "null", the report says 45+3'
  FAIL [1]: Ajax AZ Alkmaar 0-1 Ajax: the screen's second half clock reads "null", the report says 90+8'
  FAIL [1]: Ajax Ajax 1-0 Twente: the screen's first half clock reads "null", the report says 45+1'
  FAIL [1]: Ajax Ajax 1-0 Twente: the screen's second half clock reads "null", the report says 90+7'
  FAIL [1]: Ajax Utrecht 0-2 Ajax: the screen's first half clock reads "null", the report says 45+2'
  FAIL [1]: Ajax Utrecht 0-2 Ajax: the screen's second half clock reads "null", the report says 90+6'
  FAIL [1]: Ajax Ajax 1-0 Fortuna Sittard: the screen's first half clock reads "null", the report says 45+2'
  FAIL [1]: Ajax Ajax 1-0 Fortuna Sittard: the screen's second half clock reads "null", the report says 90+6'
  FAIL [1]: Ajax Ajax 4-0 Utrecht: the screen's first half clock reads "null", the report says 45+5'
  FAIL [1]: Ajax Ajax 4-0 Utrecht: the screen's second half clock reads "null", the report says 90+3'
  FAIL [1]: Ajax Cambuur 1-3 Ajax: the screen's first half clock reads "null", the report says 45+4'
  FAIL [1]: Ajax Cambuur 1-3 Ajax: the screen's second half clock reads "null", the report says 90+6'
  FAIL [1]: Ajax Feyenoord 3-0 Ajax: the screen's first half clock reads "null", the report says 45+4'
  FAIL [1]: Ajax Feyenoord 3-0 Ajax: the screen's second half clock reads "null", the report says 90+7'
  FAIL [1]: Ajax Ajax 1-0 PSV: the screen's first half clock reads "null", the report says 45+5'
  FAIL [1]: Ajax Ajax 1-0 PSV: the screen's second half clock reads "null", the report says 90+5'
  FAIL [1]: Ajax Willem II 0-3 Ajax: the screen's first half clock reads "null", the report says 45+5'
  FAIL [1]: Ajax Willem II 0-3 Ajax: the screen's second half clock reads "null", the report says 90+2'
  FAIL [1]: Ajax Ajax 2-0 Heerenveen: the screen's first half clock reads "null", the report says 45+4'
  FAIL [1]: Ajax Ajax 2-0 Heerenveen: the screen's second half clock reads "null", the report says 90+7'
  FAIL [1]: Ajax Sparta Rotterdam 0-1 Ajax: the screen's first half clock reads "null", the report says 45+4'
  FAIL [1]: Ajax Sparta Rotterdam 0-1 Ajax: the screen's second half clock reads "null", the report says 90+3'
  FAIL [1]: Ajax Ajax 2-0 ADO Den Haag: the screen's first half clock reads "null", the report says 45+2'
  FAIL [1]: Ajax Ajax 2-0 ADO Den Haag: the screen's second half clock reads "null", the report says 90+4'
  FAIL [1]: Ajax Excelsior 0-0 Ajax: the screen's first half clock reads "null", the report says 45+2'
  FAIL [1]: Ajax Excelsior 0-0 Ajax: the screen's second half clock reads "null", the report says 90+3'
  FAIL [1]: Ajax Feyenoord 2-1 Ajax: the screen's first half clock reads "null", the report says 45+5'
  FAIL [1]: Ajax Feyenoord 2-1 Ajax: the screen's second half clock reads "null", the report says 90+6'
  FAIL [1]: Ajax Ajax 2-1 NEC Nijmegen: the screen's first half clock reads "null", the report says 45+4'
  FAIL [1]: Ajax Ajax 2-1 NEC Nijmegen: the screen's second half clock reads "null", the report says 90+4'
  FAIL [1]: Ajax Ajax 1-0 PEC Zwolle: the screen's first half clock reads "null", the report says 45+3'
  FAIL [1]: Ajax Ajax 1-0 PEC Zwolle: the screen's second half clock reads "null", the report says 90+3'
  FAIL [1]: Ajax Go Ahead Eagles 0-0 Ajax: the screen's first half clock reads "null", the report says 45+3'
  FAIL [1]: Ajax Go Ahead Eagles 0-0 Ajax: the screen's second half clock reads "null", the report says 90+3'
  FAIL [1]: Ajax Ajax 4-0 Telstar: the screen's first half clock reads "null", the report says 45+3'
  FAIL [1]: Ajax Ajax 4-0 Telstar: the screen's second half clock reads "null", the report says 90+7'
  FAIL [1]: Ajax Groningen 0-1 Ajax: the screen's first half clock reads "null", the report says 45+2'
  FAIL [1]: Ajax Groningen 0-1 Ajax: the screen's second half clock reads "null", the report says 90+4'
  FAIL [1]: Ajax Ajax 1-1 AZ Alkmaar: the screen's first half clock reads "null", the report says 45+4'
  FAIL [1]: Ajax Ajax 1-1 AZ Alkmaar: the screen's second half clock reads "null", the report says 90+6'
  FAIL [1]: Ajax Twente 1-2 Ajax: the screen's first half clock reads "null", the report says 45+4'
  FAIL [1]: Ajax Twente 1-2 Ajax: the screen's second half clock reads "null", the report says 90+5'
  FAIL [1]: Ajax Ajax 1-0 Utrecht: the screen's first half clock reads "null", the report says 45+5'
  FAIL [1]: Ajax Ajax 1-0 Utrecht: the screen's second half clock reads "null", the report says 90+2'
  FAIL [1]: Ajax Fortuna Sittard 1-3 Ajax: the screen's first half clock reads "null", the report says 45+5'
  FAIL [1]: Ajax Fortuna Sittard 1-3 Ajax: the screen's second half clock reads "null", the report says 90+5'
  FAIL [1]: Ajax Ajax 3-0 Cambuur: the screen's first half clock reads "null", the report says 45+4'
  FAIL [1]: Ajax Ajax 3-0 Cambuur: the screen's second half clock reads "null", the report says 90+4'
  FAIL [1]: Ajax Ajax 0-1 Feyenoord: the screen's first half clock reads "null", the report says 45+4'
  FAIL [1]: Ajax Ajax 0-1 Feyenoord: the screen's second half clock reads "null", the report says 90+7'
  FAIL [1]: Ajax PSV 1-0 Ajax: the screen's first half clock reads "null", the report says 45+2'
  FAIL [1]: Ajax PSV 1-0 Ajax: the screen's second half clock reads "null", the report says 90+8'
  FAIL [1]: Ajax Ajax 3-0 Willem II: the screen's first half clock reads "null", the report says 45+4'
  FAIL [1]: Ajax Ajax 3-0 Willem II: the screen's second half clock reads "null", the report says 90+6'
  FAIL [1]: Newcastle Newcastle 4-4 Liverpool: the screen's first half clock reads "null", the report says 45+4'
  FAIL [1]: Newcastle Newcastle 4-4 Liverpool: the screen's second half clock reads "null", the report says 90+8'
  FAIL [1]: Newcastle Tottenham 1-2 Newcastle: the screen's first half clock reads "null", the report says 45+2'
  FAIL [1]: Newcastle Tottenham 1-2 Newcastle: the screen's second half clock reads "null", the report says 90+6'
  FAIL [1]: Newcastle Newcastle 0-2 Bournemouth: the screen's first half clock reads "null", the report says 45+4'
  FAIL [1]: Newcastle Newcastle 0-2 Bournemouth: the screen's second half clock reads "null", the report says 90+5'
  FAIL [1]: Newcastle Leeds United 2-1 Newcastle: the screen's first half clock reads "null", the report says 45+4'
  FAIL [1]: Newcastle Leeds United 2-1 Newcastle: the screen's second half clock reads "null", the report says 90+4'
  FAIL [1]: Newcastle Newcastle 0-1 Hull City: the screen's first half clock reads "null", the report says 45+3'
  FAIL [1]: Newcastle Newcastle 0-1 Hull City: the screen's second half clock reads "null", the report says 90+7'
  FAIL [1]: Newcastle Coventry City 0-0 Newcastle: the screen's first half clock reads "null", the report says 45+4'
  FAIL [1]: Newcastle Coventry City 0-0 Newcastle: the screen's second half clock reads "null", the report says 90+3'
  FAIL [1]: Newcastle Newcastle 2-1 Aston Villa: the screen's first half clock reads "null", the report says 45+5'
  FAIL [1]: Newcastle Newcastle 2-1 Aston Villa: the screen's second half clock reads "null", the report says 90+6'
  FAIL [1]: Newcastle Newcastle 0-3 Ipswich Town: the screen's first half clock reads "null", the report says 45+5'
  FAIL [1]: Newcastle Newcastle 0-3 Ipswich Town: the screen's second half clock reads "null", the report says 90+8'
  FAIL [1]: Newcastle Crystal Palace 1-0 Newcastle: the screen's first half clock reads "null", the report says 45+2'
  FAIL [1]: Newcastle Crystal Palace 1-0 Newcastle: the screen's second half clock reads "null", the report says 90+6'
  FAIL [1]: Newcastle Newcastle 2-1 Everton: the screen's first half clock reads "null", the report says 45+4'
  FAIL [1]: Newcastle Newcastle 2-1 Everton: the screen's second half clock reads "null", the report says 90+7'
  FAIL [1]: Newcastle Fulham 2-2 Newcastle: the screen's first half clock reads "null", the report says 45+4'
  FAIL [1]: Newcastle Fulham 2-2 Newcastle: the screen's second half clock reads "null", the report says 90+8'
  FAIL [1]: Newcastle Newcastle 2-3 Arsenal: the screen's first half clock reads "null", the report says 45+3'
  FAIL [1]: Newcastle Newcastle 2-3 Arsenal: the screen's second half clock reads "null", the report says 90+7'
  FAIL [1]: Newcastle Brighton 1-1 Newcastle: the screen's first half clock reads "null", the report says 45+3'
  FAIL [1]: Newcastle Brighton 1-1 Newcastle: the screen's second half clock reads "null", the report says 90+8'
  FAIL [1]: Newcastle Newcastle 2-0 Manchester United: the screen's first half clock reads "null", the report says 45+5'
  FAIL [1]: Newcastle Newcastle 2-0 Manchester United: the screen's second half clock reads "null", the report says 90+5'
  FAIL [1]: Newcastle Newcastle 0-1 Sunderland: the screen's first half clock reads "null", the report says 45+4'
  FAIL [1]: Newcastle Newcastle 0-1 Sunderland: the screen's second half clock reads "null", the report says 90+8'
  FAIL [1]: Newcastle Ipswich Town 3-3 Newcastle: the screen's first half clock reads "null", the report says 45+5'
  FAIL [1]: Newcastle Ipswich Town 3-3 Newcastle: the screen's second half clock reads "null", the report says 90+8'
  FAIL [1]: Newcastle Brentford 0-1 Newcastle: the screen's first half clock reads "null", the report says 45+4'
  FAIL [1]: Newcastle Brentford 0-1 Newcastle: the screen's second half clock reads "null", the report says 90+4'
  FAIL [1]: Newcastle Newcastle 2-2 Manchester City: the screen's first half clock reads "null", the report says 45+2'
  FAIL [1]: Newcastle Newcastle 2-2 Manchester City: the screen's second half clock reads "null", the report says 90+8'
  FAIL [1]: Newcastle Newcastle 2-1 Nottingham Forest: the screen's first half clock reads "null", the report says 45+2'
  FAIL [1]: Newcastle Newcastle 2-1 Nottingham Forest: the screen's second half clock reads "null", the report says 90+7'
  FAIL [1]: Newcastle Chelsea 0-0 Newcastle: the screen's first half clock reads "null", the report says 45+3'
  FAIL [1]: Newcastle Chelsea 0-0 Newcastle: the screen's second half clock reads "null", the report says 90+6'
  FAIL [1]: Newcastle Manchester United 1-0 Newcastle: the screen's first half clock reads "null", the report says 45+2'
  FAIL [1]: Newcastle Manchester United 1-0 Newcastle: the screen's second half clock reads "null", the report says 90+5'
  FAIL [1]: Newcastle Newcastle 0-0 Fulham: the screen's first half clock reads "null", the report says 45+4'
  FAIL [1]: Newcastle Newcastle 0-0 Fulham: the screen's second half clock reads "null", the report says 90+4'
  FAIL [1]: Newcastle Arsenal 3-0 Newcastle: the screen's first half clock reads "null", the report says 45+5'
  FAIL [1]: Newcastle Arsenal 3-0 Newcastle: the screen's second half clock reads "null", the report says 90+6'
  FAIL [1]: Newcastle Newcastle 2-2 Brighton: the screen's first half clock reads "null", the report says 45+5'
  FAIL [1]: Newcastle Newcastle 2-2 Brighton: the screen's second half clock reads "null", the report says 90+8'
  FAIL [1]: Newcastle Everton 1-1 Newcastle: the screen's first half clock reads "null", the report says 45+4'
  FAIL [1]: Newcastle Everton 1-1 Newcastle: the screen's second half clock reads "null", the report says 90+8'
  FAIL [1]: Newcastle Newcastle 1-1 Chelsea: the screen's first half clock reads "null", the report says 45+3'
  FAIL [1]: Newcastle Newcastle 1-1 Chelsea: the screen's second half clock reads "null", the report says 90+7'
  FAIL [1]: Newcastle Manchester City 0-2 Newcastle: the screen's first half clock reads "null", the report says 45+3'
  FAIL [1]: Newcastle Manchester City 0-2 Newcastle: the screen's second half clock reads "null", the report says 90+6'
  FAIL [1]: Newcastle Newcastle 2-1 Brentford: the screen's first half clock reads "null", the report says 45+4'
  FAIL [1]: Newcastle Newcastle 2-1 Brentford: the screen's second half clock reads "null", the report says 90+6'
  FAIL [1]: Newcastle Nottingham Forest 2-2 Newcastle: the screen's first half clock reads "null", the report says 45+5'
  FAIL [1]: Newcastle Nottingham Forest 2-2 Newcastle: the screen's second half clock reads "null", the report says 90+8'
   348 halves: the board is the base, the half's stoppages and the roll in 347; 1 (0.29%) kept a board that a change at the half's last minute played out differently
     late change: Wolves Norwich City 1-0 Wolves: 90+6 after a half with 1 stoppages
   174 reports rendered, every one showing 45+n' and 90+m' as the screen's own row
   first half board 1 to 5 (mean 3.59), second half 2 to 8 (mean 6.05)
2) Possession: two shares of one hundred, both wearing a percent sign
   174 pairs on screen, every one summing to 100 and every one the sim's own share
3) Both clubs named, counted rather than string matched
   174 reports name the other club 4 to 12 times (mean 7.2, floor 3.5), and 12 live viewers name both clubs
4) Every text block centred inside the card
   174 cards rendered, 0 left aligned blocks, every card centring its text
5) Momentum reads as swings, not as one number
   174 charts: 3.21 sign changes a match (floor 1.9), 91.4 percent reach both sides (floor 62)
   every chart drew the report's own nine buckets
6) Historical no-coach baseline: the same fixture and seed finish identically
   24 fixtures replayed both ways, 13 distinct scorelines, every pair identical down to the momentum series
   the engine plays a match in 1 places, both off one kick off, and each of the two screens offers exactly 2 ways in (7 buttons on the Match Centre)

simMatchScreen: PASS. Effective noclock fault failed only section 1; untouched baseline passed and source bytes held.
