file AppearanceBuilder 14389
file CareerFx 1028
file Celebration 822
file CelebrationStyles 724
file FlagImg 2973
file GameHelp 786
file GameNavbar 3794
file GameSeoContent 2284
file HowToPlayPopover 768
file PlayerAvatar 3925
file ShareButtons 4533
file SoccerCareer 344427
file VictoryMoment 1294
file arcade 315
file arrow-left 266
file badges 2291
file careerAwardsNight 1266
file careerRivalryChoices 2412
file chevron-down 244
file chevron-up 246
file circle-help 305
file confederationGroups 703
file copy 311
file dialogA11y 132
file formatNumber 154
file freeKick 1104
file guideShape 1686
file index 234475
file intlNames 6113
file keyedRng 209
file managerOffers 13218
file medal 388
file select 7407
file seoMetaPart30 960
file soccer2 36567
file soccerBootIds 200
file soccerBoots 993
file soccerCareerAppearance 2562
file soccerInternational 76395
file star 404
file uclFormatHistory 3465
file useGameCompletion 493
file useRevealScroll 797
merge total=777828 files=43
