
[1m[46m RUN [49m[22m [36mv3.2.7 [39m[90m/home/runner/work/ballpark-hero/ballpark-hero[39m

Browserslist: browsers data (caniuse-lite) is 16 months old. Please run:
  npx update-browserslist-db@latest
  Why you should do it regularly: https://github.com/browserslist/update-db#readme
[90mstdout[2m | src/test/liveSimMotion.test.tsx[2m > [22m[2mThe pitch part on real feeds[2m > [22m[2mthe material is 200 half feeds from five clubs in five leagues
[22m[39m[1101 material] Aston Villa 15 matches 30 halves, Real Madrid 20 matches 40 halves, Lyon 20 matches 40 halves, Ajax 20 matches 40 halves, Celtic 20 matches 40 halves; frames replayed 160232

[90mstdout[2m | src/test/liveSimMotion.test.tsx[2m > [22m[2mThe pitch part on real feeds[2m > [22m[2mR1: the ball is in the goal mouth on goals only
[22m[39m[1101 R1] goals staged 271, with a frame in the net 271, frames in the mouth 1924, offenders 0

[90mstdout[2m | src/test/liveSimMotion.test.tsx[2m > [22m[2mThe pitch part on real feeds[2m > [22m[2mR2: nobody stands on a team mate
[22m[39m[1101 R2] scenes 19336; overlapping pairs in a scene: new 0, Round 504 0; pairs overlapping two samples running: in a tween 0, in an action 0

[90mstdout[2m | src/test/liveSimMotion.test.tsx[2m > [22m[2mThe pitch part on real feeds[2m > [22m[2mR3: at a kick off each side is in its own half, far from the other keeper
[22m[39m[1101 R3] kick off beats 454, hard rule offenders 0; attack line to the other keeper per seed: new 54.34 54.27 54.24 53.98 53.70, Round 504 18.43 18.50 18.30 18.19 17.85; floor 45

[90mstdout[2m | src/test/liveSimMotion.test.tsx[2m > [22m[2mThe pitch part on real feeds[2m > [22m[2mR4: the block follows the ball
[22m[39m[1101 R4] open beats 8876; slope of the centroid on the ball per seed (the lower of with and without the ball): new 0.416 0.415 0.418 0.409 0.423, Round 504 0.003 0.003 0.003 0.003 0.003 (a centroid that never moves reports 0); with 0.531 0.538 0.535 0.534 0.529, without 0.416 0.415 0.418 0.409 0.423; floor 0.3

[90mstdout[2m | src/test/liveSimMotion.test.tsx[2m > [22m[2mThe pitch part on real feeds[2m > [22m[2mR5: nothing is decided here
[22m[39m[1101 R5] matches 95, frames replayed 160232, Math.random calls inside the replays 0; engine alone 2712929d 3f9d68d2 69fc55de 67624789 382295f7; engine with replays 2712929d 3f9d68d2 69fc55de 67624789 382295f7

[90mstdout[2m | src/test/liveSimMotion.test.tsx[2m > [22m[2mThe pitch part on real feeds[2m > [22m[2mR6: a chance starts with the ball at the shooter and ends in its follow up
[22m[39m[1101 R6] chances staged 2053; holder offenders 0, steady offenders 0, follow up offenders 0; a miss or a save followed by its goal kick or its keeper 1355, led straight on to the next chance 392; set aside and counted: no lead in 78, started from a kick off picture 1, the last kick of the period 40
[1101 R6 turns] chances that waited for their turn 480 of 2053, by 0.48 on average, later than 0.9 0; still playing when the next one starts 13 (per seed 1 2 1 5 4), by more than a tenth of a minute 0
[1101 R6 kick offs] goals with play left after them 266: kick off seen whole (0.76 or more) 147, for 0.6 or more 78, for a beat or more 35, cut under a beat by the next chance 6, none because the last kick's wind up came first 0; on average 0.669 of the clock; 0.6 or more per seed 30 of 41, 50 of 56, 48 of 50, 52 of 63, 45 of 56; whole per seed 16 of 41, 32 of 56, 31 of 50, 37 of 63, 31 of 56; under a beat per seed 2 of 41, 0 of 56, 0 of 50, 0 of 63, 4 of 56; no lead in per seed 20 of 317, 11 of 430, 5 of 423, 20 of 437, 22 of 446
[1101 R6 short kick offs] under 0.6: 41 of 266 (per seed 11 6 2 11 11); the goal itself had to wait 22, the next chance was squeezed from behind 18, the period was ending 1, none of these 0

[90mstdout[2m | src/test/liveSimMotion.test.tsx[2m > [22m[2mThe pitch part on real feeds[2m > [22m[2mR7: every dead ball is taken by the right side from the right place
[22m[39m[1101 R7] dead balls read against their own line of the feed: opening 190, restart 264, corner 659, throwin 1057, freekick 896, goalkick 901, keeper 454; corners whose line names a flank 659; taken by a stand in because that side has no keeper on 3; offenders 0

[90mstdout[2m | src/test/liveSimMotion.test.tsx[2m > [22m[2mThe pitch part on real feeds[2m > [22m[2mR8: the pitch is handed the right kick off and the right share of the ball
[22m[39m[1101 R8] halves handed to the pitch 190 (86 of them away from home, 185 with a share of the ball that is not 50); kick off offenders 0, share offenders 0

[90mstdout[2m | src/test/liveSimMotion.test.tsx[2m > [22m[2mThe goal sequence[2m > [22m[2mthe card's season count is the settled count
[22m[39m[1101 card] matches 4, cards of mine checked against the settled squad row 9

[90mstdout[2m | src/test/liveSimMotion.test.tsx[2m > [22m[2mThe goal sequence[2m > [22m[2mafter Skip the second half opens on the right score, with no card and nothing replayed
[22m[39m[1101 skip] the half found: board 3, its last chance a goal at 45

[90mstdout[2m | src/test/liveSimMotion.test.tsx[2m > [22m[2mThe goal sequence[2m > [22m[2ma goal with the last kick of a period takes nothing off the score while it winds up
[22m[39m[1101 last kick] the period found ends at 90+4 on a goal by me, the score before it 1 - 0

[90mstdout[2m | src/test/liveSimMotion.test.tsx[2m > [22m[2mThe goal sequence[2m > [22m[2ma line fired late by Skip is not played again when extra time starts
[22m[39m[1101 extra] the late line is a save at 87, the board is 7, found on seed 12 of 30000

[90mstdout[2m | src/test/liveSimMotion.test.tsx[2m > [22m[2mThe goal sequence[2m > [22m[2ma goal still on its way when the line up changes off the clock keeps its net, its card and its men
[22m[39m[AR held cast] the half found on attempt 71: a goal at 82 for me, its action staged at 82.300 behind save at 81, the ball in at 83.056, and the line up changes at 83

 [31m❯[39m src/test/liveSimMotion.test.tsx [2m([22m[2m55 tests[22m[2m | [22m[31m3 failed[39m[2m)[22m[33m 39802[2mms[22m[39m
   [32m✓[39m Live simcast motion[2m > [22msettlement ID comparison rejects changed payloads, retained IDs and allocator prefixes[32m 98[2mms[22m[39m
   [32m✓[39m Live simcast motion[2m > [22mthe committed action puts goals in the correct net and saves at the keeper[32m 3[2mms[22m[39m
   [33m[2m✓[22m[39m Live simcast motion[2m > [22mactual feed triggers player strikes, ball flight, saves and net contact [33m 944[2mms[22m[39m
   [32m✓[39m Live simcast motion[2m > [22mpause freezes the ball and player pose, and the same player still opens changes[32m 283[2mms[22m[39m
   [33m[2m✓[22m[39m Live simcast motion[2m > [22mmotion leaves committed state and settled results identical [33m 339[2mms[22m[39m
   [32m✓[39m Live simcast motion[2m > [22ma substitution during a paused action replaces the clickable player immediately[32m 242[2mms[22m[39m
   [32m✓[39m Live simcast motion[2m > [22mspeed changes scale action time with the match clock[32m 254[2mms[22m[39m
   [32m✓[39m Live simcast motion[2m > [22mreduced motion shows the committed catch immediately without animated poses[32m 147[2mms[22m[39m
   [33m[2m✓[22m[39m Live simcast motion[2m > [22mterminal goal and save contact precede the unchanged whistle and score (45 'goal' reduced=false) [33m 2121[2mms[22m[39m
   [33m[2m✓[22m[39m Live simcast motion[2m > [22mterminal goal and save contact precede the unchanged whistle and score (45 'goal' reduced=true) [33m 833[2mms[22m[39m
   [33m[2m✓[22m[39m Live simcast motion[2m > [22mterminal goal and save contact precede the unchanged whistle and score (45 'save' reduced=false) [33m 693[2mms[22m[39m
   [33m[2m✓[22m[39m Live simcast motion[2m > [22mterminal goal and save contact precede the unchanged whistle and score (45 'save' reduced=true) [33m 603[2mms[22m[39m
   [33m[2m✓[22m[39m Live simcast motion[2m > [22mterminal goal and save contact precede the unchanged whistle and score (90 'goal' reduced=false) [33m 1766[2mms[22m[39m
   [33m[2m✓[22m[39m Live simcast motion[2m > [22mterminal goal and save contact precede the unchanged whistle and score (90 'goal' reduced=true) [33m 1661[2mms[22m[39m
   [33m[2m✓[22m[39m Live simcast motion[2m > [22mterminal goal and save contact precede the unchanged whistle and score (90 'save' reduced=false) [33m 918[2mms[22m[39m
   [33m[2m✓[22m[39m Live simcast motion[2m > [22mterminal goal and save contact precede the unchanged whistle and score (90 'save' reduced=true) [33m 785[2mms[22m[39m
   [33m[2m✓[22m[39m Live simcast motion[2m > [22mterminal resume shows contact and Skip keeps immediate exactly-once whistle callbacks [33m 6115[2mms[22m[39m
   [33m[2m✓[22m[39m Live simcast motion[2m > [22ma tactics redraw cancels a terminal action that is no longer committed [33m 581[2mms[22m[39m
   [33m[2m✓[22m[39m Live simcast motion[2m > [22mthe ninetieth minute asks the latest save: refused means full time, never thirty empty minutes [33m 2216[2mms[22m[39m
   [33m[2m✓[22m[39m Live simcast motion[2m > [22mthe ninetieth minute asks the latest save: extra time drawn there is played, whatever this render was given [33m 1235[2mms[22m[39m
   [33m[2m✓[22m[39m Live simcast motion[2m > [22mthe extra time banner says what is true: a second leg is level on aggregate [33m 1169[2mms[22m[39m
   [33m[2m✓[22m[39m Live simcast motion[2m > [22mthe clock runs into the board as 90 plus, with the running aggregate under the score [33m 332[2mms[22m[39m
   [33m[2m✓[22m[39m Live simcast motion[2m > [22ma goal in the board is announced with its plus, GOAL! ... 90+N [33m 1096[2mms[22m[39m
   [33m[2m✓[22m[39m Live simcast motion[2m > [22mthe extra time clock runs into its own board as ET 120 plus [33m 331[2mms[22m[39m
[31m   [31m×[31m The pitch part on real feeds[2m > [22mthe material is 200 half feeds from five clubs in five leagues[39m[33m 2371[2mms[22m[39m
[31m     → expected [ 15, 20, 20, 20, 20 ] to deeply equal [ 20, 20, 20, 20, 20 ][39m
   [32m✓[39m The pitch part on real feeds[2m > [22mR1: the ball is in the goal mouth on goals only[32m 1[2mms[22m[39m
   [32m✓[39m The pitch part on real feeds[2m > [22mR2: nobody stands on a team mate[32m 1[2mms[22m[39m
   [32m✓[39m The pitch part on real feeds[2m > [22mR3: at a kick off each side is in its own half, far from the other keeper[32m 1[2mms[22m[39m
   [32m✓[39m The pitch part on real feeds[2m > [22mR4: the block follows the ball[32m 1[2mms[22m[39m
   [33m[2m✓[22m[39m The pitch part on real feeds[2m > [22mR5: nothing is decided here [33m 681[2mms[22m[39m
   [32m✓[39m The pitch part on real feeds[2m > [22mR6: a chance starts with the ball at the shooter and ends in its follow up[32m 2[2mms[22m[39m
[31m   [31m×[31m The pitch part on real feeds[2m > [22mR7: every dead ball is taken by the right side from the right place[39m[32m 1[2mms[22m[39m
[31m     → expected 190 to be 200 // Object.is equality[39m
[31m   [31m×[31m The pitch part on real feeds[2m > [22mR8: the pitch is handed the right kick off and the right share of the ball[39m[32m 1[2mms[22m[39m
[31m     → expected 190 to be 200 // Object.is equality[39m
   [32m✓[39m The pitch part on real feeds[2m > [22mR9: a goal gets its kick off before the next chance is led in[32m 5[2mms[22m[39m
   [33m[2m✓[22m[39m The goal sequence[2m > [22mthe score waits for the ball and the card lands at net contact [33m 512[2mms[22m[39m
   [32m✓[39m The goal sequence[2m > [22mthe card's season count is the settled count[32m 42[2mms[22m[39m
   [33m[2m✓[22m[39m The goal sequence[2m > [22mafter Skip the second half opens on the right score, with no card and nothing replayed [33m 535[2mms[22m[39m
   [32m✓[39m The goal sequence[2m > [22mnothing says GOAL before the ball is in: not the list beside the pitch, not the line under it[32m 202[2mms[22m[39m
   [32m✓[39m The goal sequence[2m > [22mno frame draws the new score before the ball is in[32m 205[2mms[22m[39m
   [33m[2m✓[22m[39m The goal sequence[2m > [22ma goal with the last kick of a period takes nothing off the score while it winds up [33m 5757[2mms[22m[39m
   [33m[2m✓[22m[39m The goal sequence[2m > [22ma line fired late by Skip is not played again when extra time starts [33m 324[2mms[22m[39m
   [33m[2m✓[22m[39m The goal sequence[2m > [22munder reduced motion the card is held for its first stretch only, and then the match runs on [33m 530[2mms[22m[39m
   [33m[2m✓[22m[39m The goal sequence[2m > [22ma substitution in a goal's wind up takes the card with the action, and the score stops waiting [33m 304[2mms[22m[39m
   [33m[2m✓[22m[39m The goal sequence[2m > [22ma goal still on its way when the line up changes off the clock keeps its net, its card and its men [33m 1695[2mms[22m[39m
   [32m✓[39m The goal sequence[2m > [22ma scorer card counts his goals up to this one, and gives a season count only to one of mine[32m 4[2mms[22m[39m
   [32m✓[39m Match mode[2m > [22ma name goes above its figure when another man stands just under him[32m 1[2mms[22m[39m
   [33m[2m✓[22m[39m Match mode[2m > [22mBack folds the match to a card and pauses it, and the card puts it back [33m 830[2mms[22m[39m
   [32m✓[39m Match mode[2m > [22mone panel at a time, and Escape closes what is open before it is Back[32m 159[2mms[22m[39m
   [33m[2m✓[22m[39m Match mode[2m > [22mthe stats line a phone keeps in view reads the same count as the full stats [33m 745[2mms[22m[39m
   [32m✓[39m Match mode[2m > [22mlevel neighbours take a row each, and a wall shows numbers[32m 1[2mms[22m[39m
   [32m✓[39m Match mode[2m > [22mat full time the folded card offers the report as well as the way back[32m 58[2mms[22m[39m
   [32m✓[39m Match mode[2m > [22ma phone on its side gets the pitch on its side[32m 58[2mms[22m[39m
   [32m✓[39m The part and a change of line up[2m > [22mthe part drops an action when the line up under it changes[32m 3[2mms[22m[39m
   [32m✓[39m The part and a change of line up[2m > [22ma chance whose line fires in the very commit the line up changes is still played, by the new eleven[32m 2[2mms[22m[39m
   [32m✓[39m The part and an action taken back[2m > [22mthe part drops an action the binder has taken back, even with the clock set back before its start[32m 2[2mms[22m[39m

[31m⎯⎯⎯⎯⎯⎯⎯[39m[1m[41m Failed Tests 3 [49m[22m[31m⎯⎯⎯⎯⎯⎯⎯[39m

[41m[1m FAIL [22m[49m src/test/liveSimMotion.test.tsx[2m > [22mThe pitch part on real feeds[2m > [22mthe material is 200 half feeds from five clubs in five leagues
[31m[1mAssertionError[22m: expected [ 15, 20, 20, 20, 20 ] to deeply equal [ 20, 20, 20, 20, 20 ][39m

[32m- Expected[39m
[31m+ Received[39m

[2m  [[22m
[32m-   20,[39m
[31m+   15,[39m
[2m    20,[22m
[2m    20,[22m
[2m    20,[22m
[2m    20,[22m
[2m  ][22m

[36m [2m❯[22m src/test/liveSimMotion.test.tsx:[2m1037:41[22m[39m
    [90m1035| [39m    console.log(`[1101 material] ${m.seeds.map(t => `${t.club} ${t.mat…
    [90m1036| [39m    expect(new Set(FIVE_CLUBS.map(c => c.league)).size).toBe(5);
    [90m1037| [39m    expect(m.seeds.map(t => t.matches)).toEqual([MATCHES_EACH, MATCHES…
    [90m   | [39m                                        [31m^[39m
    [90m1038| [39m    expect(m.inputs).toBe(200);
    [90m1039| [39m    expect(sum(m.seeds.map(t => t.halves))).toBe(200);

[31m[2m⎯⎯⎯⎯⎯⎯⎯⎯⎯⎯⎯⎯⎯⎯⎯⎯⎯⎯⎯⎯⎯⎯⎯⎯[1/3]⎯[22m[39m

[41m[1m FAIL [22m[49m src/test/liveSimMotion.test.tsx[2m > [22mThe pitch part on real feeds[2m > [22mR7: every dead ball is taken by the right side from the right place
[31m[1mAssertionError[22m: expected 190 to be 200 // Object.is equality[39m

[32m- Expected[39m
[31m+ Received[39m

[32m- 200[39m
[31m+ 190[39m

[36m [2m❯[22m src/test/liveSimMotion.test.tsx:[2m1139:30[22m[39m


[31m[2m⎯⎯⎯⎯⎯⎯⎯⎯⎯⎯⎯⎯⎯⎯⎯⎯⎯⎯⎯⎯⎯⎯⎯⎯[2/3]⎯[22m[39m

[41m[1m FAIL [22m[49m src/test/liveSimMotion.test.tsx[2m > [22mThe pitch part on real feeds[2m > [22mR8: the pitch is handed the right kick off and the right share of the ball
[31m[1mAssertionError[22m: expected 190 to be 200 // Object.is equality[39m

[32m- Expected[39m
[31m+ Received[39m

[32m- 200[39m
[31m+ 190[39m

[36m [2m❯[22m src/test/liveSimMotion.test.tsx:[2m1151:34[22m[39m


[31m[2m⎯⎯⎯⎯⎯⎯⎯⎯⎯⎯⎯⎯⎯⎯⎯⎯⎯⎯⎯⎯⎯⎯⎯⎯[3/3]⎯[22m[39m


[2m Test Files [22m [1m[31m1 failed[39m[22m[90m (1)[39m
[2m      Tests [22m [1m[31m3 failed[39m[22m[2m | [22m[1m[32m52 passed[39m[22m[90m (55)[39m
[2m   Start at [22m 09:07:42
[2m   Duration [22m 42.56s[2m (transform 1.55s, setup 53ms, collect 1.97s, tests 39.80s, environment 309ms, prepare 133ms)[22m


::error file=/home/runner/work/ballpark-hero/ballpark-hero/src/test/liveSimMotion.test.tsx,title=src/test/liveSimMotion.test.tsx > The pitch part on real feeds > the material is 200 half feeds from five clubs in five leagues,line=1037,column=41::AssertionError: expected [ 15, 20, 20, 20, 20 ] to deeply equal [ 20, 20, 20, 20, 20 ]%0A%0A- Expected%0A+ Received%0A%0A  [%0A-   20,%0A+   15,%0A    20,%0A    20,%0A    20,%0A    20,%0A  ]%0A%0A ❯ src/test/liveSimMotion.test.tsx:1037:41%0A%0A

::error file=/home/runner/work/ballpark-hero/ballpark-hero/src/test/liveSimMotion.test.tsx,title=src/test/liveSimMotion.test.tsx > The pitch part on real feeds > R7%3A every dead ball is taken by the right side from the right place,line=1139,column=30::AssertionError: expected 190 to be 200 // Object.is equality%0A%0A- Expected%0A+ Received%0A%0A- 200%0A+ 190%0A%0A ❯ src/test/liveSimMotion.test.tsx:1139:30%0A%0A

::error file=/home/runner/work/ballpark-hero/ballpark-hero/src/test/liveSimMotion.test.tsx,title=src/test/liveSimMotion.test.tsx > The pitch part on real feeds > R8%3A the pitch is handed the right kick off and the right share of the ball,line=1151,column=34::AssertionError: expected 190 to be 200 // Object.is equality%0A%0A- Expected%0A+ Received%0A%0A- 200%0A+ 190%0A%0A ❯ src/test/liveSimMotion.test.tsx:1151:34%0A%0A
