1) every pair two sourced, off any wiki, between real clubs, and the ratchet only shrinks
  FAIL: alias key Koln is not a Soccer Career club
  FAIL: alias key Al Diriyah is not a Soccer Career club
  FAIL: alias key Al Ettifaq is not a Soccer Career club
  FAIL: alias key Al Faisaly is not a Soccer Career club
  FAIL: alias key Al Fateh is not a Soccer Career club
  FAIL: alias key Al Fayha is not a Soccer Career club
  FAIL: alias key Al Hazem is not a Soccer Career club
  FAIL: alias key Al Khaleej is not a Soccer Career club
  FAIL: alias key Al Kholood is not a Soccer Career club
  FAIL: alias key Al Qadsiah is not a Soccer Career club
  FAIL: alias key Al Riyadh is not a Soccer Career club
  FAIL: alias key Al Taawoun is not a Soccer Career club
  FAIL: alias key Kasimpasa is not a Soccer Career club
  FAIL: alias key DC United is not a Soccer Career club
  FAIL: alias key Brondby IF is not a Soccer Career club
  FAIL: alias key FC Nordsjaelland is not a Soccer Career club
  FAIL: alias key SonderjyskE is not a Soccer Career club
   14 pair clubs Soccer Career spells differently, 0 missing from the alias map
   64 pairs, 0 bad; 42 aliases; 115 primary edges, 57 on the ratchet (frozen at 57), 0 unaccounted
2) Club Manager reads exactly what it read before the lift
   rivals 565e14623c2f (115 keys), board c37dbeb1ca09 (438 clubs)
pool: 200 careers, 2000 playing seasons, 1329 with derbies (2 s)
3) the right derbies, the verified number of meetings, and nothing else
   pool: 2000 seasons, 1329 with a derby; meetings per rival {"2":1865}; 0 wrong counts, 0 wrong rival sets, 0 derbies keys where none was due
   Arsenal 2020: 120 of 120 seasons right (Tottenham, Chelsea; the North London derby and a London derby)
   Real Madrid 2020: 120 of 120 seasons right (Barcelona, Atletico Madrid; El Clasico and the Madrid derby)
   Man City 2020: 120 of 120 seasons right (Man United; the alias map: Man City is Manchester City in the table)
   Sao Paulo 2020: 120 of 120 seasons right (none; before 2026-27 the Brasileirao is not one of the six leagues the ledgers hold)
   Sao Paulo 2026: 120 of 120 seasons right (Corinthians, Palmeiras, Santos; three Paulista rivals, through the alias map)
   Corinthians 2002: 120 of 120 seasons right (none; the Brasileirao before 2003 claims nothing)
   Corinthians 2003: 120 of 120 seasons right (none; before 2026-27 the Brasileirao is not one of the six leagues the ledgers hold)
   Corinthians 2026: 120 of 120 seasons right (Palmeiras, Sao Paulo, Santos; the double round robin Brasileirao)
   Newcastle 2020: 120 of 120 seasons right (none; Sunderland were in League One in 2020-21 (the league ledgers))
   Newcastle 2026: 120 of 120 seasons right (Sunderland; the Tyne-Wear derby, woken by Round 1013 adding Sunderland)
   Celta Vigo 2020: 120 of 120 seasons right (none; Deportivo were in the third tier in 2020-21 (the league ledgers))
   Celta Vigo 2026: 120 of 120 seasons right (Deportivo; the Galician derby, Round 1013 Deportivo through the alias map)
   West Ham 2020: 120 of 120 seasons right (Tottenham; Millwall plays in another league in the game, so the Dockers derby is dormant)
   Roma 2020: 120 of 120 seasons right (Napoli; Lazio is not a Soccer Career club, so the Derby della Capitale is dormant)
   PSG 2018: 120 of 120 seasons right (Marseille; the last full Ligue 1 season before the held one)
   PSG 2019: 120 of 120 seasons right (none; Ligue 1 2019/20 was abandoned, held)
   PSG 2020: 120 of 120 seasons right (Marseille; Ligue 1 after the held season)
   Club America 1995: 120 of 120 seasons right (none; Liga MX before the short tournaments claims nothing)
   Club America 1996: 120 of 120 seasons right (none; before 2026-27 Liga MX is not one of the six leagues the ledgers hold)
   Club America 2019: 120 of 120 seasons right (none; the Clausura 2020 was cancelled, held)
   Club America 2026: 120 of 120 seasons right (Chivas, Cruz Azul, Pumas; the Liga MX clasicos, through the alias map)
   Boca Juniors 2020: 120 of 120 seasons right (none; Argentina has no verified cadence)
   Brighton 1990: 120 of 120 seasons right (none; Brighton were in the Second Division in 1990-91 (the league ledgers))
   Crystal Palace 1991: 120 of 120 seasons right (none; a First Division season, Brighton a division below (the league ledgers))
   Brighton 2026: 120 of 120 seasons right (Crystal Palace; the M23 derby from 2026-27)
   2026: 50 pairs active, 14 dormant (pinned 56 and 8)
  FAIL: 50 pairs active in 2026, pinned at 56
  FAIL: pair status moved in 2026: newly active [], newly dormant ["Borussia Dortmund and Schalke 04","Guadalajara and Atlas","Köln and Gladbach","Lille and Lens","Roma and Lazio","Werder Bremen and Hamburg"]
4) derby goals are a subset, keepers never score one, Derby Hero is derived and never stored
   2889 derby seasons: 0 over the season's goals, 0 over its league apps, 0 keeper goals, 0 bad winner flags, 0 goals in a missed game, 0 hero mismatches, 0 careers storing a Derby Hero award
   4385 two meeting rivalries, 0 played both at one ground; 2889 seasons replayed from their own inputs, 0 differ from what the engine stored
5) resolving the derbies draws nothing from the main stream
   16 of 16 digests equal; bundle B played 154 derby seasons, bundle A 0
6) the swing is bounded, results follow strength, heroes follow position
   6a: 2889 seasons swung, 0 outside the bands, 0 popularity and 0 morale off the clamp
   6b: win share by strength gap 2: 0.568 (1330), 1: 0.478 (2340), 0: 0.361 (2960), -1: 0.270 (1772), -2: 0.194 (408)
   6c: draw share 0.268 over 10690 meetings
   6d: hero rate att 0.069 (1434), mid 0.038 (929), def 0.011 (912), gk 0.000 (454)
   6d: 149 winners in 315 won meetings he scored in, 163.0 expected, ratio 0.914 (band 0.85 to 1.2)
   6e: popularity at every season's end, on 70.813 (1323) off 70.309 (1331) difference 0.504 (band 6)
   6e: 80 long careers each way, 0 and 0 divorced, 0 and 0 with a Hall of Fame line
   6e: final popularity on 96.475 off 96.037 difference 0.438 (band 2)
   6e: final morale on 70.412 off 67.275 difference 3.137 (band 14)
   6e: sponsorship on 4.031 off 4.031 difference -0.000 (band 0.3)
   6e: net worth on 54.187 off 54.611 difference -0.424 (band 4)
   6e: hall of fame lines on 0.000 off 0.000 difference 0.000 (band 0.08)
7) an old save plays on, garbage reads as nothing, the UI draws only what a season has
   old save: 10 seasons, played on to 11
   old season markup 0 chars; chip "🔥 1-1-0"; totals "🔥 Derbies: 2 played, 1 W 1 D 0 L, 1 goal"
8) no text claims a derby the record may contradict, and no dash anywhere
   8894 derby log and summary lines, 13350 fan comment sets, 0 with a dash
simCareerDerbies: 19 failures, sections 1, 3 red
