0) an unloaded job market says so, and never pretends to be an empty one
   unloaded: 0 offers and the note is "Still getting the phone lines up. Give it a se"
1) A sack no longer hands you another job on the same line
   159 sackings across 250 careers, 159 left the manager unemployed, 0 were instant rehires
2) A decorated player gets more interest than a nobody when sacked
   Ballon d'Or winner sacked: 1.92 offers, 1% empty (165 spells)
   journeyman sacked:         1.09 offers, 27% empty (170 spells)
3) Sitting out makes it worse, and you can accept a job
   sacked with 2 offers ("2 clubs want to talk...."), after another season out: seasonsOut 1
   accepted Sheffield United (tier 4): unemployed now false
4) Copy check
   clean
5) Round 1029: the final table is his own league
   29304 seasons: 28766 at a club of the list, 538 at a market club, 18368 with a verified size, 10046 with no rival to name
   57981 named rows checked, 59235 unnamed; wrong league 0, himself twice 0, "of N" wrong 0, size wrong 0
   1426 market jobs taken (1177 in a league the list spells another way), 495 promotions to the Premier League, 141 relegations to the Championship, 10489 seasons in a named league of unknown size (0 knowing 20 or more clubs)
   table not his league 0, known clubs wrong 0, a position in a league of unknown size 0, promotion or relegation words wrong 0
   5858 seasons before 2026-27 in a league the list knows clubs of, 195 finishes in the English pair's move zones before 2004/05; a past season naming a rival or misflagged 0
   6938 past seasons in a league the game holds, 34 of them with a move line; naming a league 0; 21919 later seasons, header without his league 0
   Round 1037: 3456 past seasons in a league the ledgers hold, headed wrong 0; 216 jobs placed in the league their club was in that year; 447 past seasons unplaced (the ledgers put the club in none of the six while its label names one)
   2011 to 2018 in the English pair: 872 seasons, 46 moves between the two, 92 lines saying promoted or relegated
   the field of unknown size knowing 24 clubs: 24 with his own, 25 for a club outside the list, before and after 2026-27
   Arsenal met 14 named clubs, 0 from outside the Premier League
   a Manchester City job met 14 named clubs; Man City among them: false
   an RB Salzburg job named nobody
   a club nothing names met 0 named clubs
   whole fields: Arsenal 19 named of 20, Manchester City 19 of 20, RB Salzburg 0 of 20
   took Nacional (Primeira Liga): table Primeira Liga, 5 known rivals
   took Kasimpasa (Süper Lig): table Super Lig, 4 known rivals
   took West Ham United (EFL Championship): table Championship, 22 known rivals
   took Eintracht Braunschweig (2. Bundesliga): table 2. Bundesliga, 1 known rivals
   an old save at Como (Serie A) with no league saved plays Serie A
   rates: t1.title 0.1076, t1.sack 0.1095, t2.title 0.0970, t2.promo 0.1701, t2.sack 0.1177, t3.title 0.0868, t3.promo 0.1633, t3.sack 0.0628, t4.title 0.0653, t4.promo 0.1219

ALL MANAGER CAREER CHECKS PASSED
