playTranslatedPage: http://localhost:4173, 9 page(s), views phone and desktop, text keep and alter, CONTROL=noguard
  PASS  0. the served entry chunk (/assets/index-B9I8soIb.js) holds the guard's off switch __DUKB_NO_TRANSLATE_GUARD__
  PASS  0. the served entry chunk holds the guard's console line

/club-manager phone keep
        ok the page draws moved=0 stale=0 fonts=550
        ok press 1 [How to play] moved=0 stale=0 fonts=752
        ok press 2 [Let's Play!] moved=0 stale=0 fonts=548
        ok press 3 [📅2026-27Today. Real squads as of August] moved=0 stale=0 fonts=776
        ok press 4 [📅 Starting 2026-27] moved=0 stale=0 fonts=550
        ok press 5 [🏟️2020-21Haaland and Bellingham at Dort] moved=0 stale=0 fonts=558
        ok press 6 [🏟️ Starting 2020-21] moved=0 stale=0 fonts=550
        ok press 7 [🦊2015-16The Leicester season. MSN Barce] moved=0 stale=0 fonts=560
        ok press 8 [🦊 Starting 2015-16] moved=0 stale=0 fonts=550
  PASS  1. /club-manager phone keep: the translator ran: 714 text node(s) swapped, lang="pt"
  PASS  5. /club-manager phone keep: the walk pressed at least two controls: 8: How to play > Let's Play! > 📅2026-27Today. Real s > 📅 Starting 2026-27 > 🏟️2020-21Haaland and  > 🏟️ Starting 2020-21 > 🦊2015-16The Leicester > 🦊 Starting 2015-16
  PASS  6. /club-manager phone keep: the route error boundary never appeared
  PASS  7. /club-manager phone keep: no NotFoundError

/ phone keep
        ok the page draws moved=0 stale=0 fonts=2204
        ok press 1 [Make a free one] moved=0 stale=0 fonts=2248
        ok press 2 [Close] moved=0 stale=0 fonts=2216
        ok press 3 [Pin Cage Clash] moved=0 stale=0 fonts=2226
        ok press 4 [Pin Deadline Day] moved=0 stale=0 fonts=2232
        ok press 5 [Pin Gauntlet Draft: NHL] moved=0 stale=0 fonts=2238
        ok press 6 [Pin Aussie Rules Manager] moved=0 stale=0 fonts=2244
        ok press 7 [🥊 Ali] moved=0 stale=0 fonts=2254
        ok press 8 [Unpin Cage Clash] moved=0 stale=0 fonts=2248
  PASS  1. / phone keep: the translator ran: 1147 text node(s) swapped, lang="pt"
  PASS  5. / phone keep: the walk pressed at least two controls: 8: Make a free one > Close > Pin Cage Clash > Pin Deadline Day > Pin Gauntlet Draft: NH > Pin Aussie Rules Manag > 🥊 Ali > Unpin Cage Clash
  PASS  6. / phone keep: the route error boundary never appeared
  PASS  7. / phone keep: no NotFoundError

/soccer-career phone keep
        ok the create screen draws moved=0 stale=0 fonts=372
        ok type the name moved=0 stale=0 fonts=372
        XX choose nationality Brazil [Brazil🇧🇷] moved=1 stale=0 fonts=90
        ok the create screen draws moved=0 stale=0 fonts=372
        ok type the name moved=0 stale=0 fonts=372
        XX choose nationality Brazil [Brazil🇧🇷] moved=1 stale=0 fonts=90
  PASS  1. /soccer-career phone keep: the translator ran: 471 text node(s) swapped, lang="pt"
  PASS  2. /soccer-career phone keep: the create screen drew
  FAIL  2. /soccer-career phone keep: all three picks registered, Brazil among them: the boundary took the page at "choose nationality Brazil"
  FAIL  2. /soccer-career phone keep: each pick can be READ in its box, bar the known hidden one (nationality): the boundary took the page at "choose nationality Brazil"
  FAIL  3. /soccer-career phone keep: the create flow reached the career: the boundary took the page at "choose nationality Brazil"
  FAIL  4. /soccer-career phone keep: one season forward and the hub still stands: the career was never reached
  FAIL  5. /soccer-career phone keep: the walk pressed at least two controls: 1: Brazil🇧🇷
  FAIL  6. /soccer-career phone keep: the route error boundary never appeared: it took the page at "choose nationality Brazil"
  FAIL  7. /soccer-career phone keep: no NotFoundError: console: NotFoundError: Failed to execute 'removeChild' on 'Node': The node to be removed is not a child of this node.
    at HTMLSpanElement.myRemove
        Try this page again: reloaded, translated again, and broke again at "choose nationality Brazil"

/nba-my-career phone keep
        ok the page draws moved=0 stale=0 fonts=516
        ok press 1 [Let's Play!] moved=0 stale=0 fonts=438
        ok press 2 [🏀 2026The league as it is today. Full m] moved=0 stale=0 fonts=438
        ok press 3 [⏪ 2003-04 throwbackThe 29 team league of] moved=0 stale=0 fonts=438
        ok press 4 [PG] moved=0 stale=0 fonts=438
        ok press 5 [SG] moved=0 stale=0 fonts=438
        ok press 6 [SF] moved=0 stale=0 fonts=436
        ok press 7 [PF] moved=0 stale=0 fonts=438
        ok press 8 [C] moved=0 stale=0 fonts=438
  PASS  1. /nba-my-career phone keep: the translator ran: 288 text node(s) swapped, lang="pt"
  PASS  5. /nba-my-career phone keep: the walk pressed at least two controls: 8: Let's Play! > 🏀 2026The league as i > ⏪ 2003-04 throwbackThe > PG > SG > SF > PF > C
  PASS  6. /nba-my-career phone keep: the route error boundary never appeared
  PASS  7. /nba-my-career phone keep: no NotFoundError

/nfl-my-career phone keep
        ok the page draws moved=0 stale=0 fonts=528
        ok press 1 [Let's Play!] moved=0 stale=0 fonts=448
        ok press 2 [🏈 2026The league as it is today. Full m] moved=0 stale=0 fonts=448
        ok press 3 [⏪ 2005 throwbackThe 2005 league: the Rai] moved=0 stale=0 fonts=448
        ok press 4 [QB] moved=0 stale=0 fonts=448
        ok press 5 [RB] moved=0 stale=0 fonts=448
        ok press 6 [WR] moved=0 stale=0 fonts=446
        ok press 7 [TE] moved=0 stale=0 fonts=448
        ok press 8 [LB] moved=0 stale=0 fonts=448
  PASS  1. /nfl-my-career phone keep: the translator ran: 294 text node(s) swapped, lang="pt"
  PASS  5. /nfl-my-career phone keep: the walk pressed at least two controls: 8: Let's Play! > 🏈 2026The league as i > ⏪ 2005 throwbackThe 20 > QB > RB > WR > TE > LB
  PASS  6. /nfl-my-career phone keep: the route error boundary never appeared
  PASS  7. /nfl-my-career phone keep: no NotFoundError

/stadium-tycoon phone keep
        ok the page draws moved=0 stale=2 fonts=902
        ok press 1 [Close the rules] moved=0 stale=2 fonts=556
        ok press 2 [🏟️ Stadium] moved=0 stale=2 fonts=556
        ok press 3 [🎓 Academy] moved=0 stale=0 fonts=504
        ok press 4 [Close the rules] moved=0 stale=0 fonts=436
        ok press 5 [🏆 League] moved=0 stale=0 fonts=480
        ok press 6 [Northquay Swifts] moved=0 stale=0 fonts=466
        ok press 7 [🏟️ Stadium] moved=0 stale=1 fonts=560
        ok press 8 [How it works] moved=0 stale=2 fonts=906
  PASS  1. /stadium-tycoon phone keep: the translator ran: 959 text node(s) swapped, lang="pt"
  PASS  5. /stadium-tycoon phone keep: the walk pressed at least two controls: 8: Close the rules > 🏟️ Stadium > 🎓 Academy > Close the rules > 🏆 League > Northquay Swifts > 🏟️ Stadium > How it works
  PASS  6. /stadium-tycoon phone keep: the route error boundary never appeared
  PASS  7. /stadium-tycoon phone keep: no NotFoundError

/college-grid phone keep
        ok the page draws moved=0 stale=0 fonts=340
        ok press 1 [Close] moved=0 stale=0 fonts=306
        ok press 2 [How to play] moved=0 stale=0 fonts=350
        ok press 3 [Let's Play!] moved=0 stale=0 fonts=306
        ok press 4 [Report] moved=0 stale=0 fonts=326
        ok press 5 [Close] moved=0 stale=0 fonts=306
        ok press 6 [How to play] moved=0 stale=0 fonts=350
        ok press 7 [Let's Play!] moved=0 stale=0 fonts=306
        ok press 8 [Report] moved=0 stale=0 fonts=324
  PASS  1. /college-grid phone keep: the translator ran: 240 text node(s) swapped, lang="pt"
  PASS  5. /college-grid phone keep: the walk pressed at least two controls: 8: Close > How to play > Let's Play! > Report > Close > How to play > Let's Play! > Report
  PASS  6. /college-grid phone keep: the route error boundary never appeared
  PASS  7. /college-grid phone keep: no NotFoundError

/build-your-xi phone keep
        ok the page draws moved=0 stale=0 fonts=426
        ok press 1 [Got it!] moved=0 stale=0 fonts=306
        ok press 2 [How to play] moved=0 stale=0 fonts=350
        ok press 3 [Let's Play!] moved=0 stale=0 fonts=308
        ok press 4 [4-3-311 players] moved=0 stale=0 fonts=332
        ok press 5 [GK] moved=0 stale=0 fonts=334
        ok press 6 [LB] moved=0 stale=0 fonts=334
        ok press 7 [CB] moved=0 stale=0 fonts=334
        ok press 8 [RB] moved=0 stale=0 fonts=334
  PASS  1. /build-your-xi phone keep: the translator ran: 276 text node(s) swapped, lang="pt"
  PASS  5. /build-your-xi phone keep: the walk pressed at least two controls: 8: Got it! > How to play > Let's Play! > 4-3-311 players > GK > LB > CB > RB
  PASS  6. /build-your-xi phone keep: the route error boundary never appeared
  PASS  7. /build-your-xi phone keep: no NotFoundError

/front-office phone keep
        ok the page draws moved=0 stale=0 fonts=488
        ok press 1 [Arizona CardinalsNFC West] moved=0 stale=0 fonts=436
        ok press 2 [Process, patience, all the safe wordsMea] moved=0 stale=1 fonts=412
        ok press 3 [👔Roster52 under contractDadrion Taylor-] moved=0 stale=1 fonts=468
        ok press 4 [Hub] moved=0 stale=1 fonts=412
        ok press 5 [💼Free agency$151M of roomIn reach: Jama] moved=0 stale=1 fonts=732
        ok press 6 [Sign] moved=0 stale=3 fonts=716
        ok press 7 [Abandon franchise and restart] moved=0 stale=0 fonts=488
        ok press 8 [Atlanta FalconsNFC South] moved=0 stale=0 fonts=438
  PASS  1. /front-office phone keep: the translator ran: 798 text node(s) swapped, lang="pt"
  PASS  5. /front-office phone keep: the walk pressed at least two controls: 8: Arizona CardinalsNFC W > Process, patience, all > 👔Roster52 under contr > Hub > 💼Free agency$151M of  > Sign > Abandon franchise and  > Atlanta FalconsNFC Sou
  PASS  6. /front-office phone keep: the route error boundary never appeared
  PASS  7. /front-office phone keep: no NotFoundError

/soccer-career desktop keep
        ok the create screen draws moved=0 stale=0 fonts=372
        ok type the name moved=0 stale=0 fonts=372
        XX choose nationality Brazil [Brazil🇧🇷] moved=1 stale=0 fonts=90
        ok the create screen draws moved=0 stale=0 fonts=372
        ok type the name moved=0 stale=0 fonts=372
        XX choose nationality Brazil [Brazil🇧🇷] moved=1 stale=0 fonts=90
  PASS  1. /soccer-career desktop keep: the translator ran: 466 text node(s) swapped, lang="pt"
  PASS  2. /soccer-career desktop keep: the create screen drew
  FAIL  2. /soccer-career desktop keep: all three picks registered, Brazil among them: the boundary took the page at "choose nationality Brazil"
  FAIL  2. /soccer-career desktop keep: each pick can be READ in its box, bar the known hidden one (nationality): the boundary took the page at "choose nationality Brazil"
  FAIL  3. /soccer-career desktop keep: the create flow reached the career: the boundary took the page at "choose nationality Brazil"
  FAIL  4. /soccer-career desktop keep: one season forward and the hub still stands: the career was never reached
  FAIL  5. /soccer-career desktop keep: the walk pressed at least two controls: 1: Brazil🇧🇷
  FAIL  6. /soccer-career desktop keep: the route error boundary never appeared: it took the page at "choose nationality Brazil"
  FAIL  7. /soccer-career desktop keep: no NotFoundError: console: NotFoundError: Failed to execute 'removeChild' on 'Node': The node to be removed is not a child of this node.
    at HTMLSpanElement.myRemove
        Try this page again: reloaded, translated again, and broke again at "choose nationality Brazil"

/ desktop keep
        ok the page draws moved=0 stale=0 fonts=2216
        ok press 1 [Scroll the daily puzzles on] moved=0 stale=0 fonts=2216
        ok press 2 [Make a free one] moved=0 stale=0 fonts=2248
        ok press 3 [Close] moved=0 stale=0 fonts=2216
        ok press 4 [Pin Cage Clash] moved=0 stale=0 fonts=2226
        ok press 5 [Pin Deadline Day] moved=0 stale=0 fonts=2232
        ok press 6 [Pin Gauntlet Draft: NHL] moved=0 stale=0 fonts=2238
        ok press 7 [Pin Aussie Rules Manager] moved=0 stale=0 fonts=2244
        ok press 8 [🥊 Ali] moved=0 stale=0 fonts=2254
  PASS  1. / desktop keep: the translator ran: 1146 text node(s) swapped, lang="pt"
  PASS  5. / desktop keep: the walk pressed at least two controls: 8: Scroll the daily puzzl > Make a free one > Close > Pin Cage Clash > Pin Deadline Day > Pin Gauntlet Draft: NH > Pin Aussie Rules Manag > 🥊 Ali
  PASS  6. / desktop keep: the route error boundary never appeared
  PASS  7. / desktop keep: no NotFoundError

/club-manager desktop keep
        ok the page draws moved=0 stale=0 fonts=550
        ok press 1 [How to play] moved=0 stale=0 fonts=752
        ok press 2 [Let's Play!] moved=0 stale=0 fonts=550
        ok press 3 [📅2026-27Today. Real squads as of August] moved=0 stale=0 fonts=774
        ok press 4 [📅 Starting 2026-27] moved=0 stale=0 fonts=550
        ok press 5 [🏟️2020-21Haaland and Bellingham at Dort] moved=0 stale=0 fonts=560
        ok press 6 [🏟️ Starting 2020-21] moved=0 stale=0 fonts=548
        ok press 7 [🦊2015-16The Leicester season. MSN Barce] moved=0 stale=0 fonts=560
        ok press 8 [🦊 Starting 2015-16] moved=0 stale=0 fonts=550
  PASS  1. /club-manager desktop keep: the translator ran: 697 text node(s) swapped, lang="pt"
  PASS  5. /club-manager desktop keep: the walk pressed at least two controls: 8: How to play > Let's Play! > 📅2026-27Today. Real s > 📅 Starting 2026-27 > 🏟️2020-21Haaland and  > 🏟️ Starting 2020-21 > 🦊2015-16The Leicester > 🦊 Starting 2015-16
  PASS  6. /club-manager desktop keep: the route error boundary never appeared
  PASS  7. /club-manager desktop keep: no NotFoundError

/nba-my-career desktop keep
        ok the page draws moved=0 stale=0 fonts=516
        ok press 1 [Let's Play!] moved=0 stale=0 fonts=436
        ok press 2 [🏀 2026The league as it is today. Full m] moved=0 stale=0 fonts=438
        ok press 3 [⏪ 2003-04 throwbackThe 29 team league of] moved=0 stale=0 fonts=438
        ok press 4 [PG] moved=0 stale=0 fonts=438
        ok press 5 [SG] moved=0 stale=0 fonts=438
        ok press 6 [SF] moved=0 stale=0 fonts=436
        ok press 7 [PF] moved=0 stale=0 fonts=438
        ok press 8 [C] moved=0 stale=0 fonts=438
  PASS  1. /nba-my-career desktop keep: the translator ran: 288 text node(s) swapped, lang="pt"
  PASS  5. /nba-my-career desktop keep: the walk pressed at least two controls: 8: Let's Play! > 🏀 2026The league as i > ⏪ 2003-04 throwbackThe > PG > SG > SF > PF > C
  PASS  6. /nba-my-career desktop keep: the route error boundary never appeared
  PASS  7. /nba-my-career desktop keep: no NotFoundError

/nfl-my-career desktop keep
        ok the page draws moved=0 stale=0 fonts=528
        ok press 1 [Let's Play!] moved=0 stale=0 fonts=448
        ok press 2 [🏈 2026The league as it is today. Full m] moved=0 stale=0 fonts=448
        ok press 3 [⏪ 2005 throwbackThe 2005 league: the Rai] moved=0 stale=0 fonts=448
        ok press 4 [QB] moved=0 stale=0 fonts=448
        ok press 5 [RB] moved=0 stale=0 fonts=448
        ok press 6 [WR] moved=0 stale=0 fonts=446
        ok press 7 [TE] moved=0 stale=0 fonts=448
        ok press 8 [LB] moved=0 stale=0 fonts=448
  PASS  1. /nfl-my-career desktop keep: the translator ran: 294 text node(s) swapped, lang="pt"
  PASS  5. /nfl-my-career desktop keep: the walk pressed at least two controls: 8: Let's Play! > 🏈 2026The league as i > ⏪ 2005 throwbackThe 20 > QB > RB > WR > TE > LB
  PASS  6. /nfl-my-career desktop keep: the route error boundary never appeared
  PASS  7. /nfl-my-career desktop keep: no NotFoundError

/stadium-tycoon desktop keep
        ok the page draws moved=0 stale=1 fonts=906
        ok press 1 [Close the rules] moved=0 stale=2 fonts=560
        ok press 2 [🏟️ Stadium] moved=0 stale=2 fonts=560
        ok press 3 [🎓 Academy] moved=0 stale=0 fonts=504
        ok press 4 [Close the rules] moved=0 stale=0 fonts=436
        ok press 5 [🏆 League] moved=0 stale=0 fonts=480
        ok press 6 [Northquay Swifts] moved=0 stale=0 fonts=466
        ok press 7 [🏟️ Stadium] moved=0 stale=1 fonts=556
        ok press 8 [How it works] moved=0 stale=2 fonts=906
  PASS  1. /stadium-tycoon desktop keep: the translator ran: 959 text node(s) swapped, lang="pt"
  PASS  5. /stadium-tycoon desktop keep: the walk pressed at least two controls: 8: Close the rules > 🏟️ Stadium > 🎓 Academy > Close the rules > 🏆 League > Northquay Swifts > 🏟️ Stadium > How it works
  PASS  6. /stadium-tycoon desktop keep: the route error boundary never appeared
  PASS  7. /stadium-tycoon desktop keep: no NotFoundError

/college-grid desktop keep
        ok the page draws moved=0 stale=0 fonts=338
        ok press 1 [Close] moved=0 stale=0 fonts=306
        ok press 2 [How to play] moved=0 stale=0 fonts=350
        ok press 3 [Let's Play!] moved=0 stale=0 fonts=304
        ok press 4 [Report] moved=0 stale=0 fonts=326
        ok press 5 [Close] moved=0 stale=0 fonts=306
        ok press 6 [How to play] moved=0 stale=0 fonts=350
        ok press 7 [Let's Play!] moved=0 stale=0 fonts=306
        ok press 8 [Report] moved=0 stale=0 fonts=324
  PASS  1. /college-grid desktop keep: the translator ran: 240 text node(s) swapped, lang="pt"
  PASS  5. /college-grid desktop keep: the walk pressed at least two controls: 8: Close > How to play > Let's Play! > Report > Close > How to play > Let's Play! > Report
  PASS  6. /college-grid desktop keep: the route error boundary never appeared
  PASS  7. /college-grid desktop keep: no NotFoundError

/build-your-xi desktop keep
        ok the page draws moved=0 stale=0 fonts=426
        ok press 1 [Got it!] moved=0 stale=0 fonts=308
        ok press 2 [How to play] moved=0 stale=0 fonts=350
        ok press 3 [Let's Play!] moved=0 stale=0 fonts=308
        ok press 4 [4-3-311 players] moved=0 stale=0 fonts=332
        ok press 5 [GK] moved=0 stale=0 fonts=334
        ok press 6 [LB] moved=0 stale=0 fonts=334
        ok press 7 [CB] moved=0 stale=0 fonts=334
        ok press 8 [RB] moved=0 stale=0 fonts=334
  PASS  1. /build-your-xi desktop keep: the translator ran: 276 text node(s) swapped, lang="pt"
  PASS  5. /build-your-xi desktop keep: the walk pressed at least two controls: 8: Got it! > How to play > Let's Play! > 4-3-311 players > GK > LB > CB > RB
  PASS  6. /build-your-xi desktop keep: the route error boundary never appeared
  PASS  7. /build-your-xi desktop keep: no NotFoundError

/front-office desktop keep
        ok the page draws moved=0 stale=0 fonts=488
        ok press 1 [Arizona CardinalsNFC West] moved=0 stale=0 fonts=438
        ok press 2 [Process, patience, all the safe wordsMea] moved=0 stale=1 fonts=412
        ok press 3 [👔Roster52 under contractDadrion Taylor-] moved=0 stale=1 fonts=468
        ok press 4 [Hub] moved=0 stale=1 fonts=412
        ok press 5 [💼Free agency$151M of roomIn reach: Jama] moved=0 stale=1 fonts=732
        ok press 6 [Sign] moved=0 stale=3 fonts=718
        ok press 7 [Abandon franchise and restart] moved=0 stale=0 fonts=488
        ok press 8 [Atlanta FalconsNFC South] moved=0 stale=0 fonts=438
  PASS  1. /front-office desktop keep: the translator ran: 798 text node(s) swapped, lang="pt"
  PASS  5. /front-office desktop keep: the walk pressed at least two controls: 8: Arizona CardinalsNFC W > Process, patience, all > 👔Roster52 under contr > Hub > 💼Free agency$151M of  > Sign > Abandon franchise and  > Atlanta FalconsNFC Sou
  PASS  6. /front-office desktop keep: the route error boundary never appeared
  PASS  7. /front-office desktop keep: no NotFoundError

/club-manager phone alter
        ok the page draws moved=0 stale=0 fonts=550
        ok press 1 [How to play] moved=0 stale=0 fonts=750
        ok press 2 [Let's Play!] moved=0 stale=0 fonts=550
        ok press 3 [📅2026-27Today. Real squads as of August] moved=0 stale=0 fonts=776
        ok press 4 [📅 Starting 2026-27] moved=0 stale=0 fonts=550
        ok press 5 [🏟️2020-21Haaland and Bellingham at Dort] moved=0 stale=0 fonts=560
        ok press 6 [🏟️ Starting 2020-21] moved=0 stale=0 fonts=548
        ok press 7 [🦊2015-16The Leicester season. MSN Barce] moved=0 stale=0 fonts=560
        ok press 8 [🦊 Starting 2015-16] moved=0 stale=0 fonts=550
  PASS  1. /club-manager phone alter: the translator ran: 697 text node(s) swapped, lang="pt"
  PASS  5. /club-manager phone alter: the walk pressed at least two controls: 8: How to play > Let's Play! > 📅2026-27Today. Real s > 📅 Starting 2026-27 > 🏟️2020-21Haaland and  > 🏟️ Starting 2020-21 > 🦊2015-16The Leicester > 🦊 Starting 2015-16
  PASS  6. /club-manager phone alter: the route error boundary never appeared
  PASS  7. /club-manager phone alter: no NotFoundError

/ phone alter
        ok the page draws moved=0 stale=0 fonts=2204
        ok press 1 [Make a free one] moved=0 stale=0 fonts=2248
        ok press 2 [Close] moved=0 stale=0 fonts=2216
        ok press 3 [Pin Cage Clash] moved=0 stale=0 fonts=2226
        ok press 4 [Pin Deadline Day] moved=0 stale=0 fonts=2232
        ok press 5 [Pin Gauntlet Draft: NHL] moved=0 stale=0 fonts=2238
        ok press 6 [Pin Aussie Rules Manager] moved=0 stale=0 fonts=2244
        ok press 7 [🥊 Ali] moved=0 stale=0 fonts=2254
        ok press 8 [Unpin Cage Clash] moved=0 stale=0 fonts=2248
  PASS  1. / phone alter: the translator ran: 1147 text node(s) swapped, lang="pt"
  PASS  5. / phone alter: the walk pressed at least two controls: 8: Make a free one > Close > Pin Cage Clash > Pin Deadline Day > Pin Gauntlet Draft: NH > Pin Aussie Rules Manag > 🥊 Ali > Unpin Cage Clash
  PASS  6. / phone alter: the route error boundary never appeared
  PASS  7. / phone alter: no NotFoundError

/soccer-career phone alter
        ok the create screen draws moved=0 stale=0 fonts=372
        ok type the name moved=0 stale=0 fonts=372
        XX choose nationality Brazil [Brazil🇧🇷] moved=1 stale=0 fonts=90
        ok the create screen draws moved=0 stale=0 fonts=372
        ok type the name moved=0 stale=0 fonts=372
        XX choose nationality Brazil [Brazil🇧🇷] moved=1 stale=0 fonts=90
  PASS  1. /soccer-career phone alter: the translator ran: 466 text node(s) swapped, lang="pt"
  PASS  2. /soccer-career phone alter: the create screen drew
  FAIL  2. /soccer-career phone alter: all three picks registered, Brazil among them: the boundary took the page at "choose nationality Brazil"
  FAIL  2. /soccer-career phone alter: each pick can be READ in its box, bar the known hidden one (nationality): the boundary took the page at "choose nationality Brazil"
  FAIL  3. /soccer-career phone alter: the create flow reached the career: the boundary took the page at "choose nationality Brazil"
  FAIL  4. /soccer-career phone alter: one season forward and the hub still stands: the career was never reached
  FAIL  5. /soccer-career phone alter: the walk pressed at least two controls: 1: Brazil🇧🇷
  FAIL  6. /soccer-career phone alter: the route error boundary never appeared: it took the page at "choose nationality Brazil"
  FAIL  7. /soccer-career phone alter: no NotFoundError: console: NotFoundError: Failed to execute 'removeChild' on 'Node': The node to be removed is not a child of this node.
    at HTMLSpanElement.myRemove
        Try this page again: reloaded, translated again, and broke again at "choose nationality Brazil"

/nba-my-career phone alter
        ok the page draws moved=0 stale=0 fonts=516
        ok press 1 [Let's Play!] moved=0 stale=0 fonts=436
        ok press 2 [🏀 2026The league as it is today. Full m] moved=0 stale=0 fonts=438
        ok press 3 [⏪ 2003-04 throwbackThe 29 team league of] moved=0 stale=0 fonts=438
        ok press 4 [PG] moved=0 stale=0 fonts=438
        ok press 5 [SG] moved=0 stale=0 fonts=438
        ok press 6 [SF] moved=0 stale=0 fonts=436
        ok press 7 [PF] moved=0 stale=0 fonts=438
        ok press 8 [C] moved=0 stale=0 fonts=438
  PASS  1. /nba-my-career phone alter: the translator ran: 288 text node(s) swapped, lang="pt"
  PASS  5. /nba-my-career phone alter: the walk pressed at least two controls: 8: Let's Play! > 🏀 2026The league as i > ⏪ 2003-04 throwbackThe > PG > SG > SF > PF > C
  PASS  6. /nba-my-career phone alter: the route error boundary never appeared
  PASS  7. /nba-my-career phone alter: no NotFoundError

/nfl-my-career phone alter
        ok the page draws moved=0 stale=0 fonts=528
        ok press 1 [Let's Play!] moved=0 stale=0 fonts=446
        ok press 2 [🏈 2026The league as it is today. Full m] moved=0 stale=0 fonts=448
        ok press 3 [⏪ 2005 throwbackThe 2005 league: the Rai] moved=0 stale=0 fonts=448
        ok press 4 [QB] moved=0 stale=0 fonts=448
        ok press 5 [RB] moved=0 stale=0 fonts=448
        ok press 6 [WR] moved=0 stale=0 fonts=446
        ok press 7 [TE] moved=0 stale=0 fonts=448
        ok press 8 [LB] moved=0 stale=0 fonts=448
  PASS  1. /nfl-my-career phone alter: the translator ran: 294 text node(s) swapped, lang="pt"
  PASS  5. /nfl-my-career phone alter: the walk pressed at least two controls: 8: Let's Play! > 🏈 2026The league as i > ⏪ 2005 throwbackThe 20 > QB > RB > WR > TE > LB
  PASS  6. /nfl-my-career phone alter: the route error boundary never appeared
  PASS  7. /nfl-my-career phone alter: no NotFoundError

/stadium-tycoon phone alter
        ok the page draws moved=0 stale=2 fonts=902
        ok press 1 [Close the rules] moved=0 stale=2 fonts=560
        ok press 2 [🏟️ Stadium] moved=0 stale=2 fonts=560
        ok press 3 [🎓 Academy] moved=0 stale=0 fonts=504
        ok press 4 [Close the rules] moved=0 stale=0 fonts=436
        ok press 5 [🏆 League] moved=0 stale=0 fonts=480
        ok press 6 [Northquay Swifts] moved=0 stale=0 fonts=466
        ok press 7 [🏟️ Stadium] moved=0 stale=1 fonts=560
        ok press 8 [How it works] moved=0 stale=2 fonts=906
  PASS  1. /stadium-tycoon phone alter: the translator ran: 961 text node(s) swapped, lang="pt"
  PASS  5. /stadium-tycoon phone alter: the walk pressed at least two controls: 8: Close the rules > 🏟️ Stadium > 🎓 Academy > Close the rules > 🏆 League > Northquay Swifts > 🏟️ Stadium > How it works
  PASS  6. /stadium-tycoon phone alter: the route error boundary never appeared
  PASS  7. /stadium-tycoon phone alter: no NotFoundError

/college-grid phone alter
        ok the page draws moved=0 stale=0 fonts=340
        ok press 1 [Close] moved=0 stale=0 fonts=306
        ok press 2 [How to play] moved=0 stale=0 fonts=350
        ok press 3 [Let's Play!] moved=0 stale=0 fonts=306
        ok press 4 [Report] moved=0 stale=0 fonts=326
        ok press 5 [Close] moved=0 stale=0 fonts=306
        ok press 6 [How to play] moved=0 stale=0 fonts=348
        ok press 7 [Let's Play!] moved=0 stale=0 fonts=306
        ok press 8 [Report] moved=0 stale=0 fonts=326
  PASS  1. /college-grid phone alter: the translator ran: 241 text node(s) swapped, lang="pt"
  PASS  5. /college-grid phone alter: the walk pressed at least two controls: 8: Close > How to play > Let's Play! > Report > Close > How to play > Let's Play! > Report
  PASS  6. /college-grid phone alter: the route error boundary never appeared
  PASS  7. /college-grid phone alter: no NotFoundError

/build-your-xi phone alter
        ok the page draws moved=0 stale=0 fonts=426
        ok press 1 [Got it!] moved=0 stale=0 fonts=308
        ok press 2 [How to play] moved=0 stale=0 fonts=350
        ok press 3 [Let's Play!] moved=0 stale=0 fonts=308
        ok press 4 [4-3-311 players] moved=0 stale=0 fonts=332
        ok press 5 [GK] moved=0 stale=0 fonts=334
        ok press 6 [LB] moved=0 stale=0 fonts=334
        ok press 7 [CB] moved=0 stale=0 fonts=334
        ok press 8 [RB] moved=0 stale=0 fonts=334
  PASS  1. /build-your-xi phone alter: the translator ran: 276 text node(s) swapped, lang="pt"
  PASS  5. /build-your-xi phone alter: the walk pressed at least two controls: 8: Got it! > How to play > Let's Play! > 4-3-311 players > GK > LB > CB > RB
  PASS  6. /build-your-xi phone alter: the route error boundary never appeared
  PASS  7. /build-your-xi phone alter: no NotFoundError

/front-office phone alter
        ok the page draws moved=0 stale=0 fonts=488
        ok press 1 [Arizona CardinalsNFC West] moved=0 stale=0 fonts=438
        ok press 2 [Process, patience, all the safe wordsMea] moved=0 stale=1 fonts=412
        ok press 3 [👔Roster52 under contractDadrion Taylor-] moved=0 stale=1 fonts=468
        ok press 4 [Hub] moved=0 stale=1 fonts=412
        ok press 5 [💼Free agency$151M of roomIn reach: Jama] moved=0 stale=1 fonts=732
        ok press 6 [Sign] moved=0 stale=3 fonts=716
        ok press 7 [Abandon franchise and restart] moved=0 stale=0 fonts=488
        ok press 8 [Atlanta FalconsNFC South] moved=0 stale=0 fonts=438
  PASS  1. /front-office phone alter: the translator ran: 798 text node(s) swapped, lang="pt"
  PASS  5. /front-office phone alter: the walk pressed at least two controls: 8: Arizona CardinalsNFC W > Process, patience, all > 👔Roster52 under contr > Hub > 💼Free agency$151M of  > Sign > Abandon franchise and  > Atlanta FalconsNFC Sou
  PASS  6. /front-office phone alter: the route error boundary never appeared
  PASS  7. /front-office phone alter: no NotFoundError

/club-manager desktop alter
        ok the page draws moved=0 stale=0 fonts=550
        ok press 1 [How to play] moved=0 stale=0 fonts=752
        ok press 2 [Let's Play!] moved=0 stale=0 fonts=550
        ok press 3 [📅2026-27Today. Real squads as of August] moved=0 stale=0 fonts=776
        ok press 4 [📅 Starting 2026-27] moved=0 stale=0 fonts=550
        ok press 5 [🏟️2020-21Haaland and Bellingham at Dort] moved=0 stale=0 fonts=560
        ok press 6 [🏟️ Starting 2020-21] moved=0 stale=0 fonts=550
        ok press 7 [🦊2015-16The Leicester season. MSN Barce] moved=0 stale=0 fonts=560
        ok press 8 [🦊 Starting 2015-16] moved=0 stale=0 fonts=550
  PASS  1. /club-manager desktop alter: the translator ran: 697 text node(s) swapped, lang="pt"
  PASS  5. /club-manager desktop alter: the walk pressed at least two controls: 8: How to play > Let's Play! > 📅2026-27Today. Real s > 📅 Starting 2026-27 > 🏟️2020-21Haaland and  > 🏟️ Starting 2020-21 > 🦊2015-16The Leicester > 🦊 Starting 2015-16
  PASS  6. /club-manager desktop alter: the route error boundary never appeared
  PASS  7. /club-manager desktop alter: no NotFoundError

/ desktop alter
        ok the page draws moved=0 stale=0 fonts=2216
        ok press 1 [Scroll the daily puzzles on] moved=0 stale=0 fonts=2216
        ok press 2 [Make a free one] moved=0 stale=0 fonts=2248
        ok press 3 [Close] moved=0 stale=0 fonts=2216
        ok press 4 [Pin Cage Clash] moved=0 stale=0 fonts=2226
        ok press 5 [Pin Deadline Day] moved=0 stale=0 fonts=2232
        ok press 6 [Pin Gauntlet Draft: NHL] moved=0 stale=0 fonts=2238
        ok press 7 [Pin Aussie Rules Manager] moved=0 stale=0 fonts=2244
        ok press 8 [🥊 Ali] moved=0 stale=0 fonts=2254
  PASS  1. / desktop alter: the translator ran: 1147 text node(s) swapped, lang="pt"
  PASS  5. / desktop alter: the walk pressed at least two controls: 8: Scroll the daily puzzl > Make a free one > Close > Pin Cage Clash > Pin Deadline Day > Pin Gauntlet Draft: NH > Pin Aussie Rules Manag > 🥊 Ali
  PASS  6. / desktop alter: the route error boundary never appeared
  PASS  7. / desktop alter: no NotFoundError

/soccer-career desktop alter
        ok the create screen draws moved=0 stale=0 fonts=372
        ok type the name moved=0 stale=0 fonts=372
        XX choose nationality Brazil [Brazil🇧🇷] moved=1 stale=0 fonts=90
        ok the create screen draws moved=0 stale=0 fonts=372
        ok type the name moved=0 stale=0 fonts=372
        XX choose nationality Brazil [Brazil🇧🇷] moved=1 stale=0 fonts=90
  PASS  1. /soccer-career desktop alter: the translator ran: 466 text node(s) swapped, lang="pt"
  PASS  2. /soccer-career desktop alter: the create screen drew
  FAIL  2. /soccer-career desktop alter: all three picks registered, Brazil among them: the boundary took the page at "choose nationality Brazil"
  FAIL  2. /soccer-career desktop alter: each pick can be READ in its box, bar the known hidden one (nationality): the boundary took the page at "choose nationality Brazil"
  FAIL  3. /soccer-career desktop alter: the create flow reached the career: the boundary took the page at "choose nationality Brazil"
  FAIL  4. /soccer-career desktop alter: one season forward and the hub still stands: the career was never reached
  FAIL  5. /soccer-career desktop alter: the walk pressed at least two controls: 1: Brazil🇧🇷
  FAIL  6. /soccer-career desktop alter: the route error boundary never appeared: it took the page at "choose nationality Brazil"
  FAIL  7. /soccer-career desktop alter: no NotFoundError: console: NotFoundError: Failed to execute 'removeChild' on 'Node': The node to be removed is not a child of this node.
    at HTMLSpanElement.myRemove
        Try this page again: reloaded, translated again, and broke again at "choose nationality Brazil"

/nba-my-career desktop alter
        ok the page draws moved=0 stale=0 fonts=516
        ok press 1 [Let's Play!] moved=0 stale=0 fonts=438
        ok press 2 [🏀 2026The league as it is today. Full m] moved=0 stale=0 fonts=438
        ok press 3 [⏪ 2003-04 throwbackThe 29 team league of] moved=0 stale=0 fonts=438
        ok press 4 [PG] moved=0 stale=0 fonts=438
        ok press 5 [SG] moved=0 stale=0 fonts=438
        ok press 6 [SF] moved=0 stale=0 fonts=436
        ok press 7 [PF] moved=0 stale=0 fonts=438
        ok press 8 [C] moved=0 stale=0 fonts=438
  PASS  1. /nba-my-career desktop alter: the translator ran: 288 text node(s) swapped, lang="pt"
  PASS  5. /nba-my-career desktop alter: the walk pressed at least two controls: 8: Let's Play! > 🏀 2026The league as i > ⏪ 2003-04 throwbackThe > PG > SG > SF > PF > C
  PASS  6. /nba-my-career desktop alter: the route error boundary never appeared
  PASS  7. /nba-my-career desktop alter: no NotFoundError

/stadium-tycoon desktop alter
        ok the page draws moved=0 stale=2 fonts=902
        ok press 1 [Close the rules] moved=0 stale=2 fonts=560
        ok press 2 [🏟️ Stadium] moved=0 stale=2 fonts=560
        ok press 3 [🎓 Academy] moved=0 stale=0 fonts=504
        ok press 4 [Close the rules] moved=0 stale=0 fonts=436
        ok press 5 [🏆 League] moved=0 stale=0 fonts=480
        ok press 6 [Northquay Swifts] moved=0 stale=0 fonts=466
        ok press 7 [🏟️ Stadium] moved=0 stale=1 fonts=556
        ok press 8 [How it works] moved=0 stale=2 fonts=902
  PASS  1. /stadium-tycoon desktop alter: the translator ran: 957 text node(s) swapped, lang="pt"
  PASS  5. /stadium-tycoon desktop alter: the walk pressed at least two controls: 8: Close the rules > 🏟️ Stadium > 🎓 Academy > Close the rules > 🏆 League > Northquay Swifts > 🏟️ Stadium > How it works
  PASS  6. /stadium-tycoon desktop alter: the route error boundary never appeared
  PASS  7. /stadium-tycoon desktop alter: no NotFoundError

/nfl-my-career desktop alter
        ok the page draws moved=0 stale=0 fonts=528
        ok press 1 [Let's Play!] moved=0 stale=0 fonts=448
        ok press 2 [🏈 2026The league as it is today. Full m] moved=0 stale=0 fonts=448
        ok press 3 [⏪ 2005 throwbackThe 2005 league: the Rai] moved=0 stale=0 fonts=448
        ok press 4 [QB] moved=0 stale=0 fonts=448
        ok press 5 [RB] moved=0 stale=0 fonts=448
        ok press 6 [WR] moved=0 stale=0 fonts=446
        ok press 7 [TE] moved=0 stale=0 fonts=448
        ok press 8 [LB] moved=0 stale=0 fonts=448
  PASS  1. /nfl-my-career desktop alter: the translator ran: 294 text node(s) swapped, lang="pt"
  PASS  5. /nfl-my-career desktop alter: the walk pressed at least two controls: 8: Let's Play! > 🏈 2026The league as i > ⏪ 2005 throwbackThe 20 > QB > RB > WR > TE > LB
  PASS  6. /nfl-my-career desktop alter: the route error boundary never appeared
  PASS  7. /nfl-my-career desktop alter: no NotFoundError

/college-grid desktop alter
        ok the page draws moved=0 stale=0 fonts=338
        ok press 1 [Close] moved=0 stale=0 fonts=306
        ok press 2 [How to play] moved=0 stale=0 fonts=350
        ok press 3 [Let's Play!] moved=0 stale=0 fonts=306
        ok press 4 [Report] moved=0 stale=0 fonts=326
        ok press 5 [Close] moved=0 stale=0 fonts=306
        ok press 6 [How to play] moved=0 stale=0 fonts=350
        ok press 7 [Let's Play!] moved=0 stale=0 fonts=306
        ok press 8 [Report] moved=0 stale=0 fonts=324
  PASS  1. /college-grid desktop alter: the translator ran: 240 text node(s) swapped, lang="pt"
  PASS  5. /college-grid desktop alter: the walk pressed at least two controls: 8: Close > How to play > Let's Play! > Report > Close > How to play > Let's Play! > Report
  PASS  6. /college-grid desktop alter: the route error boundary never appeared
  PASS  7. /college-grid desktop alter: no NotFoundError

/build-your-xi desktop alter
        ok the page draws moved=0 stale=0 fonts=426
        ok press 1 [Got it!] moved=0 stale=0 fonts=308
        ok press 2 [How to play] moved=0 stale=0 fonts=350
        ok press 3 [Let's Play!] moved=0 stale=0 fonts=308
        ok press 4 [4-3-311 players] moved=0 stale=0 fonts=332
        ok press 5 [GK] moved=0 stale=0 fonts=334
        ok press 6 [LB] moved=0 stale=0 fonts=334
        ok press 7 [CB] moved=0 stale=0 fonts=334
        ok press 8 [RB] moved=0 stale=0 fonts=334
  PASS  1. /build-your-xi desktop alter: the translator ran: 276 text node(s) swapped, lang="pt"
  PASS  5. /build-your-xi desktop alter: the walk pressed at least two controls: 8: Got it! > How to play > Let's Play! > 4-3-311 players > GK > LB > CB > RB
  PASS  6. /build-your-xi desktop alter: the route error boundary never appeared
  PASS  7. /build-your-xi desktop alter: no NotFoundError

/front-office desktop alter
        ok the page draws moved=0 stale=0 fonts=488
        ok press 1 [Arizona CardinalsNFC West] moved=0 stale=0 fonts=438
        ok press 2 [Process, patience, all the safe wordsMea] moved=0 stale=1 fonts=412
        ok press 3 [👔Roster52 under contractDadrion Taylor-] moved=0 stale=1 fonts=468
        ok press 4 [Hub] moved=0 stale=1 fonts=412
        ok press 5 [💼Free agency$151M of roomIn reach: Jama] moved=0 stale=1 fonts=732
        ok press 6 [Sign] moved=0 stale=3 fonts=718
        ok press 7 [Abandon franchise and restart] moved=0 stale=0 fonts=488
        ok press 8 [Atlanta FalconsNFC South] moved=0 stale=0 fonts=438
  PASS  1. /front-office desktop alter: the translator ran: 798 text node(s) swapped, lang="pt"
  PASS  5. /front-office desktop alter: the walk pressed at least two controls: 8: Arizona CardinalsNFC W > Process, patience, all > 👔Roster52 under contr > Hub > 💼Free agency$151M of  > Sign > Abandon franchise and  > Atlanta FalconsNFC Sou
  PASS  6. /front-office desktop alter: the route error boundary never appeared
  PASS  7. /front-office desktop alter: no NotFoundError

EVERY WALK
  page             view     text   boundary                          NotFound  guard line  moved nodes  stale text  steps
  /soccer-career   phone    keep   at "choose nationality Brazil"    4         0           1 (1 taken)  0           3
  /                phone    keep   none                              0         0           0            0           9
  /club-manager    phone    keep   none                              0         0           0            0           9
  /nba-my-career   phone    keep   none                              0         0           0            0           9
  /nfl-my-career   phone    keep   none                              0         0           0            0           9
  /stadium-tycoon  phone    keep   none                              0         0           0            2           9
  /college-grid    phone    keep   none                              0         0           0            0           9
  /build-your-xi   phone    keep   none                              0         0           0            0           9
  /front-office    phone    keep   none                              0         0           0            3           9
  /soccer-career   desktop  keep   at "choose nationality Brazil"    4         0           1 (1 taken)  0           3
  /                desktop  keep   none                              0         0           0            0           9
  /club-manager    desktop  keep   none                              0         0           0            0           9
  /nba-my-career   desktop  keep   none                              0         0           0            0           9
  /nfl-my-career   desktop  keep   none                              0         0           0            0           9
  /stadium-tycoon  desktop  keep   none                              0         0           0            2           9
  /college-grid    desktop  keep   none                              0         0           0            0           9
  /build-your-xi   desktop  keep   none                              0         0           0            0           9
  /front-office    desktop  keep   none                              0         0           0            3           9
  /soccer-career   phone    alter  at "choose nationality Brazil"    4         0           1 (1 taken)  0           3
  /                phone    alter  none                              0         0           0            0           9
  /club-manager    phone    alter  none                              0         0           0            0           9
  /nba-my-career   phone    alter  none                              0         0           0            0           9
  /nfl-my-career   phone    alter  none                              0         0           0            0           9
  /stadium-tycoon  phone    alter  none                              0         0           0            2           9
  /college-grid    phone    alter  none                              0         0           0            0           9
  /build-your-xi   phone    alter  none                              0         0           0            0           9
  /front-office    phone    alter  none                              0         0           0            3           9
  /soccer-career   desktop  alter  at "choose nationality Brazil"    4         0           1 (1 taken)  0           3
  /                desktop  alter  none                              0         0           0            0           9
  /club-manager    desktop  alter  none                              0         0           0            0           9
  /nba-my-career   desktop  alter  none                              0         0           0            0           9
  /nfl-my-career   desktop  alter  none                              0         0           0            0           9
  /stadium-tycoon  desktop  alter  none                              0         0           0            2           9
  /college-grid    desktop  alter  none                              0         0           0            0           9
  /build-your-xi   desktop  alter  none                              0         0           0            0           9
  /front-office    desktop  alter  none                              0         0           0            3           9

BY PAGE
  /soccer-career   broke in 4 of 4 walk(s) ("choose nationality Brazil"); the guard printed its line in 0; moved nodes per walk 1, 1, 1, 1; stale text at most 0
  /                broke in 0 of 4 walk(s); the guard printed its line in 0; moved nodes per walk 0, 0, 0, 0; stale text at most 0
  /club-manager    broke in 0 of 4 walk(s); the guard printed its line in 0; moved nodes per walk 0, 0, 0, 0; stale text at most 0
  /nba-my-career   broke in 0 of 4 walk(s); the guard printed its line in 0; moved nodes per walk 0, 0, 0, 0; stale text at most 0
  /nfl-my-career   broke in 0 of 4 walk(s); the guard printed its line in 0; moved nodes per walk 0, 0, 0, 0; stale text at most 0
  /stadium-tycoon  broke in 0 of 4 walk(s); the guard printed its line in 0; moved nodes per walk 0, 0, 0, 0; stale text at most 2
  /college-grid    broke in 0 of 4 walk(s); the guard printed its line in 0; moved nodes per walk 0, 0, 0, 0; stale text at most 0
  /build-your-xi   broke in 0 of 4 walk(s); the guard printed its line in 0; moved nodes per walk 0, 0, 0, 0; stale text at most 0
  /front-office    broke in 0 of 4 walk(s); the guard printed its line in 0; moved nodes per walk 0, 0, 0, 0; stale text at most 3

WHAT THE THREE BOXES READ after the picks
  phone    keep   nationality "" (no box) | position "" (no box) | era "" (no box)
  desktop  keep   nationality "" (no box) | position "" (no box) | era "" (no box)
  phone    alter  nationality "" (no box) | position "" (no box) | era "" (no box)
  desktop  alter  nationality "" (no box) | position "" (no box) | era "" (no box)

THE CALLS THAT NAMED A MOVED NODE (1 different, each one a crash without the guard)
  4x /soccer-career: removeChild under <span> of "Choose nationality"

STALE TEXT, the cost the guard does not remove. Most at once: 3 on /front-office phone keep, for example [{"screen":"151.1","react":"147","around":"$151.1M"},{"screen":"60","react":"63","around":"Trust 60"},{"screen":"151.1","react":"147","around":"Free agents (cap room $151.1M). Cut players land here too, b"}]

nothing left this machine: 68 request(s) to the database host aborted, other hosts aborted [fonts.googleapis.com], 8 screenshot(s) in /home/runner/work/_temp/rc-out/files/translated-noguard

166 checks, 28 failed
control "noguard": asked directly, removeChild and insertBefore of a moved node both threw NotFoundError on 36 of 36 page(s).
control "noguard": without the guard 4 of 36 walk(s) ended in the error boundary with a NotFoundError behind it.
control "noguard": the create flow broke at the nationality step in 4 of 4 walk(s), and Try this page again broke at the same step again in 4. RED for its own reason, the check works.
playTranslatedPage: 166 checks, 28 failed (control "noguard", red on purpose)
