playTranslatedPage: http://localhost:4173, 10 page(s), views phone and desktop, text keep and alter, CONTROL=nolive
  PASS  0. the served entry chunk (/assets/index-BZ6fKzym.js) holds the guard's off switch __DUKB_NO_TRANSLATE_GUARD__
  PASS  0. the served entry chunk holds the guard's console line
  PASS  0. the served entry chunk holds layer two's off switch __DUKB_NO_TRANSLATE_LIVE__

/club-manager phone keep
  PASS  1. /club-manager phone keep: the translator ran: 697 text node(s) swapped, lang="pt"
  PASS  1. /club-manager phone keep: the guard is installed on the page
  PASS  8. /club-manager phone keep: asked directly, removing a moved node is quiet and inserting before one appends: removeChild quiet, insertBefore quiet
  FAIL  10. /club-manager phone keep: the page says what React holds, at every look: 1 different stale text(s), 1 at once at most, first at "the page draws": React "Club Manager: Free Football Management Game", the screen "Club Manager: Football Management Sim", in h2.text-lg < div.text-center < section.max-w-2xl
  PASS  11. /club-manager phone keep: every element among words stands where React put it
  PASS  12. /club-manager phone keep: no text the translator will not take again is back on the page
  PASS  5. /club-manager phone keep: the walk pressed at least two controls: 8: How to play > Let's Play! > 📅2026-27Today. Real s > 📅 Starting 2026-27 > 🏟️2020-21Haaland and  > 🏟️ Starting 2020-21 > 🦊2015-16The Leicester > 🦊 Starting 2015-16
  PASS  6. /club-manager phone keep: the route error boundary never appeared
  PASS  7. /club-manager phone keep: no NotFoundError

/ phone keep
  PASS  1. / phone keep: the translator ran: 1149 text node(s) swapped, lang="pt"
  PASS  1. / phone keep: the guard is installed on the page
  PASS  8. / phone keep: asked directly, removing a moved node is quiet and inserting before one appends: removeChild quiet, insertBefore quiet
  PASS  10. / phone keep: the page says what React holds, at every look: 1058 element(s) with words of their own at the fullest look
  PASS  11. / phone keep: every element among words stands where React put it
  PASS  12. / phone keep: no text the translator will not take again is back on the page
  PASS  5. / phone keep: the walk pressed at least two controls: 8: Make a free one > Close > Pin Cage Clash > Pin Deadline Day > Pin Gauntlet Draft: NH > Pin Aussie Rules Manag > 🥊 Ali > Unpin Cage Clash
  PASS  6. / phone keep: the route error boundary never appeared
  PASS  7. / phone keep: no NotFoundError

/nba-my-career phone keep
  PASS  1. /nba-my-career phone keep: the translator ran: 288 text node(s) swapped, lang="pt"
  PASS  1. /nba-my-career phone keep: the guard is installed on the page
  PASS  8. /nba-my-career phone keep: asked directly, removing a moved node is quiet and inserting before one appends: removeChild quiet, insertBefore quiet
  PASS  10. /nba-my-career phone keep: the page says what React holds, at every look: 253 element(s) with words of their own at the fullest look
  PASS  11. /nba-my-career phone keep: every element among words stands where React put it
  PASS  12. /nba-my-career phone keep: no text the translator will not take again is back on the page
  PASS  5. /nba-my-career phone keep: the walk pressed at least two controls: 8: Let's Play! > 🏀 2026The league as i > ⏪ 2003-04 throwbackThe > PG > SG > SF > PF > C
  PASS  6. /nba-my-career phone keep: the route error boundary never appeared
  PASS  7. /nba-my-career phone keep: no NotFoundError

/nba-my-career#bank phone keep
  PASS  1. /nba-my-career#bank phone keep: the translator ran: 455 text node(s) swapped, lang="pt"
  PASS  1. /nba-my-career#bank phone keep: the guard is installed on the page
  PASS  8. /nba-my-career#bank phone keep: asked directly, removing a moved node is quiet and inserting before one appends: removeChild quiet, insertBefore quiet
  FAIL  10. /nba-my-career#bank phone keep: the page says what React holds, at every look: 2 different stale text(s), 3 at once at most, first at "the Bank: Take it all out": React "+$50k", the screen "-$100k+", in span.font-black < span.flex < div.flex
  PASS  11. /nba-my-career#bank phone keep: every element among words stands where React put it
  PASS  12. /nba-my-career#bank phone keep: no text the translator will not take again is back on the page
  PASS  15. /nba-my-career#bank phone keep: The Bank's statement got a line that came in and a line that went out: 5 of 5 presses, 5 line(s) at the end: ["+$200k","-$100k+","-$100k+","-$100k+","-$100k"]
  FAIL  16. /nba-my-career#bank phone keep: every figure in the statement has its sign in front and nothing behind: wrong: [{"after":"Take it all out","line":"-$100k+"},{"after":"Save it all","line":"-$100k+"},{"after":"Save it all","line":"-$100k+"},{"after":"Take it all out","line":"-$100k+"}]
  PASS  5. /nba-my-career#bank phone keep: the walk pressed at least two controls: 8: Let's Play! > Enter the draft > 💰The Bank$0.3M$2.5M a > Save half > Take out half > Take it all out > Save it all > Take it all out
  PASS  6. /nba-my-career#bank phone keep: the route error boundary never appeared
  PASS  7. /nba-my-career#bank phone keep: no NotFoundError

/nfl-my-career phone keep
  PASS  1. /nfl-my-career phone keep: the translator ran: 294 text node(s) swapped, lang="pt"
  PASS  1. /nfl-my-career phone keep: the guard is installed on the page
  PASS  8. /nfl-my-career phone keep: asked directly, removing a moved node is quiet and inserting before one appends: removeChild quiet, insertBefore quiet
  PASS  10. /nfl-my-career phone keep: the page says what React holds, at every look: 259 element(s) with words of their own at the fullest look
  PASS  11. /nfl-my-career phone keep: every element among words stands where React put it
  PASS  12. /nfl-my-career phone keep: no text the translator will not take again is back on the page
  PASS  5. /nfl-my-career phone keep: the walk pressed at least two controls: 8: Let's Play! > 🏈 2026The league as i > ⏪ 2005 throwbackThe 20 > QB > RB > WR > TE > LB
  PASS  6. /nfl-my-career phone keep: the route error boundary never appeared
  PASS  7. /nfl-my-career phone keep: no NotFoundError

/stadium-tycoon phone keep
  PASS  1. /stadium-tycoon phone keep: the translator ran: 957 text node(s) swapped, lang="pt"
  PASS  1. /stadium-tycoon phone keep: the guard is installed on the page
  PASS  8. /stadium-tycoon phone keep: asked directly, removing a moved node is quiet and inserting before one appends: removeChild quiet, insertBefore quiet
  FAIL  10. /stadium-tycoon phone keep: the page says what React holds, at every look: 7 different stale text(s), 2 at once at most, first at "the page draws": React "lifetime $5 · 0 wins · 0 goals · 0 taps · match #1 · milestones 0/10 ·", the screen "lifetime $0 · 0 wins · 0 goals · 0 taps · match #1 · milestones 0/10 ·", in div.text-xs < div.max-w-2xl < div#dukb-main.min-h-screen
  PASS  11. /stadium-tycoon phone keep: every element among words stands where React put it
  PASS  12. /stadium-tycoon phone keep: no text the translator will not take again is back on the page
  PASS  5. /stadium-tycoon phone keep: the walk pressed at least two controls: 8: Close the rules > 🏟️ Stadium > 🎓 Academy > Close the rules > 🏆 League > Northquay Swifts > 🏟️ Stadium > How it works
  PASS  6. /stadium-tycoon phone keep: the route error boundary never appeared
  PASS  7. /stadium-tycoon phone keep: no NotFoundError

/college-grid phone keep
  PASS  1. /college-grid phone keep: the translator ran: 241 text node(s) swapped, lang="pt"
  PASS  1. /college-grid phone keep: the guard is installed on the page
  PASS  8. /college-grid phone keep: asked directly, removing a moved node is quiet and inserting before one appends: removeChild quiet, insertBefore quiet
  PASS  10. /college-grid phone keep: the page says what React holds, at every look: 174 element(s) with words of their own at the fullest look
  PASS  11. /college-grid phone keep: every element among words stands where React put it
  PASS  12. /college-grid phone keep: no text the translator will not take again is back on the page
  PASS  5. /college-grid phone keep: the walk pressed at least two controls: 8: Close > How to play > Let's Play! > Report > Close > How to play > Let's Play! > Report
  PASS  6. /college-grid phone keep: the route error boundary never appeared
  PASS  7. /college-grid phone keep: no NotFoundError

/soccer-career phone keep
  PASS  1. /soccer-career phone keep: the translator ran: 1340 text node(s) swapped, lang="pt"
  PASS  1. /soccer-career phone keep: the guard is installed on the page
  PASS  8. /soccer-career phone keep: asked directly, removing a moved node is quiet and inserting before one appends: removeChild quiet, insertBefore quiet
  PASS  2. /soccer-career phone keep: the create screen drew
  PASS  2. /soccer-career phone keep: all three picks registered, Brazil among them: nationality box "Choose nationality Brazil", position box "Choose positionStriker (ST)", era box "Choose eraCurrent era (2025 start)"
  PASS  2. /soccer-career phone keep: each pick can be READ in its box, bar the known hidden one (nationality): readable: position, era; hidden: nationality
  PASS  3. /soccer-career phone keep: the create flow reached the career: h1 "🇧🇷Joao Teste", create form gone, save Joao Teste, Brazil, youth, age 16
  PASS  4. /soccer-career phone keep: one season forward and the hub still stands: age 16 to 17 on press 1, h1 "🇧🇷Joao Teste", phase contract_offer; the walk went on to age 18, phase random_events
  FAIL  10. /soccer-career phone keep: the page says what React holds, at every look: 26 different stale text(s), 6 at once at most, first at "the create screen draws": React "Soccer Career: Free Football Career Simulator", the screen "Soccer Career Simulator", in h2.text-lg < div.text-center < section.max-w-2xl
  PASS  11. /soccer-career phone keep: every element among words stands where React put it
  PASS  12. /soccer-career phone keep: no text the translator will not take again is back on the page
  FAIL  13. /soccer-career phone keep: no box holds its placeholder beside its pick: nationality: was "Choose nationality", now "Choose nationalityBrazil🇧🇷"; position: was "Choose position", now "Choose positionStriker (ST)"; era: was "Choose era", now "Choose eraCurrent era (2025 start)"
  FAIL  14. /soccer-career phone keep: the age in the hub's line is the age in the save: 12 of 13 look(s) wrong: at "career press 1" the header said Age 16 and the save said 17
  PASS  5. /soccer-career phone keep: the walk pressed at least two controls: 20: Brazil🇧🇷 > Striker (ST) > Current era (2025 star > 🎲 Generate Starting P > 🎲 Roll again > 🎮 Customize your buil > ✅ Lock in build > ⚽ Begin Career > Next Year
  PASS  6. /soccer-career phone keep: the route error boundary never appeared
  PASS  7. /soccer-career phone keep: no NotFoundError

/build-your-xi phone keep
  PASS  1. /build-your-xi phone keep: the translator ran: 276 text node(s) swapped, lang="pt"
  PASS  1. /build-your-xi phone keep: the guard is installed on the page
  PASS  8. /build-your-xi phone keep: asked directly, removing a moved node is quiet and inserting before one appends: removeChild quiet, insertBefore quiet
  PASS  10. /build-your-xi phone keep: the page says what React holds, at every look: 200 element(s) with words of their own at the fullest look
  PASS  11. /build-your-xi phone keep: every element among words stands where React put it
  PASS  12. /build-your-xi phone keep: no text the translator will not take again is back on the page
  PASS  5. /build-your-xi phone keep: the walk pressed at least two controls: 8: Got it! > How to play > Let's Play! > 4-3-311 players > GK > LB > CB > RB
  PASS  6. /build-your-xi phone keep: the route error boundary never appeared
  PASS  7. /build-your-xi phone keep: no NotFoundError

/front-office phone keep
  PASS  1. /front-office phone keep: the translator ran: 798 text node(s) swapped, lang="pt"
  PASS  1. /front-office phone keep: the guard is installed on the page
  PASS  8. /front-office phone keep: asked directly, removing a moved node is quiet and inserting before one appends: removeChild quiet, insertBefore quiet
  FAIL  10. /front-office phone keep: the page says what React holds, at every look: 4 different stale text(s), 4 at once at most, first at "the page draws": React "NFL Front Office: Football GM Simulator", the screen "NFL Front Office: the GM Sim", in h2.text-lg < div.text-center < section.max-w-2xl
  PASS  11. /front-office phone keep: every element among words stands where React put it
  PASS  12. /front-office phone keep: no text the translator will not take again is back on the page
  PASS  5. /front-office phone keep: the walk pressed at least two controls: 8: Arizona CardinalsNFC W > Process, patience, all > 👔Roster52 under contr > Hub > 💼Free agency$151M of  > Sign > Abandon franchise and  > Atlanta FalconsNFC Sou
  PASS  6. /front-office phone keep: the route error boundary never appeared
  PASS  7. /front-office phone keep: no NotFoundError

/ desktop keep
  PASS  1. / desktop keep: the translator ran: 1147 text node(s) swapped, lang="pt"
  PASS  1. / desktop keep: the guard is installed on the page
  PASS  8. / desktop keep: asked directly, removing a moved node is quiet and inserting before one appends: removeChild quiet, insertBefore quiet
  PASS  10. / desktop keep: the page says what React holds, at every look: 1058 element(s) with words of their own at the fullest look
  PASS  11. / desktop keep: every element among words stands where React put it
  PASS  12. / desktop keep: no text the translator will not take again is back on the page
  PASS  5. / desktop keep: the walk pressed at least two controls: 8: Scroll the daily puzzl > Make a free one > Close > Pin Cage Clash > Pin Deadline Day > Pin Gauntlet Draft: NH > Pin Aussie Rules Manag > 🥊 Ali
  PASS  6. / desktop keep: the route error boundary never appeared
  PASS  7. / desktop keep: no NotFoundError

/club-manager desktop keep
  PASS  1. /club-manager desktop keep: the translator ran: 697 text node(s) swapped, lang="pt"
  PASS  1. /club-manager desktop keep: the guard is installed on the page
  PASS  8. /club-manager desktop keep: asked directly, removing a moved node is quiet and inserting before one appends: removeChild quiet, insertBefore quiet
  FAIL  10. /club-manager desktop keep: the page says what React holds, at every look: 1 different stale text(s), 1 at once at most, first at "the page draws": React "Club Manager: Free Football Management Game", the screen "Club Manager: Football Management Sim", in h2.text-lg < div.text-center < section.max-w-2xl
  PASS  11. /club-manager desktop keep: every element among words stands where React put it
  PASS  12. /club-manager desktop keep: no text the translator will not take again is back on the page
  PASS  5. /club-manager desktop keep: the walk pressed at least two controls: 8: How to play > Let's Play! > 📅2026-27Today. Real s > 📅 Starting 2026-27 > 🏟️2020-21Haaland and  > 🏟️ Starting 2020-21 > 🦊2015-16The Leicester > 🦊 Starting 2015-16
  PASS  6. /club-manager desktop keep: the route error boundary never appeared
  PASS  7. /club-manager desktop keep: no NotFoundError

/nba-my-career desktop keep
  PASS  1. /nba-my-career desktop keep: the translator ran: 288 text node(s) swapped, lang="pt"
  PASS  1. /nba-my-career desktop keep: the guard is installed on the page
  PASS  8. /nba-my-career desktop keep: asked directly, removing a moved node is quiet and inserting before one appends: removeChild quiet, insertBefore quiet
  PASS  10. /nba-my-career desktop keep: the page says what React holds, at every look: 253 element(s) with words of their own at the fullest look
  PASS  11. /nba-my-career desktop keep: every element among words stands where React put it
  PASS  12. /nba-my-career desktop keep: no text the translator will not take again is back on the page
  PASS  5. /nba-my-career desktop keep: the walk pressed at least two controls: 8: Let's Play! > 🏀 2026The league as i > ⏪ 2003-04 throwbackThe > PG > SG > SF > PF > C
  PASS  6. /nba-my-career desktop keep: the route error boundary never appeared
  PASS  7. /nba-my-career desktop keep: no NotFoundError

/nba-my-career#bank desktop keep
  PASS  1. /nba-my-career#bank desktop keep: the translator ran: 455 text node(s) swapped, lang="pt"
  PASS  1. /nba-my-career#bank desktop keep: the guard is installed on the page
  PASS  8. /nba-my-career#bank desktop keep: asked directly, removing a moved node is quiet and inserting before one appends: removeChild quiet, insertBefore quiet
  FAIL  10. /nba-my-career#bank desktop keep: the page says what React holds, at every look: 2 different stale text(s), 3 at once at most, first at "the Bank: Take it all out": React "+$50k", the screen "-$100k+", in span.font-black < span.flex < div.flex
  PASS  11. /nba-my-career#bank desktop keep: every element among words stands where React put it
  PASS  12. /nba-my-career#bank desktop keep: no text the translator will not take again is back on the page
  PASS  15. /nba-my-career#bank desktop keep: The Bank's statement got a line that came in and a line that went out: 5 of 5 presses, 5 line(s) at the end: ["+$200k","-$100k+","-$100k+","-$100k+","-$100k"]
  FAIL  16. /nba-my-career#bank desktop keep: every figure in the statement has its sign in front and nothing behind: wrong: [{"after":"Take it all out","line":"-$100k+"},{"after":"Save it all","line":"-$100k+"},{"after":"Save it all","line":"-$100k+"},{"after":"Take it all out","line":"-$100k+"}]
  PASS  5. /nba-my-career#bank desktop keep: the walk pressed at least two controls: 8: Let's Play! > Enter the draft > 💰The Bank$0.3M$2.5M a > Save half > Take out half > Take it all out > Save it all > Take it all out
  PASS  6. /nba-my-career#bank desktop keep: the route error boundary never appeared
  PASS  7. /nba-my-career#bank desktop keep: no NotFoundError

/nfl-my-career desktop keep
  PASS  1. /nfl-my-career desktop keep: the translator ran: 294 text node(s) swapped, lang="pt"
  PASS  1. /nfl-my-career desktop keep: the guard is installed on the page
  PASS  8. /nfl-my-career desktop keep: asked directly, removing a moved node is quiet and inserting before one appends: removeChild quiet, insertBefore quiet
  PASS  10. /nfl-my-career desktop keep: the page says what React holds, at every look: 259 element(s) with words of their own at the fullest look
  PASS  11. /nfl-my-career desktop keep: every element among words stands where React put it
  PASS  12. /nfl-my-career desktop keep: no text the translator will not take again is back on the page
  PASS  5. /nfl-my-career desktop keep: the walk pressed at least two controls: 8: Let's Play! > 🏈 2026The league as i > ⏪ 2005 throwbackThe 20 > QB > RB > WR > TE > LB
  PASS  6. /nfl-my-career desktop keep: the route error boundary never appeared
  PASS  7. /nfl-my-career desktop keep: no NotFoundError

/soccer-career desktop keep
  PASS  1. /soccer-career desktop keep: the translator ran: 1340 text node(s) swapped, lang="pt"
  PASS  1. /soccer-career desktop keep: the guard is installed on the page
  PASS  8. /soccer-career desktop keep: asked directly, removing a moved node is quiet and inserting before one appends: removeChild quiet, insertBefore quiet
  PASS  2. /soccer-career desktop keep: the create screen drew
  PASS  2. /soccer-career desktop keep: all three picks registered, Brazil among them: nationality box "Choose nationality Brazil", position box "Choose positionStriker (ST)", era box "Choose eraCurrent era (2025 start)"
  PASS  2. /soccer-career desktop keep: each pick can be READ in its box, bar the known hidden one (nationality): readable: position, era; hidden: nationality
  PASS  3. /soccer-career desktop keep: the create flow reached the career: h1 "🇧🇷Joao Teste", create form gone, save Joao Teste, Brazil, youth, age 16
  PASS  4. /soccer-career desktop keep: one season forward and the hub still stands: age 16 to 17 on press 1, h1 "🇧🇷Joao Teste", phase contract_offer; the walk went on to age 18, phase random_events
  FAIL  10. /soccer-career desktop keep: the page says what React holds, at every look: 27 different stale text(s), 6 at once at most, first at "the create screen draws": React "Soccer Career: Free Football Career Simulator", the screen "Soccer Career Simulator", in h2.text-lg < div.text-center < section.max-w-2xl
  PASS  11. /soccer-career desktop keep: every element among words stands where React put it
  PASS  12. /soccer-career desktop keep: no text the translator will not take again is back on the page
  FAIL  13. /soccer-career desktop keep: no box holds its placeholder beside its pick: nationality: was "Choose nationality", now "Choose nationalityBrazil🇧🇷"; position: was "Choose position", now "Choose positionStriker (ST)"; era: was "Choose era", now "Choose eraCurrent era (2025 start)"
  FAIL  14. /soccer-career desktop keep: the age in the hub's line is the age in the save: 12 of 13 look(s) wrong: at "career press 1" the header said Age 16 and the save said 17
  PASS  5. /soccer-career desktop keep: the walk pressed at least two controls: 20: Brazil🇧🇷 > Striker (ST) > Current era (2025 star > 🎲 Generate Starting P > 🎲 Roll again > 🎮 Customize your buil > ✅ Lock in build > ⚽ Begin Career > Next Year
  PASS  6. /soccer-career desktop keep: the route error boundary never appeared
  PASS  7. /soccer-career desktop keep: no NotFoundError

/stadium-tycoon desktop keep
  PASS  1. /stadium-tycoon desktop keep: the translator ran: 959 text node(s) swapped, lang="pt"
  PASS  1. /stadium-tycoon desktop keep: the guard is installed on the page
  PASS  8. /stadium-tycoon desktop keep: asked directly, removing a moved node is quiet and inserting before one appends: removeChild quiet, insertBefore quiet
  FAIL  10. /stadium-tycoon desktop keep: the page says what React holds, at every look: 7 different stale text(s), 2 at once at most, first at "the page draws": React "lifetime $5 · 0 wins · 0 goals · 0 taps · match #1 · milestones 0/10 ·", the screen "lifetime $0 · 0 wins · 0 goals · 0 taps · match #1 · milestones 0/10 ·", in div.text-xs < div.max-w-2xl < div#dukb-main.min-h-screen
  PASS  11. /stadium-tycoon desktop keep: every element among words stands where React put it
  PASS  12. /stadium-tycoon desktop keep: no text the translator will not take again is back on the page
  PASS  5. /stadium-tycoon desktop keep: the walk pressed at least two controls: 8: Close the rules > 🏟️ Stadium > 🎓 Academy > Close the rules > 🏆 League > Northquay Swifts > 🏟️ Stadium > How it works
  PASS  6. /stadium-tycoon desktop keep: the route error boundary never appeared
  PASS  7. /stadium-tycoon desktop keep: no NotFoundError

/college-grid desktop keep
  PASS  1. /college-grid desktop keep: the translator ran: 241 text node(s) swapped, lang="pt"
  PASS  1. /college-grid desktop keep: the guard is installed on the page
  PASS  8. /college-grid desktop keep: asked directly, removing a moved node is quiet and inserting before one appends: removeChild quiet, insertBefore quiet
  PASS  10. /college-grid desktop keep: the page says what React holds, at every look: 174 element(s) with words of their own at the fullest look
  PASS  11. /college-grid desktop keep: every element among words stands where React put it
  PASS  12. /college-grid desktop keep: no text the translator will not take again is back on the page
  PASS  5. /college-grid desktop keep: the walk pressed at least two controls: 8: Close > How to play > Let's Play! > Report > Close > How to play > Let's Play! > Report
  PASS  6. /college-grid desktop keep: the route error boundary never appeared
  PASS  7. /college-grid desktop keep: no NotFoundError

/build-your-xi desktop keep
  PASS  1. /build-your-xi desktop keep: the translator ran: 276 text node(s) swapped, lang="pt"
  PASS  1. /build-your-xi desktop keep: the guard is installed on the page
  PASS  8. /build-your-xi desktop keep: asked directly, removing a moved node is quiet and inserting before one appends: removeChild quiet, insertBefore quiet
  FAIL  10. /build-your-xi desktop keep: the page says what React holds, at every look: 1 different stale text(s), 1 at once at most, first at "the page draws": React "Build Your XI: Soccer Lineup Builder Game", the screen "Build Your XI", in h2.text-lg < div.text-center < section.max-w-2xl
  PASS  11. /build-your-xi desktop keep: every element among words stands where React put it
  PASS  12. /build-your-xi desktop keep: no text the translator will not take again is back on the page
  PASS  5. /build-your-xi desktop keep: the walk pressed at least two controls: 8: Got it! > How to play > Let's Play! > 4-3-311 players > GK > LB > CB > RB
  PASS  6. /build-your-xi desktop keep: the route error boundary never appeared
  PASS  7. /build-your-xi desktop keep: no NotFoundError

/front-office desktop keep
  PASS  1. /front-office desktop keep: the translator ran: 798 text node(s) swapped, lang="pt"
  PASS  1. /front-office desktop keep: the guard is installed on the page
  PASS  8. /front-office desktop keep: asked directly, removing a moved node is quiet and inserting before one appends: removeChild quiet, insertBefore quiet
  FAIL  10. /front-office desktop keep: the page says what React holds, at every look: 3 different stale text(s), 3 at once at most, first at "press 2": React "Trust 63", the screen "Trust 60", in span.font-black < div.flex < div.rounded-2xl
  PASS  11. /front-office desktop keep: every element among words stands where React put it
  PASS  12. /front-office desktop keep: no text the translator will not take again is back on the page
  PASS  5. /front-office desktop keep: the walk pressed at least two controls: 8: Arizona CardinalsNFC W > Process, patience, all > 👔Roster52 under contr > Hub > 💼Free agency$151M of  > Sign > Abandon franchise and  > Atlanta FalconsNFC Sou
  PASS  6. /front-office desktop keep: the route error boundary never appeared
  PASS  7. /front-office desktop keep: no NotFoundError

/club-manager phone alter
  PASS  1. /club-manager phone alter: the translator ran: 697 text node(s) swapped, lang="pt"
  PASS  1. /club-manager phone alter: the guard is installed on the page
  PASS  8. /club-manager phone alter: asked directly, removing a moved node is quiet and inserting before one appends: removeChild quiet, insertBefore quiet
  FAIL  10. /club-manager phone alter: the page says what React holds, at every look: 1 different stale text(s), 1 at once at most, first at "the page draws": React "Club Manager: Free Football Management Game", the screen "Club Manager: Football Management Sim", in h2.text-lg < div.text-center < section.max-w-2xl
  PASS  11. /club-manager phone alter: every element among words stands where React put it
  PASS  12. /club-manager phone alter: no text the translator will not take again is back on the page
  PASS  5. /club-manager phone alter: the walk pressed at least two controls: 8: How to play > Let's Play! > 📅2026-27Today. Real s > 📅 Starting 2026-27 > 🏟️2020-21Haaland and  > 🏟️ Starting 2020-21 > 🦊2015-16The Leicester > 🦊 Starting 2015-16
  PASS  6. /club-manager phone alter: the route error boundary never appeared
  PASS  7. /club-manager phone alter: no NotFoundError

/ phone alter
  PASS  1. / phone alter: the translator ran: 1147 text node(s) swapped, lang="pt"
  PASS  1. / phone alter: the guard is installed on the page
  PASS  8. / phone alter: asked directly, removing a moved node is quiet and inserting before one appends: removeChild quiet, insertBefore quiet
  PASS  10. / phone alter: the page says what React holds, at every look: 1058 element(s) with words of their own at the fullest look
  PASS  11. / phone alter: every element among words stands where React put it
  PASS  12. / phone alter: no text the translator will not take again is back on the page
  PASS  5. / phone alter: the walk pressed at least two controls: 8: Make a free one > Close > Pin Cage Clash > Pin Deadline Day > Pin Gauntlet Draft: NH > Pin Aussie Rules Manag > 🥊 Ali > Unpin Cage Clash
  PASS  6. / phone alter: the route error boundary never appeared
  PASS  7. / phone alter: no NotFoundError

/nba-my-career phone alter
  PASS  1. /nba-my-career phone alter: the translator ran: 288 text node(s) swapped, lang="pt"
  PASS  1. /nba-my-career phone alter: the guard is installed on the page
  PASS  8. /nba-my-career phone alter: asked directly, removing a moved node is quiet and inserting before one appends: removeChild quiet, insertBefore quiet
  PASS  10. /nba-my-career phone alter: the page says what React holds, at every look: 253 element(s) with words of their own at the fullest look
  PASS  11. /nba-my-career phone alter: every element among words stands where React put it
  PASS  12. /nba-my-career phone alter: no text the translator will not take again is back on the page
  PASS  5. /nba-my-career phone alter: the walk pressed at least two controls: 8: Let's Play! > 🏀 2026The league as i > ⏪ 2003-04 throwbackThe > PG > SG > SF > PF > C
  PASS  6. /nba-my-career phone alter: the route error boundary never appeared
  PASS  7. /nba-my-career phone alter: no NotFoundError

/nba-my-career#bank phone alter
  PASS  1. /nba-my-career#bank phone alter: the translator ran: 455 text node(s) swapped, lang="pt"
  PASS  1. /nba-my-career#bank phone alter: the guard is installed on the page
  PASS  8. /nba-my-career#bank phone alter: asked directly, removing a moved node is quiet and inserting before one appends: removeChild quiet, insertBefore quiet
  FAIL  10. /nba-my-career#bank phone alter: the page says what React holds, at every look: 2 different stale text(s), 3 at once at most, first at "the Bank: Take it all out": React "+$50k", the screen "-$100k+", in span.font-black < span.flex < div.flex
  PASS  11. /nba-my-career#bank phone alter: every element among words stands where React put it
  PASS  12. /nba-my-career#bank phone alter: no text the translator will not take again is back on the page
  PASS  15. /nba-my-career#bank phone alter: The Bank's statement got a line that came in and a line that went out: 5 of 5 presses, 5 line(s) at the end: ["+$200k","-$100k+","-$100k+","-$100k+","-$100k"]
  FAIL  16. /nba-my-career#bank phone alter: every figure in the statement has its sign in front and nothing behind: wrong: [{"after":"Take it all out","line":"-$100k+"},{"after":"Save it all","line":"-$100k+"},{"after":"Save it all","line":"-$100k+"},{"after":"Take it all out","line":"-$100k+"}]
  PASS  5. /nba-my-career#bank phone alter: the walk pressed at least two controls: 8: Let's Play! > Enter the draft > 💰The Bank$0.3M$2.5M a > Save half > Take out half > Take it all out > Save it all > Take it all out
  PASS  6. /nba-my-career#bank phone alter: the route error boundary never appeared
  PASS  7. /nba-my-career#bank phone alter: no NotFoundError

/nfl-my-career phone alter
  PASS  1. /nfl-my-career phone alter: the translator ran: 294 text node(s) swapped, lang="pt"
  PASS  1. /nfl-my-career phone alter: the guard is installed on the page
  PASS  8. /nfl-my-career phone alter: asked directly, removing a moved node is quiet and inserting before one appends: removeChild quiet, insertBefore quiet
  PASS  10. /nfl-my-career phone alter: the page says what React holds, at every look: 259 element(s) with words of their own at the fullest look
  PASS  11. /nfl-my-career phone alter: every element among words stands where React put it
  PASS  12. /nfl-my-career phone alter: no text the translator will not take again is back on the page
  PASS  5. /nfl-my-career phone alter: the walk pressed at least two controls: 8: Let's Play! > 🏈 2026The league as i > ⏪ 2005 throwbackThe 20 > QB > RB > WR > TE > LB
  PASS  6. /nfl-my-career phone alter: the route error boundary never appeared
  PASS  7. /nfl-my-career phone alter: no NotFoundError

/stadium-tycoon phone alter
  PASS  1. /stadium-tycoon phone alter: the translator ran: 955 text node(s) swapped, lang="pt"
  PASS  1. /stadium-tycoon phone alter: the guard is installed on the page
  PASS  8. /stadium-tycoon phone alter: asked directly, removing a moved node is quiet and inserting before one appends: removeChild quiet, insertBefore quiet
  FAIL  10. /stadium-tycoon phone alter: the page says what React holds, at every look: 7 different stale text(s), 2 at once at most, first at "the page draws": React "lifetime $5 · 0 wins · 0 goals · 0 taps · match #1 · milestones 0/10 ·", the screen "lifetime $0 · 0 wins · 0 goals · 0 taps · match #1 · milestones 0/10 ·", in div.text-xs < div.max-w-2xl < div#dukb-main.min-h-screen
  PASS  11. /stadium-tycoon phone alter: every element among words stands where React put it
  PASS  12. /stadium-tycoon phone alter: no text the translator will not take again is back on the page
  PASS  5. /stadium-tycoon phone alter: the walk pressed at least two controls: 8: Close the rules > 🏟️ Stadium > 🎓 Academy > Close the rules > 🏆 League > Northquay Swifts > 🏟️ Stadium > How it works
  PASS  6. /stadium-tycoon phone alter: the route error boundary never appeared
  PASS  7. /stadium-tycoon phone alter: no NotFoundError

/soccer-career phone alter
  PASS  1. /soccer-career phone alter: the translator ran: 1339 text node(s) swapped, lang="pt"
  PASS  1. /soccer-career phone alter: the guard is installed on the page
  PASS  8. /soccer-career phone alter: asked directly, removing a moved node is quiet and inserting before one appends: removeChild quiet, insertBefore quiet
  PASS  2. /soccer-career phone alter: the create screen drew
  PASS  2. /soccer-career phone alter: all three picks registered, Brazil among them: nationality box "«Choose nationality» «Brazil»", position box "«Choose position»«Striker (ST)»", era box "«Choose era»«Current era (2025 start)»"
  PASS  2. /soccer-career phone alter: each pick can be READ in its box, bar the known hidden one (nationality): readable: position, era; hidden: nationality
  PASS  3. /soccer-career phone alter: the create flow reached the career: h1 "🇧🇷Joao Teste", create form gone, save Joao Teste, Brazil, youth, age 16
  PASS  4. /soccer-career phone alter: one season forward and the hub still stands: age 16 to 17 on press 1, h1 "🇧🇷Joao Teste", phase contract_offer; the walk went on to age 18, phase random_events
  FAIL  10. /soccer-career phone alter: the page says what React holds, at every look: 26 different stale text(s), 5 at once at most, first at "choose position Striker": React "Striker (ST)", the screen "Choose positionStriker (ST)", in span < button.flex < div.space-y-1.5
  PASS  11. /soccer-career phone alter: every element among words stands where React put it
  PASS  12. /soccer-career phone alter: no text the translator will not take again is back on the page
  FAIL  13. /soccer-career phone alter: no box holds its placeholder beside its pick: nationality: was "Choose nationality", now "Choose nationalityBrazil🇧🇷"; position: was "Choose position", now "Choose positionStriker (ST)"; era: was "Choose era", now "Choose eraCurrent era (2025 start)"
  FAIL  14. /soccer-career phone alter: the age in the hub's line is the age in the save: 12 of 13 look(s) wrong: at "career press 1" the header said Age 16 and the save said 17
  PASS  5. /soccer-career phone alter: the walk pressed at least two controls: 20: Brazil🇧🇷 > Striker (ST) > Current era (2025 star > 🎲 Generate Starting P > 🎲 Roll again > 🎮 Customize your buil > ✅ Lock in build > ⚽ Begin Career > Next Year
  PASS  6. /soccer-career phone alter: the route error boundary never appeared
  PASS  7. /soccer-career phone alter: no NotFoundError

/college-grid phone alter
  PASS  1. /college-grid phone alter: the translator ran: 241 text node(s) swapped, lang="pt"
  PASS  1. /college-grid phone alter: the guard is installed on the page
  PASS  8. /college-grid phone alter: asked directly, removing a moved node is quiet and inserting before one appends: removeChild quiet, insertBefore quiet
  FAIL  10. /college-grid phone alter: the page says what React holds, at every look: 1 different stale text(s), 1 at once at most, first at "the page draws": React "College Grid: Daily College Football Trivia", the screen "College Football Grid", in h2.text-lg < div.text-center < section.max-w-2xl
  PASS  11. /college-grid phone alter: every element among words stands where React put it
  PASS  12. /college-grid phone alter: no text the translator will not take again is back on the page
  PASS  5. /college-grid phone alter: the walk pressed at least two controls: 8: Close > How to play > Let's Play! > Report > Close > How to play > Let's Play! > Report
  PASS  6. /college-grid phone alter: the route error boundary never appeared
  PASS  7. /college-grid phone alter: no NotFoundError

/build-your-xi phone alter
  PASS  1. /build-your-xi phone alter: the translator ran: 276 text node(s) swapped, lang="pt"
  PASS  1. /build-your-xi phone alter: the guard is installed on the page
  PASS  8. /build-your-xi phone alter: asked directly, removing a moved node is quiet and inserting before one appends: removeChild quiet, insertBefore quiet
  PASS  10. /build-your-xi phone alter: the page says what React holds, at every look: 200 element(s) with words of their own at the fullest look
  PASS  11. /build-your-xi phone alter: every element among words stands where React put it
  PASS  12. /build-your-xi phone alter: no text the translator will not take again is back on the page
  PASS  5. /build-your-xi phone alter: the walk pressed at least two controls: 8: Got it! > How to play > Let's Play! > 4-3-311 players > GK > LB > CB > RB
  PASS  6. /build-your-xi phone alter: the route error boundary never appeared
  PASS  7. /build-your-xi phone alter: no NotFoundError

/front-office phone alter
  PASS  1. /front-office phone alter: the translator ran: 798 text node(s) swapped, lang="pt"
  PASS  1. /front-office phone alter: the guard is installed on the page
  PASS  8. /front-office phone alter: asked directly, removing a moved node is quiet and inserting before one appends: removeChild quiet, insertBefore quiet
  FAIL  10. /front-office phone alter: the page says what React holds, at every look: 3 different stale text(s), 3 at once at most, first at "press 2": React "Trust 63", the screen "Trust 60", in span.font-black < div.flex < div.rounded-2xl
  PASS  11. /front-office phone alter: every element among words stands where React put it
  PASS  12. /front-office phone alter: no text the translator will not take again is back on the page
  PASS  5. /front-office phone alter: the walk pressed at least two controls: 8: Arizona CardinalsNFC W > Process, patience, all > 👔Roster52 under contr > Hub > 💼Free agency$151M of  > Sign > Abandon franchise and  > Atlanta FalconsNFC Sou
  PASS  6. /front-office phone alter: the route error boundary never appeared
  PASS  7. /front-office phone alter: no NotFoundError

/club-manager desktop alter
  PASS  1. /club-manager desktop alter: the translator ran: 697 text node(s) swapped, lang="pt"
  PASS  1. /club-manager desktop alter: the guard is installed on the page
  PASS  8. /club-manager desktop alter: asked directly, removing a moved node is quiet and inserting before one appends: removeChild quiet, insertBefore quiet
  FAIL  10. /club-manager desktop alter: the page says what React holds, at every look: 1 different stale text(s), 1 at once at most, first at "the page draws": React "Club Manager: Free Football Management Game", the screen "Club Manager: Football Management Sim", in h2.text-lg < div.text-center < section.max-w-2xl
  PASS  11. /club-manager desktop alter: every element among words stands where React put it
  PASS  12. /club-manager desktop alter: no text the translator will not take again is back on the page
  PASS  5. /club-manager desktop alter: the walk pressed at least two controls: 8: How to play > Let's Play! > 📅2026-27Today. Real s > 📅 Starting 2026-27 > 🏟️2020-21Haaland and  > 🏟️ Starting 2020-21 > 🦊2015-16The Leicester > 🦊 Starting 2015-16
  PASS  6. /club-manager desktop alter: the route error boundary never appeared
  PASS  7. /club-manager desktop alter: no NotFoundError

/ desktop alter
  PASS  1. / desktop alter: the translator ran: 1147 text node(s) swapped, lang="pt"
  PASS  1. / desktop alter: the guard is installed on the page
  PASS  8. / desktop alter: asked directly, removing a moved node is quiet and inserting before one appends: removeChild quiet, insertBefore quiet
  PASS  10. / desktop alter: the page says what React holds, at every look: 1058 element(s) with words of their own at the fullest look
  PASS  11. / desktop alter: every element among words stands where React put it
  PASS  12. / desktop alter: no text the translator will not take again is back on the page
  PASS  5. / desktop alter: the walk pressed at least two controls: 8: Scroll the daily puzzl > Make a free one > Close > Pin Cage Clash > Pin Deadline Day > Pin Gauntlet Draft: NH > Pin Aussie Rules Manag > 🥊 Ali
  PASS  6. / desktop alter: the route error boundary never appeared
  PASS  7. / desktop alter: no NotFoundError

/nba-my-career desktop alter
  PASS  1. /nba-my-career desktop alter: the translator ran: 288 text node(s) swapped, lang="pt"
  PASS  1. /nba-my-career desktop alter: the guard is installed on the page
  PASS  8. /nba-my-career desktop alter: asked directly, removing a moved node is quiet and inserting before one appends: removeChild quiet, insertBefore quiet
  PASS  10. /nba-my-career desktop alter: the page says what React holds, at every look: 253 element(s) with words of their own at the fullest look
  PASS  11. /nba-my-career desktop alter: every element among words stands where React put it
  PASS  12. /nba-my-career desktop alter: no text the translator will not take again is back on the page
  PASS  5. /nba-my-career desktop alter: the walk pressed at least two controls: 8: Let's Play! > 🏀 2026The league as i > ⏪ 2003-04 throwbackThe > PG > SG > SF > PF > C
  PASS  6. /nba-my-career desktop alter: the route error boundary never appeared
  PASS  7. /nba-my-career desktop alter: no NotFoundError

/nba-my-career#bank desktop alter
  PASS  1. /nba-my-career#bank desktop alter: the translator ran: 455 text node(s) swapped, lang="pt"
  PASS  1. /nba-my-career#bank desktop alter: the guard is installed on the page
  PASS  8. /nba-my-career#bank desktop alter: asked directly, removing a moved node is quiet and inserting before one appends: removeChild quiet, insertBefore quiet
  FAIL  10. /nba-my-career#bank desktop alter: the page says what React holds, at every look: 2 different stale text(s), 3 at once at most, first at "the Bank: Take it all out": React "+$50k", the screen "-$100k+", in span.font-black < span.flex < div.flex
  PASS  11. /nba-my-career#bank desktop alter: every element among words stands where React put it
  PASS  12. /nba-my-career#bank desktop alter: no text the translator will not take again is back on the page
  PASS  15. /nba-my-career#bank desktop alter: The Bank's statement got a line that came in and a line that went out: 5 of 5 presses, 5 line(s) at the end: ["+$200k","-$100k+","-$100k+","-$100k+","-$100k"]
  FAIL  16. /nba-my-career#bank desktop alter: every figure in the statement has its sign in front and nothing behind: wrong: [{"after":"Take it all out","line":"-$100k+"},{"after":"Save it all","line":"-$100k+"},{"after":"Save it all","line":"-$100k+"},{"after":"Take it all out","line":"-$100k+"}]
  PASS  5. /nba-my-career#bank desktop alter: the walk pressed at least two controls: 8: Let's Play! > Enter the draft > 💰The Bank$0.3M$2.5M a > Save half > Take out half > Take it all out > Save it all > Take it all out
  PASS  6. /nba-my-career#bank desktop alter: the route error boundary never appeared
  PASS  7. /nba-my-career#bank desktop alter: no NotFoundError

/nfl-my-career desktop alter
  PASS  1. /nfl-my-career desktop alter: the translator ran: 294 text node(s) swapped, lang="pt"
  PASS  1. /nfl-my-career desktop alter: the guard is installed on the page
  PASS  8. /nfl-my-career desktop alter: asked directly, removing a moved node is quiet and inserting before one appends: removeChild quiet, insertBefore quiet
  PASS  10. /nfl-my-career desktop alter: the page says what React holds, at every look: 259 element(s) with words of their own at the fullest look
  PASS  11. /nfl-my-career desktop alter: every element among words stands where React put it
  PASS  12. /nfl-my-career desktop alter: no text the translator will not take again is back on the page
  PASS  5. /nfl-my-career desktop alter: the walk pressed at least two controls: 8: Let's Play! > 🏈 2026The league as i > ⏪ 2005 throwbackThe 20 > QB > RB > WR > TE > LB
  PASS  6. /nfl-my-career desktop alter: the route error boundary never appeared
  PASS  7. /nfl-my-career desktop alter: no NotFoundError

/stadium-tycoon desktop alter
  PASS  1. /stadium-tycoon desktop alter: the translator ran: 959 text node(s) swapped, lang="pt"
  PASS  1. /stadium-tycoon desktop alter: the guard is installed on the page
  PASS  8. /stadium-tycoon desktop alter: asked directly, removing a moved node is quiet and inserting before one appends: removeChild quiet, insertBefore quiet
  FAIL  10. /stadium-tycoon desktop alter: the page says what React holds, at every look: 9 different stale text(s), 2 at once at most, first at "the page draws": React "1'", the screen "0'", in span.text-white/90 < div.absolute < div.relative
  PASS  11. /stadium-tycoon desktop alter: every element among words stands where React put it
  PASS  12. /stadium-tycoon desktop alter: no text the translator will not take again is back on the page
  PASS  5. /stadium-tycoon desktop alter: the walk pressed at least two controls: 8: Close the rules > 🏟️ Stadium > 🎓 Academy > Close the rules > 🏆 League > Northquay Swifts > 🏟️ Stadium > How it works
  PASS  6. /stadium-tycoon desktop alter: the route error boundary never appeared
  PASS  7. /stadium-tycoon desktop alter: no NotFoundError

/soccer-career desktop alter
  PASS  1. /soccer-career desktop alter: the translator ran: 1340 text node(s) swapped, lang="pt"
  PASS  1. /soccer-career desktop alter: the guard is installed on the page
  PASS  8. /soccer-career desktop alter: asked directly, removing a moved node is quiet and inserting before one appends: removeChild quiet, insertBefore quiet
  PASS  2. /soccer-career desktop alter: the create screen drew
  PASS  2. /soccer-career desktop alter: all three picks registered, Brazil among them: nationality box "«Choose nationality» «Brazil»", position box "«Choose position»«Striker (ST)»", era box "«Choose era»«Current era (2025 start)»"
  PASS  2. /soccer-career desktop alter: each pick can be READ in its box, bar the known hidden one (nationality): readable: position, era; hidden: nationality
  PASS  3. /soccer-career desktop alter: the create flow reached the career: h1 "🇧🇷Joao Teste", create form gone, save Joao Teste, Brazil, youth, age 16
  PASS  4. /soccer-career desktop alter: one season forward and the hub still stands: age 16 to 17 on press 1, h1 "🇧🇷Joao Teste", phase contract_offer; the walk went on to age 18, phase random_events
  FAIL  10. /soccer-career desktop alter: the page says what React holds, at every look: 25 different stale text(s), 5 at once at most, first at "choose position Striker": React "Striker (ST)", the screen "Choose positionStriker (ST)", in span < button.flex < div.space-y-1.5
  PASS  11. /soccer-career desktop alter: every element among words stands where React put it
  PASS  12. /soccer-career desktop alter: no text the translator will not take again is back on the page
  FAIL  13. /soccer-career desktop alter: no box holds its placeholder beside its pick: nationality: was "Choose nationality", now "Choose nationalityBrazil🇧🇷"; position: was "Choose position", now "Choose positionStriker (ST)"; era: was "Choose era", now "Choose eraCurrent era (2025 start)"
  FAIL  14. /soccer-career desktop alter: the age in the hub's line is the age in the save: 12 of 13 look(s) wrong: at "career press 1" the header said Age 16 and the save said 17
  PASS  5. /soccer-career desktop alter: the walk pressed at least two controls: 20: Brazil🇧🇷 > Striker (ST) > Current era (2025 star > 🎲 Generate Starting P > 🎲 Roll again > 🎮 Customize your buil > ✅ Lock in build > ⚽ Begin Career > Next Year
  PASS  6. /soccer-career desktop alter: the route error boundary never appeared
  PASS  7. /soccer-career desktop alter: no NotFoundError

/college-grid desktop alter
  PASS  1. /college-grid desktop alter: the translator ran: 241 text node(s) swapped, lang="pt"
  PASS  1. /college-grid desktop alter: the guard is installed on the page
  PASS  8. /college-grid desktop alter: asked directly, removing a moved node is quiet and inserting before one appends: removeChild quiet, insertBefore quiet
  PASS  10. /college-grid desktop alter: the page says what React holds, at every look: 174 element(s) with words of their own at the fullest look
  PASS  11. /college-grid desktop alter: every element among words stands where React put it
  PASS  12. /college-grid desktop alter: no text the translator will not take again is back on the page
  PASS  5. /college-grid desktop alter: the walk pressed at least two controls: 8: Close > How to play > Let's Play! > Report > Close > How to play > Let's Play! > Report
  PASS  6. /college-grid desktop alter: the route error boundary never appeared
  PASS  7. /college-grid desktop alter: no NotFoundError

/build-your-xi desktop alter
  PASS  1. /build-your-xi desktop alter: the translator ran: 276 text node(s) swapped, lang="pt"
  PASS  1. /build-your-xi desktop alter: the guard is installed on the page
  PASS  8. /build-your-xi desktop alter: asked directly, removing a moved node is quiet and inserting before one appends: removeChild quiet, insertBefore quiet
  PASS  10. /build-your-xi desktop alter: the page says what React holds, at every look: 200 element(s) with words of their own at the fullest look
  PASS  11. /build-your-xi desktop alter: every element among words stands where React put it
  PASS  12. /build-your-xi desktop alter: no text the translator will not take again is back on the page
  PASS  5. /build-your-xi desktop alter: the walk pressed at least two controls: 8: Got it! > How to play > Let's Play! > 4-3-311 players > GK > LB > CB > RB
  PASS  6. /build-your-xi desktop alter: the route error boundary never appeared
  PASS  7. /build-your-xi desktop alter: no NotFoundError

/front-office desktop alter
  PASS  1. /front-office desktop alter: the translator ran: 798 text node(s) swapped, lang="pt"
  PASS  1. /front-office desktop alter: the guard is installed on the page
  PASS  8. /front-office desktop alter: asked directly, removing a moved node is quiet and inserting before one appends: removeChild quiet, insertBefore quiet
  FAIL  10. /front-office desktop alter: the page says what React holds, at every look: 3 different stale text(s), 3 at once at most, first at "press 2": React "Trust 63", the screen "Trust 60", in span.font-black < div.flex < div.rounded-2xl
  PASS  11. /front-office desktop alter: every element among words stands where React put it
  PASS  12. /front-office desktop alter: no text the translator will not take again is back on the page
  PASS  5. /front-office desktop alter: the walk pressed at least two controls: 8: Arizona CardinalsNFC W > Process, patience, all > 👔Roster52 under contr > Hub > 💼Free agency$151M of  > Sign > Abandon franchise and  > Atlanta FalconsNFC Sou
  PASS  6. /front-office desktop alter: the route error boundary never appeared
  PASS  7. /front-office desktop alter: no NotFoundError

EVERY WALK
  page             view     text   boundary                          NotFound  guard line  moved nodes  stale text  steps
  /soccer-career   phone    keep   none                              0         1           9 (9 taken)  6           22
  /                phone    keep   none                              0         0           0            0           9
  /club-manager    phone    keep   none                              0         0           0            1           9
  /nba-my-career   phone    keep   none                              0         0           0            0           9
  /nba-my-career#bankphone    keep   none                              0         1           7 (7 taken)  3           9
  /nfl-my-career   phone    keep   none                              0         0           0            0           9
  /stadium-tycoon  phone    keep   none                              0         0           0            2           9
  /college-grid    phone    keep   none                              0         0           0            0           9
  /build-your-xi   phone    keep   none                              0         0           0            0           9
  /front-office    phone    keep   none                              0         0           0            4           9
  /soccer-career   desktop  keep   none                              0         1           9 (9 taken)  6           22
  /                desktop  keep   none                              0         0           0            0           9
  /club-manager    desktop  keep   none                              0         0           0            1           9
  /nba-my-career   desktop  keep   none                              0         0           0            0           9
  /nba-my-career#bankdesktop  keep   none                              0         1           7 (7 taken)  3           9
  /nfl-my-career   desktop  keep   none                              0         0           0            0           9
  /stadium-tycoon  desktop  keep   none                              0         0           0            2           9
  /college-grid    desktop  keep   none                              0         0           0            0           9
  /build-your-xi   desktop  keep   none                              0         0           0            1           9
  /front-office    desktop  keep   none                              0         0           0            3           9
  /soccer-career   phone    alter  none                              0         1           9 (9 taken)  5           22
  /                phone    alter  none                              0         0           0            0           9
  /club-manager    phone    alter  none                              0         0           0            1           9
  /nba-my-career   phone    alter  none                              0         0           0            0           9
  /nba-my-career#bankphone    alter  none                              0         1           7 (7 taken)  3           9
  /nfl-my-career   phone    alter  none                              0         0           0            0           9
  /stadium-tycoon  phone    alter  none                              0         0           0            2           9
  /college-grid    phone    alter  none                              0         0           0            1           9
  /build-your-xi   phone    alter  none                              0         0           0            0           9
  /front-office    phone    alter  none                              0         0           0            3           9
  /soccer-career   desktop  alter  none                              0         1           9 (9 taken)  5           22
  /                desktop  alter  none                              0         0           0            0           9
  /club-manager    desktop  alter  none                              0         0           0            1           9
  /nba-my-career   desktop  alter  none                              0         0           0            0           9
  /nba-my-career#bankdesktop  alter  none                              0         1           7 (7 taken)  3           9
  /nfl-my-career   desktop  alter  none                              0         0           0            0           9
  /stadium-tycoon  desktop  alter  none                              0         0           0            2           9
  /college-grid    desktop  alter  none                              0         0           0            0           9
  /build-your-xi   desktop  alter  none                              0         0           0            0           9
  /front-office    desktop  alter  none                              0         0           0            3           9

BY PAGE
  /soccer-career   broke in 0 of 4 walk(s); the guard printed its line in 4; moved nodes per walk 9, 9, 9, 9; stale text at most 6
  /                broke in 0 of 4 walk(s); the guard printed its line in 0; moved nodes per walk 0, 0, 0, 0; stale text at most 0
  /club-manager    broke in 0 of 4 walk(s); the guard printed its line in 0; moved nodes per walk 0, 0, 0, 0; stale text at most 1
  /nba-my-career   broke in 0 of 4 walk(s); the guard printed its line in 0; moved nodes per walk 0, 0, 0, 0; stale text at most 0
  /nba-my-career#bankbroke in 0 of 4 walk(s); the guard printed its line in 4; moved nodes per walk 7, 7, 7, 7; stale text at most 3
  /nfl-my-career   broke in 0 of 4 walk(s); the guard printed its line in 0; moved nodes per walk 0, 0, 0, 0; stale text at most 0
  /stadium-tycoon  broke in 0 of 4 walk(s); the guard printed its line in 0; moved nodes per walk 0, 0, 0, 0; stale text at most 2
  /college-grid    broke in 0 of 4 walk(s); the guard printed its line in 0; moved nodes per walk 0, 0, 0, 0; stale text at most 1
  /build-your-xi   broke in 0 of 4 walk(s); the guard printed its line in 0; moved nodes per walk 0, 0, 0, 0; stale text at most 1
  /front-office    broke in 0 of 4 walk(s); the guard printed its line in 0; moved nodes per walk 0, 0, 0, 0; stale text at most 4

WHAT THE THREE BOXES READ after the picks
  phone    keep   nationality "Choose nationality Brazil" (HIDDEN) | position "Choose positionStriker (ST)" (readable) | era "Choose eraCurrent era (2025 start)" (readable)
  desktop  keep   nationality "Choose nationality Brazil" (HIDDEN) | position "Choose positionStriker (ST)" (readable) | era "Choose eraCurrent era (2025 start)" (readable)
  phone    alter  nationality "«Choose nationality» «Brazil»" (HIDDEN) | position "«Choose position»«Striker (ST)»" (readable) | era "«Choose era»«Current era (2025 start)»" (readable)
  desktop  alter  nationality "«Choose nationality» «Brazil»" (HIDDEN) | position "«Choose position»«Striker (ST)»" (readable) | era "«Choose era»«Current era (2025 start)»" (readable)

THE CALLS THAT NAMED A MOVED NODE (10 different, each one a crash without the guard)
  4x /soccer-career: removeChild under <span> of "Choose nationality"
  4x /soccer-career: removeChild under <span> of "Choose position"
  4x /soccer-career: removeChild under <span> of "Choose era"
  8x /soccer-career: removeChild under <span> of "Striker (ST)"
  8x /soccer-career: removeChild under <span> of "Current era (2025 start)"
  4x /soccer-career: removeChild under <span> of "📩 Professional contract offers received!"
  4x /soccer-career: removeChild under <span> of "s"
  16x /nba-my-career#bank: insertBefore under <span> of "-$100k"
  8x /nba-my-career#bank: removeChild under <span> of "+"
  4x /nba-my-career#bank: insertBefore under <span> of "-$200k"

STALE TEXT: 54 different across 22 walk(s). Most on screen at once: 6 on /soccer-career phone keep.
  2x /soccer-career: React "Soccer Career: Free Football Career Simulator" | the screen "Soccer Career Simulator" | in h2.text-lg < div.text-center < section.max-w-2xl (first at "career press 12")
  4x /soccer-career: React "Striker (ST)" | the screen "Choose positionStriker (ST)" | in span < button.flex < div.space-y-1.5 (first at "Roll again")
  4x /soccer-career: React "Current era (2025 start)" | the screen "Choose eraCurrent era (2025 start)" | in span < button.flex < div.space-y-1.5 (first at "Roll again")
  3x /soccer-career: React "60" | the screen "65" | in div.text-6xl < div.rounded-xl < div.bg-card (first at "Roll again")
  4x /soccer-career: React "ST · Age 17 ·" | the screen "ST · Age 16 ·" | in p.text-xs < div.min-w-0 < div.flex (first at "career press 3")
  4x /soccer-career: React "📈 Stats improved during youth development (OVR 64)" | the screen "📋 Joined Corinthians Youth Academy aged 16" | in span < div.text-xs < div.mt-2 (first at "career press 2")
  4x /soccer-career: React "📩 Professional contract offers received!" | the screen "📋 Joined Corinthians Youth Academy aged 16" | in span < div.text-xs < div.mt-2 (first at "career press 3")
  4x /soccer-career: React "ST · Age 18 ·" | the screen "ST · Age 16 ·" | in p.text-xs < div.min-w-0 < div.flex (first at "career press 12")
  4x /soccer-career: React "🏆 Won Player of the Month (November 2027)!" | the screen "📋 Joined Corinthians Youth Academy aged 16" | in span < div.text-xs < div.mt-2 (first at "career press 7")
  4x /soccer-career: React "🏆 Won Player of the Month (February 2027)!" | the screen "📩 Professional contract offers received!🏆 Won Player of the Month (F" | in span < div.text-xs < div.mt-2 (first at "career press 7")
  4x /soccer-career: React "🏆 Won Player of the Month (May 2027)!" | the screen "🏠 One of our own! The Corinthians academy kid signs a first-team deal" | in span < div.text-xs < div.mt-2 (first at "career press 7")
  4x /soccer-career: React "🏆 Won Player of the Month (February 2027)!" | the screen "📋 Joined Corinthians Youth Academy aged 16" | in span < div.text-xs < div.mt-2 (first at "career press 9")
  4x /soccer-career: React "🏆 Won Player of the Month (May 2027)!" | the screen "📩 Professional contract offers received!🏆 Won Player of the Month (F" | in span < div.text-xs < div.mt-2 (first at "career press 9")
  4x /soccer-career: React "📱 🏋️ Post training video: gained 0.1M followers!" | the screen "🏠 One of our own! The Corinthians academy kid signs a first-team deal" | in span < div.text-xs < div.mt-2 (first at "career press 9")
  4x /soccer-career: React "🏠 Life Event · 3 events remaining" | the screen "🏠 Life Event · 4 events remaining" | in span.text-[10px] < div.text-center < div.rounded-xl (first at "career press 10")
  4x /soccer-career: React "🏆 Won Player of the Month (May 2027)!" | the screen "📋 Joined Corinthians Youth Academy aged 16" | in span < div.text-xs < div.mt-2 (first at "career press 10")
  4x /soccer-career: React "📱 🏋️ Post training video: gained 0.1M followers!" | the screen "📩 Professional contract offers received!🏆 Won Player of the Month (F" | in span < div.text-xs < div.mt-2 (first at "career press 10")
  4x /soccer-career: React "🎭 You leaned into it: The Showman is born" | the screen "🏠 One of our own! The Corinthians academy kid signs a first-team deal" | in span < div.text-xs < div.mt-2 (first at "career press 10")
  4x /soccer-career: React "⚡ Positive Event · 2 events remaining" | the screen "🏠 Life Event · 4 events remaining" | in span.text-[10px] < div.text-center < div.rounded-xl (first at "career press 11")
  4x /soccer-career: React "📱 🏋️ Post training video: gained 0.1M followers!" | the screen "📋 Joined Corinthians Youth Academy aged 16" | in span < div.text-xs < div.mt-2 (first at "career press 11")
  4x /soccer-career: React "🎭 You leaned into it: The Showman is born" | the screen "📩 Professional contract offers received!🏆 Won Player of the Month (F" | in span < div.text-xs < div.mt-2 (first at "career press 11")
  4x /soccer-career: React "🃏 Lost big at poker (-€0.8M)" | the screen "🏠 One of our own! The Corinthians academy kid signs a first-team deal" | in span < div.text-xs < div.mt-2 (first at "career press 11")
  4x /soccer-career: React "🏠 Life Event · 1 event remaining" | the screen "🏠 Life Event · 4 events remaining" | in span.text-[10px] < div.text-center < div.rounded-xl (first at "career press 12")
  4x /soccer-career: React "🎭 You leaned into it: The Showman is born" | the screen "📋 Joined Corinthians Youth Academy aged 16" | in span < div.text-xs < div.mt-2 (first at "career press 12")
  4x /soccer-career: React "🃏 Lost big at poker (-€0.8M)" | the screen "📩 Professional contract offers received!🏆 Won Player of the Month (F" | in span < div.text-xs < div.mt-2 (first at "career press 12")
  4x /soccer-career: React "🏆 Won Player of the Month" | the screen "🏠 One of our own! The Corinthians academy kid signs a first-team deal" | in span < div.text-xs < div.mt-2 (first at "career press 12")
  4x /club-manager: React "Club Manager: Free Football Management Game" | the screen "Club Manager: Football Management Sim" | in h2.text-lg < div.text-center < section.max-w-2xl (first at "press 8")
  4x /nba-my-career#bank: React "+$50k" | the screen "-$100k+" | in span.font-black < span.flex < div.flex (first at "the Bank: Take it all out")
  4x /nba-my-career#bank: React "-$200k" | the screen "-$100k+" | in span.font-black < span.flex < div.flex (first at "the Bank: Take it all out")
  3x /stadium-tycoon: React "lifetime $5 · 0 wins · 0 goals · 0 taps · match #1 · milestones 0/10 ·" | the screen "lifetime $0 · 0 wins · 0 goals · 0 taps · match #1 · milestones 0/10 ·" | in div.text-xs < div.max-w-2xl < div#dukb-main.min-h-screen (first at "the page draws")
  4x /stadium-tycoon: React "1'" | the screen "0'" | in span.text-white/90 < div.absolute < div.relative (first at "press 2")
  3x /stadium-tycoon: React "lifetime $8 · 0 wins · 0 goals · 0 taps · match #1 · milestones 0/10 ·" | the screen "lifetime $0 · 0 wins · 0 goals · 0 taps · match #1 · milestones 0/10 ·" | in div.text-xs < div.max-w-2xl < div#dukb-main.min-h-screen (first at "press 1")
  4x /stadium-tycoon: React "lifetime $11 · 0 wins · 0 goals · 0 taps · match #1 · milestones 0/10 " | the screen "lifetime $0 · 0 wins · 0 goals · 0 taps · match #1 · milestones 0/10 ·" | in div.text-xs < div.max-w-2xl < div#dukb-main.min-h-screen (first at "press 2")
  2x /stadium-tycoon: React "lifetime $24 · 0 wins · 0 goals · 0 taps · match #1 · milestones 0/10 " | the screen "lifetime $22 · 0 wins · 0 goals · 0 taps · match #1 · milestones 0/10 " | in div.text-xs < div.max-w-2xl < div#dukb-main.min-h-screen (first at "press 7")
  4x /stadium-tycoon: React "4'" | the screen "3'" | in span.text-white/90 < div.absolute < div.relative (first at "press 8")
  1x /stadium-tycoon: React "lifetime $26 · 0 wins · 0 goals · 0 taps · match #1 · milestones 0/10 " | the screen "lifetime $22 · 0 wins · 0 goals · 0 taps · match #1 · milestones 0/10 " | in div.text-xs < div.max-w-2xl < div#dukb-main.min-h-screen (first at "press 8")
  1x /front-office: React "NFL Front Office: Football GM Simulator" | the screen "NFL Front Office: the GM Sim" | in h2.text-lg < div.text-center < section.max-w-2xl (first at "press 8")
  4x /front-office: React "Trust 63" | the screen "Trust 60" | in span.font-black < div.flex < div.rounded-2xl (first at "press 6")
  4x /front-office: React "$147M" | the screen "$151.1M" | in b < span.rounded-full < div.flex (first at "press 6")
  4x /front-office: React "Free agents (cap room $147M). Cut players land here too, but a man you" | the screen "Free agents (cap room $151.1M). Cut players land here too, but a man y" | in p.mb-2 < div.rounded-2xl < div.space-y-4 (first at "press 6")

nothing left this machine: 76 request(s) to the database host aborted, other hosts aborted [fonts.googleapis.com], 16 screenshot(s) in /home/runner/work/_temp/rc-out/files/translated-nolive
64 call(s) in all named a node its parent no longer owned, each one a crash without the guard. Layer one had to fall back, and printed its line, on 8 of 40 page load(s).

399 checks, 34 failed
control "nolive": on the create walk, stale text in 4 of 4, a placeholder beside its pick in 4, the age line behind the save in 4.
control "nolive": in The Bank a figure with its sign in the wrong place or old words in 4 of 4 walk(s), for example {"after":"Take it all out","line":"-$100k+"}.
control "nolive": the page stood (no boundary, no NotFoundError in 40 walk(s)) and was wrong for its own reasons. RED on purpose, the checks work.
playTranslatedPage: 399 checks, 34 failed (control "nolive", red on purpose)
