Negative control changed temporary source: castnow (src/components/club-manager/LiveSimScreen.tsx)

 RUN  v3.2.7 /home/runner/work/ballpark-hero/ballpark-hero

stdout | src/test/pitchOwnGoal.test.tsx > Round 1216: an own goal on real feeds > the material is a dense fleet of own goals, each on the cast the viewer holds for it
[1216 material] 100 matches, 200 half feeds; own goals staged 163 (goals left as they were: 118), for me 79, against me 84; the named man on the viewer's cast 163, not on it 0; by a back 139, by the keeper 24; actions that start outside the goal's own minute 0, wound up as a last kick 0

stdout | src/test/pitchOwnGoal.test.tsx > Round 1216: an own goal and a change of line up off the clock > an own goal still on its way when the line up changes off the clock keeps its net, its card and its men
[1216 held cast] 326 halves redrawn (cap 4000); the own goal found on attempt 274; one whose man is the one leaving on attempt 325

 ❯ src/test/pitchOwnGoal.test.tsx (15 tests | 1 failed | 13 skipped) 5835ms
   ✓ Round 1216: an own goal on real feeds > the material is a dense fleet of own goals, each on the cast the viewer holds for it  1423ms
   ↓ Round 1216: an own goal on real feeds > OG1: the ball goes in off the man the line names
   ↓ Round 1216: an own goal on real feeds > OG9: from the touch to the net the ball passes nobody else
   ↓ Round 1216: an own goal on real feeds > OG2: the instants are the goal it always was
   ↓ Round 1216: an own goal on real feeds > OG3: nobody is the scorer, and the man holds his head
   ↓ Round 1216: an own goal on real feeds > OG4: nobody stands on a team mate while it plays
   ↓ Round 1216: an own goal on real feeds > OG5: the turn can be seen, and the ball comes to the man
   ↓ Round 1216: an own goal on scenes made by hand > OG6: who it goes in off, and a man who is not there moves nobody
   ↓ Round 1216: an own goal on scenes made by hand > OG7: reduced motion shows the last frame at once, the man with his head in his hands
   ↓ Round 1216: an own goal on scenes made by hand > OG8: a goal from the spot or from a direct free kick is never drawn as an own goal
   ↓ Round 1216: the recorded own goal > OWN: every own goal frame of the hand made scenes is the recorded one
   ↓ Round 1216: the recorded own goal > RUE: the figure with his head in his hands is the recorded one, and at rue 0 it is the figure it was
   ↓ Round 1216: an own goal in the live match > the live match draws an own goal for me off the man on its card
   ↓ Round 1216: an own goal in the live match > the live match draws an own goal for opp off the man on its card
   × Round 1216: an own goal and a change of line up off the clock > an own goal still on its way when the line up changes off the clock keeps its net, its card and its men 4410ms
     → expected 0 to be greater than 5

 Test Files  1 failed (1)
      Tests  1 failed | 1 passed | 13 skipped (15)
   Start at  13:44:25
   Duration  9.90s (transform 2.45s, setup 68ms, collect 3.07s, tests 5.83s, environment 418ms, prepare 203ms)

JSON report written to /home/runner/work/ballpark-hero/ballpark-hero/.sim-control/own-goal-uYKE0y/result.json
Browserslist: browsers data (caniuse-lite) is 16 months old. Please run:
  npx update-browserslist-db@latest
  Why you should do it regularly: https://github.com/browserslist/update-db#readme

⎯⎯⎯⎯⎯⎯⎯ Failed Tests 1 ⎯⎯⎯⎯⎯⎯⎯

 FAIL  src/test/pitchOwnGoal.test.tsx > Round 1216: an own goal and a change of line up off the clock > an own goal still on its way when the line up changes off the clock keeps its net, its card and its men
AssertionError: expected 0 to be greater than 5
 ❯ expectOwnGoalOnPage src/test/pitchOwnGoal.test.tsx:546:22
    544|   const net = playing.filter(f => f.phase === 'net');
    545|   expect(windup.length).toBeGreaterThan(20);
    546|   expect(net.length).toBeGreaterThan(5);
       |                      ^
    547|   /* The pitch says it is an own goal on every frame of it, and the ma…
    548|   expect(playing.every(f => f.own !== null && f.own !== '')).toBe(true…
 ❯ src/test/pitchOwnGoal.test.tsx:692:20

⎯⎯⎯⎯⎯⎯⎯⎯⎯⎯⎯⎯⎯⎯⎯⎯⎯⎯⎯⎯⎯⎯⎯⎯[1/1]⎯

simOwnGoalMotion: control castnow turned "an own goal still on its way when the line up changes off the clock" red on an assertion (1 failed) and the material stayed green, as it must.
