Negative control changed temporary source: plain (src/components/pitch-motion/motion.tsx)

 RUN  v3.2.7 /home/runner/work/ballpark-hero/ballpark-hero

stdout | src/test/pitchOwnGoal.test.tsx > Round 1216: an own goal on real feeds > the material is a dense fleet of own goals, each on the cast the viewer holds for it
[1216 material] 100 matches, 200 half feeds; own goals staged 163 (goals left as they were: 118), for me 79, against me 84; the named man on the viewer's cast 163, not on it 0; by a back 139, by the keeper 24; actions that start outside the goal's own minute 0, wound up as a last kick 0

stdout | src/test/pitchOwnGoal.test.tsx > Round 1216: an own goal on real feeds > OG1: the ball goes in off the man the line names
[1216 OG1] own goals with the man on the grass 163; at the touch the figure nearest the ball is the named man, within 1: own goal arm 0, baseline arm 0; the man's gap to the ball at the touch: least 3.4, median 15.2, 90th percentile 31.9, most 41.9 | Aston Villa 2' opp Zion Suzuki: nearest m3 at 5.29, the man m0 at 9.44; Aston Villa 45+2' opp Pau Torres: nearest m0 at 4.61, the man m2 at 8.57; Aston Villa 46' opp Pau Torres: nearest m3 at 3.98, the man m2 at 16.52; Aston Villa 10' opp Pau Torres: nearest m3 at 5.45, the man m2 at 17.30

 ❯ src/test/pitchOwnGoal.test.tsx (15 tests | 1 failed | 13 skipped) 2449ms
   ✓ Round 1216: an own goal on real feeds > the material is a dense fleet of own goals, each on the cast the viewer holds for it  2316ms
   × Round 1216: an own goal on real feeds > OG1: the ball goes in off the man the line names 131ms
     → expected +0 to be 163 // Object.is equality
   ↓ Round 1216: an own goal on real feeds > OG9: from the touch to the net the ball passes nobody else
   ↓ Round 1216: an own goal on real feeds > OG2: the instants are the goal it always was
   ↓ Round 1216: an own goal on real feeds > OG3: nobody is the scorer, and the man holds his head
   ↓ Round 1216: an own goal on real feeds > OG4: nobody stands on a team mate while it plays
   ↓ Round 1216: an own goal on real feeds > OG5: the turn can be seen, and the ball comes to the man
   ↓ Round 1216: an own goal on scenes made by hand > OG6: who it goes in off, and a man who is not there moves nobody
   ↓ Round 1216: an own goal on scenes made by hand > OG7: reduced motion shows the last frame at once, the man with his head in his hands
   ↓ Round 1216: an own goal on scenes made by hand > OG8: a goal from the spot or from a direct free kick is never drawn as an own goal
   ↓ Round 1216: the recorded own goal > OWN: every own goal frame of the hand made scenes is the recorded one
   ↓ Round 1216: the recorded own goal > RUE: the figure with his head in his hands is the recorded one, and at rue 0 it is the figure it was
   ↓ Round 1216: an own goal in the live match > the live match draws an own goal for me off the man on its card
   ↓ Round 1216: an own goal in the live match > the live match draws an own goal for opp off the man on its card
   ↓ Round 1216: an own goal and a change of line up off the clock > an own goal still on its way when the line up changes off the clock keeps its net, its card and its men

 Test Files  1 failed (1)
      Tests  1 failed | 1 passed | 13 skipped (15)
   Start at  12:56:49
   Duration  7.22s (transform 2.65s, setup 69ms, collect 3.42s, tests 2.45s, environment 578ms, prepare 308ms)

JSON report written to /home/runner/work/ballpark-hero/ballpark-hero/.sim-control/own-goal-ZXFtx2/result.json
Browserslist: browsers data (caniuse-lite) is 16 months old. Please run:
  npx update-browserslist-db@latest
  Why you should do it regularly: https://github.com/browserslist/update-db#readme

⎯⎯⎯⎯⎯⎯⎯ Failed Tests 1 ⎯⎯⎯⎯⎯⎯⎯

 FAIL  src/test/pitchOwnGoal.test.tsx > Round 1216: an own goal on real feeds > OG1: the ball goes in off the man the line names
AssertionError: expected +0 to be 163 // Object.is equality

- Expected
+ Received

- 163
+ 0

 ❯ src/test/pitchOwnGoal.test.tsx:199:20


⎯⎯⎯⎯⎯⎯⎯⎯⎯⎯⎯⎯⎯⎯⎯⎯⎯⎯⎯⎯⎯⎯⎯⎯[1/1]⎯

simOwnGoalMotion: control plain turned "OG1: the ball goes in off the man the line names" red on an assertion (1 failed) and the material stayed green, as it must.
