playLiveMatchFit: seed 7. Replay this run with: LIVE_FIT_SEED=7 node scripts/playLiveMatchFit.mjs
9) An own goal is drawn as one
  [own goal for me] found by the engine on seed 16 in match 196 of the search: Celtic v Rangers, 21' Tuur Rommens (own goal), for me; the man on the page is theirs, number 5
  [match own-me-390] seed 17, 7 draws at kick off, digest c36f174a over 4843 characters of drawn match: Celtic v Rangers, goals of the first half 21' Tuur Rommens (own goal); own goals among them 1
  own-me-390:
  the goal watched: 21' Tuur Rommens (own goal), for me; own goals in its half 1 of 1 goals
  ok    the goal in order: 46 frames of wind up and flight all read 0 - 0, and the first frame reading 1 - 0 is in phase net with the net marked
  ok    the line under the pitch never read GOAL! while the ball was on its way (46 frames)
  ok    the scorer card was inside the pitch on all 105 frames it was up
  ok    the card reads "GOAL! Tuur Rommens 21' (O.G)"
  ok    the pitch marks the action as an own goal on all 151 frames of it
  ok    the last touch is the man the card names: the ball comes within 0.5 of him and no dot is nearer
  ok    from the touch to the net no man of the side that got the goal is at the ball
  ok    the ball turns by 118.7 degrees in its flight (the floor is 20; a goal that is not an own goal stays under 4)
  ok    in the net he alone holds his head (102 frames), nobody of his side has his arms up, and the side that got it does (105 frames)
  [match own-me-1280] seed 17, 7 draws at kick off, digest c36f174a over 4843 characters of drawn match: Celtic v Rangers, goals of the first half 21' Tuur Rommens (own goal); own goals among them 1
  own-me-1280:
  the goal watched: 21' Tuur Rommens (own goal), for me; own goals in its half 1 of 1 goals
  ok    the goal in order: 46 frames of wind up and flight all read 0 - 0, and the first frame reading 1 - 0 is in phase net with the net marked
  ok    the line under the pitch never read GOAL! while the ball was on its way (46 frames)
  ok    the list beside the pitch said GOAL! only once the ball was in (first on a frame reading goal/net, score 1 - 0)
  ok    the scorer card was inside the pitch on all 105 frames it was up
  ok    the card reads "GOAL! Tuur Rommens 21' (O.G)"
  ok    the pitch marks the action as an own goal on all 151 frames of it
  ok    the last touch is the man the card names: the ball comes within 0.5 of him and no dot is nearer
  ok    from the touch to the net no man of the side that got the goal is at the ball
  ok    the ball turns by 118.7 degrees in its flight (the floor is 20; a goal that is not an own goal stays under 4)
  ok    in the net he alone holds his head (102 frames), nobody of his side has his arms up, and the side that got it does (105 frames)
  [own goal against me] found by the engine on seed 16 in match 593 of the search: Aston Villa v Manchester City, 23' Aaron Wan-Bissaka (own goal), against me; the man on the page is mine, id p-aaron-wan-bissaka
  [match own-opp-390] seed 18, 7 draws at kick off, digest 0b2315d3 over 7038 characters of drawn match: Aston Villa v Manchester City, goals of the first half 10' Ibrahim Mbaye, 23' Aaron Wan-Bissaka (own goal), 27' Rayan Cherki, 35' Rayan Cherki, 36' Josko Gvardiol, 45+3' Nicolas Jackson; own goals among them 1
  own-opp-390:
  the goal watched: 23' Aaron Wan-Bissaka (own goal), against me; own goals in its half 1 of 6 goals
  ok    the goal in order: 46 frames of wind up and flight all read 1 - 0, and the first frame reading 1 - 1 is in phase net with the net marked
  ok    the line under the pitch never read GOAL! while the ball was on its way (46 frames)
  ok    the scorer card was inside the pitch on all 105 frames it was up
  ok    the card reads "GOAL! Aaron Wan-Bissaka 23' (O.G)"
  ok    the pitch marks the action as an own goal on all 151 frames of it
  ok    the last touch is the man the card names: the ball comes within 0.4 of him and no dot is nearer
  ok    from the touch to the net no man of the side that got the goal is at the ball
  ok    the ball turns by 121.7 degrees in its flight (the floor is 20; a goal that is not an own goal stays under 4)
  ok    in the net he alone holds his head (102 frames), nobody of his side has his arms up, and the side that got it does (105 frames)
  [match own-opp-1280] seed 18, 7 draws at kick off, digest 0b2315d3 over 7038 characters of drawn match: Aston Villa v Manchester City, goals of the first half 10' Ibrahim Mbaye, 23' Aaron Wan-Bissaka (own goal), 27' Rayan Cherki, 35' Rayan Cherki, 36' Josko Gvardiol, 45+3' Nicolas Jackson; own goals among them 1
  own-opp-1280:
  the goal watched: 23' Aaron Wan-Bissaka (own goal), against me; own goals in its half 1 of 6 goals
  ok    the goal in order: 46 frames of wind up and flight all read 1 - 0, and the first frame reading 1 - 1 is in phase net with the net marked
  ok    the line under the pitch never read GOAL! while the ball was on its way (46 frames)
  ok    the list beside the pitch said GOAL! only once the ball was in (first on a frame reading goal/net, score 1 - 1)
  ok    the scorer card was inside the pitch on all 105 frames it was up
  ok    the card reads "GOAL! Aaron Wan-Bissaka 23' (O.G)"
  ok    the pitch marks the action as an own goal on all 151 frames of it
  ok    the last touch is the man the card names: the ball comes within 0.4 of him and no dot is nearer
  ok    from the touch to the net no man of the side that got the goal is at the ball
  ok    the ball turns by 121.7 degrees in its flight (the floor is 20; a goal that is not an own goal stays under 4)
  ok    in the net he alone holds his head (102 frames), nobody of his side has his arms up, and the side that got it does (105 frames)
playLiveMatchFit: section 9 alone is green. An own goal for me and one against me, each on a phone and on a wide screen: the card says (O.G), the ball goes in off the man it names, he holds his head and nobody of his side celebrates.
