playLiveMatchFit: seed 2026. Replay this run with: LIVE_FIT_SEED=2026 node scripts/playLiveMatchFit.mjs
9) An own goal is drawn as one
  [own goal for me] found by the engine on seed 2035 in match 143 of the search: Ajax v Feyenoord, 35' Tsuyoshi Watanabe (own goal), for me; the man on the page is theirs, number 3
  [match own-me-390] seed 2036, 7 draws at kick off, digest 127fb4dc over 6556 characters of drawn match: Ajax v Feyenoord, goals of the first half 13' Tolu Arokodare, 15' Youri Baas, 29' Reiss Nelson, 35' Tsuyoshi Watanabe (own goal); own goals among them 1
  own-me-390:
  the goal watched: 35' Tsuyoshi Watanabe (own goal), for me; own goals in its half 1 of 4 goals
  ok    the goal in order: 46 frames of wind up and flight all read 2 - 1, and the first frame reading 3 - 1 is in phase net with the net marked
  ok    the line under the pitch never read GOAL! while the ball was on its way (46 frames)
  ok    the scorer card was inside the pitch on all 105 frames it was up
  ok    the card reads "GOAL! Tsuyoshi Watanabe 35' (O.G)"
  ok    the pitch marks the action as an own goal on all 151 frames of it
  ok    the last touch is the man the card names: the ball comes within 0.3 of him and no dot is nearer
  ok    from the touch to the net no man of the side that got the goal is at the ball
  ok    the ball turns by 62.2 degrees in its flight (the floor is 20; a goal that is not an own goal stays under 4)
  ok    in the net he alone holds his head (102 frames), nobody of his side has his arms up, and the side that got it does (105 frames)
  [match own-me-1280] seed 2036, 7 draws at kick off, digest 127fb4dc over 6556 characters of drawn match: Ajax v Feyenoord, goals of the first half 13' Tolu Arokodare, 15' Youri Baas, 29' Reiss Nelson, 35' Tsuyoshi Watanabe (own goal); own goals among them 1
  own-me-1280:
  the goal watched: 35' Tsuyoshi Watanabe (own goal), for me; own goals in its half 1 of 4 goals
  ok    the goal in order: 46 frames of wind up and flight all read 2 - 1, and the first frame reading 3 - 1 is in phase net with the net marked
  ok    the line under the pitch never read GOAL! while the ball was on its way (46 frames)
  ok    the list beside the pitch said GOAL! only once the ball was in (first on a frame reading goal/net, score 3 - 1)
  ok    the scorer card was inside the pitch on all 105 frames it was up
  ok    the card reads "GOAL! Tsuyoshi Watanabe 35' (O.G)"
  ok    the pitch marks the action as an own goal on all 151 frames of it
  ok    the last touch is the man the card names: the ball comes within 0.3 of him and no dot is nearer
  ok    from the touch to the net no man of the side that got the goal is at the ball
  ok    the ball turns by 62.2 degrees in its flight (the floor is 20; a goal that is not an own goal stays under 4)
  ok    in the net he alone holds his head (102 frames), nobody of his side has his arms up, and the side that got it does (105 frames)
  [own goal against me] found by the engine on seed 2035 in match 79 of the search: Real Madrid v Como, 21' Álvaro Carreras (own goal), against me; the man on the page is mine, id p-alvaro-carreras
  [match own-opp-390] seed 2037, 7 draws at kick off, digest f42847af over 6229 characters of drawn match: Real Madrid v Como, goals of the first half 13' Arda Güler, 21' Álvaro Carreras (own goal); own goals among them 1
  own-opp-390:
  the goal watched: 21' Álvaro Carreras (own goal), against me; own goals in its half 1 of 2 goals
  ok    the goal in order: 46 frames of wind up and flight all read 1 - 0, and the first frame reading 1 - 1 is in phase net with the net marked
  ok    the line under the pitch never read GOAL! while the ball was on its way (46 frames)
  ok    the scorer card was inside the pitch on all 105 frames it was up
  ok    the card reads "GOAL! Álvaro Carreras 21' (O.G)"
  ok    the pitch marks the action as an own goal on all 151 frames of it
  ok    the last touch is the man the card names: the ball comes within 0.5 of him and no dot is nearer
  ok    from the touch to the net no man of the side that got the goal is at the ball
  ok    the ball turns by 121.3 degrees in its flight (the floor is 20; a goal that is not an own goal stays under 4)
  ok    in the net he alone holds his head (102 frames), nobody of his side has his arms up, and the side that got it does (105 frames)
  [match own-opp-1280] seed 2037, 7 draws at kick off, digest f42847af over 6229 characters of drawn match: Real Madrid v Como, goals of the first half 13' Arda Güler, 21' Álvaro Carreras (own goal); own goals among them 1
  own-opp-1280:
  the goal watched: 21' Álvaro Carreras (own goal), against me; own goals in its half 1 of 2 goals
  ok    the goal in order: 46 frames of wind up and flight all read 1 - 0, and the first frame reading 1 - 1 is in phase net with the net marked
  ok    the line under the pitch never read GOAL! while the ball was on its way (46 frames)
  ok    the list beside the pitch said GOAL! only once the ball was in (first on a frame reading goal/net, score 1 - 1)
  ok    the scorer card was inside the pitch on all 105 frames it was up
  ok    the card reads "GOAL! Álvaro Carreras 21' (O.G)"
  ok    the pitch marks the action as an own goal on all 151 frames of it
  ok    the last touch is the man the card names: the ball comes within 0.5 of him and no dot is nearer
  ok    from the touch to the net no man of the side that got the goal is at the ball
  ok    the ball turns by 121.3 degrees in its flight (the floor is 20; a goal that is not an own goal stays under 4)
  ok    in the net he alone holds his head (102 frames), nobody of his side has his arms up, and the side that got it does (105 frames)
playLiveMatchFit: section 9 alone is green. An own goal for me and one against me, each on a phone and on a wide screen: the card says (O.G), the ball goes in off the man it names, he holds his head and nobody of his side celebrates.
