
 RUN  v3.2.7 /home/runner/work/ballpark-hero/ballpark-hero

stdout | src/test/playerAutocompleteStale.test.tsx > player autocomplete: a list is only on screen for the query that produced it > never offers the last query under new text, across 200 seeded timings
STALE_SWEEP seed=1138 trials=200 staleVisible=0 stalePicked=0 currentPicked=200 stuckFinding=0

 ✓ src/test/playerAutocompleteStale.test.tsx > player autocomplete: a list is only on screen for the query that produced it > never offers the last query under new text, across 200 seeded timings 796ms
 ✓ src/test/playerAutocompleteStale.test.tsx > player autocomplete: a list is only on screen for the query that produced it > drops the list in the same render the text changes 53ms
 ✓ src/test/playerAutocompleteStale.test.tsx > player autocomplete: a list is only on screen for the query that produced it > drops the list when the search options change under the same text 17ms
 ✓ src/test/playerAutocompleteStale.test.tsx > player autocomplete: a list is only on screen for the query that produced it > drops the list when the player leaves the box and searches again on return 82ms
 × src/test/playerAutocompleteStale.test.tsx > player autocomplete: a list is only on screen for the query that produced it > Enter picks the only name showing when the page asks for a pick from the list 32ms
   → expected "spy" to not be called at all, but actually been called 1 times

Received: 

  1st spy call:

    Array [
      Object {
        "key": "alpha stone",
        "matchRank": 0,
        "meta": Object {
          "club": "Fixture East",
        },
        "name": "Alpha Stone",
        "personKey": "fixture-a",
        "prominence": 2,
        "rawName": "Alpha Stone",
      },
    ]


Number of calls: 1

 ✓ src/test/playerAutocompleteStale.test.tsx > player autocomplete: a list is only on screen for the query that produced it > Enter still sends the typed text on a free text page with one name showing 9ms
 ✓ src/test/playerAutocompleteStale.test.tsx > player autocomplete: a list is only on screen for the query that produced it > offers a settled list for the text in the box exactly as before 8ms
 ✓ src/test/playerAutocompleteStale.test.tsx > player autocomplete: a list is only on screen for the query that produced it > never shows Finding players with nothing in flight 55ms
 ✓ src/test/playerAutocompleteStale.test.tsx > player autocomplete: a list is only on screen for the query that produced it > searches at exactly the fewest letters the page asks for 13ms
 ✓ src/test/playerAutocompleteStale.test.tsx > player autocomplete: a list is only on screen for the query that produced it > drops a search still in flight when the player leaves the box 13ms
 ✓ src/test/playerAutocompleteStale.test.tsx > player autocomplete: a list is only on screen for the query that produced it > drops a search still in flight when a name is picked 11ms
 ✓ src/test/playerAutocompleteStale.test.tsx > player autocomplete: a list is only on screen for the query that produced it > Escape leaves the box while a search is in flight 14ms
 ✓ src/test/playerAutocompleteStale.test.tsx > player autocomplete: a list is only on screen for the query that produced it > a pick does not bring the list back under the picked name 23ms
 ✓ src/test/playerAutocompleteStale.test.tsx > player autocomplete: a list is only on screen for the query that produced it > the click of the tap that picked a name never reaches what was under the list 18ms

 Test Files  1 failed (1)
      Tests  1 failed | 13 passed (14)
   Start at  18:02:07
   Duration  2.25s (transform 155ms, setup 50ms, collect 354ms, tests 1.15s, environment 289ms, prepare 66ms)



⎯⎯⎯⎯⎯⎯⎯ Failed Tests 1 ⎯⎯⎯⎯⎯⎯⎯

 FAIL  src/test/playerAutocompleteStale.test.tsx > player autocomplete: a list is only on screen for the query that produced it > Enter picks the only name showing when the page asks for a pick from the list
AssertionError: expected "spy" to not be called at all, but actually been called 1 times

Received: 

  1st spy call:

    Array [
      Object {
        "key": "alpha stone",
        "matchRank": 0,
        "meta": Object {
          "club": "Fixture East",
        },
        "name": "Alpha Stone",
        "personKey": "fixture-a",
        "prominence": 2,
        "rawName": "Alpha Stone",
      },
    ]


Number of calls: 1

 ❯ src/test/playerAutocompleteStale.test.tsx:237:30
    235|     expect(await pair.findAllByRole('option')).toHaveLength(2);
    236|     fireEvent.keyDown(pair.getByRole('combobox'), { key: 'Enter' });
    237|     expect(two.onSelect).not.toHaveBeenCalled();
       |                              ^
    238|     pair.unmount();
    239| 

⎯⎯⎯⎯⎯⎯⎯⎯⎯⎯⎯⎯⎯⎯⎯⎯⎯⎯⎯⎯⎯⎯⎯⎯[1/1]⎯

simPlayerAutocompleteInteraction topenter control: stale list test 5 rejected the changed component and tests 6, 7 stayed green.
