save "ere": Twente, 4 seasons, phase playing
ok   1 390x844: the Season Centre opens and the page does not move (scrollY 0 then 0)
ok   2 390x844: the kick off card says 18 clubs and 34 matchdays ("18 clubs · 34 matchdays · 3 points for a win")
ok   3 390x844: the compact table shows its rows and none reads "another club" (5 rows, 0 unnamed; first Twente, Ajax, Willem II, Go Ahead Eagles)
ok   6 390x844: no sideways scroll on the kick off card (390)
ok   4 390x844: the season review prints a position of 18 ("Champions of Eredivisie, top of 18 · 69 pts")
ok   7 390x844: the final table names every row it shows, 1st place included (5 rows, 0 unnamed, top row Twente)
ok   1 390x844: leaving closes the Season Centre and the page has not moved (scrollY 0)
ok   5 390x844: the Season Summary card prints the same position of 18 (top of 18)
ok   6 390x844: no sideways scroll on the summary (390) and no page error
ok   1 390x844 reduced motion: the Season Centre opens and the page does not move (scrollY 0 then 0)
ok   2 390x844 reduced motion: the kick off card says 18 clubs and 34 matchdays ("18 clubs · 34 matchdays · 3 points for a win")
ok   3 390x844 reduced motion: the compact table shows its rows and none reads "another club" (5 rows, 0 unnamed; first Twente, Go Ahead Eagles, Willem II, ADO Den Haag)
ok   6 390x844 reduced motion: no sideways scroll on the kick off card (390)
ok   4 390x844 reduced motion: the season review prints a position of 18 ("Champions of Eredivisie, top of 18 · 75 pts")
ok   7 390x844 reduced motion: the final table names every row it shows, 1st place included (5 rows, 0 unnamed, top row Twente)
ok   1 390x844 reduced motion: leaving closes the Season Centre and the page has not moved (scrollY 0)
ok   5 390x844 reduced motion: the Season Summary card prints the same position of 18 (top of 18)
ok   6 390x844 reduced motion: no sideways scroll on the summary (390) and no page error
ok   1 1280x900: the Season Centre opens and the page does not move (scrollY 0 then 0)
ok   2 1280x900: the kick off card says 18 clubs and 34 matchdays ("18 clubs · 34 matchdays · 3 points for a win")
ok   3 1280x900: the table has 18 rows and none reads "another club" (18 rows, 0 unnamed; first Twente, Ajax, PSV, AZ Alkmaar)
ok   6 1280x900: no sideways scroll on the kick off card (1280)
ok   4 1280x900: the season review prints a position of 18 ("Finished 2nd of 18 in Eredivisie · 69 pts")
ok   7 1280x900: the final table names every row it shows, 1st place included (18 rows, 0 unnamed, top row Feyenoord)
ok   8 1280x900: the last row of the table comes whole into view inside its column (row 701 to 730, column 143 to 818, the column scrolls)
ok   1 1280x900: leaving closes the Season Centre and the page has not moved (scrollY 0)
ok   5 1280x900: the Season Summary card prints the same position of 18 (2nd of 18)
ok   6 1280x900: no sideways scroll on the summary (1280) and no page error
ok   1 1280x900 reduced motion: the Season Centre opens and the page does not move (scrollY 0 then 0)
ok   2 1280x900 reduced motion: the kick off card says 18 clubs and 34 matchdays ("18 clubs · 34 matchdays · 3 points for a win")
ok   3 1280x900 reduced motion: the table has 18 rows and none reads "another club" (18 rows, 0 unnamed; first Twente, Ajax, Fortuna Sittard, Excelsior)
ok   6 1280x900 reduced motion: no sideways scroll on the kick off card (1280)
ok   4 1280x900 reduced motion: the season review prints a position of 18 ("Finished 6th of 18 in Eredivisie · 59 pts")
ok   7 1280x900 reduced motion: the final table names every row it shows, 1st place included (18 rows, 0 unnamed, top row Feyenoord)
ok   8 1280x900 reduced motion: the last row of the table comes whole into view inside its column (row 701 to 730, column 143 to 818, the column scrolls)
ok   1 1280x900 reduced motion: leaving closes the Season Centre and the page has not moved (scrollY 0)
ok   5 1280x900 reduced motion: the Season Summary card prints the same position of 18 (6th of 18)
ok   6 1280x900 reduced motion: no sideways scroll on the summary (1280) and no page error
ok   4 at least one of the four seasons ended with an ordinal position of 18 (2nd of 18 at 1280; 6th of 18 at 1280)
playCareerLeagueWorld: 39 checks, 0 failed
