CONTROL tableview: rewritten in the bundled source or in what is served, never a file on disk
tables from node: 356 table seasons in the probe, five used: Probe 0 2001 AC Milan (34); Probe 9 2013 Atletico Madrid (38); Probe 16 2006 Chelsea (38); Probe 33 1997 Fiorentina (34); Probe 38 2034 Real Madrid (38)
C) chunks: Season Centre SoccerSeasonCentre-AlWngjHz.js, little pitch MiniPitch-C17YpJM9.js, pitch part PitchSurface-D3ovf3aM.js
CONTROL tableview: SoccerSeasonCentre-AlWngjHz.js rewritten as served
C) save: Motion 0, 12 played seasons (5 replay, 7 locked), the last 2023/24 Arsenal with 38 matchdays; his goal and a goal against on matchday 9
ok   C. the save has seasons that replay and seasons that do not (5 and 7; floors 2 and 1)
ok   C2. the hub loads neither the Season Centre, the little pitch nor the pitch part
ok   C3. with no place kept the hub shows Season replays and no Resume chip
ok   C4. the picker lists exactly the played seasons, newest first, open or locked as node says (12 rows: 5 open, 7 locked)
ok   C4. a locked season is not a way in
ok   C4. opened from the career page the latest season offers no moment
ok   C2. the kick off card has not asked for the little pitch
ok   C2. the little pitch is asked for after ▶ Kick off
ok   C2. nothing asked for from the press to the first match carries a Club Manager marker (2 files: MiniPitch-C17YpJM9.js PitchSurface-D3ovf3aM.js)
ok   C1. after each of the first 10 matchdays the table at rest is node's table (wrong after: none)
ok   C1. the table slid on 9 of 9 advances (floor 6)
ok   C1. the page neither scrolled nor changed width across 10 matchdays (moved at: none)
ok   C6. every opponent's name in the desktop fixtures keeps at least 72 px (narrowest 118.0 of 38)
ok   C2. matchday 9 at 1x: each of its 7 goals reached the right net, his with the ring and the words (0 did not: )
ok   C2. goals were played, not just drawn landed (13 plant and flight frames logged)
ok   C3. closing after matchday 10 leaves the chip "📺 Resume 2023/24, matchday 11"
ok   C7. the save is byte for byte what it was after a desktop watch
ok   C4. 390: the picker's list scrolls inside its tile (352 px) and the page behind does not (0 px)
ok   C4. 390: the oldest season that replays opens to watch only (centre, "Back to your career")
ok   C6. 390: every opponent's name in the phone fixtures keeps at least 72 px (narrowest 189.0 of 38)
ok   C3. 390: three matchdays watched leave the chip "📺 Resume 2023/24, matchday 4", 44 px tall
ok   C3. 390: the record kept is this season's key, the year, 3 matchdays, the speed and not stable ({"key":"Motion 0|Arsenal|2023|46|28|10|8.5|centre","year":2023,"md":3,"speed":"results","stable":false})
ok   C3. 390: the chip is still there after a reload
ok   C6. 390: the hub with the chip and three small buttons does not scroll sideways
ok   C3. 390: the Centre opens where he stopped ("3 of 38 played · you are 2nd", ▶ Matchday 4 | ⏭ Straight to the final table | ↺ From the start)
ok   C3. 390: the resumed table is node's table after matchday 3, and nothing in it moved
ok   C6. 390: the review's strip has a bar for each of the 38 league games in a strip 56 px tall (38, 56)
ok   C3. 390: reaching the review clears the kept place
ok   C3. 390: and the chip is gone
ok   C7. 390: the save is byte for byte what it was after a replay, a resume and a review
ok   C3. a record that is not this season's shows no chip (none did), and the true record does
ok   C3. once the save's league year has moved on, a table season he did not win shows no chip and is locked in the list
ok   C4. 320: the picker's list scrolls inside its tile (550 px) and the page behind does not (0 px)
ok   C4. 320: the oldest season that replays opens to watch only (centre, "Back to your career")
ok   C6. 320: every opponent's name in the phone fixtures keeps at least 72 px (narrowest 119.0 of 38)
ok   C3. 320: three matchdays watched leave the chip "📺 Resume 2023/24, matchday 4", 44 px tall
ok   C3. 320: the record kept is this season's key, the year, 3 matchdays, the speed and not stable ({"key":"Motion 0|Arsenal|2023|46|28|10|8.5|centre","year":2023,"md":3,"speed":"results","stable":false})
ok   C3. 320: the chip is still there after a reload
ok   C6. 320: the hub with the chip and three small buttons does not scroll sideways
ok   C3. 320: the Centre opens where he stopped ("3 of 38 played · you are 2nd", ▶ Matchday 4 | ⏭ Straight to the final table | ↺ From the start)
ok   C3. 320: the resumed table is node's table after matchday 3, and nothing in it moved
ok   C6. 320: the review's strip has a bar for each of the 38 league games in a strip 56 px tall (38, 56)
ok   C3. 320: reaching the review clears the kept place
ok   C3. 320: and the chip is gone
ok   C7. 320: the save is byte for byte what it was after a replay, a resume and a review
   C1: 320 matchday 1: his row or a neighbour is 53 px under a 506 px stage
   C1: 320 matchday 2: his row or a neighbour is 101 px under a 454 px stage
   C1: 320 matchday 3: his row or a neighbour is 76 px under a 454 px stage
FAIL C1. on a phone the compact table is node's, his row and the rows either side are inside the stage at every full time with no scroll by the player, and the score is still on screen (3 of 6 were not; the stage moved itself by up to {"320":0,"390":0} px)
ok   C1. under reduced motion the table never slides (0) and every goal is drawn landed (9 landed, 0 played)
ok   C6. every button of the Season Centre is at least 44 px tall and every speed button 44 px wide, on 17 screens (0 short, 0 narrow)
ok   C6. no text of the Season Centre is under 12 px outside the table card (0; inside the table card, which is not this round's: 69)
ok   C6. the header's club and season are never clipped and nothing scrolls sideways (0, 0)
ok   C5. on 9 screens the career walker never presses one of this round's buttons, and none of their labels starts like an action it presses (0 picks, no clash)
ok   C. no page error on any screen (none)
playSeasonCentreMotion: 52 checks, 1 failed (control tableview) (only C)
