playTranslatedPage: http://localhost:4173, 9 page(s), views phone and desktop, text keep and alter
  PASS  0. the served entry chunk (/assets/index-BuWCCyH8.js) holds the guard's off switch __DUKB_NO_TRANSLATE_GUARD__
  PASS  0. the served entry chunk holds the guard's console line

/club-manager phone keep
  PASS  1. /club-manager phone keep: the translator ran: 698 text node(s) swapped, lang="pt"
  PASS  1. /club-manager phone keep: the guard is installed on the page
  PASS  8. /club-manager phone keep: asked directly, removing a moved node is quiet and inserting before one appends: removeChild quiet, insertBefore quiet
  PASS  5. /club-manager phone keep: the walk pressed at least two controls: 8: How to play > Let's Play! > 📅2026-27Today. Real s > 📅 Starting 2026-27 > 🏟️2020-21Haaland and  > 🏟️ Starting 2020-21 > 🦊2015-16The Leicester > 🦊 Starting 2015-16
  PASS  6. /club-manager phone keep: the route error boundary never appeared
  PASS  7. /club-manager phone keep: no NotFoundError

/ phone keep
  PASS  1. / phone keep: the translator ran: 1147 text node(s) swapped, lang="pt"
  PASS  1. / phone keep: the guard is installed on the page
  PASS  8. / phone keep: asked directly, removing a moved node is quiet and inserting before one appends: removeChild quiet, insertBefore quiet
  PASS  5. / phone keep: the walk pressed at least two controls: 8: Make a free one > Close > Pin Cage Clash > Pin Deadline Day > Pin Gauntlet Draft: NH > Pin Aussie Rules Manag > 🥊 Ali > Unpin Cage Clash
  PASS  6. / phone keep: the route error boundary never appeared
  PASS  7. / phone keep: no NotFoundError

/nba-my-career phone keep
  PASS  1. /nba-my-career phone keep: the translator ran: 288 text node(s) swapped, lang="pt"
  PASS  1. /nba-my-career phone keep: the guard is installed on the page
  PASS  8. /nba-my-career phone keep: asked directly, removing a moved node is quiet and inserting before one appends: removeChild quiet, insertBefore quiet
  PASS  5. /nba-my-career phone keep: the walk pressed at least two controls: 8: Let's Play! > 🏀 2026The league as i > ⏪ 2003-04 throwbackThe > PG > SG > SF > PF > C
  PASS  6. /nba-my-career phone keep: the route error boundary never appeared
  PASS  7. /nba-my-career phone keep: no NotFoundError

/nfl-my-career phone keep
  PASS  1. /nfl-my-career phone keep: the translator ran: 294 text node(s) swapped, lang="pt"
  PASS  1. /nfl-my-career phone keep: the guard is installed on the page
  PASS  8. /nfl-my-career phone keep: asked directly, removing a moved node is quiet and inserting before one appends: removeChild quiet, insertBefore quiet
  PASS  5. /nfl-my-career phone keep: the walk pressed at least two controls: 8: Let's Play! > 🏈 2026The league as i > ⏪ 2005 throwbackThe 20 > QB > RB > WR > TE > LB
  PASS  6. /nfl-my-career phone keep: the route error boundary never appeared
  PASS  7. /nfl-my-career phone keep: no NotFoundError

/stadium-tycoon phone keep
  PASS  1. /stadium-tycoon phone keep: the translator ran: 961 text node(s) swapped, lang="pt"
  PASS  1. /stadium-tycoon phone keep: the guard is installed on the page
  PASS  8. /stadium-tycoon phone keep: asked directly, removing a moved node is quiet and inserting before one appends: removeChild quiet, insertBefore quiet
  PASS  5. /stadium-tycoon phone keep: the walk pressed at least two controls: 8: Close the rules > 🏟️ Stadium > 🎓 Academy > Close the rules > 🏆 League > Northquay Swifts > 🏟️ Stadium > How it works
  PASS  6. /stadium-tycoon phone keep: the route error boundary never appeared
  PASS  7. /stadium-tycoon phone keep: no NotFoundError

/college-grid phone keep
  PASS  1. /college-grid phone keep: the translator ran: 241 text node(s) swapped, lang="pt"
  PASS  1. /college-grid phone keep: the guard is installed on the page
  PASS  8. /college-grid phone keep: asked directly, removing a moved node is quiet and inserting before one appends: removeChild quiet, insertBefore quiet
  PASS  5. /college-grid phone keep: the walk pressed at least two controls: 8: Close > How to play > Let's Play! > Report > Close > How to play > Let's Play! > Report
  PASS  6. /college-grid phone keep: the route error boundary never appeared
  PASS  7. /college-grid phone keep: no NotFoundError

/build-your-xi phone keep
  PASS  1. /build-your-xi phone keep: the translator ran: 276 text node(s) swapped, lang="pt"
  PASS  1. /build-your-xi phone keep: the guard is installed on the page
  PASS  8. /build-your-xi phone keep: asked directly, removing a moved node is quiet and inserting before one appends: removeChild quiet, insertBefore quiet
  PASS  5. /build-your-xi phone keep: the walk pressed at least two controls: 8: Got it! > How to play > Let's Play! > 4-3-311 players > GK > LB > CB > RB
  PASS  6. /build-your-xi phone keep: the route error boundary never appeared
  PASS  7. /build-your-xi phone keep: no NotFoundError

/soccer-career phone keep
  PASS  1. /soccer-career phone keep: the translator ran: 1347 text node(s) swapped, lang="pt"
  PASS  1. /soccer-career phone keep: the guard is installed on the page
  PASS  8. /soccer-career phone keep: asked directly, removing a moved node is quiet and inserting before one appends: removeChild quiet, insertBefore quiet
  PASS  2. /soccer-career phone keep: the create screen drew
  PASS  2. /soccer-career phone keep: all three picks registered, Brazil among them: nationality box "Choose nationality Brazil", position box "Choose positionStriker (ST)", era box "Choose eraCurrent era (2025 start)"
  PASS  2. /soccer-career phone keep: each pick can be READ in its box, bar the known hidden one (nationality): readable: position, era; hidden: nationality
  PASS  3. /soccer-career phone keep: the create flow reached the career: h1 "🇧🇷Joao Teste", create form gone, save Joao Teste, Brazil, youth, age 16
  PASS  4. /soccer-career phone keep: one season forward and the hub still stands: age 16 to 17 on press 1, h1 "🇧🇷Joao Teste", phase contract_offer; the walk went on to age 18, phase random_events
  PASS  5. /soccer-career phone keep: the walk pressed at least two controls: 20: Brazil🇧🇷 > Striker (ST) > Current era (2025 star > 🎲 Generate Starting P > 🎲 Roll again > 🎮 Customize your buil > ✅ Lock in build > ⚽ Begin Career > Next Year
  PASS  6. /soccer-career phone keep: the route error boundary never appeared
  PASS  7. /soccer-career phone keep: no NotFoundError

/front-office phone keep
  PASS  1. /front-office phone keep: the translator ran: 798 text node(s) swapped, lang="pt"
  PASS  1. /front-office phone keep: the guard is installed on the page
  PASS  8. /front-office phone keep: asked directly, removing a moved node is quiet and inserting before one appends: removeChild quiet, insertBefore quiet
  PASS  5. /front-office phone keep: the walk pressed at least two controls: 8: Arizona CardinalsNFC W > Process, patience, all > 👔Roster52 under contr > Hub > 💼Free agency$151M of  > Sign > Abandon franchise and  > Atlanta FalconsNFC Sou
  PASS  6. /front-office phone keep: the route error boundary never appeared
  PASS  7. /front-office phone keep: no NotFoundError

/ desktop keep
  PASS  1. / desktop keep: the translator ran: 1147 text node(s) swapped, lang="pt"
  PASS  1. / desktop keep: the guard is installed on the page
  PASS  8. / desktop keep: asked directly, removing a moved node is quiet and inserting before one appends: removeChild quiet, insertBefore quiet
  PASS  5. / desktop keep: the walk pressed at least two controls: 8: Scroll the daily puzzl > Make a free one > Close > Pin Cage Clash > Pin Deadline Day > Pin Gauntlet Draft: NH > Pin Aussie Rules Manag > 🥊 Ali
  PASS  6. / desktop keep: the route error boundary never appeared
  PASS  7. / desktop keep: no NotFoundError

/club-manager desktop keep
  PASS  1. /club-manager desktop keep: the translator ran: 715 text node(s) swapped, lang="pt"
  PASS  1. /club-manager desktop keep: the guard is installed on the page
  PASS  8. /club-manager desktop keep: asked directly, removing a moved node is quiet and inserting before one appends: removeChild quiet, insertBefore quiet
  PASS  5. /club-manager desktop keep: the walk pressed at least two controls: 8: How to play > Let's Play! > 📅2026-27Today. Real s > 📅 Starting 2026-27 > 🏟️2020-21Haaland and  > 🏟️ Starting 2020-21 > 🦊2015-16The Leicester > 🦊 Starting 2015-16
  PASS  6. /club-manager desktop keep: the route error boundary never appeared
  PASS  7. /club-manager desktop keep: no NotFoundError

/nba-my-career desktop keep
  PASS  1. /nba-my-career desktop keep: the translator ran: 288 text node(s) swapped, lang="pt"
  PASS  1. /nba-my-career desktop keep: the guard is installed on the page
  PASS  8. /nba-my-career desktop keep: asked directly, removing a moved node is quiet and inserting before one appends: removeChild quiet, insertBefore quiet
  PASS  5. /nba-my-career desktop keep: the walk pressed at least two controls: 8: Let's Play! > 🏀 2026The league as i > ⏪ 2003-04 throwbackThe > PG > SG > SF > PF > C
  PASS  6. /nba-my-career desktop keep: the route error boundary never appeared
  PASS  7. /nba-my-career desktop keep: no NotFoundError

/nfl-my-career desktop keep
  PASS  1. /nfl-my-career desktop keep: the translator ran: 294 text node(s) swapped, lang="pt"
  PASS  1. /nfl-my-career desktop keep: the guard is installed on the page
  PASS  8. /nfl-my-career desktop keep: asked directly, removing a moved node is quiet and inserting before one appends: removeChild quiet, insertBefore quiet
  PASS  5. /nfl-my-career desktop keep: the walk pressed at least two controls: 8: Let's Play! > 🏈 2026The league as i > ⏪ 2005 throwbackThe 20 > QB > RB > WR > TE > LB
  PASS  6. /nfl-my-career desktop keep: the route error boundary never appeared
  PASS  7. /nfl-my-career desktop keep: no NotFoundError

/stadium-tycoon desktop keep
  PASS  1. /stadium-tycoon desktop keep: the translator ran: 957 text node(s) swapped, lang="pt"
  PASS  1. /stadium-tycoon desktop keep: the guard is installed on the page
  PASS  8. /stadium-tycoon desktop keep: asked directly, removing a moved node is quiet and inserting before one appends: removeChild quiet, insertBefore quiet
  PASS  5. /stadium-tycoon desktop keep: the walk pressed at least two controls: 8: Close the rules > 🏟️ Stadium > 🎓 Academy > Close the rules > 🏆 League > Northquay Swifts > 🏟️ Stadium > How it works
  PASS  6. /stadium-tycoon desktop keep: the route error boundary never appeared
  PASS  7. /stadium-tycoon desktop keep: no NotFoundError

/college-grid desktop keep
  PASS  1. /college-grid desktop keep: the translator ran: 241 text node(s) swapped, lang="pt"
  PASS  1. /college-grid desktop keep: the guard is installed on the page
  PASS  8. /college-grid desktop keep: asked directly, removing a moved node is quiet and inserting before one appends: removeChild quiet, insertBefore quiet
  PASS  5. /college-grid desktop keep: the walk pressed at least two controls: 8: Close > How to play > Let's Play! > Report > Close > How to play > Let's Play! > Report
  PASS  6. /college-grid desktop keep: the route error boundary never appeared
  PASS  7. /college-grid desktop keep: no NotFoundError

/soccer-career desktop keep
  PASS  1. /soccer-career desktop keep: the translator ran: 1348 text node(s) swapped, lang="pt"
  PASS  1. /soccer-career desktop keep: the guard is installed on the page
  PASS  8. /soccer-career desktop keep: asked directly, removing a moved node is quiet and inserting before one appends: removeChild quiet, insertBefore quiet
  PASS  2. /soccer-career desktop keep: the create screen drew
  PASS  2. /soccer-career desktop keep: all three picks registered, Brazil among them: nationality box "Choose nationality Brazil", position box "Choose positionStriker (ST)", era box "Choose eraCurrent era (2025 start)"
  PASS  2. /soccer-career desktop keep: each pick can be READ in its box, bar the known hidden one (nationality): readable: position, era; hidden: nationality
  PASS  3. /soccer-career desktop keep: the create flow reached the career: h1 "🇧🇷Joao Teste", create form gone, save Joao Teste, Brazil, youth, age 16
  PASS  4. /soccer-career desktop keep: one season forward and the hub still stands: age 16 to 17 on press 1, h1 "🇧🇷Joao Teste", phase contract_offer; the walk went on to age 18, phase random_events
  PASS  5. /soccer-career desktop keep: the walk pressed at least two controls: 20: Brazil🇧🇷 > Striker (ST) > Current era (2025 star > 🎲 Generate Starting P > 🎲 Roll again > 🎮 Customize your buil > ✅ Lock in build > ⚽ Begin Career > Next Year
  PASS  6. /soccer-career desktop keep: the route error boundary never appeared
  PASS  7. /soccer-career desktop keep: no NotFoundError

/build-your-xi desktop keep
  PASS  1. /build-your-xi desktop keep: the translator ran: 276 text node(s) swapped, lang="pt"
  PASS  1. /build-your-xi desktop keep: the guard is installed on the page
  PASS  8. /build-your-xi desktop keep: asked directly, removing a moved node is quiet and inserting before one appends: removeChild quiet, insertBefore quiet
  PASS  5. /build-your-xi desktop keep: the walk pressed at least two controls: 8: Got it! > How to play > Let's Play! > 4-3-311 players > GK > LB > CB > RB
  PASS  6. /build-your-xi desktop keep: the route error boundary never appeared
  PASS  7. /build-your-xi desktop keep: no NotFoundError

/front-office desktop keep
  PASS  1. /front-office desktop keep: the translator ran: 798 text node(s) swapped, lang="pt"
  PASS  1. /front-office desktop keep: the guard is installed on the page
  PASS  8. /front-office desktop keep: asked directly, removing a moved node is quiet and inserting before one appends: removeChild quiet, insertBefore quiet
  PASS  5. /front-office desktop keep: the walk pressed at least two controls: 8: Arizona CardinalsNFC W > Process, patience, all > 👔Roster52 under contr > Hub > 💼Free agency$151M of  > Sign > Abandon franchise and  > Atlanta FalconsNFC Sou
  PASS  6. /front-office desktop keep: the route error boundary never appeared
  PASS  7. /front-office desktop keep: no NotFoundError

/ phone alter
  PASS  1. / phone alter: the translator ran: 1147 text node(s) swapped, lang="pt"
  PASS  1. / phone alter: the guard is installed on the page
  PASS  8. / phone alter: asked directly, removing a moved node is quiet and inserting before one appends: removeChild quiet, insertBefore quiet
  PASS  5. / phone alter: the walk pressed at least two controls: 8: Make a free one > Close > Pin Cage Clash > Pin Deadline Day > Pin Gauntlet Draft: NH > Pin Aussie Rules Manag > 🥊 Ali > Unpin Cage Clash
  PASS  6. / phone alter: the route error boundary never appeared
  PASS  7. / phone alter: no NotFoundError

/club-manager phone alter
  PASS  1. /club-manager phone alter: the translator ran: 697 text node(s) swapped, lang="pt"
  PASS  1. /club-manager phone alter: the guard is installed on the page
  PASS  8. /club-manager phone alter: asked directly, removing a moved node is quiet and inserting before one appends: removeChild quiet, insertBefore quiet
  PASS  5. /club-manager phone alter: the walk pressed at least two controls: 8: How to play > Let's Play! > 📅2026-27Today. Real s > 📅 Starting 2026-27 > 🏟️2020-21Haaland and  > 🏟️ Starting 2020-21 > 🦊2015-16The Leicester > 🦊 Starting 2015-16
  PASS  6. /club-manager phone alter: the route error boundary never appeared
  PASS  7. /club-manager phone alter: no NotFoundError

/nba-my-career phone alter
  PASS  1. /nba-my-career phone alter: the translator ran: 298 text node(s) swapped, lang="pt"
  PASS  1. /nba-my-career phone alter: the guard is installed on the page
  PASS  8. /nba-my-career phone alter: asked directly, removing a moved node is quiet and inserting before one appends: removeChild quiet, insertBefore quiet
  PASS  5. /nba-my-career phone alter: the walk pressed at least two controls: 8: Let's Play! > 🏀 2026The league as i > ⏪ 2003-04 throwbackThe > PG > SG > SF > PF > C
  PASS  6. /nba-my-career phone alter: the route error boundary never appeared
  PASS  7. /nba-my-career phone alter: no NotFoundError

/nfl-my-career phone alter
  PASS  1. /nfl-my-career phone alter: the translator ran: 294 text node(s) swapped, lang="pt"
  PASS  1. /nfl-my-career phone alter: the guard is installed on the page
  PASS  8. /nfl-my-career phone alter: asked directly, removing a moved node is quiet and inserting before one appends: removeChild quiet, insertBefore quiet
  PASS  5. /nfl-my-career phone alter: the walk pressed at least two controls: 8: Let's Play! > 🏈 2026The league as i > ⏪ 2005 throwbackThe 20 > QB > RB > WR > TE > LB
  PASS  6. /nfl-my-career phone alter: the route error boundary never appeared
  PASS  7. /nfl-my-career phone alter: no NotFoundError

/stadium-tycoon phone alter
  PASS  1. /stadium-tycoon phone alter: the translator ran: 957 text node(s) swapped, lang="pt"
  PASS  1. /stadium-tycoon phone alter: the guard is installed on the page
  PASS  8. /stadium-tycoon phone alter: asked directly, removing a moved node is quiet and inserting before one appends: removeChild quiet, insertBefore quiet
  PASS  5. /stadium-tycoon phone alter: the walk pressed at least two controls: 8: Close the rules > 🏟️ Stadium > 🎓 Academy > Close the rules > 🏆 League > Northquay Swifts > 🏟️ Stadium > How it works
  PASS  6. /stadium-tycoon phone alter: the route error boundary never appeared
  PASS  7. /stadium-tycoon phone alter: no NotFoundError

/college-grid phone alter
  PASS  1. /college-grid phone alter: the translator ran: 241 text node(s) swapped, lang="pt"
  PASS  1. /college-grid phone alter: the guard is installed on the page
  PASS  8. /college-grid phone alter: asked directly, removing a moved node is quiet and inserting before one appends: removeChild quiet, insertBefore quiet
  PASS  5. /college-grid phone alter: the walk pressed at least two controls: 8: Close > How to play > Let's Play! > Report > Close > How to play > Let's Play! > Report
  PASS  6. /college-grid phone alter: the route error boundary never appeared
  PASS  7. /college-grid phone alter: no NotFoundError

/soccer-career phone alter
  PASS  1. /soccer-career phone alter: the translator ran: 1343 text node(s) swapped, lang="pt"
  PASS  1. /soccer-career phone alter: the guard is installed on the page
  PASS  8. /soccer-career phone alter: asked directly, removing a moved node is quiet and inserting before one appends: removeChild quiet, insertBefore quiet
  PASS  2. /soccer-career phone alter: the create screen drew
  PASS  2. /soccer-career phone alter: all three picks registered, Brazil among them: nationality box "«Choose nationality» «Brazil»", position box "«Choose position»«Striker (ST)»", era box "«Choose era»«Current era (2025 start)»"
  PASS  2. /soccer-career phone alter: each pick can be READ in its box, bar the known hidden one (nationality): readable: position, era; hidden: nationality
  PASS  3. /soccer-career phone alter: the create flow reached the career: h1 "🇧🇷Joao Teste", create form gone, save Joao Teste, Brazil, youth, age 16
  PASS  4. /soccer-career phone alter: one season forward and the hub still stands: age 16 to 17 on press 1, h1 "🇧🇷Joao Teste", phase contract_offer; the walk went on to age 18, phase random_events
  PASS  5. /soccer-career phone alter: the walk pressed at least two controls: 20: Brazil🇧🇷 > Striker (ST) > Current era (2025 star > 🎲 Generate Starting P > 🎲 Roll again > 🎮 Customize your buil > ✅ Lock in build > ⚽ Begin Career > Next Year
  PASS  6. /soccer-career phone alter: the route error boundary never appeared
  PASS  7. /soccer-career phone alter: no NotFoundError

/build-your-xi phone alter
  PASS  1. /build-your-xi phone alter: the translator ran: 283 text node(s) swapped, lang="pt"
  PASS  1. /build-your-xi phone alter: the guard is installed on the page
  PASS  8. /build-your-xi phone alter: asked directly, removing a moved node is quiet and inserting before one appends: removeChild quiet, insertBefore quiet
  PASS  5. /build-your-xi phone alter: the walk pressed at least two controls: 8: Got it! > How to play > Let's Play! > 4-3-311 players > GK > LB > CB > RB
  PASS  6. /build-your-xi phone alter: the route error boundary never appeared
  PASS  7. /build-your-xi phone alter: no NotFoundError

/front-office phone alter
  PASS  1. /front-office phone alter: the translator ran: 798 text node(s) swapped, lang="pt"
  PASS  1. /front-office phone alter: the guard is installed on the page
  PASS  8. /front-office phone alter: asked directly, removing a moved node is quiet and inserting before one appends: removeChild quiet, insertBefore quiet
  PASS  5. /front-office phone alter: the walk pressed at least two controls: 8: Arizona CardinalsNFC W > Process, patience, all > 👔Roster52 under contr > Hub > 💼Free agency$151M of  > Sign > Abandon franchise and  > Atlanta FalconsNFC Sou
  PASS  6. /front-office phone alter: the route error boundary never appeared
  PASS  7. /front-office phone alter: no NotFoundError

/club-manager desktop alter
  PASS  1. /club-manager desktop alter: the translator ran: 697 text node(s) swapped, lang="pt"
  PASS  1. /club-manager desktop alter: the guard is installed on the page
  PASS  8. /club-manager desktop alter: asked directly, removing a moved node is quiet and inserting before one appends: removeChild quiet, insertBefore quiet
  PASS  5. /club-manager desktop alter: the walk pressed at least two controls: 8: How to play > Let's Play! > 📅2026-27Today. Real s > 📅 Starting 2026-27 > 🏟️2020-21Haaland and  > 🏟️ Starting 2020-21 > 🦊2015-16The Leicester > 🦊 Starting 2015-16
  PASS  6. /club-manager desktop alter: the route error boundary never appeared
  PASS  7. /club-manager desktop alter: no NotFoundError

/ desktop alter
  PASS  1. / desktop alter: the translator ran: 1149 text node(s) swapped, lang="pt"
  PASS  1. / desktop alter: the guard is installed on the page
  PASS  8. / desktop alter: asked directly, removing a moved node is quiet and inserting before one appends: removeChild quiet, insertBefore quiet
  PASS  5. / desktop alter: the walk pressed at least two controls: 8: Scroll the daily puzzl > Make a free one > Close > Pin Cage Clash > Pin Deadline Day > Pin Gauntlet Draft: NH > Pin Aussie Rules Manag > 🥊 Ali
  PASS  6. / desktop alter: the route error boundary never appeared
  PASS  7. / desktop alter: no NotFoundError

/nba-my-career desktop alter
  PASS  1. /nba-my-career desktop alter: the translator ran: 288 text node(s) swapped, lang="pt"
  PASS  1. /nba-my-career desktop alter: the guard is installed on the page
  PASS  8. /nba-my-career desktop alter: asked directly, removing a moved node is quiet and inserting before one appends: removeChild quiet, insertBefore quiet
  PASS  5. /nba-my-career desktop alter: the walk pressed at least two controls: 8: Let's Play! > 🏀 2026The league as i > ⏪ 2003-04 throwbackThe > PG > SG > SF > PF > C
  PASS  6. /nba-my-career desktop alter: the route error boundary never appeared
  PASS  7. /nba-my-career desktop alter: no NotFoundError

/nfl-my-career desktop alter
  PASS  1. /nfl-my-career desktop alter: the translator ran: 294 text node(s) swapped, lang="pt"
  PASS  1. /nfl-my-career desktop alter: the guard is installed on the page
  PASS  8. /nfl-my-career desktop alter: asked directly, removing a moved node is quiet and inserting before one appends: removeChild quiet, insertBefore quiet
  PASS  5. /nfl-my-career desktop alter: the walk pressed at least two controls: 8: Let's Play! > 🏈 2026The league as i > ⏪ 2005 throwbackThe 20 > QB > RB > WR > TE > LB
  PASS  6. /nfl-my-career desktop alter: the route error boundary never appeared
  PASS  7. /nfl-my-career desktop alter: no NotFoundError

/stadium-tycoon desktop alter
  PASS  1. /stadium-tycoon desktop alter: the translator ran: 959 text node(s) swapped, lang="pt"
  PASS  1. /stadium-tycoon desktop alter: the guard is installed on the page
  PASS  8. /stadium-tycoon desktop alter: asked directly, removing a moved node is quiet and inserting before one appends: removeChild quiet, insertBefore quiet
  PASS  5. /stadium-tycoon desktop alter: the walk pressed at least two controls: 8: Close the rules > 🏟️ Stadium > 🎓 Academy > Close the rules > 🏆 League > Northquay Swifts > 🏟️ Stadium > How it works
  PASS  6. /stadium-tycoon desktop alter: the route error boundary never appeared
  PASS  7. /stadium-tycoon desktop alter: no NotFoundError

/college-grid desktop alter
  PASS  1. /college-grid desktop alter: the translator ran: 241 text node(s) swapped, lang="pt"
  PASS  1. /college-grid desktop alter: the guard is installed on the page
  PASS  8. /college-grid desktop alter: asked directly, removing a moved node is quiet and inserting before one appends: removeChild quiet, insertBefore quiet
  PASS  5. /college-grid desktop alter: the walk pressed at least two controls: 8: Close > How to play > Let's Play! > Report > Close > How to play > Let's Play! > Report
  PASS  6. /college-grid desktop alter: the route error boundary never appeared
  PASS  7. /college-grid desktop alter: no NotFoundError

/soccer-career desktop alter
  PASS  1. /soccer-career desktop alter: the translator ran: 1344 text node(s) swapped, lang="pt"
  PASS  1. /soccer-career desktop alter: the guard is installed on the page
  PASS  8. /soccer-career desktop alter: asked directly, removing a moved node is quiet and inserting before one appends: removeChild quiet, insertBefore quiet
  PASS  2. /soccer-career desktop alter: the create screen drew
  PASS  2. /soccer-career desktop alter: all three picks registered, Brazil among them: nationality box "«Choose nationality» «Brazil»", position box "«Choose position»«Striker (ST)»", era box "«Choose era»«Current era (2025 start)»"
  PASS  2. /soccer-career desktop alter: each pick can be READ in its box, bar the known hidden one (nationality): readable: position, era; hidden: nationality
  PASS  3. /soccer-career desktop alter: the create flow reached the career: h1 "🇧🇷Joao Teste", create form gone, save Joao Teste, Brazil, youth, age 16
  PASS  4. /soccer-career desktop alter: one season forward and the hub still stands: age 16 to 17 on press 1, h1 "🇧🇷Joao Teste", phase contract_offer; the walk went on to age 18, phase random_events
  PASS  5. /soccer-career desktop alter: the walk pressed at least two controls: 20: Brazil🇧🇷 > Striker (ST) > Current era (2025 star > 🎲 Generate Starting P > 🎲 Roll again > 🎮 Customize your buil > ✅ Lock in build > ⚽ Begin Career > Next Year
  PASS  6. /soccer-career desktop alter: the route error boundary never appeared
  PASS  7. /soccer-career desktop alter: no NotFoundError

/build-your-xi desktop alter
  PASS  1. /build-your-xi desktop alter: the translator ran: 276 text node(s) swapped, lang="pt"
  PASS  1. /build-your-xi desktop alter: the guard is installed on the page
  PASS  8. /build-your-xi desktop alter: asked directly, removing a moved node is quiet and inserting before one appends: removeChild quiet, insertBefore quiet
  PASS  5. /build-your-xi desktop alter: the walk pressed at least two controls: 8: Got it! > How to play > Let's Play! > 4-3-311 players > GK > LB > CB > RB
  PASS  6. /build-your-xi desktop alter: the route error boundary never appeared
  PASS  7. /build-your-xi desktop alter: no NotFoundError

/front-office desktop alter
  PASS  1. /front-office desktop alter: the translator ran: 798 text node(s) swapped, lang="pt"
  PASS  1. /front-office desktop alter: the guard is installed on the page
  PASS  8. /front-office desktop alter: asked directly, removing a moved node is quiet and inserting before one appends: removeChild quiet, insertBefore quiet
  PASS  5. /front-office desktop alter: the walk pressed at least two controls: 8: Arizona CardinalsNFC W > Process, patience, all > 👔Roster52 under contr > Hub > 💼Free agency$151M of  > Sign > Abandon franchise and  > Atlanta FalconsNFC Sou
  PASS  6. /front-office desktop alter: the route error boundary never appeared
  PASS  7. /front-office desktop alter: no NotFoundError

EVERY WALK
  page             view     text   boundary                          NotFound  guard line  moved nodes  stale text  steps
  /soccer-career   phone    keep   none                              0         1           9 (9 taken)  6           22
  /                phone    keep   none                              0         0           0            0           9
  /club-manager    phone    keep   none                              0         0           0            0           9
  /nba-my-career   phone    keep   none                              0         0           0            0           9
  /nfl-my-career   phone    keep   none                              0         0           0            0           9
  /stadium-tycoon  phone    keep   none                              0         0           0            2           9
  /college-grid    phone    keep   none                              0         0           0            0           9
  /build-your-xi   phone    keep   none                              0         0           0            0           9
  /front-office    phone    keep   none                              0         0           0            3           9
  /soccer-career   desktop  keep   none                              0         1           9 (9 taken)  6           22
  /                desktop  keep   none                              0         0           0            0           9
  /club-manager    desktop  keep   none                              0         0           0            0           9
  /nba-my-career   desktop  keep   none                              0         0           0            0           9
  /nfl-my-career   desktop  keep   none                              0         0           0            0           9
  /stadium-tycoon  desktop  keep   none                              0         0           0            2           9
  /college-grid    desktop  keep   none                              0         0           0            0           9
  /build-your-xi   desktop  keep   none                              0         0           0            0           9
  /front-office    desktop  keep   none                              0         0           0            3           9
  /soccer-career   phone    alter  none                              0         1           9 (9 taken)  6           22
  /                phone    alter  none                              0         0           0            0           9
  /club-manager    phone    alter  none                              0         0           0            0           9
  /nba-my-career   phone    alter  none                              0         0           0            0           9
  /nfl-my-career   phone    alter  none                              0         0           0            0           9
  /stadium-tycoon  phone    alter  none                              0         0           0            2           9
  /college-grid    phone    alter  none                              0         0           0            0           9
  /build-your-xi   phone    alter  none                              0         0           0            0           9
  /front-office    phone    alter  none                              0         0           0            3           9
  /soccer-career   desktop  alter  none                              0         1           9 (9 taken)  6           22
  /                desktop  alter  none                              0         0           0            0           9
  /club-manager    desktop  alter  none                              0         0           0            0           9
  /nba-my-career   desktop  alter  none                              0         0           0            0           9
  /nfl-my-career   desktop  alter  none                              0         0           0            0           9
  /stadium-tycoon  desktop  alter  none                              0         0           0            2           9
  /college-grid    desktop  alter  none                              0         0           0            0           9
  /build-your-xi   desktop  alter  none                              0         0           0            0           9
  /front-office    desktop  alter  none                              0         0           0            3           9

BY PAGE
  /soccer-career   broke in 0 of 4 walk(s); the guard printed its line in 4; moved nodes per walk 9, 9, 9, 9; stale text at most 6
  /                broke in 0 of 4 walk(s); the guard printed its line in 0; moved nodes per walk 0, 0, 0, 0; stale text at most 0
  /club-manager    broke in 0 of 4 walk(s); the guard printed its line in 0; moved nodes per walk 0, 0, 0, 0; stale text at most 0
  /nba-my-career   broke in 0 of 4 walk(s); the guard printed its line in 0; moved nodes per walk 0, 0, 0, 0; stale text at most 0
  /nfl-my-career   broke in 0 of 4 walk(s); the guard printed its line in 0; moved nodes per walk 0, 0, 0, 0; stale text at most 0
  /stadium-tycoon  broke in 0 of 4 walk(s); the guard printed its line in 0; moved nodes per walk 0, 0, 0, 0; stale text at most 2
  /college-grid    broke in 0 of 4 walk(s); the guard printed its line in 0; moved nodes per walk 0, 0, 0, 0; stale text at most 0
  /build-your-xi   broke in 0 of 4 walk(s); the guard printed its line in 0; moved nodes per walk 0, 0, 0, 0; stale text at most 0
  /front-office    broke in 0 of 4 walk(s); the guard printed its line in 0; moved nodes per walk 0, 0, 0, 0; stale text at most 3

WHAT THE THREE BOXES READ after the picks
  phone    keep   nationality "Choose nationality Brazil" (HIDDEN) | position "Choose positionStriker (ST)" (readable) | era "Choose eraCurrent era (2025 start)" (readable)
  desktop  keep   nationality "Choose nationality Brazil" (HIDDEN) | position "Choose positionStriker (ST)" (readable) | era "Choose eraCurrent era (2025 start)" (readable)
  phone    alter  nationality "«Choose nationality» «Brazil»" (HIDDEN) | position "«Choose position»«Striker (ST)»" (readable) | era "«Choose era»«Current era (2025 start)»" (readable)
  desktop  alter  nationality "«Choose nationality» «Brazil»" (HIDDEN) | position "«Choose position»«Striker (ST)»" (readable) | era "«Choose era»«Current era (2025 start)»" (readable)

THE CALLS THAT NAMED A MOVED NODE (7 different, each one a crash without the guard)
  4x /soccer-career: removeChild under <span> of "Choose nationality"
  4x /soccer-career: removeChild under <span> of "Choose position"
  4x /soccer-career: removeChild under <span> of "Choose era"
  8x /soccer-career: removeChild under <span> of "Striker (ST)"
  8x /soccer-career: removeChild under <span> of "Current era (2025 start)"
  4x /soccer-career: removeChild under <span> of "📩 Professional contract offers received!"
  4x /soccer-career: removeChild under <span> of "s"

STALE TEXT, the cost the guard does not remove. Most at once: 6 on /soccer-career phone keep, for example [{"screen":"16","react":"18","around":"ST · Age 16 · 🇧🇷Brazil"},{"screen":"🏠 Life Event","react":"⚡ Positive Event","around":"🏠 Life Event · 4 events remaining"},{"screen":"4","react":"2","around":"🏠 Life Event · 4 events remaining"}]

nothing left this machine: 72 request(s) to the database host aborted, other hosts aborted [fonts.googleapis.com], 12 screenshot(s) in /home/runner/work/_temp/rc-out/files/translated-plain
THE GUARD WAS NEEDED on 4 of 36 page load(s): 36 call(s) in all named a node its parent no longer owned.

playTranslatedPage: 238 checks, 0 failed
