
1. FRESH: the committed pool equals a fresh derive from Club Manager
  270 generated rows, the file matches a fresh derive line for line

2. MEMBERSHIP: each label carries Club Manager's lineup in the 2026 view
  22 labels, each carrying Club Manager's lineup and the facts file's members in the 2026 view: Premier League 20, Championship 24, La Liga 20, Brasileirao 20, Serie A 20, Bundesliga 18, Ligue 1 18, Eredivisie 18, Saudi Pro League 18, MLS 30, Primeira Liga 18, Scottish Premiership 12, Super Lig 18, 2. Bundesliga 18, Belgian Pro League 18, Austrian Bundesliga 12, Super League Greece 14, Danish Superliga 12, Swiss Super League 12, HNL 10, Liga MX 18, A-League 12
  held, none of their clubs generated: Serie B, Ligue 2, Segunda Division
  a two league fixture (a top flight with a hand club, a second flight) derives rows and ladders from its table rows alone

3. IDENTITY: names, ids, careerEras strings, colours, countries, labels
  95 careerEras contender names, 91 of them in the pool, all byte identical
  540 colours checked (derived and bundled rows), none is the fallback grey
  1 colour(s) supplied where Club Manager is grey (Macarthur FC), each in the facts file
  270 generated countries checked, 5 of them not their league's (Cardiff City Wales, Swansea City Wales, Wrexham Wales, CF Montreal Canada, Vaduz Liechtenstein)
  since: 50 shipped clubs in every list 1980 to 2060, 216 held out of every list before 2026, 0 from a two sourced first season, 4 under a typed row (Red Bull Bragantino 2020, New York City FC 2015, Austin FC 2021, Charlotte FC 2022)

4. TIERS: the rule worked again, hand rows frozen, Forest across eras
  22 leagues re-derived club by club, 34 generated clubs above tier 4 (POOL_TABLE=1 prints every club with its XI and tier)
  Forest XI 83.8 vs Aston Villa (t3) 83.7: margin 0.1. At or below 0 Forest drops to tier 3 on the next regenerate.
  HAND_CLUBS 190 rows, fingerprint e12e673153af2568; Forest t2, t4 in 1993, 1997 and 1999 to 2021, checked every season 1988 to 2060

5. WEIGHTS: exact odds from leagueDrawGroups, as rationals
  HAND_CLUBS tier 1: 18 clubs, 9 league groups (largest 5), every club exactly 1/18; the sampler matched it on a 192 draw grid
  HAND_CLUBS tier 2: 36 clubs, 19 league groups (largest 3), every club exactly 1/36; the sampler matched it on a 320 draw grid
  HAND_CLUBS tier 3: 49 clubs, 33 league groups (largest 3), every club exactly 1/49; the sampler matched it on a 340 draw grid
  HAND_CLUBS tier 4: 87 clubs, 70 league groups (largest 3), every club exactly 1/87; the sampler matched it on a 508 draw grid
  HAND_CLUBS tier 1+2: 54 clubs, 28 league groups (largest 5), every club exactly 1/54; the sampler matched it on a 512 draw grid
  HAND_CLUBS tier 2+3: 85 clubs, 52 league groups (largest 3), every club exactly 1/85; the sampler matched it on a 660 draw grid
  HAND_CLUBS tier 3+4: 136 clubs, 103 league groups (largest 3), every club exactly 1/136; the sampler matched it on a 848 draw grid
  HAND_CLUBS by season 1980 to 2060: 81 seasons every club exactly 1/n; Premier League tier 3 over the cap in 0 seasons, as pinned
  FAIL [5]: tier 4: the four leagues hold 57, the read labels 265, of 323 over 76 groups; 20, 109, 167 and 76 expected
  FAIL [5]: tier 1 to 3 draw weights 18, 39, 80; 18, 39 and 69 expected
  FAIL [5]: pickAcrossLeagues over the full tier 4: 290 clubs off their exact count (Real Betis (La Liga|4) 26/20, Celta Vigo (La Liga|4) 26/20, Alaves (La Liga|4) 26/20, Deportivo (La Liga|4) 26/20), 0 draws without exactly two Math.random calls, 0 first values that drew no candidate
  full pool tier 4: four leagues 57/323 capped; a plain pick would give them 57/323
  FAIL [5]: Norwich City: tier 4 share 22/7106, 5/3674 stated
  FAIL [5]: Brentford: tier 4 share 8/2584, 5/1336 stated
  FAIL [5]: Crystal Palace: tier 4 share 8/2584, 5/1336 stated
  FAIL [5]: Real Betis: tier 4 share 13/4199, 5/2171 stated
  FAIL [5]: Celta Vigo: tier 4 share 13/4199, 5/2171 stated
  FAIL [5]: Cruzeiro: tier 4 share 14/4522, 5/2338 stated
  FAIL [5]: Santos: tier 4 share 14/4522, 5/2338 stated
  FAIL [5]: Enyimba: tier 4 share 1/323, 1/167 stated
  FAIL [5]: Twente: tier 4 share 14/4522, 5/2338 stated
  FAIL [5]: Utrecht: tier 4 share 14/4522, 5/2338 stated
  FAIL [5]: Hearts: tier 4 share 10/3230, 5/1670 stated
  hand tier 4 clubs before: each 1/87; now 1/323 outside the four leagues, Norwich 22/7106, Brentford 8/2584, Betis 13/4199, Cruzeiro 14/4522

6. OFFERS: 6 seeds x 48 careers from 2020 through the real loop
  seed 65850: 1250 draws (four leagues 326 vs 330.1), 362 where the cap bites (four leagues 60 vs 51.5, ratio 1.165, z 1.28); 1295 offers; distinct generated clubs offered: Premier League 5, Championship 13, La Liga 4, Brasileirao 6; uncovered 0
    9 careers started at a worldwide academy fallback, uncovered 0
  seed 73769: 1197 draws (four leagues 331 vs 306.0), 384 where the cap bites (four leagues 68 vs 54.6, ratio 1.246, z 1.97); 1243 offers; distinct generated clubs offered: Premier League 5, Championship 12, La Liga 7, Brasileirao 8; uncovered 0
    9 careers started at a worldwide academy fallback, uncovered 0
  seed 81688: 1170 draws (four leagues 299 vs 278.5), 415 where the cap bites (four leagues 91 vs 59.7, ratio 1.525, z 4.40); 1213 offers; distinct generated clubs offered: Premier League 6, Championship 14, La Liga 6, Brasileirao 9; uncovered 0
    9 careers started at a worldwide academy fallback, uncovered 0
  seed 89607: 1214 draws (four leagues 320 vs 296.1), 399 where the cap bites (four leagues 76 vs 58.0, ratio 1.310, z 2.57); 1257 offers; distinct generated clubs offered: Premier League 4, Championship 16, La Liga 6, Brasileirao 7; uncovered 0
    9 careers started at a worldwide academy fallback, uncovered 0
  seed 97526: 1175 draws (four leagues 321 vs 296.2), 380 where the cap bites (four leagues 70 vs 54.9, ratio 1.276, z 2.22); 1220 offers; distinct generated clubs offered: Premier League 6, Championship 14, La Liga 8, Brasileirao 8; uncovered 0
    9 careers started at a worldwide academy fallback, uncovered 0
  seed 105445: 1184 draws (four leagues 315 vs 288.2), 402 where the cap bites (four leagues 90 vs 59.0, ratio 1.526, z 4.39); 1237 offers; distinct generated clubs offered: Premier League 5, Championship 14, La Liga 8, Brasileirao 9; uncovered 0
    9 careers started at a worldwide academy fallback, uncovered 0
  over all 6 seeds, where the cap bites: four leagues won 455 against 337.5 expected (ratio 1.348, z 6.94)
  FAIL [6]: where the cap bites the four leagues won 455 draws against 337.5 on the draws' own odds (ratio 1.348, band 1 +/- 0.25): the market is not drawing on the capped weights
  Premier League: 5.17 distinct generated clubs offered per seed over 6 seeds (floor 2)
  Championship: 13.83 distinct generated clubs offered per seed over 6 seeds (floor 4)
  La Liga: 6.50 distinct generated clubs offered per seed over 6 seeds (floor 2.5)
  Brasileirao: 7.83 distinct generated clubs offered per seed over 6 seeds (floor 2)
  ratio range 1.165 to 1.526; per league minimum distinct generated clubs: Premier League 4, Championship 12, La Liga 4, Brasileirao 6; 6 s
  (printed, not gated) market offers from the four leagues 1897/7136; rivals 93/286
  (printed, not gated) manager and owner clubs are a plain pick over tier 3 and 4: four leagues 66/403 (before this round 16/136)
  (printed, not gated) a 1995 start: four leagues won 118 of 384 draws (87.2 expected); market offers 115/379; uncovered 0
  academies, youths rated 40 to 54, 2020 pool:
    before England: home list 10, tier 3 7/10 (70.0%), generated 0.0%; largest seed deviation 0.0143
    before Spain: home list 5, tier 3 2/5 (40.0%), generated 0.0%; largest seed deviation 0.0190
    before Brazil: home list 4, tier 3 2/4 (50.0%), generated 0.0%; largest seed deviation 0.0140
    before Wales: no home club at tier 3 or 4
    after  England: home list 35, tier 3 7/35 (20.0%), generated 71.4%; largest seed deviation 0.0230
    after  Spain: home list 16, tier 3 2/16 (12.5%), generated 68.8%; largest seed deviation 0.0185
    after  Brazil: home list 16, tier 3 2/16 (12.5%), generated 75.0%; largest seed deviation 0.0160
    after  Wales: home list 3, tier 3 0/3 (0.0%), generated 100.0%; largest seed deviation 0.0000
  worldwide academy fallbacks (exact grid):
    Nigeria 70 on the 2020 pool: 50 candidates, 488 grid draws; four leagues 15/50 capped, 15/50 by a plain pick
    Nigeria 60 on the 2020 pool: 82 candidates, 688 grid draws; four leagues 17/82 capped, 17/82 by a plain pick
  FAIL [6]: academy fallback Montenegro 47 on the 2020 pool: 139 clubs off their exact count (Newcastle (Premier League|3) 16/20, Aston Villa (Premier League|3) 16/20, Everton (Premier League|3) 16/20, Brighton (Premier League|3) 16/20), 0 draws without exactly two Math.random calls, 0 first values that drew no candidate
    Montenegro 47 on the 2020 pool: 191 candidates, 3694 grid draws; four leagues 31/153 capped, 69/191 by a plain pick
  FAIL [6]: academy fallback Montenegro 30 on the 2020 pool: 115 clubs off their exact count (Al Hilal (Saudi Pro League|4) 12/16, Al Nassr (Saudi Pro League|4) 12/16, Al Ittihad (Saudi Pro League|4) 12/16, Al Shabab (Saudi Pro League|4) 12/16), 0 draws without exactly two Math.random calls, 0 first values that drew no candidate
    Montenegro 30 on the 2020 pool: 141 candidates, 3086 grid draws; four leagues 20/103 capped, 58/141 by a plain pick
    Montenegro 80 on a pool with no elite club: 12 candidates, 104 grid draws; four leagues 5/12 capped, 5/12 by a plain pick
    Montenegro 30 on a pool with no tier 4 club: 50 candidates, 392 grid draws; four leagues 11/50 capped, 11/50 by a plain pick

7. OLD SAVES: careers signed on the pre-round pool load and play on
  West Ham: 3 seasons on the new pool, still West Ham|Championship|3
  Wolves: 3 seasons on the new pool, still Wolves|Championship|3
  Girona: 3 seasons on the new pool, still Girona|Segunda Division|2
  Norwich City: 3 seasons on the new pool, still Norwich City|Championship|4
  Flamengo: 3 seasons on the new pool, still Flamengo|Brasileirao|1
  Real Madrid: 3 seasons on the new pool, still Real Madrid|La Liga|1

control uncapped: section 6 went red as it must (red: 5, 6)
