
1. FRESH: the committed pool equals a fresh derive from Club Manager
  270 generated rows, the file matches a fresh derive line for line

2. MEMBERSHIP: each label carries Club Manager's lineup in the 2026 view
  22 labels, each carrying Club Manager's lineup and the facts file's members in the 2026 view: Premier League 20, Championship 24, La Liga 20, Brasileirao 20, Serie A 20, Bundesliga 18, Ligue 1 18, Eredivisie 18, Saudi Pro League 18, MLS 30, Primeira Liga 18, Scottish Premiership 12, Super Lig 18, 2. Bundesliga 18, Belgian Pro League 18, Austrian Bundesliga 12, Super League Greece 14, Danish Superliga 12, Swiss Super League 12, HNL 10, Liga MX 18, A-League 12
  held, none of their clubs generated: Serie B, Ligue 2, Segunda Division
  a two league fixture (a top flight with a hand club, a second flight) derives rows and ladders from its table rows alone

3. IDENTITY: names, ids, careerEras strings, colours, countries, labels
  95 careerEras contender names, 91 of them in the pool, all byte identical
  540 colours checked (derived and bundled rows), none is the fallback grey
  1 colour(s) supplied where Club Manager is grey (Macarthur FC), each in the facts file
  270 generated countries checked, 5 of them not their league's (Cardiff City Wales, Swansea City Wales, Wrexham Wales, CF Montreal Canada, Vaduz Liechtenstein)
  since: 50 shipped clubs in every list 1980 to 2060, 216 held out of every list before 2026, 0 from a two sourced first season, 4 under a typed row (Red Bull Bragantino 2020, New York City FC 2015, Austin FC 2021, Charlotte FC 2022)

4. TIERS: the rule worked again, hand rows frozen, Forest across eras
  22 leagues re-derived club by club, 34 generated clubs above tier 4 (POOL_TABLE=1 prints every club with its XI and tier)
  Forest XI 83.8 vs Aston Villa (t3) 83.7: margin 0.1. At or below 0 Forest drops to tier 3 on the next regenerate.
  FAIL [4]: FALLBACK_CLUBS starts with HAND_CLUBS in order, so every hand index survives
  HAND_CLUBS 190 rows, fingerprint e12e673153af2568; Forest t2, t4 in 1993, 1997 and 1999 to 2021, checked every season 1988 to 2060

5. WEIGHTS: exact odds from leagueDrawGroups, as rationals
  HAND_CLUBS tier 1: 18 clubs, 9 league groups (largest 5), every club exactly 1/18; the sampler matched it on a 192 draw grid
  HAND_CLUBS tier 2: 36 clubs, 19 league groups (largest 3), every club exactly 1/36; the sampler matched it on a 320 draw grid
  HAND_CLUBS tier 3: 49 clubs, 33 league groups (largest 3), every club exactly 1/49; the sampler matched it on a 340 draw grid
  HAND_CLUBS tier 4: 87 clubs, 70 league groups (largest 3), every club exactly 1/87; the sampler matched it on a 508 draw grid
  HAND_CLUBS tier 1+2: 54 clubs, 28 league groups (largest 5), every club exactly 1/54; the sampler matched it on a 512 draw grid
  HAND_CLUBS tier 2+3: 85 clubs, 52 league groups (largest 3), every club exactly 1/85; the sampler matched it on a 660 draw grid
  HAND_CLUBS tier 3+4: 136 clubs, 103 league groups (largest 3), every club exactly 1/136; the sampler matched it on a 848 draw grid
  HAND_CLUBS by season 1980 to 2060: 81 seasons every club exactly 1/n; Premier League tier 3 over the cap in 0 seasons, as pinned
  FAIL [5]: tier 1 to 3 draw weights 18, 39, 68; 18, 39 and 69 expected
  pickAcrossLeagues over tier 4: 76 league groups, both Math.random calls on a 5568 draw grid, every club drawn exactly weight/167 x 1/size
  full pool tier 4: four leagues 20/167 capped; a plain pick would give them 58/324
  FAIL [5]: Norwich City: tier 4 share 5/3841, 5/3674 stated
  hand tier 4 clubs before: each 1/87; now 1/167 outside the four leagues, Norwich 5/3841, Brentford 5/1336, Betis 5/2171, Cruzeiro 5/2338

6. OFFERS: 6 seeds x 48 careers from 2020 through the real loop
  seed 65850: 1201 draws (four leagues 288 vs 297.6), 379 where the cap bites (four leagues 52 vs 51.8, ratio 1.005, z 0.04); 1245 offers; distinct generated clubs offered: Premier League 7, Championship 7, La Liga 3, Brasileirao 7; uncovered 0
    9 careers started at a worldwide academy fallback, uncovered 0
  seed 73769: 1221 draws (four leagues 252 vs 271.0), 444 where the cap bites (four leagues 59 vs 59.6, ratio 0.991, z -0.08); 1268 offers; distinct generated clubs offered: Premier League 6, Championship 9, La Liga 2, Brasileirao 7; uncovered 0
    9 careers started at a worldwide academy fallback, uncovered 0
  seed 81688: 1160 draws (four leagues 267 vs 265.5), 417 where the cap bites (four leagues 57 vs 56.7, ratio 1.005, z 0.04); 1206 offers; distinct generated clubs offered: Premier League 4, Championship 12, La Liga 7, Brasileirao 4; uncovered 0
    9 careers started at a worldwide academy fallback, uncovered 0
  seed 89607: 1221 draws (four leagues 283 vs 286.0), 414 where the cap bites (four leagues 50 vs 56.1, ratio 0.891, z -0.88); 1266 offers; distinct generated clubs offered: Premier League 5, Championship 11, La Liga 4, Brasileirao 0; uncovered 0
    9 careers started at a worldwide academy fallback, uncovered 0
  seed 97526: 1195 draws (four leagues 304 vs 289.4), 379 where the cap bites (four leagues 52 vs 52.8, ratio 0.984, z -0.13); 1238 offers; distinct generated clubs offered: Premier League 5, Championship 8, La Liga 5, Brasileirao 5; uncovered 0
    9 careers started at a worldwide academy fallback, uncovered 0
  seed 105445: 1171 draws (four leagues 259 vs 267.7), 439 where the cap bites (four leagues 62 vs 60.1, ratio 1.031, z 0.26); 1218 offers; distinct generated clubs offered: Premier League 4, Championship 10, La Liga 4, Brasileirao 5; uncovered 0
    9 careers started at a worldwide academy fallback, uncovered 0
  over all 6 seeds, where the cap bites: four leagues won 332 against 337.2 expected (ratio 0.985, z -0.30)
  Premier League: 5.17 distinct generated clubs offered per seed over 6 seeds (floor 2)
  Championship: 9.50 distinct generated clubs offered per seed over 6 seeds (floor 4)
  La Liga: 4.17 distinct generated clubs offered per seed over 6 seeds (floor 2.5)
  Brasileirao: 4.67 distinct generated clubs offered per seed over 6 seeds (floor 2)
  ratio range 0.891 to 1.031; per league minimum distinct generated clubs: Premier League 4, Championship 7, La Liga 2, Brasileirao 0; 7 s
  (printed, not gated) market offers from the four leagues 1642/7115; rivals 77/286
  (printed, not gated) manager and owner clubs are a plain pick over tier 3 and 4: four leagues 66/403 (before this round 16/136)
  (printed, not gated) a 1995 start: four leagues won 102 of 388 draws (96.6 expected); market offers 101/383; uncovered 0
  academies, youths rated 40 to 54, 2020 pool:
    before England: home list 10, tier 3 7/10 (70.0%), generated 0.0%; largest seed deviation 0.0143
    before Spain: home list 5, tier 3 2/5 (40.0%), generated 0.0%; largest seed deviation 0.0190
    before Brazil: home list 4, tier 3 2/4 (50.0%), generated 0.0%; largest seed deviation 0.0140
    before Wales: no home club at tier 3 or 4
    after  England: home list 35, tier 3 6/35 (17.1%), generated 71.4%; largest seed deviation 0.0230
    after  Spain: home list 16, tier 3 2/16 (12.5%), generated 68.8%; largest seed deviation 0.0185
    after  Brazil: home list 16, tier 3 2/16 (12.5%), generated 75.0%; largest seed deviation 0.0160
    after  Wales: home list 3, tier 3 0/3 (0.0%), generated 100.0%; largest seed deviation 0.0000
  worldwide academy fallbacks (exact grid):
    Nigeria 70 on the 2020 pool: 50 candidates, 488 grid draws; four leagues 15/50 capped, 15/50 by a plain pick
    Nigeria 60 on the 2020 pool: 81 candidates, 676 grid draws; four leagues 16/81 capped, 16/81 by a plain pick
    Montenegro 47 on the 2020 pool: 191 candidates, 2060 grid draws; four leagues 30/152 capped, 69/191 by a plain pick
    Montenegro 30 on the 2020 pool: 142 candidates, 1680 grid draws; four leagues 20/103 capped, 59/142 by a plain pick
    Montenegro 80 on a pool with no elite club: 12 candidates, 104 grid draws; four leagues 5/12 capped, 5/12 by a plain pick
    Montenegro 30 on a pool with no tier 4 club: 49 candidates, 380 grid draws; four leagues 10/49 capped, 10/49 by a plain pick

7. OLD SAVES: careers signed on the pre-round pool load and play on
  West Ham: 3 seasons on the new pool, still West Ham|Championship|3
  FAIL [7]: Wolves: after the round trip the save reads Wolves|Championship|4, Wolves|Championship|3 expected
  FAIL [7]: Wolves: the save changed club, league or tier without a move: Wolves|Championship|4 in phase newspaper
  Wolves: 3 seasons on the new pool, still Wolves|Championship|4
  Girona: 3 seasons on the new pool, still Girona|Segunda Division|2
  Norwich City: 3 seasons on the new pool, still Norwich City|Championship|4
  Flamengo: 3 seasons on the new pool, still Flamengo|Brasileirao|1
  Real Madrid: 3 seasons on the new pool, still Real Madrid|La Liga|1

control reread: section 7 went red as it must (red: 4, 5, 7)
