1) A struggling career meets the scrum
   probe step 0, seasons 0: ["Back","Track stats","","Play the 2026 season","Start practice","📊 MY PLAYER OVR 66 The fans down at 20","💰 THE BANK $0.1M $1.2M a year, 9 years ","📜 CAREER LOG No seasons yet Play one an","🏆 TROPHY CASE Empty Nothing in it. Go a","📰 NEWS Quiet week Nobody is writing abo","📱 INBOX 1 unread Somebody is waiting on","Cookie choices","Light mode","Report a bug"]
   probe step 6, seasons 1: ["Back","Track stats","","🤝 Co-host and split the bill Fanbase +1","😉 Show up and talk trash all day Fanbas","💸 Send a check, skip it Net worth -$1M,","Cookie choices","Light mode","Report a bug","Essential only","Accept"]
   probe step 12, seasons 1: ["Back","Track stats","","🤝 Co-host and split the bill Fanbase +1","😉 Show up and talk trash all day Fanbas","💸 Send a check, skip it Net worth -$1M,","Cookie choices","Light mode","Report a bug","Essential only","Accept"]
   probe step 18, seasons 1: ["Back","Track stats","","🤝 Co-host and split the bill Fanbase +1","😉 Show up and talk trash all day Fanbas","💸 Send a check, skip it Net worth -$1M,","Cookie choices","Light mode","Report a bug","Essential only","Accept"]
   probe step 24, seasons 1: ["Back","Track stats","","🤝 Co-host and split the bill Fanbase +1","😉 Show up and talk trash all day Fanbas","💸 Send a check, skip it Net worth -$1M,","Cookie choices","Light mode","Report a bug","Essential only","Accept"]
   probe step 30, seasons 1: ["Back","Track stats","","🤝 Co-host and split the bill Fanbase +1","😉 Show up and talk trash all day Fanbas","💸 Send a check, skip it Net worth -$1M,","Cookie choices","Light mode","Report a bug","Essential only","Accept"]
   probe step 36, seasons 1: ["Back","Track stats","","🤝 Co-host and split the bill Fanbase +1","😉 Show up and talk trash all day Fanbas","💸 Send a check, skip it Net worth -$1M,","Cookie choices","Light mode","Report a bug","Essential only","Accept"]
   probe step 42, seasons 1: ["Back","Track stats","","🤝 Co-host and split the bill Fanbase +1","😉 Show up and talk trash all day Fanbas","💸 Send a check, skip it Net worth -$1M,","Cookie choices","Light mode","Report a bug","Essential only","Accept"]
   probe step 48, seasons 1: ["Back","Track stats","","🤝 Co-host and split the bill Fanbase +1","😉 Show up and talk trash all day Fanbas","💸 Send a check, skip it Net worth -$1M,","Cookie choices","Light mode","Report a bug","Essential only","Accept"]
   probe step 54, seasons 1: ["Back","Track stats","","🤝 Co-host and split the bill Fanbase +1","😉 Show up and talk trash all day Fanbas","💸 Send a check, skip it Net worth -$1M,","Cookie choices","Light mode","Report a bug","Essential only","Accept"]
   probe step 60, seasons 1: ["Back","Track stats","","🤝 Co-host and split the bill Fanbase +1","😉 Show up and talk trash all day Fanbas","💸 Send a check, skip it Net worth -$1M,","Cookie choices","Light mode","Report a bug","Essential only","Accept"]
   probe step 66, seasons 1: ["Back","Track stats","","🤝 Co-host and split the bill Fanbase +1","😉 Show up and talk trash all day Fanbas","💸 Send a check, skip it Net worth -$1M,","Cookie choices","Light mode","Report a bug","Essential only","Accept"]
   probe step 72, seasons 1: ["Back","Track stats","","🤝 Co-host and split the bill Fanbase +1","😉 Show up and talk trash all day Fanbas","💸 Send a check, skip it Net worth -$1M,","Cookie choices","Light mode","Report a bug","Essential only","Accept"]
   probe step 78, seasons 1: ["Back","Track stats","","🤝 Co-host and split the bill Fanbase +1","😉 Show up and talk trash all day Fanbas","💸 Send a check, skip it Net worth -$1M,","Cookie choices","Light mode","Report a bug","Essential only","Accept"]
   probe step 84, seasons 1: ["Back","Track stats","","🤝 Co-host and split the bill Fanbase +1","😉 Show up and talk trash all day Fanbas","💸 Send a check, skip it Net worth -$1M,","Cookie choices","Light mode","Report a bug","Essential only","Accept"]
   probe step 85, seasons 1: ["Back","Track stats","","🤝 Co-host and split the bill Fanbase +1","😉 Show up and talk trash all day Fanbas","💸 Send a check, skip it Net worth -$1M,","Cookie choices","Light mode","Report a bug","Essential only","Accept"]
   probe step 86, seasons 1: ["Back","Track stats","","🤝 Co-host and split the bill Fanbase +1","😉 Show up and talk trash all day Fanbas","💸 Send a check, skip it Net worth -$1M,","Cookie choices","Light mode","Report a bug","Essential only","Accept"]
   probe step 87, seasons 1: ["Back","Track stats","","🤝 Co-host and split the bill Fanbase +1","😉 Show up and talk trash all day Fanbas","💸 Send a check, skip it Net worth -$1M,","Cookie choices","Light mode","Report a bug","Essential only","Accept"]
   probe step 88, seasons 1: ["Back","Track stats","","🤝 Co-host and split the bill Fanbase +1","😉 Show up and talk trash all day Fanbas","💸 Send a check, skip it Net worth -$1M,","Cookie choices","Light mode","Report a bug","Essential only","Accept"]
   probe step 89, seasons 1: ["Back","Track stats","","🤝 Co-host and split the bill Fanbase +1","😉 Show up and talk trash all day Fanbas","💸 Send a check, skip it Net worth -$1M,","Cookie choices","Light mode","Report a bug","Essential only","Accept"]
   probe, the screen at the end: "Skip to main content DOUKNOWBALL Back Track stats NFL My Career Draft night to retirement speech. Every choice bends the career. 🪞 RIVALRY: YOUR CALL 💛 TRUCE FOR ONE DAY Cruz Rylander's foundation asks you to co-host a free youth camp. Same field, same whistle, one day only. A photo of you two coaching side by side would be everywhere. Press Probe 67 VS Cruz Rylander 67 🤝 Co-host and split the bill Fanbase +10, Net worth -$1M, Karma +8, the feud cools 😉 Show up and talk trash all day Fanbase +12, the feud heats up 💸 Send a check, skip it Net worth -$1M, Karma +3 NFL My Career: Football Career Simulator Build a fictional prospect and live a full NFL career inside the real league. Your position and archetype drive realistic season stat lines, your choices drive everything else: training focus, holdouts, trade requests, surgeries, hometown discounts or max-money moves. Chase rings, MVP"
  FAIL  the accountability scrum arrived within the losing stretch (1 seasons played)
  PASS  no page errors on the walk (clean)

playCareerPress: 1 failure
