
 RUN  v3.2.7 /home/runner/work/ballpark-hero/ballpark-hero

 × src/test/playerSearchFailure.test.tsx > truthful player-search failures > reports each failed empty request leg including a skipped long-query fallback 20ms
   → expected null to be 'Private fixture diagnostic' // Object.is equality
 ↓ src/test/playerSearchFailure.test.tsx > truthful player-search failures > keeps useful partial request results in the exact original ranking
 ↓ src/test/playerSearchFailure.test.tsx > truthful player-search failures > shows a generic retry message for an actual failed empty lookup
 ↓ src/test/playerSearchFailure.test.tsx > truthful player-search failures > keeps a successful empty lookup as no players found
 ↓ src/test/playerSearchFailure.test.tsx > truthful player-search failures > clears failed search feedback on typing and successful results
 ↓ src/test/playerSearchFailure.test.tsx > truthful player-search failures > keeps useful local matches selectable during remote failure
 ↓ src/test/playerSearchFailure.test.tsx > truthful player-search failures > ignores an old failure after a newer request succeeds
 ↓ src/test/playerSearchFailure.test.tsx > truthful player-search failures > keeps a cleared in-flight search quiet without stale failure feedback
 ↓ src/test/playerSearchFailure.test.tsx > truthful player-search failures > suppresses an intentionally aborted request even when its transport resolves an error
 ↓ src/test/playerSearchFailure.test.tsx > truthful player-search failures > preserves enabled free-text submission after a failed lookup
 ✓ src/test/playerSearchFailure.test.tsx > truthful player-search failures > holds the independent original ranking filters exact selection and quiet storage 103ms

 Test Files  1 failed (1)
      Tests  1 failed | 1 passed | 9 skipped (11)
   Start at  12:57:00
   Duration  1.08s (transform 101ms, setup 51ms, collect 296ms, tests 125ms, environment 296ms, prepare 126ms)



⎯⎯⎯⎯⎯⎯⎯ Failed Tests 1 ⎯⎯⎯⎯⎯⎯⎯

 FAIL  src/test/playerSearchFailure.test.tsx > truthful player-search failures > reports each failed empty request leg including a skipped long-query fallback
AssertionError: expected null to be 'Private fixture diagnostic' // Object.is equality

- Expected: 
"Private fixture diagnostic"

+ Received: 
null

 ❯ src/test/playerSearchFailure.test.tsx:73:28
     71|       const result = await searchPlayers({ source, query: 'Fixture', m…
     72|       expect(result.results).toEqual([]);
     73|       expect(result.error).toBe('Private fixture diagnostic');
       |                            ^
     74|     }
     75|     setup({ direct: { fail: true }, fallback: { rows } }, 'fixture fic…

⎯⎯⎯⎯⎯⎯⎯⎯⎯⎯⎯⎯⎯⎯⎯⎯⎯⎯⎯⎯⎯⎯⎯⎯[1/1]⎯

simPlayerSearchFailure error: changed copied statement fails its named outcome; independent original ranking/selection baseline passes.
simPlayerSearchFailure: empty direct/fallback/both failures and the skipped long-query fallback are distinguished from successful empty search.
simPlayerSearchFailure: useful partial/local matches, exact original ranking/filters and native selection callbacks are retained.
simPlayerSearchFailure: success clearing, stale/cleared requests, explicit abort and free-text paths exercised without RNG/storage or outward writes.
simPlayerSearchFailure: original source/client/folding bytes held; only owned copied controls change, native pixels remain separate.
