Effective copied control dart-variety: exact binding changed once.

 RUN  v3.2.7 /home/runner/work/ballpark-hero/ballpark-hero

 × src/test/dartDraftPools.test.ts > Dart Draft wider existing pools and varied picks > keeps the strongest three and varies five without replacement beyond the old best eight 31ms
   → expected [ 'Fixture Pro 3', …(4) ] to not deeply equal [ 'Fixture Pro 3', …(4) ]
 ✓ src/test/dartDraftPools.test.ts > Dart Draft wider existing pools and varied picks > keeps used names and wrong positions out while preserving distinct accented names 1ms
 × src/test/dartDraftPools.test.ts > Dart Draft wider existing pools and varied picks > uses the same compact variety policy for bonus slots and leaves the shared legends intact 10ms
   → expected [ 'Fixture Pro 1', …(7) ] to include 'Fixture Pro 17'
 ✓ src/test/dartDraftPools.test.ts > Dart Draft wider existing pools and varied picks > reads exactly the first 2,000 global 2026 rows in two pages while excluding other years and unknown positions 17ms
 ✓ src/test/dartDraftPools.test.ts > Dart Draft wider existing pools and varied picks > pages a country beyond 120 and 1000 and keeps nationality and era in the actual choice path 13ms
 ✓ src/test/statDetectiveScope.test.tsx > Stat Detective recorded profile scope > explains what the career span covers before play and in reopened help 241ms
 ✓ src/test/statDetectiveScope.test.tsx > Stat Detective recorded profile scope > shows the complete career span and franchises under their shipped labels 196ms
 ✓ src/test/statDetectiveScope.test.tsx > Stat Detective recorded profile scope > captures the exact random case and mode while keeping the answer out of visible play 126ms
 ✓ src/test/dartDraftPools.test.ts > Dart Draft wider existing pools and varied picks > pages the targeted position fallback beyond 12 after an unavailable country read 1208ms
 ✓ src/test/dartDraftPools.test.ts > Dart Draft wider existing pools and varied picks > fails closed rather than returning a partial global or country pool after a later page fails 2406ms

 Test Files  1 failed | 1 passed (2)
      Tests  2 failed | 8 passed (10)
   Start at  11:15:45
   Duration  5.50s (transform 1.20s, setup 84ms, collect 2.35s, tests 4.25s, environment 677ms, prepare 245ms)

JSON report written to /home/runner/work/ballpark-hero/ballpark-hero/.tmp-fx/reported-pools-dart-variety.json

Browserslist: browsers data (caniuse-lite) is 16 months old. Please run:
  npx update-browserslist-db@latest
  Why you should do it regularly: https://github.com/browserslist/update-db#readme
stderr | src/test/statDetectiveScope.test.tsx > Stat Detective recorded profile scope > explains what the career span covers before play and in reopened help
Warning: Missing `Description` or `aria-describedby={undefined}` for {DialogContent}.


⎯⎯⎯⎯⎯⎯⎯ Failed Tests 2 ⎯⎯⎯⎯⎯⎯⎯

 FAIL  src/test/dartDraftPools.test.ts > Dart Draft wider existing pools and varied picks > keeps the strongest three and varies five without replacement beyond the old best eight
AssertionError: expected [ 'Fixture Pro 3', …(4) ] to not deeply equal [ 'Fixture Pro 3', …(4) ]

Compared values have no visual difference.

 ❯ src/test/dartDraftPools.test.ts:53:40
     51|     expect(names(first).slice(0, 3)).toEqual(['Fixture Pro 0', 'Fixtur…
     52|     expect(names(second).slice(0, 3)).toEqual(names(first).slice(0, 3)…
     53|     expect(names(second).slice(3)).not.toEqual(names(first).slice(3));
       |                                        ^
     54|     expect(names(second)).toContain('Fixture Pro 17');
     55|     for (const choices of [first, second]) {

⎯⎯⎯⎯⎯⎯⎯⎯⎯⎯⎯⎯⎯⎯⎯⎯⎯⎯⎯⎯⎯⎯⎯⎯[1/2]⎯

 FAIL  src/test/dartDraftPools.test.ts > Dart Draft wider existing pools and varied picks > uses the same compact variety policy for bonus slots and leaves the shared legends intact
AssertionError: expected [ 'Fixture Pro 1', …(7) ] to include 'Fixture Pro 17'
 ❯ src/test/dartDraftPools.test.ts:78:67
     76|     const before = JSON.stringify(LEGENDS);
     77|     const wonderkids = wonderkidChoices(pool, slot, new Set(['Fixture …
     78|     expect(wonderkids).toHaveLength(8); expect(names(wonderkids)).toCo…
       |                                                                   ^
     79|     expect(wonderkids.every(pick => pick.player.age <= 21 && pick.play…
     80|     expect(wildcardChoices(pool, slot, new Set())).toHaveLength(8);

⎯⎯⎯⎯⎯⎯⎯⎯⎯⎯⎯⎯⎯⎯⎯⎯⎯⎯⎯⎯⎯⎯⎯⎯[2/2]⎯

Assertion outcomes dart-variety: [{"title":"keeps the strongest three and varies five without replacement beyond the old best eight","status":"failed"},{"title":"keeps used names and wrong positions out while preserving distinct accented names","status":"passed"},{"title":"uses the same compact variety policy for bonus slots and leaves the shared legends intact","status":"failed"},{"title":"reads exactly the first 2,000 global 2026 rows in two pages while excluding other years and unknown positions","status":"passed"},{"title":"pages a country beyond 120 and 1000 and keeps nationality and era in the actual choice path","status":"passed"},{"title":"pages the targeted position fallback beyond 12 after an unavailable country read","status":"passed"},{"title":"fails closed rather than returning a partial global or country pool after a later page fails","status":"passed"},{"title":"explains what the career span covers before play and in reopened help","status":"passed"},{"title":"shows the complete career span and franchises under their shipped labels","status":"passed"},{"title":"captures the exact random case and mode while keeping the answer out of visible play","status":"passed"}]
simReportedGamePools dart-variety: 2 exact intended outcomes failed, all 8 unrelated outcomes passed.
