1) Source: careerRivalryEvents.ts is the only home for the rule
   4 rule fingerprints checked, 13 bindings confirmed
2) Soccer unchanged: same facts in, same pool and same mutation out
   600 fixtures, 18 of 18 beat ids appeared, 0 pool mismatches, 0 apply mismatches
3) Soccer end to end: a real career, the pending slot, the no-repeat rule, the forced beat
   60 of 60 careers drafted a rival, 518 pending beats seen, 518 dismissed cleanly, 60 of 60 careers never repeated the last beat back to back, 41 saw the forced retirement beat
4) The NFL binding: every beat reachable and correct, and the tick fires in real careers
   23 of 23 beats reachable with a built fixture, 23 of 23 actually mutated state when applied
   40 of 40 NFL careers drafted a rival, 40 showed at least one pending beat, 284 pending beats total over 560 career-seasons (rate 0.507), 284 dismissed cleanly, 17 saw the forced retirement beat

5) THE INVENTED-NAME COLLISION GUARD: the rival can never be a real player
   19651 real names harvested (src/data plus the sealed Club Manager worlds and the international pools)
   24 first names x 24 surnames = 576 combinations, 0 collide with a real name
   6000 live draftRival rolls, 576 distinct names, 0 of them real
6) The MLB binding: every beat reachable and correct, and the tick fires in real careers
   23 of 23 beats reachable with a built fixture, 23 of 23 actually mutated state when applied
   40 of 40 MLB careers drafted a rival, 40 showed at least one pending beat, 309 pending beats total over 560 career-seasons (rate 0.552), 309 dismissed cleanly, 10 saw the forced retirement beat
7) The NBA binding: every beat reachable and correct, and the tick fires in real careers
   the All-Star beat: 3 of 3 fact pairs dealt and applied at 4 rolls each, never on a coin, never when neither made it
file:///home/runner/work/_temp/t-rivalry/careerrivalry-Yy7cef/rivalry.bundle.mjs:61383
  const last = s2.seasons[s2.seasons.length - 1];
                                     ^

TypeError: Cannot read properties of undefined (reading 'length')
    at nbaAllStarFacts (file:///home/runner/work/_temp/t-rivalry/careerrivalry-Yy7cef/rivalry.bundle.mjs:61383:38)
    at Object.when (file:///home/runner/work/_temp/t-rivalry/careerrivalry-Yy7cef/rivalry.bundle.mjs:61495:21)
    at file:///home/runner/work/_temp/t-rivalry/careerrivalry-Yy7cef/rivalry.bundle.mjs:11047:31
    at Array.filter (<anonymous>)
    at Object.rivalryEventPool (file:///home/runner/work/_temp/t-rivalry/careerrivalry-Yy7cef/rivalry.bundle.mjs:11047:15)
    at file:///home/runner/work/ballpark-hero/ballpark-hero/scripts/simCareerRivalryEvents.mjs:958:29
    at process.processTicksAndRejections (node:internal/process/task_queues:104:5)

Node.js v24.21.0
