   NEGATIVE CONTROL ON: coin306
1) Source: careerRivalryEvents.ts is the only home for the rule
   7 rule fingerprints checked, 13 bindings confirmed
2) Soccer unchanged: same facts in, same pool and same mutation out
   600 fixtures, 18 of 18 beat ids appeared, 0 pool mismatches, 0 apply mismatches
3) Soccer end to end: a real career, the pending slot, the no-repeat rule, the forced beat
   60 of 60 careers drafted a rival, 511 pending beats seen, 511 dismissed cleanly, 60 of 60 careers never repeated the last beat back to back, 41 saw the forced retirement beat
4) The NFL binding: every beat reachable and correct, and the tick fires in real careers
  FAIL: NFL beat 206 (mine=true his=false) drew 1 times: it has no coin to flip
  FAIL: NFL beat 206 (mine=true his=false) drew 1 times: it has no coin to flip
  FAIL: NFL beat 206 (mine=true his=false, roll 0.4999) promised "Morale +5" and moved [morale:-5|fanbase:0|health:0|rating:0|netWorth:0]
  FAIL: NFL beat 206: the consequence "Morale +5" does not read as what moved
  FAIL: NFL beat 206 (mine=true his=false) pushed "🗳️ Rival NFL was named first team All-Pro and you were not. | 🗳️ All-Pro Team"
  FAIL: NFL beat 206 (mine=true his=false) drew 1 times: it has no coin to flip
  FAIL: NFL beat 206 (mine=true his=false, roll 0.5001) promised "Morale +5" and moved [morale:-5|fanbase:0|health:0|rating:0|netWorth:0]
  FAIL: NFL beat 206: the consequence "Morale +5" does not read as what moved
  FAIL: NFL beat 206 (mine=true his=false) pushed "🗳️ Rival NFL was named first team All-Pro and you were not. | 🗳️ All-Pro Team"
  FAIL: NFL beat 206 (mine=true his=false) drew 1 times: it has no coin to flip
  FAIL: NFL beat 206 (mine=true his=false) pushed "🗳️ You were named first team All-Pro. | 🗳️ All-Pro Team"
  FAIL: NFL beat 206 (mine=true his=false): resolving a card dealt on the old coin drew 1 times
  FAIL: NFL beat 206 (mine=true his=false): a card that promised "50/50 outcome" moved the save (morale:5|fanbase:0|health:0|rating:0|netWorth:0), paid out on today's facts
  FAIL: NFL beat 206 (mine=true his=false): the old card pushed "🗳️ You were named first team All-Pro and Rival NFL was not. | 🗳️ Ballot Squeeze", expected its title and nothing else
  FAIL: NFL beat 206 (mine=false his=true) drew 1 times: it has no coin to flip
  FAIL: NFL beat 206 (mine=false his=true, roll 0.25) promised "Morale -5" and moved [morale:5|fanbase:0|health:0|rating:0|netWorth:0]
  FAIL: NFL beat 206: the consequence "Morale -5" does not read as what moved
  FAIL: NFL beat 206 (mine=false his=true) pushed "🗳️ You were named first team All-Pro and Rival NFL was not. | 🗳️ All-Pro Team"
  FAIL: NFL beat 206 (mine=false his=true) drew 1 times: it has no coin to flip
  FAIL: NFL beat 206 (mine=false his=true) drew 1 times: it has no coin to flip
  FAIL: NFL beat 206 (mine=false his=true) drew 1 times: it has no coin to flip
  FAIL: NFL beat 206 (mine=false his=true, roll 0.75) promised "Morale -5" and moved [morale:5|fanbase:0|health:0|rating:0|netWorth:0]
  FAIL: NFL beat 206: the consequence "Morale -5" does not read as what moved
  FAIL: NFL beat 206 (mine=false his=true) pushed "🗳️ You were named first team All-Pro. | 🗳️ All-Pro Team"
  FAIL: NFL beat 206 (mine=false his=true): resolving a card dealt on the old coin drew 1 times
  FAIL: NFL beat 206 (mine=false his=true): a card that promised "50/50 outcome" moved the save (morale:5|fanbase:0|health:0|rating:0|netWorth:0), paid out on today's facts
  FAIL: NFL beat 206 (mine=false his=true): the old card pushed "🗳️ You were named first team All-Pro and Rival NFL was not. | 🗳️ Ballot Squeeze", expected its title and nothing else
  FAIL: NFL beat 206 (mine=true his=true) drew 1 times: it has no coin to flip
  FAIL: NFL beat 206 (mine=true his=true, roll 0.25) promised "Fanbase +3" and moved [morale:5|fanbase:0|health:0|rating:0|netWorth:0]
  FAIL: NFL beat 206: the consequence "Fanbase +3" does not read as what moved
  FAIL: NFL beat 206 (mine=true his=true) pushed "🗳️ You were named first team All-Pro and Rival NFL was not. | 🗳️ All-Pro Team"
  FAIL: NFL beat 206 (mine=true his=true) drew 1 times: it has no coin to flip
  FAIL: NFL beat 206 (mine=true his=true, roll 0.4999) promised "Fanbase +3" and moved [morale:-5|fanbase:0|health:0|rating:0|netWorth:0]
  FAIL: NFL beat 206: the consequence "Fanbase +3" does not read as what moved
  FAIL: NFL beat 206 (mine=true his=true) pushed "🗳️ Rival NFL was named first team All-Pro and you were not. | 🗳️ All-Pro Team"
  FAIL: NFL beat 206 (mine=true his=true) drew 1 times: it has no coin to flip
  FAIL: NFL beat 206 (mine=true his=true, roll 0.5001) promised "Fanbase +3" and moved [morale:-5|fanbase:0|health:0|rating:0|netWorth:0]
  FAIL: NFL beat 206: the consequence "Fanbase +3" does not read as what moved
  FAIL: NFL beat 206 (mine=true his=true) pushed "🗳️ Rival NFL was named first team All-Pro and you were not. | 🗳️ All-Pro Team"
  FAIL: NFL beat 206 (mine=true his=true) drew 1 times: it has no coin to flip
  FAIL: NFL beat 206 (mine=true his=true, roll 0.75) promised "Fanbase +3" and moved [morale:5|fanbase:0|health:0|rating:0|netWorth:0]
  FAIL: NFL beat 206: the consequence "Fanbase +3" does not read as what moved
  FAIL: NFL beat 206 (mine=true his=true) pushed "🗳️ You were named first team All-Pro. | 🗳️ All-Pro Team"
  FAIL: NFL beat 206 (mine=true his=true): resolving a card dealt on the old coin drew 1 times
  FAIL: NFL beat 206 (mine=true his=true): a card that promised "50/50 outcome" moved the save (morale:5|fanbase:0|health:0|rating:0|netWorth:0), paid out on today's facts
  FAIL: NFL beat 206 (mine=true his=true): the old card pushed "🗳️ You were named first team All-Pro and Rival NFL was not. | 🗳️ Ballot Squeeze", expected its title and nothing else
  FAIL: NFL beat 206 (an old save: you made it (left off the year before)) drew 1 times: it has no coin to flip
  FAIL: NFL beat 206 (an old save: you made it (left off the year before)) pushed "🗳️ You were named first team All-Pro and Rival NFL was not. | 🗳️ All-Pro Team"
  FAIL: NFL beat 206 (an old save: you made it (left off the year before)) pushed a claim the save cannot know: "🗳️ You were named first team All-Pro and Rival NFL was not. | 🗳️ All-Pro Team"
  FAIL: NFL beat 206 (an old save: you made it (left off the year before)) drew 1 times: it has no coin to flip
  FAIL: NFL beat 206 (an old save: you made it (left off the year before), roll 0.4999) promised "Morale +5" and moved [morale:-5|fanbase:0|health:0|rating:0|netWorth:0]
  FAIL: NFL beat 206: the consequence "Morale +5" does not read as what moved
  FAIL: NFL beat 206 (an old save: you made it (left off the year before)) pushed "🗳️ Rival NFL was named first team All-Pro and you were not. | 🗳️ All-Pro Team"
  FAIL: NFL beat 206 (an old save: you made it (left off the year before)) pushed a claim the save cannot know: "🗳️ Rival NFL was named first team All-Pro and you were not. | 🗳️ All-Pro Team"
  FAIL: NFL beat 206 (an old save: you made it (left off the year before)) drew 1 times: it has no coin to flip
  FAIL: NFL beat 206 (an old save: you made it (left off the year before), roll 0.5001) promised "Morale +5" and moved [morale:-5|fanbase:0|health:0|rating:0|netWorth:0]
  FAIL: NFL beat 206: the consequence "Morale +5" does not read as what moved
  FAIL: NFL beat 206 (an old save: you made it (left off the year before)) pushed "🗳️ Rival NFL was named first team All-Pro and you were not. | 🗳️ All-Pro Team"
  FAIL: NFL beat 206 (an old save: you made it (left off the year before)) pushed a claim the save cannot know: "🗳️ Rival NFL was named first team All-Pro and you were not. | 🗳️ All-Pro Team"
  FAIL: NFL beat 206 (an old save: you made it (left off the year before)) drew 1 times: it has no coin to flip
  FAIL: NFL beat 206 (an old save: you made it (left off the year before)): resolving a card dealt on the old coin drew 1 times
  FAIL: NFL beat 206 (an old save: you made it (left off the year before)): a card that promised "50/50 outcome" moved the save (morale:5|fanbase:0|health:0|rating:0|netWorth:0), paid out on today's facts
  FAIL: NFL beat 206 (an old save: you made it (left off the year before)): the old card pushed "🗳️ You were named first team All-Pro and Rival NFL was not. | 🗳️ Ballot Squeeze", expected its title and nothing else
  FAIL: NFL beat 206 (an old save: you are off it a year after you were on it) drew 1 times: it has no coin to flip
  FAIL: NFL beat 206 (an old save: you are off it a year after you were on it, roll 0.25) promised "Morale -5" and moved [morale:5|fanbase:0|health:0|rating:0|netWorth:0]
  FAIL: NFL beat 206: the consequence "Morale -5" does not read as what moved
  FAIL: NFL beat 206 (an old save: you are off it a year after you were on it) pushed "🗳️ You were named first team All-Pro and Rival NFL was not. | 🗳️ All-Pro Team"
  FAIL: NFL beat 206 (an old save: you are off it a year after you were on it) pushed a claim the save cannot know: "🗳️ You were named first team All-Pro and Rival NFL was not. | 🗳️ All-Pro Team"
  FAIL: NFL beat 206 (an old save: you are off it a year after you were on it) drew 1 times: it has no coin to flip
  FAIL: NFL beat 206 (an old save: you are off it a year after you were on it) pushed "🗳️ Rival NFL was named first team All-Pro and you were not. | 🗳️ All-Pro Team"
  FAIL: NFL beat 206 (an old save: you are off it a year after you were on it) pushed a claim the save cannot know: "🗳️ Rival NFL was named first team All-Pro and you were not. | 🗳️ All-Pro Team"
  FAIL: NFL beat 206 (an old save: you are off it a year after you were on it) drew 1 times: it has no coin to flip
  FAIL: NFL beat 206 (an old save: you are off it a year after you were on it) pushed "🗳️ Rival NFL was named first team All-Pro and you were not. | 🗳️ All-Pro Team"
  FAIL: NFL beat 206 (an old save: you are off it a year after you were on it) pushed a claim the save cannot know: "🗳️ Rival NFL was named first team All-Pro and you were not. | 🗳️ All-Pro Team"
  FAIL: NFL beat 206 (an old save: you are off it a year after you were on it) drew 1 times: it has no coin to flip
  FAIL: NFL beat 206 (an old save: you are off it a year after you were on it, roll 0.75) promised "Morale -5" and moved [morale:5|fanbase:0|health:0|rating:0|netWorth:0]
  FAIL: NFL beat 206: the consequence "Morale -5" does not read as what moved
  FAIL: NFL beat 206 (an old save: you are off it a year after you were on it) pushed "🗳️ You were named first team All-Pro. | 🗳️ All-Pro Team"
  FAIL: NFL beat 206 (an old save: you are off it a year after you were on it): resolving a card dealt on the old coin drew 1 times
  FAIL: NFL beat 206 (an old save: you are off it a year after you were on it): a card that promised "50/50 outcome" moved the save (morale:5|fanbase:0|health:0|rating:0|netWorth:0), paid out on today's facts
  FAIL: NFL beat 206 (an old save: you are off it a year after you were on it): the old card pushed "🗳️ You were named first team All-Pro and Rival NFL was not. | 🗳️ Ballot Squeeze", expected its title and nothing else
   the All-Pro beat (206): 3 of 3 fact pairs dealt and applied at 4 rolls each, 5 fixtures it must stay shut on, never on a coin, never on the ratings; 2 of 2 cards of the release before still pay what they printed on a save whose rival was never judged
   no NFL beat claims a roster, a ballot or a bowl the game never picks: 23 cards read off the fixtures (206 names the All-Pro team and only that)
  FAIL: NFL beat 219 (on two teams) drew 1 times: it has no coin to flip
  FAIL: NFL beat 219 (on two teams) drew 1 times: it has no coin to flip
  FAIL: NFL beat 219 (on two teams) drew 1 times: it has no coin to flip
  FAIL: NFL beat 219 (on two teams) drew 1 times: it has no coin to flip
  FAIL: NFL beat 219 (on two teams): resolving a card dealt on the old coin drew 1 times
  FAIL: NFL beat 219 (on two teams): a card that promised "50/50 outcome" moved the save (morale:3|fanbase:0|health:0|rating:0|netWorth:0), paid out on today's facts
  FAIL: NFL beat 219 (on two teams): the old card pushed "🥊 A week of joint practices against Rival NFL's team, and neither of you gave an inch. Morale +3. | 🥊 Ballot Squeeze", expected its title and nothing else
   the joint practice (219): 1 of 1 card dealt and applied at 4 rolls, no winner named and no coin, and a card from the old coin resolves with no effect
   23 of 23 beats reachable with a built fixture, 23 of 23 actually mutated state when applied
   40 of 40 NFL careers drafted a rival, 40 showed at least one pending beat, 283 pending beats total over 560 career-seasons (rate 0.505), 283 dismissed cleanly, 16 saw the forced retirement beat

5) THE INVENTED-NAME COLLISION GUARD: the rival can never be a real player
   19662 real names harvested (src/data plus the sealed Club Manager worlds and the international pools)
   24 first names x 24 surnames = 576 combinations, 0 collide with a real name
   6000 live draftRival rolls, 576 distinct names, 0 of them real
6) The MLB binding: every beat reachable and correct, and the tick fires in real careers
  FAIL: MLB beat 206 (you made it (both rated 60, left off the year before)) drew 1 times: it has no coin to flip
  FAIL: MLB beat 206 (you made it (both rated 60, left off the year before)) drew 1 times: it has no coin to flip
  FAIL: MLB beat 206 (you made it (both rated 60, left off the year before)) drew 1 times: it has no coin to flip
  FAIL: MLB beat 206 (you made it (both rated 60, left off the year before), roll 0.5001) promised "Morale +5" and moved [morale:-5|fanbase:0|health:0|rating:0|netWorth:0]
  FAIL: MLB beat 206: the consequence "Morale +5" does not read as what moved
  FAIL: MLB beat 206 (you made it (both rated 60, left off the year before)) pushed "🗳️ You were left off the All-Star roster. | 🗳️ All-Star Rosters"
  FAIL: MLB beat 206 (you made it (both rated 60, left off the year before)) drew 1 times: it has no coin to flip
  FAIL: MLB beat 206 (you made it (both rated 60, left off the year before), roll 0.75) promised "Morale +5" and moved [morale:-5|fanbase:0|health:0|rating:0|netWorth:0]
  FAIL: MLB beat 206: the consequence "Morale +5" does not read as what moved
  FAIL: MLB beat 206 (you made it (both rated 60, left off the year before)) pushed "🗳️ You were left off the All-Star roster. | 🗳️ All-Star Rosters"
  FAIL: MLB beat 206 (you made it (both rated 60, left off the year before)): resolving a card dealt on the old coin drew 1 times
  FAIL: MLB beat 206 (you made it (both rated 60, left off the year before)): a card that promised "50/50 outcome" moved the save (morale:5|fanbase:0|health:0|rating:0|netWorth:0), paid out on today's facts
  FAIL: MLB beat 206 (you made it (both rated 60, left off the year before)): the old card pushed "🗳️ You made the All-Star roster. | 🗳️ Ballot Squeeze", expected its title and nothing else
  FAIL: MLB beat 206 (you are off it a year after you were on it (both rated 60)) drew 1 times: it has no coin to flip
  FAIL: MLB beat 206 (you are off it a year after you were on it (both rated 60), roll 0.25) promised "Morale -5" and moved [morale:5|fanbase:0|health:0|rating:0|netWorth:0]
  FAIL: MLB beat 206: the consequence "Morale -5" does not read as what moved
  FAIL: MLB beat 206 (you are off it a year after you were on it (both rated 60)) pushed "🗳️ You made the All-Star roster. | 🗳️ All-Star Rosters"
  FAIL: MLB beat 206 (you are off it a year after you were on it (both rated 60)) drew 1 times: it has no coin to flip
  FAIL: MLB beat 206 (you are off it a year after you were on it (both rated 60), roll 0.4999) promised "Morale -5" and moved [morale:5|fanbase:0|health:0|rating:0|netWorth:0]
  FAIL: MLB beat 206: the consequence "Morale -5" does not read as what moved
  FAIL: MLB beat 206 (you are off it a year after you were on it (both rated 60)) pushed "🗳️ You made the All-Star roster. | 🗳️ All-Star Rosters"
  FAIL: MLB beat 206 (you are off it a year after you were on it (both rated 60)) drew 1 times: it has no coin to flip
  FAIL: MLB beat 206 (you are off it a year after you were on it (both rated 60)) drew 1 times: it has no coin to flip
  FAIL: MLB beat 206 (you are off it a year after you were on it (both rated 60)): resolving a card dealt on the old coin drew 1 times
  FAIL: MLB beat 206 (you are off it a year after you were on it (both rated 60)): a card that promised "50/50 outcome" moved the save (morale:5|fanbase:0|health:0|rating:0|netWorth:0), paid out on today's facts
  FAIL: MLB beat 206 (you are off it a year after you were on it (both rated 60)): the old card pushed "🗳️ You made the All-Star roster. | 🗳️ Ballot Squeeze", expected its title and nothing else
   the roster beat (206, read off your own seasons' "All-Star"): 2 of 2 cards dealt and applied at 4 rolls each, 4 fixtures it must stay shut on, never on a coin, never on the ratings, never a word on the rival's roster, and a card from the old coin resolves with no effect
   23 of 23 beats reachable with a built fixture, 23 of 23 actually mutated state when applied
   40 of 40 MLB careers drafted a rival, 40 showed at least one pending beat, 305 pending beats total over 560 career-seasons (rate 0.545), 305 dismissed cleanly, 10 saw the forced retirement beat
7) The NBA binding: every beat reachable and correct, and the tick fires in real careers
  FAIL: NBA beat 306 (mine=true his=false) drew 1 times: it has no coin to flip
  FAIL: NBA beat 306 (mine=true his=false, roll 0.25) promised "Morale +5" and moved [morale:0|fanbase:3|health:0|rating:0|netWorth:0]
  FAIL: NBA beat 306: the consequence "Morale +5" does not read as what moved
  FAIL: NBA beat 306 (mine=true his=false) pushed "🗳️ You and Rival NBA both made the All-Star roster. | 🗳️ All-Star Rosters"
  FAIL: NBA beat 306 (mine=true his=false) drew 1 times: it has no coin to flip
  FAIL: NBA beat 306 (mine=true his=false) drew 1 times: it has no coin to flip
  FAIL: NBA beat 306 (mine=true his=false) drew 1 times: it has no coin to flip
  FAIL: NBA beat 306 (mine=true his=false, roll 0.75) promised "Morale +5" and moved [morale:-5|fanbase:0|health:0|rating:0|netWorth:0]
  FAIL: NBA beat 306: the consequence "Morale +5" does not read as what moved
  FAIL: NBA beat 306 (mine=true his=false) pushed "🗳️ Rival NBA made the All-Star roster and you did not. | 🗳️ All-Star Rosters"
  FAIL: NBA beat 306 (mine=true his=false): resolving a card dealt on the old coin drew 1 times
  FAIL: NBA beat 306 (mine=true his=false): a card that promised "50/50 outcome" moved the save (morale:0|fanbase:3|health:0|rating:0|netWorth:0), paid out on today's facts
  FAIL: NBA beat 306 (mine=true his=false): the old card pushed "🗳️ You and Rival NBA both made the All-Star roster. | 🗳️ Ballot Squeeze", expected its title and nothing else
  FAIL: NBA beat 306 (mine=false his=true) drew 1 times: it has no coin to flip
  FAIL: NBA beat 306 (mine=false his=true, roll 0.25) promised "Morale -5" and moved [morale:0|fanbase:3|health:0|rating:0|netWorth:0]
  FAIL: NBA beat 306: the consequence "Morale -5" does not read as what moved
  FAIL: NBA beat 306 (mine=false his=true) pushed "🗳️ You and Rival NBA both made the All-Star roster. | 🗳️ All-Star Rosters"
  FAIL: NBA beat 306 (mine=false his=true) drew 1 times: it has no coin to flip
  FAIL: NBA beat 306 (mine=false his=true, roll 0.4999) promised "Morale -5" and moved [morale:5|fanbase:0|health:0|rating:0|netWorth:0]
  FAIL: NBA beat 306: the consequence "Morale -5" does not read as what moved
  FAIL: NBA beat 306 (mine=false his=true) pushed "🗳️ You made the All-Star roster and Rival NBA did not. | 🗳️ All-Star Rosters"
  FAIL: NBA beat 306 (mine=false his=true) drew 1 times: it has no coin to flip
  FAIL: NBA beat 306 (mine=false his=true, roll 0.5001) promised "Morale -5" and moved [morale:5|fanbase:0|health:0|rating:0|netWorth:0]
  FAIL: NBA beat 306: the consequence "Morale -5" does not read as what moved
  FAIL: NBA beat 306 (mine=false his=true) pushed "🗳️ You made the All-Star roster and Rival NBA did not. | 🗳️ All-Star Rosters"
  FAIL: NBA beat 306 (mine=false his=true) drew 1 times: it has no coin to flip
  FAIL: NBA beat 306 (mine=false his=true): resolving a card dealt on the old coin drew 1 times
  FAIL: NBA beat 306 (mine=false his=true): a card that promised "50/50 outcome" moved the save (morale:0|fanbase:3|health:0|rating:0|netWorth:0), paid out on today's facts
  FAIL: NBA beat 306 (mine=false his=true): the old card pushed "🗳️ You and Rival NBA both made the All-Star roster. | 🗳️ Ballot Squeeze", expected its title and nothing else
  FAIL: NBA beat 306 (mine=true his=true) drew 1 times: it has no coin to flip
  FAIL: NBA beat 306 (mine=true his=true) drew 1 times: it has no coin to flip
  FAIL: NBA beat 306 (mine=true his=true, roll 0.4999) promised "Fanbase +3" and moved [morale:5|fanbase:0|health:0|rating:0|netWorth:0]
  FAIL: NBA beat 306: the consequence "Fanbase +3" does not read as what moved
  FAIL: NBA beat 306 (mine=true his=true) pushed "🗳️ You made the All-Star roster and Rival NBA did not. | 🗳️ All-Star Rosters"
  FAIL: NBA beat 306 (mine=true his=true) drew 1 times: it has no coin to flip
  FAIL: NBA beat 306 (mine=true his=true, roll 0.5001) promised "Fanbase +3" and moved [morale:5|fanbase:0|health:0|rating:0|netWorth:0]
  FAIL: NBA beat 306: the consequence "Fanbase +3" does not read as what moved
  FAIL: NBA beat 306 (mine=true his=true) pushed "🗳️ You made the All-Star roster and Rival NBA did not. | 🗳️ All-Star Rosters"
  FAIL: NBA beat 306 (mine=true his=true) drew 1 times: it has no coin to flip
  FAIL: NBA beat 306 (mine=true his=true, roll 0.75) promised "Fanbase +3" and moved [morale:-5|fanbase:0|health:0|rating:0|netWorth:0]
  FAIL: NBA beat 306: the consequence "Fanbase +3" does not read as what moved
  FAIL: NBA beat 306 (mine=true his=true) pushed "🗳️ Rival NBA made the All-Star roster and you did not. | 🗳️ All-Star Rosters"
  FAIL: NBA beat 306 (mine=true his=true): resolving a card dealt on the old coin drew 1 times
  FAIL: NBA beat 306 (mine=true his=true): a card that promised "50/50 outcome" moved the save (morale:0|fanbase:3|health:0|rating:0|netWorth:0), paid out on today's facts
  FAIL: NBA beat 306 (mine=true his=true): the old card pushed "🗳️ You and Rival NBA both made the All-Star roster. | 🗳️ Ballot Squeeze", expected its title and nothing else
   the All-Star beat: 3 of 3 fact pairs dealt and applied at 4 rolls each, never on a coin, never when neither made it, and a card from the old coin resolves with no effect
   23 of 23 beats reachable with a built fixture, 23 of 23 actually mutated state when applied
   40 of 40 NBA careers drafted a rival, 40 showed at least one pending beat, 277 pending beats total over 560 career-seasons (rate 0.495), 277 dismissed cleanly, 4 saw the forced retirement beat
8) The NHL binding: every beat reachable and correct, and the tick fires in real careers
  FAIL: NHL beat 306 (you made it (both rated 60, left off the year before)) drew 1 times: it has no coin to flip
  FAIL: NHL beat 306 (you made it (both rated 60, left off the year before)) drew 1 times: it has no coin to flip
  FAIL: NHL beat 306 (you made it (both rated 60, left off the year before)) drew 1 times: it has no coin to flip
  FAIL: NHL beat 306 (you made it (both rated 60, left off the year before), roll 0.5001) promised "Morale +5" and moved [morale:-5|fanbase:0|health:0|rating:0|netWorth:0]
  FAIL: NHL beat 306: the consequence "Morale +5" does not read as what moved
  FAIL: NHL beat 306 (you made it (both rated 60, left off the year before)) pushed "🗳️ You were left off the All-Star roster. | 🗳️ All-Star Rosters"
  FAIL: NHL beat 306 (you made it (both rated 60, left off the year before)) drew 1 times: it has no coin to flip
  FAIL: NHL beat 306 (you made it (both rated 60, left off the year before), roll 0.75) promised "Morale +5" and moved [morale:-5|fanbase:0|health:0|rating:0|netWorth:0]
  FAIL: NHL beat 306: the consequence "Morale +5" does not read as what moved
  FAIL: NHL beat 306 (you made it (both rated 60, left off the year before)) pushed "🗳️ You were left off the All-Star roster. | 🗳️ All-Star Rosters"
  FAIL: NHL beat 306 (you made it (both rated 60, left off the year before)): resolving a card dealt on the old coin drew 1 times
  FAIL: NHL beat 306 (you made it (both rated 60, left off the year before)): a card that promised "50/50 outcome" moved the save (morale:5|fanbase:0|health:0|rating:0|netWorth:0), paid out on today's facts
  FAIL: NHL beat 306 (you made it (both rated 60, left off the year before)): the old card pushed "🗳️ You made the All-Star roster. | 🗳️ Ballot Squeeze", expected its title and nothing else
  FAIL: NHL beat 306 (you are off it a year after you were on it (both rated 60)) drew 1 times: it has no coin to flip
  FAIL: NHL beat 306 (you are off it a year after you were on it (both rated 60), roll 0.25) promised "Morale -5" and moved [morale:5|fanbase:0|health:0|rating:0|netWorth:0]
  FAIL: NHL beat 306: the consequence "Morale -5" does not read as what moved
  FAIL: NHL beat 306 (you are off it a year after you were on it (both rated 60)) pushed "🗳️ You made the All-Star roster. | 🗳️ All-Star Rosters"
  FAIL: NHL beat 306 (you are off it a year after you were on it (both rated 60)) drew 1 times: it has no coin to flip
  FAIL: NHL beat 306 (you are off it a year after you were on it (both rated 60), roll 0.4999) promised "Morale -5" and moved [morale:5|fanbase:0|health:0|rating:0|netWorth:0]
  FAIL: NHL beat 306: the consequence "Morale -5" does not read as what moved
  FAIL: NHL beat 306 (you are off it a year after you were on it (both rated 60)) pushed "🗳️ You made the All-Star roster. | 🗳️ All-Star Rosters"
  FAIL: NHL beat 306 (you are off it a year after you were on it (both rated 60)) drew 1 times: it has no coin to flip
  FAIL: NHL beat 306 (you are off it a year after you were on it (both rated 60)) drew 1 times: it has no coin to flip
  FAIL: NHL beat 306 (you are off it a year after you were on it (both rated 60)): resolving a card dealt on the old coin drew 1 times
  FAIL: NHL beat 306 (you are off it a year after you were on it (both rated 60)): a card that promised "50/50 outcome" moved the save (morale:5|fanbase:0|health:0|rating:0|netWorth:0), paid out on today's facts
  FAIL: NHL beat 306 (you are off it a year after you were on it (both rated 60)): the old card pushed "🗳️ You made the All-Star roster. | 🗳️ Ballot Squeeze", expected its title and nothing else
   the roster beat (306, read off your own seasons' "All-Star"): 2 of 2 cards dealt and applied at 4 rolls each, 4 fixtures it must stay shut on, never on a coin, never on the ratings, never a word on the rival's roster, and a card from the old coin resolves with no effect
   23 of 23 beats reachable with a built fixture, 23 of 23 actually mutated state when applied
   40 of 40 NHL careers drafted a rival, 40 showed at least one pending beat, 273 pending beats total over 560 career-seasons (rate 0.487), 273 dismissed cleanly, 0 saw the forced retirement beat
9) The 24 new beats, words against effects: 160 applies over NFL and MLB 218 to 223, NBA and NHL 318 to 323

simCareerRivalryEvents: 185 failures
