THIN facts
   THIN (one 2026-27 source, marked in the ligue1 row): Ligue 1's 2026-27 drop of two and the barrage
   THIN (one 2026-27 source, marked in the serieb row): Serie B's 2026-27 promotion playoff rung (third to eighth)
   THIN (one 2026-27 source, marked in the ligue2 row): Ligue 2's 2026-27 drop of two
A) russia: the rows
   16 clubs, drop 2, cup Russian Cup; weakest Fakel Voronezh (63) is asked: Stay up. Avoid relegation (14)
B) russia: 6 seeded seasons
   6 seasons ended, 1 sacked, 28 cup weeks scheduled, 6 cup finals won, cup named on 7 saves, 0 clubs moved in the summers, 239 headlines read
C) russia: strength orders the table
   Zenit 59.2 pts (rated 77) against Fakel Voronezh 27.3 (rated 63): gap 31.8
   Krasnodar 50.8 pts (rated 75) against Dynamo Makhachkala 27.7 (rated 66): gap 23.2
   rank correlation, preview rating against mean points, 10 clubs: 0.934
D) russia: no invented men
   390 real men and 2 flagged pads on day one, 0 partial clubs
E) pyramids: premier/championship 3, bundesliga/bundesliga2 2, seriea/serieb 3, ligue1/ligue2 2, laliga/segunda 3
   30 finished seasons filed their own league and its size on the record; 156 mover lines read for the league's name
   30 summers checked (0 careers sacked on the way); clubs moved into each league per summer: premier 3, championship 3, bundesliga 2, bundesliga2 2, seriea 3, serieb 3, ligue1 2, ligue2 2, laliga 3, segunda 3
   relegation career: Frosinone (rated 73) finishes 20; starts in serieb, the board asks "Make the promotion playoffs"
   wentDown: the first drop place reads relegated and the place above it does not, in premier, bundesliga, seriea, ligue1, laliga
F) cup underdogs and the upset flag
   premier: championship clubs in the last sixteen 3 3 3 2; over 128 pairings a top flight winner was flagged an upset 0 times and a championship winner went unflagged 0 times
   bundesliga: bundesliga2 clubs in the last sixteen 3 2 3 3; over 64 pairings a top flight winner was flagged an upset 0 times and a bundesliga2 winner went unflagged 0 times
   seriea: serieb clubs in the last sixteen 3 3 2 3; over 128 pairings a top flight winner was flagged an upset 0 times and a serieb winner went unflagged 0 times
   ligue1: ligue2 clubs in the last sixteen 2 3 2 2; over 128 pairings a top flight winner was flagged an upset 0 times and a ligue2 winner went unflagged 0 times
   laliga: segunda clubs in the last sixteen 3 3 2 3; over 128 pairings a top flight winner was flagged an upset 0 times and a segunda winner went unflagged 0 times
   MLS (Atlanta United): 8 cup ties in the last sixteen; over 128 East and West pairings 0 flagged an upset
G) a save written before the round
   loaded, finished, first summer: seriea, ligue1, laliga kept their clubs and the Premier League took 3 up; second summer traded 3, 2, 3
H) the countries of Round 1052
   H1: Zenit won the league in 3 of 4 seasons played; 0 of those started the next season in a Champions League group
   H2: 12 Russian Cup brackets read, each the sixteen Russian clubs
   H3: a manager's table at Spartak Moscow under "Russian Premier League": 16 places, size verified true, names Zenit
   H3: 16 Russian clubs on the job market under Russian Premier League; dugout size 16, playing career size null
   H4: 7 past season Russian clubs read, each at its own season's strength
   H4: 7 past season Russian sides read, 0 men fielded, 0 of them from today's squads
simClubManagerNewLeagues: all checks passed
