league | seasons | table seasons | page: every row named | harness measure says every row named | non title table seasons | champions unnamed | mean unnamed rows | his row off the saved finish | results reasons
Premier League | 120 | 120 | 120 | 120 | 96 | 0 | 0.00 | 0 | {}
Championship | 144 | 144 | 9 | 144 | 135 | 135 | 0.94 | 0 | {}
   real clubs of the league most often missing from its table: Middlesbrough 12, Norwich City 11, Swansea City 10, Millwall 9, Watford 8
La Liga | 120 | 120 | 120 | 120 | 103 | 0 | 0.00 | 0 | {}
   real clubs of the league most often missing from its table: Malaga 5, Rayo Vallecano 3, Celta Vigo 3, Alaves 3, Valencia 3
Brasileirao | 120 | 120 | 120 | 120 | 107 | 0 | 0.00 | 0 | {}
Serie A | 120 | 120 | 120 | 120 | 105 | 0 | 0.00 | 0 | {}
Bundesliga | 108 | 107 | 107 | 107 | 90 | 0 | 0.00 | 0 | {}
Ligue 1 | 108 | 106 | 106 | 106 | 87 | 0 | 0.00 | 0 | {}
Eredivisie | 108 | 108 | 108 | 108 | 92 | 0 | 0.00 | 0 | {}
Saudi Pro League | 108 | 108 | 108 | 108 | 98 | 0 | 0.00 | 0 | {}
Primeira Liga | 108 | 107 | 107 | 107 | 95 | 0 | 0.00 | 0 | {}
Super Lig | 108 | 108 | 15 | 108 | 93 | 93 | 0.86 | 0 | {}
   real clubs of the league most often missing from its table: Konyaspor 13, Erzurumspor 12, Eyupspor 12, Gaziantep FK 12, Kocaelispor 11
2. Bundesliga | 108 | 102 | 10 | 102 | 92 | 92 | 0.90 | 0 | {"league":6}
   real clubs of the league most often missing from its table: Hertha Berlin 8, St. Pauli 8, Magdeburg 7, Osnabruck 6, Energie Cottbus 6
Belgian Pro League | 108 | 108 | 13 | 108 | 95 | 95 | 0.88 | 0 | {}
   real clubs of the league most often missing from its table: OH Leuven 17, Standard Liege 13, Beveren 12, Lommel 12, Kortrijk 12
derive answered null on 4 table seasons
rvlabels: 415 table seasons crown "another club"
