bundled in 161 ms; sports nba, nfl; 40 careers a sport and a seed set; seed sets 10
played 96 careers twice in 6212 ms; 1704 seasons observed

===== NBA: 896 seasons (153 targeted), 896 played =====
ok   1 nba every team result is the engine's missed word or one of its five (896 checked)
ok   1 nba games played sit in the engine's ranges (896 checked)
FAIL 1 nba short seasons (66 or 72 games) are in the population (41, floor 100: 220 measured on 2026-10-08)
     by result: missed 431, 239 / 102 / 64 / 26 / 34 (depth 0 to title)
ok   1 nba every playoff depth and a title are in the population
ok   1 nba an injury season is in the population, among the seasons the viewer opens (74, 68 of them open)
ok   1 nba a backup season is in the population (200)
ok   1 nba every position is in the population
ok   1 nba both eras are in the population
ok   2 nba the hub's held line is there exactly when the binding holds the season (896 checked)
ok   2 nba the line the binding hands the hub is the ledger's own line for this sport (896 checked)
ok   2 nba no held season yields a derived season (88 checked)
     2011: 20 seasons (20 organic, 0 targeted), 20 held
ok   2 nba 2011 is in the population and every one is held
     2012: 20 seasons (20 organic, 0 targeted), 20 held
ok   2 nba 2012 is in the population and every one is held
     2019: 27 seasons (19 organic, 8 targeted), 27 held
ok   2 nba 2019 is in the population and every one is held
     2020: 21 seasons (13 organic, 8 targeted), 21 held
ok   2 nba 2020 is in the population and every one is held
ok   2 nba the targeted careers reach held seasons (16)
     open 808, derived 808, refused 0 (0.0%) {}
ok   3 nba enough open seasons to mean anything (808)
ok   7 nba has measured bands (five seed sets, written above REFUSED_MAX)
ok   3 nba seasons that cannot be laid out stay under 1.0% (0.0%)
ok   3 nba the season shown is the season saved (independent checker) (808 checked)
     takeover lines: 2743 in 63076 games he played (4.3%), in 415 of 808 seasons
ok   3 nba the feed's takeover line is in the population (2743)
ok   4 nba the playoff path follows the saved result, the playoff games and the bracket's conferences (808 checked)
ok   4 nba named playoff rounds were checked for their conference (329 before the last round, 22 in it)
     paths shown: 418; playoff seasons 418
ok   5 nba the schedule follows the formula and every name is the game's own (808 checked)
     named 372, unnamed 436 (organic unnamed 299, targeted unnamed 137)
ok   5 nba named and unnamed seasons are both in the population
ok   5 nba the ledger's ids for era now are exactly the game's list (30 against 30)
ok   5 nba a throwback season never names an opponent (436 checked)
ok   6 nba deriving twice, from a JSON round trip, gives the same season, path and totals (808 checked)
     repairs: none in 89.6%, median 0, p90 1; attempts after the first in 0.0%
       seed set 10: 808 derived, no repair 89.6%, refused 0.0%
ok   7 nba at least 80% of seasons need no repair (89.6%)
     wins for "Missed the playoffs": n 390, median 29, p10 23, p90 37 (band 17 to 40, middle half 22.75 to 34.25)
ok   7 nba the median record for "Missed the playoffs" sits in the middle half of its band
     wins for "Lost in the first round": n 219, median 46, p10 41, p90 52 (band 41 to 52, middle half 43.75 to 49.25)
ok   7 nba the median record for "Lost in the first round" sits in the middle half of its band
     wins for "Lost in the conference semis": n 91, median 51, p10 45, p90 56 (band 45 to 57, middle half 48 to 54)
ok   7 nba the median record for "Lost in the conference semis" sits in the middle half of its band
     wins for "Lost the Conference Finals": n 59, median 54, p10 48, p90 59 (band 48 to 61, middle half 51.25 to 57.75)
ok   7 nba the median record for "Lost the Conference Finals" sits in the middle half of its band
     wins for "Lost the NBA Finals": n 19, median 57, p10 50, p90 63 (band 50 to 64, middle half 53.5 to 60.5)
     (not asserted: 19 seasons is too few for a median)
     wins for "WON THE NBA FINALS": n 30, median 57, p10 52, p90 63 (band 52 to 67, middle half 55.75 to 63.25)
ok   7 nba the median record for "WON THE NBA FINALS" sits in the middle half of its band
     points a team game, era now: 115.77 over 30504 games (league mean 115.6)
ok   7 nba points a team game in era now within 1 of the league mean (115.77 against 115.6)
     points a team game, era y2004: 93.56 over 35752 games (league mean 93.4)
ok   7 nba points a team game in era y2004 within 1 of the league mean (93.56 against 93.4)
     his share of his team's points: median 0.122, p99 0.371 over 63076 games
ok   7 nba his share of his team's points at the 99th percentile stays under 0.5 (0.371)

===== NFL: 808 seasons (135 targeted), 808 played =====
ok   1 nfl every team result is the engine's missed word or one of its five (808 checked)
ok   1 nfl games played sit in the engine's ranges (808 checked)
     by result: missed 333, 233 / 117 / 58 / 32 / 35 (depth 0 to title)
ok   1 nfl every playoff depth and a title are in the population
ok   1 nfl an injury season is in the population, among the seasons the viewer opens (63, 41 of them open)
ok   1 nfl a backup season is in the population (253)
ok   1 nfl every position is in the population
ok   1 nfl both eras are in the population
ok   2 nfl the hub's held line is there exactly when the binding holds the season (808 checked)
ok   2 nfl the line the binding hands the hub is the ledger's own line for this sport (808 checked)
ok   2 nfl no held season yields a derived season (287 checked)
     2005: 16 seasons (16 organic, 0 targeted), 16 held
ok   2 nfl 2005 is in the population and every one is held
     2012: 16 seasons (16 organic, 0 targeted), 16 held
ok   2 nfl 2012 is in the population and every one is held
     2020: 21 seasons (13 organic, 8 targeted), 21 held
ok   2 nfl 2020 is in the population and every one is held
     2022: 17 seasons (9 organic, 8 targeted), 17 held
ok   2 nfl 2022 is in the population and every one is held
ok   2 nfl the targeted careers reach held seasons (32)
     open 521, derived 521, refused 0 (0.0%) {}
ok   3 nfl enough open seasons to mean anything (521)
ok   7 nfl has measured bands (five seed sets, written above REFUSED_MAX)
ok   3 nfl seasons that cannot be laid out stay under 1.0% (0.0%)
ok   3 nfl the season shown is the season saved (independent checker) (521 checked)
     saves from before Round 1104: 136 seasons with sacks in tenths (68 an odd tenth alone, 68 a half and an odd tenth), refused 0, shown 136
ok   3 nfl seasons saved with sacks in tenths are in the population, both arms (68 and 68, at least 25 each)
ok   3 nfl a season saved with sacks in tenths still opens: refused stay under 1.0% (0.0%)
ok   3 nfl a season saved with sacks in tenths shows the sacks the save holds (136 checked)
ok   4 nfl the playoff path follows the saved result, the playoff games and the bracket's conferences (521 checked)
ok   4 nfl named playoff rounds were checked for their conference (427 before the last round, 26 in it)
     paths shown: 308; playoff seasons 308
ok   5 nfl the schedule follows the formula and every name is the game's own (521 checked)
     named 406, unnamed 115 (organic unnamed 12, targeted unnamed 103)
ok   5 nfl named and unnamed seasons are both in the population
ok   5 nfl the ledger's ids for era now are exactly the game's list (32 against 32)
ok   5 nfl the ledger's eight divisions equal the Front Office table division by division
ok   5 nfl a throwback season never names an opponent (115 checked)
ok   6 nfl deriving twice, from a JSON round trip, gives the same season, path and totals (521 checked)
     repairs: none in 76.4%, median 0, p90 1; attempts after the first in 0.0%
       seed set 10: 521 derived, no repair 76.4%, refused 0.0%
ok   7 nfl at least 70% of seasons need no repair (76.4%)
     wins for "Missed the playoffs": n 213, median 6, p10 3, p90 9 (band 2 to 9, middle half 3.75 to 7.25)
ok   7 nfl the median record for "Missed the playoffs" sits in the middle half of its band
     wins for "Lost in the Wild Card round": n 162, median 11, p10 9, p90 12 (band 9 to 12, middle half 9.75 to 11.25)
ok   7 nfl the median record for "Lost in the Wild Card round" sits in the middle half of its band
     wins for "Lost in the Divisional round": n 78, median 11, p10 10, p90 13 (band 10 to 13, middle half 10.75 to 12.25)
ok   7 nfl the median record for "Lost in the Divisional round" sits in the middle half of its band
     wins for "Lost the Conference Championship": n 35, median 13, p10 11, p90 14 (band 11 to 14, middle half 11.75 to 13.25)
ok   7 nfl the median record for "Lost the Conference Championship" sits in the middle half of its band
     wins for "Lost the Super Bowl": n 13, median 13, p10 11, p90 15 (band 11 to 15, middle half 12 to 14)
     (not asserted: 13 seasons is too few for a median)
     wins for "WON THE SUPER BOWL": n 20, median 14, p10 12, p90 15 (band 11 to 15, middle half 12 to 14)
ok   7 nfl the median record for "WON THE SUPER BOWL" sits in the middle half of its band
     points a team game, era now: 22.88 over 6902 games
ok   7 nfl points a team game in era now inside 21 to 24.5 (22.88)
     points a team game, era y2005: 22.77 over 1955 games
ok   7 nfl points a team game in era y2005 inside 21 to 24.5 (22.77)
     level games: 7 of 8857 (0.1%); touchdowns not worth seven: 1.5% of 46583; safeties 31
     his touchdowns are his team's whole score in 1.5% of the 7071 games he played
     a kicker's makes a game (0 to 6): 0: 19.6%, 1: 28.4%, 2: 32.2%, 3: 14.6%, 4: 4.4%, 5: 0.6%, 6: 0.3% over 1160 games
     a side on 40 or more: 5.6% of team games; on 49 or more: 0.8%; shut out: 0.6%
     his team's points a game by his touchdowns that day: none 19.5 (1379 games), one 25.3 (1041), two 28.0 (432), three or more 32.6 (265)
ok   7 nfl his two touchdown days are at least 4.5 points a game better for his team than his blank days (8.5)
ok   7 nfl a side scores 40 or more in under 7% of team games (5.6%)
ok   7 nfl level games stay under 0.6% (0.08%)
ok   7 nfl touchdowns not worth seven stay under 3% (1.5%)
ok   7 nfl a kicker makes five or six in under 6% of his games (0.9% of 1160)
     his headline number in a full season (14 or more games; 245 seasons, 4157 games): a laid number on its per game cap in 0.00%; more than twice his season's average in 0.26%
     its spread game to game (standard deviation over his average): the middle season 0.369, p10 0.264, p90 0.468; by number: passYds 0.267 (50), rushYds 0.328 (22), rec 0.430 (48), tackles 0.387 (125)
ok   7 nfl his yards, catches and tackles sit on a per game cap in under 0.5% of a full season's games (0.00%)
ok   7 nfl his headline number is more than twice his season's average in under 2.0% of those games (0.26%)
ok   7 nfl the middle full season's game to game spread sits inside 0.25 to 0.46 (0.369): his games differ and none runs away
     a quarterback's touchdown passes in a full season (850 games): scatter over a plain count 1.081; on the cap of six in 1.29% of them
     (not asserted: 850 games is too few for the scatter, it needs 2000; run the five seed sets)
     the feed: one side's scoring drives one after another under three minutes apart in 0.00% of 55237 pairs; two lines in back to back minutes in 0.00% of 66270
ok   7 nfl a side's scoring drives one after another are under three minutes apart in under 1.0% of pairs (0.00%)
ok   7 nfl the order of the games reads oddly (a rival twice running, four straight at home or away) in under 2% of seasons (0.00% of 521)

===== 6: nothing moves =====
ok   6 Math.random is never drawn while a season is derived (trap 0)
ok   6 every career saved the same bytes with and without the viewer (1727 season hashes, 0 differ)

===== 8: lazy by source =====
ok   8 the static closure of the two routes was walked (129 files)
ok   8 the walk reaches src/components/us-career/season/UsSeasonCentreHost.tsx
ok   8 no eager file of the two routes statically imports the season modules, the viewer or the league shape (129 checked)
ok   8 a planted static import of the viewer in UsSeasonCentreHost.tsx is named (11 files)
ok   8 the same text in a comment is spared
ok   8 src/lib/season/us.ts holds no Math.random and no new Rng(
ok   8 src/lib/season/nba.ts holds no Math.random and no new Rng(
ok   8 src/lib/season/nfl.ts holds no Math.random and no new Rng(

simUsSeasonCentre: 95 checks, 1 failed
