bundled in 169 ms; sports nba, nfl; 40 careers a sport and a seed set; seed sets 12
played 96 careers twice in 6470 ms; 1693 seasons observed

===== NBA: 900 seasons (149 targeted), 900 played =====
ok   1 nba every team result is the engine's missed word or one of its five (900 checked)
ok   1 nba games played sit in the engine's ranges (900 checked)
FAIL 1 nba short seasons (66 or 72 games) are in the population (44, floor 100: 220 measured on 2026-10-08)
     by result: missed 423, 230 / 113 / 51 / 37 / 46 (depth 0 to title)
ok   1 nba every playoff depth and a title are in the population
ok   1 nba an injury season is in the population, among the seasons the viewer opens (60, 53 of them open)
ok   1 nba a backup season is in the population (206)
ok   1 nba every position is in the population
ok   1 nba both eras are in the population
ok   2 nba the hub's held line is there exactly when the binding holds the season (900 checked)
ok   2 nba the line the binding hands the hub is the ledger's own line for this sport (900 checked)
ok   2 nba no held season yields a derived season (90 checked)
     2011: 20 seasons (20 organic, 0 targeted), 20 held
ok   2 nba 2011 is in the population and every one is held
     2012: 20 seasons (20 organic, 0 targeted), 20 held
ok   2 nba 2012 is in the population and every one is held
     2019: 26 seasons (18 organic, 8 targeted), 26 held
ok   2 nba 2019 is in the population and every one is held
     2020: 24 seasons (16 organic, 8 targeted), 24 held
ok   2 nba 2020 is in the population and every one is held
ok   2 nba the targeted careers reach held seasons (16)
     open 810, derived 810, refused 0 (0.0%) {}
ok   3 nba enough open seasons to mean anything (810)
ok   7 nba has measured bands (five seed sets, written above REFUSED_MAX)
ok   3 nba seasons that cannot be laid out stay under 1.0% (0.0%)
ok   3 nba the season shown is the season saved (independent checker) (810 checked)
     takeover lines: 3032 in 63405 games he played (4.8%), in 442 of 810 seasons
ok   3 nba the feed's takeover line is in the population (3032)
ok   4 nba the playoff path follows the saved result, the playoff games and the bracket's conferences (810 checked)
ok   4 nba named playoff rounds were checked for their conference (353 before the last round, 40 in it)
     paths shown: 430; playoff seasons 430
ok   5 nba the schedule follows the formula and every name is the game's own (810 checked)
     named 376, unnamed 434 (organic unnamed 301, targeted unnamed 133)
ok   5 nba named and unnamed seasons are both in the population
ok   5 nba the ledger's ids for era now are exactly the game's list (30 against 30)
ok   5 nba a throwback season never names an opponent (434 checked)
ok   6 nba deriving twice, from a JSON round trip, gives the same season, path and totals (810 checked)
     repairs: none in 88.6%, median 0, p90 1; attempts after the first in 0.0%
       seed set 12: 810 derived, no repair 88.6%, refused 0.0%
ok   7 nba at least 80% of seasons need no repair (88.6%)
     wins for "Missed the playoffs": n 380, median 29, p10 22, p90 37 (band 17 to 40, middle half 22.75 to 34.25)
ok   7 nba the median record for "Missed the playoffs" sits in the middle half of its band
     wins for "Lost in the first round": n 211, median 46, p10 41, p90 52 (band 41 to 52, middle half 43.75 to 49.25)
ok   7 nba the median record for "Lost in the first round" sits in the middle half of its band
     wins for "Lost in the conference semis": n 100, median 51, p10 45, p90 57 (band 45 to 57, middle half 48 to 54)
ok   7 nba the median record for "Lost in the conference semis" sits in the middle half of its band
     wins for "Lost the Conference Finals": n 46, median 53, p10 48, p90 57 (band 48 to 61, middle half 51.25 to 57.75)
ok   7 nba the median record for "Lost the Conference Finals" sits in the middle half of its band
     wins for "Lost the NBA Finals": n 34, median 56, p10 50, p90 60 (band 50 to 64, middle half 53.5 to 60.5)
ok   7 nba the median record for "Lost the NBA Finals" sits in the middle half of its band
     wins for "WON THE NBA FINALS": n 39, median 60, p10 52, p90 64 (band 52 to 67, middle half 55.75 to 63.25)
ok   7 nba the median record for "WON THE NBA FINALS" sits in the middle half of its band
     points a team game, era now: 115.77 over 30832 games (league mean 115.6)
ok   7 nba points a team game in era now within 1 of the league mean (115.77 against 115.6)
     points a team game, era y2004: 93.66 over 35588 games (league mean 93.4)
ok   7 nba points a team game in era y2004 within 1 of the league mean (93.66 against 93.4)
     his share of his team's points: median 0.127, p99 0.366 over 63405 games
ok   7 nba his share of his team's points at the 99th percentile stays under 0.5 (0.366)

===== NFL: 793 seasons (129 targeted), 793 played =====
ok   1 nfl every team result is the engine's missed word or one of its five (793 checked)
ok   1 nfl games played sit in the engine's ranges (793 checked)
     by result: missed 398, 168 / 100 / 62 / 24 / 41 (depth 0 to title)
ok   1 nfl every playoff depth and a title are in the population
ok   1 nfl an injury season is in the population, among the seasons the viewer opens (49, 29 of them open)
ok   1 nfl a backup season is in the population (230)
ok   1 nfl every position is in the population
ok   1 nfl both eras are in the population
ok   2 nfl the hub's held line is there exactly when the binding holds the season (793 checked)
ok   2 nfl the line the binding hands the hub is the ledger's own line for this sport (793 checked)
ok   2 nfl no held season yields a derived season (285 checked)
     2005: 16 seasons (16 organic, 0 targeted), 16 held
ok   2 nfl 2005 is in the population and every one is held
     2012: 16 seasons (16 organic, 0 targeted), 16 held
ok   2 nfl 2012 is in the population and every one is held
     2020: 20 seasons (12 organic, 8 targeted), 20 held
ok   2 nfl 2020 is in the population and every one is held
     2022: 16 seasons (8 organic, 8 targeted), 16 held
ok   2 nfl 2022 is in the population and every one is held
ok   2 nfl the targeted careers reach held seasons (32)
     open 508, derived 508, refused 0 (0.0%) {}
ok   3 nfl enough open seasons to mean anything (508)
ok   7 nfl has measured bands (five seed sets, written above REFUSED_MAX)
ok   3 nfl seasons that cannot be laid out stay under 1.0% (0.0%)
ok   3 nfl the season shown is the season saved (independent checker) (508 checked)
     saves from before Round 1104: 138 seasons with sacks in tenths (68 an odd tenth alone, 70 a half and an odd tenth), refused 0, shown 138
ok   3 nfl seasons saved with sacks in tenths are in the population, both arms (68 and 70, at least 25 each)
ok   3 nfl a season saved with sacks in tenths still opens: refused stay under 1.0% (0.0%)
ok   3 nfl a season saved with sacks in tenths shows the sacks the save holds (138 checked)
ok   4 nfl the playoff path follows the saved result, the playoff games and the bracket's conferences (508 checked)
ok   4 nfl named playoff rounds were checked for their conference (358 before the last round, 31 in it)
     paths shown: 246; playoff seasons 246
ok   5 nfl the schedule follows the formula and every name is the game's own (508 checked)
     named 400, unnamed 108 (organic unnamed 11, targeted unnamed 97)
ok   5 nfl named and unnamed seasons are both in the population
ok   5 nfl the ledger's ids for era now are exactly the game's list (32 against 32)
ok   5 nfl the ledger's eight divisions equal the Front Office table division by division
ok   5 nfl a throwback season never names an opponent (108 checked)
ok   6 nfl deriving twice, from a JSON round trip, gives the same season, path and totals (508 checked)
     repairs: none in 82.5%, median 0, p90 1; attempts after the first in 0.0%
       seed set 12: 508 derived, no repair 82.5%, refused 0.0%
ok   7 nfl at least 70% of seasons need no repair (82.5%)
     wins for "Missed the playoffs": n 262, median 5, p10 3, p90 8 (band 2 to 9, middle half 3.75 to 7.25)
ok   7 nfl the median record for "Missed the playoffs" sits in the middle half of its band
     wins for "Lost in the Wild Card round": n 112, median 11, p10 9, p90 12 (band 9 to 12, middle half 9.75 to 11.25)
ok   7 nfl the median record for "Lost in the Wild Card round" sits in the middle half of its band
     wins for "Lost in the Divisional round": n 62, median 11, p10 10, p90 13 (band 10 to 13, middle half 10.75 to 12.25)
ok   7 nfl the median record for "Lost in the Divisional round" sits in the middle half of its band
     wins for "Lost the Conference Championship": n 32, median 13, p10 11, p90 14 (band 11 to 14, middle half 11.75 to 13.25)
ok   7 nfl the median record for "Lost the Conference Championship" sits in the middle half of its band
     wins for "Lost the Super Bowl": n 13, median 13, p10 11, p90 15 (band 11 to 15, middle half 12 to 14)
     (not asserted: 13 seasons is too few for a median)
     wins for "WON THE SUPER BOWL": n 27, median 13, p10 11, p90 15 (band 11 to 15, middle half 12 to 14)
ok   7 nfl the median record for "WON THE SUPER BOWL" sits in the middle half of its band
     points a team game, era now: 22.83 over 6800 games
ok   7 nfl points a team game in era now inside 21 to 24.5 (22.83)
     points a team game, era y2005: 23.07 over 1836 games
ok   7 nfl points a team game in era y2005 inside 21 to 24.5 (23.07)
     level games: 5 of 8636 (0.1%); touchdowns not worth seven: 1.5% of 45348; safeties 32
     his touchdowns are his team's whole score in 1.0% of the 6908 games he played
     a kicker's makes a game (0 to 6): 0: 18.5%, 1: 31.0%, 2: 30.0%, 3: 13.9%, 4: 4.9%, 5: 1.5%, 6: 0.2% over 1165 games
     a side on 40 or more: 5.4% of team games; on 49 or more: 0.8%; shut out: 0.7%
     his team's points a game by his touchdowns that day: none 19.3 (1426 games), one 25.8 (911), two 28.0 (341), three or more 32.0 (149)
ok   7 nfl his two touchdown days are at least 4.5 points a game better for his team than his blank days (8.7)
ok   7 nfl a side scores 40 or more in under 7% of team games (5.4%)
ok   7 nfl level games stay under 0.6% (0.06%)
ok   7 nfl touchdowns not worth seven stay under 3% (1.5%)
ok   7 nfl a kicker makes five or six in under 6% of his games (1.7% of 1165)
     his headline number in a full season (14 or more games; 257 seasons, 4357 games): a laid number on its per game cap in 0.00%; more than twice his season's average in 0.64%
     its spread game to game (standard deviation over his average): the middle season 0.398, p10 0.278, p90 0.513; by number: passYds 0.262 (19), rushYds 0.330 (25), rec 0.456 (73), tackles 0.387 (140)
ok   7 nfl his yards, catches and tackles sit on a per game cap in under 0.5% of a full season's games (0.00%)
ok   7 nfl his headline number is more than twice his season's average in under 2.0% of those games (0.64%)
ok   7 nfl the middle full season's game to game spread sits inside 0.25 to 0.46 (0.398): his games differ and none runs away
     a quarterback's touchdown passes in a full season (320 games): scatter over a plain count 0.997; on the cap of six in 0.94% of them
     (not asserted: 320 games is too few for the scatter, it needs 2000; run the five seed sets)
     the feed: one side's scoring drives one after another under three minutes apart in 0.00% of 54165 pairs; two lines in back to back minutes in 0.00% of 64562
ok   7 nfl a side's scoring drives one after another are under three minutes apart in under 1.0% of pairs (0.00%)
ok   7 nfl the order of the games reads oddly (a rival twice running, four straight at home or away) in under 2% of seasons (0.00% of 508)

===== 6: nothing moves =====
ok   6 Math.random is never drawn while a season is derived (trap 0)
ok   6 every career saved the same bytes with and without the viewer (1729 season hashes, 0 differ)

===== 8: lazy by source =====
ok   8 the static closure of the two routes was walked (129 files)
ok   8 the walk reaches src/components/us-career/season/UsSeasonCentreHost.tsx
ok   8 no eager file of the two routes statically imports the season modules, the viewer or the league shape (129 checked)
ok   8 a planted static import of the viewer in UsSeasonCentreHost.tsx is named (11 files)
ok   8 the same text in a comment is spared
ok   8 src/lib/season/us.ts holds no Math.random and no new Rng(
ok   8 src/lib/season/nba.ts holds no Math.random and no new Rng(
ok   8 src/lib/season/nfl.ts holds no Math.random and no new Rng(

simUsSeasonCentre: 96 checks, 1 failed
