simCareerSquad: 200 careers an era, seed 4
1. Names
   4896 names the generator can show against 2819 real names: 0 shared
   83 club countries, 3 by alias, 0 with no name family
2. The two copies
   squad level by tier, from the engine's own projection: 80, 72, 62, 55, 60
   the national eleven: {"GK":1,"DEF":4,"MID":3,"ATT":3}
   real seasons, as the readers count them: 2015 to 2025 (rows 2016 to 2026)
   (fleet recorded in 47 s)
3. The fleet
   1990-94   4128 pro seasons: real 0, by role 4128, invented 0, invented with real men still there 0, none 0
   1995-99   4146 pro seasons: real 278, by role 3868, invented 0, invented with real men still there 0, none 0
   2000-04   4100 pro seasons: real 828, by role 3272, invented 0, invented with real men still there 0, none 0
   2005-09   4128 pro seasons: real 1162, by role 2638, invented 165, invented with real men still there 163, none 0
   2010-14   4111 pro seasons: real 967, by role 1833, invented 783, invented with real men still there 528, none 0
   2015-19   4155 pro seasons: real 628, by role 1172, invented 1825, invented with real men still there 530, none 0
   2020-24   4112 pro seasons: real 221, by role 579, invented 2953, invented with real men still there 359, none 0
   2025      4135 pro seasons: real 0, by role 0, invented 3882, invented with real men still there 253, none 0
   1600 careers, 33015 seasons, recording 14.5 MB, slim save proven on 1936; careers ended on an unknown phase: none
   played rows by age going in: 16 to 21: 8000, 22 to 25: 6398, 26 to 29: 5726, 30 to 33: 5585, 34 to 40: 3684
4. Shape
   33015 seasons, 0 with no view, 28931 squads that are not real; bad shape 0, not once 0, wrong size 0, a name twice 0, rating out of range 0, age out of range 0
   7815 seasons outside the eleven on rating (2555 of them the first man outside): the man named as keeping him out is wrong in 0; the view is not the coming season in 0
5. Real, by role or invented, never one passed off as another
   4084 real squads, 4084 exactly the baked one; wrong source 0; a role sheet with a name on it 0; an invented man with a real name 0; a real man who was not in the club's last real squad 0; 236399 invented men checked against their name family, 0 outside it
   4 readings of 2 checked summer moves (the squad and the depth chart): 0 put the man in the wrong season
   17490 sheets by role: his own line numbered wrongly in 0; 13924 have a new man in his line underneath, an arrival is shown on 0
   3520 squads read 6 or more seasons after the last real one: real men still there in 0; their number grew from one summer to the next 0 times
6. The same every time, and keyed to the save
   6a 2500 club years asked of two separately loaded copies: 0 differ
   6b 500 saves through JSON and back: 0 read differently
   6c Math.random drawn 0 times inside the readers over 33015 seasons
   6d 800 pairs of different saves at the same club and season: 0 got the same squad
   6e 300 saves with the nation swapped: 0 read differently
7. Ageing and turnover
   22548 summers at one club, 362537 men carried over, 0 broke "same man, one year older", 0 arrivals dated wrong; arrivals a summer 5.50 over 21021 summers (38 with none)
   1477 moves between two invented squads: 10 (0.68%) meet a man with the same name in the same slot, 254 share any name
8. Rank tracks the games the engine hands out
   1990-94  ranked 1st 27.59 (n 1500), 3rd 21.71 (n 771), gap 5.88
   1995-99  ranked 1st 27.52 (n 1590), 3rd 22.08 (n 745), gap 5.44
   2000-04  ranked 1st 27.85 (n 1471), 3rd 21.73 (n 607), gap 6.12
   2005-09  ranked 1st 27.53 (n 1192), 3rd 22.16 (n 479), gap 5.37
   2010-14  ranked 1st 27.86 (n 1160), 3rd 21.98 (n 381), gap 5.88
   2015-19  ranked 1st 27.84 (n 1183), 3rd 21.86 (n 489), gap 5.98
   2020-24  ranked 1st 27.68 (n 1317), 3rd 22.02 (n 608), gap 5.67
   2025     ranked 1st 27.60 (n 1429), 3rd 21.76 (n 754), gap 5.84
   pooled, squads the game made: in the eleven on rating 25.44 (n 21152), outside it 11.09 (n 3010), gap 14.34
   real squads, pooled: ranked 1st 26.35 (n 596), 3rd 21.51 (n 398), gap 4.84
8b. Two pictures: where rating puts him, and the plan
   made  24162 seasons, the two disagree in 159 (0.66%); outside the eleven on rating but in the plans 154
   mixed 1625 seasons, the two disagree in 505 (31.08%); outside the eleven on rating but in the plans 499
   real  3606 seasons, the two disagree in 1827 (50.67%); outside the eleven on rating but in the plans 1790
9. Trust is the engine's own expectation
   29393 played seasons: league games minus the plan, mean -0.18
   First name on the team sheet   n      3  mean -1.67  (printed only: under 200)
   In and out of the side         n     61  mean -2.30  (printed only: under 200)
   Nailed on starter              n  12428  mean -0.09
   Squad player                   n   3859  mean -0.33
   Starter most weeks             n  13042  mean -0.21
   dressing room swings the fleet saw: {"0":1600,"-2":3200,"-3":24593}
   3301 saves read with the club freezing him out (the freeze set by hand on every tenth season): 0 not read as frozen with a plan of 8 at most
10. The reasons for a thin season
   the games line: 30911 last seasons, 6301 lost games after selection (1506 of them hold fewer games than league games): 0 print a number that was not played, 0 treat a cut row as whole or a whole row as cut
   (not asserted) 1506 last seasons hold fewer games than league games
   the edge of the "under the level" line: 30911 rows with a rating, 876 exactly five under (no line), 906 exactly six under (the line): 0 on the wrong side
   30911 last seasons read, 7674 under 20 league games: 0 with no line, 2962 (38.60%) with no selection reason (the fallback line), 0 with an injury line and nothing else
   "under the level" line: 11.30 league games with it (n 4407), 25.16 without (n 26504), gap 13.86
11. Offers
   60654 offers shown to the fleet, 0 without a rank inside the group: {"roles":32604,"real":7115,"invented":20935}
12. It changes nothing
   480 careers played twice from one seed, 480 past four seasons: 0 final saves differ
13. The screens
   rendered 300 + 300 + 300 seasons (made, mixed, real): 2155 sentences about the eleven or the last shirt, 0 without "our ratings"
   (80 s, work folder /home/runner/work/_temp/t-seed4/careersquad-xkaGfH)
simCareerSquad: 2178 checks, 0 failed
