simNbaAwardsSense: 300 careers a seed, seeds 1 (quick run, bands not judged)
  seed 1: 5748 seasons, Hall 36% (first ballot 30.33%), MVPs 0.367 a career, All-NBA 2.083, my share 61.84%, 1s

The numbers (this tree, seed by seed, then main):
  Hall of Fame inducted, percent               36   | main 31.7, 31.88, 31.78, 31.75, 31.55
  first ballot, percent                        30.33   | main 27.03, 27.93, 27.83, 27.57, 27.45
  inducted, modern careers                     36.44   | main 31.56, 31.42, 31.93, 32.02, 31.09
  inducted, 2003-04 careers                    34.67   | main 32.13, 33.27, 31.33, 30.93, 32.93
  legacy score p50                             375   | main 363, 367, 367, 366, 365
  legacy score p90                             1070   | main 917, 940, 928, 938, 918
  All-Star a career                            3.41   | main 0, 0, 0, 0, 0
  Rookie of the Year a career                  0.047   | main 0.026, 0.02, 0.018, 0.019, 0.025
  All-NBA a career                             2.083   | main 1.972, 2.006, 1.981, 1.987, 1.986
  MVP a career                                 0.367   | main 0.316, 0.323, 0.31, 0.313, 0.311
  Finals MVP a career                          0.223   | main 0.14, 0.159, 0.153, 0.15, 0.156
  Defensive Player of the Year a career        0.08   | main 0.076, 0.079, 0.077, 0.081, 0.081
  All-Defensive Team a career                  1.443   | main 1.342, 1.383, 1.357, 1.337, 1.361
  Scoring Champion a career                    0.143   | main 0.472, 0.485, 0.464, 0.453, 0.468
  Assists Leader a career                      0.107   | main 0.126, 0.128, 0.118, 0.119, 0.123
  Rebounding Champion a career                 0.073   | main 0.095, 0.095, 0.101, 0.105, 0.099
  Most Improved Player a career                0.183   | main 0.191, 0.192, 0.192, 0.193, 0.196
  Sixth Man of the Year a career               0.347   | main 0.316, 0.329, 0.338, 0.328, 0.359
  All-Rookie Team a career                     0.533   | main 0.089, 0.093, 0.098, 0.089, 0.091
  careers with an MVP, percent                 21.33   | main 16.22, 16.85, 16.27, 16.75, 16.68
  careers with an All-NBA, percent             68.67   | main 59.07, 58.88, 58.6, 58.68, 58.93
  MVP seasons that missed the playoffs, percent 0   | main 28.35, 25.94, 26.68, 26.82, 27.28
  MVP seasons not All-NBA, percent             0   | main 8.66, 9.2, 8.34, 7.82, 8.36
  MVP and Most Improved together, percent      0   | main 24.97, 24.08, 23.4, 25.39, 23.9
  Rookie of the Year seasons                   14   | main 153, 118, 108, 114, 152
  of them on All-Rookie                        14   | main 0, 0, 0, 0, 0
  All-Rookie in a first season                 160   | main 0, 0, 0, 0, 0
  my share of the head to head years           61.84   | main 62.33, 63.02, 62.3, 62.52, 62.8
  verdict disagrees with the printed lines     32.04   | main 0, 0, 0, 0, 0
  starter points / bench points / rookie starters 16.7   | main 19.7, 19.7, 19.7, 19.7, 19.7
    bench                                      7.7   | main 10.6, 10.6, 10.6, 10.6, 10.6
    rookie starters                            7.9   | main 13.9, 13.8, 13.7, 13.8, 13.8
  triple double seasons                        2   | main 216, 208, 219, 200, 225
  seasons at 16 points or more, percent        38.74   | main 59.83, 59.93, 59.83, 59.83, 60
  careers past 12,000 points, percent          95   | main 99.58, 99.72, 99.73, 99.5, 99.62
  careers past 25,000 points, percent          26.33   | main 54.25, 53.87, 54.33, 54.08, 54.05
  scoring and assists title together           0   | main 497, 474, 420, 462, 458
  SG and SF starter seasons at 8 assists, percent 1.481   | main 19.17, 18.676, 18.945, 18.904, 18.513
  gate ppg28, percent of qualified seasons     3.453   | main 6.788, 7.112, 6.71, 6.698, 6.787
  gate apg10, percent of qualified seasons     0.909   | main 5.228, 5.227, 5.193, 5.148, 5.397
  gate rpg11, percent of qualified seasons     4.126   | main 4.702, 4.787, 4.81, 4.821, 4.795
  gate rpg125big, percent of qualified seasons 4.115   | main 3.517, 3.596, 3.68, 3.695, 3.659
  gate jump6, percent of qualified seasons     10.626   | main 8.439, 8.316, 8.208, 8.313, 8.427
  gate ppg14, percent of qualified seasons     48.219   | main 70.328, 70.324, 70.116, 70.208, 70.252
  healthy starters rated 80-83: PG 15.6/3.8/5.7   SG 16.4/4.2/2.6   SF 15.8/5.7/3.7   PF 15.5/6.2/2.5   C 14.8/9.1/2.2
  healthy starters rated 88-91: PG 24.1/5/8.3   SG 25/5.7/4.1   SF 23.7/7.7/5.5   PF 23/8.3/3.1   C 21.1/11.9/2.9
  All-Defensive a career by archetype (seed 1): pointgod 0.3, scoringpg 0.05, pest 4.1, bucket 0, sniper 0, twoway 4.8, alpha 0, threed 3.8, pointforward 0.8, stretch4 0.1, bruiser 1.45, swiss 0.25, paintbeast 1.5, stretch 0, anchor 4.5
  my share by archetype (seed 1): pointgod 61.8, scoringpg 72.9, pest 51.7, bucket 63.9, sniper 57.4, twoway 54.3, alpha 65.3, threed 53.2, pointforward 72.3, stretch4 65.6, bruiser 62.1, swiss 64.5, paintbeast 61.8, stretch 64.8, anchor 55
  the field as the fleet lives it (mean, sd): PG 37.02/17.18   SG 33.81/15.58   SF 36.41/16.74   PF 32.56/14.56   C 35.64/15.28

The field, measured on the simNbaAwardsSense fleet (1 seed mean, era neutral, half a schedule or more):
    PG: { mean: 38.0, sd: 17.5 },   // seeds: 38.0/17.5
    SG: { mean: 34.6, sd: 15.7 },   // seeds: 34.6/15.7
    SF: { mean: 37.3, sd: 17.2 },   // seeds: 37.3/17.2
    PF: { mean: 33.3, sd: 14.7 },   // seeds: 33.3/14.7
    C: { mean: 36.4, sd: 15.5 },   // seeds: 36.4/15.5
The gates at main's percentile: rebounds for Defensive Player 10.6 (was 11, 4.78% pass); the jump for Most Improved 6.8 (was 6, 8.34%); points for Sixth Man 9.3 (was 14, 70.25%)
The grade that holds main's rate on this fleet's own field (worked out from every season's z, not drawn):
    Finals MVP           main 0.152 a career, grade 0.22

NBA_FIELD, measured on the simNbaAwardsSense fleet (1 seed mean, era neutral, half a season or more):
  mvp: { PG: [34.19, 11.92], SG: [32.34, 10.74], SF: [34.09, 11.75], PF: [31.14, 10.33], C: [33.59, 10.79] },
  defense: { PG: [3.06, 1.09], SG: [3.27, 1.28], SF: [4.07, 1.49], PF: [3.97, 1.41], C: [5.68, 2.07] },
  production: { PG: [23.84, 10.92], SG: [21.94, 9.90], SF: [23.77, 10.91], PF: [21.34, 9.37], C: [23.63, 9.99] },
  bench: [7.88, 3.16],
  jump: [-0.02, 7.18],
  fans: [61.81, 24.23],
The grade that puts each award on its target, on this fleet's own field (worked out, not drawn; committed grade in brackets):
    All-NBA        main 1.986 a career: -0.13 [-0.13]
    MVP            main 0.315 a career, at that All-NBA grade: -0.35 [-0.33]
    All-Defensive  main 1.356 a career: 0.21 [0.2]
    All-Star       1.6 times main's All-NBA (24 picks against 15), 3.178 a career: -0.18 [-0.18]
    Rookies        twice main's Rookie of the Year, 0.043 a career: -2.36 [-2.39]; All-Rookie at that grade 0.500 a career
    Defensive Player  main 0.079 a career, at that All-Defensive grade: 0.27 [0.24]
    Sixth Man      main 0.334 a career: -0.58 [-0.64]
    Most Improved  main 0.193 a career: -0.17 [-0.17]
    at the committed grades the fit expects: All-NBA 1.972, MVP 0.300, All-Defensive 1.366, All-Star 3.196, Rookie of the Year 0.046

Sections:
  note [E] PG: the committed field 36.8/16.4 against the fleet 38.0/17.5 (mean off by at most 0.073 sd, limit 0.08; sd off by at most 6.4 percent, limit 6) (quick run, bands not judged)
  note [E] SG: the committed field 34.9/15.6 against the fleet 34.6/15.7 (mean off by at most 0.020 sd, limit 0.08; sd off by at most 0.5 percent, limit 6) (quick run, bands not judged)
  note [E] SF: the committed field 37.4/16.8 against the fleet 37.3/17.2 (mean off by at most 0.004 sd, limit 0.08; sd off by at most 2.6 percent, limit 6) (quick run, bands not judged)
  note [E] PF: the committed field 34.3/14.9 against the fleet 33.3/14.7 (mean off by at most 0.069 sd, limit 0.08; sd off by at most 1.4 percent, limit 6) (quick run, bands not judged)
  note [E] C: the committed field 35.7/15.5 against the fleet 36.4/15.5 (mean off by at most 0.045 sd, limit 0.08; sd off by at most 0.2 percent, limit 6) (quick run, bands not judged)
  A reads the lines the engine saved; healthy starters of modern careers: 2992
  note [A1] PG mpg: median 31.8 inside the real starters' 23.9 to 37.9 (p25 28.5, p75 33.2, partial key, 15 percent of the median wider); 43 percent of the band from the nearer edge (quick run, bands not judged)
  note [A1] PG pts: median 17.6 inside the real starters' 11.7 to 26.2 (p25 14.3, p75 23.6, partial key, 15 percent of the median wider); 41 percent of the band from the nearer edge (quick run, bands not judged)
  note [A1] PG reb: median 4.1 inside the real starters' 2.7 to 5.2 (p25 3.3, p75 4.6, partial key, 15 percent of the median wider); 44 percent of the band from the nearer edge (quick run, bands not judged)
  note [A1] PG ast: median 6.1 inside the real starters' 4.3 to 8.0 (p25 5.2, p75 7.1, partial key, 15 percent of the median wider); 49 percent of the band from the nearer edge (quick run, bands not judged)
  note [A1] PG stl: median 1.3 inside the real starters' 0.8 to 1.6 (p25 1, p75 1.4, partial key, 15 percent of the median wider); 36 percent of the band from the nearer edge (quick run, bands not judged)
  note [A1] PG blk: median 0.2 inside the real starters' 0.2 to 0.5 (p25 0.2, p75 0.5, partial key, 15 percent of the median wider); 12 percent of the band from the nearer edge (quick run, bands not judged)
  note [A1] SG mpg: median 31.9 inside the real starters' 22.1 to 37.8 (p25 26.5, p75 33.4, partial key, 15 percent of the median wider); 38 percent of the band from the nearer edge (quick run, bands not judged)
  note [A1] SG pts: median 18.8 inside the real starters' 9.9 to 21.1 (p25 11.8, p75 19.2, partial key, 15 percent of the median wider); 20 percent of the band from the nearer edge (quick run, bands not judged)
  note [A1] SG reb: median 4.5 inside the real starters' 2.6 to 5.3 (p25 3.2, p75 4.7, partial key, 15 percent of the median wider); 30 percent of the band from the nearer edge (quick run, bands not judged)
  note [A1] SG ast: median 3.0 inside the real starters' 1.7 to 4.2 (p25 2.1, p75 3.8, partial key, 15 percent of the median wider); 48 percent of the band from the nearer edge (quick run, bands not judged)
  note [A1] SG stl: median 1.1 inside the real starters' 0.5 to 1.5 (p25 0.7, p75 1.3, partial key, 15 percent of the median wider); 39 percent of the band from the nearer edge (quick run, bands not judged)
  note [A1] SG blk: median 0.3 inside the real starters' 0.2 to 0.6 (p25 0.3, p75 0.5, partial key, 15 percent of the median wider); 19 percent of the band from the nearer edge (quick run, bands not judged)
  note [A1] SF mpg: median 31.8 inside the real starters' 23.9 to 37.2 (p25 28.4, p75 32.7, partial key, 15 percent of the median wider); 41 percent of the band from the nearer edge (quick run, bands not judged)
  note [A1] SF pts: median 17.5 inside the real starters' 9.0 to 23.3 (p25 11.3, p75 21, partial key, 15 percent of the median wider); 41 percent of the band from the nearer edge (quick run, bands not judged)
  note [A1] SF reb: median 6.1 inside the real starters' 3.1 to 6.6 (p25 3.9, p75 5.8, partial key, 15 percent of the median wider); 14 percent of the band from the nearer edge (quick run, bands not judged)
  note [A1] SF ast: median 3.9 inside the real starters' 1.5 to 4.8 (p25 2, p75 4.3, partial key, 15 percent of the median wider); 27 percent of the band from the nearer edge (quick run, bands not judged)
  note [A1] SF stl: median 1.1 inside the real starters' 0.7 to 1.3 (p25 0.8, p75 1.2, partial key, 15 percent of the median wider); 36 percent of the band from the nearer edge (quick run, bands not judged)
  note [A1] SF blk: median 0.4 inside the real starters' 0.2 to 0.8 (p25 0.3, p75 0.7, partial key, 15 percent of the median wider); 32 percent of the band from the nearer edge (quick run, bands not judged)
  note [A1] PF mpg: median 31.4 inside the real starters' 22.6 to 37.6 (p25 27.1, p75 33.1, partial key, 15 percent of the median wider); 41 percent of the band from the nearer edge (quick run, bands not judged)
  note [A1] PF pts: median 16.4 inside the real starters' 9.8 to 20.4 (p25 12, p75 18.2, partial key, 15 percent of the median wider); 38 percent of the band from the nearer edge (quick run, bands not judged)
  note [A1] PF reb: median 6.2 inside the real starters' 3.6 to 7.6 (p25 4.4, p75 6.8, partial key, 15 percent of the median wider); 35 percent of the band from the nearer edge (quick run, bands not judged)
  note [A1] PF ast: median 2.4 inside the real starters' 1.4 to 3.8 (p25 1.8, p75 3.4, partial key, 15 percent of the median wider); 41 percent of the band from the nearer edge (quick run, bands not judged)
  note [A1] PF stl: median 0.7 inside the real starters' 0.6 to 1.2 (p25 0.7, p75 1.1, partial key, 15 percent of the median wider); 20 percent of the band from the nearer edge (quick run, bands not judged)
  note [A1] PF blk: median 0.7 inside the real starters' 0.3 to 0.9 (p25 0.4, p75 0.8, partial key, 15 percent of the median wider); 32 percent of the band from the nearer edge (quick run, bands not judged)
  note [A1] C mpg: median 31.5 inside the real starters' 20.9 to 34.2 (p25 25, p75 30.1, partial key, 15 percent of the median wider); 20 percent of the band from the nearer edge (quick run, bands not judged)
  note [A1] C pts: median 16.0 inside the real starters' 9.1 to 18.1 (p25 10.9, p75 16.3, partial key, 15 percent of the median wider); 23 percent of the band from the nearer edge (quick run, bands not judged)
  note [A1] C reb: median 9.3 inside the real starters' 5.9 to 11.2 (p25 7.1, p75 10, partial key, 15 percent of the median wider); 36 percent of the band from the nearer edge (quick run, bands not judged)
  note [A1] C ast: median 2.3 inside the real starters' 1.4 to 3.4 (p25 1.7, p75 3.1, partial key, 15 percent of the median wider); 45 percent of the band from the nearer edge (quick run, bands not judged)
  note [A1] C stl: median 0.8 inside the real starters' 0.6 to 1.1 (p25 0.7, p75 1, partial key, 15 percent of the median wider); 41 percent of the band from the nearer edge (quick run, bands not judged)
  note [A1] C blk: median 1.1 inside the real starters' 0.6 to 1.4 (p25 0.7, p75 1.3, partial key, 15 percent of the median wider); 39 percent of the band from the nearer edge (quick run, bands not judged)
  note [A1 2003, printed] PG: mpg 31.9 in 25.2..41.7 (41% in); pts 14.0 in 8.4..19.0 (47% in); reb 3.9 in 2.4..4.6 (32% in); ast 5.0 in 4.2..7.7 (23% in); stl 1.2 in 0.9..1.8 (33% in); blk 0.2 in 0.1..0.3 (50% in)
  note [A1 2003, printed] SG: mpg 31.8 in 27.4..43.8 (27% in); pts 15.4 in 11.0..23.5 (35% in); reb 4.3 in 2.9..5.7 (50% in); ast 2.4 in 1.9..5.3 (14% in); stl 1.0 in 0.9..1.7 (12% in); blk 0.4 in 0.1..0.6 (38% in)
  note [A1 2003, printed] SF: mpg 31.9 in 23.9..41.8 (45% in); pts 13.8 in 8.1..19.9 (48% in); reb 5.9 in 3.2..6.6 (20% in); ast 3.1 in 1.5..3.3 (12% in); stl 1.1 in 0.8..1.3 (30% in); blk 0.5 in 0.2..0.5 (12% in)
  note [A1 2003, printed] PF: mpg 31.2 in 26.6..41.7 (30% in); pts 13.0 in 9.5..19.6 (35% in); reb 6.0 in 6.0..11.3 (OUT); ast 1.9 in 1.2..3.5 (31% in); stl 0.7 in 0.7..1.2 (6% in); blk 0.7 in 0.4..1.8 (20% in)
  note [A1 2003, printed] C: mpg 31.1 in 20.8..36.6 (35% in); pts 12.3 in 5.4..12.3 (0% in); reb 8.7 in 5.1..9.7 (22% in); ast 1.8 in 0.7..1.9 (4% in); stl 0.7 in 0.4..0.9 (40% in); blk 1.1 in 0.7..2.2 (27% in)
  note [A1 2003, printed] 1 of 30 cells outside the 2003-04 quartiles (not judged: the lead sets how many may miss)
  ok   [A1] the 2003 line over the 2026 line is the league rows' ratio within 2 percent: ppg 0.810 against 0.808, rpg 0.963 against 0.963, apg 0.797 against 0.798, spg 0.938 against 0.940, bpg 1.075 against 1.063
  note [A2] the p99 starter season in pts: 33.3, mean 33.30, at or under the league leaders' mean plus one sd (32.8 + 1.7) (quick run, bands not judged)
  note [A2] the p99 starter season in reb: 13.5, mean 13.50, at or under the league leaders' mean plus one sd (14.3 + 1.1) (quick run, bands not judged)
  note [A2] the p99 starter season in ast: 10.8, mean 10.80, at or under the league leaders' mean plus one sd (10.9 + 0.5) (quick run, bands not judged)
  note [A3] rookies rated 75 to 79 average 7.9 points (7.5 to 11.5); starters 9.3, bench 5.7; 94 seasons (quick run, bands not judged)
  note [A3] SG and SF starter seasons at 8 assists or more: 1.11 percent of theirs (under 2; main about 19) (quick run, bands not judged)
  note [A3] bench seasons score 45 percent of starters' (36 to 56): 7.8 points in 17.3 minutes (quick run, bands not judged)
  ok   [A3] every new season's points have one decimal, and 91 percent of them a non zero one (at least 10)
  note [A3] seasons holding both the scoring and the assists title: 0, 0 in 300 careers (under 1 in 250 careers; main 497, 474, 420, 462, 458, 1 in 13) (quick run, bands not judged)
  note [A3] 30 points a game: 2.84 percent of starter seasons; 10 assists: 1.64; triple double seasons in the fleet: 0
  note [A3] triple double seasons in thirty elite careers a seed: 9, 9 in all (at least 2 a seed on average, so the badge stays reachable) (quick run, bands not judged)
  note [A] medians, every role, half a season or more (points/rebounds/assists): PG 14.1/3.4/5  SG 15.4/3.9/2.5  SF 14/5.1/3.3  PF 13.4/5.4/2.1  C 13.4/8/2
  ok   [A4] PG: mean points rise with every rating band (seed 1: )
  ok   [A4] SG: mean points rise with every rating band (seed 1: )
  ok   [A4] SF: mean points rise with every rating band (seed 1: )
  ok   [A4] PF: mean points rise with every rating band (seed 1: )
  ok   [A4] C: mean points rise with every rating band (seed 1: )
  ok   [A5] nbaStatLineFor draws exactly 7 times for a starter, a backup, a rookie and a playoff line (7, 7, 7, 7)
  ok   [A5] the same input and seed give the same line, and the input is left untouched
  note [R] my share of the head to head years, percent: mean 61.84 (61.84) against main's 62.594 (62.33, 63.02, 62.3, 62.52, 62.8), 0.754 apart, allowed 4.211 (three standard errors at 300 careers a seed) (quick run, bands not judged)
  note [H] Hall of Fame inducted, percent: mean 36 (36) against main's 31.732 (31.7, 31.88, 31.78, 31.75, 31.55), 4.268 apart, allowed 8.102 (three standard errors at 300 careers a seed) (quick run, bands not judged)
  note [H] first ballot, percent: mean 30.33 (30.33) against main's 27.562 (27.03, 27.93, 27.83, 27.57, 27.45), 2.768 apart, allowed 7.778 (three standard errors at 300 careers a seed) (quick run, bands not judged)
  note [B6] MVPs a career (sd over careers 0.909): mean 0.367 (0.367) against main's 0.315 (0.316, 0.323, 0.31, 0.313, 0.311), 0.052 apart, allowed 0.158 (three standard errors at 300 careers a seed) (quick run, bands not judged)
  note [B6] All-NBA a career (sd over careers 2.253): mean 2.083 (2.083) against main's 1.986 (1.972, 2.006, 1.981, 1.987, 1.986), 0.097 apart, allowed 0.392 (three standard errors at 300 careers a seed) (quick run, bands not judged)
  note [B6] All-Defensive a career (sd over careers 2.448): mean 1.443 (1.443) against main's 1.356 (1.342, 1.383, 1.357, 1.337, 1.361), 0.087 apart, allowed 0.426 (three standard errors at 300 careers a seed) (quick run, bands not judged)
  note [B6] Finals MVPs a career (sd over careers 0.536): mean 0.223 (0.223) against main's 0.152 (0.14, 0.159, 0.153, 0.15, 0.156), 0.071 apart, allowed 0.093 (three standard errors at 300 careers a seed) (quick run, bands not judged)
  note [B6] careers with an MVP, percent (main 16.22, 16.85, 16.27, 16.75, 16.68: the same awards a career, spread over more careers): mean 21.33 (21.33) against what Round 1103 shipped, 17.442 (17.18, 17.07, 17.73, 17.7, 17.53), 3.888 apart, allowed 6.605 (three standard errors at 300 careers a seed) (quick run, bands not judged)
  note [B6] careers with an All-NBA, percent (main 59.07, 58.88, 58.6, 58.68, 58.93: the same awards a career, spread over more careers): mean 68.67 (68.67) against what Round 1103 shipped, 61.94 (61.7, 60.98, 62.35, 62.47, 62.2), 6.73 apart, allowed 8.452 (three standard errors at 300 careers a seed) (quick run, bands not judged)
  ok   [B0] every award string agrees with the key that names its team (0 seasons off), every Defensive Player is on an All-Defensive team (0 off), every season has a club record that adds up to its length (0 without)
  note [B1] MVP seasons: 110 in the run (at least 3, or the checks on them are empty) (quick run, bands not judged)
  note [B1] Most Improved seasons: 55 in the run (at least 1, or the checks on them are empty) (quick run, bands not judged)
  ok   [B1] MVP seasons on a club that missed the playoffs: 0 of 110 (main: one in four)
  ok   [B1] MVP seasons off the All-NBA First Team: 0 (main: one in eleven not All-NBA at all)
  ok   [B1] MVP and Most Improved in one season: 0 (main: one MVP season in four)
  ok   [B1] Most Improved after an earlier All-NBA: 0 of 55
  note [B2] Rookie of the Year seasons: 14 in the run (at least 1, or the checks on them are empty) (quick run, bands not judged)
  ok   [B2] Rookie of the Year seasons off the All-Rookie First Team: 0 of 14 (main: every one)
  ok   [B2] All-Rookie outside a first season: 0
  note [B2] All-Rookie selections in first seasons: 160 (main: none) (quick run, bands not judged)
  note [B3] seasons from 2023-24 with an award the games rule names: 692 in the run (at least 20, or the checks on them are empty) (quick run, bands not judged)
  ok   [B3] from 2023-24, seasons under the games bar holding an award the rule names: 0 of 692
  note [B3] before 2023-24 the rule did not exist: 20 seasons under 65 games hold one of those awards (at least 18 in the run, so "none before" is seen to fire) (quick run, bands not judged)
  note [B3] Sixth Man seasons: 104 in the run (at least 1, or the checks on them are empty) (quick run, bands not judged)
  ok   [B3] Sixth Man seasons by a starter: 0 of 104
  ok   [B3] seasons under half a schedule holding any award but a Finals MVP: 0
  ok   [B4] All-NBA seasons without an All-Star selection: 0
  note [B4] All-Star selections a career over All-NBA: 1.64, mean 1.64 (1.25 to 2.4; 24 picks against 15 is 1.6); 3.41 All-Star a career, 237 of them starters (quick run, bands not judged)
  note [B5] All-Defensive a career: every defender above every scorer (the lowest defender, threed, 3.80; the highest scorer, stretch4, 0.10) (quick run, bands not judged)
  note [B5] the defenders' mean is 172.0 times the scorers' (at least 3; main: a tenth of it, the wrong way round): pest 4.10, twoway 4.80, threed 3.80, anchor 4.50, scoringpg 0.05, bucket 0.00, sniper 0.00, alpha 0.00, stretch4 0.10, stretch 0.00 (quick run, bands not judged)
  note [B6] Rookie of the Year a career: 0.047, mean 0.047 (between main's 0.022 and three times it) (quick run, bands not judged)
  note [B6] Scoring Champion a career: 0.143 (main 0.468; it moves by design, judged as above zero) (quick run, bands not judged)
  note [B6] Assists Leader a career: 0.107 (main 0.123; it moves by design, judged as above zero) (quick run, bands not judged)
  note [B6] Rebounding Champion a career: 0.073 (main 0.099; it moves by design, judged as above zero) (quick run, bands not judged)
  note [B6] Sixth Man of the Year a career: 0.347 (main 0.334; it moves by design, judged as above zero) (quick run, bands not judged)
  note [B6] Most Improved Player a career: 0.183 (main 0.193; it moves by design, judged as above zero) (quick run, bands not judged)
  note [B6] Defensive Player of the Year a career: 0.08 (main 0.079; it moves by design, judged as above zero) (quick run, bands not judged)
  note [B6] All-Rookie Team a career: 0.533 (main 0.092; it moves by design, judged as above zero) (quick run, bands not judged)
  ok   [B7] decideNbaAwards draws exactly 9 times for a rookie, a bench player, a short season and a season before 2023 (9, 9, 9, 9)
  ok   [B7] the same input and seed give the same awards, and the input is left untouched
  note [E] NBA_FIELD mvp PG: committed 32.92/11.23 against the fleet 34.19/11.92 (mean off by at most 0.113 sd, limit 0.08; sd off by at most 6.1 percent, limit 6) (quick run, bands not judged)
  note [E] NBA_FIELD mvp SG: committed 31.95/10.85 against the fleet 32.34/10.74 (mean off by at most 0.036 sd, limit 0.08; sd off by at most 1.0 percent, limit 6) (quick run, bands not judged)
  note [E] NBA_FIELD mvp SF: committed 33.67/11.54 against the fleet 34.09/11.75 (mean off by at most 0.036 sd, limit 0.08; sd off by at most 1.9 percent, limit 6) (quick run, bands not judged)
  note [E] NBA_FIELD mvp PF: committed 31.75/10.35 against the fleet 31.14/10.33 (mean off by at most 0.059 sd, limit 0.08; sd off by at most 0.2 percent, limit 6) (quick run, bands not judged)
  note [E] NBA_FIELD mvp C: committed 32.93/10.95 against the fleet 33.59/10.79 (mean off by at most 0.060 sd, limit 0.08; sd off by at most 1.4 percent, limit 6) (quick run, bands not judged)
  note [E] NBA_FIELD defense PG: committed 3.02/1.06 against the fleet 3.06/1.09 (mean off by at most 0.037 sd, limit 0.08; sd off by at most 2.5 percent, limit 6) (quick run, bands not judged)
  note [E] NBA_FIELD defense SG: committed 3.34/1.28 against the fleet 3.27/1.28 (mean off by at most 0.052 sd, limit 0.08; sd off by at most 0.0 percent, limit 6) (quick run, bands not judged)
  note [E] NBA_FIELD defense SF: committed 4.08/1.38 against the fleet 4.07/1.49 (mean off by at most 0.007 sd, limit 0.08; sd off by at most 8.3 percent, limit 6) (quick run, bands not judged)
  note [E] NBA_FIELD defense PF: committed 4.05/1.41 against the fleet 3.97/1.41 (mean off by at most 0.060 sd, limit 0.08; sd off by at most 0.2 percent, limit 6) (quick run, bands not judged)
  note [E] NBA_FIELD defense C: committed 5.59/2.08 against the fleet 5.68/2.07 (mean off by at most 0.045 sd, limit 0.08; sd off by at most 0.2 percent, limit 6) (quick run, bands not judged)
  note [E] NBA_FIELD production PG: committed 23.1/10.29 against the fleet 23.84/10.92 (mean off by at most 0.072 sd, limit 0.08; sd off by at most 6.1 percent, limit 6) (quick run, bands not judged)
  note [E] NBA_FIELD production SG: committed 22.15/9.87 against the fleet 21.94/9.90 (mean off by at most 0.021 sd, limit 0.08; sd off by at most 0.3 percent, limit 6) (quick run, bands not judged)
  note [E] NBA_FIELD production SF: committed 23.8/10.59 against the fleet 23.77/10.91 (mean off by at most 0.003 sd, limit 0.08; sd off by at most 3.0 percent, limit 6) (quick run, bands not judged)
  note [E] NBA_FIELD production PF: committed 21.9/9.39 against the fleet 21.34/9.37 (mean off by at most 0.059 sd, limit 0.08; sd off by at most 0.2 percent, limit 6) (quick run, bands not judged)
  note [E] NBA_FIELD production C: committed 23.15/10.01 against the fleet 23.63/9.99 (mean off by at most 0.048 sd, limit 0.08; sd off by at most 0.2 percent, limit 6) (quick run, bands not judged)
  note [E] NBA_FIELD bench: committed 7.71/3.3 against the fleet 7.88/3.16 (mean off by at most 0.053 sd, limit 0.08; sd off by at most 4.4 percent, limit 6) (quick run, bands not judged)
  note [E] NBA_FIELD jump: committed -0.01/7.09 against the fleet -0.02/7.18 (mean off by at most 0.001 sd, limit 0.08; sd off by at most 1.3 percent, limit 6) (quick run, bands not judged)
  note [E] NBA_FIELD fans: committed 61.81/24.35 against the fleet 61.81/24.23 (mean off by at most 0.000 sd, limit 0.08; sd off by at most 0.5 percent, limit 6) (quick run, bands not judged)
  ok   [D] nbaSeasonStats.ts and nbaCareerAwards.ts both import from ./awardDecision (comments stripped)
  ok   [D] nbaSeasonStats.ts no longer adds points and rebounds a game itself
  ok   [D] the career's MVP win weight (20) is NBA Front Office's (20)
  ok   [D] NBA Front Office ranks the winner over the better producer on the worst club (true), and stops when the shared score loses its winning term (true)
  ok   [D] the career's MVPs over 400 careers change with the same swap (138 against 0)
  ok   [F] the worked example recomputed through the shared score: production 38.8 (printed 38.8), winning share 0.659 (printed .659), weight 20, total 52.0 (printed 52.0)
  ok   [F] the example's 54-28 club is a playoff club by the engine's record bands (41 to 67 wins) and its 34-48 club is not (17 to 40)
  ok   [F] the help says 65 games and 24 All-Star picks; the rules say 65 and 24
  ok   [F] the page says the Trophy Case holds 23 badges; NBA_BADGES has 23
  ok   [F] the page hands the award rules to its "?"
  ok   [F] no em or en dash in the help rules
  note [F] the guide for /nba-my-career still says, and its owner owes the change: "62 games", "21 of them", "Each of the 21 badges"
  note [C] other sports: not judged in a plain run (SENSE_PROVE_OTHERS=1 judges the hashes)
  note [C, printed for the legacy recalibration round] NFL: 0 seasons won MVP over 20 careers; 0 of them (none) on a club that missed the playoffs, 0 (none) without that season's All-Pro
  note [C, printed for the legacy recalibration round] MLB: 2 seasons won MVP or Cy Young over 20 careers; 2 of them (100.0 percent) on a club that missed the playoffs, 0 (0.0 percent) without that season's All-Star
  note [C, printed for the legacy recalibration round] NHL: 0 seasons won Hart or Norris or Vezina over 20 careers; 0 of them (none) on a club that missed the playoffs, 0 (none) without that season's All-Star

simNbaAwardsSense: 33 checks, 0 failed (quick run, bands not judged), 4s
