bundled in 159 ms; sports nba, nfl; 40 careers a sport and a seed set; seed sets 2
played 96 careers twice in 6748 ms; 1678 seasons observed

===== NBA: 891 seasons (154 targeted), 891 played =====
ok   1 nba every team result is the engine's missed word or one of its five (891 checked)
ok   1 nba games played sit in the engine's ranges (891 checked)
     by result: missed 406, 227 / 122 / 63 / 29 / 44 (depth 0 to title)
ok   1 nba every playoff depth and a title are in the population
ok   1 nba an injury season is in the population (76)
ok   1 nba a backup season is in the population (233)
ok   1 nba every position is in the population
ok   1 nba both eras are in the population
ok   2 nba the hub's held line is there exactly when the binding holds the season (891 checked)
ok   2 nba the line the binding hands the hub is the ledger's own line for this sport (891 checked)
ok   2 nba no held season yields a derived season (88 checked)
     2011: 20 seasons (20 organic, 0 targeted), 20 held
ok   2 nba 2011 is in the population and every one is held
     2012: 20 seasons (20 organic, 0 targeted), 20 held
ok   2 nba 2012 is in the population and every one is held
     2019: 25 seasons (17 organic, 8 targeted), 25 held
ok   2 nba 2019 is in the population and every one is held
     2020: 23 seasons (15 organic, 8 targeted), 23 held
ok   2 nba 2020 is in the population and every one is held
ok   2 nba the targeted careers reach held seasons (16)
     open 803, derived 803, refused 0 (0.0%) {}
ok   3 nba enough open seasons to mean anything (803)
ok   7 nba has measured bands (five seed sets, written above REFUSED_MAX)
ok   3 nba seasons that cannot be laid out stay under 1.0% (0.0%)
ok   3 nba the season shown is the season saved (independent checker) (803 checked)
     takeover lines: 3921 in 62788 games he played (6.2%), in 573 of 803 seasons
ok   3 nba the feed's takeover line is in the population (3921)
ok   4 nba the playoff path follows the saved result, the playoff games and the bracket's conferences (803 checked)
ok   4 nba named playoff rounds were checked for their conference (400 before the last round, 35 in it)
     paths shown: 438; playoff seasons 438
ok   5 nba the schedule follows the formula and every name is the game's own (803 checked)
     named 368, unnamed 435 (organic unnamed 297, targeted unnamed 138)
ok   5 nba named and unnamed seasons are both in the population
ok   5 nba the ledger's ids for era now are exactly the game's list (30 against 30)
ok   5 nba a throwback season never names an opponent (435 checked)
ok   6 nba deriving twice, from a JSON round trip, gives the same season, path and totals (803 checked)
     repairs: none in 88.7%, median 0, p90 1; attempts after the first in 0.0%
       seed set 2: 803 derived, no repair 88.7%, refused 0.0%
ok   7 nba at least 80% of seasons need no repair (88.7%)
     wins for "Missed the playoffs": n 365, median 29, p10 23, p90 37 (band 17 to 40, middle half 22.75 to 34.25)
ok   7 nba the median record for "Missed the playoffs" sits in the middle half of its band
     wins for "Lost in the first round": n 206, median 46, p10 41, p90 52 (band 41 to 52, middle half 43.75 to 49.25)
ok   7 nba the median record for "Lost in the first round" sits in the middle half of its band
     wins for "Lost in the conference semis": n 112, median 49, p10 45, p90 55 (band 45 to 57, middle half 48 to 54)
ok   7 nba the median record for "Lost in the conference semis" sits in the middle half of its band
     wins for "Lost the Conference Finals": n 57, median 53, p10 48, p90 58 (band 48 to 61, middle half 51.25 to 57.75)
ok   7 nba the median record for "Lost the Conference Finals" sits in the middle half of its band
     wins for "Lost the NBA Finals": n 25, median 55, p10 52, p90 63 (band 50 to 64, middle half 53.5 to 60.5)
ok   7 nba the median record for "Lost the NBA Finals" sits in the middle half of its band
     wins for "WON THE NBA FINALS": n 38, median 59, p10 52, p90 64 (band 52 to 67, middle half 55.75 to 63.25)
ok   7 nba the median record for "WON THE NBA FINALS" sits in the middle half of its band
     points a team game, era now: 115.78 over 30176 games (league mean 115.6)
ok   7 nba points a team game in era now within 1 of the league mean (115.78 against 115.6)
     points a team game, era y2004: 93.61 over 35670 games (league mean 93.4)
ok   7 nba points a team game in era y2004 within 1 of the league mean (93.61 against 93.4)
     his share of his team's points: median 0.159, p99 0.414 over 62788 games
ok   7 nba his share of his team's points at the 99th percentile stays under 0.5 (0.414)

===== NFL: 787 seasons (131 targeted), 787 played =====
ok   1 nfl every team result is the engine's missed word or one of its five (787 checked)
ok   1 nfl games played sit in the engine's ranges (787 checked)
     by result: missed 389, 190 / 93 / 54 / 30 / 31 (depth 0 to title)
ok   1 nfl every playoff depth and a title are in the population
ok   1 nfl an injury season is in the population (270)
ok   1 nfl a backup season is in the population (213)
ok   1 nfl every position is in the population
ok   1 nfl both eras are in the population
ok   2 nfl the hub's held line is there exactly when the binding holds the season (787 checked)
ok   2 nfl the line the binding hands the hub is the ledger's own line for this sport (787 checked)
ok   2 nfl no held season yields a derived season (286 checked)
     2005: 16 seasons (16 organic, 0 targeted), 16 held
ok   2 nfl 2005 is in the population and every one is held
     2012: 16 seasons (16 organic, 0 targeted), 16 held
ok   2 nfl 2012 is in the population and every one is held
     2020: 21 seasons (13 organic, 8 targeted), 21 held
ok   2 nfl 2020 is in the population and every one is held
     2022: 17 seasons (9 organic, 8 targeted), 17 held
ok   2 nfl 2022 is in the population and every one is held
ok   2 nfl the targeted careers reach held seasons (32)
     open 501, derived 501, refused 0 (0.0%) {}
ok   3 nfl enough open seasons to mean anything (501)
ok   7 nfl has measured bands (five seed sets, written above REFUSED_MAX)
ok   3 nfl seasons that cannot be laid out stay under 1.0% (0.0%)
ok   3 nfl the season shown is the season saved (independent checker) (501 checked)
ok   4 nfl the playoff path follows the saved result, the playoff games and the bracket's conferences (501 checked)
ok   4 nfl named playoff rounds were checked for their conference (363 before the last round, 32 in it)
     paths shown: 256; playoff seasons 256
ok   5 nfl the schedule follows the formula and every name is the game's own (501 checked)
     named 392, unnamed 109 (organic unnamed 10, targeted unnamed 99)
ok   5 nfl named and unnamed seasons are both in the population
ok   5 nfl the ledger's ids for era now are exactly the game's list (32 against 32)
ok   5 nfl the ledger's eight divisions equal the Front Office table division by division
ok   5 nfl a throwback season never names an opponent (109 checked)
ok   6 nfl deriving twice, from a JSON round trip, gives the same season, path and totals (501 checked)
     repairs: none in 81.6%, median 0, p90 1; attempts after the first in 0.0%
       seed set 2: 501 derived, no repair 81.6%, refused 0.0%
ok   7 nfl at least 70% of seasons need no repair (81.6%)
     wins for "Missed the playoffs": n 245, median 6, p10 3, p90 9 (band 2 to 9, middle half 3.75 to 7.25)
ok   7 nfl the median record for "Missed the playoffs" sits in the middle half of its band
     wins for "Lost in the Wild Card round": n 119, median 10, p10 9, p90 12 (band 9 to 12, middle half 9.75 to 11.25)
ok   7 nfl the median record for "Lost in the Wild Card round" sits in the middle half of its band
     wins for "Lost in the Divisional round": n 62, median 12, p10 10, p90 13 (band 10 to 13, middle half 10.75 to 12.25)
ok   7 nfl the median record for "Lost in the Divisional round" sits in the middle half of its band
     wins for "Lost the Conference Championship": n 33, median 13, p10 11, p90 14 (band 11 to 14, middle half 11.75 to 13.25)
ok   7 nfl the median record for "Lost the Conference Championship" sits in the middle half of its band
     wins for "Lost the Super Bowl": n 21, median 13, p10 11, p90 15 (band 11 to 15, middle half 12 to 14)
ok   7 nfl the median record for "Lost the Super Bowl" sits in the middle half of its band
     wins for "WON THE SUPER BOWL": n 21, median 13, p10 11, p90 15 (band 11 to 15, middle half 12 to 14)
ok   7 nfl the median record for "WON THE SUPER BOWL" sits in the middle half of its band
     points a team game, era now: 22.82 over 6664 games
ok   7 nfl points a team game in era now inside 21 to 24.5 (22.82)
     points a team game, era y2005: 22.90 over 1853 games
ok   7 nfl points a team game in era y2005 inside 21 to 24.5 (22.90)
     level games: 19 of 8517 (0.2%); touchdowns not worth seven: 1.7% of 44758; safeties 32
     his touchdowns are his team's whole score in 1.7% of the 7081 games he played
     a kicker's makes a game (0 to 6): 0: 18.4%, 1: 29.2%, 2: 30.6%, 3: 15.5%, 4: 3.6%, 5: 1.9%, 6: 0.8% over 1190 games
     a side on 40 or more: 5.5% of team games; on 49 or more: 0.7%; shut out: 0.7%
     his team's points a game by his touchdowns that day: none 19.3 (1541 games), one 25.1 (1013), two 26.2 (421), three or more 31.3 (259)
ok   7 nfl his two touchdown days are at least 4.5 points a game better for his team than his blank days (6.9)
ok   7 nfl a side scores 40 or more in under 7% of team games (5.5%)
ok   7 nfl level games stay under 0.6% (0.22%)
ok   7 nfl touchdowns not worth seven stay under 3% (1.7%)
ok   7 nfl a kicker makes five or six in under 6% of his games (2.7% of 1190)
     his headline number in a full season (14 or more games; 262 seasons, 4429 games): a laid number on its per game cap in 0.00%; more than twice his season's average in 0.41%
     its spread game to game (standard deviation over his average): the middle season 0.359, p10 0.251, p90 0.483; by number: passYds 0.252 (49), rushYds 0.329 (30), rec 0.445 (63), tackles 0.370 (120)
ok   7 nfl his yards, catches and tackles sit on a per game cap in under 0.5% of a full season's games (0.00%)
ok   7 nfl his headline number is more than twice his season's average in under 2.0% of those games (0.41%)
ok   7 nfl the middle full season's game to game spread sits inside 0.25 to 0.46 (0.359): his games differ and none runs away
     a quarterback's touchdown passes in a full season (830 games): scatter over a plain count 1.015; on the cap of six in 0.72% of them
     (not asserted: 830 games is too few for the scatter, it needs 2000; run the five seed sets)
     the feed: one side's scoring drives one after another under three minutes apart in 0.00% of 53091 pairs; two lines in back to back minutes in 0.00% of 63721
ok   7 nfl a side's scoring drives one after another are under three minutes apart in under 1.0% of pairs (0.00%)
ok   7 nfl the order of the games reads oddly (a rival twice running, four straight at home or away) in under 2% of seasons (0.00% of 501)

===== 6: nothing moves =====
ok   6 Math.random is never drawn while a season is derived (trap 0)
ok   6 every career saved the same bytes with and without the viewer (1701 season hashes, 0 differ)

===== 8: lazy by source =====
ok   8 the static closure of the two routes was walked (123 files)
ok   8 the walk reaches src/components/us-career/season/UsSeasonCentreHost.tsx
ok   8 no eager file of the two routes statically imports the season modules, the viewer or the league shape (123 checked)
ok   8 a planted static import of the viewer in UsSeasonCentreHost.tsx is named (11 files)
ok   8 the same text in a comment is spared
ok   8 src/lib/season/us.ts holds no Math.random and no new Rng(
ok   8 src/lib/season/nba.ts holds no Math.random and no new Rng(
ok   8 src/lib/season/nfl.ts holds no Math.random and no new Rng(

simUsSeasonCentre: 93 checks, 0 failed
