bundled in 194 ms; sports nba, nfl; 40 careers a sport and a seed set; seed sets 0; CONTROL length
played 96 careers twice in 5767 ms; 1663 seasons observed

===== NBA: 894 seasons (146 targeted), 894 played =====
ok   1 nba every team result is the engine's missed word or one of its five (894 checked)
ok   1 nba games played sit in the engine's ranges (894 checked)
     by result: missed 413, 231 / 122 / 55 / 32 / 41 (depth 0 to title)
ok   1 nba every playoff depth and a title are in the population
ok   1 nba an injury season is in the population (64)
ok   1 nba a backup season is in the population (215)
ok   1 nba every position is in the population
ok   1 nba both eras are in the population
FAIL 2 nba the hub's held line is there exactly when the binding holds the season: 46 of 894; 2011: line yes, build ok || 2020: line yes, build ok || 2011: line yes, build ok
ok   2 nba no held season yields a derived season (93 checked)
     2011: 20 seasons (20 organic, 0 targeted), 0 held
FAIL 2 nba 2011 is in the population and every one is held
     2012: 20 seasons (20 organic, 0 targeted), 20 held
ok   2 nba 2012 is in the population and every one is held
     2019: 27 seasons (19 organic, 8 targeted), 27 held
ok   2 nba 2019 is in the population and every one is held
     2020: 26 seasons (18 organic, 8 targeted), 0 held
FAIL 2 nba 2020 is in the population and every one is held
ok   2 nba the targeted careers reach held seasons (8)
     open 847, derived 801, refused 46 (5.4%) {"availability":46}
     first refusals: 2011 PG 81g "Lost the NBA Finals": availability || 2020 PG 82g "Missed the playoffs": availability || 2011 SG 81g "Missed the playoffs": availability
ok   3 nba enough open seasons to mean anything (847)
ok   7 nba has measured bands (five seed sets, written above REFUSED_MAX)
FAIL 3 nba seasons that cannot be laid out stay under 1.0% (5.4%)
ok   3 nba the season shown is the season saved (independent checker) (801 checked)
     takeover lines: 3908 in 62786 games he played (6.2%), in 582 of 801 seasons
ok   3 nba the feed's takeover line is in the population (3908)
ok   4 nba the playoff path follows the saved result, the playoff games and the bracket's conferences (801 checked)
ok   4 nba named playoff rounds were checked for their conference (354 before the last round, 32 in it)
     paths shown: 435; playoff seasons 435
ok   5 nba the schedule follows the formula and every name is the game's own (801 checked)
     named 358, unnamed 443 (organic unnamed 313, targeted unnamed 130)
ok   5 nba named and unnamed seasons are both in the population
ok   5 nba the ledger's ids for era now are exactly the game's list (30 against 30)
ok   5 nba a throwback season never names an opponent (443 checked)
ok   6 nba deriving twice, from a JSON round trip, gives the same season, path and totals (801 checked)
     repairs: none in 88.5%, median 0, p90 1; attempts after the first in 0.0%
       seed set 0: 801 derived, no repair 88.5%, refused 5.4%
ok   7 nba at least 80% of seasons need no repair (88.5%)
     wins for "Missed the playoffs": n 366, median 30, p10 22, p90 37 (band 17 to 40, middle half 22.75 to 34.25)
ok   7 nba the median record for "Missed the playoffs" sits in the middle half of its band
     wins for "Lost in the first round": n 208, median 46, p10 41, p90 52 (band 41 to 52, middle half 43.75 to 49.25)
ok   7 nba the median record for "Lost in the first round" sits in the middle half of its band
     wins for "Lost in the conference semis": n 112, median 49, p10 45, p90 55 (band 45 to 57, middle half 48 to 54)
ok   7 nba the median record for "Lost in the conference semis" sits in the middle half of its band
     wins for "Lost the Conference Finals": n 49, median 53, p10 48, p90 59 (band 48 to 61, middle half 51.25 to 57.75)
ok   7 nba the median record for "Lost the Conference Finals" sits in the middle half of its band
     wins for "Lost the NBA Finals": n 27, median 55, p10 50, p90 61 (band 50 to 64, middle half 53.5 to 60.5)
ok   7 nba the median record for "Lost the NBA Finals" sits in the middle half of its band
     wins for "WON THE NBA FINALS": n 39, median 56, p10 52, p90 64 (band 52 to 67, middle half 55.75 to 63.25)
ok   7 nba the median record for "WON THE NBA FINALS" sits in the middle half of its band
     points a team game, era now: 115.72 over 29356 games (league mean 115.6)
ok   7 nba points a team game in era now within 1 of the league mean (115.72 against 115.6)
     points a team game, era y2004: 93.64 over 36326 games (league mean 93.4)
ok   7 nba points a team game in era y2004 within 1 of the league mean (93.64 against 93.4)
     his share of his team's points: median 0.161, p99 0.442 over 62786 games
ok   7 nba his share of his team's points at the 99th percentile stays under 0.5 (0.442)

===== NFL: 769 seasons (128 targeted), 769 played =====
ok   1 nfl every team result is the engine's missed word or one of its five (769 checked)
ok   1 nfl games played sit in the engine's ranges (769 checked)
     by result: missed 366, 192 / 112 / 42 / 25 / 32 (depth 0 to title)
ok   1 nfl every playoff depth and a title are in the population
ok   1 nfl an injury season is in the population (330)
ok   1 nfl a backup season is in the population (288)
ok   1 nfl every position is in the population
ok   1 nfl both eras are in the population
FAIL 2 nfl the hub's held line is there exactly when the binding holds the season: 265 of 769; 2005: line yes, build ok || 2006: line yes, build ok || 2007: line yes, build ok
FAIL 2 nfl no held season yields a derived season: 109 of 279; 2005 || 2006 || 2007
     2005: 16 seasons (16 organic, 0 targeted), 0 held
FAIL 2 nfl 2005 is in the population and every one is held
     2012: 15 seasons (15 organic, 0 targeted), 0 held
FAIL 2 nfl 2012 is in the population and every one is held
     2020: 21 seasons (13 organic, 8 targeted), 0 held
FAIL 2 nfl 2020 is in the population and every one is held
     2022: 14 seasons (6 organic, 8 targeted), 14 held
ok   2 nfl 2022 is in the population and every one is held
ok   2 nfl the targeted careers reach held seasons (8)
     open 755, derived 599, refused 156 (20.7%) {"availability":156}
     first refusals: 2010 QB 17g "Lost the Conference Championship": availability || 2011 QB 17g "Lost in the Wild Card round": availability || 2006 RB 17g "WON THE SUPER BOWL": availability
ok   3 nfl enough open seasons to mean anything (755)
ok   7 nfl has measured bands (five seed sets, written above REFUSED_MAX)
FAIL 3 nfl seasons that cannot be laid out stay under 1.0% (20.7%)
FAIL 3 nfl the season shown is the season saved (independent checker): 109 of 599; 2005 QB: games 16 || 2006 QB: games 16 || 2007 QB: games 16
ok   4 nfl the playoff path follows the saved result, the playoff games and the bracket's conferences (599 checked)
ok   4 nfl named playoff rounds were checked for their conference (357 before the last round, 28 in it)
     paths shown: 343; playoff seasons 343
ok   5 nfl the schedule follows the formula and every name is the game's own (599 checked)
     named 382, unnamed 217 (organic unnamed 102, targeted unnamed 115)
ok   5 nfl named and unnamed seasons are both in the population
ok   5 nfl the ledger's ids for era now are exactly the game's list (32 against 32)
ok   5 nfl the ledger's eight divisions equal the Front Office table division by division
ok   5 nfl a throwback season never names an opponent (217 checked)
ok   6 nfl deriving twice, from a JSON round trip, gives the same season, path and totals (599 checked)
     repairs: none in 82.8%, median 0, p90 1; attempts after the first in 0.0%
       seed set 0: 599 derived, no repair 82.8%, refused 20.7%
ok   7 nfl at least 70% of seasons need no repair (82.8%)
     wins for "Missed the playoffs": n 256, median 6, p10 3, p90 9 (band 2 to 9, middle half 3.75 to 7.25)
ok   7 nfl the median record for "Missed the playoffs" sits in the middle half of its band
     wins for "Lost in the Wild Card round": n 169, median 10, p10 9, p90 12 (band 9 to 12, middle half 9.75 to 11.25)
ok   7 nfl the median record for "Lost in the Wild Card round" sits in the middle half of its band
     wins for "Lost in the Divisional round": n 92, median 11, p10 10, p90 13 (band 10 to 13, middle half 10.75 to 12.25)
ok   7 nfl the median record for "Lost in the Divisional round" sits in the middle half of its band
     wins for "Lost the Conference Championship": n 35, median 13, p10 11, p90 14 (band 11 to 14, middle half 11.75 to 13.25)
ok   7 nfl the median record for "Lost the Conference Championship" sits in the middle half of its band
     wins for "Lost the Super Bowl": n 19, median 14, p10 11, p90 15 (band 11 to 15, middle half 12 to 14)
     (not asserted: 19 seasons is too few for a median)
     wins for "WON THE SUPER BOWL": n 28, median 12, p10 11, p90 15 (band 11 to 15, middle half 12 to 14)
ok   7 nfl the median record for "WON THE SUPER BOWL" sits in the middle half of its band
     points a team game, era now: 22.93 over 6494 games
ok   7 nfl points a team game in era now inside 21 to 24.5 (22.93)
     points a team game, era y2005: 22.60 over 3580 games
ok   7 nfl points a team game in era y2005 inside 21 to 24.5 (22.60)
     level games: 12 of 10074 (0.1%); touchdowns not worth seven: 1.5% of 52942; safeties 34
     his touchdowns are his team's whole score in 5.2% of the 7336 games he played
     a kicker's makes a game (0 to 6): 0: 19.5%, 1: 29.2%, 2: 30.5%, 3: 14.5%, 4: 4.3%, 5: 1.7%, 6: 0.3% over 1174 games
ok   7 nfl level games stay under 1.0% (0.1%)
ok   7 nfl touchdowns not worth seven stay under 5% (1.5%)
ok   7 nfl a kicker makes five or six in under 8% of his games (2.0% of 1174)

===== 6: nothing moves =====
ok   6 Math.random is never drawn while a season is derived (trap 0)
ok   6 every career saved the same bytes with and without the viewer (1696 season hashes, 0 differ)

===== 8: lazy by source =====
ok   8 the static closure of the two routes was walked (123 files)
ok   8 the walk reaches src/components/us-career/season/UsSeasonCentreHost.tsx
ok   8 no eager file of the two routes statically imports the season modules, the viewer or the league shape (123 checked)
ok   8 a planted static import of the viewer in UsSeasonCentreHost.tsx is named (11 files)
ok   8 the same text in a comment is spared
ok   8 src/lib/season/us.ts holds no Math.random and no new Rng(
ok   8 src/lib/season/nba.ts holds no Math.random and no new Rng(
ok   8 src/lib/season/nfl.ts holds no Math.random and no new Rng(

control length: RED AT THE NAMED CHECK (section 2); sections red: 2, 3
simUsSeasonCentre: 83 checks, 11 failed (control length)
