NEGATIVE CONTROL ON: allrounds
1) The moment names exactly the ties the engine settled and drew
  FAIL: cup rung 0 to 2: through R16-0,R16-1,R16-2,R16-3,R16-4,R16-5,R16-6,R16-7,QF-0,QF-1,QF-2,QF-3 but only QF (QF-0,QF-1,QF-2,QF-3) is the latest round
  FAIL: cup rung 0 to 3: through R16-0,R16-1,R16-2,R16-3,R16-4,R16-5,R16-6,R16-7,QF-0,QF-1,QF-2,QF-3,SF-0,SF-1 but only SF (SF-0,SF-1) is the latest round
  FAIL: cup rung 0 to 4: through R16-0,R16-1,R16-2,R16-3,R16-4,R16-5,R16-6,R16-7,QF-0,QF-1,QF-2,QF-3,SF-0,SF-1,F-0 but only F (F-0) is the latest round
  FAIL: cup rung 1 to 3: through QF-0,QF-1,QF-2,QF-3,SF-0,SF-1 but only SF (SF-0,SF-1) is the latest round
  FAIL: cup rung 1 to 4: through QF-0,QF-1,QF-2,QF-3,SF-0,SF-1,F-0 but only F (F-0) is the latest round
  FAIL: cup rung 2 to 4: through SF-0,SF-1,F-0 but only F (F-0) is the latest round
  FAIL: ucl rung 0 to 2: through QF-0,QF-1,QF-2,QF-3,SF-0,SF-1 but only SF (SF-0,SF-1) is the latest round
  FAIL: ucl rung 0 to 3: through QF-0,QF-1,QF-2,QF-3,SF-0,SF-1,F-0 but only F (F-0) is the latest round
  FAIL: ucl rung 1 to 3: through SF-0,SF-1,F-0 but only F (F-0) is the latest round
  FAIL: cup rung 0 to 2: through R16-0,R16-1,R16-2,R16-3,R16-4,R16-5,R16-6,R16-7,QF-0,QF-1,QF-2,QF-3 but only QF (QF-0,QF-1,QF-2,QF-3) is the latest round
  FAIL: cup rung 0 to 3: through R16-0,R16-1,R16-2,R16-3,R16-4,R16-5,R16-6,R16-7,QF-0,QF-1,QF-2,QF-3,SF-0,SF-1 but only SF (SF-0,SF-1) is the latest round
  FAIL: cup rung 0 to 4: through R16-0,R16-1,R16-2,R16-3,R16-4,R16-5,R16-6,R16-7,QF-0,QF-1,QF-2,QF-3,SF-0,SF-1,F-0 but only F (F-0) is the latest round
  FAIL: cup rung 1 to 3: through QF-0,QF-1,QF-2,QF-3,SF-0,SF-1 but only SF (SF-0,SF-1) is the latest round
  FAIL: cup rung 1 to 4: through QF-0,QF-1,QF-2,QF-3,SF-0,SF-1,F-0 but only F (F-0) is the latest round
  FAIL: cup rung 2 to 4: through SF-0,SF-1,F-0 but only F (F-0) is the latest round
  FAIL: ucl rung 0 to 2: through QF-0,QF-1,QF-2,QF-3,SF-0,SF-1 but only SF (SF-0,SF-1) is the latest round
  FAIL: ucl rung 0 to 3: through QF-0,QF-1,QF-2,QF-3,SF-0,SF-1,F-0 but only F (F-0) is the latest round
  FAIL: ucl rung 1 to 3: through SF-0,SF-1,F-0 but only F (F-0) is the latest round
  FAIL: cup rung 0 to 2: through R16-0,R16-1,R16-2,R16-3,R16-4,R16-5,R16-6,R16-7,QF-0,QF-1,QF-2,QF-3 but only QF (QF-0,QF-1,QF-2,QF-3) is the latest round
  FAIL: cup rung 0 to 3: through R16-0,R16-1,R16-2,R16-3,R16-4,R16-5,R16-6,R16-7,QF-0,QF-1,QF-2,QF-3,SF-0,SF-1 but only SF (SF-0,SF-1) is the latest round
  FAIL: cup rung 0 to 4: through R16-0,R16-1,R16-2,R16-3,R16-4,R16-5,R16-6,R16-7,QF-0,QF-1,QF-2,QF-3,SF-0,SF-1,F-0 but only F (F-0) is the latest round
  FAIL: cup rung 1 to 3: through QF-0,QF-1,QF-2,QF-3,SF-0,SF-1 but only SF (SF-0,SF-1) is the latest round
  FAIL: cup rung 1 to 4: through QF-0,QF-1,QF-2,QF-3,SF-0,SF-1,F-0 but only F (F-0) is the latest round
  FAIL: cup rung 2 to 4: through SF-0,SF-1,F-0 but only F (F-0) is the latest round
  FAIL: ucl rung 0 to 2: through QF-0,QF-1,QF-2,QF-3,SF-0,SF-1 but only SF (SF-0,SF-1) is the latest round
  FAIL: ucl rung 0 to 3: through QF-0,QF-1,QF-2,QF-3,SF-0,SF-1,F-0 but only F (F-0) is the latest round
  FAIL: ucl rung 1 to 3: through SF-0,SF-1,F-0 but only F (F-0) is the latest round
  FAIL: cup rung 0 to 2: through R16-0,R16-1,R16-2,R16-3,R16-4,R16-5,R16-6,R16-7,QF-0,QF-1,QF-2,QF-3 but only QF (QF-0,QF-1,QF-2,QF-3) is the latest round
  FAIL: cup rung 0 to 3: through R16-0,R16-1,R16-2,R16-3,R16-4,R16-5,R16-6,R16-7,QF-0,QF-1,QF-2,QF-3,SF-0,SF-1 but only SF (SF-0,SF-1) is the latest round
  FAIL: cup rung 0 to 4: through R16-0,R16-1,R16-2,R16-3,R16-4,R16-5,R16-6,R16-7,QF-0,QF-1,QF-2,QF-3,SF-0,SF-1,F-0 but only F (F-0) is the latest round
  FAIL: cup rung 1 to 3: through QF-0,QF-1,QF-2,QF-3,SF-0,SF-1 but only SF (SF-0,SF-1) is the latest round
  FAIL: cup rung 1 to 4: through QF-0,QF-1,QF-2,QF-3,SF-0,SF-1,F-0 but only F (F-0) is the latest round
  FAIL: cup rung 2 to 4: through SF-0,SF-1,F-0 but only F (F-0) is the latest round
  FAIL: cup rung 0 to 2: through R16-0,R16-1,R16-2,R16-3,R16-4,R16-5,R16-6,R16-7,QF-0,QF-1,QF-2,QF-3 but only QF (QF-0,QF-1,QF-2,QF-3) is the latest round
  FAIL: cup rung 0 to 3: through R16-0,R16-1,R16-2,R16-3,R16-4,R16-5,R16-6,R16-7,QF-0,QF-1,QF-2,QF-3,SF-0,SF-1 but only SF (SF-0,SF-1) is the latest round
  FAIL: cup rung 0 to 4: through R16-0,R16-1,R16-2,R16-3,R16-4,R16-5,R16-6,R16-7,QF-0,QF-1,QF-2,QF-3,SF-0,SF-1,F-0 but only F (F-0) is the latest round
  FAIL: cup rung 1 to 3: through QF-0,QF-1,QF-2,QF-3,SF-0,SF-1 but only SF (SF-0,SF-1) is the latest round
  FAIL: cup rung 1 to 4: through QF-0,QF-1,QF-2,QF-3,SF-0,SF-1,F-0 but only F (F-0) is the latest round
  FAIL: cup rung 2 to 4: through SF-0,SF-1,F-0 but only F (F-0) is the latest round
  FAIL: ucl rung 0 to 2: through R16-0,R16-1,R16-2,R16-3,R16-4,R16-5,R16-6,R16-7,QF-0,QF-1,QF-2,QF-3 but only QF (QF-0,QF-1,QF-2,QF-3) is the latest round
  FAIL: ucl rung 0 to 3: through R16-0,R16-1,R16-2,R16-3,R16-4,R16-5,R16-6,R16-7,QF-0,QF-1,QF-2,QF-3,SF-0,SF-1 but only SF (SF-0,SF-1) is the latest round
  FAIL: ucl rung 0 to 4: through R16-0,R16-1,R16-2,R16-3,R16-4,R16-5,R16-6,R16-7,QF-0,QF-1,QF-2,QF-3,SF-0,SF-1,F-0 but only F (F-0) is the latest round
  FAIL: ucl rung 1 to 3: through QF-0,QF-1,QF-2,QF-3,SF-0,SF-1 but only SF (SF-0,SF-1) is the latest round
  FAIL: ucl rung 1 to 4: through QF-0,QF-1,QF-2,QF-3,SF-0,SF-1,F-0 but only F (F-0) is the latest round
  FAIL: ucl rung 2 to 4: through SF-0,SF-1,F-0 but only F (F-0) is the latest round
  FAIL: cup rung 0 to 2: through R16-0,R16-1,R16-2,R16-3,R16-4,R16-5,R16-6,R16-7,QF-0,QF-1,QF-2,QF-3 but only QF (QF-0,QF-1,QF-2,QF-3) is the latest round
  FAIL: cup rung 0 to 3: through R16-0,R16-1,R16-2,R16-3,R16-4,R16-5,R16-6,R16-7,QF-0,QF-1,QF-2,QF-3,SF-0,SF-1 but only SF (SF-0,SF-1) is the latest round
  FAIL: cup rung 0 to 4: through R16-0,R16-1,R16-2,R16-3,R16-4,R16-5,R16-6,R16-7,QF-0,QF-1,QF-2,QF-3,SF-0,SF-1,F-0 but only F (F-0) is the latest round
  FAIL: cup rung 1 to 3: through QF-0,QF-1,QF-2,QF-3,SF-0,SF-1 but only SF (SF-0,SF-1) is the latest round
  FAIL: cup rung 1 to 4: through QF-0,QF-1,QF-2,QF-3,SF-0,SF-1,F-0 but only F (F-0) is the latest round
  FAIL: cup rung 2 to 4: through SF-0,SF-1,F-0 but only F (F-0) is the latest round
  FAIL: ucl rung 0 to 2: through R16-0,R16-1,R16-2,R16-3,R16-4,R16-5,R16-6,R16-7,QF-0,QF-1,QF-2,QF-3 but only QF (QF-0,QF-1,QF-2,QF-3) is the latest round
  FAIL: ucl rung 0 to 3: through R16-0,R16-1,R16-2,R16-3,R16-4,R16-5,R16-6,R16-7,QF-0,QF-1,QF-2,QF-3,SF-0,SF-1 but only SF (SF-0,SF-1) is the latest round
  FAIL: ucl rung 0 to 4: through R16-0,R16-1,R16-2,R16-3,R16-4,R16-5,R16-6,R16-7,QF-0,QF-1,QF-2,QF-3,SF-0,SF-1,F-0 but only F (F-0) is the latest round
  FAIL: ucl rung 1 to 3: through QF-0,QF-1,QF-2,QF-3,SF-0,SF-1 but only SF (SF-0,SF-1) is the latest round
  FAIL: ucl rung 1 to 4: through QF-0,QF-1,QF-2,QF-3,SF-0,SF-1,F-0 but only F (F-0) is the latest round
  FAIL: ucl rung 2 to 4: through SF-0,SF-1,F-0 but only F (F-0) is the latest round
  FAIL: cup rung 0 to 2: through R16-0,R16-1,R16-2,R16-3,R16-4,R16-5,R16-6,R16-7,QF-0,QF-1,QF-2,QF-3 but only QF (QF-0,QF-1,QF-2,QF-3) is the latest round
  FAIL: cup rung 0 to 3: through R16-0,R16-1,R16-2,R16-3,R16-4,R16-5,R16-6,R16-7,QF-0,QF-1,QF-2,QF-3,SF-0,SF-1 but only SF (SF-0,SF-1) is the latest round
  FAIL: cup rung 0 to 4: through R16-0,R16-1,R16-2,R16-3,R16-4,R16-5,R16-6,R16-7,QF-0,QF-1,QF-2,QF-3,SF-0,SF-1,F-0 but only F (F-0) is the latest round
  FAIL: cup rung 1 to 3: through QF-0,QF-1,QF-2,QF-3,SF-0,SF-1 but only SF (SF-0,SF-1) is the latest round
  FAIL: cup rung 1 to 4: through QF-0,QF-1,QF-2,QF-3,SF-0,SF-1,F-0 but only F (F-0) is the latest round
  FAIL: cup rung 2 to 4: through SF-0,SF-1,F-0 but only F (F-0) is the latest round
  FAIL: ucl rung 0 to 2: through QF-0,QF-1,QF-2,QF-3,SF-0,SF-1 but only SF (SF-0,SF-1) is the latest round
  FAIL: ucl rung 0 to 3: through QF-0,QF-1,QF-2,QF-3,SF-0,SF-1,F-0 but only F (F-0) is the latest round
  FAIL: ucl rung 1 to 3: through SF-0,SF-1,F-0 but only F (F-0) is the latest round
  FAIL: cup rung 0 to 2: through R16-0,R16-1,R16-2,R16-3,R16-4,R16-5,R16-6,R16-7,QF-0,QF-1,QF-2,QF-3 but only QF (QF-0,QF-1,QF-2,QF-3) is the latest round
  FAIL: cup rung 0 to 3: through R16-0,R16-1,R16-2,R16-3,R16-4,R16-5,R16-6,R16-7,QF-0,QF-1,QF-2,QF-3,SF-0,SF-1 but only SF (SF-0,SF-1) is the latest round
  FAIL: cup rung 0 to 4: through R16-0,R16-1,R16-2,R16-3,R16-4,R16-5,R16-6,R16-7,QF-0,QF-1,QF-2,QF-3,SF-0,SF-1,F-0 but only F (F-0) is the latest round
  FAIL: cup rung 1 to 3: through QF-0,QF-1,QF-2,QF-3,SF-0,SF-1 but only SF (SF-0,SF-1) is the latest round
  FAIL: cup rung 1 to 4: through QF-0,QF-1,QF-2,QF-3,SF-0,SF-1,F-0 but only F (F-0) is the latest round
  FAIL: cup rung 2 to 4: through SF-0,SF-1,F-0 but only F (F-0) is the latest round
  FAIL: ucl rung 0 to 2: through QF-0,QF-1,QF-2,QF-3,SF-0,SF-1 but only SF (SF-0,SF-1) is the latest round
  FAIL: ucl rung 0 to 3: through QF-0,QF-1,QF-2,QF-3,SF-0,SF-1,F-0 but only F (F-0) is the latest round
  FAIL: ucl rung 1 to 3: through SF-0,SF-1,F-0 but only F (F-0) is the latest round
  FAIL: cup rung 0 to 2: through R16-0,R16-1,R16-2,R16-3,R16-4,R16-5,R16-6,R16-7,QF-0,QF-1,QF-2,QF-3 but only QF (QF-0,QF-1,QF-2,QF-3) is the latest round
  FAIL: cup rung 0 to 3: through R16-0,R16-1,R16-2,R16-3,R16-4,R16-5,R16-6,R16-7,QF-0,QF-1,QF-2,QF-3,SF-0,SF-1 but only SF (SF-0,SF-1) is the latest round
  FAIL: cup rung 0 to 4: through R16-0,R16-1,R16-2,R16-3,R16-4,R16-5,R16-6,R16-7,QF-0,QF-1,QF-2,QF-3,SF-0,SF-1,F-0 but only F (F-0) is the latest round
  FAIL: cup rung 1 to 3: through QF-0,QF-1,QF-2,QF-3,SF-0,SF-1 but only SF (SF-0,SF-1) is the latest round
  FAIL: cup rung 1 to 4: through QF-0,QF-1,QF-2,QF-3,SF-0,SF-1,F-0 but only F (F-0) is the latest round
  FAIL: cup rung 2 to 4: through SF-0,SF-1,F-0 but only F (F-0) is the latest round
  FAIL: ucl rung 0 to 2: through QF-0,QF-1,QF-2,QF-3,SF-0,SF-1 but only SF (SF-0,SF-1) is the latest round
  FAIL: ucl rung 0 to 3: through QF-0,QF-1,QF-2,QF-3,SF-0,SF-1,F-0 but only F (F-0) is the latest round
  FAIL: ucl rung 1 to 3: through SF-0,SF-1,F-0 but only F (F-0) is the latest round
  FAIL: cup rung 0 to 2: through R16-0,R16-1,R16-2,R16-3,R16-4,R16-5,R16-6,R16-7,QF-0,QF-1,QF-2,QF-3 but only QF (QF-0,QF-1,QF-2,QF-3) is the latest round
  FAIL: cup rung 0 to 3: through R16-0,R16-1,R16-2,R16-3,R16-4,R16-5,R16-6,R16-7,QF-0,QF-1,QF-2,QF-3,SF-0,SF-1 but only SF (SF-0,SF-1) is the latest round
  FAIL: cup rung 0 to 4: through R16-0,R16-1,R16-2,R16-3,R16-4,R16-5,R16-6,R16-7,QF-0,QF-1,QF-2,QF-3,SF-0,SF-1,F-0 but only F (F-0) is the latest round
  FAIL: cup rung 1 to 3: through QF-0,QF-1,QF-2,QF-3,SF-0,SF-1 but only SF (SF-0,SF-1) is the latest round
  FAIL: cup rung 1 to 4: through QF-0,QF-1,QF-2,QF-3,SF-0,SF-1,F-0 but only F (F-0) is the latest round
  FAIL: cup rung 2 to 4: through SF-0,SF-1,F-0 but only F (F-0) is the latest round
  FAIL: ucl rung 0 to 2: through QF-0,QF-1,QF-2,QF-3,SF-0,SF-1 but only SF (SF-0,SF-1) is the latest round
  FAIL: ucl rung 0 to 3: through QF-0,QF-1,QF-2,QF-3,SF-0,SF-1,F-0 but only F (F-0) is the latest round
  FAIL: ucl rung 1 to 3: through SF-0,SF-1,F-0 but only F (F-0) is the latest round
  FAIL: cup rung 0 to 2: through R16-0,R16-1,R16-2,R16-3,R16-4,R16-5,R16-6,R16-7,QF-0,QF-1,QF-2,QF-3 but only QF (QF-0,QF-1,QF-2,QF-3) is the latest round
  FAIL: cup rung 0 to 3: through R16-0,R16-1,R16-2,R16-3,R16-4,R16-5,R16-6,R16-7,QF-0,QF-1,QF-2,QF-3,SF-0,SF-1 but only SF (SF-0,SF-1) is the latest round
  FAIL: cup rung 0 to 4: through R16-0,R16-1,R16-2,R16-3,R16-4,R16-5,R16-6,R16-7,QF-0,QF-1,QF-2,QF-3,SF-0,SF-1,F-0 but only F (F-0) is the latest round
  FAIL: cup rung 1 to 3: through QF-0,QF-1,QF-2,QF-3,SF-0,SF-1 but only SF (SF-0,SF-1) is the latest round
  FAIL: cup rung 1 to 4: through QF-0,QF-1,QF-2,QF-3,SF-0,SF-1,F-0 but only F (F-0) is the latest round
  FAIL: cup rung 2 to 4: through SF-0,SF-1,F-0 but only F (F-0) is the latest round
  FAIL: ucl rung 0 to 2: through R16-0,R16-1,R16-2,R16-3,R16-4,R16-5,R16-6,R16-7,QF-0,QF-1,QF-2,QF-3 but only QF (QF-0,QF-1,QF-2,QF-3) is the latest round
  FAIL: ucl rung 0 to 3: through R16-0,R16-1,R16-2,R16-3,R16-4,R16-5,R16-6,R16-7,QF-0,QF-1,QF-2,QF-3,SF-0,SF-1 but only SF (SF-0,SF-1) is the latest round
  FAIL: ucl rung 0 to 4: through R16-0,R16-1,R16-2,R16-3,R16-4,R16-5,R16-6,R16-7,QF-0,QF-1,QF-2,QF-3,SF-0,SF-1,F-0 but only F (F-0) is the latest round
  FAIL: ucl rung 1 to 3: through QF-0,QF-1,QF-2,QF-3,SF-0,SF-1 but only SF (SF-0,SF-1) is the latest round
  FAIL: ucl rung 1 to 4: through QF-0,QF-1,QF-2,QF-3,SF-0,SF-1,F-0 but only F (F-0) is the latest round
  FAIL: ucl rung 2 to 4: through SF-0,SF-1,F-0 but only F (F-0) is the latest round
  FAIL: cup rung 0 to 2: through R16-0,R16-1,R16-2,R16-3,R16-4,R16-5,R16-6,R16-7,QF-0,QF-1,QF-2,QF-3 but only QF (QF-0,QF-1,QF-2,QF-3) is the latest round
  FAIL: cup rung 0 to 3: through R16-0,R16-1,R16-2,R16-3,R16-4,R16-5,R16-6,R16-7,QF-0,QF-1,QF-2,QF-3,SF-0,SF-1 but only SF (SF-0,SF-1) is the latest round
  FAIL: cup rung 0 to 4: through R16-0,R16-1,R16-2,R16-3,R16-4,R16-5,R16-6,R16-7,QF-0,QF-1,QF-2,QF-3,SF-0,SF-1,F-0 but only F (F-0) is the latest round
  FAIL: cup rung 1 to 3: through QF-0,QF-1,QF-2,QF-3,SF-0,SF-1 but only SF (SF-0,SF-1) is the latest round
  FAIL: cup rung 1 to 4: through QF-0,QF-1,QF-2,QF-3,SF-0,SF-1,F-0 but only F (F-0) is the latest round
  FAIL: cup rung 2 to 4: through SF-0,SF-1,F-0 but only F (F-0) is the latest round
  FAIL: ucl rung 0 to 2: through R16-0,R16-1,R16-2,R16-3,R16-4,R16-5,R16-6,R16-7,QF-0,QF-1,QF-2,QF-3 but only QF (QF-0,QF-1,QF-2,QF-3) is the latest round
  FAIL: ucl rung 0 to 3: through R16-0,R16-1,R16-2,R16-3,R16-4,R16-5,R16-6,R16-7,QF-0,QF-1,QF-2,QF-3,SF-0,SF-1 but only SF (SF-0,SF-1) is the latest round
  FAIL: ucl rung 0 to 4: through R16-0,R16-1,R16-2,R16-3,R16-4,R16-5,R16-6,R16-7,QF-0,QF-1,QF-2,QF-3,SF-0,SF-1,F-0 but only F (F-0) is the latest round
  FAIL: ucl rung 1 to 3: through QF-0,QF-1,QF-2,QF-3,SF-0,SF-1 but only SF (SF-0,SF-1) is the latest round
  FAIL: ucl rung 1 to 4: through QF-0,QF-1,QF-2,QF-3,SF-0,SF-1,F-0 but only F (F-0) is the latest round
  FAIL: ucl rung 2 to 4: through SF-0,SF-1,F-0 but only F (F-0) is the latest round
  FAIL: cup rung 0 to 2: through R16-0,R16-1,R16-2,R16-3,R16-4,R16-5,R16-6,R16-7,QF-0,QF-1,QF-2,QF-3 but only QF (QF-0,QF-1,QF-2,QF-3) is the latest round
  FAIL: cup rung 0 to 3: through R16-0,R16-1,R16-2,R16-3,R16-4,R16-5,R16-6,R16-7,QF-0,QF-1,QF-2,QF-3,SF-0,SF-1 but only SF (SF-0,SF-1) is the latest round
  FAIL: cup rung 0 to 4: through R16-0,R16-1,R16-2,R16-3,R16-4,R16-5,R16-6,R16-7,QF-0,QF-1,QF-2,QF-3,SF-0,SF-1,F-0 but only F (F-0) is the latest round
  FAIL: cup rung 1 to 3: through QF-0,QF-1,QF-2,QF-3,SF-0,SF-1 but only SF (SF-0,SF-1) is the latest round
  FAIL: cup rung 1 to 4: through QF-0,QF-1,QF-2,QF-3,SF-0,SF-1,F-0 but only F (F-0) is the latest round
  FAIL: cup rung 2 to 4: through SF-0,SF-1,F-0 but only F (F-0) is the latest round
  FAIL: ucl rung 0 to 2: through QF-0,QF-1,QF-2,QF-3,SF-0,SF-1 but only SF (SF-0,SF-1) is the latest round
  FAIL: ucl rung 0 to 3: through QF-0,QF-1,QF-2,QF-3,SF-0,SF-1,F-0 but only F (F-0) is the latest round
  FAIL: ucl rung 1 to 3: through SF-0,SF-1,F-0 but only F (F-0) is the latest round
  FAIL: cup rung 0 to 2: through R16-0,R16-1,R16-2,R16-3,R16-4,R16-5,R16-6,R16-7,QF-0,QF-1,QF-2,QF-3 but only QF (QF-0,QF-1,QF-2,QF-3) is the latest round
  FAIL: cup rung 0 to 3: through R16-0,R16-1,R16-2,R16-3,R16-4,R16-5,R16-6,R16-7,QF-0,QF-1,QF-2,QF-3,SF-0,SF-1 but only SF (SF-0,SF-1) is the latest round
  FAIL: cup rung 0 to 4: through R16-0,R16-1,R16-2,R16-3,R16-4,R16-5,R16-6,R16-7,QF-0,QF-1,QF-2,QF-3,SF-0,SF-1,F-0 but only F (F-0) is the latest round
  FAIL: cup rung 1 to 3: through QF-0,QF-1,QF-2,QF-3,SF-0,SF-1 but only SF (SF-0,SF-1) is the latest round
  FAIL: cup rung 1 to 4: through QF-0,QF-1,QF-2,QF-3,SF-0,SF-1,F-0 but only F (F-0) is the latest round
  FAIL: cup rung 2 to 4: through SF-0,SF-1,F-0 but only F (F-0) is the latest round
  FAIL: ucl rung 0 to 2: through QF-0,QF-1,QF-2,QF-3,SF-0,SF-1 but only SF (SF-0,SF-1) is the latest round
  FAIL: ucl rung 0 to 3: through QF-0,QF-1,QF-2,QF-3,SF-0,SF-1,F-0 but only F (F-0) is the latest round
  FAIL: ucl rung 1 to 3: through SF-0,SF-1,F-0 but only F (F-0) is the latest round
  FAIL: cup rung 0 to 2: through R16-0,R16-1,R16-2,R16-3,R16-4,R16-5,R16-6,R16-7,QF-0,QF-1,QF-2,QF-3 but only QF (QF-0,QF-1,QF-2,QF-3) is the latest round
  FAIL: cup rung 0 to 3: through R16-0,R16-1,R16-2,R16-3,R16-4,R16-5,R16-6,R16-7,QF-0,QF-1,QF-2,QF-3,SF-0,SF-1 but only SF (SF-0,SF-1) is the latest round
  FAIL: cup rung 0 to 4: through R16-0,R16-1,R16-2,R16-3,R16-4,R16-5,R16-6,R16-7,QF-0,QF-1,QF-2,QF-3,SF-0,SF-1,F-0 but only F (F-0) is the latest round
  FAIL: cup rung 1 to 3: through QF-0,QF-1,QF-2,QF-3,SF-0,SF-1 but only SF (SF-0,SF-1) is the latest round
  FAIL: cup rung 1 to 4: through QF-0,QF-1,QF-2,QF-3,SF-0,SF-1,F-0 but only F (F-0) is the latest round
  FAIL: cup rung 2 to 4: through SF-0,SF-1,F-0 but only F (F-0) is the latest round
  FAIL: ucl rung 0 to 2: through QF-0,QF-1,QF-2,QF-3,SF-0,SF-1 but only SF (SF-0,SF-1) is the latest round
  FAIL: ucl rung 0 to 3: through QF-0,QF-1,QF-2,QF-3,SF-0,SF-1,F-0 but only F (F-0) is the latest round
  FAIL: ucl rung 1 to 3: through SF-0,SF-1,F-0 but only F (F-0) is the latest round
  FAIL: cup rung 0 to 2: through R16-0,R16-1,R16-2,R16-3,R16-4,R16-5,R16-6,R16-7,QF-0,QF-1,QF-2,QF-3 but only QF (QF-0,QF-1,QF-2,QF-3) is the latest round
  FAIL: cup rung 0 to 3: through R16-0,R16-1,R16-2,R16-3,R16-4,R16-5,R16-6,R16-7,QF-0,QF-1,QF-2,QF-3,SF-0,SF-1 but only SF (SF-0,SF-1) is the latest round
  FAIL: cup rung 0 to 4: through R16-0,R16-1,R16-2,R16-3,R16-4,R16-5,R16-6,R16-7,QF-0,QF-1,QF-2,QF-3,SF-0,SF-1,F-0 but only F (F-0) is the latest round
  FAIL: cup rung 1 to 3: through QF-0,QF-1,QF-2,QF-3,SF-0,SF-1 but only SF (SF-0,SF-1) is the latest round
  FAIL: cup rung 1 to 4: through QF-0,QF-1,QF-2,QF-3,SF-0,SF-1,F-0 but only F (F-0) is the latest round
  FAIL: cup rung 2 to 4: through SF-0,SF-1,F-0 but only F (F-0) is the latest round
  FAIL: ucl rung 0 to 2: through QF-0,QF-1,QF-2,QF-3,SF-0,SF-1 but only SF (SF-0,SF-1) is the latest round
  FAIL: ucl rung 0 to 3: through QF-0,QF-1,QF-2,QF-3,SF-0,SF-1,F-0 but only F (F-0) is the latest round
  FAIL: ucl rung 1 to 3: through SF-0,SF-1,F-0 but only F (F-0) is the latest round
  FAIL: cup rung 0 to 2: through R16-0,R16-1,R16-2,R16-3,R16-4,R16-5,R16-6,R16-7,QF-0,QF-1,QF-2,QF-3 but only QF (QF-0,QF-1,QF-2,QF-3) is the latest round
  FAIL: cup rung 0 to 3: through R16-0,R16-1,R16-2,R16-3,R16-4,R16-5,R16-6,R16-7,QF-0,QF-1,QF-2,QF-3,SF-0,SF-1 but only SF (SF-0,SF-1) is the latest round
  FAIL: cup rung 0 to 4: through R16-0,R16-1,R16-2,R16-3,R16-4,R16-5,R16-6,R16-7,QF-0,QF-1,QF-2,QF-3,SF-0,SF-1,F-0 but only F (F-0) is the latest round
  FAIL: cup rung 1 to 3: through QF-0,QF-1,QF-2,QF-3,SF-0,SF-1 but only SF (SF-0,SF-1) is the latest round
  FAIL: cup rung 1 to 4: through QF-0,QF-1,QF-2,QF-3,SF-0,SF-1,F-0 but only F (F-0) is the latest round
  FAIL: cup rung 2 to 4: through SF-0,SF-1,F-0 but only F (F-0) is the latest round
  FAIL: ucl rung 0 to 2: through R16-0,R16-1,R16-2,R16-3,R16-4,R16-5,R16-6,R16-7,QF-0,QF-1,QF-2,QF-3 but only QF (QF-0,QF-1,QF-2,QF-3) is the latest round
  FAIL: ucl rung 0 to 3: through R16-0,R16-1,R16-2,R16-3,R16-4,R16-5,R16-6,R16-7,QF-0,QF-1,QF-2,QF-3,SF-0,SF-1 but only SF (SF-0,SF-1) is the latest round
  FAIL: ucl rung 0 to 4: through R16-0,R16-1,R16-2,R16-3,R16-4,R16-5,R16-6,R16-7,QF-0,QF-1,QF-2,QF-3,SF-0,SF-1,F-0 but only F (F-0) is the latest round
  FAIL: ucl rung 1 to 3: through QF-0,QF-1,QF-2,QF-3,SF-0,SF-1 but only SF (SF-0,SF-1) is the latest round
  FAIL: ucl rung 1 to 4: through QF-0,QF-1,QF-2,QF-3,SF-0,SF-1,F-0 but only F (F-0) is the latest round
  FAIL: ucl rung 2 to 4: through SF-0,SF-1,F-0 but only F (F-0) is the latest round
  FAIL: cup rung 0 to 2: through R16-0,R16-1,R16-2,R16-3,R16-4,R16-5,R16-6,R16-7,QF-0,QF-1,QF-2,QF-3 but only QF (QF-0,QF-1,QF-2,QF-3) is the latest round
  FAIL: cup rung 0 to 3: through R16-0,R16-1,R16-2,R16-3,R16-4,R16-5,R16-6,R16-7,QF-0,QF-1,QF-2,QF-3,SF-0,SF-1 but only SF (SF-0,SF-1) is the latest round
  FAIL: cup rung 0 to 4: through R16-0,R16-1,R16-2,R16-3,R16-4,R16-5,R16-6,R16-7,QF-0,QF-1,QF-2,QF-3,SF-0,SF-1,F-0 but only F (F-0) is the latest round
  FAIL: cup rung 1 to 3: through QF-0,QF-1,QF-2,QF-3,SF-0,SF-1 but only SF (SF-0,SF-1) is the latest round
  FAIL: cup rung 1 to 4: through QF-0,QF-1,QF-2,QF-3,SF-0,SF-1,F-0 but only F (F-0) is the latest round
  FAIL: cup rung 2 to 4: through SF-0,SF-1,F-0 but only F (F-0) is the latest round
  FAIL: ucl rung 0 to 2: through R16-0,R16-1,R16-2,R16-3,R16-4,R16-5,R16-6,R16-7,QF-0,QF-1,QF-2,QF-3 but only QF (QF-0,QF-1,QF-2,QF-3) is the latest round
  FAIL: ucl rung 0 to 3: through R16-0,R16-1,R16-2,R16-3,R16-4,R16-5,R16-6,R16-7,QF-0,QF-1,QF-2,QF-3,SF-0,SF-1 but only SF (SF-0,SF-1) is the latest round
  FAIL: ucl rung 0 to 4: through R16-0,R16-1,R16-2,R16-3,R16-4,R16-5,R16-6,R16-7,QF-0,QF-1,QF-2,QF-3,SF-0,SF-1,F-0 but only F (F-0) is the latest round
  FAIL: ucl rung 1 to 3: through QF-0,QF-1,QF-2,QF-3,SF-0,SF-1 but only SF (SF-0,SF-1) is the latest round
  FAIL: ucl rung 1 to 4: through QF-0,QF-1,QF-2,QF-3,SF-0,SF-1,F-0 but only F (F-0) is the latest round
  FAIL: ucl rung 2 to 4: through SF-0,SF-1,F-0 but only F (F-0) is the latest round
   921 steps, 1713 steps per competition with nothing settled (all silent), 306 ladder rungs, 18 season keys
   moments by round: cup {"R16":18,"QF":18,"SF":18,"F":18}, Champions League {"QF":17,"SF":17,"F":17,"R16":6}; finals the club won: 9; steps that settled two rounds: 0
2) The cards in a DOM: classes only on the new ties, a remount plays nothing
   skipped: a control rewrites a copy, and this section reads the real tree
3) The page must not jump while the moment plays (chromium, the site's Tailwind)
   4 moments (cup, ucl, cupFinal, uclFinal) at 390 and 1440, 40 samples against the plain table
4) Coverage floors
   cup 18 a round, Champions League {"QF":17,"SF":17,"F":17,"R16":6}, 306 rungs, 1713 silent steps over 3 seed(s)

177 FAILURES (by section {"1":177})
