NEGATIVE CONTROL ON: the picker no longer reads the cooldown ledger (section 2 must fail)
1) Driving careers through the real engine
   500 careers, 8223 playing seasons, 7482 event batches, 24320 events shown, 0 crashes
2) No event fires twice inside its cooldown
   2641 repeat firings of the same event or story in the same career checked (150 of them a shared story), 713 inside the cooldown, 309 in the same or the next season, 0 duplicated inside one batch
   223 (ids 223 then 223) fired in 2023 and again in 2025 (cooldown 2, ordinary 0)
   story:squadChatLeak (ids 422 then 220) fired in 2023 and again in 2027 (cooldown 99, ordinary 0)
   story:squadChatLeak (ids 220 then 63) fired in 2022 and again in 2031 (cooldown 99, elite 90000)
   32 (ids 32 then 32) fired in 2032 and again in 2033 (cooldown 2, ordinary 1)
  FAIL (section 2): 713 firings landed inside the event's cooldown
  FAIL (section 2): 309 events or stories fired again in the same or the next season
   500 of 500 finished saves carry a ledger, 21679 ids stamped in all
3) Every life event is reachable, every new one fired
   68 ids in the life file, 68 of them offered to some career; 20 new ids
   new id fire counts: 253:120 254:82 255:134 256:118 257:126 258:182 259:187 260:178 261:127 262:211 263:132 264:92 265:98 266:90 267:124 268:139 269:113 270:24 271:19 272:9
   20 of the 20 new events had every option taken at least once
3b) The comeback game only follows a recent serious injury
   211 comeback games, seasons since the latest serious injury: 1:211
4) The rate: not flooded, not starved
   mean events per batch 3.25, batches per playing season 0.91, life catalog share of slots 0.26, life events per playing season 0.77
5) Catalog shape: two real choices, a consequence each, an explicit cooldown
   life events by category: international 1, life 47, negative 16, positive 4
   68 life events: 0 with fewer than two options, 0 options without a consequence, 0 without an apply, 0 without a cooldown
   250 distinct ids seen across every catalog, 0 ids used twice in one draw
   0 pairs with identical consequence sets; closest text pair 226 and 227 at 0.15 word overlap
   cooldown tables: 0 problems against the pinned values; 250 events, 0 where the engine's cooldown or story key disagrees with this harness
   272 at 33 then 37, first option both times: yearly costs 0 then 0.15 then 0.15
5b) Across the whole picker: no story told twice, no title shared
   3 stories told by more than one catalog, 7 events carrying a story key, 0 problems
   68 life events against 182 elsewhere: 0 identical titles, 31 pairs sharing a title word (4 of them one shared story, 27 read and judged different, 0 unread)
6) Text: no dashes, no rival names, no real person speaking
   462 strings checked: 0 with a dash, 0 rival name hits, 0 unvouched Capitalised Name pairs
7) A save with no ledger loads and plays; a corrupt ledger is dropped
   25 mid career saves stripped of their ledger: 0 threw, 25 had a ledger again after their next batch
   corrupt ledgers dropped, a good one kept, and the hold out rule answers 2024 + 2 correctly
   a reloaded card the catalog no longer carries: its 2024 stamp was handed back, an older stamp untouched
8) A financial crisis sells what it sells and keeps every other yearly cost
   48 careers played through a crisis (0 seasons without one, 0 purchases or events the probe could not make): physio 27, child 27, dog 27 standing costs tested, 120 items sold, 48 kept
   bill before the crisis not the sum of its sources: 0; bill after not the kept items plus every standing cost: 0; item sold or kept wrongly: 0; physio gone: 0
   pre 826 bills: 18 careers through a crisis (0 without one), 12 of them owing less than the upkeep sold; bill wrong or below zero after: 0

CONTROL FIRED: section 2 failed with the defect back in, as it should, and nothing else did.
