
[1m[46m RUN [49m[22m [36mv3.2.7 [39m[90m/home/runner/work/ballpark-hero/ballpark-hero[39m

 [32m✓[39m src/test/careerDecisionOutcome.test.tsx[2m > [22mordinary career decision outcomes[2m > [22mapplies the real third-season NBA trade once before its quality draw and keeps the full save on return[33m 855[2mms[22m[39m
 [32m✓[39m src/test/careerDecisionOutcome.test.tsx[2m > [22mordinary career decision outcomes[2m > [22mshows each real sport choice as the actual capped change and saves it once[33m 533[2mms[22m[39m
 [32m✓[39m src/test/careerDecisionOutcome.test.tsx[2m > [22mordinary career decision outcomes[2m > [22mreports negative effects and real endorsement earnings without calling them cash[33m 550[2mms[22m[39m
 [32m✓[39m src/test/careerDecisionOutcome.test.tsx[2m > [22mordinary career decision outcomes[2m > [22mconsumes same-frame choices once and accepts the next ordinary event[32m 249[2mms[22m[39m
 [32m✓[39m src/test/careerDecisionOutcome.test.tsx[2m > [22mordinary career decision outcomes[2m > [22mcontinues with no extra draws writes season or completion and restores Play focus[33m 527[2mms[22m[39m
 [32m✓[39m src/test/careerDecisionOutcome.test.tsx[2m > [22mordinary career decision outcomes[2m > [22mreloads the applied career without replaying its transient receipt or choice[33m 421[2mms[22m[39m
 [32m✓[39m src/test/careerDecisionOutcome.test.tsx[2m > [22mordinary career decision outcomes[2m > [22mkeeps team contract salary cash and earnings changes in their own units[32m 9[2mms[22m[39m
 [32m✓[39m src/test/careerDecisionOutcome.test.tsx[2m > [22mordinary career decision outcomes[2m > [22muses Not recorded for missing legacy sides and preserves known zero changes[32m 3[2mms[22m[39m
 [32m✓[39m src/test/careerDecisionOutcome.test.tsx[2m > [22mordinary career decision outcomes[2m > [22mshows an honest unchanged outcome when a real capped option changes nothing[32m 52[2mms[22m[39m
 [32m✓[39m src/test/careerDecisionOutcome.test.tsx[2m > [22mordinary career decision outcomes[2m > [22mexpands every applied change without hiding Continue or changing its payload[32m 19[2mms[22m[39m
 [32m✓[39m src/test/careerDecisionOutcome.test.tsx[2m > [22mordinary career decision outcomes[2m > [22mpreserves real ordinary engine choices and the existing rivalry receipt independently[32m 196[2mms[22m[39m

[2m Test Files [22m [1m[32m1 passed[39m[22m[90m (1)[39m
[2m      Tests [22m [1m[32m11 passed[39m[22m[90m (11)[39m
[2m   Start at [22m 06:39:24
[2m   Duration [22m 8.30s[2m (transform 2.69s, setup 67ms, collect 3.77s, tests 3.42s, environment 449ms, prepare 223ms)[22m

JSON report written to /home/runner/work/ballpark-hero/ballpark-hero/career-decision-outcome-artifacts/mounted/normal-report.json

Browserslist: browsers data (caniuse-lite) is 16 months old. Please run:
  npx update-browserslist-db@latest
  Why you should do it regularly: https://github.com/browserslist/update-db#readme
simCareerDecisionOutcome normal: intended assertions and independent ordinary/rivalry baseline passed.
