1) The ceiling still means something (300 careers per band)
   low ceiling  (74): mean peak 72.3, mean career goals 108, reached 99 0/300
   mid ceiling  (84): mean peak 81.4, mean career goals 181, reached 99 0/300
   high ceiling (93): mean peak 85.6, mean career goals 214, reached 99 0/300
2) Across the real roll distribution, 99 is rare (900 careers)
   mean peak 76.8 · reached 80 28.8% · 85 9.3% · 90 0.9% · 99 0.00%
3) Soft cap: earned by achievement, never by drifting (250 careers each way)
   chasing it: 46/250 careers earned ceiling back, mean +0.22, best +3, 8/250 finished above the number they were given
   drifting:   0/250 careers earned ceiling back, mean +0.00, 2/250 finished above their number on the old late bloomer allowance alone
4) 99 is a hard wall even for a career built to break it (200 careers)
   peaked at exactly 99 in 0/200, above 99 in 0, ceiling above 99 in 0
5) Both ends of the new overall range (250 careers each)
   55 start: 21.8 pro seasons, 148 goals, 4.2 trophies, 0.03 Ballon d'Ors, legacy 46.5 (p10 32, p90 65), grew +21.9
             seasons that won something 18%, won the Ballon d'Or 0%, lost time to injury 20% (20% before 24), rated under 7.0 72%, verdicts {"JOURNEYMAN":209,"GREAT":14,"SOLID PRO":24,"LEGEND":3}
   99 start: 25.6 pro seasons, 875 goals, 32.5 trophies, 14.94 Ballon d'Ors, legacy 84.0 (p10 84, p90 84), grew +0.0
             seasons that won something 84%, won the Ballon d'Or 58%, lost time to injury 25% (40% before 24), rated under 7.0 25%, verdicts {"LEGEND":250}
   the cost of starting at 99: 21.9 fewer points of growth, 20 points more of his seasons before 24 lost to injury, and a verdict that docks him for it
6) The climb line in the legacy verdict
   started 54, peaked 91 -> climb line +8; started 99, peaked 91 -> -16
7) Same overall, different build, different career (300 careers each)
   poacher    (172cm 66kg, finishing): 245 goals, 448 apps over 12.0 seasons, mean rating 7.65, goal mult 1.137, apps mult 0.984
   target man (196cm 94kg, heading):   213 goals, 458 apps over 12.0 seasons, mean rating 7.50, goal mult 1.009, apps mult 1.028
   goals per game 0.546 vs 0.464 (17.6% apart), career goal gap 15.1%, appearance gap 9.7 games, rating gap 0.15
   an untouched build is exactly neutral at all 10 positions across overalls 44 to 99
   198cm 95kg vs 168cm 62kg: heading 87 vs 72, strength 85 vs 65, acceleration 65 vs 82
8) Allocator fuzz: 250k moves, typing and stepping mixed
   250000 moves: 0 illegal values, 0 negative pools, 0 unspendable states, 0 overall drifts
9) Shaping fuzz: 120k moves across every family
   120000 moves: 0 unbalanced families, 0 out of range offsets, 0 unknown keys, 0 overall drifts
10) Garbage physique and shape values
   every garbage physique clamped, every unbalanced or unknown shape dropped, legal shapes kept
11) A pre Round 131 save
   old save played 22 pro seasons, peaked 82, retired=true, verdict SOLID PRO, frame repaired to 180cm
   a full career save is 49.0 KB, of which this round added 468 bytes
12) Create your look
   skin tones 6 to 12, hair colours 8 to 16, hairstyles 12 to 23, beards 7 to 14, extras 8 to 16, boots 10 to 18, celebrations 10 to 19
   4000 surprise me rolls, all legal, zero unasked for dye jobs
13) Copy rules on everything this round wrote
   9 files clean: no em or en dashes, no other products named in copy

ALL CREATION CHECKS PASSED
