CONTROL speechleak active: section 2 must go red

1) Soccer Career replays the pre-lift fixture byte for byte
   Round 1172 attribution: exact copied new-generation, newspaper and ceremony changes restored for the old fixture; current outcomes still checked in sections 2 to 7 and simSoccerAwardReveal
   14 winner and podium cards left out of the replay (changed on purpose, section 6)
   103 tournament cards left out of the replay (Round 926 changed the card on purpose, tournamentCardMoment.test.tsx), 103 drawn now
   fixture: 48 careers, 10553 saves, 853 nights (32 won), 413 tournaments, 216 speeches, 8 kept cards
   recorded from 9899d95144731339848abdfba3285dbe4ac8939d
   names        identical
  FAIL: career 0 parts at step 163 of 229: fixture ws5dcc8cf478 (phase ws), now wsa9faaf6db3; the step before matched bsca61cd4c16
  FAIL: night 0 (career 0, 1992) differs: fixture rank null [Romário:77, Hristo Stoichkov:67, Ruud Gullit:51, Marco van Basten:47, George Weah:43, Alan Shearer:43, Roberto Baggio:39, Paolo Maldini:39, Dennis Bergkamp:38, Franco Baresi:36], now rank null [Romário:77, Hristo Stoichkov:67, Ruud Gullit:51, Marco van Basten:47, George Weah:43, Alan Shearer:43, Roberto Baggio:39, Paolo Maldini:39, Dennis Bergkamp:38, Franco Baresi:36]
  FAIL: tournaments[5] differs: fixture {"c":0,"year":2008,"name":"European Championship","result":"Winner","speeches":[{"id":"for_the_country","d":{"popularity":11,"socialMediaFollowers":3},"line":"🏆 You dedicated it to every kid in England playing on a broken pitch right now. A nation lost its mind.","h":"9057ac5a03"},{"id":"shirt_to_t, now {"c":0,"year":2008,"name":"European Championship","result":"Winner","speeches":[{"id":"for_the_country","d":{"popularity":11,"socialMediaFollowers":3},"line":"🏆 You dedicated it to every kid in England playing on a broken pitch right now. A nation lost its mind.","h":"1badfdc981"},{"id":"shirt_to_t
  FAIL: speeches[21] differs: fixture {"kind":"bdor","sample":1,"seed":0,"id":"greatest_ever","d":{"popularity":-10,"rivalryIntensity":10},"line":"🐐 \"I am the greatest to ever do this.\" Half the room gasped, the pundits fed on it for weeks, but you meant every word. Popularity -10, Rivalry +10.","h":"ebedcb53b1"}, now {"kind":"bdor","sample":1,"seed":0,"id":"greatest_ever","d":{"popularity":-2,"rivalryIntensity":10},"line":"🐐 \"I am the greatest to ever do this.\" Half the room gasped, the pundits fed on it for weeks, but you meant every word. Popularity -2, Rivalry +10.","h":"cb40962d9b"}
  FAIL: markup[5] differs: fixture {"what":"bdor shortlist","night":"2:2013","ui":"44e8db79a7"}, now {"what":"bdor shortlist","night":"2:2013","ui":"0d697c0ba6"}

2) The shared contract, on a synthetic sport
   2000 nights: 1537 fields offered a repeated name, 402 short fields topped up, 1007 rules moved a name, player on the list 1233, placed in the wider ranking 624
   3,000 speeches: 1000 gambles, 338 came up (33.8% on a stated 35%)
  FAIL: 338 speeches moved a meter their steps do not name, or missed one they do

3) Soccer Career speeches: 2,000 draws on a real save
   Ballon d'Or thank_rival        moves popularity, integrityBonus, rivalryIntensity
   Ballon d'Or family_on_stage    moves popularity, morale
   Ballon d'Or tears              moves popularity, morale
   Ballon d'Or greatest_ever      moves morale, popularity, rivalryIntensity, came up 103 of 250 on a stated 35%
  FAIL: greatest_ever: 103 of 250 moved a meter it does not name, missed one it does, or moved one by other than its steps
   tournament  for_the_country    moves popularity, morale, socialMediaFollowers
   tournament  shirt_to_the_fans  moves popularity, morale, integrityBonus
   tournament  call_out_doubters  moves morale, socialMediaFollowers, popularity, came up 104 of 250 on a stated 40%
  FAIL: call_out_doubters: 104 of 250 moved a meter it does not name, missed one it does, or moved one by other than its steps
   tournament  quiet_lap          moves morale, integrityBonus, popularity
   2000 speeches, 603 numbers in the lines checked against what the speech did
   at the caps: 24 gamble lines, 23 coin steps cut by a cap, 0 lines untrue

4) Only the Soccer engine may rank real people
   1816 source files scanned, declared in: src/lib/soccerCareerEngine.ts

5) One awards night: no second copy beside the shared one
   8 old copies absent, 12 shared calls present

6) The ceremony card says what the night does, and a win offers the speech once
   winner    at popularity 50  says Popularity 20, Market Value 15; the night moved Popularity 20, Market Value 15
   2nd place at popularity 50  says Popularity 5; the night moved Popularity 5
   3rd place at popularity 50  says Popularity 5; the night moved Popularity 5
   winner    at popularity 95  says Popularity 5, Market Value 15; the night moved Popularity 5, Market Value 15
   2nd place at popularity 95  says Popularity 5; the night moved Popularity 5
   3rd place at popularity 95  says Popularity 5; the night moved Popularity 5
   winner    at popularity 100 says Market Value 15; the night moved Market Value 15
   2nd place at popularity 100 says nothing; the night moved nothing
   3rd place at popularity 100 says nothing; the night moved nothing
   given: Popularity +10, Morale +8
   replay: 27 won ceremonies, speech offered on 27, offered on a lost one 0 times
   replay: 29 win and podium nights carry their measured move (0 nights wrong), 24 of 27 wins cut short of Popularity +20 by the cap
   real winners: 84 speeches given, 83 cut short by a cap (27 of them a gamble's coin step), the log line's own number untrue on 0; the card untrue on 0

7) A won tournament: the speech is given on the card, once, and the card shows what it did
   65 real won tournaments, 260 speeches given on the card, 224 cut short by a cap, 130 naming a follower move; 0 problems

CONTROL speechleak: section 2 FIRED (red sections: 1, 2, 3)
simCareerAwardsNight: 8 FAILURES
