CONTROL snapshotfield: lib/season/soccer.ts patched in the bundle only; section D1 must go red
bundled in 546 ms; 460 clubs (190 hand rows)

D1. SAVED RIVAL CHAMPION: context roles overlap, table clubs do not
  rival champion probe: actual context and table checked; old double-count defect reproduced; missing, foreign and duplicate club copies caught

B1. POOL: the rows main shipped are still the first rows, in order
  51 of 51 recorded rows found in place (id, name, country, league); the pool has 270 generated rows

B4. POOL: the dugout's key finds every pool club under Club Manager's spelling
  380 Club Manager clubs of 23 leagues, 380 matched by the key (1 pinned apart: Nacional and CD Nacional)

C1. BAND: main's recorded cross, the five big leagues and every season before 2026 byte for byte
  held: 8100 rows in the five big leagues, 87480 rows before 2026 outside them; free to move: 43740 rows, 2184 moved over 24 pairs that gained a size

C2. BAND: the worked examples, exact, and every ladder club banded at its own place
  15 worked bands and 7 seed keys exact; 284 clubs of 17 ladder leagues each banded at their own place

C3. BAND: every ladder club, five ratings, 200 engine shaped keys
  284000 bands, every one from the ladder and inside 2 to the league's size; 16 groups the ladder cannot order, each sharing one band at every rating

A. LEDGERS: every league the pool reads is sized, odd or waiting with its reason
  sized (a finish, a table): Championship 24, Brasileirao 20, Eredivisie 18, Saudi Pro League 18, Primeira Liga 18, Super Lig 18, 2. Bundesliga 18, Belgian Pro League 18
  odd (their real row count, no table): MLS 30, Scottish Premiership 12, Austrian Bundesliga 12
  waiting, results only as on main: Super League Greece (format from 1 host), Danish Superliga (format from 1 host), Swiss Super League (format from 0 hosts), HNL (format from 0 hosts), Liga MX (format from 1 host), A-League (format from 1 host)
  held by the generator: Serie B, Ligue 2, Segunda Division, Russian Premier League; the ledgers hold the Championship in 22 of 22 seasons from 2004

E. OLD SAVES: seven saves recorded on main read the same, and play on
  FAIL [E]: cha 2030: the displayed division or field differs from its saved snapshot
  FAIL [E]: cha 2030: the drawn table differs from the saved field
  FAIL [E]: cha 2030: saved movement differs from the final displayed places
  FAIL [E]: cha 2030: the saved player club movement differs from its final place
  FAIL [E]: cha 2031: the displayed division or field differs from its saved snapshot
  FAIL [E]: cha 2031: the drawn table differs from the saved field
  FAIL [E]: cha 2031: saved movement differs from the final displayed places
  FAIL [E]: cha 2031: the saved player club movement differs from its final place
  FAIL [E]: her 2030: the displayed division or field differs from its saved snapshot
  FAIL [E]: her 2030: the drawn table differs from the saved field
  FAIL [E]: her 2030: saved movement differs from the final displayed places
  FAIL [E]: her 2030: the saved player club movement differs from its final place
  FAIL [E]: her 2031: the displayed division or field differs from its saved snapshot
  FAIL [E]: her 2031: the drawn table differs from the saved field
  FAIL [E]: her 2031: saved movement differs from the final displayed places
  FAIL [E]: nan 2029: the displayed division or field differs from its saved snapshot
  FAIL [E]: nan 2029: the drawn table differs from the saved field
  FAIL [E]: nan 2029: saved movement differs from the final displayed places
  FAIL [E]: nan 2030: the displayed division or field differs from its saved snapshot
  FAIL [E]: nan 2030: the drawn table differs from the saved field
  FAIL [E]: nan 2030: saved movement differs from the final displayed places
  FAIL [E]: nan 2031: the displayed division or field differs from its saved snapshot
  FAIL [E]: nan 2031: the drawn table differs from the saved field
  FAIL [E]: nan 2031: saved movement differs from the final displayed places
  FAIL [E]: nan 2031: the saved player club movement differs from its final place
  7 saves: repairCareer byte equal, every saved row reads the finish, league and mode main read; matchdays moved to the league's real count on 6 rows (ere 2027 Twente: 38 to 34; ere 2028 Twente: 38 to 34; cha 2027 Norwich City: 38 to 46; cha 2028 Norwich City: 38 to 46; her 2027 Hertha Berlin: 38 to 34; her 2028 Hertha Berlin: 38 to 34); each played three more seasons

C4. BAND: a higher place on the ladder finishes higher, tier 4 clubs included
  Championship: 19 of 24 ordered, rho 1.000 to 1.000; tier 4 17, rho 1.000 to 1.000
  Brasileirao: 16 of 20 ordered, rho 1.000 to 1.000; tier 4 10, rho 1.000 to 1.000
  Eredivisie: 7 of 18 ordered, rho 1.000 to 1.000; tier 4 3 (too few to measure)
  Saudi Pro League: 7 of 18 ordered, rho 1.000 to 1.000; tier 4 1 (too few to measure)
  Primeira Liga: 8 of 18 ordered, rho 1.000 to 1.000; tier 4 5, rho 1.000 to 1.000
  Super Lig: 9 of 18 ordered, rho 1.000 to 1.000; tier 4 0 (too few to measure)
  2. Bundesliga: 5 of 18 ordered, rho 1.000 to 1.000; tier 4 5, rho 1.000 to 1.000
  Belgian Pro League: 10 of 18 ordered, rho 1.000 to 1.000; tier 4 0 (too few to measure)
  8 leagues measured over three key sets: lowest 1.000, highest 1.000 (floor 0.97); tier 4 alone in 4: lowest 1.000, highest 1.000 (floor 0.97)

D1. WORLD: a season in a sized league always has its finish, its matchdays and a whole table
  FAIL [D1]: Stuttgart 2039 (Bundesliga): the displayed division or field differs from its saved snapshot
  FAIL [D1]: Stuttgart 2039 (Bundesliga): the drawn table differs from the saved field
  FAIL [D1]: Stuttgart 2039 (Bundesliga): saved movement differs from the final displayed places
  FAIL [D1]: Stuttgart 2039 (Bundesliga): Hertha Berlin, Holstein Kiel, Nurnberg, Hannover 96 left off the drawn table
  FAIL [D1]: Bayern Munich 2040 (Bundesliga): the displayed division or field differs from its saved snapshot
  FAIL [D1]: Bayern Munich 2040 (Bundesliga): the drawn table differs from the saved field
  FAIL [D1]: Bayern Munich 2040 (Bundesliga): saved movement differs from the final displayed places
  FAIL [D1]: Bayern Munich 2040 (Bundesliga): Hertha Berlin, Holstein Kiel, Hannover 96, Karlsruhe left off the drawn table
  FAIL [D1]: 32821 seasons in a sized league broke a rule
  seed set 0, 300 careers x 17 nations in 628 s: 64772 seasons, 43720 in a sized league (a finish from 1 to the size, 2 x (size - 1) matchdays), 22088 tables in a ladder league outside the five whose names cover every row
  drawn as the page draws them (up to 300 a league): 4798 tables, every row named, 1st place named, no club of the league left off: Championship 300 of 721 (290 not his title); Brasileirao 300 of 3930 (241 not his title); Eredivisie 300 of 3249 (245 not his title); Saudi Pro League 300 of 3098 (273 not his title); Primeira Liga 299 of 3480 (226 not his title, 1 the Season Centre could not derive); Super Lig 300 of 3150 (280 not his title); 2. Bundesliga 300 of 496 (293 not his title); Belgian Pro League 300 of 2708 (280 not his title)

D2. WORLD: more seasons end with a league position and a real table than on main
  seasons holding a league position: main 41.0%, now 70.5%; with a table in Week by week: main 34.1%, now 67.5%; share of table rows carrying a name: main 24.0%, now 65.8%
  Netherlands: 3765 seasons; position main 29.1%, now 80.5%; table main 20.7%, now 78.3% (floor 75.1%)
  Portugal: 3838 seasons; position main 29.6%, now 83.3%; table main 20.7%, now 81.4% (floor 72.3%)
  Turkey: 3806 seasons; position main 29.4%, now 82.9%; table main 21.6%, now 80.8% (floor 73.5%)
  Belgium: 3752 seasons; position main 29.3%, now 85.2%; table main 21.4%, now 83.2% (floor 66.9%)
  Brazil: 3816 seasons; position main 31.4%, now 82.4%; table main 23.0%, now 80.1% (floor 75.9%)
  Saudi Arabia: 3836 seasons; position main 30.6%, now 82.5%; table main 23.0%, now 80.8% (floor 76.9%)
  where the seasons are: big five 21632 (33.4%; position 100.0%, table 100.0%); plain and sized 22088 (34.1%; position 100.0%, table 100.0%); odd ledger 6367 (9.8%; position 9.2%, table 0.0%); a pool league waiting for its format 5212 (8.0%; position 6.6%, table 0.0%); not a Club Manager league 9473 (14.6%; position 10.4%, table 0.0%)
  critic 12, printed and not asserted: a tier 4 pool club's finish as a share of the table, titles apart: in the five (the tier's band) mean 0.813 over 765, 0.0% in the top half; in a ladder league mean 0.613 over 2217, 36.5% in the top half

B6. POOL: the engine's own seed key carries the club, and every ladder club is banded by its ladder
  32411 finishes the engine drew from 2026 in a ladder league outside the five: 31955 banded by the ladder; 456 by the tier for a club the list does not place in that league (Championship: Brentford x6, Championship: Brighton x5, Championship: Fulham x20, Championship: Sunderland x16, Championship: Coventry City x10, Championship: Everton x27, 2. Bundesliga: Gladbach x6, Championship: Aston Villa x30)

simCareerLeagueWorld control snapshotfield: section D1 went red as it must (34 failures)
