  control mathrandom: mutated src/lib/careerPreDraft.ts

5. Every draw comes from keyedRng
  ok: no Math.random in the code of the five files or of the night builder
  ok: the night builder holds no stream and no clock of its own
  FAIL: a career drew from Math.random: Math.random was called
  FAIL: 1535 of 1600 careers came out different on a replay

1. Era rules
  ok: nfl:now: 7 rounds, 32 teams, routes power, small
  ok: nfl:y2005: 7 rounds, 32 teams, routes power, small
  ok: nba:now: 2 rounds, 30 teams, routes one, three
  ok: nba:y2004: 2 rounds, 29 teams, routes prep, one, three
  ok: mlb:now: 20 rounds, 30 teams, routes hs, juco, college
  ok: mlb:y2004: 50 rounds, 30 teams, routes hs, juco, college
  ok: nhl:now: 7 rounds, 32 teams, routes junior, college, europe
  ok: nhl:y2006: 7 rounds, 30 teams, routes junior, college, europe

2. The team always equals the holder of the pick
  ok: nfl:now: all 1507 drafted players joined the holder of their pick, undrafted share 24.6%
  ok: nfl:y2005: all 1490 drafted players joined the holder of their pick, undrafted share 25.5%
  ok: nba:now: all 1572 drafted players joined the holder of their pick, undrafted share 21.4%
  ok: nba:y2004: all 1589 drafted players joined the holder of their pick, undrafted share 20.5%
  ok: mlb:now: all 1553 drafted players joined the holder of their pick, undrafted share 22.4%
  ok: mlb:y2004: all 1600 drafted players joined the holder of their pick, undrafted share 20.0%
  ok: nhl:now: all 1561 drafted players joined the holder of their pick, undrafted share 21.9%
  ok: nhl:y2006: all 1551 drafted players joined the holder of their pick, undrafted share 22.4%

3. Median pick falls as the stock decile rises
  ok: nfl:now: rho -0.930, decile medians 225 225 225 182 144 113 81 51 31 12, top over bottom 0.053, middle deciles at 0.573 of the draft, largest next over previous decile 1.000
  ok: nfl:y2005: rho -0.929, decile medians 225 225 225 183 145 113 77 52 30 11, top over bottom 0.047, middle deciles at 0.576 of the draft, largest next over previous decile 1.000
  ok: nba:now: rho -0.971, decile medians 61 61 59 50 41 33 25 18 13 7, top over bottom 0.115, middle deciles at 0.608 of the draft, largest next over previous decile 1.000
  ok: nba:y2004: rho -0.969, decile medians 59 59 56 48 39 31 25 20 14 8, top over bottom 0.136, middle deciles at 0.603 of the draft, largest next over previous decile 1.000
  ok: mlb:now: rho -0.970, decile medians 601 601 590 502 418 321 248 189 121 58, top over bottom 0.096, middle deciles at 0.615 of the draft, largest next over previous decile 1.000
  ok: mlb:y2004: rho -0.973, decile medians 1501 1501 1409 1190 997 780 606 446 304 118, top over bottom 0.078, middle deciles at 0.592 of the draft, largest next over previous decile 1.000
  ok: nhl:now: rho -0.971, decile medians 225 225 218 184 154 127 96 69 45 24, top over bottom 0.107, middle deciles at 0.626 of the draft, largest next over previous decile 1.000
  ok: nhl:y2006: rho -0.974, decile medians 211 211 208 170 139 107 82 58 39 20, top over bottom 0.095, middle deciles at 0.586 of the draft, largest next over previous decile 1.000

4. NBA lottery frequencies against the verified combinations
  ok: nba:now: seed 1 won pick 1 13.61% (verified 14%); pick 1: largest |z| 2.74, chi-square 16.2; pick 2: largest |z| 2.90, chi-square 19.7; pick 3: largest |z| 1.74, chi-square 7.5; pick 4: largest |z| 2.27, chi-square 14.0
  ok: nba:y2004: seed 1 won pick 1 24.79% (verified 25%); pick 1: largest |z| 2.57, chi-square 11.0; pick 2: largest |z| 2.15, chi-square 12.0; pick 3: largest |z| 1.49, chi-square 4.1

4b. Every round after the first is plain inverse record
  ok: nfl:now: 200 orders, rounds 2 to 7 all inverse record, round 1 too
  ok: nfl:y2005: 200 orders, rounds 2 to 7 all inverse record, round 1 too
  ok: nba:now: 200 orders, rounds 2 to 2 all inverse record
  ok: nba:y2004: 200 orders, rounds 2 to 2 all inverse record
  ok: mlb:now: 200 orders, rounds 2 to 20 all inverse record, round 1 too
  ok: mlb:y2004: 200 orders, rounds 2 to 50 all inverse record, round 1 too
  ok: nhl:now: 200 orders, rounds 2 to 7 all inverse record, round 1 too
  ok: nhl:y2006: 200 orders, rounds 2 to 7 all inverse record, round 1 too

6. Every card says what it does
  ok: nfl:now: 6060 choices and 2000 showcases did exactly what they said; 1346 drills graded the same whichever approach
  ok: nfl:y2005: 6060 choices and 2000 showcases did exactly what they said; 1344 drills graded the same whichever approach
  ok: nba:now: 4056 choices and 2000 showcases did exactly what they said; 1319 drills graded the same whichever approach
  ok: nba:y2004: 3444 choices and 2000 showcases did exactly what they said; 1376 drills graded the same whichever approach
  ok: mlb:now: 4032 choices and 2000 showcases did exactly what they said; 1337 drills graded the same whichever approach
  ok: mlb:y2004: 4037 choices and 2000 showcases did exactly what they said; 1324 drills graded the same whichever approach
  ok: nhl:now: 4060 choices and 2000 showcases did exactly what they said; 1369 drills graded the same whichever approach
  ok: nhl:y2006: 4060 choices and 2000 showcases did exactly what they said; 1333 drills graded the same whichever approach

7. Growth never passes the ceiling
  ok: nfl:now: 18000 steps, none past the ceiling
  ok: nfl:y2005: 18000 steps, none past the ceiling
  ok: nba:now: 13992 steps, none past the ceiling
  ok: nba:y2004: 12768 steps, none past the ceiling
  ok: mlb:now: 13944 steps, none past the ceiling
  ok: mlb:y2004: 13954 steps, none past the ceiling
  ok: nhl:now: 14000 steps, none past the ceiling
  ok: nhl:y2006: 14000 steps, none past the ceiling

8. Old saves and corrupt blocks
  ok: 13 missing or corrupt blocks read as none, 3 good ones round trip, a renamed pending card is dropped

9. The scouts path is byte equal to its recording
  FAIL: nfl:now: the states after the draft are not the recorded bytes. First three roads recorded [{"approach":"skip","grade":null,"stock":3,"pick":null,"team":"BUF"},{"approach":"skip","grade":null,"stock":79,"pick":19,"team":"DAL"},{"approach":"steady","grade":"C","stock":68,"pick":51,"team":"KC"}], now [{"approach":"skip","grade":null,"stock":3,"pick":null,"team":"CAR"},{"approach":"skip","grade":null,"stock":79,"pick":20,"team":"ARI"},{"approach":"steady","grade":"C","stock":68,"pick":52,"team":"PIT"}]
  FAIL: nfl:y2005: the states after the draft are not the recorded bytes. First three roads recorded [{"approach":"steady","grade":"A","stock":73,"pick":43,"team":"HOU"},{"approach":"skip","grade":null,"stock":54,"pick":62,"team":"MIN"},{"approach":"steady","grade":"C","stock":85,"pick":16,"team":"CLE"}], now [{"approach":"steady","grade":"A","stock":73,"pick":33,"team":"PHI"},{"approach":"skip","grade":null,"stock":54,"pick":85,"team":"DET"},{"approach":"steady","grade":"C","stock":85,"pick":14,"team":"IND"}]
  FAIL: nba:now: the states after the draft are not the recorded bytes. First three roads recorded [{"approach":"skip","grade":null,"stock":33,"pick":49,"team":"MEM"},{"approach":"steady","grade":"C","stock":73,"pick":8,"team":"SAC"},{"approach":"allout","grade":"D","stock":14,"pick":null,"team":"NOP"}], now [{"approach":"skip","grade":null,"stock":33,"pick":31,"team":"DAL"},{"approach":"steady","grade":"C","stock":73,"pick":9,"team":"CLE"},{"approach":"allout","grade":"D","stock":14,"pick":null,"team":"MIL"}]
  FAIL: nba:y2004: the states after the draft are not the recorded bytes. First three roads recorded [{"approach":"steady","grade":"A","stock":54,"pick":26,"team":"HOU"},{"approach":"allout","grade":"C","stock":59,"pick":14,"team":"NOH"},{"approach":"allout","grade":"D","stock":32,"pick":45,"team":"MEM"}], now [{"approach":"steady","grade":"A","stock":54,"pick":19,"team":"WAS"},{"approach":"allout","grade":"C","stock":59,"pick":19,"team":"BOS"},{"approach":"allout","grade":"D","stock":32,"pick":47,"team":"DAL"}]
  FAIL: mlb:now: the states after the draft are not the recorded bytes. First three roads recorded [{"approach":"skip","grade":null,"stock":1,"pick":null,"team":"TBR"},{"approach":"steady","grade":"C","stock":79,"pick":48,"team":"NYY"},{"approach":"steady","grade":"D","stock":6,"pick":null,"team":"WSN"}], now [{"approach":"skip","grade":null,"stock":1,"pick":null,"team":"COL"},{"approach":"steady","grade":"C","stock":79,"pick":66,"team":"HOU"},{"approach":"steady","grade":"D","stock":6,"pick":null,"team":"MIL"}]
  FAIL: mlb:y2004: the states after the draft are not the recorded bytes. First three roads recorded [{"approach":"steady","grade":"A","stock":40,"pick":1002,"team":"CIN"},{"approach":"allout","grade":"D","stock":0,"pick":1425,"team":"LAD"},{"approach":"allout","grade":"C","stock":77,"pick":200,"team":"SDP"}], now [{"approach":"steady","grade":"A","stock":40,"pick":699,"team":"CLV"},{"approach":"allout","grade":"D","stock":0,"pick":1429,"team":"KCR"},{"approach":"allout","grade":"C","stock":77,"pick":157,"team":"MIN"}]
  FAIL: nhl:now: the states after the draft are not the recorded bytes. First three roads recorded [{"approach":"allout","grade":"A","stock":45,"pick":131,"team":"MIN"},{"approach":"skip","grade":null,"stock":0,"pick":214,"team":"DET"},{"approach":"steady","grade":"C","stock":25,"pick":198,"team":"NYI"}], now [{"approach":"allout","grade":"A","stock":45,"pick":89,"team":"STL"},{"approach":"skip","grade":null,"stock":0,"pick":null,"team":"WPG"},{"approach":"steady","grade":"C","stock":25,"pick":169,"team":"STL"}]
  FAIL: nhl:y2006: the states after the draft are not the recorded bytes. First three roads recorded [{"approach":"steady","grade":"A","stock":22,"pick":null,"team":"NYI"},{"approach":"allout","grade":"D","stock":0,"pick":200,"team":"PIT"},{"approach":"skip","grade":null,"stock":80,"pick":23,"team":"PHX"}], now [{"approach":"steady","grade":"A","stock":22,"pick":144,"team":"BOS"},{"approach":"allout","grade":"D","stock":0,"pick":null,"team":"NYI"},{"approach":"skip","grade":null,"stock":80,"pick":24,"team":"COL"}]

13. Draft night shows what the engine did, and never draws
  ok: nfl:now: 2000 nights are the saved outcome over the engine's order (1507 drafted, 493 undrafted), every pick inside the quoted range, 17 built nights (picks 1 to 12, the last four, undrafted) show every pick once, 1192 unbacked outcomes built nothing, at most 8 board rows
  ok: nfl:y2005: 2000 nights are the saved outcome over the engine's order (1490 drafted, 510 undrafted), every pick inside the quoted range, 17 built nights (picks 1 to 12, the last four, undrafted) show every pick once, 1188 unbacked outcomes built nothing, at most 8 board rows
  ok: nba:now: 2000 nights are the saved outcome over the engine's order (1572 drafted, 428 undrafted), every pick inside the quoted range, 17 built nights (picks 1 to 12, the last four, undrafted) show every pick once, 1220 unbacked outcomes built nothing, at most 5 board rows and 4 lottery rows
  ok: nba:y2004: 2000 nights are the saved outcome over the engine's order (1589 drafted, 411 undrafted), every pick inside the quoted range, 17 built nights (picks 1 to 12, the last four, undrafted) show every pick once, 1244 unbacked outcomes built nothing, at most 5 board rows and 3 lottery rows
  ok: mlb:now: 2000 nights are the saved outcome over the engine's order (1553 drafted, 447 undrafted), every pick inside the quoted range, 17 built nights (picks 1 to 12, the last four, undrafted) show every pick once, 1184 unbacked outcomes built nothing, at most 8 board rows
  ok: mlb:y2004: 2000 nights are the saved outcome over the engine's order (1600 drafted, 400 undrafted), every pick inside the quoted range, 17 built nights (picks 1 to 12, the last four, undrafted) show every pick once, 1292 unbacked outcomes built nothing, at most 8 board rows
  ok: nhl:now: 2000 nights are the saved outcome over the engine's order (1561 drafted, 439 undrafted), every pick inside the quoted range, 17 built nights (picks 1 to 12, the last four, undrafted) show every pick once, 1216 unbacked outcomes built nothing, at most 8 board rows
  ok: nhl:y2006: 2000 nights are the saved outcome over the engine's order (1551 drafted, 449 undrafted), every pick inside the quoted range, 17 built nights (picks 1 to 12, the last four, undrafted) show every pick once, 1216 unbacked outcomes built nothing, at most 8 board rows

simCareerPreDraft [control mathrandom] [seed set a]: 10 FAILURE(S)
