A) every ledger row with a group ships once, under its own club, and nobody else does
   310 ledger rows with a group, 310 shipped, 2 without a group held back
   joined world: 1 stale baked row(s) dropped, 0 A-League names in two squads
B) every value cites its club page and every rating sits on the shared curve
   310 players checked against 12 club pages, 61 with no value at the floor (rating 48)
   partial by the ledger rule: Central Coast Mariners (13 of 25)
C) every shipped nationality and age stands on two hosts
   299 nationalities shipped on two hosts, 11 left unknown, every age on two hosts
D) 10 seeded seasons at A-League clubs, plus one at each club outside the cup
   boards: {"Win the A-League Men":2,"Make the finals":5,"Finish mid-table or better":5}
   11 home players asks read at Australian clubs, every one for Australia
   10 seasons ended, 1 sacked, 10 Australia Cup finals with a winner (Sydney FC 2, Melbourne City 2, Western Sydney Wanderers 1, Melbourne Victory 1, Brisbane Roar 1, Central Coast Mariners 1, Macarthur FC 1, Adelaide United 1)
   Auckland FC: 0 cup weeks, cup null, sits out the Australia Cup, home players ask for New Zealand, season ended
   Wellington Phoenix: 0 cup weeks, cup null, sits out the Australia Cup, home players ask for New Zealand, season ended
   every short cup crowned a winner: scottish 12, austria 12, greece 14, denmark 12, switzerland 12, croatia 10, aleague 10; full fields of sixteen: 19
   17 played brackets read for shape (round sizes, nobody twice, no self ties, each round fed by the last plus the byes): 0 faults
E) the club, league, country and player counts in the copy agree with the engine
   engine: 27 leagues, 454 clubs, 21 countries, 5067 real players in the joined world
  FAIL: src/data/gameContent/clubManagement.ts: "438 real clubs across 26 leagues in 20 countries" says 438, the engine has 454
  FAIL: src/data/gameContent/clubManagement.ts: "438 real clubs across 26 leagues in 20 countries" says 26, the engine has 27
  FAIL: src/data/gameContent/clubManagement.ts: "438 real clubs across 26 leagues in 20 countries" says 20, the engine has 21
  FAIL: src/data/gameContent/clubManagement.ts: "over 4,500" real players, the game has 5067
  FAIL: src/components/club-manager/ClubManagerHelp.tsx: "Pick any club in 26 real leagues" says 26, the engine has 27
  FAIL: src/components/club-manager/ClubManagerHelp.tsx: ": 438 clubs and over 4,500 real players" says 438, the engine has 454
  FAIL: src/components/club-manager/ClubManagerHelp.tsx: "over 4,500" real players, the game has 5067
  FAIL: src/components/club-manager/ClubManagerHelp.tsx: "over 4,500" real players, the game has 5067
  FAIL: src/data/gameRegistry.ts: "Manage any of 438 real clubs across 26 leagues" says 438, the engine has 454
  FAIL: src/data/gameRegistry.ts: "Manage any of 438 real clubs across 26 leagues" says 26, the engine has 27
  FAIL: src/data/seoMeta.ts: "Manage any of 438 real clubs across 26 leagues" says 438, the engine has 454
  FAIL: src/data/seoMeta.ts: "Manage any of 438 real clubs across 26 leagues" says 26, the engine has 27
  FAIL: src/data/seoMetaParts/seoMetaPart12.ts: "Manage any of 438 real clubs across 26 leagues" says 438, the engine has 454
  FAIL: src/data/seoMetaParts/seoMetaPart12.ts: "Manage any of 438 real clubs across 26 leagues" says 26, the engine has 27
  FAIL: src/pages/ClubManager.tsx: "438 clubs across 26 real leagues" says 438, the engine has 454
  FAIL: src/pages/ClubManager.tsx: "438 clubs across 26 real leagues" says 26, the engine has 27
  FAIL: src/pages/ClubManager.tsx: "438 clubs across 26 real leagues" says 438, the engine has 454
  FAIL: src/pages/ClubManager.tsx: "438 clubs across 26 real leagues" says 26, the engine has 27
   10 count lines read across 6 files
simClubManagerALeague: 18 failure(s)
