1) A fresh 2020 save is the real 2020 squad, untouched
   Bayern Munich: 26 in squad, 26 bake rows, 0 mismatches, 0 generated
   PSG: 24 in squad, 24 bake rows, 0 mismatches, 0 generated
   Manchester City: 24 in squad, 24 bake rows, 0 mismatches, 0 generated
   Barcelona: 24 in squad, 24 bake rows, 0 mismatches, 0 generated
2) Five worlds (2026, 2020, 2015, 2010, 2005), and none of them leak
  FAIL: 2020-only Lucas Olaza is on the 2026 market
  FAIL: 2020-only Mathew Leckie is on the 2026 market
  FAIL: 2020-only Jhon Córdoba is on the 2026 market
   947 era-exclusive names checked against the 2026 market, 8 leaks
   2020 and now: 827 shared names, 10 listed pairs of two men, 0 unexplained
   2020 and era2015: 573 shared names, 5 listed pairs of two men, 0 unexplained
   2020 and era2010: 164 shared names, 5 listed pairs of two men, 0 unexplained
   2020 and era2005: 32 shared names, 13 listed pairs of two men, 0 unexplained
3) Boards talk 2020-21: the giants told to win it, the promoted told to stay up
   98 club demands checked across the five 2020-21 leagues
4) Full seasons play out plausibly in all five leagues
   Bayern 1,1,1,1,1,1 (mean 1.00) · PSG 2,1,2,1,1,1 (mean 1.33)
   Manchester City 2,2,5,4,2,1 (mean 2.67) · Crotone 20,20,20,20,20,20 (mean 20.00)
5) The bake file tells the truth about itself
   98 clubs, 1774 players (META says 1774 in 98), 256 window corrections
   one man one club: 0 duplicates; window sample: 31 of 31 movers landed, 12 of 12 leavers gone
   no record placed, so left where the year-2020 row has them: Valentino Lazaro at Newcastle (Gladbach by 2021), Cristiano Biraghi at Inter Milan (Fiorentina by 2021), Bas Dost at Eintracht Frankfurt (Club Brugge by 2021)
6) The uplift is small, keeps the order, and leaves the rank and file alone
   top 50, uplifted 2020 against modern, mean gap 0.12 (band +-0.5)
7) The real 2020-21 Champions League field, eight groups into a round of 16
   32 clubs, 19 with baked 2020-21 squads; winner Chelsea
8) Every past season's market files a man under the league his club plays in that season
   era2010: 1721 market players at era league clubs, 0 filed under the wrong league (today's lookup would file 364)
   era2015: 1627 market players at era league clubs, 0 filed under the wrong league (today's lookup would file 356)
   era2005: 1698 market players at era league clubs, 0 filed under the wrong league (today's lookup would file 421)
   era2020: 1747 market players at era league clubs, 0 filed under the wrong league (today's lookup would file 331)
   29 era-only clubs, 6 of them in more than one era; reversing ERA_LEAGUES moves 0
  FAIL: only 6 era-only clubs sit in two eras; the order check has nothing to bite on
  FAIL: an unscoped leagueOf('Cádiz') reads segunda; it has always read laliga2005

simEra2020: 5 failure(s).
