
 RUN  v3.2.7 /home/runner/work/ballpark-hero/ballpark-hero

stdout | src/test/playerAutocompleteStale.test.tsx > player autocomplete: a list is only on screen for the query that produced it > never offers the last query under new text, across 200 seeded timings
STALE_SWEEP seed=1138 trials=200 staleVisible=0 stalePicked=0 currentPicked=200 stuckFinding=0

 ✓ src/test/playerAutocompleteStale.test.tsx > player autocomplete: a list is only on screen for the query that produced it > never offers the last query under new text, across 200 seeded timings 475ms
 ✓ src/test/playerAutocompleteStale.test.tsx > player autocomplete: a list is only on screen for the query that produced it > drops the list in the same render the text changes 32ms
 ✓ src/test/playerAutocompleteStale.test.tsx > player autocomplete: a list is only on screen for the query that produced it > drops the list when the search options change under the same text 12ms
 ✓ src/test/playerAutocompleteStale.test.tsx > player autocomplete: a list is only on screen for the query that produced it > drops the list when the player leaves the box and searches again on return 55ms
 ✓ src/test/playerAutocompleteStale.test.tsx > player autocomplete: a list is only on screen for the query that produced it > Enter picks the only name showing when the page asks for a pick from the list 18ms
 ✓ src/test/playerAutocompleteStale.test.tsx > player autocomplete: a list is only on screen for the query that produced it > Enter still sends the typed text on a free text page with one name showing 7ms
 ✓ src/test/playerAutocompleteStale.test.tsx > player autocomplete: a list is only on screen for the query that produced it > offers a settled list for the text in the box exactly as before 6ms
 ✓ src/test/playerAutocompleteStale.test.tsx > player autocomplete: a list is only on screen for the query that produced it > never shows Finding players with nothing in flight 33ms
 ✓ src/test/playerAutocompleteStale.test.tsx > player autocomplete: a list is only on screen for the query that produced it > searches at exactly the fewest letters the page asks for 7ms
 ✓ src/test/playerAutocompleteStale.test.tsx > player autocomplete: a list is only on screen for the query that produced it > drops a search still in flight when the player leaves the box 8ms
 ✓ src/test/playerAutocompleteStale.test.tsx > player autocomplete: a list is only on screen for the query that produced it > drops a search still in flight when a name is picked 6ms
 ✓ src/test/playerAutocompleteStale.test.tsx > player autocomplete: a list is only on screen for the query that produced it > Escape leaves the box while a search is in flight 8ms
 ✓ src/test/playerAutocompleteStale.test.tsx > player autocomplete: a list is only on screen for the query that produced it > a pick does not bring the list back under the picked name 13ms
 ✓ src/test/playerAutocompleteStale.test.tsx > player autocomplete: a list is only on screen for the query that produced it > the click of the tap that picked a name never reaches what was under the list 15ms
 × src/test/playerAutocompleteStale.test.tsx > player autocomplete: a list is only on screen for the query that produced it > never shows Finding players for a source that answers in the same tick 11ms
   → keys after which the waiting row was on the page with no timer run: expected [ Array(7) ] to deeply equal []

 Test Files  1 failed (1)
      Tests  1 failed | 14 passed (15)
   Start at  21:36:01
   Duration  1.37s (transform 105ms, setup 28ms, collect 228ms, tests 706ms, environment 156ms, prepare 40ms)



⎯⎯⎯⎯⎯⎯⎯ Failed Tests 1 ⎯⎯⎯⎯⎯⎯⎯

 FAIL  src/test/playerAutocompleteStale.test.tsx > player autocomplete: a list is only on screen for the query that produced it > never shows Finding players for a source that answers in the same tick
AssertionError: keys after which the waiting row was on the page with no timer run: expected [ Array(7) ] to deeply equal []

- Expected
+ Received

- []
+ [
+   "Alp",
+   "Alph",
+   "Alpha",
+   "Alph",
+   "Bra",
+   "Brav",
+   "Bravo",
+ ]

 ❯ src/test/playerAutocompleteStale.test.tsx:644:96
    642|       offered[text] = optionsIn(view.container).map(o => o.textContent…
    643|     }
    644|     expect(findingAfter, 'keys after which the waiting row was on the …
       |                                                                                                ^
    645|     // And the row is gone because the answer came, not because the pa…
    646|     const want = Object.fromEntries(keys.map(text => [text, fixtureFor…

⎯⎯⎯⎯⎯⎯⎯⎯⎯⎯⎯⎯⎯⎯⎯⎯⎯⎯⎯⎯⎯⎯⎯⎯[1/1]⎯

simPlayerAutocompleteInteraction zerotimer control: stale list test 15 rejected the changed component and tests 1, 7, 8 stayed green.
