1) Five rungs, ordered, and each one a real promise
   Star man 88% · Key first teamer 74% · Rotation option 32% · Backup 12% · One for the future 5%
2) Nobody starts a save already furious
   159 players across seven clubs: 21 star, 56 key, 28 rotation, 46 backup, 8 prospect
   0 of them start two or more rungs below what they think they have earned
3) His last ten counts games he could have played, and only those
   Jarrad Branthwaite (played): window 10 long, 10 involved, share 1
   Tyler Dibling (benched): window 10 long, 2.4000000000000004 involved, share 0.24000000000000005
   Tyrique George (injured throughout): window 0 long, gap 0.00
3b) A benched man reads as benched, measured over a run of them
   25 scenarios: benched share mean 0.311, 8% of them over a half, starters never below 1.000
3c) A start is a game, and coming on is worth the minutes he got
   87 quick sims: 957 starts each worth 1, 139 men came on and their match is worth 0.34 on average
4) A backup who plays is content, a star who does not is finished
   after 14 weeks, morale relative to the rest of the XI (80 paired seasons):
     benched man told he was a backup:          -16.9
     the SAME benched man told he was a star:   -41.4   (paired cost 24.44, 2se 1.06)
     playing man told he was a key first teamer: 3.6
     the SAME playing man told he was a backup: -6.3   (paired cost 9.93, 2se 2.18)
5) Two managers, the same rotation, one of them keeps his word
   Everton, 300 seasons an arm:
     KEEPS HIS WORD:  43.9 pts (#14.3), board 37, squad morale 50.8, best XI morale 50.3, 0.33 transfer requests, sacked 131/300
     EVERYONE A STAR: 41.1 pts (#15.5), board 29, squad morale 14.7, best XI morale 16.7, 10.25 transfer requests, sacked 155/300
   Aston Villa, 300 seasons an arm:
     KEEPS HIS WORD:  49.6 pts (#11.6), board 36, squad morale 55.8, best XI morale 58.5, 0.42 transfer requests, sacked 151/300
     EVERYONE A STAR: 45.5 pts (#13.6), board 25, squad morale 13.3, best XI morale 19.4, 18.04 transfer requests, sacked 183/300
   Manchester City, 300 seasons an arm:
     KEEPS HIS WORD:  69.4 pts (#3.4), board 68, squad morale 91.3, best XI morale 92.1, 0.03 transfer requests, sacked 44/300
     EVERYONE A STAR: 65.8 pts (#4.6), board 57, squad morale 47.0, best XI morale 64.4, 8.20 transfer requests, sacked 69/300
   league points from keeping your word, averaged over the three clubs: 3.52 (2.8, 4.1, 3.6)
   board confidence from keeping your word, same average: 9.91
6) A transfer request is a real thing, not a notification
   Jarrad Branthwaite is worth 33.1m settled and 27.2m once he has asked to leave
   over 200 January windows: 131 bids for him once he wants out, 22 while he was settled
7) Renegotiating: it works, it costs, and it is not a way out of everything
   Marc Guéhi on 62k a week, star down to rotation: 0.7m settlement, budget 160m to 159.3m, morale 70 to 21, request withdrawn true
   Rayan Aït-Nouri promoted backup to key first teamer: cost 0.0m, morale 70 to 77
   dropping a 300k a week man two rungs costs 3.6m, a 12k a week man 0.1m
8) One unhappy man is felt by the rest, and the inbox can fix him
   200 paired seasons: the XI sits on 84.4 morale with a settled bench and 77.5 with three men on it who were promised the earth
   paired difference 6.91 morale (2se 2.27)
   one season of benching a man you called a star: 3 corridor conversations, 1 written requests, 3 of them settled by telling him the truth for 0.6m
9) Old saves repair themselves, twice over
   repaired 22 players: 0 without a role, 0 without a window
   a pre-round Ajax save played a full season: 0 players still without a role afterwards
   after the summer: 22/22 still carry a role, 0 carry last season's window, 0 carry last season's transfer request
10) A manager who never opens the screen is where he always was
   60 do nothing Everton seasons: 47.9 pts (2se 2.8), 1.55 transfer requests, sacked 19/60
11) Copy check
   12 files clean

ALL ROLE CHECKS PASSED
