CONTROL position: src/lib/season/core.ts, src/lib/season/core.ts patched in the bundle only
bundled in 942 ms; 120 careers, seed set 0
played 120 careers in 19212 ms
ok   T1 old save, no leagueApps, no finish: results mode, attempt 0, 0 repairs
ok   T2 keeper, clean sheets equal apps: table mode, attempt 0, 0 repairs
ok   T3 defender with derby shutouts: table mode, attempt 0, 0 repairs
ok   T4 severe injury, both derbies played: results mode, attempt 0, 0 repairs
ok   T5 on loan: table mode, attempt 0, 0 repairs
ok   T6 red card in his last league game: table mode, attempt 0, 0 repairs
ok   T7 38 league apps in an 18 club league: table mode, attempt 0, 0 repairs
ok   T8 a 1992/93 Serie A row: results mode, attempt 0, 0 repairs
ok   T9 starter, 36 league apps, 10 week injury: table mode, attempt 0, 0 repairs
ok   T10 injured results mode row: results mode, attempt 0, 0 repairs
ok   T11 Ligue 1 2019-20 champions (abandoned): results mode, attempt 0, 0 repairs
ok   T12 Golden Boot season: table mode, attempt 0, 0 repairs
ok   T13 a title with no verified size: results mode, attempt 0, 0 repairs
seasons 2163; gate {"format":44,"table":1225,"nofinish":695,"nosize":128,"severe":71}
derived: table 1223, results 938; null 2 (injured 2 of 462, uninjured 0 of 1701) {"table:availability":2}
attempts {"0":2161}; repairs {"0":2143,"1-5":17,"6-15":1}
determinism 2161 of 2161; key reconstruction 811 of 811
tables in a league the world runs no title race for, 1st place a named club that is not his: 20
ok   the population has both modes (1223 table, 938 results)
ok   null rate 0.09% at most 0.6%
ok   table yield 99.84% of 1225 gated seasons, at least 99.2%
ok   determinism on 2161 seasons
ok   key reconstruction on 811 finishes
ok   realism gpg: derived 2.626 against unconditioned 2.613 (gap 0.012, band 0.05) over 956 tables
ok   realism home: derived 0.445 against unconditioned 0.444 (gap 0.001, band 0.015) over 956 tables
ok   realism draw: derived 0.227 against unconditioned 0.229 (gap -0.002, band 0.015) over 956 tables
ok   realism champPpg: derived 2.239 against unconditioned 2.249 (gap -0.010, band 0.08) over 956 tables
finish fifth 1 (not champions): points a game p1 1.50 p50 2.00 p99 2.39 over 239
finish fifth 2 (not champions): points a game p1 1.26 p50 1.79 p99 2.32 over 195
finish fifth 3 (not champions): points a game p1 1.02 p50 1.53 p99 2.13 over 189
finish fifth 4 (not champions): points a game p1 0.68 p50 1.21 p99 1.71 over 92
finish fifth 5 (not champions): points a game p1 0.42 p50 0.95 p99 1.47 over 61
finish fifth 1: goal difference a game, table p1 0.26 p50 0.95 p99 1.68 over 239; results only mean 0.63 over 2, 2 inside
finish fifth 2: goal difference a game, table p1 -0.11 p50 0.58 p99 1.24 over 195; results only mean 0.61 over 12, 12 inside
finish fifth 3: goal difference a game, table p1 -0.56 p50 0.16 p99 0.97 over 189; results only mean 0.17 over 15, 15 inside
finish fifth 4: goal difference a game, table p1 -0.95 p50 -0.29 p99 0.45 over 92; results only mean -0.36 over 3, 3 inside
finish fifth 5: goal difference a game, table p1 -1.34 p50 -0.71 p99 -0.03 over 61; results only mean -0.82 over 3, 3 inside
ok   results only seasons with a saved finish: 35, 35 inside their fifth's table goal difference band
champions' points a game in table mode: p2 2.00 p50 2.24 p98 2.53 over 1223; results title band 1.9 to 2.65
FAIL item 2 position: c0 1997 West Ham: 15 for a saved 20 | c0 1998 West Ham: 8 for a saved 10 | c0 1999 West Ham: 10 for a saved 13 | c0 2000 West Ham: 14 for a saved 17
FAIL item 15 league world: c2 2029 PSG: displayed clubs differ from the saved season field | c2 2030 PSG: displayed clubs differ from the saved season field | c2 2030 PSG: movement differs from the final displayed places | c3 2027 Barcelona: displayed clubs differ from the saved season field
FAIL independent checker: 2 position, 15 league world
simSeasonCentreAgreement: 24 checks, 1841 failed (control position)
