
 RUN  v3.2.7 /home/runner/work/ballpark-hero/ballpark-hero

 ✓ src/test/statDetectiveMotion.test.tsx > actual Stat Detective committed feedback and access > reveals each real profile-backed clue and only the newest guess without remounting older rows 571ms
 ✓ src/test/statDetectiveMotion.test.tsx > actual Stat Detective committed feedback and access > keeps the non-first native option mounted during focus transfer and preserves input Enter-first matching 131ms
 ✓ src/test/statDetectiveMotion.test.tsx > actual Stat Detective committed feedback and access > cues a committed win once with exact helper feedback, share truth and undefined completion score 128ms
 ✓ src/test/statDetectiveMotion.test.tsx > actual Stat Detective committed feedback and access > ends exactly eight misses, then starts a quiet different case and rearms one completion per difficulty 389ms
 ✓ src/test/statDetectiveMotion.test.tsx > actual Stat Detective committed feedback and access > derives the real sparse-profile unlock gaps without inventing career clues 236ms
 × src/test/statDetectiveMotion.test.tsx > actual Stat Detective committed feedback and access > keeps short and duplicate queries quiet and clears owned feedback timers on unmount 140ms
   → expected 1 to be +0 // Object.is equality
 ✓ src/test/statDetectiveMotion.test.tsx > actual Stat Detective committed feedback and access > shows accurate rules and example before play and reopens the same native help door 108ms

 Test Files  1 failed (1)
      Tests  1 failed | 6 passed (7)
   Start at  09:05:12
   Duration  4.47s (transform 675ms, setup 76ms, collect 1.16s, tests 1.71s, environment 423ms, prepare 346ms)


Browserslist: browsers data (caniuse-lite) is 16 months old. Please run:
  npx update-browserslist-db@latest
  Why you should do it regularly: https://github.com/browserslist/update-db#readme
stderr | src/test/statDetectiveMotion.test.tsx > actual Stat Detective committed feedback and access > shows accurate rules and example before play and reopens the same native help door
Warning: Missing `Description` or `aria-describedby={undefined}` for {DialogContent}.


⎯⎯⎯⎯⎯⎯⎯ Failed Tests 1 ⎯⎯⎯⎯⎯⎯⎯

 FAIL  src/test/statDetectiveMotion.test.tsx > actual Stat Detective committed feedback and access > keeps short and duplicate queries quiet and clears owned feedback timers on unmount
AssertionError: expected 1 to be +0 // Object.is equality

- Expected
+ Received

- 0
+ 1

 ❯ src/test/statDetectiveMotion.test.tsx:169:48
    167|     expect(view.container.querySelector('[data-stat-feedback]')).toBeN…
    168|     choose(view, wrong[1]); expect(vi.getTimerCount()).toBeGreaterThan…
    169|     view.unmount(); expect(vi.getTimerCount()).toBe(0); expect(recordC…
       |                                                ^
    170|     expect(localStorage.length).toBe(0);
    171|   });

⎯⎯⎯⎯⎯⎯⎯⎯⎯⎯⎯⎯⎯⎯⎯⎯⎯⎯⎯⎯⎯⎯⎯⎯[1/1]⎯

simStatDetectiveMotion cleanup: asserted copied binding failed its intended outcome while independent real-helper checks passed.
simStatDetectiveMotion: controls never alter engines, pools, routes, saved data or the original page.
