CONTROL selfcheck: src/lib/season/core.ts patched in the bundle only
bundled in 920 ms; 120 careers, seed set 0
played 120 careers in 12849 ms
FAIL T1 old save, no leagueApps, no finish: refused at self: goals 7 != 8 (gate nofinish)
ok   T2 keeper, clean sheets equal apps: table mode, attempt 0, 7 repairs
FAIL T3 defender with derby shutouts: refused at self: goals 1 != 2 (gate table)
FAIL T4 severe injury, both derbies played: refused at self: goals 7 != 8 (gate severe)
FAIL T5 on loan: refused at self: goals 7 != 8 (gate table)
FAIL T6 red card in his last league game: refused at self: goals 7 != 8 (gate table)
FAIL T7 38 league apps in an 18 club league: refused at self: goals 19 != 20 (gate table)
FAIL T8 a 1992/93 Serie A row: refused at self: goals 7 != 8 (gate format)
FAIL T9 starter, 36 league apps, 10 week injury: refused at self: goals 13 != 14 (gate table)
FAIL T10 injured results mode row: refused at self: goals 7 != 8 (gate nofinish)
FAIL T11 Ligue 1 2019-20 champions (abandoned): refused at self: goals 17 != 18 (gate format)
FAIL T12 Golden Boot season: refused at self: goals 30 != 31 (gate table)
FAIL T13 a title with no verified size: refused at self: goals 7 != 8 (gate nosize)
seasons 2154; gate {"format":44,"table":1215,"nofinish":695,"nosize":128,"severe":72}
derived: table 203, results 161; null 1790 (injured 379 of 461, uninjured 1411 of 1693) {"results:self: goals 1 != 2":90,"results:self: goals 0 != 1":98,"table:self: goals 6 != 7":35,"table:self: goals 5 != 6":50,"table:self: goals 4 != 5":82,"table:self: goals 7 != 8":30,"table:self: goals 11 != 12":22,"table:self: goals 13 != 14":19,"results:self: goals 15 != 16":8,"results:self: goals 22 != 23":4,"table:self: goals 15 != 16":20,"table:self: goals 10 != 11":18,"table:self: goals 9 != 10":32,"results:self: goals 6 != 7":41,"results:self: goals 2 != 3":108,"results:self: goals 4 != 5":35,"results:self: goals 5 != 6":49,"results:self: goals 8 != 9":25,"results:self: goals 18 != 19":9,"results:self: goals 14 != 15":13,"results:self: goals 19 != 20":2,"results:self: goals 28 != 29":3,"results:self: goals 20 != 21":5,"table:self: goals 0 != 1":127,"table:self: goals 1 != 2":116,"table:self: goals 3 != 4":126,"results:self: goals 7 != 8":33,"results:self: goals 12 != 13":15,"results:self: goals 10 != 11":30,"results:self: goals 9 != 10":39,"results:self: goals 11 != 12":23,"results:self: goals 3 != 4":75,"table:self: goals 2 != 3":121,"table:self: goals 8 != 9":34,"table:self: goals 16 != 17":17,"table:self: goals 24 != 25":6,"table:self: goals 19 != 20":4,"table:self: goals 14 != 15":15,"table:self: goals 22 != 23":7,"table:self: goals 12 != 13":18,"results:self: goals 16 != 17":9,"table:self: goals 23 != 24":8,"table:self: goals 18 != 19":19,"table:self: goals 20 != 21":13,"table:self: goals 26 != 27":3,"table:self: goals 25 != 26":7,"results:self: goals 27 != 28":5,"results:self: goals 17 != 18":5,"results:self: goals 32 != 33":1,"results:self: goals 26 != 27":5,"results:self: goals 24 != 25":3,"results:self: goals 13 != 14":12,"table:self: goals 17 != 18":5,"table:self: goals 27 != 28":6,"table:self: goals 28 != 29":4,"table:self: goals 21 != 22":11,"table:self: goals 32 != 33":5,"table:self: goals 31 != 32":5,"table:self: goals 34 != 35":4,"table:self: goals 46 != 47":2,"table:self: goals 36 != 37":2,"table:self: goals 52 != 53":1,"table:self: goals 45 != 46":1,"table:self: goals 39 != 40":2,"table:self: goals 38 != 39":2,"results:self: goals 23 != 24":5,"table:self: goals 33 != 34":3,"table:self: goals 37 != 38":2,"table:self: goals 30 != 31":2,"results:self: goals 34 != 35":4,"results:self: goals 25 != 26":3,"results:self: goals 35 != 36":2,"results:self: goals 30 != 31":2,"results:self: goals 29 != 30":2,"results:self: goals 40 != 41":3,"table:availability":1,"results:self: goals 33 != 34":2,"results:self: goals 31 != 32":3,"results:self: goals 37 != 38":1,"results:self: goals 21 != 22":2,"table:self: goals 29 != 30":2,"results:self: goals 50 != 51":1,"results:self: goals 53 != 54":1,"results:self: goals 49 != 50":1,"table:self: goals 41 != 42":2,"results:self: goals 42 != 43":1,"table:self: goals 42 != 43":1}
attempts {"0":364}; repairs {"0":204,"6-15":54,"16-40":22,"1-5":84}
determinism 364 of 364; key reconstruction 121 of 121
tables in a league the world runs no title race for, 1st place a named club that is not his: 6
ok   the population has both modes (203 table, 161 results)
FAIL null rate 83.10% at most 0.6%
FAIL table yield 16.71% of 1215 gated seasons, at least 99.2%
ok   determinism on 364 seasons
ok   key reconstruction on 121 finishes
ok   realism gpg: derived 2.617 against unconditioned 2.619 (gap -0.002, band 0.05) over 170 tables
ok   realism home: derived 0.443 against unconditioned 0.443 (gap -0.000, band 0.015) over 170 tables
ok   realism draw: derived 0.230 against unconditioned 0.228 (gap 0.002, band 0.015) over 170 tables
ok   realism champPpg: derived 2.212 against unconditioned 2.259 (gap -0.047, band 0.08) over 170 tables
finish fifth 1 (not champions): points a game p1 1.76 p50 1.97 p99 2.29 over 45
finish fifth 2 (not champions): points a game p1 1.39 p50 1.71 p99 1.89 over 38
finish fifth 3 (not champions): points a game p1 1.13 p50 1.42 p99 1.62 over 23
finish fifth 4 (not champions): points a game p1 0.95 p50 1.15 p99 1.21 over 8
finish fifth 5 (not champions): points a game p1 0.71 p50 0.82 p99 1.03 over 4
finish fifth 1: goal difference a game, table p1 0.45 p50 0.87 p99 1.32 over 45; results only mean - over 0, 0 inside
finish fifth 2: goal difference a game, table p1 -0.03 p50 0.58 p99 0.91 over 38; results only mean 0.64 over 2, 2 inside
finish fifth 3: goal difference a game, table p1 -0.18 p50 0.03 p99 0.44 over 23; results only mean 0.05 over 1, 1 inside
finish fifth 4: goal difference a game, table p1 -0.61 p50 -0.26 p99 -0.16 over 8; results only mean - over 0, 0 inside
finish fifth 5: goal difference a game, table p1 -0.97 p50 -0.63 p99 -0.37 over 4; results only mean - over 0, 0 inside
ok   results only seasons with a saved finish: 3, 3 inside their fifth's table goal difference band
champions' points a game in table mode: p2 1.97 p50 2.21 p98 2.45 over 203; results title band 1.9 to 2.65
ok   independent checker: every derived season agrees with its row
simSeasonCentreAgreement: 24 checks, 14 failed (control selfcheck)
