
 RUN  v3.2.7 /home/runner/work/ballpark-hero/ballpark-hero

 ✓ src/test/trainingFeedbackMotion.test.tsx > Soccer Career training feedback > keeps unavailable legacy drills and the opening menu quiet with unchanged close controls 125ms
 ✓ src/test/trainingFeedbackMotion.test.tsx > Soccer Career training feedback > reveals the exact 'goal' penalty and its real zones without replacing controls 87ms
 ✓ src/test/trainingFeedbackMotion.test.tsx > Soccer Career training feedback > reveals the exact 'saved' penalty and its real zones without replacing controls 71ms
 ✓ src/test/trainingFeedbackMotion.test.tsx > Soccer Career training feedback > reveals the exact 'over-bar' penalty and its real zones without replacing controls 64ms
 ✓ src/test/trainingFeedbackMotion.test.tsx > Soccer Career training feedback > reveals the exact 'saved' keeper outcome after the existing tell and shot timing 43ms
 ✓ src/test/trainingFeedbackMotion.test.tsx > Soccer Career training feedback > reveals the exact 'wrong-way' keeper outcome after the existing tell and shot timing 65ms
 ✓ src/test/trainingFeedbackMotion.test.tsx > Soccer Career training feedback > reveals the exact 'Cone Slalom' 60 result and banks it once with immediate stable controls 223ms
 ✓ src/test/trainingFeedbackMotion.test.tsx > Soccer Career training feedback > reveals the exact 'Sprint Burst' 96 result and banks it once with immediate stable controls 375ms
 ✓ src/test/trainingFeedbackMotion.test.tsx > Soccer Career training feedback > reveals the exact 'Penalty Placement' 60 result and banks it once with immediate stable controls 88ms
 ✓ src/test/trainingFeedbackMotion.test.tsx > Soccer Career training feedback > reveals the exact 'Shot Stopping' 80 result and banks it once with immediate stable controls 82ms
 ✓ src/test/trainingFeedbackMotion.test.tsx > Soccer Career training feedback > reveals the exact 'Passing Gates' 75 result and banks it once with immediate stable controls 169ms
 ✓ src/test/trainingFeedbackMotion.test.tsx > Soccer Career training feedback > reveals the exact 'Sprint Burst' +0 result and banks it once with immediate stable controls 68ms

 Test Files  1 passed (1)
      Tests  12 passed (12)
   Start at  12:28:32
   Duration  3.72s (transform 1.21s, setup 41ms, collect 1.69s, tests 1.46s, environment 203ms, prepare 47ms)


Browserslist: browsers data (caniuse-lite) is 16 months old. Please run:
  npx update-browserslist-db@latest
  Why you should do it regularly: https://github.com/browserslist/update-db#readme
simTrainingFeedbackMotion: twelve actual-panel menu, penalty, keeper timing, marker, exact-score/tier, stable-node/focus and one-bank outcomes passed.
