✘ [ERROR] Could not resolve "../data/usSeasonLengths"

    .sim-control/career905-zSniCh/original-nflMyCareer.ts:20:31:
      20 │ import { usSeasonLength } from '../data/usSeasonLengths';
         ╵                                ~~~~~~~~~~~~~~~~~~~~~~~~~

/home/runner/work/ballpark-hero/ballpark-hero/node_modules/esbuild/lib/main.js:1472
  let error = new Error(text);
              ^

Error: Build failed with 1 error:
.sim-control/career905-zSniCh/original-nflMyCareer.ts:20:31: ERROR: Could not resolve "../data/usSeasonLengths"
    at failureErrorWithLog (/home/runner/work/ballpark-hero/ballpark-hero/node_modules/esbuild/lib/main.js:1472:15)
    at /home/runner/work/ballpark-hero/ballpark-hero/node_modules/esbuild/lib/main.js:945:25
    at /home/runner/work/ballpark-hero/ballpark-hero/node_modules/esbuild/lib/main.js:897:52
    at buildResponseToResult (/home/runner/work/ballpark-hero/ballpark-hero/node_modules/esbuild/lib/main.js:943:7)
    at /home/runner/work/ballpark-hero/ballpark-hero/node_modules/esbuild/lib/main.js:970:16
    at responseCallbacks.<computed> (/home/runner/work/ballpark-hero/ballpark-hero/node_modules/esbuild/lib/main.js:622:9)
    at handleIncomingPacket (/home/runner/work/ballpark-hero/ballpark-hero/node_modules/esbuild/lib/main.js:677:12)
    at Socket.readFromStdout (/home/runner/work/ballpark-hero/ballpark-hero/node_modules/esbuild/lib/main.js:600:7)
    at Socket.emit (node:events:514:28)
    at addChunk (node:internal/streams/readable:568:12) {
  errors: [Getter/Setter],
  warnings: [Getter/Setter]
}

Node.js v24.21.0
