bundled in 317 ms; sports nba, nfl; 40 careers a sport and a seed set; seed sets 3
played 96 careers twice in 11215 ms; 1671 seasons observed

===== NBA: 890 seasons (142 targeted), 890 played =====
ok   1 nba every team result is the engine's missed word or one of its five (890 checked)
ok   1 nba games played sit in the engine's ranges (890 checked)
ok   1 nba short seasons (66 or 72 games) are in the population (43, floor 20: 20 a seed set, 41 to 45 measured)
     by result: missed 446, 211 / 122 / 49 / 31 / 31 (depth 0 to title)
ok   1 nba every playoff depth and a title are in the population
ok   1 nba an injury season is in the population, among the seasons the viewer opens (73, 63 of them open)
ok   1 nba a backup season is in the population (186)
ok   1 nba every position is in the population
ok   1 nba both eras are in the population
ok   2 nba the hub's held line is there exactly when the binding holds the season (890 checked)
ok   2 nba the line the binding hands the hub is the ledger's own line for this sport (890 checked)
ok   2 nba no held season yields a derived season (88 checked)
     2011: 20 seasons (20 organic, 0 targeted), 20 held
ok   2 nba 2011 is in the population and every one is held
     2012: 19 seasons (19 organic, 0 targeted), 19 held
ok   2 nba 2012 is in the population and every one is held
     2019: 26 seasons (18 organic, 8 targeted), 26 held
ok   2 nba 2019 is in the population and every one is held
     2020: 23 seasons (15 organic, 8 targeted), 23 held
ok   2 nba 2020 is in the population and every one is held
ok   2 nba the targeted careers reach held seasons (16)
     open 802, derived 802, refused 0 (0.0%) {}
ok   3 nba enough open seasons to mean anything (802)
ok   7 nba has measured bands (five seed sets, written above REFUSED_MAX)
ok   3 nba seasons that cannot be laid out stay under 1.0% (0.0%)
ok   3 nba the season shown is the season saved (independent checker) (802 checked)
     takeover lines: 2864 in 62652 games he played (4.6%), in 421 of 802 seasons
ok   3 nba the feed's takeover line is in the population (2864)
ok   4 nba the playoff path follows the saved result, the playoff games and the bracket's conferences (802 checked)
ok   4 nba named playoff rounds were checked for their conference (324 before the last round, 28 in it)
     paths shown: 404; playoff seasons 404
ok   5 nba the schedule follows the formula and every name is the game's own (802 checked)
     named 374, unnamed 428 (organic unnamed 302, targeted unnamed 126)
ok   5 nba named and unnamed seasons are both in the population
ok   5 nba the ledger's ids for era now are exactly the game's list (30 against 30)
ok   5 nba a throwback season never names an opponent (428 checked)
ok   6 nba deriving twice, from a JSON round trip, gives the same season, path and totals (802 checked)
     repairs: none in 87.4%, median 0, p90 1; attempts after the first in 0.0%
       seed set 3: 802 derived, no repair 87.4%, refused 0.0%
ok   7 nba at least 80% of seasons need no repair (87.4%)
     wins for "Missed the playoffs": n 398, median 30, p10 23, p90 39 (band 17 to 40, middle half 22.75 to 34.25)
     (not asserted: 1 seed set of the five this median is judged on)
     wins for "Lost in the first round": n 188, median 46, p10 41, p90 52 (band 41 to 52, middle half 43.75 to 49.25)
     (not asserted: 1 seed set of the five this median is judged on)
     wins for "Lost in the conference semis": n 115, median 50, p10 45, p90 55 (band 45 to 57, middle half 48 to 54)
     (not asserted: 1 seed set of the five this median is judged on)
     wins for "Lost the Conference Finals": n 43, median 52, p10 48, p90 59 (band 48 to 61, middle half 51.25 to 57.75)
     (not asserted: 1 seed set of the five this median is judged on)
     wins for "Lost the NBA Finals": n 28, median 57, p10 50, p90 62 (band 50 to 64, middle half 53.5 to 60.5)
     (not asserted: 1 seed set of the five this median is judged on)
     wins for "WON THE NBA FINALS": n 30, median 58, p10 54, p90 65 (band 52 to 67, middle half 55.75 to 63.25)
     (not asserted: 1 seed set of the five this median is judged on)
     points a team game, era now: 115.77 over 30668 games (league mean 115.6)
ok   7 nba points a team game in era now within 1 of the league mean (115.77 against 115.6)
     points a team game, era y2004: 93.59 over 35096 games (league mean 93.4)
ok   7 nba points a team game in era y2004 within 1 of the league mean (93.59 against 93.4)
     his share of his team's points: median 0.124, p99 0.374 over 62652 games
ok   7 nba his share of his team's points at the 99th percentile stays under 0.5 (0.374)

===== NFL: 781 seasons (135 targeted), 781 played =====
ok   1 nfl every team result is the engine's missed word or one of its five (781 checked)
ok   1 nfl games played sit in the engine's ranges (781 checked)
     by result: missed 405, 174 / 103 / 53 / 19 / 27 (depth 0 to title)
ok   1 nfl every playoff depth and a title are in the population
ok   1 nfl an injury season is in the population, among the seasons the viewer opens (55, 27 of them open)
ok   1 nfl a backup season is in the population (222)
ok   1 nfl every position is in the population
ok   1 nfl both eras are in the population
ok   2 nfl the hub's held line is there exactly when the binding holds the season (781 checked)
ok   2 nfl the line the binding hands the hub is the ledger's own line for this sport (781 checked)
ok   2 nfl no held season yields a derived season (281 checked)
     2005: 16 seasons (16 organic, 0 targeted), 16 held
ok   2 nfl 2005 is in the population and every one is held
     2012: 16 seasons (16 organic, 0 targeted), 16 held
ok   2 nfl 2012 is in the population and every one is held
     2020: 20 seasons (12 organic, 8 targeted), 20 held
ok   2 nfl 2020 is in the population and every one is held
     2022: 13 seasons (5 organic, 8 targeted), 13 held
ok   2 nfl 2022 is in the population and every one is held
ok   2 nfl the targeted careers reach held seasons (32)
     open 500, derived 500, refused 0 (0.0%) {}
ok   3 nfl enough open seasons to mean anything (500)
ok   7 nfl has measured bands (five seed sets, written above REFUSED_MAX)
ok   3 nfl seasons that cannot be laid out stay under 1.0% (0.0%)
ok   3 nfl the season shown is the season saved (independent checker) (500 checked)
     saves from before Round 1104: 135 seasons with sacks in tenths (64 an odd tenth alone, 71 a half and an odd tenth), refused 0, shown 135
ok   3 nfl seasons saved with sacks in tenths are in the population, both arms (64 and 71, at least 25 each)
ok   3 nfl a season saved with sacks in tenths still opens: refused stay under 1.0% (0.0%)
ok   3 nfl a season saved with sacks in tenths shows the sacks the save holds (135 checked)
ok   4 nfl the playoff path follows the saved result, the playoff games and the bracket's conferences (500 checked)
ok   4 nfl named playoff rounds were checked for their conference (307 before the last round, 23 in it)
     paths shown: 226; playoff seasons 226
ok   5 nfl the schedule follows the formula and every name is the game's own (500 checked)
     named 389, unnamed 111 (organic unnamed 8, targeted unnamed 103)
ok   5 nfl named and unnamed seasons are both in the population
ok   5 nfl the ledger's ids for era now are exactly the game's list (32 against 32)
ok   5 nfl the ledger's eight divisions equal the Front Office table division by division
ok   5 nfl a throwback season never names an opponent (111 checked)
ok   6 nfl deriving twice, from a JSON round trip, gives the same season, path and totals (500 checked)
     repairs: none in 85.8%, median 0, p90 1; attempts after the first in 0.0%
       seed set 3: 500 derived, no repair 85.8%, refused 0.0%
ok   7 nfl at least 70% of seasons need no repair (85.8%)
     wins for "Missed the playoffs": n 274, median 5, p10 3, p90 9 (band 2 to 9, middle half 3.75 to 7.25)
ok   7 nfl the median record for "Missed the playoffs" sits in the middle half of its band
     wins for "Lost in the Wild Card round": n 109, median 10, p10 9, p90 12 (band 9 to 12, middle half 9.75 to 11.25)
ok   7 nfl the median record for "Lost in the Wild Card round" sits in the middle half of its band
     wins for "Lost in the Divisional round": n 55, median 11, p10 10, p90 13 (band 10 to 13, middle half 10.75 to 12.25)
ok   7 nfl the median record for "Lost in the Divisional round" sits in the middle half of its band
     wins for "Lost the Conference Championship": n 34, median 13, p10 11, p90 14 (band 11 to 14, middle half 11.75 to 13.25)
ok   7 nfl the median record for "Lost the Conference Championship" sits in the middle half of its band
     wins for "Lost the Super Bowl": n 12, median 13, p10 11, p90 15 (band 11 to 15, middle half 12 to 14)
     (not asserted: 12 seasons is too few for a median)
     wins for "WON THE SUPER BOWL": n 16, median 12, p10 11, p90 15 (band 11 to 15, middle half 12 to 14)
     (not asserted: 16 seasons is too few for a median)
     points a team game, era now: 22.89 over 6613 games
ok   7 nfl points a team game in era now inside 21 to 24.5 (22.89)
     points a team game, era y2005: 22.76 over 1887 games
ok   7 nfl points a team game in era y2005 inside 21 to 24.5 (22.76)
     level games: 5 of 8500 (0.1%); touchdowns not worth seven: 1.6% of 44797; safeties 29
     his touchdowns are his team's whole score in 1.4% of the 7128 games he played
     a kicker's makes a game (0 to 6): 0: 18.8%, 1: 31.5%, 2: 27.9%, 3: 15.8%, 4: 4.1%, 5: 1.1%, 6: 0.8% over 1181 games
     a side on 40 or more: 5.6% of team games; on 49 or more: 0.6%; shut out: 0.6%
     his team's points a game by his touchdowns that day: none 19.1 (1613 games), one 24.3 (964), two 28.0 (422), three or more 31.0 (214)
ok   7 nfl his two touchdown days are at least 4.5 points a game better for his team than his blank days (8.9)
ok   7 nfl a side scores 40 or more in under 7% of team games (5.6%)
ok   7 nfl level games stay under 0.6% (0.06%)
ok   7 nfl touchdowns not worth seven stay under 3% (1.6%)
ok   7 nfl a kicker makes five or six in under 6% of his games (1.9% of 1181)
     his headline number in a full season (14 or more games; 278 seasons, 4705 games): a laid number on its per game cap in 0.00%; more than twice his season's average in 0.60%
     its spread game to game (standard deviation over his average): the middle season 0.387, p10 0.271, p90 0.498; by number: passYds 0.275 (46), rushYds 0.332 (30), rec 0.457 (77), tackles 0.397 (125)
ok   7 nfl his yards, catches and tackles sit on a per game cap in under 0.5% of a full season's games (0.00%)
ok   7 nfl his headline number is more than twice his season's average in under 2.0% of those games (0.60%)
ok   7 nfl the middle full season's game to game spread sits inside 0.25 to 0.46 (0.387): his games differ and none runs away
     a quarterback's touchdown passes in a full season (776 games): scatter over a plain count 1.080; on the cap of six in 0.90% of them
     (not asserted: 776 games is too few for the scatter, it needs 2000; run the five seed sets)
     the feed: one side's scoring drives one after another under three minutes apart in 0.00% of 52960 pairs; two lines in back to back minutes in 0.00% of 63591
ok   7 nfl a side's scoring drives one after another are under three minutes apart in under 1.0% of pairs (0.00%)
ok   7 nfl the order of the games reads oddly (a rival twice running, four straight at home or away) in under 2% of seasons (0.00% of 500)

===== 6: nothing moves =====
ok   6 Math.random is never drawn while a season is derived (trap 0)
ok   6 every career saved the same bytes with and without the viewer (1696 season hashes, 0 differ)

===== 8: lazy by source =====
ok   8 the static closure of the two routes was walked (129 files)
ok   8 the walk reaches src/components/us-career/season/UsSeasonCentreHost.tsx
ok   8 no eager file of the two routes statically imports the season modules, the viewer or the league shape (129 checked)
ok   8 a planted static import of the viewer in UsSeasonCentreHost.tsx is named (11 files)
ok   8 the same text in a comment is spared
ok   8 src/lib/season/us.ts holds no Math.random and no new Rng(
ok   8 src/lib/season/nba.ts holds no Math.random and no new Rng(
ok   8 src/lib/season/nfl.ts holds no Math.random and no new Rng(

simUsSeasonCentre: 89 checks, 0 failed
