CONTROL pagekey: applied to the bundled copy or the text the fence reads, never a file on disk
1) every step: 429 table seasons, 287671 pairs of tables, 15387 of 15481 one matchday steps moved a club (154216 club moves)
ok   1. the probe reached enough table seasons (429, floor 300)
ok   1. every step of every season was compared (287671 pairs, floor 150000)
ok   1. one matchday steps that moved at least one club: 99.4% (floor 90%)
ok   1. every club's from and to are its places in the two tables
ok   2. a record round trips under seasonCentre:v1:soccer
ok   2. a cleared record is gone
ok   2. 14 shapes that are not a record, text that is not JSON and a storage that throws: 0 read as a record, 0 threw
2) the resume record: 48 careers, 876 played rows, 15770 checks against another career that played the same year
ok   2. the probe gave enough careers and played rows (48 careers, 876 rows; floors 40 and 600)
ok   2. every record finds its own row (876 of 876); rows of one career sharing a key: 0
ok   2. a record finds nothing in another career (0 of 15770 did; floor 5000 checks)
ok   2. a record that is not stable is held to the league year of the save (0 of 876 were not)
ok   2. the career page holds its key template on one line (1 lines found)
FAIL 2. the page's key for a season is the Season Centre's own key on every played row (876 of 876 differ)
FAIL item 2 pagekey: 876 times, first: Probe 0 1992: the page says Probe 0|Al Ahli|1992|28|2|5.8|centre, the season says Probe 0|Al Ahli|1992|28|2|6|5.8|centre | Probe 0 1993: the page says Probe 0|PAOK|1993|26|3|6.3|centre, the season says Probe 0|PAOK|1993|26|3|6|6.3|centre | Probe 0 1994: the page says Probe 0|PAOK|1994|18|3|6.1|centre, the season says Probe 0|PAOK|1994|18|3|4|6.1|centre
3) source fences: 1 files in src/lib/motion, 1 in src/components/motion, 8 that may draw nothing
ok   3. the fenced folders are not empty
ok   3. imports and random draws (0 findings)
ok   3. the call written in a comment and in a string is not a finding
ok   3. the same call in code is exactly one finding
simSeasonCentreMotion: 17 checks, 1 failed (control pagekey)
