NEGATIVE CONTROL ON: SAVE_SIZE_CONTROL=deaddoor, the engine is a rewritten copy
1) Fifteen seasons at three clubs: under 196000 bytes, slope under 2000 bytes a season, every ledger inside its cap
   Real Madrid   seasons 15, day one 58487, season 1 161172, season 15 178871, slope after season 3 -50 bytes a season
                 sizes: 58487 161172 167898 174216 181048 182268 177202 179653 180145 180999 179507 180612 180983 179068 181161 178871
   Everton       seasons 15, day one 53807, season 1 144765, season 15 185630, slope after season 3 1010 bytes a season
                 sizes: 53807 144765 158737 161359 171272 174862 181450 181840 183363 183763 183640 184911 184479 185407 184347 185630
   Lincoln City  seasons 15, day one 54174, season 1 145554, season 15 185399, slope after season 3 897 bytes a season
                 sizes: 54174 145554 156882 162733 171447 176674 181505 183109 184189 183690 183593 184391 184430 184576 184959 185399
   board nudges over the whole run: 255
2) An oversized pre 634 save shrinks on load, the trim is a fixed point, and the next season plays the same
   season 2 save 158737 bytes, inflated to 462083, loaded back as 182522
   ledgers after load: h2h 300, transferLog 80, inbox 8, aiHeadlines 8
   a season from the trimmed save and from the oversized one, same seed: identical (table, results, squad, budget, board, trophies, career stats)
3) saveCareer says whether it wrote: false when refused twice, lean and true when refused once, same bytes twice
   the season 15 save: 185630 bytes, h2h 300 rows, at most 13 per opponent
   store throws on every write: saveCareer returned false after 2 attempts (185630, 173854 bytes)
   store throws once: saveCareer returned true, wrote 173854 bytes (11776 fewer), h2h 165 rows, at most 6 per opponent
   working store: true then true, 185630 bytes then 185630, identical true, equal to the trimmed career true
4) The hook, rendered: the pagehide write, the hidden tab write, the same bytes, and saveFailed
    after pagehide the disk holds 53810 bytes, memory 53810
    after the tab went hidden the disk holds 54332 bytes, memory 54332
    three writes, 53605 bytes each, identical
    with a throwing store, saveFailed is true
    with the store back, saveFailed is false and the disk matches memory: true
    second press on Lionel Messi: "Lionel Messi is already in your squad."
    loan out again after the recall: "Christian Pulisic has already been out on loan once this season. One loan out a season."
   Test Files  1 passed (1)
   Tests  6 passed (6)
5) Two different men with one name both survive a save, a load and a week, and a loan record for one of them survives too
   Real Madrid for three seasons, then Athletic Club at season 4: squad 21, Nando Hedlund x2 (p-nando-hedlund ST 23 r73 | p-nando-hedlund-2 GK 18 r62)
   saved and loaded: squad 21, the pair x2; a week later: squad 21, the pair x2
   the GK out on loan: his loan record after the load 1, after a week 1; the ST still in the squad true and true
   Alan Varela (CDM 25): with a different man of that name on loan, listed true, refused as away false, bought true; with the man himself on loan, listed false, refused as away true, bought false
6) The repair, on saves that really carry the duplicate the pre 634 market made
   Thiago Pitarch (CM 19) out on loan; the pre 634 market listed him at Real Madrid for 20.6 as CM 19
   in season shape: squad 1 and away 1 before the load, squad 1 and away 0 after it, 1 of him in the squad after the summer
   post summer shape: 2 copies before the load, 1 after (kept p-thiago-pitarch, the XI copy is p-thiago-pitarch), dangling XI ids 0, dangling set piece ids 0, 1 a week later
   46 men sent out on loan one at a time at Real Madrid season 3 and Athletic Club season 4: 0 still listed while away
7) The loan desk is not a money pump: one loan out a season
   Florian Wirtz at Liverpool, budget 137m: 1 of 25 loan out and recall cycles went through, net +3.2m (one loan fee is 6.4m), refused on attempt 2: "Florian Wirtz has already been out on loan once this season. One loan out a season."
   a loan approach for him after the recall: refused
   loanOutRefusal against loanOutPlayer: 78 men over three states, 0 disagreements
   after the summer, season 2: he can go out on loan again true
8) Every market door agrees with its reason, and talks refuse a released man or a man on loan at the door
   2632 presses over 8 states and 82 cards: 1119 refused, 1119 where the engine and the reason disagree
  FAIL: open window, clause on Erling Haaland: the engine refused it, the reason is null
  FAIL: open window, loan on Erling Haaland: the engine refused it, the reason is null
  FAIL: open window, buy on Lamine Yamal: the engine refused it, the reason is null
  FAIL: open window, clause on Lamine Yamal: the engine refused it, the reason is null
  FAIL: open window, loan on Lamine Yamal: the engine refused it, the reason is null
  FAIL: open window, clause on Michael Olise: the engine refused it, the reason is null
   talks for Kylian Mbappé, released: opened true, reason null
   talks for Thiago Pitarch, out on loan: opened true, reason null
  FAIL: talks opened for a man I released
  FAIL: talks for a released man are not refused with the released reason
  FAIL: talks opened for a man of mine out on loan
  FAIL: talks for a man on loan are not refused with the on loan reason
9) A career saved before the baked ages moved: a man of mine out on loan is not for sale at my own club
   Sevilla as saved (season 1, week 48): 20 men, 18 sent out on loan one at a time, 18 of them a year off the world's row: 0 still listed, 0 bought back, 18 opened talks, 18 without the out on loan reason
  FAIL: Sevilla as saved (season 1, week 48): talks opened for 18 of 18 men out on loan, first Youssouf Fofana (CDM, 26 in the career and 27 in the world, listed at Sevilla)
  FAIL: Sevilla as saved (season 1, week 48): 18 of 18 stale cards are not refused with the out on loan reason at the buy and at the talks door
   Sevilla the summer after (season 2): 21 men, 15 sent out on loan one at a time, 15 of them a year off the world's row: 0 still listed, 0 bought back, 15 opened talks, 15 without the out on loan reason
  FAIL: Sevilla the summer after (season 2): talks opened for 15 of 15 men out on loan, first Youssouf Fofana (CDM, 27 in the career and 28 in the world, listed at Sevilla)
  FAIL: Sevilla the summer after (season 2): 15 of 15 stale cards are not refused with the out on loan reason at the buy and at the talks door
   Alan Varela (CDM 25): hidden by a loan record -1, 0, 1 years off, still listed with one -2, 2 years off, and bought past the one two years off: true

simClubManagerSaveSize: SAVE_SIZE_CONTROL=deaddoor turned sections 8, 9 red, but it should have hit only section 8
