file AppearanceBuilder 14386
file CareerFx 1025
file Celebration 822
file CelebrationStyles 724
file FlagImg 2975
file GameHelp 787
file GameNavbar 3796
file GameSeoContent 2285
file HowToPlayPopover 768
file PlayerAvatar 3925
file ShareButtons 4534
file SoccerCareer 344409
file VictoryMoment 1294
file arcade 315
file arrow-left 264
file badges 2289
file careerAwardsNight 1266
file careerRivalryChoices 2532
file chevron-down 242
file chevron-up 245
file circle-help 302
file confederationGroups 703
file copy 310
file dialogA11y 132
file formatNumber 154
file freeKick 1104
file guideShape 1689
file index 234414
file intlNames 6113
file managerOffers 13218
file medal 386
file select 7405
file seoMetaPart30 960
file soccer2 36567
file soccerBootIds 200
file soccerBoots 993
file soccerCareerAppearance 2562
file soccerInternational 76395
file star 400
file uclFormatHistory 3465
file useGameCompletion 491
file useRevealScroll 797
step3 total=777643 files=42
