identity exit=0
src/test/tycoonTicketPolicy.test.tsx: OK
scripts/simTycoonTicketPolicy.mjs: OK
/usr/bin/xz
xz (XZ Utils) 5.4.5
liblzma 5.4.5
locked-packages exit=0
Verified 521 actual installed locked package versions.
runtime exit=0
|■■■■■■■■■■■■■■■■■■■■■■■■■■■■■■■■■■■■■■■■■■■■■■■■■■■■■■■■■■■■■■■■                |  80% of 120 MiB
|■■■■■■■■■■■■■■■■■■■■■■■■■■■■■■■■■■■■■■■■■■■■■■■■■■■■■■■■■■■■■■■■■■■■■■■■        |  90% of 120 MiB
|■■■■■■■■■■■■■■■■■■■■■■■■■■■■■■■■■■■■■■■■■■■■■■■■■■■■■■■■■■■■■■■■■■■■■■■■■■■■■■■■| 100% of 120 MiB
Chrome Headless Shell 156.0.8078.4 (playwright chromium-headless-shell v1248) downloaded to /home/runner/.cache/ms-playwright/chromium_headless_shell-1248
Version 1.64.0
brand-runtime exit=0
   ━━━━━━━━━━━━━━━━━━━━━━━━━━━━━━━━━━━━━━━━ 5.4/5.4 MB 62.0 MB/s eta 0:00:00
Downloading pillow-12.3.0-cp312-cp312-manylinux_2_27_x86_64.manylinux_2_28_x86_64.whl (6.9 MB)
   ━━━━━━━━━━━━━━━━━━━━━━━━━━━━━━━━━━━━━━━━ 6.9/6.9 MB 178.2 MB/s eta 0:00:00
Installing collected packages: pillow, fonttools
Successfully installed fonttools-4.66.1 pillow-12.3.0
syntax exit=0
types exit=0
build exit=0
- Using dynamic import() to code-split the application
- Use build.rollupOptions.output.manualChunks to improve chunking: https://rollupjs.org/configuration-options/#output-manualchunks
- Adjust chunk size limit for this warning via build.chunkSizeWarningLimit.[39m
[32m✓ built in 31.10s[39m
[dukb] inlined 1 stylesheet(s) and 1 module(s) into 180 snapshots (11 left alone)
build-hold exit=0
helper exit=0
CONTROL failure: intended assertion failed; independent purchase baseline passed
CONTROL retry: intended assertion failed; independent purchase baseline passed
CONTROL recover: intended assertion failed; independent purchase baseline passed
CONTROL hide: intended assertion failed; independent purchase baseline passed
Ticket policy: 21/21 normal outcomes; 24/24 effective copied faults, each with independent purchase baseline. Raw reports, logs, copied sources and hashes retained at /home/runner/work/ballpark-hero/ballpark-hero/tycoon-ticket-policy-artifacts/outcomes
helper-receipt exit=0
Accepted actual21 normal outcomes and24 effective copied controls, including actual distinct25/75/40 versus swapped40/75/25, with unchanged real economy.
reader-simAdsense exit=0
Network mode: offline, loopback only, no production probe or database retries.
Running 1 node harness
  PASS  simAdsense.mjs                  0.6s

All 1 harnesses green.
reader-simBrand exit=0
Network mode: offline, loopback only, no production probe or database retries.
Running 1 node harness
  PASS  simBrand.mjs                    0.5s

All 1 harnesses green.
reader-simHeadTags exit=0
Network mode: offline, loopback only, no production probe or database retries.
Running 1 node harness
  PASS  simHeadTags.mjs                 0.4s

All 1 harnesses green.
reader-simHiddenPages exit=0
Network mode: offline, loopback only, no production probe or database retries.
Running 1 node harness
  PASS  simHiddenPages.mjs              0.4s

All 1 harnesses green.
reader-simHubs exit=0
Network mode: offline, loopback only, no production probe or database retries.
Running 1 node harness
  PASS  simHubs.mjs                     0.5s

All 1 harnesses green.
reader-simIndexNow exit=0
Network mode: offline, loopback only, no production probe or database retries.
Running 1 node harness
  PASS  simIndexNow.mjs                 0.4s

All 1 harnesses green.
reader-simIndexing exit=0
Network mode: offline, loopback only, no production probe or database retries.
Running 1 node harness
  PASS  simIndexing.mjs                 0.4s

All 1 harnesses green.
reader-simInternalLinks exit=0
Network mode: offline, loopback only, no production probe or database retries.
Running 1 node harness
  PASS  simInternalLinks.mjs            0.4s

All 1 harnesses green.
reader-simNoRivalNames exit=0
Network mode: offline, loopback only, no production probe or database retries.
Running 1 node harness
  PASS  simNoRivalNames.mjs            11.0s

All 1 harnesses green.
reader-simPrerender exit=0
Network mode: offline, loopback only, no production probe or database retries.
Running 1 node harness
  PASS  simPrerender.mjs                0.8s

All 1 harnesses green.
reader-simPrerenderBoot exit=0

Serving dist on 4173 for 1 browser harnesses
  PASS  simPrerenderBoot.mjs           13.5s

All 1 harnesses green.
reader-simRetiredRoutes exit=0
Network mode: offline, loopback only, no production probe or database retries.
Running 1 node harness
  PASS  simRetiredRoutes.mjs            0.4s

All 1 harnesses green.
reader-simSchema exit=0
Network mode: offline, loopback only, no production probe or database retries.
Running 1 node harness
  PASS  simSchema.mjs                   0.4s

All 1 harnesses green.
reader-simSitemap exit=0
Network mode: offline, loopback only, no production probe or database retries.
Running 1 node harness
  PASS  simSitemap.mjs                  0.5s

All 1 harnesses green.
reader-simSnapshotAssets exit=0
Network mode: offline, loopback only, no production probe or database retries.
Running 1 node harness
  PASS  simSnapshotAssets.mjs           0.4s

All 1 harnesses green.
reader-receipts exit=0
All15 actual named dist/public readers printed their passing outcomes.
core-maps exit=0
Bound all5 actual product source bodies to their emitted JavaScript maps. No browser or layout proof is claimed by this helper lane.
closing exit=0
dependency-cache-hold exit=0
Every original application package byte is held; only ordinary new cache files are allowed. No presentation cache is used in this lane.
strict-gates exit=0
Every actual named preparation/helper/reader/source/dependency/build gate succeeded.
Ticket modal1099 strict label: failed=0, complete=1, source=01a9e8677e3de148dbc5a293e308f5e2ffc55df4, request=f27010d0b146c362d12b5883d3535247ffe68e7a.
