/home/runner/work/_temp/rc-out/files:
from-interval
from-mid
p7
plain-interval.json
plain-mid.json
probe-1280-motion-kickoff.png
probe-1280-reduced-kickoff.png
probe-390-motion-kickoff.png
probe-390-motion-later.png
probe-390-reduced-kickoff.png
probe.json

/home/runner/work/_temp/rc-out/files/from-interval:
phone-goal-card.png
phone-goal-windup.png
wide-goal-card.png
wide-goal-windup.png

/home/runner/work/_temp/rc-out/files/from-mid:
phone-goal-card.png
phone-goal-windup.png
wide-goal-card.png
wide-goal-windup.png

/home/runner/work/_temp/rc-out/files/p7:
probe-1280-motion-kickoff.png
probe-1280-reduced-kickoff.png
probe-390-motion-kickoff.png
probe-390-motion-later.png
probe-390-reduced-kickoff.png
probe.json
