mutAU noground: applied to src/lib/soccerSeasonCompetitions.ts
FAIL engine baseline: Expected values to be strictly deep-equal:
+ actual - expected
... Skipped lines

  {
    draws: [
      0.23147535882890224,
      0.21313480869866908,
      0.31649208161979914,
...
          cup: 'KNVB Cup',
+         opening: {
+           against: 0,
+           country: 'Netherlands',
+           for: 3,
+           home: true,
+           league: 'Eredivisie',
+           opp: 'Excelsior',
+           won: true
+         },
          stages: [
            {
              stage: 'early',
              won: true
            },
...
            cup: 'KNVB Cup',
+           opening: {
+             against: 0,
+             country: 'Netherlands',
+             for: 3,
+             home: true,
+             league: 'Eredivisie',
+             opp: 'Excelsior',
+             won: true
+           },
            stages: [
              {
                stage: 'early',
                won: true
              },

PASS reader baseline
PASS saved markup
PASS missing markup
PASS actual campaign baseline
PASS actual campaign markup
PASS snapshot precedence
PASS read boundary
PASS winning seasons
node:internal/modules/run_main:107
    triggerUncaughtException(
    ^

AssertionError [ERR_ASSERTION]: All nine healthy outcome groups pass
+ actual - expected

+ [
+   'engine baseline'
+ ]
- []

    at file:///home/runner/work/ballpark-hero/ballpark-hero/scripts/simCareerTrophyRuns.mjs:148:50
    at process.processTicksAndRejections (node:internal/process/task_queues:104:5) {
  generatedMessage: false,
  code: 'ERR_ASSERTION',
  actual: [ 'engine baseline' ],
  expected: [],
  operator: 'deepStrictEqual',
  diff: 'simple'
}

Node.js v24.21.0
