simNflTruth: seed 21, 300 careers a position and seed (2000 for the award bands of 1b)
1) seasons are as long as they really were
   throwback through 2020: 36339 seasons, 0 over 16 games; 23241 healthy starter seasons, 0 not exactly 16
   throwback from 2021: 1073 healthy starter seasons (0 careers built from 2019 to reach them), 0 not exactly 17
   2026 careers: 5823 healthy starter seasons, 0 not exactly 17
1b) a 16 game schedule does not cost a throwback career its awards (five seeds of 2000 careers, by position; 17 game arm -> now)
   QB   All-Pros a career 0.080 -> 0.083 (3.0 percent); MVP or DPOY 0.016 -> 0.016; Hall percent 27.1 -> 23.9 (0.884 of it)
   RB   All-Pros a career 0.089 -> 0.089 (0.2 percent); MVP or DPOY 0.006 -> 0.006; Hall percent 2.2 -> 2.1 (0.932 of it)
   WR   All-Pros a career 0.141 -> 0.139 (-1.2 percent); MVP or DPOY 0.000 -> 0.000; Hall percent 7.0 -> 6.5 (0.925 of it)
   TE   All-Pros a career 0.080 -> 0.081 (1.1 percent); MVP or DPOY 0.000 -> 0.000; Hall percent 6.0 -> 5.5 (0.912 of it)
   LB   All-Pros a career 0.093 -> 0.091 (-2.8 percent); MVP or DPOY 0.016 -> 0.016; Hall percent 6.5 -> 6.0 (0.917 of it)
   CB   All-Pros a career 0.089 -> 0.082 (-8.5 percent); MVP or DPOY 0.004 -> 0.005; Hall percent 4.9 -> 4.2 (0.842 of it)
   EDGE All-Pros a career 0.207 -> 0.203 (-1.8 percent); MVP or DPOY 0.051 -> 0.051; Hall percent 12.0 -> 11.5 (0.953 of it)
   K    All-Pros a career 0.233 -> 0.233 (0.2 percent); MVP or DPOY 0.000 -> 0.000; Hall percent 4.6 -> 4.6 (0.989 of it)
2) rookie pay is the draft slot, and no kicker goes before round four
   table now (2026): 32 first round rows, 32 two sourced within 2 percent; later rounds 2, 3 held last, 4 held first, 5 held both, 6 held both, 7 held first
   table y2005: HELD as a whole, paid the now slot times 0.32
   held values in the tables: 8
   now: pick 1 14.3M a year, pick 32 4.2M, pick 33 3.3M, pick 97 1.4M, pick 224 1.1M, undrafted 0.9M; 0 rises
   y2005: pick 1 4.6M a year, pick 32 1.3M, pick 33 1.1M, pick 97 0.5M, pick 224 0.4M, undrafted 0.3M; 0 rises
   now: 20000 quick starts, 0 not paid their slot; 2500 kickers, 0 before pick 97 (earliest 97); pick 1 is paid 14.3M a year (the old formula paid pick 1 32.8M)
   y2005: 20000 quick starts, 0 not paid their slot; 2500 kickers, 0 before pick 97 (earliest 97); pick 1 is paid 4.6M a year (the old formula paid pick 1 10.5M)
   now road to the draft: 4000 kicker prospects, 3025 drafted, 975 undrafted, 0 before pick 97, the busiest pick holds 73
   y2005 road to the draft: 4000 kicker prospects, 3010 drafted, 990 undrafted, 0 before pick 97, the busiest pick holds 73
3) sacks come in halves
   19578 LB and EDGE season lines, 0 not in halves; the engine as found: 15468 of 19578 (79.0 percent)
4) no receiver passes the record book
   WR at 99: 3795 healthy seasons, 0 over the cap; the engine as found passed a record (1,964 yards or 149 catches) in 340 of 3795 (9.0 percent)
   TE at 99: 3729 healthy seasons, 0 over the cap; the engine as found passed the record (1,416 yards) in 25 of 3729 (0.7 percent)
5) MEASURED, asserted on nothing
   for a later round (not fixed here): a 95 rated linebacker averages 183 tackles a full season; a 95 rated tight end 1015 yards
   a 95 rated starter's mean full season today (Round 1104 did not ship the means by rating band): QB 5275 pass yards and 42.2 touchdowns; RB 1964 rush yards; EDGE 19.6 sacks; WR 1531 yards
   for Round 1123, open market pay at 75/85/95 in now (M a year): QB 21/50.4/79.9, RB 9.9/23.9/37.8, WR 12.7/30.5/48.4, TE 10.5/25.2/39.9, LB 11.1/26.6/42.1, CB 13.3/31.9/50.5, EDGE 16/38.5/61, K 3.9/9.3/14.7
   for Round 1123, open market pay at 75/85/95 in y2005 (M a year): QB 6.7/16.1/25.6, RB 3.2/7.6/12.1, WR 4.1/9.8/15.5, TE 3.4/8.1/12.8, LB 3.5/8.5/13.5, CB 4.2/10.2/16.1, EDGE 5.1/12.3/19.5, K 1.2/3/4.7
   for Round 1112, the head to head share of decided years in the throwback, 17 game arm -> now (the rival keeps a 17 game line against a 16 game player): QB 41.0 -> 33.6, RB 25.6 -> 20.5, WR 32.2 -> 25.8, TE 21.0 -> 15.8, LB 0.3 -> 0.1, CB 0.0 -> 0.0, EDGE 0.6 -> 0.3, K 12.9 -> 6.8
   for Round 1051's owner, the Hall percent by position in the throwback, 17 game arm -> now: QB 27.1 -> 23.9, RB 2.2 -> 2.1, WR 7.0 -> 6.5, TE 6.0 -> 5.5, LB 6.5 -> 6.0, CB 4.9 -> 4.2, EDGE 12.0 -> 11.5, K 4.6 -> 4.6
   for Round 1123, the engine's open market pay for a 95 against the real 2026 top of the market, two sourced (M a year): QB 79.9 against 63 (1.27x), RB 37.8 against 22.5 (1.68x), WR 48.4 against 42.15 (1.15x), TE 39.9 against 19.1 (2.09x), LB 42.1 against 21 (2.00x), CB 50.5 against 33.75 (1.50x), EDGE 61 against 50 (1.22x), K 14.7 against 7 (2.10x)
   (the MLB years whose longest line is shorter than 162: 2024 161 games on 18 lines)
   for Round 1137, the MLB throwback (2004 throwback): 160 careers reach season years 2004 to 2024, and the engine plays a 162 game season in 20 of those 21 years (the rest are listed above, each on a handful of lines)
      UNVERIFIED candidate seasons (from memory, for Round 1137 to check): 2020: 159 season lines, the engine played 162 games
      UNVERIFIED candidate clubs in the era's list of 30 that may have moved or been renamed in those years: Tampa Bay Devil Rays (TBD), Cleveland Indians (CLV), Anaheim Angels (ANA), Oakland Athletics (OAK), Florida Marlins (FLA), Montreal Expos (MON)
   for Round 1137, the NHL throwback (2006-07 throwback): 160 careers reach season years 2006 to 2027, and the engine plays a 82 game season in 22 of those 22 years (every one of them)
      UNVERIFIED candidate seasons (from memory, for Round 1137 to check): 2012: 160 season lines, the engine played 82 games; 2019: 160 season lines, the engine played 82 games; 2020: 160 season lines, the engine played 82 games
      UNVERIFIED candidate clubs in the era's list of 30 that may have moved or been renamed in those years: Atlanta Thrashers (ATL), Phoenix Coyotes (PHX)

simNflTruth: green. Seasons are their real length, awards survive a 16 game schedule, rookies are paid their slot, kickers go in round four or later, sacks come in halves, and no receiver passes the record book.
