bundled in 91 ms; sports nba, nfl; 40 careers a sport and a seed set; seed sets 0; CONTROL nflstage
played 96 careers twice in 4426 ms; 1682 seasons observed

===== NBA: 895 seasons (144 targeted), 895 played =====
ok   1 nba every team result is the engine's missed word or one of its five (895 checked)
ok   1 nba games played sit in the engine's ranges (895 checked)
     by result: missed 401, 238 / 113 / 59 / 35 / 49 (depth 0 to title)
ok   1 nba every playoff depth and a title are in the population
ok   1 nba an injury season is in the population (73)
ok   1 nba a backup season is in the population (217)
ok   1 nba every position is in the population
ok   1 nba both eras are in the population
ok   2 nba the hub's held line is there exactly when the binding holds the season (895 checked)
ok   2 nba the line the binding hands the hub is the ledger's own line for this sport (895 checked)
ok   2 nba no held season yields a derived season (95 checked)
     2011: 20 seasons (20 organic, 0 targeted), 20 held
ok   2 nba 2011 is in the population and every one is held
     2012: 20 seasons (20 organic, 0 targeted), 20 held
ok   2 nba 2012 is in the population and every one is held
     2019: 28 seasons (20 organic, 8 targeted), 28 held
ok   2 nba 2019 is in the population and every one is held
     2020: 27 seasons (19 organic, 8 targeted), 27 held
ok   2 nba 2020 is in the population and every one is held
ok   2 nba the targeted careers reach held seasons (16)
     open 800, derived 800, refused 0 (0.0%) {}
ok   3 nba enough open seasons to mean anything (800)
ok   7 nba has measured bands (five seed sets, written above REFUSED_MAX)
ok   3 nba seasons that cannot be laid out stay under 1.0% (0.0%)
ok   3 nba the season shown is the season saved (independent checker) (800 checked)
     takeover lines: 3897 in 62525 games he played (6.2%), in 581 of 800 seasons
ok   3 nba the feed's takeover line is in the population (3897)
ok   4 nba the playoff path follows the saved result, the playoff games and the bracket's conferences (800 checked)
ok   4 nba named playoff rounds were checked for their conference (362 before the last round, 31 in it)
     paths shown: 444; playoff seasons 444
ok   5 nba the schedule follows the formula and every name is the game's own (800 checked)
     named 359, unnamed 441 (organic unnamed 313, targeted unnamed 128)
ok   5 nba named and unnamed seasons are both in the population
ok   5 nba the ledger's ids for era now are exactly the game's list (30 against 30)
ok   5 nba a throwback season never names an opponent (441 checked)
ok   6 nba deriving twice, from a JSON round trip, gives the same season, path and totals (800 checked)
     repairs: none in 87.4%, median 0, p90 1; attempts after the first in 0.0%
       seed set 0: 800 derived, no repair 87.4%, refused 0.0%
ok   7 nba at least 80% of seasons need no repair (87.4%)
     wins for "Missed the playoffs": n 356, median 29, p10 22, p90 37 (band 17 to 40, middle half 22.75 to 34.25)
ok   7 nba the median record for "Missed the playoffs" sits in the middle half of its band
     wins for "Lost in the first round": n 213, median 45, p10 41, p90 52 (band 41 to 52, middle half 43.75 to 49.25)
ok   7 nba the median record for "Lost in the first round" sits in the middle half of its band
     wins for "Lost in the conference semis": n 106, median 49, p10 45, p90 55 (band 45 to 57, middle half 48 to 54)
ok   7 nba the median record for "Lost in the conference semis" sits in the middle half of its band
     wins for "Lost the Conference Finals": n 54, median 54, p10 48, p90 60 (band 48 to 61, middle half 51.25 to 57.75)
ok   7 nba the median record for "Lost the Conference Finals" sits in the middle half of its band
     wins for "Lost the NBA Finals": n 28, median 56, p10 50, p90 64 (band 50 to 64, middle half 53.5 to 60.5)
ok   7 nba the median record for "Lost the NBA Finals" sits in the middle half of its band
     wins for "WON THE NBA FINALS": n 43, median 58, p10 53, p90 64 (band 52 to 67, middle half 55.75 to 63.25)
ok   7 nba the median record for "WON THE NBA FINALS" sits in the middle half of its band
     points a team game, era now: 115.72 over 29438 games (league mean 115.6)
ok   7 nba points a team game in era now within 1 of the league mean (115.72 against 115.6)
     points a team game, era y2004: 93.69 over 36162 games (league mean 93.4)
ok   7 nba points a team game in era y2004 within 1 of the league mean (93.69 against 93.4)
     his share of his team's points: median 0.160, p99 0.444 over 62525 games
ok   7 nba his share of his team's points at the 99th percentile stays under 0.5 (0.444)

===== NFL: 787 seasons (131 targeted), 787 played =====
FAIL 1 nfl every team result is the engine's missed word or one of its five: 5 of 787; "Lost the Conference Championship " || "Lost in the Wild Card round " || "Lost in the Wild Card round "
ok   1 nfl games played sit in the engine's ranges (787 checked)
     by result: missed 376, 0 / 0 / 0 / 0 / 0 (depth 0 to title)
FAIL 1 nfl every playoff depth and a title are in the population
ok   1 nfl an injury season is in the population (486)
ok   1 nfl a backup season is in the population (284)
ok   1 nfl every position is in the population
ok   1 nfl both eras are in the population
ok   2 nfl the hub's held line is there exactly when the binding holds the season (787 checked)
ok   2 nfl the line the binding hands the hub is the ledger's own line for this sport (787 checked)
ok   2 nfl no held season yields a derived season (287 checked)
     2005: 16 seasons (16 organic, 0 targeted), 16 held
ok   2 nfl 2005 is in the population and every one is held
     2012: 16 seasons (16 organic, 0 targeted), 16 held
ok   2 nfl 2012 is in the population and every one is held
     2020: 21 seasons (13 organic, 8 targeted), 21 held
ok   2 nfl 2020 is in the population and every one is held
     2022: 17 seasons (9 organic, 8 targeted), 17 held
ok   2 nfl 2022 is in the population and every one is held
ok   2 nfl the targeted careers reach held seasons (32)
     open 500, derived 500, refused 0 (0.0%) {}
ok   3 nfl enough open seasons to mean anything (500)
ok   7 nfl has measured bands (five seed sets, written above REFUSED_MAX)
ok   3 nfl seasons that cannot be laid out stay under 1.0% (0.0%)
ok   3 nfl the season shown is the season saved (independent checker) (500 checked)
ok   4 nfl the playoff path follows the saved result, the playoff games and the bracket's conferences (500 checked)
FAIL 4 nfl named playoff rounds were checked for their conference (0 before the last round, 0 in it)
     paths shown: 0; playoff seasons 0
ok   5 nfl the schedule follows the formula and every name is the game's own (500 checked)
     named 389, unnamed 111 (organic unnamed 12, targeted unnamed 99)
ok   5 nfl named and unnamed seasons are both in the population
ok   5 nfl the ledger's ids for era now are exactly the game's list (32 against 32)
ok   5 nfl the ledger's eight divisions equal the Front Office table division by division
ok   5 nfl a throwback season never names an opponent (111 checked)
ok   6 nfl deriving twice, from a JSON round trip, gives the same season, path and totals (500 checked)
     repairs: none in 97.4%, median 0, p90 0; attempts after the first in 0.0%
       seed set 0: 500 derived, no repair 97.4%, refused 0.0%
ok   7 nfl at least 70% of seasons need no repair (97.4%)
     wins for "Missed the playoffs": n 233, median 6, p10 3, p90 8 (band 2 to 9, middle half 3.75 to 7.25)
ok   7 nfl the median record for "Missed the playoffs" sits in the middle half of its band
     wins for "Lost in the Wild Card round": n 0, median NaN, p10 NaN, p90 NaN (band 9 to 12, middle half 9.75 to 11.25)
     (not asserted: 0 seasons is too few for a median)
     wins for "Lost in the Divisional round": n 0, median NaN, p10 NaN, p90 NaN (band 10 to 13, middle half 10.75 to 12.25)
     (not asserted: 0 seasons is too few for a median)
     wins for "Lost the Conference Championship": n 0, median NaN, p10 NaN, p90 NaN (band 11 to 14, middle half 11.75 to 13.25)
     (not asserted: 0 seasons is too few for a median)
     wins for "Lost the Super Bowl": n 0, median NaN, p10 NaN, p90 NaN (band 11 to 15, middle half 12 to 14)
     (not asserted: 0 seasons is too few for a median)
     wins for "WON THE SUPER BOWL": n 0, median NaN, p10 NaN, p90 NaN (band 11 to 15, middle half 12 to 14)
     (not asserted: 0 seasons is too few for a median)
     points a team game, era now: 22.79 over 6613 games
ok   7 nfl points a team game in era now inside 21 to 24.5 (22.79)
     points a team game, era y2005: 22.65 over 1887 games
ok   7 nfl points a team game in era y2005 inside 21 to 24.5 (22.65)
     level games: 10 of 8500 (0.1%); touchdowns not worth seven: 1.5% of 44665; safeties 44
     his touchdowns are his team's whole score in 2.0% of the 6705 games he played
     a kicker's makes a game (0 to 6): 0: 18.6%, 1: 29.5%, 2: 29.6%, 3: 15.1%, 4: 4.9%, 5: 1.8%, 6: 0.5% over 1148 games
     a side on 40 or more: 4.8% of team games; on 49 or more: 0.7%; shut out: 0.5%
     his team's points a game by his touchdowns that day: none 17.4 (1586 games), one 23.1 (1017), two 25.1 (386), three or more 30.2 (261)
ok   7 nfl his two touchdown days are at least 4.5 points a game better for his team than his blank days (7.7)
ok   7 nfl a side scores 40 or more in under 7% of team games (4.8%)
ok   7 nfl level games stay under 0.6% (0.12%)
ok   7 nfl touchdowns not worth seven stay under 3% (1.5%)
ok   7 nfl a kicker makes five or six in under 6% of his games (2.4% of 1148)
     his headline number in a full season (14 or more games; 231 seasons, 3912 games): a laid number on its per game cap in 0.00%; more than twice his season's average in 0.51%
     its spread game to game (standard deviation over his average): the middle season 0.382, p10 0.259, p90 0.507; by number: passYds 0.257 (43), rushYds 0.335 (19), rec 0.440 (89), tackles 0.387 (80)
ok   7 nfl his yards, catches and tackles sit on a per game cap in under 0.5% of a full season's games (0.00%)
ok   7 nfl his headline number is more than twice his season's average in under 2.0% of those games (0.51%)
ok   7 nfl the middle full season's game to game spread sits inside 0.25 to 0.46 (0.382): his games differ and none runs away
     a quarterback's touchdown passes in a full season (714 games): scatter over a plain count 1.044; on the cap of six in 0.84% of them
     (not asserted: 714 games is too few for the scatter, it needs 2000; run the five seed sets)
     the feed: one side's scoring drives one after another under three minutes apart in 0.00% of 52528 pairs; two lines in back to back minutes in 0.00% of 62778
ok   7 nfl a side's scoring drives one after another are under three minutes apart in under 1.0% of pairs (0.00%)
ok   7 nfl the order of the games reads oddly (a rival twice running, four straight at home or away) in under 2% of seasons (0.00% of 500)

===== 6: nothing moves =====
ok   6 Math.random is never drawn while a season is derived (trap 0)
ok   6 every career saved the same bytes with and without the viewer (1709 season hashes, 0 differ)

===== 8: lazy by source =====
ok   8 the static closure of the two routes was walked (126 files)
ok   8 the walk reaches src/components/us-career/season/UsSeasonCentreHost.tsx
ok   8 no eager file of the two routes statically imports the season modules, the viewer or the league shape (126 checked)
ok   8 a planted static import of the viewer in UsSeasonCentreHost.tsx is named (11 files)
ok   8 the same text in a comment is spared
ok   8 src/lib/season/us.ts holds no Math.random and no new Rng(
ok   8 src/lib/season/nba.ts holds no Math.random and no new Rng(
ok   8 src/lib/season/nfl.ts holds no Math.random and no new Rng(

control nflstage: RED AT THE NAMED CHECK (section 1); sections red: 1, 4; 267 seasons carry the unknown result, 267 of them shown with no band and no path
simUsSeasonCentre: 88 checks, 3 failed (control nflstage)
