SKIPPED nfl: no number file yet
bundled in 83 ms; sports nba; 40 careers a sport and a seed set; seed sets 0; CONTROL stage
played 48 careers twice in 3238 ms; 888 seasons observed

===== NBA: 888 seasons (145 targeted), 888 played =====
FAIL 1 nba every team result is the engine's missed word or one of its five: 5 of 888; "Lost in the first round " || "Lost in the first round " || "Lost the Conference Finals "
ok   1 nba games played sit in the engine's ranges (888 checked)
     by result: missed 418, 0 / 0 / 0 / 0 / 0 (depth 0 to title)
FAIL 1 nba every playoff depth and a title are in the population
ok   1 nba an injury season is in the population (57)
ok   1 nba a backup season is in the population (217)
ok   1 nba every position is in the population
ok   1 nba both eras are in the population
ok   2 nba the hub's held line is there exactly when the binding holds the season (888 checked)
ok   2 nba no held season yields a derived season (92 checked)
     2011: 20 seasons (20 organic, 0 targeted), 20 held
ok   2 nba 2011 is in the population and every one is held
     2012: 20 seasons (20 organic, 0 targeted), 20 held
ok   2 nba 2012 is in the population and every one is held
     2019: 26 seasons (18 organic, 8 targeted), 26 held
ok   2 nba 2019 is in the population and every one is held
     2020: 26 seasons (18 organic, 8 targeted), 26 held
ok   2 nba 2020 is in the population and every one is held
ok   2 nba the targeted careers reach held seasons (16)
     open 796, derived 796, refused 0 (0.0%) {}
ok   3 nba enough open seasons to mean anything (796)
ok   7 nba has measured bands (five seed sets, written above REFUSED_MAX)
ok   3 nba seasons that cannot be laid out stay under 1.0% (0.0%)
ok   3 nba the season shown is the season saved (independent checker) (796 checked)
     takeover lines: 3389 in 62410 games he played (5.4%), in 577 of 796 seasons
ok   3 nba the feed's takeover line is in the population (3389)
ok   4 nba the playoff path follows the saved result, the playoff games and the bracket's conferences (796 checked)
FAIL 4 nba named playoff rounds were checked for their conference (0 before the last round, 0 in it)
     paths shown: 0; playoff seasons 0
ok   5 nba the schedule follows the formula and every name is the game's own (796 checked)
     named 357, unnamed 439 (organic unnamed 310, targeted unnamed 129)
ok   5 nba named and unnamed seasons are both in the population
ok   5 nba the ledger's ids for era now are exactly the game's list (30 against 30)
ok   5 nba a throwback season never names an opponent (439 checked)
ok   6 nba deriving twice, from a JSON round trip, gives the same season, path and totals (796 checked)
     repairs: none in 98.6%, median 0, p90 0; attempts after the first in 0.0%
       seed set 0: 796 derived, no repair 98.6%, refused 0.0%
ok   7 nba at least 80% of seasons need no repair (98.6%)
     wins for "Missed the playoffs": n 369, median 30, p10 22, p90 37 (band 17 to 40, middle half 22.75 to 34.25)
ok   7 nba the median record for "Missed the playoffs" sits in the middle half of its band
     wins for "Lost in the first round": n 0, median NaN, p10 NaN, p90 NaN (band 41 to 52, middle half 43.75 to 49.25)
     (not asserted: 0 seasons is too few for a median)
     wins for "Lost in the conference semis": n 0, median NaN, p10 NaN, p90 NaN (band 45 to 57, middle half 48 to 54)
     (not asserted: 0 seasons is too few for a median)
     wins for "Lost the Conference Finals": n 0, median NaN, p10 NaN, p90 NaN (band 48 to 61, middle half 51.25 to 57.75)
     (not asserted: 0 seasons is too few for a median)
     wins for "Lost the NBA Finals": n 0, median NaN, p10 NaN, p90 NaN (band 50 to 64, middle half 53.5 to 60.5)
     (not asserted: 0 seasons is too few for a median)
     wins for "WON THE NBA FINALS": n 0, median NaN, p10 NaN, p90 NaN (band 52 to 67, middle half 55.75 to 63.25)
     (not asserted: 0 seasons is too few for a median)
     points a team game, era now: 115.74 over 29274 games (league mean 115.6)
ok   7 nba points a team game in era now within 1 of the league mean (115.74 against 115.6)
     points a team game, era y2004: 93.62 over 35998 games (league mean 93.4)
ok   7 nba points a team game in era y2004 within 1 of the league mean (93.62 against 93.4)
     his share of his team's points: median 0.161, p99 0.444 over 62410 games
ok   7 nba his share of his team's points at the 99th percentile stays under 0.5 (0.444)

===== 6: nothing moves =====
ok   6 Math.random is never drawn while a season is derived (trap 0)
ok   6 every career saved the same bytes with and without the viewer (906 season hashes, 0 differ)

===== 8: lazy by source =====
ok   8 the static closure of the two routes was walked (121 files)
ok   8 the walk reaches src/components/us-career/season/UsSeasonCentreHost.tsx
ok   8 no eager file of the two routes statically imports the season modules, the viewer or the league shape (121 checked)
ok   8 a planted static import of the viewer in UsSeasonCentreHost.tsx is named (10 files)
ok   8 the same text in a comment is spared
ok   8 src/lib/season/us.ts holds no Math.random and no new Rng(
ok   8 src/lib/season/nba.ts holds no Math.random and no new Rng(

control stage: RED AT THE NAMED CHECK (section 1); sections red: 1, 4; 427 seasons carry the unknown result, 427 of them shown with no band and no path
simUsSeasonCentre: 40 checks, 3 failed (control stage)
