MUTATED V1
node:internal/modules/run_main:107
    triggerUncaughtException(
    ^

AssertionError [ERR_ASSERTION]: Expected values to be strictly deep-equal:
+ actual - expected

+ [
+   {
+     errorName: 'AssertionError',
+     message: 'A ruled-out candidate is not committed as a scorer',
+     stack: 'AssertionError [ERR_ASSERTION]: A ruled-out candidate is not committed as a scorer\n' +
+       '    at Object.goal (file:///home/runner/work/ballpark-hero/ballpark-hero/scripts/simCmVar.mjs:126:16)\n' +
+       '    at main (file:///home/runner/work/ballpark-hero/ballpark-hero/scripts/simCmVar.mjs:281:33)\n' +
+       '    at process.processTicksAndRejections (node:internal/process/task_queues:104:5)\n' +
+       '    at async file:///home/runner/work/ballpark-hero/ballpark-hero/scripts/simCmVar.mjs:303:46',
+     status: 'failed',
+     title: 'overturns an actual drawn goal before scorer credit and goal-shot commitment'
+   }
+ ]
- []

    at main (file:///home/runner/work/ballpark-hero/ballpark-hero/scripts/simCmVar.mjs:292:14)
    at async file:///home/runner/work/ballpark-hero/ballpark-hero/scripts/simCmVar.mjs:303:46 {
  generatedMessage: true,
  code: 'ERR_ASSERTION',
  actual: [
    {
      title: 'overturns an actual drawn goal before scorer credit and goal-shot commitment',
      status: 'failed',
      errorName: 'AssertionError',
      message: 'A ruled-out candidate is not committed as a scorer',
      stack: 'AssertionError [ERR_ASSERTION]: A ruled-out candidate is not committed as a scorer\n' +
        '    at Object.goal (file:///home/runner/work/ballpark-hero/ballpark-hero/scripts/simCmVar.mjs:126:16)\n' +
        '    at main (file:///home/runner/work/ballpark-hero/ballpark-hero/scripts/simCmVar.mjs:281:33)\n' +
        '    at process.processTicksAndRejections (node:internal/process/task_queues:104:5)\n' +
        '    at async file:///home/runner/work/ballpark-hero/ballpark-hero/scripts/simCmVar.mjs:303:46'
    }
  ],
  expected: [],
  operator: 'deepStrictEqual',
  diff: 'simple'
}

Node.js v24.21.0
