
[1m[46m RUN [49m[22m [36mv3.2.7 [39m[90m/home/runner/work/ballpark-hero/ballpark-hero[39m

Browserslist: browsers data (caniuse-lite) is 16 months old. Please run:
  npx update-browserslist-db@latest
  Why you should do it regularly: https://github.com/browserslist/update-db#readme
 [32m✓[39m src/test/clubManagerVarScreen.test.tsx [2m([22m[2m12 tests[22m[2m)[22m[33m 21907[2mms[22m[39m
   [33m[2m✓[22m[39m Club Manager: the review screen[2m > [22ma goal a review rules out is drawn first, and its review opens with the ball in the net [33m 1441[2mms[22m[39m
   [33m[2m✓[22m[39m Club Manager: the review screen[2m > [22ma review never opens over another action: the goal of the minute before is in and counted first ('disallowed') [33m 2018[2mms[22m[39m
   [33m[2m✓[22m[39m Club Manager: the review screen[2m > [22ma review never opens over another action: the goal of the minute before is in and counted first ('awarded') [33m 1516[2mms[22m[39m
   [33m[2m✓[22m[39m Club Manager: the review screen[2m > [22ma penalty a review gives: the foul is told, the card opens at its minute, and the kick is played after it [33m 1662[2mms[22m[39m
   [33m[2m✓[22m[39m Club Manager: the review screen[2m > [22ma penalty a review gives that is saved: the save is drawn after the card and the score stays [33m 1333[2mms[22m[39m
   [33m[2m✓[22m[39m Club Manager: the review screen[2m > [22mtwo reviews in one half each get their own card, in turn [33m 5039[2mms[22m[39m
   [33m[2m✓[22m[39m Club Manager: the review screen[2m > [22mSkip to the whistle during a review takes the card away and leaves the half as the engine has it [33m 600[2mms[22m[39m
   [33m[2m✓[22m[39m Club Manager: the review screen[2m > [22mleaving the site in the middle of a review and coming back shows the review again, then its penalty [33m 1659[2mms[22m[39m
   [33m[2m✓[22m[39m Club Manager: the review screen[2m > [22mreduced motion: a short wait, nothing moves under the card, and the decision stays up as long as with motion [33m 432[2mms[22m[39m
   [33m[2m✓[22m[39m Club Manager: the review screen[2m > [22ma penalty a review gives in the last minute of a half is still played before the whistle [33m 2517[2mms[22m[39m
   [33m[2m✓[22m[39m Club Manager: the review screen[2m > [22ma goal ruled out at the whistle: its review opens and closes before the half ends [33m 1542[2mms[22m[39m
   [33m[2m✓[22m[39m Club Manager: the review screen[2m > [22ma review at the very end of a crowded half is still shown once, and the half ends on the engine score [33m 2149[2mms[22m[39m

[2m Test Files [22m [1m[32m1 passed[39m[22m[90m (1)[39m
[2m      Tests [22m [1m[32m12 passed[39m[22m[90m (12)[39m
[2m   Start at [22m 19:05:55
[2m   Duration [22m 24.56s[2m (transform 1.51s, setup 48ms, collect 1.92s, tests 21.91s, environment 279ms, prepare 127ms)[22m

