ok   served:sc-signing the bind id "sc-signing" is in the served JavaScript 1 time(s), in SoccerCareer-Bvy-zcXR.js (the walk finds its scene by it, so it must be there exactly once)
ok   served:sc-intl-trophy the bind id "sc-intl-trophy" is in the served JavaScript 1 time(s), in SoccerCareer-Bvy-zcXR.js (the walk finds its scene by it, so it must be there exactly once)
saves: signing seed 1107, first offer Liverpool (3 years at €98k/wk); won tournament seed 1 of 1 tried, Copa América 2028 with Brazil, award rank 20
walk S (signing) at 390 by 844 with touch
ok   S390:P1 the scene is on the page as [data-signed-slip] [data-career-moment="signing"][data-cmo-bind="sc-signing"] and went live; the slip is the signing scene
FAIL S390:P6 no jump: 2.5 s after the page settled (frame 10) scrollY 0 then 40, page height 11503 then 11503, scene 12,520.5,366,166.5 then 12,480.5,366,166.5; its size over 192 frames of play: 366.00x166.50; the page was at most 0 px wider than its window
     S390:boxes at rest, x y w h: card 12,481,366,167, art 29,494,56,56, pill 125,558,144,48
ok   S390:P2 the facts are the save's: "✍️ Signed with Liverpool", "3 years at €98k/wk", the number €98k/wk (the save: Liverpool, 3 years at €98k/wk, €98k/wk); 1 avatar(s), shirt #C8102E, scene colour #c8102e (the save: #C8102E)
ok   S390:P3 it holds: six seconds on the scene is there with 0 animation(s) running, the same words and rect 12,480.5,366,166.5 then 12,480.5,366,166.5
ok   S390:P4 once: after the attributes screen and Back the scene is still with 0 confetti piece(s) on the page
ok   S390:P5 the save is byte equal: 0 write(s) to soccerCareerSave in the window, the same string of 6424 characters
ok   S390:P4 once: after a reload the page holds 0 slip(s) and 0 scene(s), expected none
ok   S390:P7 clean: 0 console or page error(s)
     S390:info 2 resource(s) did not load (refused requests, not counted)
walk S (signing) at 1280 by 900
ok   S1280:P1 the scene is on the page as [data-signed-slip] [data-career-moment="signing"][data-cmo-bind="sc-signing"] and went live; the slip is the signing scene
FAIL S1280:P6 no jump: 2.5 s after the page settled (frame 10) scrollY 0 then 40, page height 8174 then 8174, scene 144,407.5,992,166.5 then 144,367.5,992,166.5; its size over 192 frames of play: 992.00x166.50; the page was at most 0 px wider than its window
     S1280:boxes at rest, x y w h: card 144,368,992,167, art 161,381,56,56, pill 570,445,144,48
ok   S1280:P2 the facts are the save's: "✍️ Signed with Liverpool", "3 years at €98k/wk", the number €98k/wk (the save: Liverpool, 3 years at €98k/wk, €98k/wk); 1 avatar(s), shirt #C8102E, scene colour #c8102e (the save: #C8102E)
ok   S1280:P3 it holds: six seconds on the scene is there with 0 animation(s) running, the same words and rect 144,367.5,992,166.5 then 144,367.5,992,166.5
ok   S1280:P4 once: after the attributes screen and Back the scene is still with 0 confetti piece(s) on the page
ok   S1280:P5 the save is byte equal: 0 write(s) to soccerCareerSave in the window, the same string of 6424 characters
ok   S1280:P4 once: after a reload the page holds 0 slip(s) and 0 scene(s), expected none
ok   S1280:P7 clean: 0 console or page error(s)
     S1280:info 2 resource(s) did not load (refused requests, not counted)
walk T (trophy) at 390 by 844 with touch
ok   T390:P1 the scene is on the page as [data-intl-moment] [data-career-moment="trophy"][data-cmo-bind="sc-intl-trophy"] and went live; 1 cup(s), its lift 0.9s long and running at 17 ms 3 frame(s) after it went live
FAIL T390:P6 no jump: 2.5 s after the page settled (frame 10) scrollY 641 then 681, page height 12779 then 12779, scene 30,29.5,330,145.5 then 30,-10.5,330,145.5; its size over 192 frames of play: 330.00x145.50; the page was at most 0 px wider than its window
     T390:boxes at rest, x y w h: card 30,-10,330,146, art 163,-10,64,64, pill null
ok   T390:P2 the facts are the save's: the title "Copa América 2028" (the save: Copa América 2028, Winner, phase world_cup)
ok   T390:P3 it holds: six seconds on the scene is there with 0 animation(s) running, the same words and rect 30,-10.5,330,145.5 then 30,-10.5,330,145.5
ok   T390:P4 once: after the Your Games tile and Back the scene is still with 0 confetti piece(s) on the page
ok   T390:P5 the save is byte equal: 0 write(s) to soccerCareerSave in the window, the same string of 52722 characters
ok   T390:P4 once: after a reload the save sits on the card: 1 card(s), the scene still with 0 confetti piece(s) and 0 animation(s) running
ok   T390:P7 clean: 0 console or page error(s)
     T390:info 2 resource(s) did not load (refused requests, not counted)
walk T (trophy) at 1280 by 900
ok   T1280:P1 the scene is on the page as [data-intl-moment] [data-career-moment="trophy"][data-cmo-bind="sc-intl-trophy"] and went live; 1 cup(s), its lift 0.9s long and running at 17 ms 3 frame(s) after it went live
FAIL T1280:P6 no jump: 2.5 s after the page settled (frame 10) scrollY 728 then 768, page height 9454 then 9454, scene 162,29.5,956,145.5 then 162,-10.5,956,145.5; its size over 193 frames of play: 956.00x145.50; the page was at most 0 px wider than its window
     T1280:boxes at rest, x y w h: card 162,-10,956,146, art 608,-10,64,64, pill null
ok   T1280:P2 the facts are the save's: the title "Copa América 2028" (the save: Copa América 2028, Winner, phase world_cup)
ok   T1280:P3 it holds: six seconds on the scene is there with 0 animation(s) running, the same words and rect 162,-10.5,956,145.5 then 162,-10.5,956,145.5
ok   T1280:P4 once: after the Your Games tile and Back the scene is still with 0 confetti piece(s) on the page
ok   T1280:P5 the save is byte equal: 0 write(s) to soccerCareerSave in the window, the same string of 52722 characters
ok   T1280:P4 once: after a reload the save sits on the card: 1 card(s), the scene still with 0 confetti piece(s) and 0 animation(s) running
ok   T1280:P7 clean: 0 console or page error(s)
     T1280:info 2 resource(s) did not load (refused requests, not counted)
requests to supabase.co refused: 8
playCareerMoments CONTROL jump: 34 checks, red on S1280:P6, S390:P6, T1280:P6, T390:P6 (expected S1280:P6, S390:P6, T1280:P6, T390:P6); the fault fired 2 time(s) in walk S and 2 in walk T: the control turned its own check red and left the others green
