save "sco": Hearts, 4 seasons, phase playing (CONTROL odd: the table checks must fail)
ok   1 390x844: the Season Centre opens and the page does not move (scrollY 0 then 0)
FAIL 2 390x844: the kick off card says 18 clubs and 34 matchdays ("Results only: the game does not have a verified table for this league that season.")
FAIL 3 390x844: the compact table shows its rows and none reads "another club" (0 rows, 0 unnamed; first )
ok   6 390x844: no sideways scroll on the kick off card (390)
FAIL 4 390x844: the season review prints a position of 18 ("Champions of the Scottish Premiership")
ok   1 390x844: leaving closes the Season Centre and the page has not moved (scrollY 0)
ok   6 390x844: no sideways scroll on the summary (390) and no page error
ok   1 390x844 reduced motion: the Season Centre opens and the page does not move (scrollY 0 then 0)
FAIL 2 390x844 reduced motion: the kick off card says 18 clubs and 34 matchdays ("Results only: the game does not have a verified table for this league that season.")
FAIL 3 390x844 reduced motion: the compact table shows its rows and none reads "another club" (0 rows, 0 unnamed; first )
ok   6 390x844 reduced motion: no sideways scroll on the kick off card (390)
FAIL 4 390x844 reduced motion: the season review prints a position of 18 ("Champions of the Scottish Premiership")
ok   1 390x844 reduced motion: leaving closes the Season Centre and the page has not moved (scrollY 0)
ok   6 390x844 reduced motion: no sideways scroll on the summary (390) and no page error
ok   1 1280x900: the Season Centre opens and the page does not move (scrollY 0 then 0)
FAIL 2 1280x900: the kick off card says 18 clubs and 34 matchdays ("Results only: the game does not have a verified table for this league that season.")
FAIL 3 1280x900: the table has 18 rows and none reads "another club" (0 rows, 0 unnamed; first )
ok   6 1280x900: no sideways scroll on the kick off card (1280)
FAIL 4 1280x900: the season review prints a position of 18 ("nothing")
ok   1 1280x900: leaving closes the Season Centre and the page has not moved (scrollY 0)
ok   6 1280x900: no sideways scroll on the summary (1280) and no page error
ok   1 1280x900 reduced motion: the Season Centre opens and the page does not move (scrollY 0 then 0)
FAIL 2 1280x900 reduced motion: the kick off card says 18 clubs and 34 matchdays ("Results only: the game does not have a verified table for this league that season.")
FAIL 3 1280x900 reduced motion: the table has 18 rows and none reads "another club" (0 rows, 0 unnamed; first )
ok   6 1280x900 reduced motion: no sideways scroll on the kick off card (1280)
FAIL 4 1280x900 reduced motion: the season review prints a position of 18 ("nothing")
ok   1 1280x900 reduced motion: leaving closes the Season Centre and the page has not moved (scrollY 0)
ok   6 1280x900 reduced motion: no sideways scroll on the summary (1280) and no page error
playCareerLeagueWorld control odd: checks 2, 3 and 4 failed at all four sizes on a league with no table, as they must (12 of 28 failed)
