   on the way to the hub: closed the how to play sheet > pressed "Continue"
E-WR-15-390 hub: watch again true, week by week true, held line "", entry "📺 Week by week↺ Watch the 2028 season again"
E-WR-15-390 KICKOFF: Cincinnati Bengals 2028 · NFL 17 games · 8 home, 9 away · the league's schedule formula, this career's own draw Last season: Lost the Super Bowl FIRST FIVE 1 Home Cleveland Browns 2 Away Miami Dolphins 3 Away Baltimore Ravens 4 Home Green Bay Packers 5 Away New York Giants ▶ Kick off ⏭ Straight to t
E-WR-15-390 GAME: Game 1 · Home CIN 21-31 CLE FINAL Final Q1 8:00 🏈 Touchdown, Cleveland Browns. Q1 3:00 🏈 Touchdown, Cleveland Browns. Q2 13:00 🏈 Touchdown, Cleveland Browns. Q2 8:00 🏈 Touchdown, Cleveland Browns. Q2 2:00 🏈 Touchdown, Cincinnati Bengals. Q3 12:00 🥅 Field goal, Cleveland Browns. Q4 4:00 🏈 Touchdown, Cincinnati Bengals. Q4 3:00 🏈 Touchdown, Cincinnati Bengals. 17 YDS 2 REC 0 TD After game 1 0-1 Home 0-1 Away 0-0 Streak L1 Division 0-1 Conference 0-1 Last 1: L 📋 Game log 🗓 Schedule 1 Played 2 Rec 17 Rec yds 0 TD
E-WR-15-390 FEED: Q1 8:00 🏈 Touchdown, Cleveland Browns. Q1 3:00 🏈 Touchdown, Cleveland Browns. Q2 13:00 🏈 Touchdown, Cleveland Browns. Q2 8:00 🏈 Touchdown, Cleveland Browns. Q2 2:00 🏈 Touchdown, Cincinnati Bengals. Q3 12:00 🥅 Field goal, Cleveland Browns. Q4 4:00 🏈 Touchdown, Cincinnati Bengals. Q4 3:00 🏈 Touchdown, Cincinnati Bengals.
E-WR-15-390 HIS LINE: 17 YDS 2 REC 0 TD
MEASURE E-WR-15-390 game: docOverflow 0; off []; clipped []; moving ["DIV.cm-rise space-y-3 cmRise 0.45s","SPAN.cm-tick-in text-2xl font-black tabular-n cmTickIn 0.35s"]
E-WR-15-390 REVIEW: Season review 4-13 · Missed the playoffs 17 Games 72 Rec 854 Rec yds 6 Rec TD Regular season, the same numbers as your season card. ⭐ Best game: Game 4, L 34-35 vs Green Bay Packers, 15 catches for 223 yards, 2 touchdowns Last five: L L W L L After game 17 4-13 Home 2-6 Away 2-7 Streak L2 Division 1-5 Conference 2-10 Last 10: L W L W W L L W L L 📋 Game log 🗓 Schedule 17 Played 72 Rec 854 Rec yds 6 TD
MEASURE E-WR-15-390 review: docOverflow 0; off []; clipped []; moving ["DIV.cm-rise cmRise 0.45s","DIV.cm-rise rounded-lg bg-muted/30 p-2 text- cmRise 0.45s","DIV.cm-rise text-xs cmRise 0.45s","DIV.cm-rise flex items-center gap-1 text-xs cmRise 0.45s","SPAN.cm-tick-in text-2xl font-black tabular-n cmTickIn 0.35s"]
E-WR-15-390 LOG: G17 A NE L 13-28 12 YDS 1 REC 0 TD G16 H NYJ L 16-31 24 YDS 2 REC 0 TD G15 A MIN W 24-17 15 YDS 2 REC 0 TD G14 H PIT L 21-38 168 YDS 15 REC 2 TD G13 H BAL L 10-21 32 YDS 3 REC 0 TD G12 H DET W 24-20 68 YDS 6 REC 1 TD G11 A CLE W 33-21 40 YDS 5 REC 0 TD G10 A PIT L 13-17 23 YDS 2 REC 0 TD G9 H BUF W 13-0 47 YDS 4 REC 0 TD G8 A CHI L 14-17 23 YDS 2 REC 0 TD G7 H LV L 14-45 10 YDS 1 REC 0 TD G6 A TEN L 17-42 67 YDS 5 REC 1 TD G5 A NYG L 7-35 28 YDS 2 REC 0 TD G4 H GB L 34-35 223 YDS 15 REC 2 TD G3 A BAL L 20-35 11 YDS 1 REC 0 TD G2 A MIA L 20-43 46 YDS 4 REC 0 TD G1 H CLE L 21-31 17 YDS 2 REC 0 TD
MEASURE E-WR-15-390 log: docOverflow 0; off []; clipped []; moving ["DIV.cm-rise cmRise 0.45s","DIV.cm-rise rounded-lg bg-muted/30 p-2 text- cmRise 0.45s","DIV.cm-rise text-xs cmRise 0.45s","DIV.cm-rise flex items-center gap-1 text-xs cmRise 0.45s"]
E-WR-15-390 errors: []
-- E-WR-15 took 6647 ms
   on the way to the hub: closed the how to play sheet > picked "" > closed the how to play sheet > picked "" > closed the how to play sheet > picked "" > closed the how to play sheet > picked "" > closed the how to play sheet > picked "" > closed the how to play sheet > picked "" > closed the how to play sheet > picked "" > closed the how to play sheet > picked "" > closed the how to play sheet > picked "" > closed the how to play sheet > picked "" > closed the how to play sheet > picked "" > closed the how to play shee
E-K-contra-390 hub: watch again false, week by week false, held line "", entry ""
E-K-contra-390 errors: []
-- E-K-contra took 45371 ms
   on the way to the hub: closed the how to play sheet > picked "" > closed the how to play sheet > picked "" > closed the how to play sheet > picked "" > closed the how to play sheet > picked "" > closed the how to play sheet > picked "" > closed the how to play sheet > picked "" > closed the how to play sheet > picked "" > closed the how to play sheet > picked "" > closed the how to play sheet > picked "" > closed the how to play sheet > picked "" > closed the how to play sheet > picked "" > closed the how to play shee
E-K-champ-390 hub: watch again false, week by week false, held line "", entry ""
E-K-champ-390 errors: []
-- E-K-champ took 45399 ms
   on the way to the hub: closed the how to play sheet > pressed "Continue" > picked "" > closed the how to play sheet > picked "" > closed the how to play sheet > picked "" > closed the how to play sheet > picked "" > closed the how to play sheet > picked "" > closed the how to play sheet > picked "" > closed the how to play sheet > picked "" > closed the how to play sheet > picked "" > closed the how to play sheet > picked "" > closed the how to play sheet > picked "" > closed the how to play sheet > picked "" > closed
E-ANY-tie-390 hub: watch again false, week by week false, held line "", entry ""
E-ANY-tie-390 errors: []
-- E-ANY-tie took 15151 ms
   on the way to the hub: closed the how to play sheet > pressed "Continue"
E-QB-contra-390 hub: watch again true, week by week true, held line "", entry "📺 Week by week↺ Watch the 2027 season again"
E-QB-contra-390 KICKOFF: Los Angeles Chargers 2027 · NFL 17 games · 9 home, 8 away · the league's schedule formula, this career's own draw Last season: Lost in the Wild Card round FIRST FIVE 1 Away Kansas City Chiefs 2 Away Indianapolis Colts 3 Home Las Vegas Raiders 4 Away Las Vegas Raiders 5 Away Tennessee Titans ▶ Kick o
E-QB-contra-390 GAME: Game 1 · Away KC 13-14 LAC FINAL Final Q2 2:00 🥅 Field goal, Kansas City Chiefs. Q3 7:00 🏈 Touchdown, Los Angeles Chargers. Q4 13:00 🏈 Touchdown, Los Angeles Chargers. Q4 9:00 🏈 Touchdown, Kansas City Chiefs. Q4 4:00 🥅 Field goal, Kansas City Chiefs. Did not play After game 1 1-0 Home 0-0 Away 1-0 Streak W1 Division 1-0 Conference 1-0 Last 1: W 📋 Game log 🗓 Schedule 0 Played - Pass yds - TD - INT
E-QB-contra-390 FEED: Q2 2:00 🥅 Field goal, Kansas City Chiefs. Q3 7:00 🏈 Touchdown, Los Angeles Chargers. Q4 13:00 🏈 Touchdown, Los Angeles Chargers. Q4 9:00 🏈 Touchdown, Kansas City Chiefs. Q4 4:00 🥅 Field goal, Kansas City Chiefs.
E-QB-contra-390 HIS LINE: Did not play
MEASURE E-QB-contra-390 game: docOverflow 0; off []; clipped []; moving ["DIV.cm-rise space-y-3 cmRise 0.45s","SPAN.cm-tick-in text-2xl font-black tabular-n cmTickIn 0.35s"]
E-QB-contra-390 REVIEW: Season review 9-8 · Lost in the Wild Card round 5 Games 1,215 Pass yds 10 Pass TD 4 INT Regular season, the same numbers as your season card. ⭐ Best game: Game 17, W 31-10 vs Kansas City Chiefs, 259 yards, 4 touchdowns, 1 interception Last five: L L L W W PLAYOFFS L Wild Card lost to the Tennessee Titans 7-28 Your playoffs: 1 game, 238 yds, 2 TD, 1 INT After game 17 9-8 Home 5-4 Away 4-4 Streak W2 Division 3-3 Conference 6-6 Last 10: L L W W W L L L W W 📋 Game log 🗓 Schedule 5 Played 1,215 Pass yds 10 TD 4 INT
MEASURE E-QB-contra-390 review: docOverflow 0; off []; clipped []; moving ["DIV.cm-rise cmRise 0.45s","DIV.cm-rise rounded-lg bg-muted/30 p-2 text- cmRise 0.45s","DIV.cm-rise text-xs cmRise 0.45s","DIV.cm-rise flex items-center gap-1 text-xs cmRise 0.45s","LI.cm-rise flex items-center gap-2 text-xs cmRise 0.45s","SPAN.cm-tick-in text-2xl font-black tabular-n cmTickIn 0.35s"]
E-QB-contra-390 LOG: G17 H KC W 31-10 259 YDS 4 TD 1 INT G16 H SF W 21-13 Did not play G15 A ARI L 16-37 Did not play G14 A SEA L 20-27 304 YDS 2 TD 1 INT G13 H JAX L 24-34 Did not play G12 H DAL W 28-10 174 YDS 2 TD 0 INT G11 H HOU W 24-21 326 YDS 1 TD 1 INT G10 H LA W 35-31 Did not play G9 H DEN L 7-10 152 YDS 1 TD 1 INT G8 A DEN L 17-38 Did not play G7 A CIN W 28-20 Did not play G6 H BUF L 14-21 Did not play G5 A TEN W 38-24 Did not play G4 A LV W 23-6 Did not play G3 H LV L 21-24 Did not play G2 A IND L 16-17 Did not play G1 A KC W 14-13 Did not play
MEASURE E-QB-contra-390 log: docOverflow 0; off []; clipped []; moving ["DIV.cm-rise cmRise 0.45s","DIV.cm-rise rounded-lg bg-muted/30 p-2 text- cmRise 0.45s","DIV.cm-rise text-xs cmRise 0.45s","DIV.cm-rise flex items-center gap-1 text-xs cmRise 0.45s","LI.cm-rise flex items-center gap-2 text-xs cmRise 0.45s"]
E-QB-contra-390 errors: []
-- E-QB-contra took 6540 ms
E-QB-520-390 hub: watch again true, week by week true, held line "", entry "📺 Week by week↺ Watch the 2026 season again"
E-QB-520-390 KICKOFF: Las Vegas Raiders 2026 · NFL 17 games · 8 home, 9 away · the league's schedule formula, this career's own draw FIRST FIVE 1 Away San Francisco 49ers 2 Home New England Patriots 3 Home Seattle Seahawks 4 Away Denver Broncos 5 Away Houston Texans ▶ Kick off ⏭ Straight to the season review Before the f
E-QB-520-390 GAME: Game 1 · Away SF 20-10 LV FINAL Final Q1 4:00 🥅 Field goal, San Francisco 49ers. Q2 10:00 🏈 Touchdown, San Francisco 49ers. Q2 6:00 You are picked off. Q2 4:00 🥅 Field goal, San Francisco 49ers. Q3 11:00 🥅 Field goal, Las Vegas Raiders. Q4 12:00 🏈 Touchdown, Las Vegas Raiders. Q4 9:00 🏈 Touchdown, San Francisco 49ers. 142 YDS 0 TD 1 INT After game 1 0-1 Home 0-0 Away 0-1 Streak L1 Division 0-0 Conference 0-0 Last 1: L 📋 Game log 🗓 Schedule 1 Played 142 Pass yds 0 TD 1 INT
E-QB-520-390 FEED: Q1 4:00 🥅 Field goal, San Francisco 49ers. Q2 10:00 🏈 Touchdown, San Francisco 49ers. Q2 6:00 You are picked off. Q2 4:00 🥅 Field goal, San Francisco 49ers. Q3 11:00 🥅 Field goal, Las Vegas Raiders. Q4 12:00 🏈 Touchdown, Las Vegas Raiders. Q4 9:00 🏈 Touchdown, San Francisco 49ers.
E-QB-520-390 HIS LINE: 142 YDS 0 TD 1 INT
MEASURE E-QB-520-390 game: docOverflow 0; off []; clipped []; moving ["DIV.cm-rise space-y-3 cmRise 0.45s","SPAN.cm-tick-in text-2xl font-black tabular-n cmTickIn 0.35s"]
E-QB-520-390 REVIEW: Season review 9-7-1 · Missed the playoffs 17 Games 3,701 Pass yds 23 Pass TD 16 INT Regular season, the same numbers as your season card. ⭐ Best game: Game 17, W 36-17 vs Cleveland Browns, 520 yards, 5 touchdowns, 2 interceptions Last five: W L W W W After game 17 9-7-1 Home 4-4 Away 5-3-1 Streak W3 Division 3-3 Conference 7-5 Last 10: W L W L W W L W W W 📋 Game log 🗓 Schedule 17 Played 3,701 Pass yds 23 TD 16 INT
MEASURE E-QB-520-390 review: docOverflow 0; off []; clipped []; moving ["DIV.cm-rise cmRise 0.45s","DIV.cm-rise rounded-lg bg-muted/30 p-2 text- cmRise 0.45s","DIV.cm-rise text-xs cmRise 0.45s","DIV.cm-rise flex items-center gap-1 text-xs cmRise 0.45s","SPAN.cm-tick-in text-2xl font-black tabular-n cmTickIn 0.35s"]
E-QB-520-390 LOG: G17 A CLE W 36-17 520 YDS 5 TD 2 INT G16 A LAC W 34-21 214 YDS 2 TD 0 INT G15 H IND W 28-27 246 YDS 2 TD 0 INT G14 A JAX L 20-27 246 YDS 1 TD 0 INT G13 A PHI W 14-9 102 YDS 0 TD 0 INT G12 A KC W 24-17 86 YDS 0 TD 0 INT G11 H DEN L 27-31 198 YDS 2 TD 0 INT G10 H LA W 21-10 149 YDS 1 TD 0 INT G9 H LAC L 17-21 206 YDS 1 TD 2 INT G8 H KC W 30-16 430 YDS 3 TD 4 INT G7 A ARI T 35-35 520 YDS 4 TD 3 INT G6 H TEN L 31-32 171 YDS 0 TD 0 INT G5 A HOU W 24-6 154 YDS 1 TD 0 INT G4 A DEN L 20-23 148 YDS 1 TD 2 INT G3 H SEA L 0-31 60 YDS 0 TD 2 INT G2 H NE W 20-17 109 YDS 0 TD 0 INT G1 A SF L 10-20 142 YDS 0 TD 1 INT
MEASURE E-QB-520-390 log: docOverflow 0; off []; clipped []; moving ["DIV.cm-rise cmRise 0.45s","DIV.cm-rise rounded-lg bg-muted/30 p-2 text- cmRise 0.45s","DIV.cm-rise text-xs cmRise 0.45s","DIV.cm-rise flex items-center gap-1 text-xs cmRise 0.45s"]
E-QB-520-390 errors: []
-- E-QB-520 took 5997 ms
   on the way to the hub: closed the how to play sheet > picked "" > closed the how to play sheet > picked "" > closed the how to play sheet > picked "" > closed the how to play sheet > picked "" > closed the how to play sheet > picked "" > closed the how to play sheet > picked "" > closed the how to play sheet > picked "" > closed the how to play sheet > picked "" > closed the how to play sheet > picked "" > closed the how to play sheet > picked "" > closed the how to play sheet > picked "" > closed the how to play shee
E-K-contra-1280 hub: watch again false, week by week false, held line "", entry ""
E-K-contra-1280 errors: []
-- E-K-contra-1280 took 45385 ms
E-QB-520-1280 hub: watch again true, week by week true, held line "", entry "📺 Week by week↺ Watch the 2026 season again"
E-QB-520-1280 KICKOFF: Las Vegas Raiders 2026 · NFL 17 games · 8 home, 9 away · the league's schedule formula, this career's own draw FIRST FIVE 1 Away San Francisco 49ers 2 Home New England Patriots 3 Home Seattle Seahawks 4 Away Denver Broncos 5 Away Houston Texans ▶ Kick off ⏭ Straight to the season review
E-QB-520-1280 GAME: Game 1 · Away SF 20-10 LV FINAL Final Q1 4:00 🥅 Field goal, San Francisco 49ers. Q2 10:00 🏈 Touchdown, San Francisco 49ers. Q2 6:00 You are picked off. Q2 4:00 🥅 Field goal, San Francisco 49ers. Q3 11:00 🥅 Field goal, Las Vegas Raiders. Q4 12:00 🏈 Touchdown, Las Vegas Raiders. Q4 9:00 🏈 Touchdown, San Francisco 49ers. 142 YDS 0 TD 1 INT
E-QB-520-1280 FEED: Q1 4:00 🥅 Field goal, San Francisco 49ers. Q2 10:00 🏈 Touchdown, San Francisco 49ers. Q2 6:00 You are picked off. Q2 4:00 🥅 Field goal, San Francisco 49ers. Q3 11:00 🥅 Field goal, Las Vegas Raiders. Q4 12:00 🏈 Touchdown, Las Vegas Raiders. Q4 9:00 🏈 Touchdown, San Francisco 49ers.
E-QB-520-1280 HIS LINE: 142 YDS 0 TD 1 INT
MEASURE E-QB-520-1280 game: docOverflow 0; off []; clipped []; moving ["DIV.cm-rise space-y-3 cmRise 0.45s","SPAN.cm-tick-in text-2xl font-black tabular-n cmTickIn 0.35s"]
E-QB-520-1280 REVIEW: Season review 9-7-1 · Missed the playoffs 17 Games 3,701 Pass yds 23 Pass TD 16 INT Regular season, the same numbers as your season card. ⭐ Best game: Game 17, W 36-17 vs Cleveland Browns, 520 yards, 5 touchdowns, 2 interceptions Last five: W L W W W
MEASURE E-QB-520-1280 review: docOverflow 0; off []; clipped []; moving ["DIV.cm-rise cmRise 0.45s","DIV.cm-rise rounded-lg bg-muted/30 p-2 text- cmRise 0.45s","DIV.cm-rise text-xs cmRise 0.45s","DIV.cm-rise flex items-center gap-1 text-xs cmRise 0.45s","SPAN.cm-tick-in text-2xl font-black tabular-n cmTickIn 0.35s"]
E-QB-520-1280 errors: []
-- E-QB-520-1280 took 5574 ms
supabase requests aborted: 8
