old, 390 wide
  ok   old, 390 wide: wrote the recorded save (5 seasons, all saved before the round)
  ok   old, 390 wide: the Career Log tile prints the last line as it was saved, "23 ppg, 4.4 rpg, 5.3 apg" (reads "23 ppg, 4.4 rpg, 5.3 apg")
  ok   old, 390 wide: the season card prints three averages to one decimal (14.1 ppg, 3.1 rpg, 2.1 apg)
  ok   old, 390 wide: the season card says the minutes, steals and blocks (28.5 mpg, 0.8 spg, 0.3 bpg)
  ok   old, 390 wide: every season saved before the round is unchanged in the save
  ok   old, 390 wide: the newest row is on the new line (the tile reads "14.1 ppg, 3.1 rpg, 2.1 apg")
  ok   old, 390 wide: the new season holds minutes, steals, blocks and the club's record (28.5 mpg, 18-64)
  FAIL old, 390 wide: the Career Log tile's second line is not cut off ("17.0 ppg, 5.1 rpg, 3.2 apg, 1.1 spg, 0.6 bpg, 31.4 mpg", needs 239 of 149 pixels)
  ok   old, 390 wide: no page errors (clean)
  ok   old, 390 wide: no request to the live database finished (0)
old, 1280 wide, reduced motion
  ok   old, 1280 wide, reduced motion: wrote the recorded save (5 seasons, all saved before the round)
  ok   old, 1280 wide, reduced motion: the Career Log tile prints the last line as it was saved, "23 ppg, 4.4 rpg, 5.3 apg" (reads "23 ppg, 4.4 rpg, 5.3 apg")
  ok   old, 1280 wide, reduced motion: the season card prints three averages to one decimal (20.2 ppg, 4.2 rpg, 3.1 apg)
  ok   old, 1280 wide, reduced motion: the season card says the minutes, steals and blocks (32.5 mpg, 1.2 spg, 0.4 bpg)
  ok   old, 1280 wide, reduced motion: every season saved before the round is unchanged in the save
  ok   old, 1280 wide, reduced motion: the newest row is on the new line (the tile reads "20.2 ppg, 4.2 rpg, 3.1 apg")
  ok   old, 1280 wide, reduced motion: the new season holds minutes, steals, blocks and the club's record (32.5 mpg, 57-25)
  FAIL old, 1280 wide, reduced motion: the Career Log tile's second line is not cut off ("17.0 ppg, 5.1 rpg, 3.2 apg, 1.1 spg, 0.6 bpg, 31.4 mpg", needs 239 of 182 pixels)
  ok   old, 1280 wide, reduced motion: no page errors (clean)
  ok   old, 1280 wide, reduced motion: no request to the live database finished (0)
new, 390 wide, reduced motion
  ok   new, 390 wide, reduced motion, season 1: the season card prints three averages to one decimal (2.3 ppg, 0.8 rpg, 0.9 apg)
  ok   new, 390 wide, reduced motion, season 1: the season card says the minutes, steals and blocks (11.3 mpg, 0.4 spg, 0.0 bpg)
  ok   new, 390 wide, reduced motion, season 1: the hub's last season line has the new shape ("2.3 ppg, 0.8 rpg, 0.9 apg")
  FAIL new, 390 wide, reduced motion, season 1: the Career Log tile's second line is not cut off ("17.0 ppg, 5.1 rpg, 3.2 apg, 1.1 spg, 0.6 bpg, 31.4 mpg", needs 239 of 149 pixels)
  ok   new, 390 wide, reduced motion, season 1: nothing scrolls sideways (0 pixels over)
  ok   new, 390 wide, reduced motion, season 1: the last season line ends inside its card (357 against 374)
  ok   new, 390 wide, reduced motion, season 2: the season card prints three averages to one decimal (4.9 ppg, 1.6 rpg, 2.8 apg)
  ok   new, 390 wide, reduced motion, season 2: the season card says the minutes, steals and blocks (17.0 mpg, 0.7 spg, 0.1 bpg)
  ok   new, 390 wide, reduced motion, season 2: the hub's last season line has the new shape ("4.9 ppg, 1.6 rpg, 2.8 apg")
  FAIL new, 390 wide, reduced motion, season 2: the Career Log tile's second line is not cut off ("17.0 ppg, 5.1 rpg, 3.2 apg, 1.1 spg, 0.6 bpg, 31.4 mpg", needs 239 of 149 pixels)
  ok   new, 390 wide, reduced motion, season 2: nothing scrolls sideways (0 pixels over)
  ok   new, 390 wide, reduced motion, season 2: the last season line ends inside its card (357 against 374)
  ok   new, 390 wide, reduced motion, season 3: the season card prints three averages to one decimal (4.7 ppg, 1.4 rpg, 2.2 apg)
  ok   new, 390 wide, reduced motion, season 3: the season card says the minutes, steals and blocks (16.8 mpg, 0.5 spg, 0.1 bpg)
  ok   new, 390 wide, reduced motion, season 3: the hub's last season line has the new shape ("4.7 ppg, 1.4 rpg, 2.2 apg")
  FAIL new, 390 wide, reduced motion, season 3: the Career Log tile's second line is not cut off ("17.0 ppg, 5.1 rpg, 3.2 apg, 1.1 spg, 0.6 bpg, 31.4 mpg", needs 239 of 149 pixels)
  ok   new, 390 wide, reduced motion, season 3: nothing scrolls sideways (0 pixels over)
  ok   new, 390 wide, reduced motion, season 3: the last season line ends inside its card (357 against 374)
  ok   new, 390 wide, reduced motion: the Trophy Case holds 23 badges (23 drawn)
  ok   new, 390 wide, reduced motion: "All-Star" and "Ten time All-Star" are among them
  ok   new, 390 wide, reduced motion: the "?" opens with the games rule and the worked MVP example
  ok   new, 390 wide, reduced motion: nothing scrolls sideways with the "?" open (0 pixels over)
  ok   new, 390 wide, reduced motion: no page errors (clean)
  ok   new, 390 wide, reduced motion: no request to the live database finished (0)
new, 1280 wide
  ok   new, 1280 wide, season 1: the season card prints three averages to one decimal (6.6 ppg, 2.0 rpg, 3.8 apg)
  ok   new, 1280 wide, season 1: the season card says the minutes, steals and blocks (16.6 mpg, 0.7 spg, 0.1 bpg)
  ok   new, 1280 wide, season 1: the hub's last season line has the new shape ("6.6 ppg, 2.0 rpg, 3.8 apg")
  FAIL new, 1280 wide, season 1: the Career Log tile's second line is not cut off ("17.0 ppg, 5.1 rpg, 3.2 apg, 1.1 spg, 0.6 bpg, 31.4 mpg", needs 239 of 182 pixels)
  ok   new, 1280 wide, season 1: nothing scrolls sideways (0 pixels over)
  ok   new, 1280 wide, season 1: the last season line ends inside its card (943 against 960)
  ok   new, 1280 wide, season 2: the season card prints three averages to one decimal (3.0 ppg, 1.0 rpg, 1.5 apg)
  ok   new, 1280 wide, season 2: the season card says the minutes, steals and blocks (13.0 mpg, 0.3 spg, 0.1 bpg)
  ok   new, 1280 wide, season 2: the hub's last season line has the new shape ("3.0 ppg, 1.0 rpg, 1.5 apg")
  FAIL new, 1280 wide, season 2: the Career Log tile's second line is not cut off ("17.0 ppg, 5.1 rpg, 3.2 apg, 1.1 spg, 0.6 bpg, 31.4 mpg", needs 239 of 182 pixels)
  ok   new, 1280 wide, season 2: nothing scrolls sideways (0 pixels over)
  ok   new, 1280 wide, season 2: the last season line ends inside its card (943 against 960)
  ok   new, 1280 wide, season 3: the season card prints three averages to one decimal (8.4 ppg, 2.3 rpg, 4.3 apg)
  ok   new, 1280 wide, season 3: the season card says the minutes, steals and blocks (18.8 mpg, 0.8 spg, 0.1 bpg)
  ok   new, 1280 wide, season 3: the hub's last season line has the new shape ("8.4 ppg, 2.3 rpg, 4.3 apg")
  FAIL new, 1280 wide, season 3: the Career Log tile's second line is not cut off ("17.0 ppg, 5.1 rpg, 3.2 apg, 1.1 spg, 0.6 bpg, 31.4 mpg", needs 239 of 182 pixels)
  ok   new, 1280 wide, season 3: nothing scrolls sideways (0 pixels over)
  ok   new, 1280 wide, season 3: the last season line ends inside its card (943 against 960)
  ok   new, 1280 wide: the Trophy Case holds 23 badges (23 drawn)
  ok   new, 1280 wide: "All-Star" and "Ten time All-Star" are among them
  ok   new, 1280 wide: the "?" opens with the games rule and the worked MVP example
  ok   new, 1280 wide: nothing scrolls sideways with the "?" open (0 pixels over)
  ok   new, 1280 wide: no page errors (clean)
  ok   new, 1280 wide: no request to the live database finished (0)

control wide: FIRED, its own check went red and no other
playNbaNumbers: 68 checks, 8 failed (control wide)
