In the job at Crystal Palace.
1) The goal in order
  ok    the goal in order: 46 frames of wind up and flight all read 0 - 0, and the first frame reading 0 - 1 is in phase net with the net marked
  ok    the line under the pitch never read GOAL! while the ball was on its way (46 frames)
  ok    the scorer card was inside the pitch on all 31 frames it was up
  ok    a tap on the card ended the hold (40 frames after it, none with the card)
4) Nothing moves the page
  ok    window.scrollY stayed at 0 through 242 frames before, during and after a goal
  ok    window.scrollY stayed at 0 with the change sheet, the squad panel, the help panel, the stats panel open
3) The fit
  ok    320 by 568: the stage is the window, strip at 0, pitch 320 by 392 (69 percent of the height), control row ends at 568 of 568, 7 controls all 44 px and none covered
  ok    390 by 844: the stage is the window, strip at 0, pitch 390 by 668 (79.1 percent of the height), control row ends at 844 of 844, 7 controls all 44 px and none covered
  [labels 390] mean overlapping name labels a frame 0.38 over 24 frames of 22 labels; before match mode 1.63 at 6b1caa20, ratio 0.23
  ok    768 by 1024: the stage is the window, strip at 12, pitch 372 by 651 (63.6 percent of the height), control row ends at 1012 of 1024, 7 controls all 44 px and none covered
  ok    1280 by 900: the stage is the window, strip at 12, pitch 541.5 by 722 (80.2 percent of the height), control row ends at 888 of 900, 7 controls all 44 px and none covered
  ok    844 by 390: the stage is the window, strip at 0, pitch 518 by 388.5 (99.6 percent of the height), control row ends at 390 of 390, 7 controls all 44 px and none covered
6) Back folds the match away
  ok    Back folds the match to a card reading "Premier League · Round 1Crystal Palace0 - 1NewcastlePaused at 21'Back ", and the clock held at 21' for 2.6 seconds
  ok    Back to the match puts the stage back and the clock runs on (21' to 22')
5) The reload
  (skipped under a control)
2) Reduced motion
  ok    under reduced motion the score reads 0 - 1 on a frame in phase net
  ok    the scorer card was inside the pitch on all 155 frames it was up
  ok    nothing under the pitch or the card was animating in open play, inside a goal, after the goal
7) A wide screen
  Negative control: the scorer card loses its mark as the page draws it.
  ok    the goal in order: 46 frames of wind up and flight all read 0 - 0, and the first frame reading 1 - 0 is in phase net with the net marked
  ok    the line under the pitch never read GOAL! while the ball was on its way (46 frames)
  ok    the list beside the pitch said GOAL! only once the ball was in (first on a frame reading goal/net, score 1 - 0)
  FAIL: no scorer card was ever on screen around the goal
      what was drawn: save/plant 0 - 0 59' e636 x10 | save/flight 0 - 0 59' e636 x30 | save/caught 0 - 0 59' e636 x13 | save/caught 0 - 0 60' e636 x5 | pass/pass 0 - 0 60' e636 x55 | goal/plant 0 - 0 61' e636 x16 | goal/flight 0 - 0 61' e636 x30 | goal/net 1 - 0 61' e636 x80 | goal/net 1 - 0 62' e636 x25 | pass/pass 1 - 0 62' e636 x56 | pass/pass 1 - 0 63' e636 x2
      the goal watched: 61' Jaydee Canvot; the list at the end: 63'Sub: Ibrahim Mbaye on for Boubacar Kamara / 63'Foul by Jaydee Canvot / 62'Booked: Chris Richards / 62'Foul by Chris Richards / 61'GOAL! Own goal, Ian Maatsen (O.G)
playLiveMatchFit: control nocard turned section 7 red on the line it must (no scorer card was ever on screen, 1 node touched) and left the rest green.
