PASS  byx2-390-mo: a tap outside closes the panel and keeps the text {"options":[],"listbox":null,"value":"qzxalp"}
PASS  byx2-390-mo: coming back shows Finding players, not the names from before {"options":[],"listbox":"Finding players..."}
PASS  byx2-390-mo: coming back searched again {"extraRequests":2}
PASS  byx2-390-mo: the page did not scroll through leave and return {"before":72,"after":72}
PASS  byx2-390-mo: an answer that lands after the player left opens nothing {"options":[],"listbox":null}
PASS  byx2-390-mo: back after leaving mid search: Finding players, no name fetched before leaving {"options":[],"listbox":"Finding players..."}
PASS  byx2-390-mo: and it searched again {"extraRequests":2}
INFO  byx2-390-mo: typing three more letters at 150 ms a key under an open list {"frames":46,"framesWithNames":15,"framesFinding":31,"collapses":1,"panelHeights":[119,46,60]}
INFO  byx2-390-mo: requests {"searches":12,"validator":0,"blocked":2}
PASS  byx2-1280-rm: a tap outside closes the panel and keeps the text {"options":[],"listbox":null,"value":"qzxalp"}
PASS  byx2-1280-rm: coming back shows Finding players, not the names from before {"options":[],"listbox":"Finding players..."}
PASS  byx2-1280-rm: coming back searched again {"extraRequests":2}
PASS  byx2-1280-rm: the page did not scroll through leave and return {"before":84,"after":84}
PASS  byx2-1280-rm: an answer that lands after the player left opens nothing {"options":[],"listbox":null}
PASS  byx2-1280-rm: back after leaving mid search: Finding players, no name fetched before leaving {"options":[],"listbox":"Finding players..."}
PASS  byx2-1280-rm: and it searched again {"extraRequests":2}
INFO  byx2-1280-rm: typing three more letters at 150 ms a key under an open list {"frames":45,"framesWithNames":14,"framesFinding":31,"collapses":1,"panelHeights":[119,46,60]}
PASS  byx2-1280-rm: tabbing out of the box drops the list {"trail":["BUTTON[option] in opts=2","BUTTON[option] in opts=2","BUTTON out opts=0"],"filled":"0/11","value":"qzxalp"}
PASS  byx2-1280-rm: focus back by keyboard: Finding players, then a fresh list {"options":[],"listbox":"Finding players..."}
PASS  byx2-1280-rm: the keyboard return searched again {"extraRequests":2}
PASS  byx2-1280-rm: Escape closes the panel and keeps the text {"listbox":null,"value":"qzxalp"}
PASS  byx2-1280-rm: after Escape, one more letter and Enter picks the only name: one check, one slot {"filled":"1/11","requests":1}
INFO  byx2-1280-rm: requests {"searches":18,"validator":1,"blocked":2}
INFO  mxi-tap-main-fast: one tap on the only name {"spent":true,"guessBefore":"GUESS 1 OF 3","guessAfter":"GUESS 2 OF 3","tried":"Already tried: Qzxalpha Fixture","value":"","option":{"y":452,"h":58},"lock":{"y":457,"h":52},"tapAt":{"x":195,"y":481}}
INFO  mxi-tap-main-90: one tap on the only name {"spent":false,"guessBefore":"GUESS 1 OF 3","guessAfter":"GUESS 1 OF 3","tried":null,"value":"Qzxalpha Fixture","option":{"y":452,"h":58},"lock":{"y":457,"h":52},"tapAt":{"x":195,"y":481}}
INFO  mxi-tap-main-250: one tap on the only name {"spent":false,"guessBefore":"GUESS 1 OF 3","guessAfter":"GUESS 1 OF 3","tried":null,"value":"Qzxalpha Fixture","option":{"y":452,"h":58},"lock":{"y":457,"h":52},"tapAt":{"x":195,"y":481}}
INFO  mxi-tap-branch-fast: one tap on the only name {"spent":true,"guessBefore":"GUESS 1 OF 3","guessAfter":"GUESS 2 OF 3","tried":"Already tried: Qzxalpha Fixture","value":"","option":{"y":452,"h":58},"lock":{"y":457,"h":52},"tapAt":{"x":195,"y":481}}
INFO  mxi-tap-branch-90: one tap on the only name {"spent":false,"guessBefore":"GUESS 1 OF 3","guessAfter":"GUESS 1 OF 3","tried":null,"value":"Qzxalpha Fixture","option":{"y":452,"h":58},"lock":{"y":457,"h":52},"tapAt":{"x":195,"y":481}}
INFO  mxi-tap-branch-250: one tap on the only name {"spent":false,"guessBefore":"GUESS 1 OF 3","guessAfter":"GUESS 1 OF 3","tried":null,"value":"Qzxalpha Fixture","option":{"y":452,"h":58},"lock":{"y":457,"h":52},"tapAt":{"x":195,"y":481}}
INFO  mxi-tap: guess spent by ONE tap on the name (true means the tap also locked the guess in) {"main-fast":true,"main-90":false,"main-250":false,"branch-fast":true,"branch-90":false,"branch-250":false}
PASS  mxi-tap: fast: the branch spends a guess on one tap only where main does too {"main":true,"branch":true}
PASS  mxi-tap: 90: the branch spends a guess on one tap only where main does too {"main":false,"branch":false}
PASS  mxi-tap: 250: the branch spends a guess on one tap only where main does too {"main":false,"branch":false}
PASS  oldsave: main: one wrong guess is on the board {"guess":"GUESS 2 OF 3","tried":"Already tried: Qzxalpha Fixture"}
PASS  oldsave: branch: the save written by main loads as guess 2 of 3 with the tried name {"guess":"GUESS 2 OF 3","tried":"Already tried: Qzxalpha Fixture"}
PASS  oldsave: branch: a second wrong guess plays on from the old save {"guess":"GUESS 3 OF 3","tried":"Already tried: Qzxalpha Fixture, Qzxbravo Van Fixture"}
PASS  oldsave: branch: after a reload both tries are still there {"guess":"GUESS 3 OF 3","tried":"Already tried: Qzxalpha Fixture, Qzxbravo Van Fixture"}
PASS  oldsave: no key main wrote is missing after the branch played {"gone":[],"newKeys":[]}
rv-walk2: 27 PASS, 0 FAIL, 0 page errors
