playSaveKeeper: mode assert, 21 route(s), widths 390 and 1280, build /home/runner/work/ballpark-hero/ballpark-hero/dist

A clean visit and a leave, per route: does the game write its save with no press?
  quiet   /soccer-career  keys left: dukb-guest-handle
  quiet   /club-manager  keys left: dukb-guest-handle
  WRITES  /stadium-tycoon  keys left: dukb-guest-handle, stadiumTycoonSaveV1
  WRITES  /wonderkid-factory  keys left: dukb-guest-handle, wonderkidFactoryV1
  quiet   /rebuild  keys left: dukb-guest-handle
  quiet   /front-office  keys left: dukb-guest-handle
  quiet   /nfl-my-career  keys left: dukb-guest-handle
  quiet   /cfb-dynasty  keys left: dukb-guest-handle
  quiet   /cbb-dynasty  keys left: dukb-guest-handle
  quiet   /nba-front-office  keys left: dukb-guest-handle
  quiet   /nba-my-career  keys left: dukb-guest-handle
  quiet   /mlb-my-career  keys left: dukb-guest-handle
  quiet   /mlb-front-office  keys left: dukb-guest-handle
  quiet   /nhl-my-career  keys left: dukb-guest-handle
  quiet   /nhl-front-office  keys left: dukb-guest-handle
  quiet   /aussie-rules-manager  keys left: dukb-guest-handle, rules-gate-seen:/aussie-rules-manager
  quiet   /fight-career  keys left: dukb-guest-handle
  quiet   /fight-promoter  keys left: dukb-guest-handle
  quiet   /fight-gym  keys left: dukb-guest-handle
  quiet   /hall-of-champions  keys left: dukb-guest-handle
  WRITES  /idle-arena  keys left: dukb-guest-handle, dukb-idle-arena-v1

Journey L, the fresh flow, on the 3 route(s) that write with no press:
  SURVIVED  /stadium-tycoon 390: A (1245 chars) is in stadiumTycoonSaveV1.broken-2026-01-02T03-04-05, stadiumTycoonSaveV1; A is the game on screen: true; the game he had is kept aside: true (at the key: false); writes to the key: x' x' x' A; backups 2
  SURVIVED  /stadium-tycoon 1280: A (1245 chars) is in stadiumTycoonSaveV1.broken-2026-01-02T03-04-05, stadiumTycoonSaveV1; A is the game on screen: true; the game he had is kept aside: true (at the key: false); writes to the key: x' x' x' A; backups 2
  SURVIVED  /wonderkid-factory 390: A (335 chars) is in wonderkidFactoryV1, wonderkidFactoryV1.broken-2026-01-02T03-04-05; A is the game on screen: true; the game he had is kept aside: true (at the key: false); writes to the key: x' x' x' A; backups 2
  SURVIVED  /wonderkid-factory 1280: A (335 chars) is in wonderkidFactoryV1, wonderkidFactoryV1.broken-2026-01-02T03-04-05; A is the game on screen: true; the game he had is kept aside: true (at the key: false); writes to the key: x' x' x' A; backups 2
  SURVIVED  /idle-arena 390: A (309 chars) is in dukb-idle-arena-v1.broken-2026-01-02T03-04-05, dukb-idle-arena-v1; A is the game on screen: true; the game he had is kept aside: true (at the key: false); writes to the key: x' x' x' A; backups 2
  SURVIVED  /idle-arena 1280: A (309 chars) is in dukb-idle-arena-v1.broken-2026-01-02T03-04-05, dukb-idle-arena-v1; A is the game on screen: true; the game he had is kept aside: true (at the key: false); writes to the key: x' x' x' A; backups 2

playSaveKeeper journey L: 6 walk(s) judged over 3 route(s) that write with no press (/stadium-tycoon, /wonderkid-factory, /idle-arena): 0 LOST the save that was put back, 0 kept it but not as the game on screen or lost the other one, 6 survived, 0 not judged
playSaveKeeper: green. A save put back with a game in memory survives the load.
