bundled in 701 ms; 460 clubs (190 hand rows)

B1. POOL: the rows main shipped are still the first rows, in order
  51 of 51 recorded rows found in place (id, name, country, league); the pool has 270 generated rows

B4. POOL: the dugout's key finds every pool club under Club Manager's spelling
  380 Club Manager clubs of 23 leagues, 380 matched by the key (1 pinned apart: Nacional and CD Nacional)

C1. BAND: main's recorded cross, the five big leagues and every season before 2026 byte for byte
  held: 8100 rows in the five big leagues, 87480 rows before 2026 outside them; free to move: 43740 rows, 2184 moved over 24 pairs that gained a size

C2. BAND: the worked examples, exact, and every ladder club banded at its own place
  15 worked bands and 7 seed keys exact; 284 clubs of 17 ladder leagues each banded at their own place

C3. BAND: every ladder club, five ratings, 200 engine shaped keys
  284000 bands, every one from the ladder and inside 2 to the league's size; 16 groups the ladder cannot order, each sharing one band at every rating

A. LEDGERS: every league the pool reads is sized, odd or waiting with its reason
  sized (a finish, a table): Championship 24, Brasileirao 20, Eredivisie 18, Saudi Pro League 18, Primeira Liga 18, Super Lig 18, 2. Bundesliga 18, Belgian Pro League 18
  odd (their real row count, no table): MLS 30, Scottish Premiership 12, Austrian Bundesliga 12
  waiting, results only as on main: Super League Greece (format from 1 host), Danish Superliga (format from 1 host), Swiss Super League (format from 0 hosts), HNL (format from 0 hosts), Liga MX (format from 1 host), A-League (format from 1 host)
  held by the generator: Serie B, Ligue 2, Segunda Division; the ledgers hold the Championship in 22 of 22 seasons from 2004

E. OLD SAVES: seven saves recorded on main read the same, and play on
  7 saves: repairCareer byte equal, every saved row reads the finish, league and mode main read; matchdays moved to the league's real count on 6 rows (ere 2027 Twente: 38 to 34; ere 2028 Twente: 38 to 34; cha 2027 Norwich City: 38 to 46; cha 2028 Norwich City: 38 to 46; her 2027 Hertha Berlin: 38 to 34; her 2028 Hertha Berlin: 38 to 34); each played three more seasons

C4. BAND: a higher place on the ladder finishes higher, tier 4 clubs included
  Championship: 19 of 24 ordered, rho 1.000 to 1.000; tier 4 17, rho 1.000 to 1.000
  Brasileirao: 16 of 20 ordered, rho 1.000 to 1.000; tier 4 10, rho 1.000 to 1.000
  Eredivisie: 7 of 18 ordered, rho 1.000 to 1.000; tier 4 3 (too few to measure)
  Saudi Pro League: 7 of 18 ordered, rho 1.000 to 1.000; tier 4 1 (too few to measure)
  Primeira Liga: 8 of 18 ordered, rho 1.000 to 1.000; tier 4 5, rho 1.000 to 1.000
  Super Lig: 9 of 18 ordered, rho 1.000 to 1.000; tier 4 0 (too few to measure)
  2. Bundesliga: 5 of 18 ordered, rho 1.000 to 1.000; tier 4 5, rho 1.000 to 1.000
  Belgian Pro League: 10 of 18 ordered, rho 1.000 to 1.000; tier 4 0 (too few to measure)
  8 leagues measured over three key sets: lowest 1.000, highest 1.000 (floor 0.97); tier 4 alone in 4: lowest 1.000, highest 1.000 (floor 0.97)

D1. WORLD: a season in a sized league always has its finish, its matchdays and a whole table
  seed set 2, 300 careers x 17 nations in 107 s: 64635 seasons, 42404 in a sized league (a finish from 1 to the size, 2 x (size - 1) matchdays), 20202 tables in a ladder league outside the five whose names cover every row
  drawn as the page draws them (up to 300 a league): 2233 tables, every row named, 1st place named, no club of the league left off: Championship 300 of 969 (291 not his title); Brasileirao 300 of 3852 (233 not his title); Eredivisie 300 of 3073 (237 not his title); Saudi Pro League 300 of 2952 (273 not his title); Primeira Liga 298 of 3482 (222 not his title, 2 the Season Centre could not derive); Super Lig 300 of 3130 (273 not his title); 2. Bundesliga 135 of 135 (130 not his title); Belgian Pro League 300 of 2609 (278 not his title)

D2. WORLD: more seasons end with a league position and a real table than on main
  seasons holding a league position: main 41.2%, now 68.6%; with a table in Week by week: main 34.5%, now 65.4%; share of table rows carrying a name: main 24.1%, now 65.4%
  Netherlands: 3785 seasons; position main 30.0%, now 80.3%; table main 22.8%, now 78.4% (floor 75.1%)
  Portugal: 3811 seasons; position main 27.7%, now 82.6%; table main 18.8%, now 81.0% (floor 72.3%)
  Turkey: 3825 seasons; position main 27.1%, now 79.9%; table main 20.2%, now 77.6% (floor 73.5%)
  Belgium: 3770 seasons; position main 30.8%, now 80.0%; table main 22.6%, now 78.1% (floor 66.9%)
  Brazil: 3798 seasons; position main 29.7%, now 79.9%; table main 22.4%, now 78.1% (floor 75.9%)
  Saudi Arabia: 3808 seasons; position main 29.7%, now 82.7%; table main 22.6%, now 80.9% (floor 76.9%)
  where the seasons are: big five 22099 (34.2%; position 100.0%, table 100.0%); plain and sized 20305 (31.4%; position 100.0%, table 99.5%); odd ledger 6589 (10.2%; position 9.2%, table 0.0%); a pool league waiting for its format 5396 (8.3%; position 6.8%, table 0.0%); not a Club Manager league 10246 (15.9%; position 9.6%, table 0.0%)
  critic 12, printed and not asserted: a tier 4 pool club's finish as a share of the table, titles apart: in the five (the tier's band) mean 0.801 over 1265, 0.0% in the top half; in a ladder league mean 0.627 over 1843, 32.9% in the top half

B6. POOL: the engine's own seed key carries the club, and every ladder club is banded by its ladder
  32290 finishes the engine drew from 2026 in a ladder league outside the five: 32290 banded by the ladder; 0 by the tier for a club the list does not place in that league

D3. DUGOUT: a sized league prints its position, an odd league its real number of rows and no number
  2336 dugout seasons in a sized league, 192 in an odd league (Scottish Premiership, MLS, Austrian Bundesliga), 1130 elsewhere
  a table of 12: main 0 seasons (title none, top two none, bottom three none, sacked none); now 86 (title 27.9%, top two 44.2%, bottom three 7.0%, sacked 4.7%)
  a table of 18: main 321 seasons (title 9.3%, top two 18.7%, bottom three 13.1%, sacked 9.0%); now 766 (title 11.5%, top two 19.1%, bottom three 11.5%, sacked 7.7%)
  a table of 20: main 2770 seasons (title 9.3%, top two 16.1%, bottom three 9.9%, sacked 7.3%); now 2114 (title 8.5%, top two 14.7%, bottom three 10.1%, sacked 6.6%)
  a table of 22: main 0 seasons (title none, top two none, bottom three none, sacked none); now 20 (title 25.0%, top two 25.0%, bottom three 5.0%, sacked 15.0%)
  a table of 24: main 579 seasons (title 6.4%, top two 10.9%, bottom three 7.1%, sacked 0.5%); now 566 (title 6.2%, top two 12.2%, bottom three 10.1%, sacked 1.4%)
  a table of 30: main 0 seasons (title none, top two none, bottom three none, sacked none); now 106 (title 1.9%, top two 6.6%, bottom three 5.7%, sacked 7.5%)

simCareerLeagueWorld: all sections green (109.3 s)
