CONTROL nosize: lib/soccerCareerLeague.ts patched in the bundle only; section A or D2 must go red
bundled in 433 ms; 460 clubs (190 hand rows)

B1. POOL: the rows main shipped are still the first rows, in order
  51 of 51 recorded rows found in place (id, name, country, league); the pool has 270 generated rows

B4. POOL: the dugout's key finds every pool club under Club Manager's spelling
  380 Club Manager clubs of 23 leagues, 380 matched by the key (1 pinned apart: Nacional and CD Nacional)

C1. BAND: main's recorded cross, the five big leagues and every season before 2026 byte for byte
  held: 8100 rows in the five big leagues, 87480 rows before 2026 outside them; free to move: 43740 rows, 1911 moved over 21 pairs that gained a size

C2. BAND: the worked examples, exact, and every ladder club banded at its own place
  15 worked bands and 7 seed keys exact; 284 clubs of 17 ladder leagues each banded at their own place

C3. BAND: every ladder club, five ratings, 200 engine shaped keys
  284000 bands, every one from the ladder and inside 2 to the league's size; 16 groups the ladder cannot order, each sharing one band at every rating

A. LEDGERS: every league the pool reads is sized, odd or waiting with its reason
  FAIL [A]: Eredivisie: its format is read from two hosts (plain) and it has neither a size row nor an odd row
  FAIL [A]: Eredivisie: a LEAGUE_FORMAT window with no size
  FAIL [A]: only 7 leagues sized
  sized (a finish, a table): Championship 24, Brasileirao 20, Saudi Pro League 18, Primeira Liga 18, Super Lig 18, 2. Bundesliga 18, Belgian Pro League 18
  odd (their real row count, no table): MLS 30, Scottish Premiership 12, Austrian Bundesliga 12
  waiting, results only as on main: Eredivisie (format from 3 hosts), Super League Greece (format from 1 host), Danish Superliga (format from 1 host), Swiss Super League (format from 0 hosts), HNL (format from 0 hosts), Liga MX (format from 1 host), A-League (format from 1 host)
  held by the generator: Serie B, Ligue 2, Segunda Division, Russian Premier League; the ledgers hold the Championship in 22 of 22 seasons from 2004

E. OLD SAVES: seven saves recorded on main read the same, and play on
  7 saves: repairCareer byte equal, every saved row reads the finish, league and mode main read; matchdays moved to the league's real count on 4 rows (cha 2027 Norwich City: 38 to 46; cha 2028 Norwich City: 38 to 46; her 2027 Hertha Berlin: 38 to 34; her 2028 Hertha Berlin: 38 to 34); each played three more seasons

C4. BAND: a higher place on the ladder finishes higher, tier 4 clubs included
  Championship: 19 of 24 ordered, rho 1.000 to 1.000; tier 4 17, rho 1.000 to 1.000
  Brasileirao: 16 of 20 ordered, rho 1.000 to 1.000; tier 4 10, rho 1.000 to 1.000
  Saudi Pro League: 7 of 18 ordered, rho 1.000 to 1.000; tier 4 1 (too few to measure)
  Primeira Liga: 8 of 18 ordered, rho 1.000 to 1.000; tier 4 5, rho 1.000 to 1.000
  Super Lig: 9 of 18 ordered, rho 1.000 to 1.000; tier 4 0 (too few to measure)
  2. Bundesliga: 5 of 18 ordered, rho 1.000 to 1.000; tier 4 5, rho 1.000 to 1.000
  Belgian Pro League: 10 of 18 ordered, rho 1.000 to 1.000; tier 4 0 (too few to measure)
  7 leagues measured over three key sets: lowest 1.000, highest 1.000 (floor 0.97); tier 4 alone in 4: lowest 1.000, highest 1.000 (floor 0.97)

D1. WORLD: a season in a sized league always has its finish, its matchdays and a whole table
  seed set 0, 300 careers x 17 nations in 110 s: 64789 seasons, 39198 in a sized league (a finish from 1 to the size, 2 x (size - 1) matchdays), 16993 tables in a ladder league outside the five whose names cover every row
  drawn as the page draws them (up to 300 a league): 1910 tables, every row named, 1st place named, no club of the league left off: Championship 300 of 930 (294 not his title); Brasileirao 300 of 3939 (221 not his title); Saudi Pro League 300 of 2915 (278 not his title); Primeira Liga 300 of 3312 (243 not his title); Super Lig 300 of 3123 (281 not his title); 2. Bundesliga 110 of 110 (106 not his title); Belgian Pro League 300 of 2664 (280 not his title)

D2. WORLD: more seasons end with a league position and a real table than on main
  FAIL [D2]: finish: 64.3%, floor 66.5%
  FAIL [D2]: table: 60.3%, floor 63.2%
  FAIL [D2]: named: 60.3%, floor 63.2%
  seasons holding a league position: main 41.0%, now 64.3%; with a table in Week by week: main 34.1%, now 60.3%; share of table rows carrying a name: main 24.0%, now 60.3%
  FAIL [D2]: Netherlands: table share 30.4%, floor 75.1%
  Netherlands: 3803 seasons; position main 29.1%, now 37.3%; table main 20.7%, now 30.4% (floor 75.1%)
  Portugal: 3813 seasons; position main 29.6%, now 78.4%; table main 20.7%, now 76.2% (floor 72.3%)
  Turkey: 3814 seasons; position main 29.4%, now 78.7%; table main 21.6%, now 76.2% (floor 73.5%)
  Belgium: 3814 seasons; position main 29.3%, now 73.8%; table main 21.4%, now 70.2% (floor 66.9%)
  Brazil: 3776 seasons; position main 31.4%, now 78.8%; table main 23.0%, now 76.5% (floor 75.9%)
  Saudi Arabia: 3812 seasons; position main 30.6%, now 82.3%; table main 23.0%, now 80.4% (floor 76.9%)
  where the seasons are: big five 22095 (34.1%; position 100.0%, table 100.0%); plain and sized 17103 (26.4%; position 100.0%, table 99.4%); odd ledger 6543 (10.1%; position 8.7%, table 0.0%); a pool league waiting for its format 8660 (13.4%; position 9.7%, table 0.0%); not a Club Manager league 10388 (16.0%; position 10.3%, table 0.0%)
  critic 12, printed and not asserted: a tier 4 pool club's finish as a share of the table, titles apart: in the five (the tier's band) mean 0.796 over 1098, 0.0% in the top half; in a ladder league mean 0.651 over 1583, 29.3% in the top half

B6. POOL: the engine's own seed key carries the club, and every ladder club is banded by its ladder
  32306 finishes the engine drew from 2026 in a ladder league outside the five: 32306 banded by the ladder; 0 by the tier for a club the list does not place in that league

simCareerLeagueWorld control nosize: section A and D2 went red as it must (7 failures)
