
> vite_react_shadcn_ts@0.0.0 build
> vite build

[36mvite v5.4.21 [32mbuilding for production...[36m[39m
transforming...
Browserslist: browsers data (caniuse-lite) is 16 months old. Please run:
  npx update-browserslist-db@latest
  Why you should do it regularly: https://github.com/browserslist/update-db#readme
[32m✓[39m 3309 modules transformed.
rendering chunks...
computing gzip size...
[2mdist/[22m[32mindex.html                                       [39m[1m[2m   31.73 kB[22m[1m[22m[2m │ gzip:  11.39 kB[22m
[2mdist/[22m[2massets/[22m[35mInboxCard-DDfoldLS.css                    [39m[1m[2m    0.31 kB[22m[1m[22m[2m │ gzip:   0.22 kB[22m
[2mdist/[22m[2massets/[22m[35mStaffScreen-DA5KNI2w.css                  [39m[1m[2m    0.34 kB[22m[1m[22m[2m │ gzip:   0.22 kB[22m
[2mdist/[22m[2massets/[22m[35mPuckDetective-CNwlavUM.css                [39m[1m[2m    0.46 kB[22m[1m[22m[2m │ gzip:   0.24 kB[22m
[2mdist/[22m[2massets/[22m[35mMlbFrontOffice-CBF51_-Q.css               [39m[1m[2m    0.46 kB[22m[1m[22m[2m │ gzip:   0.26 kB[22m
[2mdist/[22m[2massets/[22m[35mFreeKick-Db_P_VAd.css                     [39m[1m[2m    0.48 kB[22m[1m[22m[2m │ gzip:   0.26 kB[22m
[2mdist/[22m[2massets/[22m[35mChainLinkMotion-CvpbwvEe.css              [39m[1m[2m    0.51 kB[22m[1m[22m[2m │ gzip:   0.27 kB[22m
[2mdist/[22m[2massets/[22m[35mFantasyDraft-BBpfFIJM.css                 [39m[1m[2m    0.51 kB[22m[1m[22m[2m │ gzip:   0.21 kB[22m
[2mdist/[22m[2massets/[22m[35mF1Constructor-ZNfpvwdP.css                [39m[1m[2m    0.54 kB[22m[1m[22m[2m │ gzip:   0.27 kB[22m
[2mdist/[22m[2massets/[22m[35mTrainingPanel-vaffBj46.css                [39m[1m[2m    0.59 kB[22m[1m[22m[2m │ gzip:   0.32 kB[22m
[2mdist/[22m[2massets/[22m[35mGuessTheNation-BPrjB6wp.css               [39m[1m[2m    0.61 kB[22m[1m[22m[2m │ gzip:   0.29 kB[22m
[2mdist/[22m[2massets/[22m[35mListQuiz-CfGTEzvO.css                     [39m[1m[2m    0.63 kB[22m[1m[22m[2m │ gzip:   0.33 kB[22m
[2mdist/[22m[2massets/[22m[35mThroughBallBoard-gTKr9BrC.css             [39m[1m[2m    0.67 kB[22m[1m[22m[2m │ gzip:   0.35 kB[22m
[2mdist/[22m[2massets/[22m[35mNbaChain-COMs1moS.css                     [39m[1m[2m    0.74 kB[22m[1m[22m[2m │ gzip:   0.37 kB[22m
[2mdist/[22m[2massets/[22m[35mBudgetBuilder-BMPKocqF.css                [39m[1m[2m    0.74 kB[22m[1m[22m[2m │ gzip:   0.33 kB[22m
[2mdist/[22m[2massets/[22m[35mGuessTennisPlayer-BJV-i7my.css            [39m[1m[2m    0.77 kB[22m[1m[22m[2m │ gzip:   0.39 kB[22m
[2mdist/[22m[2massets/[22m[35mGuessNascarDriver-B4spQIn2.css            [39m[1m[2m    0.77 kB[22m[1m[22m[2m │ gzip:   0.38 kB[22m
[2mdist/[22m[2massets/[22m[35mGuessCbbTeam-BcTI5nvh.css                 [39m[1m[2m    0.77 kB[22m[1m[22m[2m │ gzip:   0.39 kB[22m
[2mdist/[22m[2massets/[22m[35mBallIq-BjxfiyZ_.css                       [39m[1m[2m    0.78 kB[22m[1m[22m[2m │ gzip:   0.39 kB[22m
[2mdist/[22m[2massets/[22m[35mMysteryBox-6MFZ-n4f.css                   [39m[1m[2m    0.78 kB[22m[1m[22m[2m │ gzip:   0.37 kB[22m
[2mdist/[22m[2massets/[22m[35mEmojiGuess-MeLdLiyY.css                   [39m[1m[2m    0.83 kB[22m[1m[22m[2m │ gzip:   0.37 kB[22m
[2mdist/[22m[2massets/[22m[35mSearchAndDiscard-Bk7mANi4.css             [39m[1m[2m    0.83 kB[22m[1m[22m[2m │ gzip:   0.40 kB[22m
[2mdist/[22m[2massets/[22m[35mNbaStatLine-DajvjVkC.css                  [39m[1m[2m    0.85 kB[22m[1m[22m[2m │ gzip:   0.39 kB[22m
[2mdist/[22m[2massets/[22m[35mMissingNine-BLGcLOj1.css                  [39m[1m[2m    0.88 kB[22m[1m[22m[2m │ gzip:   0.42 kB[22m
[2mdist/[22m[2massets/[22m[35mLiveSimScreen-BIVdauyH.css                [39m[1m[2m    0.89 kB[22m[1m[22m[2m │ gzip:   0.46 kB[22m
[2mdist/[22m[2massets/[22m[35mF1Driver-DhrxUQx4.css                     [39m[1m[2m    0.94 kB[22m[1m[22m[2m │ gzip:   0.47 kB[22m
[2mdist/[22m[2massets/[22m[35mQuizBoard-CBcAEXDf.css                    [39m[1m[2m    1.02 kB[22m[1m[22m[2m │ gzip:   0.44 kB[22m
[2mdist/[22m[2massets/[22m[35mStatDetective-D6N_cvHt.css                [39m[1m[2m    1.08 kB[22m[1m[22m[2m │ gzip:   0.42 kB[22m
[2mdist/[22m[2massets/[22m[35musePracticeClock-ClTOd3XX.css             [39m[1m[2m    1.09 kB[22m[1m[22m[2m │ gzip:   0.37 kB[22m
[2mdist/[22m[2massets/[22m[35mGridCellLayout-D70wq1lC.css               [39m[1m[2m    1.19 kB[22m[1m[22m[2m │ gzip:   0.50 kB[22m
[2mdist/[22m[2massets/[22m[35mRankEm-Bxuyan4v.css                       [39m[1m[2m    1.33 kB[22m[1m[22m[2m │ gzip:   0.63 kB[22m
[2mdist/[22m[2massets/[22m[35mClueAuction-D9aFrid-.css                  [39m[1m[2m    1.42 kB[22m[1m[22m[2m │ gzip:   0.58 kB[22m
[2mdist/[22m[2massets/[22m[35mSetPieceBoard-BIg86Bhl.css                [39m[1m[2m    1.50 kB[22m[1m[22m[2m │ gzip:   0.61 kB[22m
[2mdist/[22m[2massets/[22m[35mGmTradeBuilder-CsXt162F.css               [39m[1m[2m    1.61 kB[22m[1m[22m[2m │ gzip:   0.48 kB[22m
[2mdist/[22m[2massets/[22m[35mNhlFrontOffice-Ce_3hBzp.css               [39m[1m[2m    2.66 kB[22m[1m[22m[2m │ gzip:   0.99 kB[22m
[2mdist/[22m[2massets/[22m[35mArcadeShotFeedback--eiU5Aah.css           [39m[1m[2m    2.94 kB[22m[1m[22m[2m │ gzip:   0.97 kB[22m
[2mdist/[22m[2massets/[22m[35mFootle-pT74gEft.css                       [39m[1m[2m    3.20 kB[22m[1m[22m[2m │ gzip:   1.02 kB[22m
[2mdist/[22m[2massets/[22m[35mAussieRulesManager-zdcvwuMp.css           [39m[1m[2m    4.10 kB[22m[1m[22m[2m │ gzip:   1.18 kB[22m
[2mdist/[22m[2massets/[22m[35musCareerSeasonReview-CstHycFO.css         [39m[1m[2m    8.78 kB[22m[1m[22m[2m │ gzip:   2.62 kB[22m
[2mdist/[22m[2massets/[22m[35mSportHub-wXzienJm.css                     [39m[1m[2m    9.45 kB[22m[1m[22m[2m │ gzip:   2.42 kB[22m
[2mdist/[22m[2massets/[22m[35mindex-CvhxZKSs.css                        [39m[1m[2m  195.22 kB[22m[1m[22m[2m │ gzip:  32.26 kB[22m
[2mdist/[22m[2massets/[22m[36mfirstDraw-DhshXfEx.js                     [39m[1m[2m    0.10 kB[22m[1m[22m[2m │ gzip:   0.10 kB[22m
[2mdist/[22m[2massets/[22m[36mChainLinkMotion.module-CU3oOeKl.js        [39m[1m[2m    0.12 kB[22m[1m[22m[2m │ gzip:   0.11 kB[22m
[2mdist/[22m[2massets/[22m[36mdialogA11y-BCgxbiii.js                    [39m[1m[2m    0.15 kB[22m[1m[22m[2m │ gzip:   0.13 kB[22m
[2mdist/[22m[2massets/[22m[36mformatNumber-CGuttX8h.js                  [39m[1m[2m    0.15 kB[22m[1m[22m[2m │ gzip:   0.15 kB[22m
[2mdist/[22m[2massets/[22m[36mskeleton-QkinUqUY.js                      [39m[1m[2m    0.17 kB[22m[1m[22m[2m │ gzip:   0.16 kB[22m
[2mdist/[22m[2massets/[22m[36mclubManagerClock-C1EiWjUJ.js              [39m[1m[2m    0.25 kB[22m[1m[22m[2m │ gzip:   0.16 kB[22m
[2mdist/[22m[2massets/[22m[36mnameFold-Cxobkrgg.js                      [39m[1m[2m    0.26 kB[22m[1m[22m[2m │ gzip:   0.24 kB[22m
[2mdist/[22m[2massets/[22m[36mcareerHeadroom-B6hg86bq.js                [39m[1m[2m    0.26 kB[22m[1m[22m[2m │ gzip:   0.19 kB[22m
[2mdist/[22m[2massets/[22m[36mvalidationReason-Bdi7tqty.js              [39m[1m[2m    0.26 kB[22m[1m[22m[2m │ gzip:   0.18 kB[22m
[2mdist/[22m[2massets/[22m[36mensureAnswerInOptions-ip2BqsWb.js         [39m[1m[2m    0.27 kB[22m[1m[22m[2m │ gzip:   0.15 kB[22m
[2mdist/[22m[2massets/[22m[36mseoMetaPart08-IZEXs0WU.js                 [39m[1m[2m    0.27 kB[22m[1m[22m[2m │ gzip:   0.22 kB[22m
[2mdist/[22m[2massets/[22m[36mnotCurrentPlayers-monyGCOh.js             [39m[1m[2m    0.28 kB[22m[1m[22m[2m │ gzip:   0.24 kB[22m
[2mdist/[22m[2massets/[22m[36msoccerBootIds-BWkyFIXk.js                 [39m[1m[2m    0.29 kB[22m[1m[22m[2m │ gzip:   0.20 kB[22m
[2mdist/[22m[2massets/[22m[36museOwnedTimeouts-OtJxRQpo.js              [39m[1m[2m    0.29 kB[22m[1m[22m[2m │ gzip:   0.21 kB[22m
[2mdist/[22m[2massets/[22m[36mchevron-down-DFwqKLa9.js                  [39m[1m[2m    0.30 kB[22m[1m[22m[2m │ gzip:   0.24 kB[22m
[2mdist/[22m[2massets/[22m[36mchevron-up-T4x70zRl.js                    [39m[1m[2m    0.30 kB[22m[1m[22m[2m │ gzip:   0.24 kB[22m
[2mdist/[22m[2massets/[22m[36museScrollToGame-BbzwZChg.js               [39m[1m[2m    0.30 kB[22m[1m[22m[2m │ gzip:   0.24 kB[22m
[2mdist/[22m[2massets/[22m[36marcadeRecord-Ccbsg8hp.js                  [39m[1m[2m    0.31 kB[22m[1m[22m[2m │ gzip:   0.23 kB[22m
[2mdist/[22m[2massets/[22m[36marrow-up-DrLkKgva.js                      [39m[1m[2m    0.33 kB[22m[1m[22m[2m │ gzip:   0.26 kB[22m
[2mdist/[22m[2massets/[22m[36mGridCellLayout.module-BrZZmB8D.js         [39m[1m[2m    0.33 kB[22m[1m[22m[2m │ gzip:   0.23 kB[22m
[2mdist/[22m[2massets/[22m[36marrow-left-CjNH8vAj.js                    [39m[1m[2m    0.33 kB[22m[1m[22m[2m │ gzip:   0.26 kB[22m
[2mdist/[22m[2massets/[22m[36marrow-down-BCkLbU44.js                    [39m[1m[2m    0.33 kB[22m[1m[22m[2m │ gzip:   0.26 kB[22m
[2mdist/[22m[2massets/[22m[36mclock-gi-zfwCY.js                         [39m[1m[2m    0.35 kB[22m[1m[22m[2m │ gzip:   0.27 kB[22m
[2mdist/[22m[2massets/[22m[36mskip-forward-ORsIoZ4c.js                  [39m[1m[2m    0.37 kB[22m[1m[22m[2m │ gzip:   0.29 kB[22m
[2mdist/[22m[2massets/[22m[36mrotate-ccw-Brvr_zws.js                    [39m[1m[2m    0.37 kB[22m[1m[22m[2m │ gzip:   0.28 kB[22m
[2mdist/[22m[2massets/[22m[36mfast-forward-DJCI1nz5.js                  [39m[1m[2m    0.37 kB[22m[1m[22m[2m │ gzip:   0.28 kB[22m
[2mdist/[22m[2massets/[22m[36mtrending-up-DsacqcyE.js                   [39m[1m[2m    0.37 kB[22m[1m[22m[2m │ gzip:   0.28 kB[22m
[2mdist/[22m[2massets/[22m[36mlock-CFqZebe7.js                          [39m[1m[2m    0.38 kB[22m[1m[22m[2m │ gzip:   0.29 kB[22m
[2mdist/[22m[2massets/[22m[36mtrending-down-CrkVNGsM.js                 [39m[1m[2m    0.38 kB[22m[1m[22m[2m │ gzip:   0.28 kB[22m
[2mdist/[22m[2massets/[22m[36minfinity-h_AjzZw3.js                      [39m[1m[2m    0.38 kB[22m[1m[22m[2m │ gzip:   0.29 kB[22m
[2mdist/[22m[2massets/[22m[36mflag-DuIpDNSS.js                          [39m[1m[2m    0.39 kB[22m[1m[22m[2m │ gzip:   0.30 kB[22m
[2mdist/[22m[2massets/[22m[36mbriefcase-BVnz62j6.js                     [39m[1m[2m    0.39 kB[22m[1m[22m[2m │ gzip:   0.30 kB[22m
[2mdist/[22m[2massets/[22m[36mtarget-C09392Dp.js                        [39m[1m[2m    0.40 kB[22m[1m[22m[2m │ gzip:   0.27 kB[22m
[2mdist/[22m[2massets/[22m[36mshareGrids-BBcTDnrG.js                    [39m[1m[2m    0.40 kB[22m[1m[22m[2m │ gzip:   0.29 kB[22m
[2mdist/[22m[2massets/[22m[36mcopy-CosS5e0e.js                          [39m[1m[2m    0.41 kB[22m[1m[22m[2m │ gzip:   0.31 kB[22m
[2mdist/[22m[2massets/[22m[36mcircle-help-BYZL7zFx.js                   [39m[1m[2m    0.41 kB[22m[1m[22m[2m │ gzip:   0.30 kB[22m
[2mdist/[22m[2massets/[22m[36mtimer-CVAh37G6.js                         [39m[1m[2m    0.41 kB[22m[1m[22m[2m │ gzip:   0.29 kB[22m
[2mdist/[22m[2massets/[22m[36mlink-2-b9E4JU3z.js                        [39m[1m[2m    0.41 kB[22m[1m[22m[2m │ gzip:   0.31 kB[22m
[2mdist/[22m[2massets/[22m[36marrow-left-right-PqSsB43k.js              [39m[1m[2m    0.42 kB[22m[1m[22m[2m │ gzip:   0.30 kB[22m
[2mdist/[22m[2massets/[22m[36meye-BZqhfU2w.js                           [39m[1m[2m    0.43 kB[22m[1m[22m[2m │ gzip:   0.30 kB[22m
[2mdist/[22m[2massets/[22m[36mcalendar-BHqmEo5q.js                      [39m[1m[2m    0.43 kB[22m[1m[22m[2m │ gzip:   0.30 kB[22m
[2mdist/[22m[2massets/[22m[36mzap-D8CvgRuU.js                           [39m[1m[2m    0.43 kB[22m[1m[22m[2m │ gzip:   0.31 kB[22m
[2mdist/[22m[2massets/[22m[36mlightbulb-DkXth8f4.js                     [39m[1m[2m    0.46 kB[22m[1m[22m[2m │ gzip:   0.32 kB[22m
[2mdist/[22m[2massets/[22m[36msend-CDX6VM75.js                          [39m[1m[2m    0.46 kB[22m[1m[22m[2m │ gzip:   0.33 kB[22m
[2mdist/[22m[2massets/[22m[36musers-CFuctHyG.js                         [39m[1m[2m    0.47 kB[22m[1m[22m[2m │ gzip:   0.33 kB[22m
[2mdist/[22m[2massets/[22m[36mshield-half-m5tiLHkR.js                   [39m[1m[2m    0.48 kB[22m[1m[22m[2m │ gzip:   0.35 kB[22m
[2mdist/[22m[2massets/[22m[36mheart-pulse-Dvm9n6Oy.js                   [39m[1m[2m    0.49 kB[22m[1m[22m[2m │ gzip:   0.35 kB[22m
[2mdist/[22m[2massets/[22m[36marcade-CUT7KVjC.js                        [39m[1m[2m    0.49 kB[22m[1m[22m[2m │ gzip:   0.32 kB[22m
[2mdist/[22m[2massets/[22m[36mReferenceSources-59wgL3b-.js              [39m[1m[2m    0.49 kB[22m[1m[22m[2m │ gzip:   0.36 kB[22m
[2mdist/[22m[2massets/[22m[36mgraduation-cap-lw_eGRnS.js                [39m[1m[2m    0.50 kB[22m[1m[22m[2m │ gzip:   0.35 kB[22m
[2mdist/[22m[2massets/[22m[36mseoMetaPart20-D3Jt8qZ_.js                 [39m[1m[2m    0.50 kB[22m[1m[22m[2m │ gzip:   0.34 kB[22m
[2mdist/[22m[2massets/[22m[36mentityIds-L4Nd6Y8C.js                     [39m[1m[2m    0.51 kB[22m[1m[22m[2m │ gzip:   0.34 kB[22m
[2mdist/[22m[2massets/[22m[36mseoMetaPart07-ympky3rW.js                 [39m[1m[2m    0.51 kB[22m[1m[22m[2m │ gzip:   0.35 kB[22m
[2mdist/[22m[2massets/[22m[36mnewspaper-B-V5BRjb.js                     [39m[1m[2m    0.51 kB[22m[1m[22m[2m │ gzip:   0.34 kB[22m
[2mdist/[22m[2massets/[22m[36mseoMetaPart13-Ig-3KGy2.js                 [39m[1m[2m    0.51 kB[22m[1m[22m[2m │ gzip:   0.34 kB[22m
[2mdist/[22m[2massets/[22m[36mseoMetaPart31-BPitkLcI.js                 [39m[1m[2m    0.52 kB[22m[1m[22m[2m │ gzip:   0.35 kB[22m
[2mdist/[22m[2massets/[22m[36mtrash-2-BA9ma5Bh.js                       [39m[1m[2m    0.53 kB[22m[1m[22m[2m │ gzip:   0.35 kB[22m
[2mdist/[22m[2massets/[22m[36mcrown-Dg9G1Ohx.js                         [39m[1m[2m    0.53 kB[22m[1m[22m[2m │ gzip:   0.36 kB[22m
[2mdist/[22m[2massets/[22m[36mshuffle-Q1jLHY9Y.js                       [39m[1m[2m    0.55 kB[22m[1m[22m[2m │ gzip:   0.35 kB[22m
[2mdist/[22m[2massets/[22m[36mpackage-BLrO3piU.js                       [39m[1m[2m    0.56 kB[22m[1m[22m[2m │ gzip:   0.36 kB[22m
[2mdist/[22m[2massets/[22m[36mdailyRecord-CX9SdYxa.js                   [39m[1m[2m    0.56 kB[22m[1m[22m[2m │ gzip:   0.34 kB[22m
[2mdist/[22m[2massets/[22m[36mclipboard-list-BnuML0VJ.js                [39m[1m[2m    0.58 kB[22m[1m[22m[2m │ gzip:   0.36 kB[22m
[2mdist/[22m[2massets/[22m[36mmedal-CYFVU-FD.js                         [39m[1m[2m    0.60 kB[22m[1m[22m[2m │ gzip:   0.39 kB[22m
[2mdist/[22m[2massets/[22m[36mhandshake-BVjazeDS.js                     [39m[1m[2m    0.62 kB[22m[1m[22m[2m │ gzip:   0.39 kB[22m
[2mdist/[22m[2massets/[22m[36mstar-D4Te41Sv.js                          [39m[1m[2m    0.64 kB[22m[1m[22m[2m │ gzip:   0.40 kB[22m
[2mdist/[22m[2massets/[22m[36mfetchQuizBoard-BQA2e9BE.js                [39m[1m[2m    0.66 kB[22m[1m[22m[2m │ gzip:   0.43 kB[22m
[2mdist/[22m[2massets/[22m[36mleagueCore--DUG-EXw.js                    [39m[1m[2m    0.67 kB[22m[1m[22m[2m │ gzip:   0.43 kB[22m
[2mdist/[22m[2massets/[22m[36mbadge-0ezRW1hK.js                         [39m[1m[2m    0.71 kB[22m[1m[22m[2m │ gzip:   0.37 kB[22m
[2mdist/[22m[2massets/[22m[36mswords-BhTxs7sI.js                        [39m[1m[2m    0.72 kB[22m[1m[22m[2m │ gzip:   0.39 kB[22m
[2mdist/[22m[2massets/[22m[36mdumbbell-CEWjYhpB.js                      [39m[1m[2m    0.73 kB[22m[1m[22m[2m │ gzip:   0.39 kB[22m
[2mdist/[22m[2massets/[22m[36mseoMetaPart02-BYbZNxRj.js                 [39m[1m[2m    0.74 kB[22m[1m[22m[2m │ gzip:   0.44 kB[22m
[2mdist/[22m[2massets/[22m[36mseoMetaPart10-CPgkU0Ug.js                 [39m[1m[2m    0.75 kB[22m[1m[22m[2m │ gzip:   0.46 kB[22m
[2mdist/[22m[2massets/[22m[36mseoMetaPart16-CmMlK9Np.js                 [39m[1m[2m    0.75 kB[22m[1m[22m[2m │ gzip:   0.45 kB[22m
[2mdist/[22m[2massets/[22m[36mseoMetaPart00-CuVEcdvG.js                 [39m[1m[2m    0.75 kB[22m[1m[22m[2m │ gzip:   0.46 kB[22m
[2mdist/[22m[2massets/[22m[36mseoMetaPart01-DtjgkM8Q.js                 [39m[1m[2m    0.75 kB[22m[1m[22m[2m │ gzip:   0.45 kB[22m
[2mdist/[22m[2massets/[22m[36mseoMetaPart11-oLlb_0nk.js                 [39m[1m[2m    0.75 kB[22m[1m[22m[2m │ gzip:   0.45 kB[22m
[2mdist/[22m[2massets/[22m[36mseoMetaPart03-BOxIFoUd.js                 [39m[1m[2m    0.76 kB[22m[1m[22m[2m │ gzip:   0.47 kB[22m
[2mdist/[22m[2massets/[22m[36mgmDealTable-DYyD4N4_.js                   [39m[1m[2m    0.77 kB[22m[1m[22m[2m │ gzip:   0.44 kB[22m
[2mdist/[22m[2massets/[22m[36mgamepad-2-CSkvlm0t.js                     [39m[1m[2m    0.79 kB[22m[1m[22m[2m │ gzip:   0.49 kB[22m
[2mdist/[22m[2massets/[22m[36museGameCompletion-BK2SWqBS.js             [39m[1m[2m    0.81 kB[22m[1m[22m[2m │ gzip:   0.49 kB[22m
[2mdist/[22m[2massets/[22m[36mRestoredResult-Bbzq81ls.js                [39m[1m[2m    0.86 kB[22m[1m[22m[2m │ gzip:   0.43 kB[22m
[2mdist/[22m[2massets/[22m[36mfetchAllRows-j9lWsF9F.js                  [39m[1m[2m    0.86 kB[22m[1m[22m[2m │ gzip:   0.42 kB[22m
[2mdist/[22m[2massets/[22m[36mcareerEngine-C0YCb0dd.js                  [39m[1m[2m    0.86 kB[22m[1m[22m[2m │ gzip:   0.47 kB[22m
[2mdist/[22m[2massets/[22m[36musCareerReveal-BW47Ke0-.js                [39m[1m[2m    0.94 kB[22m[1m[22m[2m │ gzip:   0.58 kB[22m
[2mdist/[22m[2massets/[22m[36mseoMetaPart24-CQTtSrLB.js                 [39m[1m[2m    0.98 kB[22m[1m[22m[2m │ gzip:   0.56 kB[22m
[2mdist/[22m[2massets/[22m[36mcard-DiT2-8-6.js                          [39m[1m[2m    0.99 kB[22m[1m[22m[2m │ gzip:   0.37 kB[22m
[2mdist/[22m[2massets/[22m[36mseoMetaPart04-DRX4FtX_.js                 [39m[1m[2m    0.99 kB[22m[1m[22m[2m │ gzip:   0.55 kB[22m
[2mdist/[22m[2massets/[22m[36mseoMetaPart15-9v6Tzod_.js                 [39m[1m[2m    0.99 kB[22m[1m[22m[2m │ gzip:   0.53 kB[22m
[2mdist/[22m[2massets/[22m[36mseoMetaPart18-Beou92RL.js                 [39m[1m[2m    0.99 kB[22m[1m[22m[2m │ gzip:   0.57 kB[22m
[2mdist/[22m[2massets/[22m[36mseoMetaPart23-RMiEDEGg.js                 [39m[1m[2m    1.00 kB[22m[1m[22m[2m │ gzip:   0.55 kB[22m
[2mdist/[22m[2massets/[22m[36mseoMetaPart19-CpToAW9C.js                 [39m[1m[2m    1.00 kB[22m[1m[22m[2m │ gzip:   0.55 kB[22m
[2mdist/[22m[2massets/[22m[36mseoMetaPart25-Cf_pDGZt.js                 [39m[1m[2m    1.00 kB[22m[1m[22m[2m │ gzip:   0.56 kB[22m
[2mdist/[22m[2massets/[22m[36mseoMetaPart21-BhVVnIEN.js                 [39m[1m[2m    1.01 kB[22m[1m[22m[2m │ gzip:   0.54 kB[22m
[2mdist/[22m[2massets/[22m[36mseoMetaPart05-BnXoXrsk.js                 [39m[1m[2m    1.01 kB[22m[1m[22m[2m │ gzip:   0.59 kB[22m
[2mdist/[22m[2massets/[22m[36mseoMetaPart22-S-3F3LJ6.js                 [39m[1m[2m    1.01 kB[22m[1m[22m[2m │ gzip:   0.59 kB[22m
[2mdist/[22m[2massets/[22m[36mGuessFinish-t8JB4H3E.js                   [39m[1m[2m    1.13 kB[22m[1m[22m[2m │ gzip:   0.59 kB[22m
[2mdist/[22m[2massets/[22m[36mfetchCareerPlayers-Cp-542RD.js            [39m[1m[2m    1.16 kB[22m[1m[22m[2m │ gzip:   0.57 kB[22m
[2mdist/[22m[2massets/[22m[36mchemistry-DIs7dgmv.js                     [39m[1m[2m    1.19 kB[22m[1m[22m[2m │ gzip:   0.58 kB[22m
[2mdist/[22m[2massets/[22m[36mGiveUpButton-DIRmG_f2.js                  [39m[1m[2m    1.19 kB[22m[1m[22m[2m │ gzip:   0.54 kB[22m
[2mdist/[22m[2massets/[22m[36mseoMetaPart06-N4xfX3Sj.js                 [39m[1m[2m    1.20 kB[22m[1m[22m[2m │ gzip:   0.58 kB[22m
[2mdist/[22m[2massets/[22m[36mseoMetaPart14-Ca8w5qDt.js                 [39m[1m[2m    1.21 kB[22m[1m[22m[2m │ gzip:   0.61 kB[22m
[2mdist/[22m[2massets/[22m[36mseoMetaPart12-BEzM79-p.js                 [39m[1m[2m    1.21 kB[22m[1m[22m[2m │ gzip:   0.67 kB[22m
[2mdist/[22m[2massets/[22m[36mseoMetaPart27-CP2Svxjt.js                 [39m[1m[2m    1.22 kB[22m[1m[22m[2m │ gzip:   0.65 kB[22m
[2mdist/[22m[2massets/[22m[36mseoMetaPart28-g2Jhz3O3.js                 [39m[1m[2m    1.22 kB[22m[1m[22m[2m │ gzip:   0.67 kB[22m
[2mdist/[22m[2massets/[22m[36mClubManagerTreatmentPanel-D9SZizDy.js     [39m[1m[2m    1.23 kB[22m[1m[22m[2m │ gzip:   0.73 kB[22m
[2mdist/[22m[2massets/[22m[36mGameShell-Bq8YSTVE.js                     [39m[1m[2m    1.30 kB[22m[1m[22m[2m │ gzip:   0.69 kB[22m
[2mdist/[22m[2massets/[22m[36mGridBoardSkeleton-B4PsEloJ.js             [39m[1m[2m    1.32 kB[22m[1m[22m[2m │ gzip:   0.60 kB[22m
[2mdist/[22m[2massets/[22m[36mconfederationGroups-C8t7eDxb.js           [39m[1m[2m    1.34 kB[22m[1m[22m[2m │ gzip:   0.70 kB[22m
[2mdist/[22m[2massets/[22m[36mHowToPlayPopover-DhGqBK9K.js              [39m[1m[2m    1.36 kB[22m[1m[22m[2m │ gzip:   0.77 kB[22m
[2mdist/[22m[2massets/[22m[36mHubTiles-CvYkUHhs.js                      [39m[1m[2m    1.39 kB[22m[1m[22m[2m │ gzip:   0.60 kB[22m
[2mdist/[22m[2massets/[22m[36mpositionFit-BbUnYZIs.js                   [39m[1m[2m    1.42 kB[22m[1m[22m[2m │ gzip:   0.67 kB[22m
[2mdist/[22m[2massets/[22m[36mRulesGate-rRo4mUmP.js                     [39m[1m[2m    1.42 kB[22m[1m[22m[2m │ gzip:   0.81 kB[22m
[2mdist/[22m[2massets/[22m[36mseoMetaPart29-DFpfKJo-.js                 [39m[1m[2m    1.47 kB[22m[1m[22m[2m │ gzip:   0.73 kB[22m
[2mdist/[22m[2massets/[22m[36museArcadeFlight-DizCj-uX.js               [39m[1m[2m    1.51 kB[22m[1m[22m[2m │ gzip:   0.66 kB[22m
[2mdist/[22m[2massets/[22m[36mCelebration-BzoWoaPZ.js                   [39m[1m[2m    1.53 kB[22m[1m[22m[2m │ gzip:   0.82 kB[22m
[2mdist/[22m[2massets/[22m[36mfoSchedule-BzpgxJRf.js                    [39m[1m[2m    1.57 kB[22m[1m[22m[2m │ gzip:   0.89 kB[22m
[2mdist/[22m[2massets/[22m[36msmartSearch-DxQivxxe.js                   [39m[1m[2m    1.58 kB[22m[1m[22m[2m │ gzip:   0.71 kB[22m
[2mdist/[22m[2massets/[22m[36mdeskCue-C1mU8HlG.js                       [39m[1m[2m    1.62 kB[22m[1m[22m[2m │ gzip:   0.91 kB[22m
[2mdist/[22m[2massets/[22m[36msilverwareSort-ILGn-RYX.js                [39m[1m[2m    1.63 kB[22m[1m[22m[2m │ gzip:   0.83 kB[22m
[2mdist/[22m[2massets/[22m[36mGameHelp-CDfV46zV.js                      [39m[1m[2m    1.65 kB[22m[1m[22m[2m │ gzip:   0.79 kB[22m
[2mdist/[22m[2massets/[22m[36musePracticeClock-CxRyKxXA.js              [39m[1m[2m    1.66 kB[22m[1m[22m[2m │ gzip:   0.83 kB[22m
[2mdist/[22m[2massets/[22m[36mseoMetaPart26-BXx6PSW7.js                 [39m[1m[2m    1.71 kB[22m[1m[22m[2m │ gzip:   0.90 kB[22m
[2mdist/[22m[2massets/[22m[36mTeamTalkRow-DTmXoY8i.js                   [39m[1m[2m    1.73 kB[22m[1m[22m[2m │ gzip:   0.93 kB[22m
[2mdist/[22m[2massets/[22m[36mmlbGrid-BdOrgxL3.js                       [39m[1m[2m    1.83 kB[22m[1m[22m[2m │ gzip:   0.75 kB[22m
[2mdist/[22m[2massets/[22m[36mWonderkidFactory-CcwMUbQ0.js              [39m[1m[2m    1.85 kB[22m[1m[22m[2m │ gzip:   0.94 kB[22m
[2mdist/[22m[2massets/[22m[36mclubManagerMeters-DtxtvvBZ.js             [39m[1m[2m    1.87 kB[22m[1m[22m[2m │ gzip:   1.01 kB[22m
[2mdist/[22m[2massets/[22m[36mhockeyGrid-CVJPWwMh.js                    [39m[1m[2m    1.92 kB[22m[1m[22m[2m │ gzip:   0.80 kB[22m
[2mdist/[22m[2massets/[22m[36mCareerFx-B_j8dIK2.js                      [39m[1m[2m    1.93 kB[22m[1m[22m[2m │ gzip:   1.03 kB[22m
[2mdist/[22m[2massets/[22m[36museRevealScroll-CKKNOTu8.js               [39m[1m[2m    1.94 kB[22m[1m[22m[2m │ gzip:   0.80 kB[22m
[2mdist/[22m[2massets/[22m[36mseoMetaPart30-C2bf-ABQ.js                 [39m[1m[2m    1.94 kB[22m[1m[22m[2m │ gzip:   0.96 kB[22m
[2mdist/[22m[2massets/[22m[36mMetersStrip-D-WgmN2J.js                   [39m[1m[2m    1.94 kB[22m[1m[22m[2m │ gzip:   1.00 kB[22m
[2mdist/[22m[2massets/[22m[36mfreeKick-BSoL5hQo.js                      [39m[1m[2m    1.94 kB[22m[1m[22m[2m │ gzip:   1.10 kB[22m
[2mdist/[22m[2massets/[22m[36mseoMetaPart17-DdtdxoPB.js                 [39m[1m[2m    1.94 kB[22m[1m[22m[2m │ gzip:   0.96 kB[22m
[2mdist/[22m[2massets/[22m[36mArcadeShotFeedback-Ccg7qGDu.js            [39m[1m[2m    1.96 kB[22m[1m[22m[2m │ gzip:   0.92 kB[22m
[2mdist/[22m[2massets/[22m[36mcareerHallSpeech--c00QZ2J.js              [39m[1m[2m    1.96 kB[22m[1m[22m[2m │ gzip:   1.03 kB[22m
[2mdist/[22m[2massets/[22m[36msoccerBoots-BK_dXNrV.js                   [39m[1m[2m    2.02 kB[22m[1m[22m[2m │ gzip:   0.99 kB[22m
[2mdist/[22m[2massets/[22m[36mAdBanner-BtkJqO8u.js                      [39m[1m[2m    2.04 kB[22m[1m[22m[2m │ gzip:   1.08 kB[22m
[2mdist/[22m[2massets/[22m[36mConnect4Finish-DwmUt5cx.js                [39m[1m[2m    2.06 kB[22m[1m[22m[2m │ gzip:   0.91 kB[22m
[2mdist/[22m[2massets/[22m[36mCelebrationStyles-S7ZJAhnk.js             [39m[1m[2m    2.13 kB[22m[1m[22m[2m │ gzip:   0.72 kB[22m
[2mdist/[22m[2massets/[22m[36mAcademyProspects-BDfGl_bl.js              [39m[1m[2m    2.15 kB[22m[1m[22m[2m │ gzip:   1.00 kB[22m
[2mdist/[22m[2massets/[22m[36mseoMetaPart09-DnyHg2Rd.js                 [39m[1m[2m    2.17 kB[22m[1m[22m[2m │ gzip:   1.05 kB[22m
[2mdist/[22m[2massets/[22m[36mPerfectLineupNba-DN0-mXNM.js              [39m[1m[2m    2.24 kB[22m[1m[22m[2m │ gzip:   1.11 kB[22m
[2mdist/[22m[2massets/[22m[36mResultScreen-CzVb-CMI.js                  [39m[1m[2m    2.28 kB[22m[1m[22m[2m │ gzip:   1.14 kB[22m
[2mdist/[22m[2massets/[22m[36mfrontOfficeSave-DokBHTSA.js               [39m[1m[2m    2.37 kB[22m[1m[22m[2m │ gzip:   1.07 kB[22m
[2mdist/[22m[2massets/[22m[36mgridEngine-BumBrfxJ.js                    [39m[1m[2m    2.38 kB[22m[1m[22m[2m │ gzip:   1.23 kB[22m
[2mdist/[22m[2massets/[22m[36mDailyLegendOverlay-CDCw--Xg.js            [39m[1m[2m    2.39 kB[22m[1m[22m[2m │ gzip:   1.22 kB[22m
[2mdist/[22m[2massets/[22m[36mClubManagerBoardPanel-nbwkd1qm.js         [39m[1m[2m    2.50 kB[22m[1m[22m[2m │ gzip:   1.01 kB[22m
[2mdist/[22m[2massets/[22m[36mPostGameStats-DUO6e0AZ.js                 [39m[1m[2m    2.52 kB[22m[1m[22m[2m │ gzip:   1.18 kB[22m
[2mdist/[22m[2massets/[22m[36mcareerAwardsNight-BDQnO6dK.js             [39m[1m[2m    2.57 kB[22m[1m[22m[2m │ gzip:   1.27 kB[22m
[2mdist/[22m[2massets/[22m[36mAdminLogin-BzitF3Lg.js                    [39m[1m[2m    2.59 kB[22m[1m[22m[2m │ gzip:   1.23 kB[22m
[2mdist/[22m[2massets/[22m[36mLeagueTableCard-DHyv90cb.js               [39m[1m[2m    2.86 kB[22m[1m[22m[2m │ gzip:   1.01 kB[22m
[2mdist/[22m[2massets/[22m[36mReportQuestion-CX0ItdBg.js                [39m[1m[2m    2.92 kB[22m[1m[22m[2m │ gzip:   1.33 kB[22m
[2mdist/[22m[2massets/[22m[36mconquestDataMlb-B4MKOeDm.js               [39m[1m[2m    2.93 kB[22m[1m[22m[2m │ gzip:   1.22 kB[22m
[2mdist/[22m[2massets/[22m[36mnbaCareerTraining-B7JIsTIO.js             [39m[1m[2m    3.02 kB[22m[1m[22m[2m │ gzip:   1.60 kB[22m
[2mdist/[22m[2massets/[22m[36msearchDiscard-Dv80LNwz.js                 [39m[1m[2m    3.05 kB[22m[1m[22m[2m │ gzip:   1.58 kB[22m
[2mdist/[22m[2massets/[22m[36mdailySaveShapes-CmYZfx9m.js               [39m[1m[2m    3.05 kB[22m[1m[22m[2m │ gzip:   1.46 kB[22m
[2mdist/[22m[2massets/[22m[36mconquestDataNhl-BBvewyKz.js               [39m[1m[2m    3.06 kB[22m[1m[22m[2m │ gzip:   1.26 kB[22m
[2mdist/[22m[2massets/[22m[36mtennisHLPlayers-DIbH8knL.js               [39m[1m[2m    3.07 kB[22m[1m[22m[2m │ gzip:   0.88 kB[22m
[2mdist/[22m[2massets/[22m[36mconquestMapGeometry-DMIJk1yA.js           [39m[1m[2m    3.10 kB[22m[1m[22m[2m │ gzip:   1.42 kB[22m
[2mdist/[22m[2massets/[22m[36mlocalLineupEval-C7R9OQId.js               [39m[1m[2m    3.11 kB[22m[1m[22m[2m │ gzip:   1.50 kB[22m
[2mdist/[22m[2massets/[22m[36mFarewellCard-BD-IQZnM.js                  [39m[1m[2m    3.12 kB[22m[1m[22m[2m │ gzip:   1.46 kB[22m
[2mdist/[22m[2massets/[22m[36museDailyPuzzle-rc7AIpk4.js                [39m[1m[2m    3.13 kB[22m[1m[22m[2m │ gzip:   1.37 kB[22m
[2mdist/[22m[2massets/[22m[36mtabs-CDAR2Anc.js                          [39m[1m[2m    3.19 kB[22m[1m[22m[2m │ gzip:   1.35 kB[22m
[2mdist/[22m[2massets/[22m[36mNbaGauntletDraft-lASfl93O.js              [39m[1m[2m    3.23 kB[22m[1m[22m[2m │ gzip:   1.57 kB[22m
[2mdist/[22m[2massets/[22m[36mGridBoard-TYICAOH7.js                     [39m[1m[2m    3.25 kB[22m[1m[22m[2m │ gzip:   1.23 kB[22m
[2mdist/[22m[2massets/[22m[36mdealPlayers-C_kaANUP.js                   [39m[1m[2m    3.27 kB[22m[1m[22m[2m │ gzip:   1.88 kB[22m
[2mdist/[22m[2massets/[22m[36mContact-Bn0WA47d.js                       [39m[1m[2m    3.37 kB[22m[1m[22m[2m │ gzip:   1.35 kB[22m
[2mdist/[22m[2massets/[22m[36mAcademyLegacyPanel-0Ws93X-M.js            [39m[1m[2m    3.43 kB[22m[1m[22m[2m │ gzip:   1.42 kB[22m
[2mdist/[22m[2massets/[22m[36mUclGroupsCard-CxYzt4za.js                 [39m[1m[2m    3.47 kB[22m[1m[22m[2m │ gzip:   1.61 kB[22m
[2mdist/[22m[2massets/[22m[36mmlbCareerTraining-CLbeap7l.js             [39m[1m[2m    3.50 kB[22m[1m[22m[2m │ gzip:   1.81 kB[22m
[2mdist/[22m[2massets/[22m[36mnflCareerTraining-d-m2k4Ac.js             [39m[1m[2m    3.58 kB[22m[1m[22m[2m │ gzip:   1.80 kB[22m
[2mdist/[22m[2massets/[22m[36mNflGauntletDraft-BiRatEQz.js              [39m[1m[2m    3.59 kB[22m[1m[22m[2m │ gzip:   1.71 kB[22m
[2mdist/[22m[2massets/[22m[36mdartDraft-Cp4UwRDt.js                     [39m[1m[2m    3.60 kB[22m[1m[22m[2m │ gzip:   1.80 kB[22m
[2mdist/[22m[2massets/[22m[36mnhlCareerTraining-Cu0ctz8D.js             [39m[1m[2m    3.66 kB[22m[1m[22m[2m │ gzip:   1.89 kB[22m
[2mdist/[22m[2massets/[22m[36mVictoryMoment-C0v8AEE_.js                 [39m[1m[2m    3.67 kB[22m[1m[22m[2m │ gzip:   1.29 kB[22m
[2mdist/[22m[2massets/[22m[36mGameNav-DGeCTOYt.js                       [39m[1m[2m    3.70 kB[22m[1m[22m[2m │ gzip:   1.72 kB[22m
[2mdist/[22m[2massets/[22m[36mResultMoment-Bbkeagnv.js                  [39m[1m[2m    3.75 kB[22m[1m[22m[2m │ gzip:   1.41 kB[22m
[2mdist/[22m[2massets/[22m[36mManagerSlotsScreen-B9IUz8UG.js            [39m[1m[2m    3.81 kB[22m[1m[22m[2m │ gzip:   1.27 kB[22m
[2mdist/[22m[2massets/[22m[36mgauntletEngine-CpwPBxt2.js                [39m[1m[2m    3.87 kB[22m[1m[22m[2m │ gzip:   1.71 kB[22m
[2mdist/[22m[2massets/[22m[36mStartOptionsScreen-5JFihZQX.js            [39m[1m[2m    3.87 kB[22m[1m[22m[2m │ gzip:   1.48 kB[22m
[2mdist/[22m[2massets/[22m[36mResetPassword-D2JCYiRs.js                 [39m[1m[2m    3.91 kB[22m[1m[22m[2m │ gzip:   1.76 kB[22m
[2mdist/[22m[2massets/[22m[36mNhlGauntletDraft-BsSO7cjM.js              [39m[1m[2m    3.93 kB[22m[1m[22m[2m │ gzip:   1.78 kB[22m
[2mdist/[22m[2massets/[22m[36mDraftNightCard-BlFzj4BB.js                [39m[1m[2m    3.94 kB[22m[1m[22m[2m │ gzip:   1.66 kB[22m
[2mdist/[22m[2massets/[22m[36mConquestMlb-DQGOxaCj.js                   [39m[1m[2m    3.95 kB[22m[1m[22m[2m │ gzip:   1.87 kB[22m
[2mdist/[22m[2massets/[22m[36mConquestNhl-BJhmZDTX.js                   [39m[1m[2m    3.99 kB[22m[1m[22m[2m │ gzip:   1.90 kB[22m
[2mdist/[22m[2massets/[22m[36mFacilitiesScreen-ByJMW79d.js              [39m[1m[2m    4.00 kB[22m[1m[22m[2m │ gzip:   1.85 kB[22m
[2mdist/[22m[2massets/[22m[36musCareerFreeAgency-_7gDtE9W.js            [39m[1m[2m    4.10 kB[22m[1m[22m[2m │ gzip:   1.91 kB[22m
[2mdist/[22m[2massets/[22m[36mPacksPanel-6hKginQd.js                    [39m[1m[2m    4.36 kB[22m[1m[22m[2m │ gzip:   1.71 kB[22m
[2mdist/[22m[2massets/[22m[36mShootoutKicks-CQrO0fnB.js                 [39m[1m[2m    4.43 kB[22m[1m[22m[2m │ gzip:   1.88 kB[22m
[2mdist/[22m[2massets/[22m[36mmlbHLPlayers-DHB7Z7Uh.js                  [39m[1m[2m    4.45 kB[22m[1m[22m[2m │ gzip:   1.12 kB[22m
[2mdist/[22m[2massets/[22m[36mXpScreen-BttBcfNN.js                      [39m[1m[2m    4.50 kB[22m[1m[22m[2m │ gzip:   1.99 kB[22m
[2mdist/[22m[2massets/[22m[36mPressScreen-D2FNWWzg.js                   [39m[1m[2m    4.57 kB[22m[1m[22m[2m │ gzip:   1.90 kB[22m
[2mdist/[22m[2massets/[22m[36mperfectSeason-Dih0iIx3.js                 [39m[1m[2m    4.61 kB[22m[1m[22m[2m │ gzip:   2.11 kB[22m
[2mdist/[22m[2massets/[22m[36mRecords-CXyTYEol.js                       [39m[1m[2m    4.76 kB[22m[1m[22m[2m │ gzip:   1.79 kB[22m
[2mdist/[22m[2massets/[22m[36mthroughBallDrill-B9fNBoXH.js              [39m[1m[2m    4.78 kB[22m[1m[22m[2m │ gzip:   2.31 kB[22m
[2mdist/[22m[2massets/[22m[36mUclBracketCard-CoPhtYlw.js                [39m[1m[2m    4.79 kB[22m[1m[22m[2m │ gzip:   1.97 kB[22m
[2mdist/[22m[2massets/[22m[36mchampOrNot-BbNJj0PM.js                    [39m[1m[2m    4.98 kB[22m[1m[22m[2m │ gzip:   1.77 kB[22m
[2mdist/[22m[2massets/[22m[36maflGoalKickers-BGnz1-kA.js                [39m[1m[2m    5.10 kB[22m[1m[22m[2m │ gzip:   1.41 kB[22m
[2mdist/[22m[2massets/[22m[36mf1HLDrivers-81Ps6THm.js                   [39m[1m[2m    5.13 kB[22m[1m[22m[2m │ gzip:   1.31 kB[22m
[2mdist/[22m[2massets/[22m[36mAccessibility-Drq6Xu-F.js                 [39m[1m[2m    5.17 kB[22m[1m[22m[2m │ gzip:   2.11 kB[22m
[2mdist/[22m[2massets/[22m[36mnbaPerfectLineupPool-CcCQ221O.js          [39m[1m[2m    5.24 kB[22m[1m[22m[2m │ gzip:   1.59 kB[22m
[2mdist/[22m[2massets/[22m[36mHallOfFameCard-CweaA6Ps.js                [39m[1m[2m    5.35 kB[22m[1m[22m[2m │ gzip:   2.22 kB[22m
[2mdist/[22m[2massets/[22m[36mPlayerAutocomplete-DYNe0UGP.js            [39m[1m[2m    5.39 kB[22m[1m[22m[2m │ gzip:   2.42 kB[22m
[2mdist/[22m[2massets/[22m[36mguideShape-D8vGh8HM.js                    [39m[1m[2m    5.40 kB[22m[1m[22m[2m │ gzip:   1.69 kB[22m
[2mdist/[22m[2massets/[22m[36mwc2026Results-bxFApXs8.js                 [39m[1m[2m    5.44 kB[22m[1m[22m[2m │ gzip:   1.24 kB[22m
[2mdist/[22m[2massets/[22m[36mbadges-Deoe-urp.js                        [39m[1m[2m    5.77 kB[22m[1m[22m[2m │ gzip:   2.29 kB[22m
[2mdist/[22m[2massets/[22m[36mFlagImg-PwH_DwNc.js                       [39m[1m[2m    5.83 kB[22m[1m[22m[2m │ gzip:   2.97 kB[22m
[2mdist/[22m[2massets/[22m[36mWorldEditorScreen-DjK0DxCN.js             [39m[1m[2m    5.94 kB[22m[1m[22m[2m │ gzip:   2.34 kB[22m
[2mdist/[22m[2massets/[22m[36mcfbHLPlayers-TgDMTX1-.js                  [39m[1m[2m    6.03 kB[22m[1m[22m[2m │ gzip:   1.62 kB[22m
[2mdist/[22m[2massets/[22m[36mcareerRivalryChoices-ChY19QRl.js          [39m[1m[2m    6.13 kB[22m[1m[22m[2m │ gzip:   2.53 kB[22m
[2mdist/[22m[2massets/[22m[36msoccerCareerAppearance-BF4Z2JDW.js        [39m[1m[2m    6.14 kB[22m[1m[22m[2m │ gzip:   2.56 kB[22m
[2mdist/[22m[2massets/[22m[36mWorldTablesCard-CY-mKZCa.js               [39m[1m[2m    6.26 kB[22m[1m[22m[2m │ gzip:   2.51 kB[22m
[2mdist/[22m[2massets/[22m[36mHigherLowerTransfers-B-BIf7wd.js          [39m[1m[2m    6.31 kB[22m[1m[22m[2m │ gzip:   2.83 kB[22m
[2mdist/[22m[2massets/[22m[36mPerfectLineupF1-B8r85La0.js               [39m[1m[2m    6.34 kB[22m[1m[22m[2m │ gzip:   2.21 kB[22m
[2mdist/[22m[2massets/[22m[36mHalftimeScreen-tNV9zNoS.js                [39m[1m[2m    6.39 kB[22m[1m[22m[2m │ gzip:   2.27 kB[22m
[2mdist/[22m[2massets/[22m[36mCupBracketCard-C1cB-9tb.js                [39m[1m[2m    6.40 kB[22m[1m[22m[2m │ gzip:   2.75 kB[22m
[2mdist/[22m[2massets/[22m[36mgolfLegends-wbmLaE0U.js                   [39m[1m[2m    6.42 kB[22m[1m[22m[2m │ gzip:   1.43 kB[22m
[2mdist/[22m[2massets/[22m[36mFirstTeamPanel-2dLcACa0.js                [39m[1m[2m    6.43 kB[22m[1m[22m[2m │ gzip:   2.33 kB[22m
[2mdist/[22m[2massets/[22m[36mhockeyHLPlayers-BftZ_j6A.js               [39m[1m[2m    6.65 kB[22m[1m[22m[2m │ gzip:   1.44 kB[22m
[2mdist/[22m[2massets/[22m[36mAbout-BXS31EXV.js                         [39m[1m[2m    6.74 kB[22m[1m[22m[2m │ gzip:   2.55 kB[22m
[2mdist/[22m[2massets/[22m[36mGameSeoContent-dpi_udFK.js                [39m[1m[2m    6.83 kB[22m[1m[22m[2m │ gzip:   2.28 kB[22m
[2mdist/[22m[2massets/[22m[36mwhoAmI-Bvp0R6PP.js                        [39m[1m[2m    6.83 kB[22m[1m[22m[2m │ gzip:   2.84 kB[22m
[2mdist/[22m[2massets/[22m[36mHomelandSelect-CYruoe48.js                [39m[1m[2m    6.84 kB[22m[1m[22m[2m │ gzip:   2.64 kB[22m
[2mdist/[22m[2massets/[22m[36mBootRoom-Clrso1xJ.js                      [39m[1m[2m    6.84 kB[22m[1m[22m[2m │ gzip:   2.57 kB[22m
[2mdist/[22m[2massets/[22m[36mPerfectLineupNhl-BB0FNUS0.js              [39m[1m[2m    6.89 kB[22m[1m[22m[2m │ gzip:   2.44 kB[22m
[2mdist/[22m[2massets/[22m[36mManagerForm-CAPTwBvP.js                   [39m[1m[2m    6.93 kB[22m[1m[22m[2m │ gzip:   2.37 kB[22m
[2mdist/[22m[2massets/[22m[36mMatchCentre-CWslK8sC.js                   [39m[1m[2m    7.00 kB[22m[1m[22m[2m │ gzip:   2.25 kB[22m
[2mdist/[22m[2massets/[22m[36mGauntletBoard-ekK375sD.js                 [39m[1m[2m    7.12 kB[22m[1m[22m[2m │ gzip:   2.69 kB[22m
[2mdist/[22m[2massets/[22m[36mClubDetailScreen--I4Yl-gh.js              [39m[1m[2m    7.15 kB[22m[1m[22m[2m │ gzip:   2.36 kB[22m
[2mdist/[22m[2massets/[22m[36mplayerSearch-FdMC3oFE.js                  [39m[1m[2m    7.17 kB[22m[1m[22m[2m │ gzip:   2.78 kB[22m
[2mdist/[22m[2massets/[22m[36mSearch-DronLQQO.js                        [39m[1m[2m    7.87 kB[22m[1m[22m[2m │ gzip:   2.93 kB[22m
[2mdist/[22m[2massets/[22m[36mSeasonRatings-CcKTKLnQ.js                 [39m[1m[2m    8.00 kB[22m[1m[22m[2m │ gzip:   3.01 kB[22m
[2mdist/[22m[2massets/[22m[36mnbaHLPlayers-KSI796bW.js                  [39m[1m[2m    8.05 kB[22m[1m[22m[2m │ gzip:   2.21 kB[22m
[2mdist/[22m[2massets/[22m[36mGuessTheGolfer-BEtsjKiO.js                [39m[1m[2m    8.08 kB[22m[1m[22m[2m │ gzip:   3.45 kB[22m
[2mdist/[22m[2massets/[22m[36mInboxCard-DDJkwfxl.js                     [39m[1m[2m    8.54 kB[22m[1m[22m[2m │ gzip:   2.94 kB[22m
[2mdist/[22m[2massets/[22m[36maussieRulesManagement-4TlVLY3z.js         [39m[1m[2m    8.56 kB[22m[1m[22m[2m │ gzip:   3.64 kB[22m
[2mdist/[22m[2massets/[22m[36mRolesScreen-DdEtlF3Q.js                   [39m[1m[2m    8.58 kB[22m[1m[22m[2m │ gzip:   2.82 kB[22m
[2mdist/[22m[2massets/[22m[36mRecordPage-Dj84zf5q.js                    [39m[1m[2m    8.60 kB[22m[1m[22m[2m │ gzip:   2.52 kB[22m
[2mdist/[22m[2massets/[22m[36macademyManagement-DZZqTLIl.js             [39m[1m[2m    8.66 kB[22m[1m[22m[2m │ gzip:   3.51 kB[22m
[2mdist/[22m[2massets/[22m[36mMlbHigherLower-DlmkSFi0.js                [39m[1m[2m    8.80 kB[22m[1m[22m[2m │ gzip:   3.72 kB[22m
[2mdist/[22m[2massets/[22m[36mHomeArt-CWEjnz2F.js                       [39m[1m[2m    8.86 kB[22m[1m[22m[2m │ gzip:   2.64 kB[22m
[2mdist/[22m[2massets/[22m[36mF1HigherLower-BFoIsi1h.js                 [39m[1m[2m    8.86 kB[22m[1m[22m[2m │ gzip:   3.71 kB[22m
[2mdist/[22m[2massets/[22m[36mTennisHigherLower-CuYfIpNR.js             [39m[1m[2m    8.88 kB[22m[1m[22m[2m │ gzip:   3.74 kB[22m
[2mdist/[22m[2massets/[22m[36mAflHigherLower-w0Zi4ezL.js                [39m[1m[2m    8.89 kB[22m[1m[22m[2m │ gzip:   3.78 kB[22m
[2mdist/[22m[2massets/[22m[36mCfbHigherLower-IfijzOxv.js                [39m[1m[2m    8.91 kB[22m[1m[22m[2m │ gzip:   3.74 kB[22m
[2mdist/[22m[2massets/[22m[36mNbaHigherLower-R43AITou.js                [39m[1m[2m    8.92 kB[22m[1m[22m[2m │ gzip:   3.71 kB[22m
[2mdist/[22m[2massets/[22m[36mGolfHigherLower-EUJ5z8To.js               [39m[1m[2m    8.95 kB[22m[1m[22m[2m │ gzip:   3.80 kB[22m
[2mdist/[22m[2massets/[22m[36mTrainingScreen-DZKlEAIk.js                [39m[1m[2m    9.07 kB[22m[1m[22m[2m │ gzip:   3.01 kB[22m
[2mdist/[22m[2massets/[22m[36mgmStaff-CQgWbtVe.js                       [39m[1m[2m    9.22 kB[22m[1m[22m[2m │ gzip:   3.90 kB[22m
[2mdist/[22m[2massets/[22m[36mNflHigherLower-BnruITPV.js                [39m[1m[2m    9.23 kB[22m[1m[22m[2m │ gzip:   3.84 kB[22m
[2mdist/[22m[2massets/[22m[36mHomeAbout-DdGN3sqA.js                     [39m[1m[2m    9.39 kB[22m[1m[22m[2m │ gzip:   3.71 kB[22m
[2mdist/[22m[2massets/[22m[36mPollOfTheDay-DxWpQh8V.js                  [39m[1m[2m    9.56 kB[22m[1m[22m[2m │ gzip:   4.18 kB[22m
[2mdist/[22m[2massets/[22m[36mWorldCup2026Results-5iJBKLG6.js           [39m[1m[2m    9.57 kB[22m[1m[22m[2m │ gzip:   3.17 kB[22m
[2mdist/[22m[2massets/[22m[36mStaffScreen-DzQegi3v.js                   [39m[1m[2m    9.71 kB[22m[1m[22m[2m │ gzip:   3.49 kB[22m
[2mdist/[22m[2massets/[22m[36mPackBattle-DNq4-zPd.js                    [39m[1m[2m   10.31 kB[22m[1m[22m[2m │ gzip:   4.18 kB[22m
[2mdist/[22m[2massets/[22m[36mGameNavbar-BhWWx9Y_.js                    [39m[1m[2m   10.36 kB[22m[1m[22m[2m │ gzip:   3.79 kB[22m
[2mdist/[22m[2massets/[22m[36mTermsOfService-aMk7USOG.js                [39m[1m[2m   10.47 kB[22m[1m[22m[2m │ gzip:   3.57 kB[22m
[2mdist/[22m[2massets/[22m[36mClubManagerSeasonSummary-JCa6shJ1.js      [39m[1m[2m   10.97 kB[22m[1m[22m[2m │ gzip:   3.55 kB[22m
[2mdist/[22m[2massets/[22m[36mGauntletDraft-Bk25IHmq.js                 [39m[1m[2m   11.00 kB[22m[1m[22m[2m │ gzip:   4.22 kB[22m
[2mdist/[22m[2massets/[22m[36mHockeyGrid-C1jmZKCf.js                    [39m[1m[2m   11.01 kB[22m[1m[22m[2m │ gzip:   4.15 kB[22m
[2mdist/[22m[2massets/[22m[36mAdminReports-BveZD-vw.js                  [39m[1m[2m   11.01 kB[22m[1m[22m[2m │ gzip:   3.94 kB[22m
[2mdist/[22m[2massets/[22m[36mCustomClubForm-CFd5hg-F.js                [39m[1m[2m   11.07 kB[22m[1m[22m[2m │ gzip:   3.24 kB[22m
[2mdist/[22m[2massets/[22m[36mQuizBoard-Cm4BPHcm.js                     [39m[1m[2m   11.13 kB[22m[1m[22m[2m │ gzip:   4.77 kB[22m
[2mdist/[22m[2massets/[22m[36mStatsScreen-CI33NQH7.js                   [39m[1m[2m   11.14 kB[22m[1m[22m[2m │ gzip:   2.99 kB[22m
[2mdist/[22m[2massets/[22m[36mfightCareer-DFz8n-Ta.js                   [39m[1m[2m   11.14 kB[22m[1m[22m[2m │ gzip:   4.92 kB[22m
[2mdist/[22m[2massets/[22m[36mMlbGrid-heDm77Bg.js                       [39m[1m[2m   11.17 kB[22m[1m[22m[2m │ gzip:   4.26 kB[22m
[2mdist/[22m[2massets/[22m[36mAcademyScreen-D1LF5U9F.js                 [39m[1m[2m   11.36 kB[22m[1m[22m[2m │ gzip:   3.61 kB[22m
[2mdist/[22m[2massets/[22m[36mShareButtons-BKFR9fsm.js                  [39m[1m[2m   11.64 kB[22m[1m[22m[2m │ gzip:   4.53 kB[22m
[2mdist/[22m[2massets/[22m[36mBallIq-CCdnB0F0.js                        [39m[1m[2m   11.71 kB[22m[1m[22m[2m │ gzip:   4.68 kB[22m
[2mdist/[22m[2massets/[22m[36mHockeyHigherLower-DFROo14k.js             [39m[1m[2m   11.84 kB[22m[1m[22m[2m │ gzip:   4.34 kB[22m
[2mdist/[22m[2massets/[22m[36mSearchAndDiscard-0Qs7OqJM.js              [39m[1m[2m   11.85 kB[22m[1m[22m[2m │ gzip:   4.64 kB[22m
[2mdist/[22m[2massets/[22m[36mChampionsLeagueFormatHistory-C7cVpaK9.js  [39m[1m[2m   12.02 kB[22m[1m[22m[2m │ gzip:   3.92 kB[22m
[2mdist/[22m[2massets/[22m[36mGenericLineupBoard-DLUpII4r.js            [39m[1m[2m   12.17 kB[22m[1m[22m[2m │ gzip:   4.44 kB[22m
[2mdist/[22m[2massets/[22m[36mFinancesScreen-D4tFkW4w.js                [39m[1m[2m   12.17 kB[22m[1m[22m[2m │ gzip:   3.36 kB[22m
[2mdist/[22m[2massets/[22m[36muclFormatHistory-DwuhruDw.js              [39m[1m[2m   12.33 kB[22m[1m[22m[2m │ gzip:   3.47 kB[22m
[2mdist/[22m[2massets/[22m[36mCalendarScreen-BLc1_XOw.js                [39m[1m[2m   12.61 kB[22m[1m[22m[2m │ gzip:   4.40 kB[22m
[2mdist/[22m[2massets/[22m[36mLeaderboard-Dek-VACT.js                   [39m[1m[2m   12.66 kB[22m[1m[22m[2m │ gzip:   4.30 kB[22m
[2mdist/[22m[2massets/[22m[36mNbaGrid-Cg4MOTJa.js                       [39m[1m[2m   12.76 kB[22m[1m[22m[2m │ gzip:   4.76 kB[22m
[2mdist/[22m[2massets/[22m[36mFootballTimeline-DbzjJd4D.js              [39m[1m[2m   12.78 kB[22m[1m[22m[2m │ gzip:   4.26 kB[22m
[2mdist/[22m[2massets/[22m[36mNflMyCareer-BO7p-poF.js                   [39m[1m[2m   12.87 kB[22m[1m[22m[2m │ gzip:   5.65 kB[22m
[2mdist/[22m[2massets/[22m[36mSetPieceBoard-B8Y8ycuJ.js                 [39m[1m[2m   12.97 kB[22m[1m[22m[2m │ gzip:   5.25 kB[22m
[2mdist/[22m[2massets/[22m[36mintlNames-CkDsBUot.js                     [39m[1m[2m   13.05 kB[22m[1m[22m[2m │ gzip:   6.11 kB[22m
[2mdist/[22m[2massets/[22m[36mnflHLCategories-DOyYzQVv.js               [39m[1m[2m   13.14 kB[22m[1m[22m[2m │ gzip:   3.65 kB[22m
[2mdist/[22m[2massets/[22m[36mHigherLower-DnlNrn9K.js                   [39m[1m[2m   13.41 kB[22m[1m[22m[2m │ gzip:   4.82 kB[22m
[2mdist/[22m[2massets/[22m[36mMysteryBox-fGxfiNu3.js                    [39m[1m[2m   13.46 kB[22m[1m[22m[2m │ gzip:   5.29 kB[22m
[2mdist/[22m[2massets/[22m[36mShirtNumber-Cs4TkFpm.js                   [39m[1m[2m   13.51 kB[22m[1m[22m[2m │ gzip:   5.25 kB[22m
[2mdist/[22m[2massets/[22m[36mTennisChain-uP7bFIrk.js                   [39m[1m[2m   13.78 kB[22m[1m[22m[2m │ gzip:   4.94 kB[22m
[2mdist/[22m[2massets/[22m[36mstadiumManagement-a4ZEwMzG.js             [39m[1m[2m   13.81 kB[22m[1m[22m[2m │ gzip:   5.38 kB[22m
[2mdist/[22m[2massets/[22m[36mNascarChain-B_Fl7qhc.js                   [39m[1m[2m   13.86 kB[22m[1m[22m[2m │ gzip:   4.93 kB[22m
[2mdist/[22m[2massets/[22m[36mSilverwareSort-BBAIHVPC.js                [39m[1m[2m   13.95 kB[22m[1m[22m[2m │ gzip:   5.38 kB[22m
[2mdist/[22m[2massets/[22m[36mMlbConnect4-CGJVTv-V.js                   [39m[1m[2m   14.06 kB[22m[1m[22m[2m │ gzip:   5.31 kB[22m
[2mdist/[22m[2massets/[22m[36mNhlConnect4-CheyU96t.js                   [39m[1m[2m   14.13 kB[22m[1m[22m[2m │ gzip:   5.31 kB[22m
[2mdist/[22m[2massets/[22m[36mCbbGrid-CV_vMY1_.js                       [39m[1m[2m   14.20 kB[22m[1m[22m[2m │ gzip:   5.64 kB[22m
[2mdist/[22m[2massets/[22m[36mWhodTheyBeat-D-sTAOfq.js                  [39m[1m[2m   14.23 kB[22m[1m[22m[2m │ gzip:   5.59 kB[22m
[2mdist/[22m[2massets/[22m[36mNflConnect4-iBuMoNpM.js                   [39m[1m[2m   14.43 kB[22m[1m[22m[2m │ gzip:   5.37 kB[22m
[2mdist/[22m[2massets/[22m[36mFootballGrid-DObMbb6d.js                  [39m[1m[2m   14.45 kB[22m[1m[22m[2m │ gzip:   5.49 kB[22m
[2mdist/[22m[2massets/[22m[36mContractsCard-CyfVoYTP.js                 [39m[1m[2m   14.73 kB[22m[1m[22m[2m │ gzip:   4.60 kB[22m
[2mdist/[22m[2massets/[22m[36mAlphabetSprint-C-LS1ujv.js                [39m[1m[2m   14.97 kB[22m[1m[22m[2m │ gzip:   5.82 kB[22m
[2mdist/[22m[2massets/[22m[36mPlayerAvatar-COhwrVBO.js                  [39m[1m[2m   15.16 kB[22m[1m[22m[2m │ gzip:   3.92 kB[22m
[2mdist/[22m[2massets/[22m[36mNflConnections-C36XbyKo.js                [39m[1m[2m   15.26 kB[22m[1m[22m[2m │ gzip:   5.72 kB[22m
[2mdist/[22m[2massets/[22m[36musStatesPaths-DfX_GtuE.js                 [39m[1m[2m   15.67 kB[22m[1m[22m[2m │ gzip:   5.35 kB[22m
[2mdist/[22m[2massets/[22m[36mCareerSeasonReview-C9-PUfBK.js            [39m[1m[2m   15.74 kB[22m[1m[22m[2m │ gzip:   4.46 kB[22m
[2mdist/[22m[2massets/[22m[36mNbaChain-BnzIl_Wp.js                      [39m[1m[2m   16.01 kB[22m[1m[22m[2m │ gzip:   6.10 kB[22m
[2mdist/[22m[2massets/[22m[36mCareerGame-BRyFl_gI.js                    [39m[1m[2m   16.06 kB[22m[1m[22m[2m │ gzip:   6.09 kB[22m
[2mdist/[22m[2massets/[22m[36mNbaConnect4-6cz-Kb4k.js                   [39m[1m[2m   16.16 kB[22m[1m[22m[2m │ gzip:   5.91 kB[22m
[2mdist/[22m[2massets/[22m[36mConquestActionScene-D1MmA13e.js           [39m[1m[2m   16.54 kB[22m[1m[22m[2m │ gzip:   6.80 kB[22m
[2mdist/[22m[2massets/[22m[36mGuessCbbTeam-B-5T2BgI.js                  [39m[1m[2m   16.62 kB[22m[1m[22m[2m │ gzip:   6.14 kB[22m
[2mdist/[22m[2massets/[22m[36msiteSearch-BkI0-hJ7.js                    [39m[1m[2m   16.78 kB[22m[1m[22m[2m │ gzip:   6.81 kB[22m
[2mdist/[22m[2massets/[22m[36mGuessTennisPlayer-LFmbvXQx.js             [39m[1m[2m   16.89 kB[22m[1m[22m[2m │ gzip:   6.01 kB[22m
[2mdist/[22m[2massets/[22m[36mThroughBallBoard-CaGfmHzs.js              [39m[1m[2m   16.96 kB[22m[1m[22m[2m │ gzip:   6.28 kB[22m
[2mdist/[22m[2massets/[22m[36mNflPlayoffFormatHistory-iC6u55ST.js       [39m[1m[2m   17.04 kB[22m[1m[22m[2m │ gzip:   5.58 kB[22m
[2mdist/[22m[2massets/[22m[36mcareerLadder-XwrfUpkP.js                  [39m[1m[2m   17.39 kB[22m[1m[22m[2m │ gzip:   6.56 kB[22m
[2mdist/[22m[2massets/[22m[36mSeasonVerdict-BnchJEes.js                 [39m[1m[2m   18.29 kB[22m[1m[22m[2m │ gzip:   7.39 kB[22m
[2mdist/[22m[2massets/[22m[36mMlbPostseasonFormatHistory-C7KY99P9.js    [39m[1m[2m   18.30 kB[22m[1m[22m[2m │ gzip:   5.64 kB[22m
[2mdist/[22m[2massets/[22m[36mWhoAmI-BYoNX1pC.js                        [39m[1m[2m   18.77 kB[22m[1m[22m[2m │ gzip:   5.96 kB[22m
[2mdist/[22m[2massets/[22m[36mScorePredictor-DfC-LegS.js                [39m[1m[2m   18.82 kB[22m[1m[22m[2m │ gzip:   6.53 kB[22m
[2mdist/[22m[2massets/[22m[36mSquadScreen-IVhSFSxW.js                   [39m[1m[2m   18.85 kB[22m[1m[22m[2m │ gzip:   6.78 kB[22m
[2mdist/[22m[2massets/[22m[36mnhlFoPlayers-j0YE08i0.js                  [39m[1m[2m   19.06 kB[22m[1m[22m[2m │ gzip:   5.46 kB[22m
[2mdist/[22m[2massets/[22m[36mPlayerStockMarket-4UKy2bOj.js             [39m[1m[2m   19.23 kB[22m[1m[22m[2m │ gzip:   7.08 kB[22m
[2mdist/[22m[2massets/[22m[36mPrivacyPolicy-CS-04FTB.js                 [39m[1m[2m   19.35 kB[22m[1m[22m[2m │ gzip:   6.00 kB[22m
[2mdist/[22m[2massets/[22m[36mClubManagerCareerPanel-BOdEO-ph.js        [39m[1m[2m   19.67 kB[22m[1m[22m[2m │ gzip:   5.82 kB[22m
[2mdist/[22m[2massets/[22m[36mWorldXi-s8wmTW3-.js                       [39m[1m[2m   19.68 kB[22m[1m[22m[2m │ gzip:   6.76 kB[22m
[2mdist/[22m[2massets/[22m[36mNbaStatLine-Doye8hHe.js                   [39m[1m[2m   19.82 kB[22m[1m[22m[2m │ gzip:   7.36 kB[22m
[2mdist/[22m[2massets/[22m[36mClueAuction-BW9TsIVM.js                   [39m[1m[2m   20.01 kB[22m[1m[22m[2m │ gzip:   7.26 kB[22m
[2mdist/[22m[2massets/[22m[36mHofOrBust-OVZ1RTbl.js                     [39m[1m[2m   20.04 kB[22m[1m[22m[2m │ gzip:   7.22 kB[22m
[2mdist/[22m[2massets/[22m[36mPuckDetective-DkcG9DVJ.js                 [39m[1m[2m   20.06 kB[22m[1m[22m[2m │ gzip:   7.41 kB[22m
[2mdist/[22m[2massets/[22m[36mUsCareerPractice-DnYmcEnO.js              [39m[1m[2m   20.15 kB[22m[1m[22m[2m │ gzip:   5.85 kB[22m
[2mdist/[22m[2massets/[22m[36museTycoonRewards-d9q_T6xB.js              [39m[1m[2m   20.27 kB[22m[1m[22m[2m │ gzip:   7.63 kB[22m
[2mdist/[22m[2massets/[22m[36mGuessTheNation-_-1VWnxe.js                [39m[1m[2m   20.67 kB[22m[1m[22m[2m │ gzip:   7.20 kB[22m
[2mdist/[22m[2massets/[22m[36mPerfectSeasonMlb-CTAHDLIW.js              [39m[1m[2m   20.79 kB[22m[1m[22m[2m │ gzip:   7.40 kB[22m
[2mdist/[22m[2massets/[22m[36mAcademyPanel-BY0Z-yen.js                  [39m[1m[2m   21.07 kB[22m[1m[22m[2m │ gzip:   7.74 kB[22m
[2mdist/[22m[2massets/[22m[36mclubManagement-EKXPWeDR.js                [39m[1m[2m   21.10 kB[22m[1m[22m[2m │ gzip:   8.43 kB[22m
[2mdist/[22m[2massets/[22m[36mselect-mTy7_bEx.js                        [39m[1m[2m   21.29 kB[22m[1m[22m[2m │ gzip:   7.41 kB[22m
[2mdist/[22m[2massets/[22m[36msquadDeal-CeioGZxv.js                     [39m[1m[2m   21.30 kB[22m[1m[22m[2m │ gzip:   8.38 kB[22m
[2mdist/[22m[2massets/[22m[36mBudgetBuilder-CAI7Q4le.js                 [39m[1m[2m   21.50 kB[22m[1m[22m[2m │ gzip:   7.43 kB[22m
[2mdist/[22m[2massets/[22m[36mStatDetective-Dl-3SEDk.js                 [39m[1m[2m   21.61 kB[22m[1m[22m[2m │ gzip:   8.39 kB[22m
[2mdist/[22m[2massets/[22m[36mSoccerConquest-CpaMJEWf.js                [39m[1m[2m   21.70 kB[22m[1m[22m[2m │ gzip:   9.19 kB[22m
[2mdist/[22m[2massets/[22m[36mMlbGauntletDraft-3iB8ej0m.js              [39m[1m[2m   21.86 kB[22m[1m[22m[2m │ gzip:   7.05 kB[22m
[2mdist/[22m[2massets/[22m[36mCbbDynasty-Bh-QePVV.js                    [39m[1m[2m   21.87 kB[22m[1m[22m[2m │ gzip:   9.12 kB[22m
[2mdist/[22m[2massets/[22m[36mSportsMillionaire-BuGioxv6.js             [39m[1m[2m   21.92 kB[22m[1m[22m[2m │ gzip:   7.55 kB[22m
[2mdist/[22m[2massets/[22m[36mNbaConnections-nUnFApwY.js                [39m[1m[2m   22.05 kB[22m[1m[22m[2m │ gzip:   8.25 kB[22m
[2mdist/[22m[2massets/[22m[36mNhlConnections-C9n2OOyS.js                [39m[1m[2m   22.07 kB[22m[1m[22m[2m │ gzip:   8.19 kB[22m
[2mdist/[22m[2massets/[22m[36mFootballConnect4-J2SCK0Ri.js              [39m[1m[2m   22.25 kB[22m[1m[22m[2m │ gzip:   7.23 kB[22m
[2mdist/[22m[2massets/[22m[36mCfbDynasty-K8dwIgB-.js                    [39m[1m[2m   22.28 kB[22m[1m[22m[2m │ gzip:   9.15 kB[22m
[2mdist/[22m[2massets/[22m[36mMinefield-CgdEMMYz.js                     [39m[1m[2m   22.45 kB[22m[1m[22m[2m │ gzip:   9.31 kB[22m
[2mdist/[22m[2massets/[22m[36mMatchReportCard-By9Q82m-.js               [39m[1m[2m   22.89 kB[22m[1m[22m[2m │ gzip:   6.00 kB[22m
[2mdist/[22m[2massets/[22m[36mEmojiGuess-CerTpJaJ.js                    [39m[1m[2m   23.23 kB[22m[1m[22m[2m │ gzip:   8.83 kB[22m
[2mdist/[22m[2massets/[22m[36mPerfectSeasonNhl-DmiMBxpK.js              [39m[1m[2m   23.25 kB[22m[1m[22m[2m │ gzip:   8.23 kB[22m
[2mdist/[22m[2massets/[22m[36mhigherLowerPlayers-CyK6rra4.js            [39m[1m[2m   23.57 kB[22m[1m[22m[2m │ gzip:   5.08 kB[22m
[2mdist/[22m[2massets/[22m[36mSignThePlayer-ORnHzkUW.js                 [39m[1m[2m   23.71 kB[22m[1m[22m[2m │ gzip:   9.11 kB[22m
[2mdist/[22m[2massets/[22m[36mContractChaos-BDW10Mdj.js                 [39m[1m[2m   24.02 kB[22m[1m[22m[2m │ gzip:   9.17 kB[22m
[2mdist/[22m[2massets/[22m[36mHallOfChampions-Cb6WaNuB.js               [39m[1m[2m   24.07 kB[22m[1m[22m[2m │ gzip:   8.21 kB[22m
[2mdist/[22m[2massets/[22m[36mManagerHotSeat-DT9NL4VY.js                [39m[1m[2m   24.60 kB[22m[1m[22m[2m │ gzip:   7.07 kB[22m
[2mdist/[22m[2massets/[22m[36mF1Constructor-Betz-VKA.js                 [39m[1m[2m   24.82 kB[22m[1m[22m[2m │ gzip:   8.70 kB[22m
[2mdist/[22m[2massets/[22m[36mDrillBoard-C3_pvtd2.js                    [39m[1m[2m   25.13 kB[22m[1m[22m[2m │ gzip:   9.26 kB[22m
[2mdist/[22m[2massets/[22m[36mPerfectSeasonNba-BfB5tlqS.js              [39m[1m[2m   25.61 kB[22m[1m[22m[2m │ gzip:   9.00 kB[22m
[2mdist/[22m[2massets/[22m[36mSquadDeal-WT8y29sp.js                     [39m[1m[2m   25.84 kB[22m[1m[22m[2m │ gzip:   7.89 kB[22m
[2mdist/[22m[2massets/[22m[36mNhlPlayoffFormatHistory-w_gfmmFw.js       [39m[1m[2m   25.96 kB[22m[1m[22m[2m │ gzip:   7.81 kB[22m
[2mdist/[22m[2massets/[22m[36mListQuiz-02xR8gA5.js                      [39m[1m[2m   26.16 kB[22m[1m[22m[2m │ gzip:   9.88 kB[22m
[2mdist/[22m[2massets/[22m[36mF1Driver-CCeWYMmP.js                      [39m[1m[2m   26.66 kB[22m[1m[22m[2m │ gzip:   9.62 kB[22m
[2mdist/[22m[2massets/[22m[36mRarityRound-CAhF-qai.js                   [39m[1m[2m   27.01 kB[22m[1m[22m[2m │ gzip:   7.83 kB[22m
[2mdist/[22m[2massets/[22m[36mNFLCareer-DjJG0iyx.js                     [39m[1m[2m   27.09 kB[22m[1m[22m[2m │ gzip:   7.47 kB[22m
[2mdist/[22m[2massets/[22m[36mFreeKick-B2yY1KJF.js                      [39m[1m[2m   27.10 kB[22m[1m[22m[2m │ gzip:   8.94 kB[22m
[2mdist/[22m[2massets/[22m[36mSoccerGrid-DFIOnHo6.js                    [39m[1m[2m   27.13 kB[22m[1m[22m[2m │ gzip:   8.71 kB[22m
[2mdist/[22m[2massets/[22m[36mRankEm-Dxh6KYFX.js                        [39m[1m[2m   27.19 kB[22m[1m[22m[2m │ gzip:   9.73 kB[22m
[2mdist/[22m[2massets/[22m[36mFaceOff-qxuQPRFC.js                       [39m[1m[2m   27.33 kB[22m[1m[22m[2m │ gzip:   9.30 kB[22m
[2mdist/[22m[2massets/[22m[36mNbaPlayoffFormatHistory-RNrmTKBL.js       [39m[1m[2m   27.58 kB[22m[1m[22m[2m │ gzip:   8.39 kB[22m
[2mdist/[22m[2massets/[22m[36mNbaLineup-COve5sS_.js                     [39m[1m[2m   27.68 kB[22m[1m[22m[2m │ gzip:   8.48 kB[22m
[2mdist/[22m[2massets/[22m[36mPlayerBingo-dc3Ky1FQ.js                   [39m[1m[2m   28.30 kB[22m[1m[22m[2m │ gzip:  10.15 kB[22m
[2mdist/[22m[2massets/[22m[36mNbaCareer-BDJUCv_w.js                     [39m[1m[2m   28.39 kB[22m[1m[22m[2m │ gzip:   8.02 kB[22m
[2mdist/[22m[2massets/[22m[36mstadiumTycoon-B_FBNBPR.js                 [39m[1m[2m   28.93 kB[22m[1m[22m[2m │ gzip:  10.25 kB[22m
[2mdist/[22m[2massets/[22m[36mOlympics-mmYmQ1iY.js                      [39m[1m[2m   29.00 kB[22m[1m[22m[2m │ gzip:  10.26 kB[22m
[2mdist/[22m[2massets/[22m[36mSeasonReportTabs-DKmqJS3h.js              [39m[1m[2m   29.70 kB[22m[1m[22m[2m │ gzip:  12.03 kB[22m
[2mdist/[22m[2massets/[22m[36mCollegeDynastyBoard-BpRACjpW.js           [39m[1m[2m   30.12 kB[22m[1m[22m[2m │ gzip:   9.01 kB[22m
[2mdist/[22m[2massets/[22m[36mmanagerHotSeat-DOa-U_hw.js                [39m[1m[2m   30.15 kB[22m[1m[22m[2m │ gzip:   6.77 kB[22m
[2mdist/[22m[2massets/[22m[36mFantasyDraft-DrYuLQH1.js                  [39m[1m[2m   30.47 kB[22m[1m[22m[2m │ gzip:   9.28 kB[22m
[2mdist/[22m[2massets/[22m[36mPerfectSeasonNfl-CcfMPWtC.js              [39m[1m[2m   31.07 kB[22m[1m[22m[2m │ gzip:  11.19 kB[22m
[2mdist/[22m[2massets/[22m[36mChampOrNot-BuhYXidt.js                    [39m[1m[2m   31.22 kB[22m[1m[22m[2m │ gzip:   9.64 kB[22m
[2mdist/[22m[2massets/[22m[36mGuessTheYear-n4inUuGk.js                  [39m[1m[2m   31.26 kB[22m[1m[22m[2m │ gzip:  10.93 kB[22m
[2mdist/[22m[2massets/[22m[36mFightGym-BS9yFoEu.js                      [39m[1m[2m   31.97 kB[22m[1m[22m[2m │ gzip:  10.34 kB[22m
[2mdist/[22m[2massets/[22m[36mHockeyCareer-DJs48oz1.js                  [39m[1m[2m   32.28 kB[22m[1m[22m[2m │ gzip:   8.48 kB[22m
[2mdist/[22m[2massets/[22m[36mTrainingPanel-BULb07vQ.js                 [39m[1m[2m   32.37 kB[22m[1m[22m[2m │ gzip:  10.06 kB[22m
[2mdist/[22m[2massets/[22m[36mconquestDataNba-BDN2iDyW.js               [39m[1m[2m   32.42 kB[22m[1m[22m[2m │ gzip:   8.52 kB[22m
[2mdist/[22m[2massets/[22m[36mBaseballCareer-DuI0xxal.js                [39m[1m[2m   32.61 kB[22m[1m[22m[2m │ gzip:   8.73 kB[22m
[2mdist/[22m[2massets/[22m[36mCareerLadder-VoWLlvfj.js                  [39m[1m[2m   32.67 kB[22m[1m[22m[2m │ gzip:  11.27 kB[22m
[2mdist/[22m[2massets/[22m[36mSportsBingo-Bi9PQJf0.js                   [39m[1m[2m   32.78 kB[22m[1m[22m[2m │ gzip:  10.80 kB[22m
[2mdist/[22m[2massets/[22m[36mUfcChain-DgjIIcKY.js                      [39m[1m[2m   32.97 kB[22m[1m[22m[2m │ gzip:   8.32 kB[22m
[2mdist/[22m[2massets/[22m[36mIdleArena-Cc8JHq8U.js                     [39m[1m[2m   33.97 kB[22m[1m[22m[2m │ gzip:  11.18 kB[22m
[2mdist/[22m[2massets/[22m[36mfrontOfficePlayers-BPesuo5G.js            [39m[1m[2m   34.48 kB[22m[1m[22m[2m │ gzip:   7.86 kB[22m
[2mdist/[22m[2massets/[22m[36mTeammates-olBnHGkX.js                     [39m[1m[2m   34.85 kB[22m[1m[22m[2m │ gzip:   9.19 kB[22m
[2mdist/[22m[2massets/[22m[36mLiveSimScreen-pgQF8ZaP.js                 [39m[1m[2m   35.06 kB[22m[1m[22m[2m │ gzip:  11.73 kB[22m
[2mdist/[22m[2massets/[22m[36mTransferPath-d--8IjHa.js                  [39m[1m[2m   35.32 kB[22m[1m[22m[2m │ gzip:  11.54 kB[22m
[2mdist/[22m[2massets/[22m[36mCollegeGrid-DOKac24Y.js                   [39m[1m[2m   35.60 kB[22m[1m[22m[2m │ gzip:   8.12 kB[22m
[2mdist/[22m[2massets/[22m[36mcollege-B_XqEHQm.js                       [39m[1m[2m   36.30 kB[22m[1m[22m[2m │ gzip:  11.81 kB[22m
[2mdist/[22m[2massets/[22m[36msoccerMoments-spjsBt5p.js                 [39m[1m[2m   36.81 kB[22m[1m[22m[2m │ gzip:  14.63 kB[22m
[2mdist/[22m[2massets/[22m[36mTacticsScreen-Dl1Y_V0o.js                 [39m[1m[2m   37.07 kB[22m[1m[22m[2m │ gzip:  11.30 kB[22m
[2mdist/[22m[2massets/[22m[36mUfcGame-BfqVdbNd.js                       [39m[1m[2m   37.19 kB[22m[1m[22m[2m │ gzip:   9.73 kB[22m
[2mdist/[22m[2massets/[22m[36mGuessNflTeam-BnhEw_V6.js                  [39m[1m[2m   37.83 kB[22m[1m[22m[2m │ gzip:  11.81 kB[22m
[2mdist/[22m[2massets/[22m[36mClubManagerHelp-BhZWnRTo.js               [39m[1m[2m   37.93 kB[22m[1m[22m[2m │ gzip:  14.22 kB[22m
[2mdist/[22m[2massets/[22m[36mGuessNascarDriver-CO-uJb2c.js             [39m[1m[2m   39.08 kB[22m[1m[22m[2m │ gzip:   9.14 kB[22m
[2mdist/[22m[2massets/[22m[36mconquestSports-B8RfKg53.js                [39m[1m[2m   39.47 kB[22m[1m[22m[2m │ gzip:  10.82 kB[22m
[2mdist/[22m[2massets/[22m[36mTransferScreen-rirV3P13.js                [39m[1m[2m   39.54 kB[22m[1m[22m[2m │ gzip:  10.40 kB[22m
[2mdist/[22m[2massets/[22m[36mBuzzerBeater-BBroEDRp.js                  [39m[1m[2m   41.87 kB[22m[1m[22m[2m │ gzip:  13.66 kB[22m
[2mdist/[22m[2massets/[22m[36mmanagerOffers-_ah8loUP.js                 [39m[1m[2m   42.00 kB[22m[1m[22m[2m │ gzip:  13.22 kB[22m
[2mdist/[22m[2massets/[22m[36mLineupBuilder-Bjs8nD_6.js                 [39m[1m[2m   42.10 kB[22m[1m[22m[2m │ gzip:  14.07 kB[22m
[2mdist/[22m[2massets/[22m[36mMissingNine-CB-xhu_u.js                   [39m[1m[2m   44.33 kB[22m[1m[22m[2m │ gzip:  12.36 kB[22m
[2mdist/[22m[2massets/[22m[36mMissingFive-Clz3o9NP.js                   [39m[1m[2m   44.93 kB[22m[1m[22m[2m │ gzip:  10.57 kB[22m
[2mdist/[22m[2massets/[22m[36mSoccerSeasonCentre-By4qgLm8.js            [39m[1m[2m   44.95 kB[22m[1m[22m[2m │ gzip:  14.81 kB[22m
[2mdist/[22m[2massets/[22m[36mAppearanceBuilder-C0T3MMns.js             [39m[1m[2m   45.41 kB[22m[1m[22m[2m │ gzip:  14.39 kB[22m
[2mdist/[22m[2massets/[22m[36mDeadlineDay-CDpIcVHM.js                   [39m[1m[2m   45.98 kB[22m[1m[22m[2m │ gzip:  14.20 kB[22m
[2mdist/[22m[2massets/[22m[36mBaseballConnections-CkxWxl5D.js           [39m[1m[2m   49.26 kB[22m[1m[22m[2m │ gzip:  12.36 kB[22m
[2mdist/[22m[2massets/[22m[36mnbaOpeningRatings-DmYGOL8G.js             [39m[1m[2m   50.06 kB[22m[1m[22m[2m │ gzip:   6.77 kB[22m
[2mdist/[22m[2massets/[22m[36mCageClash-CnTz0Bpj.js                     [39m[1m[2m   52.18 kB[22m[1m[22m[2m │ gzip:  17.15 kB[22m
[2mdist/[22m[2massets/[22m[36mFootle-D4wWi7_Y.js                        [39m[1m[2m   54.12 kB[22m[1m[22m[2m │ gzip:  17.13 kB[22m
[2mdist/[22m[2massets/[22m[36mConquestNba-BXEm_JaJ.js                   [39m[1m[2m   54.41 kB[22m[1m[22m[2m │ gzip:  15.58 kB[22m
[2mdist/[22m[2massets/[22m[36mbaseball-D-Jqywr6.js                      [39m[1m[2m   54.43 kB[22m[1m[22m[2m │ gzip:  19.13 kB[22m
[2mdist/[22m[2massets/[22m[36mConquest-CjuYenVz.js                      [39m[1m[2m   55.77 kB[22m[1m[22m[2m │ gzip:  14.86 kB[22m
[2mdist/[22m[2massets/[22m[36mMissingEleven-CxxUGtZK.js                 [39m[1m[2m   58.10 kB[22m[1m[22m[2m │ gzip:  14.88 kB[22m
[2mdist/[22m[2massets/[22m[36mSportHub-BqSrNOS6.js                      [39m[1m[2m   58.52 kB[22m[1m[22m[2m │ gzip:  19.68 kB[22m
[2mdist/[22m[2massets/[22m[36mStadiumTycoon-BdwlsB_R.js                 [39m[1m[2m   59.43 kB[22m[1m[22m[2m │ gzip:  19.37 kB[22m
[2mdist/[22m[2massets/[22m[36mhockey-BPRc4rkB.js                        [39m[1m[2m   60.68 kB[22m[1m[22m[2m │ gzip:  21.22 kB[22m
[2mdist/[22m[2massets/[22m[36msoccer1-4EnLcQQM.js                       [39m[1m[2m   60.71 kB[22m[1m[22m[2m │ gzip:  20.36 kB[22m
[2mdist/[22m[2massets/[22m[36mfootball-BrKZz2fy.js                      [39m[1m[2m   63.24 kB[22m[1m[22m[2m │ gzip:  22.33 kB[22m
[2mdist/[22m[2massets/[22m[36mFightPromoter-Dcih-FST.js                 [39m[1m[2m   63.94 kB[22m[1m[22m[2m │ gzip:  19.58 kB[22m
[2mdist/[22m[2massets/[22m[36mProfile-LvEt9B-t.js                       [39m[1m[2m   65.10 kB[22m[1m[22m[2m │ gzip:  20.05 kB[22m
[2mdist/[22m[2massets/[22m[36mclubManagerEra2015-BUxVBSOC.js            [39m[1m[2m   73.21 kB[22m[1m[22m[2m │ gzip:  21.60 kB[22m
[2mdist/[22m[2massets/[22m[36mclubManagerEra2005-DZSwQTfX.js            [39m[1m[2m   75.93 kB[22m[1m[22m[2m │ gzip:  21.84 kB[22m
[2mdist/[22m[2massets/[22m[36mImperialismBoardShared-Cmng0030.js        [39m[1m[2m   76.06 kB[22m[1m[22m[2m │ gzip:  24.91 kB[22m
[2mdist/[22m[2massets/[22m[36mclubManagerEra2010-CiScj6R7.js            [39m[1m[2m   76.80 kB[22m[1m[22m[2m │ gzip:  22.43 kB[22m
[2mdist/[22m[2massets/[22m[36mWorldCupPredictor-B58_v23Y.js             [39m[1m[2m   77.14 kB[22m[1m[22m[2m │ gzip:  23.78 kB[22m
[2mdist/[22m[2massets/[22m[36mClubManager-CksMSPB2.js                   [39m[1m[2m   77.66 kB[22m[1m[22m[2m │ gzip:  24.18 kB[22m
[2mdist/[22m[2massets/[22m[36mAussieRulesManager-DWLCuhbK.js            [39m[1m[2m   77.66 kB[22m[1m[22m[2m │ gzip:  25.45 kB[22m
[2mdist/[22m[2massets/[22m[36mclubManagerEra2020-Bej21k8N.js            [39m[1m[2m   78.49 kB[22m[1m[22m[2m │ gzip:  23.60 kB[22m
[2mdist/[22m[2massets/[22m[36mNhlFrontOffice-CeY39bh1.js                [39m[1m[2m   79.27 kB[22m[1m[22m[2m │ gzip:  26.56 kB[22m
[2mdist/[22m[2massets/[22m[36mnhlOpeningRatings-Y9x0bvK7.js             [39m[1m[2m   80.49 kB[22m[1m[22m[2m │ gzip:   9.19 kB[22m
[2mdist/[22m[2massets/[22m[36mworld-bzrfPoKq.js                         [39m[1m[2m   83.56 kB[22m[1m[22m[2m │ gzip:  27.22 kB[22m
[2mdist/[22m[2massets/[22m[36mFightCareer-BUgMbam0.js                   [39m[1m[2m   84.09 kB[22m[1m[22m[2m │ gzip:  26.28 kB[22m
[2mdist/[22m[2massets/[22m[36mbasketball-CNtFtfjF.js                    [39m[1m[2m   84.45 kB[22m[1m[22m[2m │ gzip:  28.75 kB[22m
[2mdist/[22m[2massets/[22m[36mGuessTheCollege-Dsya49k1.js               [39m[1m[2m   84.75 kB[22m[1m[22m[2m │ gzip:  22.35 kB[22m
[2mdist/[22m[2massets/[22m[36mmoreSports-GYqSPvUd.js                    [39m[1m[2m   85.08 kB[22m[1m[22m[2m │ gzip:  27.30 kB[22m
[2mdist/[22m[2massets/[22m[36mFrontOffice-c-Edo5RZ.js                   [39m[1m[2m   89.45 kB[22m[1m[22m[2m │ gzip:  29.13 kB[22m
[2mdist/[22m[2massets/[22m[36mNbaFrontOffice-BI_W1VeR.js                [39m[1m[2m   90.09 kB[22m[1m[22m[2m │ gzip:  31.18 kB[22m
[2mdist/[22m[2massets/[22m[36mGmTradeBuilder-D9AjgWp1.js                [39m[1m[2m  104.01 kB[22m[1m[22m[2m │ gzip:  35.03 kB[22m
[2mdist/[22m[2massets/[22m[36mMlbFrontOffice-BTzVFTC5.js                [39m[1m[2m  107.61 kB[22m[1m[22m[2m │ gzip:  34.16 kB[22m
[2mdist/[22m[2massets/[22m[36msoccer2-ytcxM1RV.js                       [39m[1m[2m  108.34 kB[22m[1m[22m[2m │ gzip:  36.57 kB[22m
[2mdist/[22m[2massets/[22m[36mrecordBooks-yGkXUz4z.js                   [39m[1m[2m  108.78 kB[22m[1m[22m[2m │ gzip:  19.87 kB[22m
[2mdist/[22m[2massets/[22m[36mRebuild-Yt_8W0pI.js                       [39m[1m[2m  117.20 kB[22m[1m[22m[2m │ gzip:  35.63 kB[22m
[2mdist/[22m[2massets/[22m[36mfootleEnrichment-BZzeJ_uB.js              [39m[1m[2m  117.58 kB[22m[1m[22m[2m │ gzip:  19.61 kB[22m
[2mdist/[22m[2massets/[22m[36mConnections-CMYSQzlZ.js                   [39m[1m[2m  154.23 kB[22m[1m[22m[2m │ gzip:  30.90 kB[22m
[2mdist/[22m[2massets/[22m[36mDartDraft-DMUSgrSG.js                     [39m[1m[2m  175.28 kB[22m[1m[22m[2m │ gzip:  57.19 kB[22m
[2mdist/[22m[2massets/[22m[36mhtml2canvas.esm-CBrSDip1.js               [39m[1m[2m  201.42 kB[22m[1m[22m[2m │ gzip:  48.03 kB[22m
[2mdist/[22m[2massets/[22m[36mMlbMyCareer-Bm8T9ANM.js                   [39m[1m[2m  238.99 kB[22m[1m[22m[2m │ gzip:  80.30 kB[22m
[2mdist/[22m[2massets/[22m[36mNbaMyCareer-DXR8Z6HG.js                   [39m[1m[2m  244.37 kB[22m[1m[22m[2m │ gzip:  81.83 kB[22m
[2mdist/[22m[2massets/[22m[36mNhlMyCareer-2rAid0mZ.js                   [39m[1m[2m  245.82 kB[22m[1m[22m[2m │ gzip:  81.61 kB[22m
[2mdist/[22m[2massets/[22m[36mMissingXi-Bu0tLInZ.js                     [39m[1m[2m  264.43 kB[22m[1m[22m[2m │ gzip:  51.91 kB[22m
[2mdist/[22m[2massets/[22m[36mWhatsNew-CxvlyPEc.js                      [39m[1m[2m  288.72 kB[22m[1m[22m[2m │ gzip:  94.15 kB[22m
[2mdist/[22m[2massets/[22m[36msoccerInternational-Xer_3kxD.js           [39m[1m[2m  297.81 kB[22m[1m[22m[2m │ gzip:  76.40 kB[22m
[2mdist/[22m[2massets/[22m[36mGridArchive-D-w8HpD-.js                   [39m[1m[2m  311.28 kB[22m[1m[22m[2m │ gzip:  56.57 kB[22m
[2mdist/[22m[2massets/[22m[36mcareerPlayers-DOIUlYXN.js                 [39m[1m[2m  335.22 kB[22m[1m[22m[2m │ gzip:  40.78 kB[22m
[2mdist/[22m[2massets/[22m[36musCareerSeasonReview-BVJ7BJh7.js          [39m[1m[2m  411.93 kB[22m[1m[22m[2m │ gzip: 131.14 kB[22m
[2mdist/[22m[2massets/[22m[36mfrontOfficeDepth-CSYCwpBE.js              [39m[1m[33m  524.29 kB[39m[22m[2m │ gzip:  60.37 kB[22m
[2mdist/[22m[2massets/[22m[36mindex-CL84vn4l.js                         [39m[1m[33m  772.40 kB[39m[22m[2m │ gzip: 234.02 kB[22m
[2mdist/[22m[2massets/[22m[36mclubManager-JRzv2qpC.js                   [39m[1m[33m  902.35 kB[39m[22m[2m │ gzip: 299.21 kB[22m
[2mdist/[22m[2massets/[22m[36mSoccerCareer-xeR7UZ76.js                  [39m[1m[33m1,186.85 kB[39m[22m[2m │ gzip: 343.89 kB[22m
[33m
(!) Some chunks are larger than 500 kB after minification. Consider:
- Using dynamic import() to code-split the application
- Use build.rollupOptions.output.manualChunks to improve chunking: https://rollupjs.org/configuration-options/#output-manualchunks
- Adjust chunk size limit for this warning via build.chunkSizeWarningLimit.[39m
[32m✓ built in 26.55s[39m
[dukb] inlined 1 stylesheet(s) and 1 module(s) into 180 snapshots (11 left alone)
