FAIL superlig: gives no key while the list is not here, and refuses to read a saved key without its list
AssertionError [ERR_ASSERTION]: Fetching the list changes exactly one field of a fresh save
+ actual - expected
... Skipped lines

  {
    academy: {
      candidates: [
        {
          fee: 3,
...
      freeKicks: 'p-yusuf-ozdemir',
+     penalties: 'youth-muwv75s0-70-911'
-     penalties: 'youth-muwv75s0-10-911'
    },
    severance: [],
    squad: [
      {
        age: 22,
...
        fitness: 100,
+       id: 'youth-muwv75s0-61-490',
-       id: 'youth-muwv75s0-1-490',
        injuryWeeks: 0,
        isYouth: true,
        lastTen: [],
        morale: 72,
        name: 'Kwame Sundgren (Youth)',
...
        fitness: 100,
+       id: 'youth-muwv75s0-62-756',
-       id: 'youth-muwv75s0-2-756',
        injuryWeeks: 0,
        isYouth: true,
        lastTen: [],
        morale: 72,
        name: 'Ravi Calvet (Youth)',
...
        fitness: 100,
+       id: 'youth-muwv75s0-63-601',
-       id: 'youth-muwv75s0-3-601',
        injuryWeeks: 0,
        isYouth: true,
        lastTen: [],
        morale: 72,
        name: 'Kaan Reyes (Youth)',
...
        fitness: 100,
+       id: 'youth-muwv75s0-64-237',
-       id: 'youth-muwv75s0-4-237',
        injuryWeeks: 0,
        isYouth: true,
        lastTen: [],
        morale: 72,
        name: 'Sam Berg (Youth)',
...
        fitness: 100,
+       id: 'youth-muwv75s0-65-460',
-       id: 'youth-muwv75s0-5-460',
        injuryWeeks: 0,
        isYouth: true,
        lastTen: [],
        morale: 72,
        name: 'Alfie Nyman (Youth)',
...
        fitness: 100,
+       id: 'youth-muwv75s0-66-226',
-       id: 'youth-muwv75s0-6-226',
        injuryWeeks: 0,
        isYouth: true,
        lastTen: [],
        morale: 72,
        name: 'Diego Sato (Youth)',
...
        fitness: 100,
+       id: 'youth-muwv75s0-67-360',
-       id: 'youth-muwv75s0-7-360',
        injuryWeeks: 0,
        isYouth: true,
        lastTen: [],
        morale: 72,
        name: 'Zane Okonjo (Youth)',
...
        fitness: 100,
+       id: 'youth-muwv75s0-68-999',
-       id: 'youth-muwv75s0-8-999',
        injuryWeeks: 0,
        isYouth: true,
        lastTen: [],
        morale: 72,
        name: 'Luca Diallo (Youth)',
...
        fitness: 100,
+       id: 'youth-muwv75s0-69-887',
-       id: 'youth-muwv75s0-9-887',
        injuryWeeks: 0,
        isYouth: true,
        lastTen: [],
        morale: 72,
        name: 'Diego Lindqvist (Youth)',
...
        fitness: 100,
+       id: 'youth-muwv75s0-70-911',
-       id: 'youth-muwv75s0-10-911',
        injuryWeeks: 0,
        isYouth: true,
        lastTen: [],
        morale: 72,
        name: 'Enzo Kimura (Youth)',
...
    xiIds: [
+     'youth-muwv75s0-62-756',
-     'youth-muwv75s0-2-756',
      'p-umit-akdag',
+     'youth-muwv75s0-64-237',
+     'youth-muwv75s0-63-601',
+     'youth-muwv75s0-66-226',
-     'youth-muwv75s0-4-237',
-     'youth-muwv75s0-3-601',
-     'youth-muwv75s0-6-226',
      'p-maestro',
      'p-gaius-makouta',
      'p-ianis-hagi',
      'p-florent-hadergjonaj',
+     'youth-muwv75s0-70-911',
-     'youth-muwv75s0-10-911',
      'p-yusuf-ozdemir'
    ]
  }

    at Object.unloaded (file:///home/runner/work/ballpark-hero/ballpark-hero/scripts/simCmRealFixtures.mjs:474:16)
    at main (file:///home/runner/work/ballpark-hero/ballpark-hero/scripts/simCmRealFixtures.mjs:555:33)
    at async file:///home/runner/work/ballpark-hero/ballpark-hero/scripts/simCmRealFixtures.mjs:584:54
node:internal/modules/run_main:107
    triggerUncaughtException(
    ^

AssertionError [ERR_ASSERTION]: Expected values to be strictly deep-equal:
+ actual - expected

+ [
+   'gives no key while the list is not here, and refuses to read a saved key without its list'
+ ]
- []

    at main (file:///home/runner/work/ballpark-hero/ballpark-hero/scripts/simCmRealFixtures.mjs:570:14)
    at async file:///home/runner/work/ballpark-hero/ballpark-hero/scripts/simCmRealFixtures.mjs:584:54 {
  generatedMessage: true,
  code: 'ERR_ASSERTION',
  actual: [
    'gives no key while the list is not here, and refuses to read a saved key without its list'
  ],
  expected: [],
  operator: 'deepStrictEqual',
  diff: 'simple'
}

Node.js v24.21.0
