[36mvite v5.4.21 [32mbuilding for production...[36m[39m
transforming...
Browserslist: browsers data (caniuse-lite) is 16 months old. Please run:
  npx update-browserslist-db@latest
  Why you should do it regularly: https://github.com/browserslist/update-db#readme
[32m✓[39m 3388 modules transformed.
rendering chunks...
computing gzip size...
[2mdist/[22m[32mindex.html                                       [39m[1m[2m   31.73 kB[22m[1m[22m[2m │ gzip:  11.40 kB[22m
[2mdist/[22m[2massets/[22m[32mcollegeGridJudge-BnVqn2Y8.json            [39m[1m[2m  542.05 kB[22m[1m[22m[2m │ gzip: 137.17 kB[22m
[2mdist/[22m[2massets/[22m[32mcollegeGridSearch-Bs7o3gLM.json           [39m[1m[2m  599.14 kB[22m[1m[22m[2m │ gzip: 205.33 kB[22m
[2mdist/[22m[2massets/[22m[35mInboxCard-DDfoldLS.css                    [39m[1m[2m    0.31 kB[22m[1m[22m[2m │ gzip:   0.22 kB[22m
[2mdist/[22m[2massets/[22m[35mStaffScreen-DA5KNI2w.css                  [39m[1m[2m    0.34 kB[22m[1m[22m[2m │ gzip:   0.22 kB[22m
[2mdist/[22m[2massets/[22m[35mPuckDetective-CNwlavUM.css                [39m[1m[2m    0.46 kB[22m[1m[22m[2m │ gzip:   0.24 kB[22m
[2mdist/[22m[2massets/[22m[35mMlbFrontOffice-CBF51_-Q.css               [39m[1m[2m    0.46 kB[22m[1m[22m[2m │ gzip:   0.26 kB[22m
[2mdist/[22m[2massets/[22m[35mFreeKick-Db_P_VAd.css                     [39m[1m[2m    0.48 kB[22m[1m[22m[2m │ gzip:   0.26 kB[22m
[2mdist/[22m[2massets/[22m[35mChainLinkMotion-CvpbwvEe.css              [39m[1m[2m    0.51 kB[22m[1m[22m[2m │ gzip:   0.27 kB[22m
[2mdist/[22m[2massets/[22m[35mFantasyDraft-BBpfFIJM.css                 [39m[1m[2m    0.51 kB[22m[1m[22m[2m │ gzip:   0.21 kB[22m
[2mdist/[22m[2massets/[22m[35mF1Constructor-ZNfpvwdP.css                [39m[1m[2m    0.54 kB[22m[1m[22m[2m │ gzip:   0.27 kB[22m
[2mdist/[22m[2massets/[22m[35mTrainingPanel-vaffBj46.css                [39m[1m[2m    0.59 kB[22m[1m[22m[2m │ gzip:   0.32 kB[22m
[2mdist/[22m[2massets/[22m[35mGuessTheNation-BPrjB6wp.css               [39m[1m[2m    0.61 kB[22m[1m[22m[2m │ gzip:   0.29 kB[22m
[2mdist/[22m[2massets/[22m[35mListQuiz-CfGTEzvO.css                     [39m[1m[2m    0.63 kB[22m[1m[22m[2m │ gzip:   0.33 kB[22m
[2mdist/[22m[2massets/[22m[35mThroughBallBoard-gTKr9BrC.css             [39m[1m[2m    0.67 kB[22m[1m[22m[2m │ gzip:   0.35 kB[22m
[2mdist/[22m[2massets/[22m[35mNbaChain-COMs1moS.css                     [39m[1m[2m    0.74 kB[22m[1m[22m[2m │ gzip:   0.37 kB[22m
[2mdist/[22m[2massets/[22m[35mBudgetBuilder-BMPKocqF.css                [39m[1m[2m    0.74 kB[22m[1m[22m[2m │ gzip:   0.33 kB[22m
[2mdist/[22m[2massets/[22m[35mGuessTennisPlayer-BJV-i7my.css            [39m[1m[2m    0.77 kB[22m[1m[22m[2m │ gzip:   0.39 kB[22m
[2mdist/[22m[2massets/[22m[35mGuessNascarDriver-B4spQIn2.css            [39m[1m[2m    0.77 kB[22m[1m[22m[2m │ gzip:   0.38 kB[22m
[2mdist/[22m[2massets/[22m[35mGuessCbbTeam-BcTI5nvh.css                 [39m[1m[2m    0.77 kB[22m[1m[22m[2m │ gzip:   0.39 kB[22m
[2mdist/[22m[2massets/[22m[35mBallIq-BjxfiyZ_.css                       [39m[1m[2m    0.78 kB[22m[1m[22m[2m │ gzip:   0.39 kB[22m
[2mdist/[22m[2massets/[22m[35mMysteryBox-6MFZ-n4f.css                   [39m[1m[2m    0.78 kB[22m[1m[22m[2m │ gzip:   0.37 kB[22m
[2mdist/[22m[2massets/[22m[35mEmojiGuess-MeLdLiyY.css                   [39m[1m[2m    0.83 kB[22m[1m[22m[2m │ gzip:   0.37 kB[22m
[2mdist/[22m[2massets/[22m[35mSearchAndDiscard-Bk7mANi4.css             [39m[1m[2m    0.83 kB[22m[1m[22m[2m │ gzip:   0.40 kB[22m
[2mdist/[22m[2massets/[22m[35mNbaStatLine-DajvjVkC.css                  [39m[1m[2m    0.85 kB[22m[1m[22m[2m │ gzip:   0.39 kB[22m
[2mdist/[22m[2massets/[22m[35mMissingNine-BLGcLOj1.css                  [39m[1m[2m    0.88 kB[22m[1m[22m[2m │ gzip:   0.42 kB[22m
[2mdist/[22m[2massets/[22m[35mF1Driver-DhrxUQx4.css                     [39m[1m[2m    0.94 kB[22m[1m[22m[2m │ gzip:   0.47 kB[22m
[2mdist/[22m[2massets/[22m[35mQuizBoard-CBcAEXDf.css                    [39m[1m[2m    1.02 kB[22m[1m[22m[2m │ gzip:   0.44 kB[22m
[2mdist/[22m[2massets/[22m[35mStatDetective-D6N_cvHt.css                [39m[1m[2m    1.08 kB[22m[1m[22m[2m │ gzip:   0.42 kB[22m
[2mdist/[22m[2massets/[22m[35musePracticeClock-ClTOd3XX.css             [39m[1m[2m    1.09 kB[22m[1m[22m[2m │ gzip:   0.37 kB[22m
[2mdist/[22m[2massets/[22m[35mGridCellLayout-D70wq1lC.css               [39m[1m[2m    1.19 kB[22m[1m[22m[2m │ gzip:   0.50 kB[22m
[2mdist/[22m[2massets/[22m[35mRankEm-Bxuyan4v.css                       [39m[1m[2m    1.33 kB[22m[1m[22m[2m │ gzip:   0.63 kB[22m
[2mdist/[22m[2massets/[22m[35mClueAuction-D9aFrid-.css                  [39m[1m[2m    1.42 kB[22m[1m[22m[2m │ gzip:   0.58 kB[22m
[2mdist/[22m[2massets/[22m[35mSetPieceBoard-BIg86Bhl.css                [39m[1m[2m    1.50 kB[22m[1m[22m[2m │ gzip:   0.61 kB[22m
[2mdist/[22m[2massets/[22m[35mGmTradeBuilder-CsXt162F.css               [39m[1m[2m    1.61 kB[22m[1m[22m[2m │ gzip:   0.48 kB[22m
[2mdist/[22m[2massets/[22m[35mNhlFrontOffice-Ce_3hBzp.css               [39m[1m[2m    2.66 kB[22m[1m[22m[2m │ gzip:   0.99 kB[22m
[2mdist/[22m[2massets/[22m[35mArcadeShotFeedback--eiU5Aah.css           [39m[1m[2m    2.94 kB[22m[1m[22m[2m │ gzip:   0.97 kB[22m
[2mdist/[22m[2massets/[22m[35mPitchSurface-BrcOvsZb.css                 [39m[1m[2m    3.11 kB[22m[1m[22m[2m │ gzip:   0.94 kB[22m
[2mdist/[22m[2massets/[22m[35mFootle-pT74gEft.css                       [39m[1m[2m    3.20 kB[22m[1m[22m[2m │ gzip:   1.02 kB[22m
[2mdist/[22m[2massets/[22m[35mLiveSimScreen-CutcJFZR.css                [39m[1m[2m    3.70 kB[22m[1m[22m[2m │ gzip:   1.15 kB[22m
[2mdist/[22m[2massets/[22m[35mAussieRulesManager-zdcvwuMp.css           [39m[1m[2m    4.10 kB[22m[1m[22m[2m │ gzip:   1.18 kB[22m
[2mdist/[22m[2massets/[22m[35mSportHub-wXzienJm.css                     [39m[1m[2m    9.45 kB[22m[1m[22m[2m │ gzip:   2.42 kB[22m
[2mdist/[22m[2massets/[22m[35musCareerSeasonReview-DmKZ3irp.css         [39m[1m[2m    9.81 kB[22m[1m[22m[2m │ gzip:   2.82 kB[22m
[2mdist/[22m[2massets/[22m[35mindex-BBuOK6mc.css                        [39m[1m[2m  196.87 kB[22m[1m[22m[2m │ gzip:  32.52 kB[22m
[2mdist/[22m[2massets/[22m[36mfirstDraw-DhshXfEx.js                     [39m[1m[2m    0.10 kB[22m[1m[22m[2m │ gzip:   0.10 kB[22m
[2mdist/[22m[2massets/[22m[36mChainLinkMotion.module-CU3oOeKl.js        [39m[1m[2m    0.12 kB[22m[1m[22m[2m │ gzip:   0.11 kB[22m
[2mdist/[22m[2massets/[22m[36mdialogA11y-BCgxbiii.js                    [39m[1m[2m    0.15 kB[22m[1m[22m[2m │ gzip:   0.13 kB[22m
[2mdist/[22m[2massets/[22m[36mformatNumber-CGuttX8h.js                  [39m[1m[2m    0.15 kB[22m[1m[22m[2m │ gzip:   0.15 kB[22m
[2mdist/[22m[2massets/[22m[36mskeleton-BElEvKks.js                      [39m[1m[2m    0.17 kB[22m[1m[22m[2m │ gzip:   0.16 kB[22m
[2mdist/[22m[2massets/[22m[36mownGoalRule-J3XQry1d.js                   [39m[1m[2m    0.18 kB[22m[1m[22m[2m │ gzip:   0.17 kB[22m
[2mdist/[22m[2massets/[22m[36mclubManagerClock-C1EiWjUJ.js              [39m[1m[2m    0.25 kB[22m[1m[22m[2m │ gzip:   0.16 kB[22m
[2mdist/[22m[2massets/[22m[36mkeyedRng-BKZQ2UGv.js                      [39m[1m[2m    0.25 kB[22m[1m[22m[2m │ gzip:   0.21 kB[22m
[2mdist/[22m[2massets/[22m[36mnameFold-Cxobkrgg.js                      [39m[1m[2m    0.26 kB[22m[1m[22m[2m │ gzip:   0.24 kB[22m
[2mdist/[22m[2massets/[22m[36mcareerHeadroom-B6hg86bq.js                [39m[1m[2m    0.26 kB[22m[1m[22m[2m │ gzip:   0.19 kB[22m
[2mdist/[22m[2massets/[22m[36mvalidationReason-Bdi7tqty.js              [39m[1m[2m    0.26 kB[22m[1m[22m[2m │ gzip:   0.18 kB[22m
[2mdist/[22m[2massets/[22m[36mensureAnswerInOptions-ip2BqsWb.js         [39m[1m[2m    0.27 kB[22m[1m[22m[2m │ gzip:   0.15 kB[22m
[2mdist/[22m[2massets/[22m[36mseoMetaPart08-IZEXs0WU.js                 [39m[1m[2m    0.27 kB[22m[1m[22m[2m │ gzip:   0.22 kB[22m
[2mdist/[22m[2massets/[22m[36mnotCurrentPlayers-monyGCOh.js             [39m[1m[2m    0.28 kB[22m[1m[22m[2m │ gzip:   0.24 kB[22m
[2mdist/[22m[2massets/[22m[36mchevron-down-B4IYgStB.js                  [39m[1m[2m    0.29 kB[22m[1m[22m[2m │ gzip:   0.24 kB[22m
[2mdist/[22m[2massets/[22m[36mchevron-up-BdnWZXLY.js                    [39m[1m[2m    0.29 kB[22m[1m[22m[2m │ gzip:   0.24 kB[22m
[2mdist/[22m[2massets/[22m[36msoccerBootIds-BWkyFIXk.js                 [39m[1m[2m    0.29 kB[22m[1m[22m[2m │ gzip:   0.20 kB[22m
[2mdist/[22m[2massets/[22m[36museOwnedTimeouts-CIiHykuj.js              [39m[1m[2m    0.29 kB[22m[1m[22m[2m │ gzip:   0.21 kB[22m
[2mdist/[22m[2massets/[22m[36museScrollToGame-DUuBxKlM.js               [39m[1m[2m    0.30 kB[22m[1m[22m[2m │ gzip:   0.23 kB[22m
[2mdist/[22m[2massets/[22m[36marcadeRecord-Ccbsg8hp.js                  [39m[1m[2m    0.31 kB[22m[1m[22m[2m │ gzip:   0.23 kB[22m
[2mdist/[22m[2massets/[22m[36marrow-down-CMVmUSXB.js                    [39m[1m[2m    0.33 kB[22m[1m[22m[2m │ gzip:   0.26 kB[22m
[2mdist/[22m[2massets/[22m[36marrow-up-ClVoV3YD.js                      [39m[1m[2m    0.33 kB[22m[1m[22m[2m │ gzip:   0.26 kB[22m
[2mdist/[22m[2massets/[22m[36mGridCellLayout.module-BrZZmB8D.js         [39m[1m[2m    0.33 kB[22m[1m[22m[2m │ gzip:   0.23 kB[22m
[2mdist/[22m[2massets/[22m[36marrow-left-CjQzyCQT.js                    [39m[1m[2m    0.33 kB[22m[1m[22m[2m │ gzip:   0.27 kB[22m
[2mdist/[22m[2massets/[22m[36mclock-BxXWmO-P.js                         [39m[1m[2m    0.35 kB[22m[1m[22m[2m │ gzip:   0.27 kB[22m
[2mdist/[22m[2massets/[22m[36mskip-forward-kVX99Qji.js                  [39m[1m[2m    0.36 kB[22m[1m[22m[2m │ gzip:   0.28 kB[22m
[2mdist/[22m[2massets/[22m[36mfast-forward-BXR9K6gQ.js                  [39m[1m[2m    0.37 kB[22m[1m[22m[2m │ gzip:   0.28 kB[22m
[2mdist/[22m[2massets/[22m[36mrotate-ccw-cnvldGab.js                    [39m[1m[2m    0.37 kB[22m[1m[22m[2m │ gzip:   0.29 kB[22m
[2mdist/[22m[2massets/[22m[36mtrending-up-DpCLLts4.js                   [39m[1m[2m    0.37 kB[22m[1m[22m[2m │ gzip:   0.28 kB[22m
[2mdist/[22m[2massets/[22m[36mlock-Bc2eKFLZ.js                          [39m[1m[2m    0.38 kB[22m[1m[22m[2m │ gzip:   0.29 kB[22m
[2mdist/[22m[2massets/[22m[36mtrending-down-D0bAhLgz.js                 [39m[1m[2m    0.38 kB[22m[1m[22m[2m │ gzip:   0.28 kB[22m
[2mdist/[22m[2massets/[22m[36minfinity-YRBdZPbW.js                      [39m[1m[2m    0.38 kB[22m[1m[22m[2m │ gzip:   0.30 kB[22m
[2mdist/[22m[2massets/[22m[36mflag-CogMAtjO.js                          [39m[1m[2m    0.39 kB[22m[1m[22m[2m │ gzip:   0.30 kB[22m
[2mdist/[22m[2massets/[22m[36mbriefcase-Bldtmyx3.js                     [39m[1m[2m    0.39 kB[22m[1m[22m[2m │ gzip:   0.30 kB[22m
[2mdist/[22m[2massets/[22m[36mtarget-hFePfa8q.js                        [39m[1m[2m    0.40 kB[22m[1m[22m[2m │ gzip:   0.27 kB[22m
[2mdist/[22m[2massets/[22m[36mshareGrids-BBcTDnrG.js                    [39m[1m[2m    0.40 kB[22m[1m[22m[2m │ gzip:   0.29 kB[22m
[2mdist/[22m[2massets/[22m[36mcopy-CYzUAO55.js                          [39m[1m[2m    0.41 kB[22m[1m[22m[2m │ gzip:   0.31 kB[22m
[2mdist/[22m[2massets/[22m[36mcircle-help-D2poqekg.js                   [39m[1m[2m    0.41 kB[22m[1m[22m[2m │ gzip:   0.30 kB[22m
[2mdist/[22m[2massets/[22m[36mtimer-z_pr_7QK.js                         [39m[1m[2m    0.41 kB[22m[1m[22m[2m │ gzip:   0.29 kB[22m
[2mdist/[22m[2massets/[22m[36mlink-2-BC53P4I_.js                        [39m[1m[2m    0.41 kB[22m[1m[22m[2m │ gzip:   0.31 kB[22m
[2mdist/[22m[2massets/[22m[36marrow-left-right-CZLkoQB-.js              [39m[1m[2m    0.42 kB[22m[1m[22m[2m │ gzip:   0.30 kB[22m
[2mdist/[22m[2massets/[22m[36mawardDecision-aIUMdt9Z.js                 [39m[1m[2m    0.42 kB[22m[1m[22m[2m │ gzip:   0.22 kB[22m
[2mdist/[22m[2massets/[22m[36meye-DUbxisTQ.js                           [39m[1m[2m    0.43 kB[22m[1m[22m[2m │ gzip:   0.31 kB[22m
[2mdist/[22m[2massets/[22m[36mcalendar-CYEiuJV0.js                      [39m[1m[2m    0.43 kB[22m[1m[22m[2m │ gzip:   0.30 kB[22m
[2mdist/[22m[2massets/[22m[36mzap-CKdM5iFm.js                           [39m[1m[2m    0.43 kB[22m[1m[22m[2m │ gzip:   0.31 kB[22m
[2mdist/[22m[2massets/[22m[36museBodyLock-D6bnRne8.js                   [39m[1m[2m    0.45 kB[22m[1m[22m[2m │ gzip:   0.28 kB[22m
[2mdist/[22m[2massets/[22m[36mlightbulb-CUtD0PLb.js                     [39m[1m[2m    0.46 kB[22m[1m[22m[2m │ gzip:   0.33 kB[22m
[2mdist/[22m[2massets/[22m[36msend-CAgbA3Oy.js                          [39m[1m[2m    0.46 kB[22m[1m[22m[2m │ gzip:   0.33 kB[22m
[2mdist/[22m[2massets/[22m[36musers-NpymkMok.js                         [39m[1m[2m    0.47 kB[22m[1m[22m[2m │ gzip:   0.33 kB[22m
[2mdist/[22m[2massets/[22m[36mshield-half-D65XFERw.js                   [39m[1m[2m    0.48 kB[22m[1m[22m[2m │ gzip:   0.35 kB[22m
[2mdist/[22m[2massets/[22m[36marcade-CUT7KVjC.js                        [39m[1m[2m    0.49 kB[22m[1m[22m[2m │ gzip:   0.32 kB[22m
[2mdist/[22m[2massets/[22m[36mReferenceSources-B2g9VAod.js              [39m[1m[2m    0.49 kB[22m[1m[22m[2m │ gzip:   0.36 kB[22m
[2mdist/[22m[2massets/[22m[36mgraduation-cap-CnTwyZ9R.js                [39m[1m[2m    0.50 kB[22m[1m[22m[2m │ gzip:   0.35 kB[22m
[2mdist/[22m[2massets/[22m[36mseoMetaPart20-D3Jt8qZ_.js                 [39m[1m[2m    0.50 kB[22m[1m[22m[2m │ gzip:   0.34 kB[22m
[2mdist/[22m[2massets/[22m[36mentityIds-L4Nd6Y8C.js                     [39m[1m[2m    0.51 kB[22m[1m[22m[2m │ gzip:   0.34 kB[22m
[2mdist/[22m[2massets/[22m[36mseoMetaPart07-ympky3rW.js                 [39m[1m[2m    0.51 kB[22m[1m[22m[2m │ gzip:   0.35 kB[22m
[2mdist/[22m[2massets/[22m[36mnewspaper-CYAdDEkn.js                     [39m[1m[2m    0.51 kB[22m[1m[22m[2m │ gzip:   0.34 kB[22m
[2mdist/[22m[2massets/[22m[36mseoMetaPart13-Ig-3KGy2.js                 [39m[1m[2m    0.51 kB[22m[1m[22m[2m │ gzip:   0.34 kB[22m
[2mdist/[22m[2massets/[22m[36mseoMetaPart31-BPitkLcI.js                 [39m[1m[2m    0.52 kB[22m[1m[22m[2m │ gzip:   0.35 kB[22m
[2mdist/[22m[2massets/[22m[36mtrash-2-CF5UYt3c.js                       [39m[1m[2m    0.53 kB[22m[1m[22m[2m │ gzip:   0.35 kB[22m
[2mdist/[22m[2massets/[22m[36mcrown-DNyjj_JY.js                         [39m[1m[2m    0.53 kB[22m[1m[22m[2m │ gzip:   0.36 kB[22m
[2mdist/[22m[2massets/[22m[36mshuffle-CUNPIM78.js                       [39m[1m[2m    0.55 kB[22m[1m[22m[2m │ gzip:   0.35 kB[22m
[2mdist/[22m[2massets/[22m[36mpackage-DRgehgmQ.js                       [39m[1m[2m    0.56 kB[22m[1m[22m[2m │ gzip:   0.36 kB[22m
[2mdist/[22m[2massets/[22m[36mdailyRecord-CX9SdYxa.js                   [39m[1m[2m    0.56 kB[22m[1m[22m[2m │ gzip:   0.34 kB[22m
[2mdist/[22m[2massets/[22m[36mclipboard-list-BJ3p8Ct5.js                [39m[1m[2m    0.58 kB[22m[1m[22m[2m │ gzip:   0.36 kB[22m
[2mdist/[22m[2massets/[22m[36mmedal-Czb4OyrN.js                         [39m[1m[2m    0.60 kB[22m[1m[22m[2m │ gzip:   0.39 kB[22m
[2mdist/[22m[2massets/[22m[36mhandshake-owfMyML-.js                     [39m[1m[2m    0.62 kB[22m[1m[22m[2m │ gzip:   0.39 kB[22m
[2mdist/[22m[2massets/[22m[36mstar-DERd-i_U.js                          [39m[1m[2m    0.64 kB[22m[1m[22m[2m │ gzip:   0.40 kB[22m
[2mdist/[22m[2massets/[22m[36mfetchQuizBoard-BnbHKlqT.js                [39m[1m[2m    0.66 kB[22m[1m[22m[2m │ gzip:   0.43 kB[22m
[2mdist/[22m[2massets/[22m[36mresume-iKq-NREI.js                        [39m[1m[2m    0.67 kB[22m[1m[22m[2m │ gzip:   0.42 kB[22m
[2mdist/[22m[2massets/[22m[36mleagueCore--DUG-EXw.js                    [39m[1m[2m    0.67 kB[22m[1m[22m[2m │ gzip:   0.43 kB[22m
[2mdist/[22m[2massets/[22m[36mbadge-klu62Nl_.js                         [39m[1m[2m    0.71 kB[22m[1m[22m[2m │ gzip:   0.37 kB[22m
[2mdist/[22m[2massets/[22m[36mSeasonResumeChip-BCQXXvdq.js              [39m[1m[2m    0.71 kB[22m[1m[22m[2m │ gzip:   0.50 kB[22m
[2mdist/[22m[2massets/[22m[36mswords-BLyrl1A8.js                        [39m[1m[2m    0.72 kB[22m[1m[22m[2m │ gzip:   0.39 kB[22m
[2mdist/[22m[2massets/[22m[36mdumbbell-CLix9cPf.js                      [39m[1m[2m    0.73 kB[22m[1m[22m[2m │ gzip:   0.40 kB[22m
[2mdist/[22m[2massets/[22m[36mseoMetaPart02-BYbZNxRj.js                 [39m[1m[2m    0.74 kB[22m[1m[22m[2m │ gzip:   0.44 kB[22m
[2mdist/[22m[2massets/[22m[36mseoMetaPart10-CPgkU0Ug.js                 [39m[1m[2m    0.75 kB[22m[1m[22m[2m │ gzip:   0.46 kB[22m
[2mdist/[22m[2massets/[22m[36mseoMetaPart16-CmMlK9Np.js                 [39m[1m[2m    0.75 kB[22m[1m[22m[2m │ gzip:   0.45 kB[22m
[2mdist/[22m[2massets/[22m[36mseoMetaPart00-CuVEcdvG.js                 [39m[1m[2m    0.75 kB[22m[1m[22m[2m │ gzip:   0.46 kB[22m
[2mdist/[22m[2massets/[22m[36mseoMetaPart01-DtjgkM8Q.js                 [39m[1m[2m    0.75 kB[22m[1m[22m[2m │ gzip:   0.45 kB[22m
[2mdist/[22m[2massets/[22m[36mseoMetaPart11-oLlb_0nk.js                 [39m[1m[2m    0.75 kB[22m[1m[22m[2m │ gzip:   0.45 kB[22m
[2mdist/[22m[2massets/[22m[36mseoMetaPart03-BOxIFoUd.js                 [39m[1m[2m    0.76 kB[22m[1m[22m[2m │ gzip:   0.47 kB[22m
[2mdist/[22m[2massets/[22m[36mgmDealTable-DYyD4N4_.js                   [39m[1m[2m    0.77 kB[22m[1m[22m[2m │ gzip:   0.44 kB[22m
[2mdist/[22m[2massets/[22m[36mgamepad-2-C8IdKlXG.js                     [39m[1m[2m    0.79 kB[22m[1m[22m[2m │ gzip:   0.49 kB[22m
[2mdist/[22m[2massets/[22m[36museGameCompletion-D9b6KzCe.js             [39m[1m[2m    0.81 kB[22m[1m[22m[2m │ gzip:   0.49 kB[22m
[2mdist/[22m[2massets/[22m[36mRestoredResult-uyE4VImm.js                [39m[1m[2m    0.86 kB[22m[1m[22m[2m │ gzip:   0.43 kB[22m
[2mdist/[22m[2massets/[22m[36mcareerEngine-C0YCb0dd.js                  [39m[1m[2m    0.86 kB[22m[1m[22m[2m │ gzip:   0.47 kB[22m
[2mdist/[22m[2massets/[22m[36mConfetti-D9vACWR9.js                      [39m[1m[2m    0.90 kB[22m[1m[22m[2m │ gzip:   0.61 kB[22m
[2mdist/[22m[2massets/[22m[36mfetchAllRows-CkoDCTo8.js                  [39m[1m[2m    0.92 kB[22m[1m[22m[2m │ gzip:   0.44 kB[22m
[2mdist/[22m[2massets/[22m[36musCareerReveal-BW47Ke0-.js                [39m[1m[2m    0.94 kB[22m[1m[22m[2m │ gzip:   0.58 kB[22m
[2mdist/[22m[2massets/[22m[36mseoMetaPart24-CQTtSrLB.js                 [39m[1m[2m    0.98 kB[22m[1m[22m[2m │ gzip:   0.56 kB[22m
[2mdist/[22m[2massets/[22m[36mcard-BoXknZxR.js                          [39m[1m[2m    0.99 kB[22m[1m[22m[2m │ gzip:   0.37 kB[22m
[2mdist/[22m[2massets/[22m[36mseoMetaPart04-DRX4FtX_.js                 [39m[1m[2m    0.99 kB[22m[1m[22m[2m │ gzip:   0.55 kB[22m
[2mdist/[22m[2massets/[22m[36mseoMetaPart15-9v6Tzod_.js                 [39m[1m[2m    0.99 kB[22m[1m[22m[2m │ gzip:   0.53 kB[22m
[2mdist/[22m[2massets/[22m[36mseoMetaPart18-Beou92RL.js                 [39m[1m[2m    0.99 kB[22m[1m[22m[2m │ gzip:   0.57 kB[22m
[2mdist/[22m[2massets/[22m[36mseoMetaPart23-RMiEDEGg.js                 [39m[1m[2m    1.00 kB[22m[1m[22m[2m │ gzip:   0.55 kB[22m
[2mdist/[22m[2massets/[22m[36mseoMetaPart19-CpToAW9C.js                 [39m[1m[2m    1.00 kB[22m[1m[22m[2m │ gzip:   0.55 kB[22m
[2mdist/[22m[2massets/[22m[36mseoMetaPart25-Cf_pDGZt.js                 [39m[1m[2m    1.00 kB[22m[1m[22m[2m │ gzip:   0.56 kB[22m
[2mdist/[22m[2massets/[22m[36mseoMetaPart21-BhVVnIEN.js                 [39m[1m[2m    1.01 kB[22m[1m[22m[2m │ gzip:   0.54 kB[22m
[2mdist/[22m[2massets/[22m[36mseoMetaPart05-BnXoXrsk.js                 [39m[1m[2m    1.01 kB[22m[1m[22m[2m │ gzip:   0.59 kB[22m
[2mdist/[22m[2massets/[22m[36mseoMetaPart22-S-3F3LJ6.js                 [39m[1m[2m    1.01 kB[22m[1m[22m[2m │ gzip:   0.59 kB[22m
[2mdist/[22m[2massets/[22m[36mGuessFinish-T5U9RnNG.js                   [39m[1m[2m    1.13 kB[22m[1m[22m[2m │ gzip:   0.60 kB[22m
[2mdist/[22m[2massets/[22m[36mfetchCareerPlayers-Cyh2YbEP.js            [39m[1m[2m    1.16 kB[22m[1m[22m[2m │ gzip:   0.57 kB[22m
[2mdist/[22m[2massets/[22m[36mchemistry-DIs7dgmv.js                     [39m[1m[2m    1.19 kB[22m[1m[22m[2m │ gzip:   0.58 kB[22m
[2mdist/[22m[2massets/[22m[36mGiveUpButton-C5i2nMDj.js                  [39m[1m[2m    1.19 kB[22m[1m[22m[2m │ gzip:   0.54 kB[22m
[2mdist/[22m[2massets/[22m[36mseoMetaPart06-N4xfX3Sj.js                 [39m[1m[2m    1.20 kB[22m[1m[22m[2m │ gzip:   0.58 kB[22m
[2mdist/[22m[2massets/[22m[36mseoMetaPart14-Ca8w5qDt.js                 [39m[1m[2m    1.21 kB[22m[1m[22m[2m │ gzip:   0.61 kB[22m
[2mdist/[22m[2massets/[22m[36mseoMetaPart12-BJfl671y.js                 [39m[1m[2m    1.21 kB[22m[1m[22m[2m │ gzip:   0.67 kB[22m
[2mdist/[22m[2massets/[22m[36mseoMetaPart27-CP2Svxjt.js                 [39m[1m[2m    1.22 kB[22m[1m[22m[2m │ gzip:   0.65 kB[22m
[2mdist/[22m[2massets/[22m[36mseoMetaPart28-g2Jhz3O3.js                 [39m[1m[2m    1.22 kB[22m[1m[22m[2m │ gzip:   0.67 kB[22m
[2mdist/[22m[2massets/[22m[36mClubManagerTreatmentPanel-DBQzD7nv.js     [39m[1m[2m    1.23 kB[22m[1m[22m[2m │ gzip:   0.73 kB[22m
[2mdist/[22m[2massets/[22m[36mGameShell-CtxUzSXf.js                     [39m[1m[2m    1.30 kB[22m[1m[22m[2m │ gzip:   0.69 kB[22m
[2mdist/[22m[2massets/[22m[36mGridBoardSkeleton-DksUL2ci.js             [39m[1m[2m    1.32 kB[22m[1m[22m[2m │ gzip:   0.61 kB[22m
[2mdist/[22m[2massets/[22m[36mconfederationGroups-B32gL-Nc.js           [39m[1m[2m    1.34 kB[22m[1m[22m[2m │ gzip:   0.70 kB[22m
[2mdist/[22m[2massets/[22m[36mHowToPlayPopover-C3B3V3M2.js              [39m[1m[2m    1.37 kB[22m[1m[22m[2m │ gzip:   0.77 kB[22m
[2mdist/[22m[2massets/[22m[36mHubTiles-CsDjcsmS.js                      [39m[1m[2m    1.39 kB[22m[1m[22m[2m │ gzip:   0.60 kB[22m
[2mdist/[22m[2massets/[22m[36mpositionFit-BbUnYZIs.js                   [39m[1m[2m    1.42 kB[22m[1m[22m[2m │ gzip:   0.67 kB[22m
[2mdist/[22m[2massets/[22m[36mRulesGate-BERgwHc5.js                     [39m[1m[2m    1.42 kB[22m[1m[22m[2m │ gzip:   0.81 kB[22m
[2mdist/[22m[2massets/[22m[36mseoMetaPart29-DFpfKJo-.js                 [39m[1m[2m    1.47 kB[22m[1m[22m[2m │ gzip:   0.73 kB[22m
[2mdist/[22m[2massets/[22m[36museArcadeFlight-CIvl2C-D.js               [39m[1m[2m    1.51 kB[22m[1m[22m[2m │ gzip:   0.66 kB[22m
[2mdist/[22m[2massets/[22m[36mCelebration-BGVNz0F-.js                   [39m[1m[2m    1.53 kB[22m[1m[22m[2m │ gzip:   0.82 kB[22m
[2mdist/[22m[2massets/[22m[36mfoSchedule-BzpgxJRf.js                    [39m[1m[2m    1.57 kB[22m[1m[22m[2m │ gzip:   0.89 kB[22m
[2mdist/[22m[2massets/[22m[36msmartSearch-DxQivxxe.js                   [39m[1m[2m    1.58 kB[22m[1m[22m[2m │ gzip:   0.71 kB[22m
[2mdist/[22m[2massets/[22m[36mCareerFx-BiQHe3pq.js                      [39m[1m[2m    1.58 kB[22m[1m[22m[2m │ gzip:   0.92 kB[22m
[2mdist/[22m[2massets/[22m[36mdeskCue-CQ7JZs_R.js                       [39m[1m[2m    1.62 kB[22m[1m[22m[2m │ gzip:   0.91 kB[22m
[2mdist/[22m[2massets/[22m[36msilverwareSort-BD35nZGc.js                [39m[1m[2m    1.63 kB[22m[1m[22m[2m │ gzip:   0.83 kB[22m
[2mdist/[22m[2massets/[22m[36mGameHelp-O5voIteD.js                      [39m[1m[2m    1.65 kB[22m[1m[22m[2m │ gzip:   0.79 kB[22m
[2mdist/[22m[2massets/[22m[36musePracticeClock-CPrjeL7X.js              [39m[1m[2m    1.66 kB[22m[1m[22m[2m │ gzip:   0.83 kB[22m
[2mdist/[22m[2massets/[22m[36mseoMetaPart26-BXx6PSW7.js                 [39m[1m[2m    1.71 kB[22m[1m[22m[2m │ gzip:   0.90 kB[22m
[2mdist/[22m[2massets/[22m[36mTeamTalkRow-DtDOIaMf.js                   [39m[1m[2m    1.73 kB[22m[1m[22m[2m │ gzip:   0.93 kB[22m
[2mdist/[22m[2massets/[22m[36mmlbGrid-cP38ujfk.js                       [39m[1m[2m    1.83 kB[22m[1m[22m[2m │ gzip:   0.75 kB[22m
[2mdist/[22m[2massets/[22m[36mWonderkidFactory-B-HiEhYm.js              [39m[1m[2m    1.85 kB[22m[1m[22m[2m │ gzip:   0.94 kB[22m
[2mdist/[22m[2massets/[22m[36mclubManagerMeters-BUaDjKFD.js             [39m[1m[2m    1.87 kB[22m[1m[22m[2m │ gzip:   1.00 kB[22m
[2mdist/[22m[2massets/[22m[36mhockeyGrid-Dj8sKPjA.js                    [39m[1m[2m    1.92 kB[22m[1m[22m[2m │ gzip:   0.80 kB[22m
[2mdist/[22m[2massets/[22m[36museRevealScroll-CtF9bo7R.js               [39m[1m[2m    1.94 kB[22m[1m[22m[2m │ gzip:   0.80 kB[22m
[2mdist/[22m[2massets/[22m[36mseoMetaPart30-C2bf-ABQ.js                 [39m[1m[2m    1.94 kB[22m[1m[22m[2m │ gzip:   0.96 kB[22m
[2mdist/[22m[2massets/[22m[36mfreeKick-BSoL5hQo.js                      [39m[1m[2m    1.94 kB[22m[1m[22m[2m │ gzip:   1.10 kB[22m
[2mdist/[22m[2massets/[22m[36mseoMetaPart17-DdtdxoPB.js                 [39m[1m[2m    1.94 kB[22m[1m[22m[2m │ gzip:   0.96 kB[22m
[2mdist/[22m[2massets/[22m[36mcareerHallSpeech-D8aXsOEv.js              [39m[1m[2m    1.94 kB[22m[1m[22m[2m │ gzip:   1.03 kB[22m
[2mdist/[22m[2massets/[22m[36mArcadeShotFeedback-mVeCBswD.js            [39m[1m[2m    1.96 kB[22m[1m[22m[2m │ gzip:   0.93 kB[22m
[2mdist/[22m[2massets/[22m[36mMetersStrip-Br4a2maS.js                   [39m[1m[2m    2.00 kB[22m[1m[22m[2m │ gzip:   1.03 kB[22m
[2mdist/[22m[2massets/[22m[36msoccerBoots-BK_dXNrV.js                   [39m[1m[2m    2.02 kB[22m[1m[22m[2m │ gzip:   0.99 kB[22m
[2mdist/[22m[2massets/[22m[36mAdBanner-ivaCjMc_.js                      [39m[1m[2m    2.04 kB[22m[1m[22m[2m │ gzip:   1.08 kB[22m
[2mdist/[22m[2massets/[22m[36mConnect4Finish-CNuSy4VB.js                [39m[1m[2m    2.06 kB[22m[1m[22m[2m │ gzip:   0.91 kB[22m
[2mdist/[22m[2massets/[22m[36mCelebrationStyles-BqUouMue.js             [39m[1m[2m    2.13 kB[22m[1m[22m[2m │ gzip:   0.73 kB[22m
[2mdist/[22m[2massets/[22m[36mAcademyProspects-B8e7sasw.js              [39m[1m[2m    2.15 kB[22m[1m[22m[2m │ gzip:   1.00 kB[22m
[2mdist/[22m[2massets/[22m[36mseoMetaPart09-DnyHg2Rd.js                 [39m[1m[2m    2.17 kB[22m[1m[22m[2m │ gzip:   1.05 kB[22m
[2mdist/[22m[2massets/[22m[36mPerfectLineupNba-Dncm54Z5.js              [39m[1m[2m    2.24 kB[22m[1m[22m[2m │ gzip:   1.10 kB[22m
[2mdist/[22m[2massets/[22m[36mResultScreen-FYraBZGR.js                  [39m[1m[2m    2.28 kB[22m[1m[22m[2m │ gzip:   1.15 kB[22m
[2mdist/[22m[2massets/[22m[36mfrontOfficeSave-DokBHTSA.js               [39m[1m[2m    2.37 kB[22m[1m[22m[2m │ gzip:   1.07 kB[22m
[2mdist/[22m[2massets/[22m[36mDailyLegendOverlay-CY4dR674.js            [39m[1m[2m    2.39 kB[22m[1m[22m[2m │ gzip:   1.22 kB[22m
[2mdist/[22m[2massets/[22m[36mPostGameStats-CPyl_yYQ.js                 [39m[1m[2m    2.52 kB[22m[1m[22m[2m │ gzip:   1.18 kB[22m
[2mdist/[22m[2massets/[22m[36mClubManagerBoardPanel-CmvMkP0Y.js         [39m[1m[2m    2.56 kB[22m[1m[22m[2m │ gzip:   1.05 kB[22m
[2mdist/[22m[2massets/[22m[36mcareerAwardsNight-BDQnO6dK.js             [39m[1m[2m    2.57 kB[22m[1m[22m[2m │ gzip:   1.27 kB[22m
[2mdist/[22m[2massets/[22m[36mAdminLogin-BVPgahg-.js                    [39m[1m[2m    2.59 kB[22m[1m[22m[2m │ gzip:   1.23 kB[22m
[2mdist/[22m[2massets/[22m[36mReportQuestion-BdaHDU51.js                [39m[1m[2m    2.92 kB[22m[1m[22m[2m │ gzip:   1.33 kB[22m
[2mdist/[22m[2massets/[22m[36mconquestDataMlb-B4MKOeDm.js               [39m[1m[2m    2.93 kB[22m[1m[22m[2m │ gzip:   1.22 kB[22m
[2mdist/[22m[2massets/[22m[36mLeagueTableCard-Bzmy9U9j.js               [39m[1m[2m    3.02 kB[22m[1m[22m[2m │ gzip:   1.08 kB[22m
[2mdist/[22m[2massets/[22m[36msquadShape-DzJQ1wtR.js                    [39m[1m[2m    3.03 kB[22m[1m[22m[2m │ gzip:   1.07 kB[22m
[2mdist/[22m[2massets/[22m[36msearchDiscard-CmWQgpHX.js                 [39m[1m[2m    3.05 kB[22m[1m[22m[2m │ gzip:   1.58 kB[22m
[2mdist/[22m[2massets/[22m[36mnbaCareerTraining-oK_0LeMe.js             [39m[1m[2m    3.05 kB[22m[1m[22m[2m │ gzip:   1.61 kB[22m
[2mdist/[22m[2massets/[22m[36mdailySaveShapes-CmYZfx9m.js               [39m[1m[2m    3.05 kB[22m[1m[22m[2m │ gzip:   1.46 kB[22m
[2mdist/[22m[2massets/[22m[36mconquestDataNhl-BBvewyKz.js               [39m[1m[2m    3.06 kB[22m[1m[22m[2m │ gzip:   1.26 kB[22m
[2mdist/[22m[2massets/[22m[36mtennisHLPlayers-DIbH8knL.js               [39m[1m[2m    3.07 kB[22m[1m[22m[2m │ gzip:   0.88 kB[22m
[2mdist/[22m[2massets/[22m[36mconquestMapGeometry-DMIJk1yA.js           [39m[1m[2m    3.10 kB[22m[1m[22m[2m │ gzip:   1.42 kB[22m
[2mdist/[22m[2massets/[22m[36mlocalLineupEval-D2I-qVi5.js               [39m[1m[2m    3.11 kB[22m[1m[22m[2m │ gzip:   1.50 kB[22m
[2mdist/[22m[2massets/[22m[36museDailyPuzzle-C3U82j0E.js                [39m[1m[2m    3.13 kB[22m[1m[22m[2m │ gzip:   1.37 kB[22m
[2mdist/[22m[2massets/[22m[36mFarewellCard-BHJ3fpgL.js                  [39m[1m[2m    3.15 kB[22m[1m[22m[2m │ gzip:   1.48 kB[22m
[2mdist/[22m[2massets/[22m[36mtabs-V56Q9J0P.js                          [39m[1m[2m    3.19 kB[22m[1m[22m[2m │ gzip:   1.35 kB[22m
[2mdist/[22m[2massets/[22m[36mNbaGauntletDraft-CcW60vnt.js              [39m[1m[2m    3.23 kB[22m[1m[22m[2m │ gzip:   1.57 kB[22m
[2mdist/[22m[2massets/[22m[36mGridBoard-DOvV54Ph.js                     [39m[1m[2m    3.25 kB[22m[1m[22m[2m │ gzip:   1.23 kB[22m
[2mdist/[22m[2massets/[22m[36mdealPlayers-Dgc3sKPL.js                   [39m[1m[2m    3.27 kB[22m[1m[22m[2m │ gzip:   1.88 kB[22m
[2mdist/[22m[2massets/[22m[36mContact-ExhNPbmY.js                       [39m[1m[2m    3.37 kB[22m[1m[22m[2m │ gzip:   1.35 kB[22m
[2mdist/[22m[2massets/[22m[36mAcademyLegacyPanel-CKq_Arsi.js            [39m[1m[2m    3.43 kB[22m[1m[22m[2m │ gzip:   1.42 kB[22m
[2mdist/[22m[2massets/[22m[36mmlbCareerTraining-ClkZjqEr.js             [39m[1m[2m    3.53 kB[22m[1m[22m[2m │ gzip:   1.83 kB[22m
[2mdist/[22m[2massets/[22m[36mUclGroupsCard-eFu48KL5.js                 [39m[1m[2m    3.54 kB[22m[1m[22m[2m │ gzip:   1.64 kB[22m
[2mdist/[22m[2massets/[22m[36mNflGauntletDraft-Ds-pOrRR.js              [39m[1m[2m    3.59 kB[22m[1m[22m[2m │ gzip:   1.71 kB[22m
[2mdist/[22m[2massets/[22m[36mnflCareerTraining-S-H6R9EJ.js             [39m[1m[2m    3.61 kB[22m[1m[22m[2m │ gzip:   1.82 kB[22m
[2mdist/[22m[2massets/[22m[36mVictoryMoment-CdsNyjgQ.js                 [39m[1m[2m    3.67 kB[22m[1m[22m[2m │ gzip:   1.30 kB[22m
[2mdist/[22m[2massets/[22m[36mnhlCareerTraining-DyHquwto.js             [39m[1m[2m    3.69 kB[22m[1m[22m[2m │ gzip:   1.91 kB[22m
[2mdist/[22m[2massets/[22m[36mGameNav-oUIcv0di.js                       [39m[1m[2m    3.70 kB[22m[1m[22m[2m │ gzip:   1.72 kB[22m
[2mdist/[22m[2massets/[22m[36mResultMoment-OLPHPYku.js                  [39m[1m[2m    3.75 kB[22m[1m[22m[2m │ gzip:   1.42 kB[22m
[2mdist/[22m[2massets/[22m[36mdartDraft-Ba075Ktm.js                     [39m[1m[2m    3.79 kB[22m[1m[22m[2m │ gzip:   1.90 kB[22m
[2mdist/[22m[2massets/[22m[36mManagerSlotsScreen-DK3rWOBc.js            [39m[1m[2m    3.81 kB[22m[1m[22m[2m │ gzip:   1.27 kB[22m
[2mdist/[22m[2massets/[22m[36mgauntletEngine-yxG46MEZ.js                [39m[1m[2m    3.87 kB[22m[1m[22m[2m │ gzip:   1.72 kB[22m
[2mdist/[22m[2massets/[22m[36mResetPassword-TWS5Q3f5.js                 [39m[1m[2m    3.91 kB[22m[1m[22m[2m │ gzip:   1.76 kB[22m
[2mdist/[22m[2massets/[22m[36mNhlGauntletDraft-6MHnIzA-.js              [39m[1m[2m    3.93 kB[22m[1m[22m[2m │ gzip:   1.78 kB[22m
[2mdist/[22m[2massets/[22m[36mDraftNightCard-DpAcF52g.js                [39m[1m[2m    3.94 kB[22m[1m[22m[2m │ gzip:   1.66 kB[22m
[2mdist/[22m[2massets/[22m[36mConquestMlb-C0RLtgsC.js                   [39m[1m[2m    3.95 kB[22m[1m[22m[2m │ gzip:   1.87 kB[22m
[2mdist/[22m[2massets/[22m[36mConquestNhl-DOxGa8Gt.js                   [39m[1m[2m    3.99 kB[22m[1m[22m[2m │ gzip:   1.90 kB[22m
[2mdist/[22m[2massets/[22m[36mStartOptionsScreen-DrsngVxD.js            [39m[1m[2m    4.06 kB[22m[1m[22m[2m │ gzip:   1.55 kB[22m
[2mdist/[22m[2massets/[22m[36mMiniPitch-By86MW7z.js                     [39m[1m[2m    4.08 kB[22m[1m[22m[2m │ gzip:   2.06 kB[22m
[2mdist/[22m[2massets/[22m[36musCareerFreeAgency-_7gDtE9W.js            [39m[1m[2m    4.10 kB[22m[1m[22m[2m │ gzip:   1.91 kB[22m
[2mdist/[22m[2massets/[22m[36mFacilitiesScreen-BXj7Cegh.js              [39m[1m[2m    4.12 kB[22m[1m[22m[2m │ gzip:   1.89 kB[22m
[2mdist/[22m[2massets/[22m[36mgridEngine-ajMDcjtB.js                    [39m[1m[2m    4.13 kB[22m[1m[22m[2m │ gzip:   1.90 kB[22m
[2mdist/[22m[2massets/[22m[36mPacksPanel-TCn6bab1.js                    [39m[1m[2m    4.36 kB[22m[1m[22m[2m │ gzip:   1.70 kB[22m
[2mdist/[22m[2massets/[22m[36mmlbHLPlayers-DHB7Z7Uh.js                  [39m[1m[2m    4.45 kB[22m[1m[22m[2m │ gzip:   1.12 kB[22m
[2mdist/[22m[2massets/[22m[36mperfectSeason-GTBOC2DE.js                 [39m[1m[2m    4.61 kB[22m[1m[22m[2m │ gzip:   2.11 kB[22m
[2mdist/[22m[2massets/[22m[36mPressScreen-Cv_IcJmz.js                   [39m[1m[2m    4.63 kB[22m[1m[22m[2m │ gzip:   1.93 kB[22m
[2mdist/[22m[2massets/[22m[36mXpScreen-B7trdoRG.js                      [39m[1m[2m    4.63 kB[22m[1m[22m[2m │ gzip:   2.05 kB[22m
[2mdist/[22m[2massets/[22m[36mRecords-EYIw3et6.js                       [39m[1m[2m    4.76 kB[22m[1m[22m[2m │ gzip:   1.79 kB[22m
[2mdist/[22m[2massets/[22m[36mthroughBallDrill-B9fNBoXH.js              [39m[1m[2m    4.78 kB[22m[1m[22m[2m │ gzip:   2.31 kB[22m
[2mdist/[22m[2massets/[22m[36mUclBracketCard-oPjj31wl.js                [39m[1m[2m    4.85 kB[22m[1m[22m[2m │ gzip:   2.00 kB[22m
[2mdist/[22m[2massets/[22m[36mchampOrNot-D8vynjLL.js                    [39m[1m[2m    4.98 kB[22m[1m[22m[2m │ gzip:   1.77 kB[22m
[2mdist/[22m[2massets/[22m[36mShootoutKicks-BLpIY0f5.js                 [39m[1m[2m    5.09 kB[22m[1m[22m[2m │ gzip:   2.16 kB[22m
[2mdist/[22m[2massets/[22m[36maflGoalKickers-BGnz1-kA.js                [39m[1m[2m    5.10 kB[22m[1m[22m[2m │ gzip:   1.41 kB[22m
[2mdist/[22m[2massets/[22m[36mf1HLDrivers-81Ps6THm.js                   [39m[1m[2m    5.13 kB[22m[1m[22m[2m │ gzip:   1.31 kB[22m
[2mdist/[22m[2massets/[22m[36mAccessibility-CKVbI3Ag.js                 [39m[1m[2m    5.17 kB[22m[1m[22m[2m │ gzip:   2.11 kB[22m
[2mdist/[22m[2massets/[22m[36mnbaPerfectLineupPool-CcCQ221O.js          [39m[1m[2m    5.24 kB[22m[1m[22m[2m │ gzip:   1.59 kB[22m
[2mdist/[22m[2massets/[22m[36msoundKit-DJQySX6F.js                      [39m[1m[2m    5.32 kB[22m[1m[22m[2m │ gzip:   2.43 kB[22m
[2mdist/[22m[2massets/[22m[36mguideShape-_em_VQFg.js                    [39m[1m[2m    5.40 kB[22m[1m[22m[2m │ gzip:   1.69 kB[22m
[2mdist/[22m[2massets/[22m[36mwc2026Results-bxFApXs8.js                 [39m[1m[2m    5.44 kB[22m[1m[22m[2m │ gzip:   1.24 kB[22m
[2mdist/[22m[2massets/[22m[36mHallOfFameCard-DW-mtDQv.js                [39m[1m[2m    5.45 kB[22m[1m[22m[2m │ gzip:   2.25 kB[22m
[2mdist/[22m[2massets/[22m[36mbadges-CuN5O1dC.js                        [39m[1m[2m    5.77 kB[22m[1m[22m[2m │ gzip:   2.29 kB[22m
[2mdist/[22m[2massets/[22m[36mFlagImg-VGxC-MAV.js                       [39m[1m[2m    5.84 kB[22m[1m[22m[2m │ gzip:   2.98 kB[22m
[2mdist/[22m[2massets/[22m[36mmanagerOffers-Mi85K8qd.js                 [39m[1m[2m    5.87 kB[22m[1m[22m[2m │ gzip:   2.70 kB[22m
[2mdist/[22m[2massets/[22m[36mcareerRivalryChoices-DJhNkM0e.js          [39m[1m[2m    5.98 kB[22m[1m[22m[2m │ gzip:   2.43 kB[22m
[2mdist/[22m[2massets/[22m[36mWorldEditorScreen-XEExFm_S.js             [39m[1m[2m    6.00 kB[22m[1m[22m[2m │ gzip:   2.36 kB[22m
[2mdist/[22m[2massets/[22m[36mcfbHLPlayers-TgDMTX1-.js                  [39m[1m[2m    6.03 kB[22m[1m[22m[2m │ gzip:   1.62 kB[22m
[2mdist/[22m[2massets/[22m[36msoccerCareerAppearance-BF4Z2JDW.js        [39m[1m[2m    6.14 kB[22m[1m[22m[2m │ gzip:   2.56 kB[22m
[2mdist/[22m[2massets/[22m[36mUsSeasonCentre-CzMQQYb-.js                [39m[1m[2m    6.29 kB[22m[1m[22m[2m │ gzip:   2.92 kB[22m
[2mdist/[22m[2massets/[22m[36mHigherLowerTransfers-DjeOyceR.js          [39m[1m[2m    6.31 kB[22m[1m[22m[2m │ gzip:   2.83 kB[22m
[2mdist/[22m[2massets/[22m[36mWorldTablesCard-B2oA3iYd.js               [39m[1m[2m    6.32 kB[22m[1m[22m[2m │ gzip:   2.54 kB[22m
[2mdist/[22m[2massets/[22m[36mPerfectLineupF1-n4gYZyVB.js               [39m[1m[2m    6.34 kB[22m[1m[22m[2m │ gzip:   2.21 kB[22m
[2mdist/[22m[2massets/[22m[36mHalftimeScreen-CPmXpvAx.js                [39m[1m[2m    6.39 kB[22m[1m[22m[2m │ gzip:   2.27 kB[22m
[2mdist/[22m[2massets/[22m[36mgolfLegends-wbmLaE0U.js                   [39m[1m[2m    6.42 kB[22m[1m[22m[2m │ gzip:   1.43 kB[22m
[2mdist/[22m[2massets/[22m[36mFirstTeamPanel-DbQf3A-N.js                [39m[1m[2m    6.43 kB[22m[1m[22m[2m │ gzip:   2.33 kB[22m
[2mdist/[22m[2massets/[22m[36mCupBracketCard-D4_WJ_3q.js                [39m[1m[2m    6.59 kB[22m[1m[22m[2m │ gzip:   2.84 kB[22m
[2mdist/[22m[2massets/[22m[36mPlayerAutocomplete-BAB1fQt8.js            [39m[1m[2m    6.63 kB[22m[1m[22m[2m │ gzip:   2.85 kB[22m
[2mdist/[22m[2massets/[22m[36mhockeyHLPlayers-BftZ_j6A.js               [39m[1m[2m    6.65 kB[22m[1m[22m[2m │ gzip:   1.44 kB[22m
[2mdist/[22m[2massets/[22m[36mAbout-BS-W2TQk.js                         [39m[1m[2m    6.74 kB[22m[1m[22m[2m │ gzip:   2.55 kB[22m
[2mdist/[22m[2massets/[22m[36mwhoAmI-TVD3723C.js                        [39m[1m[2m    6.83 kB[22m[1m[22m[2m │ gzip:   2.84 kB[22m
[2mdist/[22m[2massets/[22m[36mGameSeoContent-CkWNs6Hf.js                [39m[1m[2m    6.83 kB[22m[1m[22m[2m │ gzip:   2.29 kB[22m
[2mdist/[22m[2massets/[22m[36mHomelandSelect-CE36etdQ.js                [39m[1m[2m    6.84 kB[22m[1m[22m[2m │ gzip:   2.64 kB[22m
[2mdist/[22m[2massets/[22m[36mBootRoom-C9ZRy9gz.js                      [39m[1m[2m    6.84 kB[22m[1m[22m[2m │ gzip:   2.57 kB[22m
[2mdist/[22m[2massets/[22m[36mPerfectLineupNhl-Bem3ehx5.js              [39m[1m[2m    6.89 kB[22m[1m[22m[2m │ gzip:   2.44 kB[22m
[2mdist/[22m[2massets/[22m[36mManagerForm-C2OKel5j.js                   [39m[1m[2m    7.00 kB[22m[1m[22m[2m │ gzip:   2.40 kB[22m
[2mdist/[22m[2massets/[22m[36mMatchCentre-BIfc3JT8.js                   [39m[1m[2m    7.06 kB[22m[1m[22m[2m │ gzip:   2.28 kB[22m
[2mdist/[22m[2massets/[22m[36mGauntletBoard-WQzWsTZL.js                 [39m[1m[2m    7.12 kB[22m[1m[22m[2m │ gzip:   2.69 kB[22m
[2mdist/[22m[2massets/[22m[36mClubDetailScreen-CMtGGbdb.js              [39m[1m[2m    7.21 kB[22m[1m[22m[2m │ gzip:   2.39 kB[22m
[2mdist/[22m[2massets/[22m[36mplayerSearch-D72sLZwt.js                  [39m[1m[2m    7.40 kB[22m[1m[22m[2m │ gzip:   2.85 kB[22m
[2mdist/[22m[2massets/[22m[36mnba-DcmcQEZT.js                           [39m[1m[2m    7.55 kB[22m[1m[22m[2m │ gzip:   3.66 kB[22m
[2mdist/[22m[2massets/[22m[36mSearch-BYFQKI4C.js                        [39m[1m[2m    7.87 kB[22m[1m[22m[2m │ gzip:   2.93 kB[22m
[2mdist/[22m[2massets/[22m[36mnbaHLPlayers-KSI796bW.js                  [39m[1m[2m    8.05 kB[22m[1m[22m[2m │ gzip:   2.21 kB[22m
[2mdist/[22m[2massets/[22m[36mGuessTheGolfer-BCpwRKbu.js                [39m[1m[2m    8.08 kB[22m[1m[22m[2m │ gzip:   3.44 kB[22m
[2mdist/[22m[2massets/[22m[36mus-PQcKEZu0.js                            [39m[1m[2m    8.09 kB[22m[1m[22m[2m │ gzip:   3.77 kB[22m
[2mdist/[22m[2massets/[22m[36mSeasonRatings-RjupWiPS.js                 [39m[1m[2m    8.10 kB[22m[1m[22m[2m │ gzip:   3.05 kB[22m
[2mdist/[22m[2massets/[22m[36mPitchSurface-D6zbjbUA.js                  [39m[1m[2m    8.20 kB[22m[1m[22m[2m │ gzip:   3.56 kB[22m
[2mdist/[22m[2massets/[22m[36maussieRulesManagement-4TlVLY3z.js         [39m[1m[2m    8.56 kB[22m[1m[22m[2m │ gzip:   3.64 kB[22m
[2mdist/[22m[2massets/[22m[36mRecordPage-B2TCqTo6.js                    [39m[1m[2m    8.60 kB[22m[1m[22m[2m │ gzip:   2.52 kB[22m
[2mdist/[22m[2massets/[22m[36mInboxCard-RPBZTlJM.js                     [39m[1m[2m    8.60 kB[22m[1m[22m[2m │ gzip:   2.97 kB[22m
[2mdist/[22m[2massets/[22m[36mTrophyCabinet-CEz1CMuV.js                 [39m[1m[2m    8.63 kB[22m[1m[22m[2m │ gzip:   3.41 kB[22m
[2mdist/[22m[2massets/[22m[36macademyManagement-DZZqTLIl.js             [39m[1m[2m    8.66 kB[22m[1m[22m[2m │ gzip:   3.51 kB[22m
[2mdist/[22m[2massets/[22m[36mRolesScreen-D6Noiv94.js                   [39m[1m[2m    8.80 kB[22m[1m[22m[2m │ gzip:   2.92 kB[22m
[2mdist/[22m[2massets/[22m[36mMlbHigherLower-BlBbMdLj.js                [39m[1m[2m    8.80 kB[22m[1m[22m[2m │ gzip:   3.72 kB[22m
[2mdist/[22m[2massets/[22m[36mHomeArt-BDtT3gW8.js                       [39m[1m[2m    8.86 kB[22m[1m[22m[2m │ gzip:   2.65 kB[22m
[2mdist/[22m[2massets/[22m[36mF1HigherLower-BkSIAV52.js                 [39m[1m[2m    8.86 kB[22m[1m[22m[2m │ gzip:   3.71 kB[22m
[2mdist/[22m[2massets/[22m[36mTennisHigherLower-DO4qDAsY.js             [39m[1m[2m    8.88 kB[22m[1m[22m[2m │ gzip:   3.74 kB[22m
[2mdist/[22m[2massets/[22m[36mAflHigherLower-DH4oJA6T.js                [39m[1m[2m    8.89 kB[22m[1m[22m[2m │ gzip:   3.77 kB[22m
[2mdist/[22m[2massets/[22m[36mCfbHigherLower-xUq5GyYc.js                [39m[1m[2m    8.91 kB[22m[1m[22m[2m │ gzip:   3.73 kB[22m
[2mdist/[22m[2massets/[22m[36mNbaHigherLower-BEJ4RO9L.js                [39m[1m[2m    8.92 kB[22m[1m[22m[2m │ gzip:   3.71 kB[22m
[2mdist/[22m[2massets/[22m[36mGolfHigherLower-DlrTthoa.js               [39m[1m[2m    8.95 kB[22m[1m[22m[2m │ gzip:   3.80 kB[22m
[2mdist/[22m[2massets/[22m[36mgmStaff-CQgWbtVe.js                       [39m[1m[2m    9.22 kB[22m[1m[22m[2m │ gzip:   3.90 kB[22m
[2mdist/[22m[2massets/[22m[36mNflHigherLower-aQXBq5MX.js                [39m[1m[2m    9.23 kB[22m[1m[22m[2m │ gzip:   3.83 kB[22m
[2mdist/[22m[2massets/[22m[36mTrainingScreen-IK9Gj_mb.js                [39m[1m[2m    9.23 kB[22m[1m[22m[2m │ gzip:   3.11 kB[22m
[2mdist/[22m[2massets/[22m[36mHomeAbout-D6Elq5_b.js                     [39m[1m[2m    9.39 kB[22m[1m[22m[2m │ gzip:   3.72 kB[22m
[2mdist/[22m[2massets/[22m[36mPollOfTheDay-lqKTSD5j.js                  [39m[1m[2m    9.56 kB[22m[1m[22m[2m │ gzip:   4.18 kB[22m
[2mdist/[22m[2massets/[22m[36mWorldCup2026Results-BGaMkUzV.js           [39m[1m[2m    9.57 kB[22m[1m[22m[2m │ gzip:   3.17 kB[22m
[2mdist/[22m[2massets/[22m[36mStaffScreen-iOgd9fH0.js                   [39m[1m[2m    9.77 kB[22m[1m[22m[2m │ gzip:   3.52 kB[22m
[2mdist/[22m[2massets/[22m[36mTermsOfService-DRIK-HHl.js                [39m[1m[2m    9.99 kB[22m[1m[22m[2m │ gzip:   3.46 kB[22m
[2mdist/[22m[2massets/[22m[36mPackBattle-3oqyxBGQ.js                    [39m[1m[2m   10.31 kB[22m[1m[22m[2m │ gzip:   4.18 kB[22m
[2mdist/[22m[2massets/[22m[36mGameNavbar-6Gqul_Kf.js                    [39m[1m[2m   10.36 kB[22m[1m[22m[2m │ gzip:   3.80 kB[22m
[2mdist/[22m[2massets/[22m[36mHockeyGrid-C4h4PEQy.js                    [39m[1m[2m   11.01 kB[22m[1m[22m[2m │ gzip:   4.15 kB[22m
[2mdist/[22m[2massets/[22m[36mAdminReports-CP2Ac_sp.js                  [39m[1m[2m   11.01 kB[22m[1m[22m[2m │ gzip:   3.94 kB[22m
[2mdist/[22m[2massets/[22m[36mClubManagerSeasonSummary-D7LH7pF5.js      [39m[1m[2m   11.03 kB[22m[1m[22m[2m │ gzip:   3.59 kB[22m
[2mdist/[22m[2massets/[22m[36mGauntletDraft-65HIRMFy.js                 [39m[1m[2m   11.07 kB[22m[1m[22m[2m │ gzip:   4.24 kB[22m
[2mdist/[22m[2massets/[22m[36mCustomClubForm-zHgjcMZx.js                [39m[1m[2m   11.13 kB[22m[1m[22m[2m │ gzip:   3.27 kB[22m
[2mdist/[22m[2massets/[22m[36mQuizBoard-CNyxCXbB.js                     [39m[1m[2m   11.13 kB[22m[1m[22m[2m │ gzip:   4.76 kB[22m
[2mdist/[22m[2massets/[22m[36mfightCareer-DFz8n-Ta.js                   [39m[1m[2m   11.14 kB[22m[1m[22m[2m │ gzip:   4.92 kB[22m
[2mdist/[22m[2massets/[22m[36mMlbGrid-BXyga8tA.js                       [39m[1m[2m   11.17 kB[22m[1m[22m[2m │ gzip:   4.26 kB[22m
[2mdist/[22m[2massets/[22m[36mStatsScreen-C-24bX23.js                   [39m[1m[2m   11.20 kB[22m[1m[22m[2m │ gzip:   3.02 kB[22m
[2mdist/[22m[2massets/[22m[36mAcademyScreen-BaHmWTfA.js                 [39m[1m[2m   11.49 kB[22m[1m[22m[2m │ gzip:   3.67 kB[22m
[2mdist/[22m[2massets/[22m[36mShareButtons-CTrjmQix.js                  [39m[1m[2m   11.64 kB[22m[1m[22m[2m │ gzip:   4.54 kB[22m
[2mdist/[22m[2massets/[22m[36mBallIq-NVCGnZxQ.js                        [39m[1m[2m   11.71 kB[22m[1m[22m[2m │ gzip:   4.68 kB[22m
[2mdist/[22m[2massets/[22m[36mHockeyHigherLower-F9dft8KD.js             [39m[1m[2m   11.83 kB[22m[1m[22m[2m │ gzip:   4.34 kB[22m
[2mdist/[22m[2massets/[22m[36mSearchAndDiscard-DRDjv3qI.js              [39m[1m[2m   11.91 kB[22m[1m[22m[2m │ gzip:   4.66 kB[22m
[2mdist/[22m[2massets/[22m[36mChampionsLeagueFormatHistory-C2hw4fXJ.js  [39m[1m[2m   12.02 kB[22m[1m[22m[2m │ gzip:   3.91 kB[22m
[2mdist/[22m[2massets/[22m[36mGenericLineupBoard-CbUovDY7.js            [39m[1m[2m   12.17 kB[22m[1m[22m[2m │ gzip:   4.44 kB[22m
[2mdist/[22m[2massets/[22m[36mFinancesScreen-BcDxVWYU.js                [39m[1m[2m   12.29 kB[22m[1m[22m[2m │ gzip:   3.41 kB[22m
[2mdist/[22m[2massets/[22m[36muclFormatHistory-DwuhruDw.js              [39m[1m[2m   12.33 kB[22m[1m[22m[2m │ gzip:   3.47 kB[22m
[2mdist/[22m[2massets/[22m[36mDraftNightSequence-BaJHL79W.js            [39m[1m[2m   12.48 kB[22m[1m[22m[2m │ gzip:   4.72 kB[22m
[2mdist/[22m[2massets/[22m[36mLeaderboard-Du_dyFxg.js                   [39m[1m[2m   12.66 kB[22m[1m[22m[2m │ gzip:   4.30 kB[22m
[2mdist/[22m[2massets/[22m[36mCalendarScreen-DzIzZFLZ.js                [39m[1m[2m   12.67 kB[22m[1m[22m[2m │ gzip:   4.43 kB[22m
[2mdist/[22m[2massets/[22m[36mNbaGrid-BFGhovSX.js                       [39m[1m[2m   12.76 kB[22m[1m[22m[2m │ gzip:   4.76 kB[22m
[2mdist/[22m[2massets/[22m[36mFootballTimeline-Be-BJ_ta.js              [39m[1m[2m   12.77 kB[22m[1m[22m[2m │ gzip:   4.26 kB[22m
[2mdist/[22m[2massets/[22m[36mSetPieceBoard-CyzCaTkA.js                 [39m[1m[2m   12.97 kB[22m[1m[22m[2m │ gzip:   5.25 kB[22m
[2mdist/[22m[2massets/[22m[36mnflHLCategories-DOyYzQVv.js               [39m[1m[2m   13.14 kB[22m[1m[22m[2m │ gzip:   3.65 kB[22m
[2mdist/[22m[2massets/[22m[36mintlNames-sa3xt8QC.js                     [39m[1m[2m   13.18 kB[22m[1m[22m[2m │ gzip:   6.17 kB[22m
[2mdist/[22m[2massets/[22m[36mHigherLower-DBSCSDNP.js                   [39m[1m[2m   13.41 kB[22m[1m[22m[2m │ gzip:   4.82 kB[22m
[2mdist/[22m[2massets/[22m[36mMysteryBox-CYOGGD_l.js                    [39m[1m[2m   13.47 kB[22m[1m[22m[2m │ gzip:   5.29 kB[22m
[2mdist/[22m[2massets/[22m[36mShirtNumber-BjkSI7Qn.js                   [39m[1m[2m   13.51 kB[22m[1m[22m[2m │ gzip:   5.25 kB[22m
[2mdist/[22m[2massets/[22m[36mTennisChain-BD5Hi7I0.js                   [39m[1m[2m   13.78 kB[22m[1m[22m[2m │ gzip:   4.94 kB[22m
[2mdist/[22m[2massets/[22m[36mstadiumManagement-a4ZEwMzG.js             [39m[1m[2m   13.81 kB[22m[1m[22m[2m │ gzip:   5.38 kB[22m
[2mdist/[22m[2massets/[22m[36mNascarChain-d5cn0a6K.js                   [39m[1m[2m   13.86 kB[22m[1m[22m[2m │ gzip:   4.93 kB[22m
[2mdist/[22m[2massets/[22m[36mSilverwareSort-Dcvu2bJ8.js                [39m[1m[2m   13.95 kB[22m[1m[22m[2m │ gzip:   5.38 kB[22m
[2mdist/[22m[2massets/[22m[36mMlbConnect4-E_JvNz1Z.js                   [39m[1m[2m   14.06 kB[22m[1m[22m[2m │ gzip:   5.31 kB[22m
[2mdist/[22m[2massets/[22m[36mNhlConnect4-VLZP6XGf.js                   [39m[1m[2m   14.13 kB[22m[1m[22m[2m │ gzip:   5.31 kB[22m
[2mdist/[22m[2massets/[22m[36mCbbGrid-DgOWzfcj.js                       [39m[1m[2m   14.20 kB[22m[1m[22m[2m │ gzip:   5.64 kB[22m
[2mdist/[22m[2massets/[22m[36mWhodTheyBeat-Dfvj8yiR.js                  [39m[1m[2m   14.23 kB[22m[1m[22m[2m │ gzip:   5.59 kB[22m
[2mdist/[22m[2massets/[22m[36mNflConnect4-CW6Jxam6.js                   [39m[1m[2m   14.43 kB[22m[1m[22m[2m │ gzip:   5.37 kB[22m
[2mdist/[22m[2massets/[22m[36mFootballGrid-BV_7OgPo.js                  [39m[1m[2m   14.44 kB[22m[1m[22m[2m │ gzip:   5.49 kB[22m
[2mdist/[22m[2massets/[22m[36mContractsCard-BnJ0JLXT.js                 [39m[1m[2m   14.79 kB[22m[1m[22m[2m │ gzip:   4.62 kB[22m
[2mdist/[22m[2massets/[22m[36mAlphabetSprint-CmFjY6ON.js                [39m[1m[2m   14.97 kB[22m[1m[22m[2m │ gzip:   5.82 kB[22m
[2mdist/[22m[2massets/[22m[36mPlayerAvatar-nqnA0kYe.js                  [39m[1m[2m   15.16 kB[22m[1m[22m[2m │ gzip:   3.92 kB[22m
[2mdist/[22m[2massets/[22m[36mNflConnections-BLMPnCan.js                [39m[1m[2m   15.25 kB[22m[1m[22m[2m │ gzip:   5.72 kB[22m
[2mdist/[22m[2massets/[22m[36mNflMyCareer-BffPsr4P.js                   [39m[1m[2m   15.48 kB[22m[1m[22m[2m │ gzip:   6.79 kB[22m
[2mdist/[22m[2massets/[22m[36musStatesPaths-DfX_GtuE.js                 [39m[1m[2m   15.67 kB[22m[1m[22m[2m │ gzip:   5.35 kB[22m
[2mdist/[22m[2massets/[22m[36mCareerSeasonReview-oOyeoA9i.js            [39m[1m[2m   15.77 kB[22m[1m[22m[2m │ gzip:   4.48 kB[22m
[2mdist/[22m[2massets/[22m[36mNbaChain-DH0GUOEc.js                      [39m[1m[2m   16.01 kB[22m[1m[22m[2m │ gzip:   6.11 kB[22m
[2mdist/[22m[2massets/[22m[36mCareerGame-CTZLw9pV.js                    [39m[1m[2m   16.06 kB[22m[1m[22m[2m │ gzip:   6.08 kB[22m
[2mdist/[22m[2massets/[22m[36mNbaConnect4-C57kSWus.js                   [39m[1m[2m   16.16 kB[22m[1m[22m[2m │ gzip:   5.91 kB[22m
[2mdist/[22m[2massets/[22m[36mConquestActionScene-Bv1k1vBp.js           [39m[1m[2m   16.54 kB[22m[1m[22m[2m │ gzip:   6.80 kB[22m
[2mdist/[22m[2massets/[22m[36mGuessCbbTeam-BjICsUel.js                  [39m[1m[2m   16.63 kB[22m[1m[22m[2m │ gzip:   6.15 kB[22m
[2mdist/[22m[2massets/[22m[36msiteSearch-BoZ5Po0T.js                    [39m[1m[2m   16.78 kB[22m[1m[22m[2m │ gzip:   6.82 kB[22m
[2mdist/[22m[2massets/[22m[36mGuessTennisPlayer-Di6xjrCG.js             [39m[1m[2m   16.91 kB[22m[1m[22m[2m │ gzip:   6.03 kB[22m
[2mdist/[22m[2massets/[22m[36mNflPlayoffFormatHistory-XWr2H0l-.js       [39m[1m[2m   17.04 kB[22m[1m[22m[2m │ gzip:   5.58 kB[22m
[2mdist/[22m[2massets/[22m[36mThroughBallBoard-DYzOseR_.js              [39m[1m[2m   17.06 kB[22m[1m[22m[2m │ gzip:   6.33 kB[22m
[2mdist/[22m[2massets/[22m[36mcareerLadder-DRF2JKEz.js                  [39m[1m[2m   17.39 kB[22m[1m[22m[2m │ gzip:   6.56 kB[22m
[2mdist/[22m[2massets/[22m[36mSeasonVerdict-D3pl-S4p.js                 [39m[1m[2m   18.29 kB[22m[1m[22m[2m │ gzip:   7.39 kB[22m
[2mdist/[22m[2massets/[22m[36mMlbPostseasonFormatHistory-Cvm17cQB.js    [39m[1m[2m   18.30 kB[22m[1m[22m[2m │ gzip:   5.64 kB[22m
[2mdist/[22m[2massets/[22m[36msquadDeal-kCatCF-t.js                     [39m[1m[2m   18.35 kB[22m[1m[22m[2m │ gzip:   7.43 kB[22m
[2mdist/[22m[2massets/[22m[36mWhoAmI-Db90-7G9.js                        [39m[1m[2m   18.77 kB[22m[1m[22m[2m │ gzip:   5.96 kB[22m
[2mdist/[22m[2massets/[22m[36mScorePredictor-BNMw8ChB.js                [39m[1m[2m   18.80 kB[22m[1m[22m[2m │ gzip:   6.52 kB[22m
[2mdist/[22m[2massets/[22m[36mPrivacyPolicy-B6Ob8ldH.js                 [39m[1m[2m   18.87 kB[22m[1m[22m[2m │ gzip:   5.80 kB[22m
[2mdist/[22m[2massets/[22m[36mSquadScreen-ykICaM-f.js                   [39m[1m[2m   18.88 kB[22m[1m[22m[2m │ gzip:   6.79 kB[22m
[2mdist/[22m[2massets/[22m[36mnhlFoPlayers-j0YE08i0.js                  [39m[1m[2m   19.06 kB[22m[1m[22m[2m │ gzip:   5.46 kB[22m
[2mdist/[22m[2massets/[22m[36mcore-B4NUvdvM.js                          [39m[1m[2m   19.07 kB[22m[1m[22m[2m │ gzip:   7.70 kB[22m
[2mdist/[22m[2massets/[22m[36mPlayerStockMarket-npBgQwRn.js             [39m[1m[2m   19.19 kB[22m[1m[22m[2m │ gzip:   7.06 kB[22m
[2mdist/[22m[2massets/[22m[36mWorldXi-CaC3amjm.js                       [39m[1m[2m   19.65 kB[22m[1m[22m[2m │ gzip:   6.74 kB[22m
[2mdist/[22m[2massets/[22m[36mClubManagerCareerPanel-DxKMOiEy.js        [39m[1m[2m   19.73 kB[22m[1m[22m[2m │ gzip:   5.86 kB[22m
[2mdist/[22m[2massets/[22m[36mNbaStatLine-ZSi9uhsb.js                   [39m[1m[2m   19.82 kB[22m[1m[22m[2m │ gzip:   7.36 kB[22m
[2mdist/[22m[2massets/[22m[36mfootleEnrichment-BOt-YWCc.js              [39m[1m[2m   19.95 kB[22m[1m[22m[2m │ gzip:   5.57 kB[22m
[2mdist/[22m[2massets/[22m[36mClueAuction-BeTohjyc.js                   [39m[1m[2m   20.01 kB[22m[1m[22m[2m │ gzip:   7.26 kB[22m
[2mdist/[22m[2massets/[22m[36mnfl-CIcyoNMr.js                           [39m[1m[2m   20.05 kB[22m[1m[22m[2m │ gzip:   8.35 kB[22m
[2mdist/[22m[2massets/[22m[36mHofOrBust-BcpSg3ds.js                     [39m[1m[2m   20.06 kB[22m[1m[22m[2m │ gzip:   7.25 kB[22m
[2mdist/[22m[2massets/[22m[36mPuckDetective-BsEitOdu.js                 [39m[1m[2m   20.06 kB[22m[1m[22m[2m │ gzip:   7.40 kB[22m
[2mdist/[22m[2massets/[22m[36mUsCareerPractice-FSAzRBpk.js              [39m[1m[2m   20.18 kB[22m[1m[22m[2m │ gzip:   5.87 kB[22m
[2mdist/[22m[2massets/[22m[36museTycoonRewards-BtTx9vmL.js              [39m[1m[2m   20.27 kB[22m[1m[22m[2m │ gzip:   7.63 kB[22m
[2mdist/[22m[2massets/[22m[36mSquadSheet-CxTNjKjM.js                    [39m[1m[2m   20.38 kB[22m[1m[22m[2m │ gzip:   7.44 kB[22m
[2mdist/[22m[2massets/[22m[36mGuessTheNation-D0e2k5rv.js                [39m[1m[2m   20.67 kB[22m[1m[22m[2m │ gzip:   7.20 kB[22m
[2mdist/[22m[2massets/[22m[36mPerfectSeasonMlb-Cjbb6HgX.js              [39m[1m[2m   20.79 kB[22m[1m[22m[2m │ gzip:   7.39 kB[22m
[2mdist/[22m[2massets/[22m[36msoccerInternational-FiWGI8ks.js           [39m[1m[2m   21.07 kB[22m[1m[22m[2m │ gzip:   7.67 kB[22m
[2mdist/[22m[2massets/[22m[36mAcademyPanel-Bm3MnrIc.js                  [39m[1m[2m   21.07 kB[22m[1m[22m[2m │ gzip:   7.74 kB[22m
[2mdist/[22m[2massets/[22m[36mselect-DD5OkDE2.js                        [39m[1m[2m   21.29 kB[22m[1m[22m[2m │ gzip:   7.40 kB[22m
[2mdist/[22m[2massets/[22m[36mBudgetBuilder-DRMPxMxL.js                 [39m[1m[2m   21.60 kB[22m[1m[22m[2m │ gzip:   7.47 kB[22m
[2mdist/[22m[2massets/[22m[36mSoccerConquest-DD-oQEfG.js                [39m[1m[2m   21.70 kB[22m[1m[22m[2m │ gzip:   9.19 kB[22m
[2mdist/[22m[2massets/[22m[36mMlbGauntletDraft-7nbs-kNj.js              [39m[1m[2m   21.86 kB[22m[1m[22m[2m │ gzip:   7.05 kB[22m
[2mdist/[22m[2massets/[22m[36mCbbDynasty-D36YIb8L.js                    [39m[1m[2m   21.87 kB[22m[1m[22m[2m │ gzip:   9.12 kB[22m
[2mdist/[22m[2massets/[22m[36mSportsMillionaire-opBpPTYm.js             [39m[1m[2m   21.92 kB[22m[1m[22m[2m │ gzip:   7.55 kB[22m
[2mdist/[22m[2massets/[22m[36mNbaConnections-DDRLZyc4.js                [39m[1m[2m   22.05 kB[22m[1m[22m[2m │ gzip:   8.25 kB[22m
[2mdist/[22m[2massets/[22m[36mNhlConnections-fzerLUVG.js                [39m[1m[2m   22.07 kB[22m[1m[22m[2m │ gzip:   8.19 kB[22m
[2mdist/[22m[2massets/[22m[36mFootballConnect4-BSUAz5Hd.js              [39m[1m[2m   22.25 kB[22m[1m[22m[2m │ gzip:   7.23 kB[22m
[2mdist/[22m[2massets/[22m[36mCfbDynasty-CaZzuY3_.js                    [39m[1m[2m   22.28 kB[22m[1m[22m[2m │ gzip:   9.15 kB[22m
[2mdist/[22m[2massets/[22m[36msoccerMoments-TWUD5W9z.js                 [39m[1m[2m   22.30 kB[22m[1m[22m[2m │ gzip:   9.30 kB[22m
[2mdist/[22m[2massets/[22m[36mMinefield-D6HWjLV2.js                     [39m[1m[2m   22.45 kB[22m[1m[22m[2m │ gzip:   9.31 kB[22m
[2mdist/[22m[2massets/[22m[36mMatchReportCard-DWyIIKl1.js               [39m[1m[2m   23.09 kB[22m[1m[22m[2m │ gzip:   6.08 kB[22m
[2mdist/[22m[2massets/[22m[36mclubManagement-Dyl1I2gf.js                [39m[1m[2m   23.17 kB[22m[1m[22m[2m │ gzip:   9.13 kB[22m
[2mdist/[22m[2massets/[22m[36mEmojiGuess-BqQzVZ4A.js                    [39m[1m[2m   23.23 kB[22m[1m[22m[2m │ gzip:   8.83 kB[22m
[2mdist/[22m[2massets/[22m[36mPerfectSeasonNhl-LPc4xfXf.js              [39m[1m[2m   23.25 kB[22m[1m[22m[2m │ gzip:   8.22 kB[22m
[2mdist/[22m[2massets/[22m[36mStatDetective-C5n_wAyC.js                 [39m[1m[2m   23.46 kB[22m[1m[22m[2m │ gzip:   9.04 kB[22m
[2mdist/[22m[2massets/[22m[36mhigherLowerPlayers-CyK6rra4.js            [39m[1m[2m   23.57 kB[22m[1m[22m[2m │ gzip:   5.08 kB[22m
[2mdist/[22m[2massets/[22m[36mSignThePlayer-Pwppbi4k.js                 [39m[1m[2m   23.78 kB[22m[1m[22m[2m │ gzip:   9.14 kB[22m
[2mdist/[22m[2massets/[22m[36mContractChaos-DsgslB09.js                 [39m[1m[2m   24.02 kB[22m[1m[22m[2m │ gzip:   9.17 kB[22m
[2mdist/[22m[2massets/[22m[36mHallOfChampions-CltNZQWG.js               [39m[1m[2m   24.07 kB[22m[1m[22m[2m │ gzip:   8.21 kB[22m
[2mdist/[22m[2massets/[22m[36mManagerHotSeat-BZp0accj.js                [39m[1m[2m   24.66 kB[22m[1m[22m[2m │ gzip:   7.11 kB[22m
[2mdist/[22m[2massets/[22m[36mF1Constructor-pwbL02YA.js                 [39m[1m[2m   24.84 kB[22m[1m[22m[2m │ gzip:   8.71 kB[22m
[2mdist/[22m[2massets/[22m[36mPerfectSeasonNba-CQh6IJB7.js              [39m[1m[2m   25.61 kB[22m[1m[22m[2m │ gzip:   8.99 kB[22m
[2mdist/[22m[2massets/[22m[36mDrillBoard-DhkP2raC.js                    [39m[1m[2m   25.63 kB[22m[1m[22m[2m │ gzip:   9.45 kB[22m
[2mdist/[22m[2massets/[22m[36mSquadDeal-Bi70oKIl.js                     [39m[1m[2m   25.91 kB[22m[1m[22m[2m │ gzip:   7.91 kB[22m
[2mdist/[22m[2massets/[22m[36mNhlPlayoffFormatHistory-BuLjiLCQ.js       [39m[1m[2m   25.96 kB[22m[1m[22m[2m │ gzip:   7.80 kB[22m
[2mdist/[22m[2massets/[22m[36mListQuiz-d-m2dMV0.js                      [39m[1m[2m   26.16 kB[22m[1m[22m[2m │ gzip:   9.88 kB[22m
[2mdist/[22m[2massets/[22m[36mF1Driver-BMskDJlQ.js                      [39m[1m[2m   26.68 kB[22m[1m[22m[2m │ gzip:   9.64 kB[22m
[2mdist/[22m[2massets/[22m[36mRarityRound-DNO01tQY.js                   [39m[1m[2m   27.01 kB[22m[1m[22m[2m │ gzip:   7.82 kB[22m
[2mdist/[22m[2massets/[22m[36mNFLCareer-DOpSe_5W.js                     [39m[1m[2m   27.09 kB[22m[1m[22m[2m │ gzip:   7.46 kB[22m
[2mdist/[22m[2massets/[22m[36mFreeKick-DyZdtm14.js                      [39m[1m[2m   27.10 kB[22m[1m[22m[2m │ gzip:   8.93 kB[22m
[2mdist/[22m[2massets/[22m[36mSoccerGrid-ceTpBM0m.js                    [39m[1m[2m   27.12 kB[22m[1m[22m[2m │ gzip:   8.72 kB[22m
[2mdist/[22m[2massets/[22m[36mRankEm-CB9cM9e3.js                        [39m[1m[2m   27.20 kB[22m[1m[22m[2m │ gzip:   9.73 kB[22m
[2mdist/[22m[2massets/[22m[36mFaceOff-C24FpxBc.js                       [39m[1m[2m   27.37 kB[22m[1m[22m[2m │ gzip:   9.32 kB[22m
[2mdist/[22m[2massets/[22m[36mNbaPlayoffFormatHistory-CxaaFi95.js       [39m[1m[2m   27.58 kB[22m[1m[22m[2m │ gzip:   8.38 kB[22m
[2mdist/[22m[2massets/[22m[36mNbaLineup-DfBRve4s.js                     [39m[1m[2m   27.68 kB[22m[1m[22m[2m │ gzip:   8.48 kB[22m
[2mdist/[22m[2massets/[22m[36mPlayerBingo-DPhrKOAj.js                   [39m[1m[2m   28.30 kB[22m[1m[22m[2m │ gzip:  10.15 kB[22m
[2mdist/[22m[2massets/[22m[36mNbaCareer-BEJ8s10F.js                     [39m[1m[2m   28.38 kB[22m[1m[22m[2m │ gzip:   8.02 kB[22m
[2mdist/[22m[2massets/[22m[36mstadiumTycoon-CaRw-v5R.js                 [39m[1m[2m   28.95 kB[22m[1m[22m[2m │ gzip:  10.26 kB[22m
[2mdist/[22m[2massets/[22m[36mOlympics-a7tuUBGI.js                      [39m[1m[2m   29.00 kB[22m[1m[22m[2m │ gzip:  10.26 kB[22m
[2mdist/[22m[2massets/[22m[36mSeasonReportTabs-wIo3wfcn.js              [39m[1m[2m   29.70 kB[22m[1m[22m[2m │ gzip:  12.03 kB[22m
[2mdist/[22m[2massets/[22m[36mCollegeDynastyBoard-DxhWOn72.js           [39m[1m[2m   30.12 kB[22m[1m[22m[2m │ gzip:   9.01 kB[22m
[2mdist/[22m[2massets/[22m[36mFantasyDraft-BXB031I1.js                  [39m[1m[2m   30.43 kB[22m[1m[22m[2m │ gzip:   9.26 kB[22m
[2mdist/[22m[2massets/[22m[36mPerfectSeasonNfl-DItMx6xM.js              [39m[1m[2m   31.07 kB[22m[1m[22m[2m │ gzip:  11.18 kB[22m
[2mdist/[22m[2massets/[22m[36mChampOrNot-CwP_q29c.js                    [39m[1m[2m   31.22 kB[22m[1m[22m[2m │ gzip:   9.64 kB[22m
[2mdist/[22m[2massets/[22m[36mGuessTheYear-C8jcLpPH.js                  [39m[1m[2m   31.26 kB[22m[1m[22m[2m │ gzip:  10.93 kB[22m
[2mdist/[22m[2massets/[22m[36mmanagerHotSeat-BBSNf3KU.js                [39m[1m[2m   31.65 kB[22m[1m[22m[2m │ gzip:   6.93 kB[22m
[2mdist/[22m[2massets/[22m[36mFightGym-B7qfFvJb.js                      [39m[1m[2m   31.96 kB[22m[1m[22m[2m │ gzip:  10.33 kB[22m
[2mdist/[22m[2massets/[22m[36mHockeyCareer-BSUHNj3h.js                  [39m[1m[2m   32.27 kB[22m[1m[22m[2m │ gzip:   8.48 kB[22m
[2mdist/[22m[2massets/[22m[36mconquestDataNba-BDN2iDyW.js               [39m[1m[2m   32.42 kB[22m[1m[22m[2m │ gzip:   8.52 kB[22m
[2mdist/[22m[2massets/[22m[36mTrainingPanel-C-wZMpOG.js                 [39m[1m[2m   32.47 kB[22m[1m[22m[2m │ gzip:  10.11 kB[22m
[2mdist/[22m[2massets/[22m[36mBaseballCareer-CtyAUyJQ.js                [39m[1m[2m   32.60 kB[22m[1m[22m[2m │ gzip:   8.72 kB[22m
[2mdist/[22m[2massets/[22m[36mCareerLadder-B9JjKdkU.js                  [39m[1m[2m   32.67 kB[22m[1m[22m[2m │ gzip:  11.27 kB[22m
[2mdist/[22m[2massets/[22m[36mSportsBingo-CFQ02XIl.js                   [39m[1m[2m   32.84 kB[22m[1m[22m[2m │ gzip:  10.82 kB[22m
[2mdist/[22m[2massets/[22m[36mUfcChain-CxMSbg9i.js                      [39m[1m[2m   32.97 kB[22m[1m[22m[2m │ gzip:   8.32 kB[22m
[2mdist/[22m[2massets/[22m[36mIdleArena-Co-Jek_V.js                     [39m[1m[2m   33.97 kB[22m[1m[22m[2m │ gzip:  11.17 kB[22m
[2mdist/[22m[2massets/[22m[36mfrontOfficePlayers-BMdaeFxZ.js            [39m[1m[2m   34.48 kB[22m[1m[22m[2m │ gzip:   8.25 kB[22m
[2mdist/[22m[2massets/[22m[36mTeammates-C6p-G3x5.js                     [39m[1m[2m   34.85 kB[22m[1m[22m[2m │ gzip:   9.19 kB[22m
[2mdist/[22m[2massets/[22m[36mTransferPath-B1L5LvNO.js                  [39m[1m[2m   35.28 kB[22m[1m[22m[2m │ gzip:  11.52 kB[22m
[2mdist/[22m[2massets/[22m[36mcollege-B_XqEHQm.js                       [39m[1m[2m   36.30 kB[22m[1m[22m[2m │ gzip:  11.81 kB[22m
[2mdist/[22m[2massets/[22m[36mclubRivalries-DuNC-DyB.js                 [39m[1m[2m   36.59 kB[22m[1m[22m[2m │ gzip:  10.58 kB[22m
[2mdist/[22m[2massets/[22m[36mTacticsScreen-Bs-MLrcM.js                 [39m[1m[2m   37.13 kB[22m[1m[22m[2m │ gzip:  11.32 kB[22m
[2mdist/[22m[2massets/[22m[36mUfcGame-qD34AbQj.js                       [39m[1m[2m   37.18 kB[22m[1m[22m[2m │ gzip:   9.73 kB[22m
[2mdist/[22m[2massets/[22m[36mSoccerSeasonCentre-wFSFBs6k.js            [39m[1m[2m   37.22 kB[22m[1m[22m[2m │ gzip:  13.62 kB[22m
[2mdist/[22m[2massets/[22m[36mCollegeGrid-CkDjcGag.js                   [39m[1m[2m   37.76 kB[22m[1m[22m[2m │ gzip:   9.07 kB[22m
[2mdist/[22m[2massets/[22m[36mGuessNflTeam-BUNBhqpm.js                  [39m[1m[2m   37.83 kB[22m[1m[22m[2m │ gzip:  11.81 kB[22m
[2mdist/[22m[2massets/[22m[36mClubManagerHelp-OGNvy19w.js               [39m[1m[2m   38.83 kB[22m[1m[22m[2m │ gzip:  14.56 kB[22m
[2mdist/[22m[2massets/[22m[36mGuessNascarDriver-CfHqi1MJ.js             [39m[1m[2m   39.10 kB[22m[1m[22m[2m │ gzip:   9.15 kB[22m
[2mdist/[22m[2massets/[22m[36mconquestSports-B8RfKg53.js                [39m[1m[2m   39.47 kB[22m[1m[22m[2m │ gzip:  10.82 kB[22m
[2mdist/[22m[2massets/[22m[36mTransferScreen-BMoZO96Q.js                [39m[1m[2m   39.59 kB[22m[1m[22m[2m │ gzip:  10.43 kB[22m
[2mdist/[22m[2massets/[22m[36mSeasonCentre-9AlB6wV2.js                  [39m[1m[2m   39.62 kB[22m[1m[22m[2m │ gzip:  12.03 kB[22m
[2mdist/[22m[2massets/[22m[36mBuzzerBeater-CA4cx6F3.js                  [39m[1m[2m   41.87 kB[22m[1m[22m[2m │ gzip:  13.65 kB[22m
[2mdist/[22m[2massets/[22m[36mera2015-CKBLW-Gg.js                       [39m[1m[2m   43.39 kB[22m[1m[22m[2m │ gzip:  14.90 kB[22m
[2mdist/[22m[2massets/[22m[36mLineupBuilder-CwZtD_Jq.js                 [39m[1m[2m   43.41 kB[22m[1m[22m[2m │ gzip:  14.71 kB[22m
[2mdist/[22m[2massets/[22m[36mMissingNine-FLZ9aJnj.js                   [39m[1m[2m   44.33 kB[22m[1m[22m[2m │ gzip:  12.35 kB[22m
[2mdist/[22m[2massets/[22m[36mMissingFive-auKerAdS.js                   [39m[1m[2m   44.93 kB[22m[1m[22m[2m │ gzip:  10.57 kB[22m
[2mdist/[22m[2massets/[22m[36mera2005-B29vZjuX.js                       [39m[1m[2m   45.34 kB[22m[1m[22m[2m │ gzip:  15.17 kB[22m
[2mdist/[22m[2massets/[22m[36mera2010-YNeWL_4t.js                       [39m[1m[2m   45.62 kB[22m[1m[22m[2m │ gzip:  15.40 kB[22m
[2mdist/[22m[2massets/[22m[36mAppearanceBuilder-DsVeCH_h.js             [39m[1m[2m   45.88 kB[22m[1m[22m[2m │ gzip:  14.53 kB[22m
[2mdist/[22m[2massets/[22m[36mDeadlineDay-Dm6emOS4.js                   [39m[1m[2m   46.04 kB[22m[1m[22m[2m │ gzip:  14.24 kB[22m
[2mdist/[22m[2massets/[22m[36mera2020-7P0IGSTf.js                       [39m[1m[2m   46.53 kB[22m[1m[22m[2m │ gzip:  16.08 kB[22m
[2mdist/[22m[2massets/[22m[36mBaseballConnections-84RONDu-.js           [39m[1m[2m   49.25 kB[22m[1m[22m[2m │ gzip:  12.36 kB[22m
[2mdist/[22m[2massets/[22m[36mnbaOpeningRatings-DmYGOL8G.js             [39m[1m[2m   50.06 kB[22m[1m[22m[2m │ gzip:   6.77 kB[22m
[2mdist/[22m[2massets/[22m[36mLiveSimScreen-C5AAWagn.js                 [39m[1m[2m   52.07 kB[22m[1m[22m[2m │ gzip:  17.28 kB[22m
[2mdist/[22m[2massets/[22m[36mCageClash-BOoc4pgw.js                     [39m[1m[2m   52.18 kB[22m[1m[22m[2m │ gzip:  17.16 kB[22m
[2mdist/[22m[2massets/[22m[36mFootle-DeLm95VX.js                        [39m[1m[2m   54.16 kB[22m[1m[22m[2m │ gzip:  17.14 kB[22m
[2mdist/[22m[2massets/[22m[36mConquestNba-BiLeXCH_.js                   [39m[1m[2m   54.40 kB[22m[1m[22m[2m │ gzip:  15.58 kB[22m
[2mdist/[22m[2massets/[22m[36mbaseball-1VjrIB18.js                      [39m[1m[2m   55.10 kB[22m[1m[22m[2m │ gzip:  19.39 kB[22m
[2mdist/[22m[2massets/[22m[36mConquest-QQtirrUC.js                      [39m[1m[2m   55.76 kB[22m[1m[22m[2m │ gzip:  14.86 kB[22m
[2mdist/[22m[2massets/[22m[36mMissingEleven-BNFCY1R5.js                 [39m[1m[2m   58.10 kB[22m[1m[22m[2m │ gzip:  14.88 kB[22m
[2mdist/[22m[2massets/[22m[36mSportHub-Bm7b-FGO.js                      [39m[1m[2m   58.52 kB[22m[1m[22m[2m │ gzip:  19.68 kB[22m
[2mdist/[22m[2massets/[22m[36msoccer1-MOKhqnXB.js                       [39m[1m[2m   60.80 kB[22m[1m[22m[2m │ gzip:  20.40 kB[22m
[2mdist/[22m[2massets/[22m[36mhockey-B6KUsS6A.js                        [39m[1m[2m   61.30 kB[22m[1m[22m[2m │ gzip:  21.46 kB[22m
[2mdist/[22m[2massets/[22m[36mfootball-D30clyNH.js                      [39m[1m[2m   64.34 kB[22m[1m[22m[2m │ gzip:  22.74 kB[22m
[2mdist/[22m[2massets/[22m[36mProfile-DMBtZDPE.js                       [39m[1m[2m   65.10 kB[22m[1m[22m[2m │ gzip:  20.05 kB[22m
[2mdist/[22m[2massets/[22m[36mStadiumTycoon-9hENqrfc.js                 [39m[1m[2m   68.21 kB[22m[1m[22m[2m │ gzip:  21.69 kB[22m
[2mdist/[22m[2massets/[22m[36mFightPromoter-B93fQiBk.js                 [39m[1m[2m   68.48 kB[22m[1m[22m[2m │ gzip:  20.85 kB[22m
[2mdist/[22m[2massets/[22m[36mclubManagerEra2015-BUxVBSOC.js            [39m[1m[2m   73.21 kB[22m[1m[22m[2m │ gzip:  21.60 kB[22m
[2mdist/[22m[2massets/[22m[36mclubManagerEra2005-DZSwQTfX.js            [39m[1m[2m   75.93 kB[22m[1m[22m[2m │ gzip:  21.84 kB[22m
[2mdist/[22m[2massets/[22m[36mImperialismBoardShared-BVFOA0IG.js        [39m[1m[2m   76.06 kB[22m[1m[22m[2m │ gzip:  24.92 kB[22m
[2mdist/[22m[2massets/[22m[36mclubManagerEra2010-CiScj6R7.js            [39m[1m[2m   76.80 kB[22m[1m[22m[2m │ gzip:  22.43 kB[22m
[2mdist/[22m[2massets/[22m[36mWorldCupPredictor-x3Vcn8C3.js             [39m[1m[2m   77.02 kB[22m[1m[22m[2m │ gzip:  23.78 kB[22m
[2mdist/[22m[2massets/[22m[36mAussieRulesManager-DyJ1Mu0Q.js            [39m[1m[2m   77.66 kB[22m[1m[22m[2m │ gzip:  25.45 kB[22m
[2mdist/[22m[2massets/[22m[36mClubManager-TYPsLtrd.js                   [39m[1m[2m   78.05 kB[22m[1m[22m[2m │ gzip:  24.29 kB[22m
[2mdist/[22m[2massets/[22m[36mclubManagerEra2020-Bej21k8N.js            [39m[1m[2m   78.49 kB[22m[1m[22m[2m │ gzip:  23.60 kB[22m
[2mdist/[22m[2massets/[22m[36mNhlFrontOffice-BMjrPv48.js                [39m[1m[2m   79.27 kB[22m[1m[22m[2m │ gzip:  26.56 kB[22m
[2mdist/[22m[2massets/[22m[36mnhlOpeningRatings-Y9x0bvK7.js             [39m[1m[2m   80.49 kB[22m[1m[22m[2m │ gzip:   9.19 kB[22m
[2mdist/[22m[2massets/[22m[36mworld-bzrfPoKq.js                         [39m[1m[2m   83.56 kB[22m[1m[22m[2m │ gzip:  27.22 kB[22m
[2mdist/[22m[2massets/[22m[36mFightCareer-zcP-PNKK.js                   [39m[1m[2m   84.13 kB[22m[1m[22m[2m │ gzip:  26.30 kB[22m
[2mdist/[22m[2massets/[22m[36mGuessTheCollege-B1lM44KO.js               [39m[1m[2m   84.75 kB[22m[1m[22m[2m │ gzip:  22.35 kB[22m
[2mdist/[22m[2massets/[22m[36mmoreSports-GYqSPvUd.js                    [39m[1m[2m   85.08 kB[22m[1m[22m[2m │ gzip:  27.30 kB[22m
[2mdist/[22m[2massets/[22m[36mbasketball-qRAKHU1j.js                    [39m[1m[2m   85.59 kB[22m[1m[22m[2m │ gzip:  29.17 kB[22m
[2mdist/[22m[2massets/[22m[36mNbaFrontOffice-D7MWIfGN.js                [39m[1m[2m   90.17 kB[22m[1m[22m[2m │ gzip:  31.21 kB[22m
[2mdist/[22m[2massets/[22m[36mFrontOffice-B2rB8R6S.js                   [39m[1m[2m   90.20 kB[22m[1m[22m[2m │ gzip:  29.37 kB[22m
[2mdist/[22m[2massets/[22m[36mplayers-BvqkSYM9.js                       [39m[1m[2m   97.64 kB[22m[1m[22m[2m │ gzip:  14.48 kB[22m
[2mdist/[22m[2massets/[22m[36mGmTradeBuilder-FccD1ktO.js                [39m[1m[2m  104.01 kB[22m[1m[22m[2m │ gzip:  35.03 kB[22m
[2mdist/[22m[2massets/[22m[36mMlbFrontOffice-Cq3LTzfn.js                [39m[1m[2m  107.61 kB[22m[1m[22m[2m │ gzip:  34.16 kB[22m
[2mdist/[22m[2massets/[22m[36msoccer2-ChFOa70G.js                       [39m[1m[2m  108.47 kB[22m[1m[22m[2m │ gzip:  36.60 kB[22m
[2mdist/[22m[2massets/[22m[36mrecordBooks-BS7OJ_eb.js                   [39m[1m[2m  108.78 kB[22m[1m[22m[2m │ gzip:  19.87 kB[22m
[2mdist/[22m[2massets/[22m[36mRebuild-D0y4gA-r.js                       [39m[1m[2m  117.20 kB[22m[1m[22m[2m │ gzip:  35.63 kB[22m
[2mdist/[22m[2massets/[22m[36mConnections-CIZe03LP.js                   [39m[1m[2m  154.18 kB[22m[1m[22m[2m │ gzip:  30.90 kB[22m
[2mdist/[22m[2massets/[22m[36mDartDraft-CuSnllOA.js                     [39m[1m[2m  175.99 kB[22m[1m[22m[2m │ gzip:  57.50 kB[22m
[2mdist/[22m[2massets/[22m[36mhtml2canvas.esm-CBrSDip1.js               [39m[1m[2m  201.42 kB[22m[1m[22m[2m │ gzip:  48.03 kB[22m
[2mdist/[22m[2massets/[22m[36mMlbMyCareer-gZrylkHG.js                   [39m[1m[2m  241.58 kB[22m[1m[22m[2m │ gzip:  80.97 kB[22m
[2mdist/[22m[2massets/[22m[36mNhlMyCareer-BA04hoYS.js                   [39m[1m[2m  247.41 kB[22m[1m[22m[2m │ gzip:  82.08 kB[22m
[2mdist/[22m[2massets/[22m[36mNbaMyCareer-B17Fr8n2.js                   [39m[1m[2m  259.62 kB[22m[1m[22m[2m │ gzip:  88.04 kB[22m
[2mdist/[22m[2massets/[22m[36museCareerMoment-BU9NG7ug.js               [39m[1m[2m  262.40 kB[22m[1m[22m[2m │ gzip:  66.35 kB[22m
[2mdist/[22m[2massets/[22m[36mMissingXi-UAJwqcO_.js                     [39m[1m[2m  264.43 kB[22m[1m[22m[2m │ gzip:  51.91 kB[22m
[2mdist/[22m[2massets/[22m[36mGridArchive-DGcVZZQh.js                   [39m[1m[2m  311.28 kB[22m[1m[22m[2m │ gzip:  56.56 kB[22m
[2mdist/[22m[2massets/[22m[36mWhatsNew-CzcEX2c2.js                      [39m[1m[2m  319.29 kB[22m[1m[22m[2m │ gzip: 102.99 kB[22m
[2mdist/[22m[2massets/[22m[36mcareerPlayers-DOIUlYXN.js                 [39m[1m[2m  335.22 kB[22m[1m[22m[2m │ gzip:  40.78 kB[22m
[2mdist/[22m[2massets/[22m[36musCareerSeasonReview-B5juPlOX.js          [39m[1m[2m  433.78 kB[22m[1m[22m[2m │ gzip: 139.26 kB[22m
[2mdist/[22m[2massets/[22m[36mfrontOfficeDepth-hFZ-rvc7.js              [39m[1m[33m  505.58 kB[39m[22m[2m │ gzip:  56.44 kB[22m
[2mdist/[22m[2massets/[22m[36mclubManager-D3bNR7U0.js                   [39m[1m[33m  756.84 kB[39m[22m[2m │ gzip: 249.51 kB[22m
[2mdist/[22m[2massets/[22m[36mindex-DwTVEouH.js                         [39m[1m[33m  787.40 kB[39m[22m[2m │ gzip: 239.61 kB[22m
[2mdist/[22m[2massets/[22m[36mSoccerCareer-BLvT-hRg.js                  [39m[1m[33m1,269.14 kB[39m[22m[2m │ gzip: 369.14 kB[22m
[33m
(!) Some chunks are larger than 500 kB after minification. Consider:
- Using dynamic import() to code-split the application
- Use build.rollupOptions.output.manualChunks to improve chunking: https://rollupjs.org/configuration-options/#output-manualchunks
- Adjust chunk size limit for this warning via build.chunkSizeWarningLimit.[39m
[32m✓ built in 20.82s[39m
[dukb] inlined 1 stylesheet(s) and 1 module(s) into 180 snapshots (11 left alone)
