fixture: 5496 rows of 2026 (name, nationality, club and value as pulled); position and age real for 2497, drawn for 2999
   row 900 is worth 15M, row 2000 5M; in the top 2,000 the position is real for 1360
1) the pool is the top 2,000 in two pages, and the old 900 are still its first 900
   before: 900 players from 900 rows; after: 2000 players from 2000 rows, asked for as 0+1000 and 1000+1000
   the cheapest man: 15M before, 5M after; the storm floor is 15M in both
   what the pool costs to read, as JSON before compression: 146 KiB in one request before, 324 KiB over two requests after
2) the gold zones give what they gave: the top of the pool did not move
  FAIL: wildcard at GK changed: Kévin Denkey, Thibaut Courtois, David Raya, Alisson, Emiliano Martínez, Gianluigi Donnarumma, Bart Verbruggen, Diogo Costa became Kévin Denkey, Diego López, Thibaut Courtois, David Raya, Alisson, Emiliano Martínez, Roberto Fernández, Gianluigi Donnarumma
   wildcard identical at 10 of 11 slots; wonderkids keep every name at 11 of 11 and gain names at 1 where the old pool ran short of eight
3) the storm did not get worse
   cheapest storm tile before>after, and what the deeper pool would have handed out: GK 15M>15M (5M with no floor), RB 15M>15M (5M with no floor), CB 15M>15M (5M with no floor), LB 15M>15M (5M with no floor), CM 15M>15M (5M with no floor), RW 15M>15M (5M with no floor), ST 15M>15M (5M with no floor), LW 16M>15M (5M with no floor)
   the five storm tiles' average rating fell by -0.36 a slot on average (slot by slot: -0.80, -0.40, 0.00, 0.00, 0.00, 0.00, 0.00, 0.00, -0.60, 0.00, -2.20); 0 slots fell by more than half a point
   with no floor it would have fallen by 4.29 a slot on average (slot by slot: 6.20, 6.20, 2.80, 2.80, 5.00, 3.80, 3.80, 3.80, 3.60, 4.80, 4.40)
4) a country hit keeps its best four and reaches deeper for the rest
   739 country and slot pairs have real players; 218 of them run deeper than eight
   names a country hit could show: 3242 before, 6481 after 30 hits each (2.00x)
5) the mystery zone pays what it paid, and the deeper pool shows as a fourth tile
   names a mystery tile could be, summed over the 11 slots: 1878 before, 4078 after
   the best tile is rated 83.31 on average before (median 83), 83.24 after (median 83); three from anywhere in the deeper pool would have given 81.10 (median 81)
   4400 of 4400 hits carried a fourth tile from under the 15M line; 0 hits had one of the three under it
6) The Machine is the opponent it was
   The Machine's XI is rated 86.86 on average before (median 87), 86.67 after (median 87): a move of -0.19
   players at a slot, fewest to most: 49 to 234 before, 134 to 553 after; The Machine draws from the top forty or the top half, whichever is fewer
7) 2000 whole drafts a model, before and after, graded by the game's own functions
   the twelve dearest nations: France, Spain, United Kingdom, Brazil, Germany, Argentina, Portugal, Netherlands, Italy, Norway, Sweden, Côte d'Ivoire
   sharp thrower, best pick, before: XI 86.97 on average, median 87 (S); grades F 0, D 0, C 0, B 0, A 141, S 1859
   sharp thrower, best pick, after: XI 86.96 on average, median 87 (S); grades F 0, D 0, C 0, B 0, A 150, S 1850
   sharp thrower, random pick, before: XI 81.00 on average, median 81 (A); grades F 0, D 0, C 0, B 67, A 1824, S 109
   sharp thrower, random pick, after: XI 77.64 on average, median 78 (A); grades F 0, D 0, C 0, B 996, A 999, S 5
   land thrower, best pick, before: XI 73.57 on average, median 74 (B); grades F 0, D 3, C 239, B 1509, A 249, S 0
   land thrower, best pick, after: XI 73.66 on average, median 74 (B); grades F 0, D 3, C 244, B 1501, A 251, S 1
   land thrower, random pick, before: XI 69.96 on average, median 70 (B); grades F 0, D 33, C 821, B 1141, A 5, S 0
   land thrower, random pick, after: XI 69.25 on average, median 69 (C); grades F 0, D 47, C 970, B 978, A 5, S 0
   any thrower, best pick, before: XI 51.67 on average, median 52 (F); grades F 1289, D 645, C 66, B 0, A 0, S 0
   any thrower, best pick, after: XI 51.50 on average, median 51 (F); grades F 1344, D 596, C 58, B 2, A 0, S 0
   any thrower, random pick, before: XI 50.13 on average, median 50 (F); grades F 1528, D 446, C 26, B 0, A 0, S 0
   any thrower, random pick, after: XI 49.83 on average, median 49 (F); grades F 1566, D 421, C 13, B 0, A 0, S 0
8) clubs the league lookup does not know
   pool players at a club the lookup does not know: 0.9% of the old 900, 10.2% of the 2000
   96 clubs in the pool are unknown to the lookup; the twenty with the most players (players, dearest in M): FC Toulouse (8, 27); Clube de Regatas Vasco da Gama (7, 11); SK Slavia Prague (7, 10); Fluminense Football Club (6, 13); Leicester City (6, 13); Deportivo Toluca (6, 11); Stade Brestois 29 (6, 10); CF América (5, 11); CD Cruz Azul (5, 10); FC Copenhagen (5, 8); Stade Reims (4, 22); Al-Sadd SC (4, 13); FC Twente Enschede (4, 11); Tigres UANL (4, 10); AC Sparta Prague (4, 8); AS Saint-Étienne (3, 16); Grêmio Foot-Ball Porto Alegrense (3, 13); Without Club (3, 11); BSC Young Boys (3, 10); Dynamo Kyiv (3, 10)
   players a country hit reads (the top 120 of each nation): 5467, 46.7% at a club the lookup does not know
   before: 8000 aimed drafts carry 1.96 such players each; in 20.7% of them the chemistry bonus counts unknown clubs as one league (1.74 rating points when it does)
   after: 8000 aimed drafts carry 2.55 such players each; in 30.6% of them the chemistry bonus counts unknown clubs as one league (1.91 rating points when it does)

simDartDraftPool: 1 FAILURE(S)
