[36mvite v5.4.21 [32mbuilding for production...[36m[39m
transforming...
Browserslist: browsers data (caniuse-lite) is 16 months old. Please run:
  npx update-browserslist-db@latest
  Why you should do it regularly: https://github.com/browserslist/update-db#readme
[32m✓[39m 3388 modules transformed.
rendering chunks...
computing gzip size...
[2mdist/[22m[32mindex.html                                       [39m[1m[2m   31.73 kB[22m[1m[22m[2m │ gzip:  11.40 kB[22m
[2mdist/[22m[2massets/[22m[32mcollegeGridJudge-BnVqn2Y8.json            [39m[1m[2m  542.05 kB[22m[1m[22m[2m │ gzip: 137.17 kB[22m
[2mdist/[22m[2massets/[22m[32mcollegeGridSearch-Bs7o3gLM.json           [39m[1m[2m  599.14 kB[22m[1m[22m[2m │ gzip: 205.33 kB[22m
[2mdist/[22m[2massets/[22m[35mInboxCard-DDfoldLS.css                    [39m[1m[2m    0.31 kB[22m[1m[22m[2m │ gzip:   0.22 kB[22m
[2mdist/[22m[2massets/[22m[35mStaffScreen-DA5KNI2w.css                  [39m[1m[2m    0.34 kB[22m[1m[22m[2m │ gzip:   0.22 kB[22m
[2mdist/[22m[2massets/[22m[35mPuckDetective-CNwlavUM.css                [39m[1m[2m    0.46 kB[22m[1m[22m[2m │ gzip:   0.24 kB[22m
[2mdist/[22m[2massets/[22m[35mMlbFrontOffice-CBF51_-Q.css               [39m[1m[2m    0.46 kB[22m[1m[22m[2m │ gzip:   0.26 kB[22m
[2mdist/[22m[2massets/[22m[35mFreeKick-Db_P_VAd.css                     [39m[1m[2m    0.48 kB[22m[1m[22m[2m │ gzip:   0.26 kB[22m
[2mdist/[22m[2massets/[22m[35mChainLinkMotion-CvpbwvEe.css              [39m[1m[2m    0.51 kB[22m[1m[22m[2m │ gzip:   0.27 kB[22m
[2mdist/[22m[2massets/[22m[35mFantasyDraft-BBpfFIJM.css                 [39m[1m[2m    0.51 kB[22m[1m[22m[2m │ gzip:   0.21 kB[22m
[2mdist/[22m[2massets/[22m[35mF1Constructor-ZNfpvwdP.css                [39m[1m[2m    0.54 kB[22m[1m[22m[2m │ gzip:   0.27 kB[22m
[2mdist/[22m[2massets/[22m[35mTrainingPanel-vaffBj46.css                [39m[1m[2m    0.59 kB[22m[1m[22m[2m │ gzip:   0.32 kB[22m
[2mdist/[22m[2massets/[22m[35mGuessTheNation-BPrjB6wp.css               [39m[1m[2m    0.61 kB[22m[1m[22m[2m │ gzip:   0.29 kB[22m
[2mdist/[22m[2massets/[22m[35mListQuiz-CfGTEzvO.css                     [39m[1m[2m    0.63 kB[22m[1m[22m[2m │ gzip:   0.33 kB[22m
[2mdist/[22m[2massets/[22m[35mThroughBallBoard-gTKr9BrC.css             [39m[1m[2m    0.67 kB[22m[1m[22m[2m │ gzip:   0.35 kB[22m
[2mdist/[22m[2massets/[22m[35mNbaChain-COMs1moS.css                     [39m[1m[2m    0.74 kB[22m[1m[22m[2m │ gzip:   0.37 kB[22m
[2mdist/[22m[2massets/[22m[35mBudgetBuilder-BMPKocqF.css                [39m[1m[2m    0.74 kB[22m[1m[22m[2m │ gzip:   0.33 kB[22m
[2mdist/[22m[2massets/[22m[35mGuessTennisPlayer-BJV-i7my.css            [39m[1m[2m    0.77 kB[22m[1m[22m[2m │ gzip:   0.39 kB[22m
[2mdist/[22m[2massets/[22m[35mGuessNascarDriver-B4spQIn2.css            [39m[1m[2m    0.77 kB[22m[1m[22m[2m │ gzip:   0.38 kB[22m
[2mdist/[22m[2massets/[22m[35mGuessCbbTeam-BcTI5nvh.css                 [39m[1m[2m    0.77 kB[22m[1m[22m[2m │ gzip:   0.39 kB[22m
[2mdist/[22m[2massets/[22m[35mBallIq-BjxfiyZ_.css                       [39m[1m[2m    0.78 kB[22m[1m[22m[2m │ gzip:   0.39 kB[22m
[2mdist/[22m[2massets/[22m[35mMysteryBox-6MFZ-n4f.css                   [39m[1m[2m    0.78 kB[22m[1m[22m[2m │ gzip:   0.37 kB[22m
[2mdist/[22m[2massets/[22m[35mEmojiGuess-MeLdLiyY.css                   [39m[1m[2m    0.83 kB[22m[1m[22m[2m │ gzip:   0.37 kB[22m
[2mdist/[22m[2massets/[22m[35mSearchAndDiscard-Bk7mANi4.css             [39m[1m[2m    0.83 kB[22m[1m[22m[2m │ gzip:   0.40 kB[22m
[2mdist/[22m[2massets/[22m[35mNbaStatLine-DajvjVkC.css                  [39m[1m[2m    0.85 kB[22m[1m[22m[2m │ gzip:   0.39 kB[22m
[2mdist/[22m[2massets/[22m[35mMissingNine-BLGcLOj1.css                  [39m[1m[2m    0.88 kB[22m[1m[22m[2m │ gzip:   0.42 kB[22m
[2mdist/[22m[2massets/[22m[35mF1Driver-DhrxUQx4.css                     [39m[1m[2m    0.94 kB[22m[1m[22m[2m │ gzip:   0.47 kB[22m
[2mdist/[22m[2massets/[22m[35mQuizBoard-CBcAEXDf.css                    [39m[1m[2m    1.02 kB[22m[1m[22m[2m │ gzip:   0.44 kB[22m
[2mdist/[22m[2massets/[22m[35mStatDetective-D6N_cvHt.css                [39m[1m[2m    1.08 kB[22m[1m[22m[2m │ gzip:   0.42 kB[22m
[2mdist/[22m[2massets/[22m[35musePracticeClock-ClTOd3XX.css             [39m[1m[2m    1.09 kB[22m[1m[22m[2m │ gzip:   0.37 kB[22m
[2mdist/[22m[2massets/[22m[35mGridCellLayout-D70wq1lC.css               [39m[1m[2m    1.19 kB[22m[1m[22m[2m │ gzip:   0.50 kB[22m
[2mdist/[22m[2massets/[22m[35mRankEm-Bxuyan4v.css                       [39m[1m[2m    1.33 kB[22m[1m[22m[2m │ gzip:   0.63 kB[22m
[2mdist/[22m[2massets/[22m[35mClueAuction-D9aFrid-.css                  [39m[1m[2m    1.42 kB[22m[1m[22m[2m │ gzip:   0.58 kB[22m
[2mdist/[22m[2massets/[22m[35mSetPieceBoard-BIg86Bhl.css                [39m[1m[2m    1.50 kB[22m[1m[22m[2m │ gzip:   0.61 kB[22m
[2mdist/[22m[2massets/[22m[35mGmTradeBuilder-CsXt162F.css               [39m[1m[2m    1.61 kB[22m[1m[22m[2m │ gzip:   0.48 kB[22m
[2mdist/[22m[2massets/[22m[35mNhlFrontOffice-Ce_3hBzp.css               [39m[1m[2m    2.66 kB[22m[1m[22m[2m │ gzip:   0.99 kB[22m
[2mdist/[22m[2massets/[22m[35mArcadeShotFeedback--eiU5Aah.css           [39m[1m[2m    2.94 kB[22m[1m[22m[2m │ gzip:   0.97 kB[22m
[2mdist/[22m[2massets/[22m[35mPitchSurface-BrcOvsZb.css                 [39m[1m[2m    3.11 kB[22m[1m[22m[2m │ gzip:   0.94 kB[22m
[2mdist/[22m[2massets/[22m[35mFootle-pT74gEft.css                       [39m[1m[2m    3.20 kB[22m[1m[22m[2m │ gzip:   1.02 kB[22m
[2mdist/[22m[2massets/[22m[35mLiveSimScreen-CutcJFZR.css                [39m[1m[2m    3.70 kB[22m[1m[22m[2m │ gzip:   1.15 kB[22m
[2mdist/[22m[2massets/[22m[35mAussieRulesManager-zdcvwuMp.css           [39m[1m[2m    4.10 kB[22m[1m[22m[2m │ gzip:   1.18 kB[22m
[2mdist/[22m[2massets/[22m[35mSportHub-wXzienJm.css                     [39m[1m[2m    9.45 kB[22m[1m[22m[2m │ gzip:   2.42 kB[22m
[2mdist/[22m[2massets/[22m[35musCareerSeasonReview-CB720FuL.css         [39m[1m[2m    9.83 kB[22m[1m[22m[2m │ gzip:   2.83 kB[22m
[2mdist/[22m[2massets/[22m[35mindex-BBuOK6mc.css                        [39m[1m[2m  196.87 kB[22m[1m[22m[2m │ gzip:  32.52 kB[22m
[2mdist/[22m[2massets/[22m[36mfirstDraw-DhshXfEx.js                     [39m[1m[2m    0.10 kB[22m[1m[22m[2m │ gzip:   0.10 kB[22m
[2mdist/[22m[2massets/[22m[36mChainLinkMotion.module-CU3oOeKl.js        [39m[1m[2m    0.12 kB[22m[1m[22m[2m │ gzip:   0.11 kB[22m
[2mdist/[22m[2massets/[22m[36mdialogA11y-BCgxbiii.js                    [39m[1m[2m    0.15 kB[22m[1m[22m[2m │ gzip:   0.13 kB[22m
[2mdist/[22m[2massets/[22m[36mformatNumber-CGuttX8h.js                  [39m[1m[2m    0.15 kB[22m[1m[22m[2m │ gzip:   0.15 kB[22m
[2mdist/[22m[2massets/[22m[36mskeleton-B2qM8kOK.js                      [39m[1m[2m    0.17 kB[22m[1m[22m[2m │ gzip:   0.16 kB[22m
[2mdist/[22m[2massets/[22m[36mownGoalRule-J3XQry1d.js                   [39m[1m[2m    0.18 kB[22m[1m[22m[2m │ gzip:   0.17 kB[22m
[2mdist/[22m[2massets/[22m[36mclubManagerClock-C1EiWjUJ.js              [39m[1m[2m    0.25 kB[22m[1m[22m[2m │ gzip:   0.16 kB[22m
[2mdist/[22m[2massets/[22m[36mkeyedRng-BKZQ2UGv.js                      [39m[1m[2m    0.25 kB[22m[1m[22m[2m │ gzip:   0.21 kB[22m
[2mdist/[22m[2massets/[22m[36mnameFold-Cxobkrgg.js                      [39m[1m[2m    0.26 kB[22m[1m[22m[2m │ gzip:   0.24 kB[22m
[2mdist/[22m[2massets/[22m[36mcareerHeadroom-B6hg86bq.js                [39m[1m[2m    0.26 kB[22m[1m[22m[2m │ gzip:   0.19 kB[22m
[2mdist/[22m[2massets/[22m[36mvalidationReason-Bdi7tqty.js              [39m[1m[2m    0.26 kB[22m[1m[22m[2m │ gzip:   0.18 kB[22m
[2mdist/[22m[2massets/[22m[36mensureAnswerInOptions-ip2BqsWb.js         [39m[1m[2m    0.27 kB[22m[1m[22m[2m │ gzip:   0.15 kB[22m
[2mdist/[22m[2massets/[22m[36mseoMetaPart08-IZEXs0WU.js                 [39m[1m[2m    0.27 kB[22m[1m[22m[2m │ gzip:   0.22 kB[22m
[2mdist/[22m[2massets/[22m[36mnotCurrentPlayers-monyGCOh.js             [39m[1m[2m    0.28 kB[22m[1m[22m[2m │ gzip:   0.24 kB[22m
[2mdist/[22m[2massets/[22m[36mchevron-down-BMyTa-1U.js                  [39m[1m[2m    0.29 kB[22m[1m[22m[2m │ gzip:   0.24 kB[22m
[2mdist/[22m[2massets/[22m[36mchevron-up-YIJhNY4k.js                    [39m[1m[2m    0.29 kB[22m[1m[22m[2m │ gzip:   0.24 kB[22m
[2mdist/[22m[2massets/[22m[36msoccerBootIds-BWkyFIXk.js                 [39m[1m[2m    0.29 kB[22m[1m[22m[2m │ gzip:   0.20 kB[22m
[2mdist/[22m[2massets/[22m[36museOwnedTimeouts-Jx5cWUqF.js              [39m[1m[2m    0.29 kB[22m[1m[22m[2m │ gzip:   0.21 kB[22m
[2mdist/[22m[2massets/[22m[36museScrollToGame-DTuZnVTr.js               [39m[1m[2m    0.30 kB[22m[1m[22m[2m │ gzip:   0.24 kB[22m
[2mdist/[22m[2massets/[22m[36marcadeRecord-Ccbsg8hp.js                  [39m[1m[2m    0.31 kB[22m[1m[22m[2m │ gzip:   0.23 kB[22m
[2mdist/[22m[2massets/[22m[36marrow-down-E9i_kmzy.js                    [39m[1m[2m    0.33 kB[22m[1m[22m[2m │ gzip:   0.26 kB[22m
[2mdist/[22m[2massets/[22m[36marrow-up-CYA_-g5a.js                      [39m[1m[2m    0.33 kB[22m[1m[22m[2m │ gzip:   0.26 kB[22m
[2mdist/[22m[2massets/[22m[36mGridCellLayout.module-BrZZmB8D.js         [39m[1m[2m    0.33 kB[22m[1m[22m[2m │ gzip:   0.23 kB[22m
[2mdist/[22m[2massets/[22m[36marrow-left-Dh2Xdz7v.js                    [39m[1m[2m    0.33 kB[22m[1m[22m[2m │ gzip:   0.26 kB[22m
[2mdist/[22m[2massets/[22m[36mclock-CscBZiA1.js                         [39m[1m[2m    0.35 kB[22m[1m[22m[2m │ gzip:   0.27 kB[22m
[2mdist/[22m[2massets/[22m[36mskip-forward-EaKJTS3U.js                  [39m[1m[2m    0.36 kB[22m[1m[22m[2m │ gzip:   0.29 kB[22m
[2mdist/[22m[2massets/[22m[36mfast-forward-BEWeFM_-.js                  [39m[1m[2m    0.37 kB[22m[1m[22m[2m │ gzip:   0.28 kB[22m
[2mdist/[22m[2massets/[22m[36mrotate-ccw-DjKPuoKo.js                    [39m[1m[2m    0.37 kB[22m[1m[22m[2m │ gzip:   0.29 kB[22m
[2mdist/[22m[2massets/[22m[36mtrending-up-itiOEDKm.js                   [39m[1m[2m    0.37 kB[22m[1m[22m[2m │ gzip:   0.28 kB[22m
[2mdist/[22m[2massets/[22m[36mlock-BJxZaVT-.js                          [39m[1m[2m    0.38 kB[22m[1m[22m[2m │ gzip:   0.29 kB[22m
[2mdist/[22m[2massets/[22m[36mtrending-down-KVCWotrA.js                 [39m[1m[2m    0.38 kB[22m[1m[22m[2m │ gzip:   0.28 kB[22m
[2mdist/[22m[2massets/[22m[36minfinity-CmOMBkf1.js                      [39m[1m[2m    0.38 kB[22m[1m[22m[2m │ gzip:   0.29 kB[22m
[2mdist/[22m[2massets/[22m[36mflag-WX6muXEG.js                          [39m[1m[2m    0.39 kB[22m[1m[22m[2m │ gzip:   0.31 kB[22m
[2mdist/[22m[2massets/[22m[36mbriefcase-CmdhM0Zx.js                     [39m[1m[2m    0.39 kB[22m[1m[22m[2m │ gzip:   0.30 kB[22m
[2mdist/[22m[2massets/[22m[36mtarget-_3CUHJCI.js                        [39m[1m[2m    0.40 kB[22m[1m[22m[2m │ gzip:   0.27 kB[22m
[2mdist/[22m[2massets/[22m[36mshareGrids-BBcTDnrG.js                    [39m[1m[2m    0.40 kB[22m[1m[22m[2m │ gzip:   0.29 kB[22m
[2mdist/[22m[2massets/[22m[36mcopy-DQ5UM5UT.js                          [39m[1m[2m    0.41 kB[22m[1m[22m[2m │ gzip:   0.31 kB[22m
[2mdist/[22m[2massets/[22m[36mcircle-help-d4vH0q93.js                   [39m[1m[2m    0.41 kB[22m[1m[22m[2m │ gzip:   0.30 kB[22m
[2mdist/[22m[2massets/[22m[36mtimer-BcNiqxYd.js                         [39m[1m[2m    0.41 kB[22m[1m[22m[2m │ gzip:   0.29 kB[22m
[2mdist/[22m[2massets/[22m[36mlink-2-BgrhW9UT.js                        [39m[1m[2m    0.41 kB[22m[1m[22m[2m │ gzip:   0.31 kB[22m
[2mdist/[22m[2massets/[22m[36marrow-left-right-M1Pxszt1.js              [39m[1m[2m    0.42 kB[22m[1m[22m[2m │ gzip:   0.30 kB[22m
[2mdist/[22m[2massets/[22m[36mawardDecision-aIUMdt9Z.js                 [39m[1m[2m    0.42 kB[22m[1m[22m[2m │ gzip:   0.22 kB[22m
[2mdist/[22m[2massets/[22m[36meye-BPCgaENA.js                           [39m[1m[2m    0.43 kB[22m[1m[22m[2m │ gzip:   0.30 kB[22m
[2mdist/[22m[2massets/[22m[36mcalendar-tgBUfCcL.js                      [39m[1m[2m    0.43 kB[22m[1m[22m[2m │ gzip:   0.30 kB[22m
[2mdist/[22m[2massets/[22m[36mzap-CtGlfmId.js                           [39m[1m[2m    0.43 kB[22m[1m[22m[2m │ gzip:   0.31 kB[22m
[2mdist/[22m[2massets/[22m[36museBodyLock-CDxlv_5j.js                   [39m[1m[2m    0.45 kB[22m[1m[22m[2m │ gzip:   0.28 kB[22m
[2mdist/[22m[2massets/[22m[36mlightbulb-CfDE-5BB.js                     [39m[1m[2m    0.46 kB[22m[1m[22m[2m │ gzip:   0.33 kB[22m
[2mdist/[22m[2massets/[22m[36msend-QS0_tURb.js                          [39m[1m[2m    0.46 kB[22m[1m[22m[2m │ gzip:   0.33 kB[22m
[2mdist/[22m[2massets/[22m[36musers-BWbMrnXV.js                         [39m[1m[2m    0.47 kB[22m[1m[22m[2m │ gzip:   0.33 kB[22m
[2mdist/[22m[2massets/[22m[36mshield-half-qzCFoXvN.js                   [39m[1m[2m    0.48 kB[22m[1m[22m[2m │ gzip:   0.35 kB[22m
[2mdist/[22m[2massets/[22m[36marcade-CUT7KVjC.js                        [39m[1m[2m    0.49 kB[22m[1m[22m[2m │ gzip:   0.32 kB[22m
[2mdist/[22m[2massets/[22m[36mReferenceSources-uAe40-5D.js              [39m[1m[2m    0.49 kB[22m[1m[22m[2m │ gzip:   0.36 kB[22m
[2mdist/[22m[2massets/[22m[36mgraduation-cap-D2HWZ3vZ.js                [39m[1m[2m    0.50 kB[22m[1m[22m[2m │ gzip:   0.35 kB[22m
[2mdist/[22m[2massets/[22m[36mseoMetaPart20-D3Jt8qZ_.js                 [39m[1m[2m    0.50 kB[22m[1m[22m[2m │ gzip:   0.34 kB[22m
[2mdist/[22m[2massets/[22m[36mentityIds-L4Nd6Y8C.js                     [39m[1m[2m    0.51 kB[22m[1m[22m[2m │ gzip:   0.34 kB[22m
[2mdist/[22m[2massets/[22m[36mseoMetaPart07-ympky3rW.js                 [39m[1m[2m    0.51 kB[22m[1m[22m[2m │ gzip:   0.35 kB[22m
[2mdist/[22m[2massets/[22m[36mnewspaper-DgpDMQq9.js                     [39m[1m[2m    0.51 kB[22m[1m[22m[2m │ gzip:   0.34 kB[22m
[2mdist/[22m[2massets/[22m[36mseoMetaPart13-Ig-3KGy2.js                 [39m[1m[2m    0.51 kB[22m[1m[22m[2m │ gzip:   0.34 kB[22m
[2mdist/[22m[2massets/[22m[36mseoMetaPart31-BPitkLcI.js                 [39m[1m[2m    0.52 kB[22m[1m[22m[2m │ gzip:   0.35 kB[22m
[2mdist/[22m[2massets/[22m[36mtrash-2-SNca0c_R.js                       [39m[1m[2m    0.53 kB[22m[1m[22m[2m │ gzip:   0.35 kB[22m
[2mdist/[22m[2massets/[22m[36mcrown-Z0t5tJwu.js                         [39m[1m[2m    0.53 kB[22m[1m[22m[2m │ gzip:   0.36 kB[22m
[2mdist/[22m[2massets/[22m[36mshuffle-tBu23fur.js                       [39m[1m[2m    0.55 kB[22m[1m[22m[2m │ gzip:   0.35 kB[22m
[2mdist/[22m[2massets/[22m[36mpackage-D3tWfuDl.js                       [39m[1m[2m    0.56 kB[22m[1m[22m[2m │ gzip:   0.36 kB[22m
[2mdist/[22m[2massets/[22m[36mdailyRecord-CX9SdYxa.js                   [39m[1m[2m    0.56 kB[22m[1m[22m[2m │ gzip:   0.34 kB[22m
[2mdist/[22m[2massets/[22m[36mclipboard-list-BW-oCZBe.js                [39m[1m[2m    0.58 kB[22m[1m[22m[2m │ gzip:   0.36 kB[22m
[2mdist/[22m[2massets/[22m[36mmedal-CmHjcOTP.js                         [39m[1m[2m    0.60 kB[22m[1m[22m[2m │ gzip:   0.39 kB[22m
[2mdist/[22m[2massets/[22m[36mhandshake-1I4UBXwE.js                     [39m[1m[2m    0.62 kB[22m[1m[22m[2m │ gzip:   0.39 kB[22m
[2mdist/[22m[2massets/[22m[36mstar-CwntrT0q.js                          [39m[1m[2m    0.64 kB[22m[1m[22m[2m │ gzip:   0.40 kB[22m
[2mdist/[22m[2massets/[22m[36mfetchQuizBoard-DSZespws.js                [39m[1m[2m    0.66 kB[22m[1m[22m[2m │ gzip:   0.43 kB[22m
[2mdist/[22m[2massets/[22m[36mresume-iKq-NREI.js                        [39m[1m[2m    0.67 kB[22m[1m[22m[2m │ gzip:   0.42 kB[22m
[2mdist/[22m[2massets/[22m[36mleagueCore--DUG-EXw.js                    [39m[1m[2m    0.67 kB[22m[1m[22m[2m │ gzip:   0.43 kB[22m
[2mdist/[22m[2massets/[22m[36mbadge-CNRVFP1G.js                         [39m[1m[2m    0.71 kB[22m[1m[22m[2m │ gzip:   0.37 kB[22m
[2mdist/[22m[2massets/[22m[36mSeasonResumeChip-D4EqOLJO.js              [39m[1m[2m    0.71 kB[22m[1m[22m[2m │ gzip:   0.49 kB[22m
[2mdist/[22m[2massets/[22m[36mswords-DH0x0scu.js                        [39m[1m[2m    0.72 kB[22m[1m[22m[2m │ gzip:   0.39 kB[22m
[2mdist/[22m[2massets/[22m[36mdumbbell-Ccg6pVVQ.js                      [39m[1m[2m    0.73 kB[22m[1m[22m[2m │ gzip:   0.40 kB[22m
[2mdist/[22m[2massets/[22m[36mseoMetaPart02-BYbZNxRj.js                 [39m[1m[2m    0.74 kB[22m[1m[22m[2m │ gzip:   0.44 kB[22m
[2mdist/[22m[2massets/[22m[36mseoMetaPart10-CPgkU0Ug.js                 [39m[1m[2m    0.75 kB[22m[1m[22m[2m │ gzip:   0.46 kB[22m
[2mdist/[22m[2massets/[22m[36mseoMetaPart16-CmMlK9Np.js                 [39m[1m[2m    0.75 kB[22m[1m[22m[2m │ gzip:   0.45 kB[22m
[2mdist/[22m[2massets/[22m[36mseoMetaPart00-CuVEcdvG.js                 [39m[1m[2m    0.75 kB[22m[1m[22m[2m │ gzip:   0.46 kB[22m
[2mdist/[22m[2massets/[22m[36mseoMetaPart01-DtjgkM8Q.js                 [39m[1m[2m    0.75 kB[22m[1m[22m[2m │ gzip:   0.45 kB[22m
[2mdist/[22m[2massets/[22m[36mseoMetaPart11-oLlb_0nk.js                 [39m[1m[2m    0.75 kB[22m[1m[22m[2m │ gzip:   0.45 kB[22m
[2mdist/[22m[2massets/[22m[36mseoMetaPart03-BOxIFoUd.js                 [39m[1m[2m    0.76 kB[22m[1m[22m[2m │ gzip:   0.47 kB[22m
[2mdist/[22m[2massets/[22m[36mgmDealTable-DYyD4N4_.js                   [39m[1m[2m    0.77 kB[22m[1m[22m[2m │ gzip:   0.44 kB[22m
[2mdist/[22m[2massets/[22m[36mgamepad-2-CMBteGPt.js                     [39m[1m[2m    0.79 kB[22m[1m[22m[2m │ gzip:   0.49 kB[22m
[2mdist/[22m[2massets/[22m[36museGameCompletion-C1JBb8Lu.js             [39m[1m[2m    0.81 kB[22m[1m[22m[2m │ gzip:   0.49 kB[22m
[2mdist/[22m[2massets/[22m[36mRestoredResult-CXrnQx3L.js                [39m[1m[2m    0.86 kB[22m[1m[22m[2m │ gzip:   0.43 kB[22m
[2mdist/[22m[2massets/[22m[36mcareerEngine-C0YCb0dd.js                  [39m[1m[2m    0.86 kB[22m[1m[22m[2m │ gzip:   0.47 kB[22m
[2mdist/[22m[2massets/[22m[36mConfetti-rnz10aly.js                      [39m[1m[2m    0.90 kB[22m[1m[22m[2m │ gzip:   0.61 kB[22m
[2mdist/[22m[2massets/[22m[36mfetchAllRows-CkoDCTo8.js                  [39m[1m[2m    0.92 kB[22m[1m[22m[2m │ gzip:   0.44 kB[22m
[2mdist/[22m[2massets/[22m[36musCareerReveal-BW47Ke0-.js                [39m[1m[2m    0.94 kB[22m[1m[22m[2m │ gzip:   0.58 kB[22m
[2mdist/[22m[2massets/[22m[36mseoMetaPart24-CQTtSrLB.js                 [39m[1m[2m    0.98 kB[22m[1m[22m[2m │ gzip:   0.56 kB[22m
[2mdist/[22m[2massets/[22m[36mcard-Dv-mI7rT.js                          [39m[1m[2m    0.99 kB[22m[1m[22m[2m │ gzip:   0.37 kB[22m
[2mdist/[22m[2massets/[22m[36mseoMetaPart04-DRX4FtX_.js                 [39m[1m[2m    0.99 kB[22m[1m[22m[2m │ gzip:   0.55 kB[22m
[2mdist/[22m[2massets/[22m[36mseoMetaPart15-9v6Tzod_.js                 [39m[1m[2m    0.99 kB[22m[1m[22m[2m │ gzip:   0.53 kB[22m
[2mdist/[22m[2massets/[22m[36mseoMetaPart18-Beou92RL.js                 [39m[1m[2m    0.99 kB[22m[1m[22m[2m │ gzip:   0.57 kB[22m
[2mdist/[22m[2massets/[22m[36mseoMetaPart23-RMiEDEGg.js                 [39m[1m[2m    1.00 kB[22m[1m[22m[2m │ gzip:   0.55 kB[22m
[2mdist/[22m[2massets/[22m[36mseoMetaPart19-CpToAW9C.js                 [39m[1m[2m    1.00 kB[22m[1m[22m[2m │ gzip:   0.55 kB[22m
[2mdist/[22m[2massets/[22m[36mseoMetaPart25-Cf_pDGZt.js                 [39m[1m[2m    1.00 kB[22m[1m[22m[2m │ gzip:   0.56 kB[22m
[2mdist/[22m[2massets/[22m[36mseoMetaPart21-BhVVnIEN.js                 [39m[1m[2m    1.01 kB[22m[1m[22m[2m │ gzip:   0.54 kB[22m
[2mdist/[22m[2massets/[22m[36mseoMetaPart05-BnXoXrsk.js                 [39m[1m[2m    1.01 kB[22m[1m[22m[2m │ gzip:   0.59 kB[22m
[2mdist/[22m[2massets/[22m[36mseoMetaPart22-S-3F3LJ6.js                 [39m[1m[2m    1.01 kB[22m[1m[22m[2m │ gzip:   0.59 kB[22m
[2mdist/[22m[2massets/[22m[36mGuessFinish-BhAOi92X.js                   [39m[1m[2m    1.13 kB[22m[1m[22m[2m │ gzip:   0.60 kB[22m
[2mdist/[22m[2massets/[22m[36mfetchCareerPlayers-D4rNozbY.js            [39m[1m[2m    1.16 kB[22m[1m[22m[2m │ gzip:   0.56 kB[22m
[2mdist/[22m[2massets/[22m[36mchemistry-DIs7dgmv.js                     [39m[1m[2m    1.19 kB[22m[1m[22m[2m │ gzip:   0.58 kB[22m
[2mdist/[22m[2massets/[22m[36mGiveUpButton-CAEAPI3N.js                  [39m[1m[2m    1.19 kB[22m[1m[22m[2m │ gzip:   0.54 kB[22m
[2mdist/[22m[2massets/[22m[36mseoMetaPart06-N4xfX3Sj.js                 [39m[1m[2m    1.20 kB[22m[1m[22m[2m │ gzip:   0.58 kB[22m
[2mdist/[22m[2massets/[22m[36mseoMetaPart14-Ca8w5qDt.js                 [39m[1m[2m    1.21 kB[22m[1m[22m[2m │ gzip:   0.61 kB[22m
[2mdist/[22m[2massets/[22m[36mseoMetaPart12-BJfl671y.js                 [39m[1m[2m    1.21 kB[22m[1m[22m[2m │ gzip:   0.67 kB[22m
[2mdist/[22m[2massets/[22m[36mseoMetaPart27-CP2Svxjt.js                 [39m[1m[2m    1.22 kB[22m[1m[22m[2m │ gzip:   0.65 kB[22m
[2mdist/[22m[2massets/[22m[36mseoMetaPart28-g2Jhz3O3.js                 [39m[1m[2m    1.22 kB[22m[1m[22m[2m │ gzip:   0.67 kB[22m
[2mdist/[22m[2massets/[22m[36mClubManagerTreatmentPanel-DDow4ImM.js     [39m[1m[2m    1.23 kB[22m[1m[22m[2m │ gzip:   0.73 kB[22m
[2mdist/[22m[2massets/[22m[36mGameShell-BRwCsPZd.js                     [39m[1m[2m    1.30 kB[22m[1m[22m[2m │ gzip:   0.69 kB[22m
[2mdist/[22m[2massets/[22m[36mGridBoardSkeleton-DWkNMZVf.js             [39m[1m[2m    1.32 kB[22m[1m[22m[2m │ gzip:   0.60 kB[22m
[2mdist/[22m[2massets/[22m[36mconfederationGroups-B32gL-Nc.js           [39m[1m[2m    1.34 kB[22m[1m[22m[2m │ gzip:   0.70 kB[22m
[2mdist/[22m[2massets/[22m[36mHowToPlayPopover-H29H3uyy.js              [39m[1m[2m    1.37 kB[22m[1m[22m[2m │ gzip:   0.77 kB[22m
[2mdist/[22m[2massets/[22m[36mHubTiles-vz21aOlj.js                      [39m[1m[2m    1.39 kB[22m[1m[22m[2m │ gzip:   0.60 kB[22m
[2mdist/[22m[2massets/[22m[36mpositionFit-BbUnYZIs.js                   [39m[1m[2m    1.42 kB[22m[1m[22m[2m │ gzip:   0.67 kB[22m
[2mdist/[22m[2massets/[22m[36mRulesGate-jXd2Vu4Y.js                     [39m[1m[2m    1.42 kB[22m[1m[22m[2m │ gzip:   0.81 kB[22m
[2mdist/[22m[2massets/[22m[36mseoMetaPart29-DFpfKJo-.js                 [39m[1m[2m    1.47 kB[22m[1m[22m[2m │ gzip:   0.73 kB[22m
[2mdist/[22m[2massets/[22m[36museArcadeFlight-XTdWdZN4.js               [39m[1m[2m    1.51 kB[22m[1m[22m[2m │ gzip:   0.66 kB[22m
[2mdist/[22m[2massets/[22m[36mCelebration-DLEl_hkR.js                   [39m[1m[2m    1.53 kB[22m[1m[22m[2m │ gzip:   0.82 kB[22m
[2mdist/[22m[2massets/[22m[36mfoSchedule-BzpgxJRf.js                    [39m[1m[2m    1.57 kB[22m[1m[22m[2m │ gzip:   0.89 kB[22m
[2mdist/[22m[2massets/[22m[36msmartSearch-DxQivxxe.js                   [39m[1m[2m    1.58 kB[22m[1m[22m[2m │ gzip:   0.71 kB[22m
[2mdist/[22m[2massets/[22m[36mCareerFx-BgRI1StG.js                      [39m[1m[2m    1.58 kB[22m[1m[22m[2m │ gzip:   0.92 kB[22m
[2mdist/[22m[2massets/[22m[36mdeskCue-xKCR36CP.js                       [39m[1m[2m    1.62 kB[22m[1m[22m[2m │ gzip:   0.91 kB[22m
[2mdist/[22m[2massets/[22m[36msilverwareSort-DWdjA8ee.js                [39m[1m[2m    1.63 kB[22m[1m[22m[2m │ gzip:   0.83 kB[22m
[2mdist/[22m[2massets/[22m[36mGameHelp-zoY4kBml.js                      [39m[1m[2m    1.65 kB[22m[1m[22m[2m │ gzip:   0.79 kB[22m
[2mdist/[22m[2massets/[22m[36musePracticeClock-Be1-jM4b.js              [39m[1m[2m    1.66 kB[22m[1m[22m[2m │ gzip:   0.83 kB[22m
[2mdist/[22m[2massets/[22m[36mseoMetaPart26-BXx6PSW7.js                 [39m[1m[2m    1.71 kB[22m[1m[22m[2m │ gzip:   0.90 kB[22m
[2mdist/[22m[2massets/[22m[36mTeamTalkRow-GzKWcEKE.js                   [39m[1m[2m    1.73 kB[22m[1m[22m[2m │ gzip:   0.93 kB[22m
[2mdist/[22m[2massets/[22m[36mmlbGrid-CHcI5br6.js                       [39m[1m[2m    1.83 kB[22m[1m[22m[2m │ gzip:   0.76 kB[22m
[2mdist/[22m[2massets/[22m[36mWonderkidFactory-Bd7EQSel.js              [39m[1m[2m    1.85 kB[22m[1m[22m[2m │ gzip:   0.94 kB[22m
[2mdist/[22m[2massets/[22m[36mclubManagerMeters-DLY7jLN-.js             [39m[1m[2m    1.87 kB[22m[1m[22m[2m │ gzip:   1.00 kB[22m
[2mdist/[22m[2massets/[22m[36mhockeyGrid-B7znybmV.js                    [39m[1m[2m    1.92 kB[22m[1m[22m[2m │ gzip:   0.81 kB[22m
[2mdist/[22m[2massets/[22m[36museRevealScroll-GHJyTuWn.js               [39m[1m[2m    1.94 kB[22m[1m[22m[2m │ gzip:   0.80 kB[22m
[2mdist/[22m[2massets/[22m[36mseoMetaPart30-C2bf-ABQ.js                 [39m[1m[2m    1.94 kB[22m[1m[22m[2m │ gzip:   0.96 kB[22m
[2mdist/[22m[2massets/[22m[36mfreeKick-BSoL5hQo.js                      [39m[1m[2m    1.94 kB[22m[1m[22m[2m │ gzip:   1.10 kB[22m
[2mdist/[22m[2massets/[22m[36mseoMetaPart17-DdtdxoPB.js                 [39m[1m[2m    1.94 kB[22m[1m[22m[2m │ gzip:   0.96 kB[22m
[2mdist/[22m[2massets/[22m[36mcareerHallSpeech-D8aXsOEv.js              [39m[1m[2m    1.94 kB[22m[1m[22m[2m │ gzip:   1.03 kB[22m
[2mdist/[22m[2massets/[22m[36mArcadeShotFeedback--xsBXsIT.js            [39m[1m[2m    1.96 kB[22m[1m[22m[2m │ gzip:   0.93 kB[22m
[2mdist/[22m[2massets/[22m[36mMetersStrip-WH3VQg8b.js                   [39m[1m[2m    2.00 kB[22m[1m[22m[2m │ gzip:   1.03 kB[22m
[2mdist/[22m[2massets/[22m[36msoccerBoots-BK_dXNrV.js                   [39m[1m[2m    2.02 kB[22m[1m[22m[2m │ gzip:   0.99 kB[22m
[2mdist/[22m[2massets/[22m[36mAdBanner-D-eyavYf.js                      [39m[1m[2m    2.04 kB[22m[1m[22m[2m │ gzip:   1.08 kB[22m
[2mdist/[22m[2massets/[22m[36mConnect4Finish-DFpXA9ZF.js                [39m[1m[2m    2.06 kB[22m[1m[22m[2m │ gzip:   0.92 kB[22m
[2mdist/[22m[2massets/[22m[36mCelebrationStyles-Biyg_jj7.js             [39m[1m[2m    2.13 kB[22m[1m[22m[2m │ gzip:   0.72 kB[22m
[2mdist/[22m[2massets/[22m[36mAcademyProspects-Bln-CFoA.js              [39m[1m[2m    2.15 kB[22m[1m[22m[2m │ gzip:   1.00 kB[22m
[2mdist/[22m[2massets/[22m[36mseoMetaPart09-DnyHg2Rd.js                 [39m[1m[2m    2.17 kB[22m[1m[22m[2m │ gzip:   1.05 kB[22m
[2mdist/[22m[2massets/[22m[36mPerfectLineupNba-CWHnCe2G.js              [39m[1m[2m    2.24 kB[22m[1m[22m[2m │ gzip:   1.11 kB[22m
[2mdist/[22m[2massets/[22m[36mResultScreen-C2piY7Ip.js                  [39m[1m[2m    2.28 kB[22m[1m[22m[2m │ gzip:   1.15 kB[22m
[2mdist/[22m[2massets/[22m[36mfrontOfficeSave-DokBHTSA.js               [39m[1m[2m    2.37 kB[22m[1m[22m[2m │ gzip:   1.07 kB[22m
[2mdist/[22m[2massets/[22m[36mDailyLegendOverlay-CCv3M9-x.js            [39m[1m[2m    2.39 kB[22m[1m[22m[2m │ gzip:   1.22 kB[22m
[2mdist/[22m[2massets/[22m[36mPostGameStats-3rwhHt-Z.js                 [39m[1m[2m    2.52 kB[22m[1m[22m[2m │ gzip:   1.17 kB[22m
[2mdist/[22m[2massets/[22m[36mClubManagerBoardPanel-Byk1O_2h.js         [39m[1m[2m    2.56 kB[22m[1m[22m[2m │ gzip:   1.04 kB[22m
[2mdist/[22m[2massets/[22m[36mcareerAwardsNight-BDQnO6dK.js             [39m[1m[2m    2.57 kB[22m[1m[22m[2m │ gzip:   1.27 kB[22m
[2mdist/[22m[2massets/[22m[36mAdminLogin-rARV4m5R.js                    [39m[1m[2m    2.59 kB[22m[1m[22m[2m │ gzip:   1.23 kB[22m
[2mdist/[22m[2massets/[22m[36mReportQuestion-BAz_9CZu.js                [39m[1m[2m    2.92 kB[22m[1m[22m[2m │ gzip:   1.33 kB[22m
[2mdist/[22m[2massets/[22m[36mconquestDataMlb-B4MKOeDm.js               [39m[1m[2m    2.93 kB[22m[1m[22m[2m │ gzip:   1.22 kB[22m
[2mdist/[22m[2massets/[22m[36mLeagueTableCard-DH2uOgh5.js               [39m[1m[2m    3.02 kB[22m[1m[22m[2m │ gzip:   1.08 kB[22m
[2mdist/[22m[2massets/[22m[36msquadShape-DzJQ1wtR.js                    [39m[1m[2m    3.03 kB[22m[1m[22m[2m │ gzip:   1.07 kB[22m
[2mdist/[22m[2massets/[22m[36msearchDiscard-Cn3QYPqP.js                 [39m[1m[2m    3.05 kB[22m[1m[22m[2m │ gzip:   1.58 kB[22m
[2mdist/[22m[2massets/[22m[36mnbaCareerTraining-DVLxjl4T.js             [39m[1m[2m    3.05 kB[22m[1m[22m[2m │ gzip:   1.62 kB[22m
[2mdist/[22m[2massets/[22m[36mdailySaveShapes-CmYZfx9m.js               [39m[1m[2m    3.05 kB[22m[1m[22m[2m │ gzip:   1.46 kB[22m
[2mdist/[22m[2massets/[22m[36mconquestDataNhl-BBvewyKz.js               [39m[1m[2m    3.06 kB[22m[1m[22m[2m │ gzip:   1.26 kB[22m
[2mdist/[22m[2massets/[22m[36mtennisHLPlayers-DIbH8knL.js               [39m[1m[2m    3.07 kB[22m[1m[22m[2m │ gzip:   0.88 kB[22m
[2mdist/[22m[2massets/[22m[36mconquestMapGeometry-DMIJk1yA.js           [39m[1m[2m    3.10 kB[22m[1m[22m[2m │ gzip:   1.42 kB[22m
[2mdist/[22m[2massets/[22m[36mlocalLineupEval-BfvVSCp0.js               [39m[1m[2m    3.11 kB[22m[1m[22m[2m │ gzip:   1.50 kB[22m
[2mdist/[22m[2massets/[22m[36museDailyPuzzle-D0Jbm1rj.js                [39m[1m[2m    3.13 kB[22m[1m[22m[2m │ gzip:   1.37 kB[22m
[2mdist/[22m[2massets/[22m[36mFarewellCard-CdF0UGTG.js                  [39m[1m[2m    3.15 kB[22m[1m[22m[2m │ gzip:   1.48 kB[22m
[2mdist/[22m[2massets/[22m[36mtabs-C_YEgpzj.js                          [39m[1m[2m    3.19 kB[22m[1m[22m[2m │ gzip:   1.35 kB[22m
[2mdist/[22m[2massets/[22m[36mNbaGauntletDraft-Cax02q8S.js              [39m[1m[2m    3.23 kB[22m[1m[22m[2m │ gzip:   1.57 kB[22m
[2mdist/[22m[2massets/[22m[36mGridBoard-OlSkj7YO.js                     [39m[1m[2m    3.25 kB[22m[1m[22m[2m │ gzip:   1.23 kB[22m
[2mdist/[22m[2massets/[22m[36mdealPlayers-DFu6Qt_d.js                   [39m[1m[2m    3.27 kB[22m[1m[22m[2m │ gzip:   1.88 kB[22m
[2mdist/[22m[2massets/[22m[36mContact-DfZ06hnS.js                       [39m[1m[2m    3.37 kB[22m[1m[22m[2m │ gzip:   1.35 kB[22m
[2mdist/[22m[2massets/[22m[36mAcademyLegacyPanel-DWc-DaHD.js            [39m[1m[2m    3.43 kB[22m[1m[22m[2m │ gzip:   1.42 kB[22m
[2mdist/[22m[2massets/[22m[36mmlbCareerTraining-DiN9aJUw.js             [39m[1m[2m    3.53 kB[22m[1m[22m[2m │ gzip:   1.84 kB[22m
[2mdist/[22m[2massets/[22m[36mUclGroupsCard-DCAUCKw1.js                 [39m[1m[2m    3.54 kB[22m[1m[22m[2m │ gzip:   1.64 kB[22m
[2mdist/[22m[2massets/[22m[36mNflGauntletDraft-BS2FX6eg.js              [39m[1m[2m    3.59 kB[22m[1m[22m[2m │ gzip:   1.71 kB[22m
[2mdist/[22m[2massets/[22m[36mnflCareerTraining-CQWkNPVJ.js             [39m[1m[2m    3.61 kB[22m[1m[22m[2m │ gzip:   1.82 kB[22m
[2mdist/[22m[2massets/[22m[36mVictoryMoment-DNQ2FZ_S.js                 [39m[1m[2m    3.67 kB[22m[1m[22m[2m │ gzip:   1.29 kB[22m
[2mdist/[22m[2massets/[22m[36mnhlCareerTraining-ByoT3t6f.js             [39m[1m[2m    3.69 kB[22m[1m[22m[2m │ gzip:   1.91 kB[22m
[2mdist/[22m[2massets/[22m[36mGameNav-MNpjkAmn.js                       [39m[1m[2m    3.70 kB[22m[1m[22m[2m │ gzip:   1.72 kB[22m
[2mdist/[22m[2massets/[22m[36mResultMoment-CGAQgXvi.js                  [39m[1m[2m    3.75 kB[22m[1m[22m[2m │ gzip:   1.41 kB[22m
[2mdist/[22m[2massets/[22m[36mdartDraft-DFUku39f.js                     [39m[1m[2m    3.79 kB[22m[1m[22m[2m │ gzip:   1.90 kB[22m
[2mdist/[22m[2massets/[22m[36mManagerSlotsScreen-Dg5yWuRL.js            [39m[1m[2m    3.81 kB[22m[1m[22m[2m │ gzip:   1.27 kB[22m
[2mdist/[22m[2massets/[22m[36mgauntletEngine-DBCm4PdH.js                [39m[1m[2m    3.87 kB[22m[1m[22m[2m │ gzip:   1.71 kB[22m
[2mdist/[22m[2massets/[22m[36mResetPassword-BGzIRR_d.js                 [39m[1m[2m    3.91 kB[22m[1m[22m[2m │ gzip:   1.76 kB[22m
[2mdist/[22m[2massets/[22m[36mNhlGauntletDraft-D9CsJmAZ.js              [39m[1m[2m    3.93 kB[22m[1m[22m[2m │ gzip:   1.78 kB[22m
[2mdist/[22m[2massets/[22m[36mDraftNightCard-BmxRd1qF.js                [39m[1m[2m    3.94 kB[22m[1m[22m[2m │ gzip:   1.66 kB[22m
[2mdist/[22m[2massets/[22m[36mConquestMlb-BPfvvULo.js                   [39m[1m[2m    3.95 kB[22m[1m[22m[2m │ gzip:   1.88 kB[22m
[2mdist/[22m[2massets/[22m[36mConquestNhl-Bpu_pgcr.js                   [39m[1m[2m    3.99 kB[22m[1m[22m[2m │ gzip:   1.90 kB[22m
[2mdist/[22m[2massets/[22m[36mStartOptionsScreen-CUZJ9VPz.js            [39m[1m[2m    4.06 kB[22m[1m[22m[2m │ gzip:   1.55 kB[22m
[2mdist/[22m[2massets/[22m[36mMiniPitch-DTcaRQLP.js                     [39m[1m[2m    4.08 kB[22m[1m[22m[2m │ gzip:   2.06 kB[22m
[2mdist/[22m[2massets/[22m[36musCareerFreeAgency-_7gDtE9W.js            [39m[1m[2m    4.10 kB[22m[1m[22m[2m │ gzip:   1.91 kB[22m
[2mdist/[22m[2massets/[22m[36mFacilitiesScreen-3SALibS_.js              [39m[1m[2m    4.12 kB[22m[1m[22m[2m │ gzip:   1.89 kB[22m
[2mdist/[22m[2massets/[22m[36mgridEngine-BEz_b7-J.js                    [39m[1m[2m    4.13 kB[22m[1m[22m[2m │ gzip:   1.90 kB[22m
[2mdist/[22m[2massets/[22m[36mPacksPanel-oOnIYnD0.js                    [39m[1m[2m    4.36 kB[22m[1m[22m[2m │ gzip:   1.70 kB[22m
[2mdist/[22m[2massets/[22m[36mmlbHLPlayers-DHB7Z7Uh.js                  [39m[1m[2m    4.45 kB[22m[1m[22m[2m │ gzip:   1.12 kB[22m
[2mdist/[22m[2massets/[22m[36mperfectSeason-tq4kmAhQ.js                 [39m[1m[2m    4.61 kB[22m[1m[22m[2m │ gzip:   2.11 kB[22m
[2mdist/[22m[2massets/[22m[36mPressScreen-F-LiY3A7.js                   [39m[1m[2m    4.63 kB[22m[1m[22m[2m │ gzip:   1.93 kB[22m
[2mdist/[22m[2massets/[22m[36mXpScreen-UgG9sc0O.js                      [39m[1m[2m    4.63 kB[22m[1m[22m[2m │ gzip:   2.05 kB[22m
[2mdist/[22m[2massets/[22m[36mRecords-Bxx-e7av.js                       [39m[1m[2m    4.76 kB[22m[1m[22m[2m │ gzip:   1.79 kB[22m
[2mdist/[22m[2massets/[22m[36mthroughBallDrill-B9fNBoXH.js              [39m[1m[2m    4.78 kB[22m[1m[22m[2m │ gzip:   2.31 kB[22m
[2mdist/[22m[2massets/[22m[36mUclBracketCard-INcpVA5V.js                [39m[1m[2m    4.85 kB[22m[1m[22m[2m │ gzip:   2.00 kB[22m
[2mdist/[22m[2massets/[22m[36mchampOrNot-BXUUI4J4.js                    [39m[1m[2m    4.98 kB[22m[1m[22m[2m │ gzip:   1.77 kB[22m
[2mdist/[22m[2massets/[22m[36mShootoutKicks-C9pF3hm1.js                 [39m[1m[2m    5.09 kB[22m[1m[22m[2m │ gzip:   2.16 kB[22m
[2mdist/[22m[2massets/[22m[36maflGoalKickers-BGnz1-kA.js                [39m[1m[2m    5.10 kB[22m[1m[22m[2m │ gzip:   1.41 kB[22m
[2mdist/[22m[2massets/[22m[36mf1HLDrivers-81Ps6THm.js                   [39m[1m[2m    5.13 kB[22m[1m[22m[2m │ gzip:   1.31 kB[22m
[2mdist/[22m[2massets/[22m[36mAccessibility-2sw7r8Jw.js                 [39m[1m[2m    5.17 kB[22m[1m[22m[2m │ gzip:   2.11 kB[22m
[2mdist/[22m[2massets/[22m[36mnbaPerfectLineupPool-CcCQ221O.js          [39m[1m[2m    5.24 kB[22m[1m[22m[2m │ gzip:   1.59 kB[22m
[2mdist/[22m[2massets/[22m[36msoundKit--_ccN-Th.js                      [39m[1m[2m    5.32 kB[22m[1m[22m[2m │ gzip:   2.42 kB[22m
[2mdist/[22m[2massets/[22m[36mguideShape-8-fUVpfg.js                    [39m[1m[2m    5.40 kB[22m[1m[22m[2m │ gzip:   1.69 kB[22m
[2mdist/[22m[2massets/[22m[36mwc2026Results-bxFApXs8.js                 [39m[1m[2m    5.44 kB[22m[1m[22m[2m │ gzip:   1.24 kB[22m
[2mdist/[22m[2massets/[22m[36mHallOfFameCard-DCBKc1vT.js                [39m[1m[2m    5.45 kB[22m[1m[22m[2m │ gzip:   2.25 kB[22m
[2mdist/[22m[2massets/[22m[36mbadges-BY-OuBaZ.js                        [39m[1m[2m    5.77 kB[22m[1m[22m[2m │ gzip:   2.29 kB[22m
[2mdist/[22m[2massets/[22m[36mFlagImg-C0bQfQVs.js                       [39m[1m[2m    5.84 kB[22m[1m[22m[2m │ gzip:   2.98 kB[22m
[2mdist/[22m[2massets/[22m[36mmanagerOffers-Mi85K8qd.js                 [39m[1m[2m    5.87 kB[22m[1m[22m[2m │ gzip:   2.70 kB[22m
[2mdist/[22m[2massets/[22m[36mcareerRivalryChoices-DJhNkM0e.js          [39m[1m[2m    5.98 kB[22m[1m[22m[2m │ gzip:   2.43 kB[22m
[2mdist/[22m[2massets/[22m[36mWorldEditorScreen-B_f2uIP_.js             [39m[1m[2m    6.00 kB[22m[1m[22m[2m │ gzip:   2.37 kB[22m
[2mdist/[22m[2massets/[22m[36mcfbHLPlayers-TgDMTX1-.js                  [39m[1m[2m    6.03 kB[22m[1m[22m[2m │ gzip:   1.62 kB[22m
[2mdist/[22m[2massets/[22m[36msoccerCareerAppearance-BF4Z2JDW.js        [39m[1m[2m    6.14 kB[22m[1m[22m[2m │ gzip:   2.56 kB[22m
[2mdist/[22m[2massets/[22m[36mUsSeasonCentre-CSedT5Zr.js                [39m[1m[2m    6.29 kB[22m[1m[22m[2m │ gzip:   2.91 kB[22m
[2mdist/[22m[2massets/[22m[36mHigherLowerTransfers-BsrxTjXH.js          [39m[1m[2m    6.31 kB[22m[1m[22m[2m │ gzip:   2.84 kB[22m
[2mdist/[22m[2massets/[22m[36mWorldTablesCard-Bf0DtD-U.js               [39m[1m[2m    6.32 kB[22m[1m[22m[2m │ gzip:   2.54 kB[22m
[2mdist/[22m[2massets/[22m[36mPerfectLineupF1-CUNotnTZ.js               [39m[1m[2m    6.34 kB[22m[1m[22m[2m │ gzip:   2.21 kB[22m
[2mdist/[22m[2massets/[22m[36mHalftimeScreen-D8ctGT6b.js                [39m[1m[2m    6.39 kB[22m[1m[22m[2m │ gzip:   2.27 kB[22m
[2mdist/[22m[2massets/[22m[36mgolfLegends-wbmLaE0U.js                   [39m[1m[2m    6.42 kB[22m[1m[22m[2m │ gzip:   1.43 kB[22m
[2mdist/[22m[2massets/[22m[36mFirstTeamPanel-CWGAW63f.js                [39m[1m[2m    6.43 kB[22m[1m[22m[2m │ gzip:   2.33 kB[22m
[2mdist/[22m[2massets/[22m[36mCupBracketCard-hHaNXqQo.js                [39m[1m[2m    6.59 kB[22m[1m[22m[2m │ gzip:   2.84 kB[22m
[2mdist/[22m[2massets/[22m[36mPlayerAutocomplete-CLCnWaoI.js            [39m[1m[2m    6.63 kB[22m[1m[22m[2m │ gzip:   2.85 kB[22m
[2mdist/[22m[2massets/[22m[36mhockeyHLPlayers-BftZ_j6A.js               [39m[1m[2m    6.65 kB[22m[1m[22m[2m │ gzip:   1.44 kB[22m
[2mdist/[22m[2massets/[22m[36mAbout-C48LNin4.js                         [39m[1m[2m    6.74 kB[22m[1m[22m[2m │ gzip:   2.55 kB[22m
[2mdist/[22m[2massets/[22m[36mwhoAmI-KkC4ELtS.js                        [39m[1m[2m    6.83 kB[22m[1m[22m[2m │ gzip:   2.83 kB[22m
[2mdist/[22m[2massets/[22m[36mGameSeoContent-DKdOnpUF.js                [39m[1m[2m    6.83 kB[22m[1m[22m[2m │ gzip:   2.28 kB[22m
[2mdist/[22m[2massets/[22m[36mHomelandSelect-taVUzl8X.js                [39m[1m[2m    6.84 kB[22m[1m[22m[2m │ gzip:   2.64 kB[22m
[2mdist/[22m[2massets/[22m[36mBootRoom-Cw3nyast.js                      [39m[1m[2m    6.84 kB[22m[1m[22m[2m │ gzip:   2.57 kB[22m
[2mdist/[22m[2massets/[22m[36mPerfectLineupNhl-Cw7RUt1c.js              [39m[1m[2m    6.89 kB[22m[1m[22m[2m │ gzip:   2.44 kB[22m
[2mdist/[22m[2massets/[22m[36mManagerForm-DNy-SAaf.js                   [39m[1m[2m    7.00 kB[22m[1m[22m[2m │ gzip:   2.40 kB[22m
[2mdist/[22m[2massets/[22m[36mMatchCentre-DneM6Ugp.js                   [39m[1m[2m    7.06 kB[22m[1m[22m[2m │ gzip:   2.28 kB[22m
[2mdist/[22m[2massets/[22m[36mGauntletBoard-ew4NUSsM.js                 [39m[1m[2m    7.12 kB[22m[1m[22m[2m │ gzip:   2.69 kB[22m
[2mdist/[22m[2massets/[22m[36mClubDetailScreen-exZXh0fW.js              [39m[1m[2m    7.21 kB[22m[1m[22m[2m │ gzip:   2.39 kB[22m
[2mdist/[22m[2massets/[22m[36mplayerSearch-DabrUDm0.js                  [39m[1m[2m    7.40 kB[22m[1m[22m[2m │ gzip:   2.84 kB[22m
[2mdist/[22m[2massets/[22m[36mnba-6IoAhvhx.js                           [39m[1m[2m    7.55 kB[22m[1m[22m[2m │ gzip:   3.67 kB[22m
[2mdist/[22m[2massets/[22m[36mSearch-OBInTk_p.js                        [39m[1m[2m    7.87 kB[22m[1m[22m[2m │ gzip:   2.93 kB[22m
[2mdist/[22m[2massets/[22m[36mnbaHLPlayers-KSI796bW.js                  [39m[1m[2m    8.05 kB[22m[1m[22m[2m │ gzip:   2.21 kB[22m
[2mdist/[22m[2massets/[22m[36mGuessTheGolfer-Mt79K0y6.js                [39m[1m[2m    8.08 kB[22m[1m[22m[2m │ gzip:   3.45 kB[22m
[2mdist/[22m[2massets/[22m[36mus-PQcKEZu0.js                            [39m[1m[2m    8.09 kB[22m[1m[22m[2m │ gzip:   3.77 kB[22m
[2mdist/[22m[2massets/[22m[36mSeasonRatings-B62Mm3dR.js                 [39m[1m[2m    8.10 kB[22m[1m[22m[2m │ gzip:   3.05 kB[22m
[2mdist/[22m[2massets/[22m[36mPitchSurface-DN9gcfPy.js                  [39m[1m[2m    8.20 kB[22m[1m[22m[2m │ gzip:   3.56 kB[22m
[2mdist/[22m[2massets/[22m[36maussieRulesManagement-4TlVLY3z.js         [39m[1m[2m    8.56 kB[22m[1m[22m[2m │ gzip:   3.64 kB[22m
[2mdist/[22m[2massets/[22m[36mRecordPage-CV35NH6K.js                    [39m[1m[2m    8.60 kB[22m[1m[22m[2m │ gzip:   2.52 kB[22m
[2mdist/[22m[2massets/[22m[36mInboxCard-egxEvkB6.js                     [39m[1m[2m    8.60 kB[22m[1m[22m[2m │ gzip:   2.97 kB[22m
[2mdist/[22m[2massets/[22m[36mTrophyCabinet-DYSgSw7t.js                 [39m[1m[2m    8.63 kB[22m[1m[22m[2m │ gzip:   3.41 kB[22m
[2mdist/[22m[2massets/[22m[36macademyManagement-DZZqTLIl.js             [39m[1m[2m    8.66 kB[22m[1m[22m[2m │ gzip:   3.51 kB[22m
[2mdist/[22m[2massets/[22m[36mRolesScreen-DPZ_OEUC.js                   [39m[1m[2m    8.80 kB[22m[1m[22m[2m │ gzip:   2.92 kB[22m
[2mdist/[22m[2massets/[22m[36mMlbHigherLower-CRAw0pUG.js                [39m[1m[2m    8.80 kB[22m[1m[22m[2m │ gzip:   3.72 kB[22m
[2mdist/[22m[2massets/[22m[36mHomeArt-CmMl7bEO.js                       [39m[1m[2m    8.86 kB[22m[1m[22m[2m │ gzip:   2.65 kB[22m
[2mdist/[22m[2massets/[22m[36mF1HigherLower-qGkSauRg.js                 [39m[1m[2m    8.86 kB[22m[1m[22m[2m │ gzip:   3.71 kB[22m
[2mdist/[22m[2massets/[22m[36mTennisHigherLower-BKtJCsfx.js             [39m[1m[2m    8.88 kB[22m[1m[22m[2m │ gzip:   3.74 kB[22m
[2mdist/[22m[2massets/[22m[36mAflHigherLower-DH3Ap_Ht.js                [39m[1m[2m    8.89 kB[22m[1m[22m[2m │ gzip:   3.77 kB[22m
[2mdist/[22m[2massets/[22m[36mCfbHigherLower-vONaiVLK.js                [39m[1m[2m    8.91 kB[22m[1m[22m[2m │ gzip:   3.74 kB[22m
[2mdist/[22m[2massets/[22m[36mNbaHigherLower-DSwIEH0S.js                [39m[1m[2m    8.92 kB[22m[1m[22m[2m │ gzip:   3.71 kB[22m
[2mdist/[22m[2massets/[22m[36mGolfHigherLower-CbbMhlVp.js               [39m[1m[2m    8.95 kB[22m[1m[22m[2m │ gzip:   3.80 kB[22m
[2mdist/[22m[2massets/[22m[36mgmStaff-CQgWbtVe.js                       [39m[1m[2m    9.22 kB[22m[1m[22m[2m │ gzip:   3.90 kB[22m
[2mdist/[22m[2massets/[22m[36mNflHigherLower-vq899qW3.js                [39m[1m[2m    9.23 kB[22m[1m[22m[2m │ gzip:   3.84 kB[22m
[2mdist/[22m[2massets/[22m[36mTrainingScreen-CVYeIp0P.js                [39m[1m[2m    9.23 kB[22m[1m[22m[2m │ gzip:   3.11 kB[22m
[2mdist/[22m[2massets/[22m[36mHomeAbout-HakFHSmf.js                     [39m[1m[2m    9.39 kB[22m[1m[22m[2m │ gzip:   3.71 kB[22m
[2mdist/[22m[2massets/[22m[36mPollOfTheDay-BjWQoDM6.js                  [39m[1m[2m    9.56 kB[22m[1m[22m[2m │ gzip:   4.18 kB[22m
[2mdist/[22m[2massets/[22m[36mWorldCup2026Results-B6InHfyo.js           [39m[1m[2m    9.57 kB[22m[1m[22m[2m │ gzip:   3.17 kB[22m
[2mdist/[22m[2massets/[22m[36mStaffScreen-CNo-HsAX.js                   [39m[1m[2m    9.77 kB[22m[1m[22m[2m │ gzip:   3.52 kB[22m
[2mdist/[22m[2massets/[22m[36mTermsOfService-BRnInasL.js                [39m[1m[2m    9.99 kB[22m[1m[22m[2m │ gzip:   3.46 kB[22m
[2mdist/[22m[2massets/[22m[36mPackBattle-BOP1qcqL.js                    [39m[1m[2m   10.31 kB[22m[1m[22m[2m │ gzip:   4.18 kB[22m
[2mdist/[22m[2massets/[22m[36mGameNavbar-vkh3lyd9.js                    [39m[1m[2m   10.36 kB[22m[1m[22m[2m │ gzip:   3.80 kB[22m
[2mdist/[22m[2massets/[22m[36mHockeyGrid-BnhMMmjC.js                    [39m[1m[2m   11.01 kB[22m[1m[22m[2m │ gzip:   4.15 kB[22m
[2mdist/[22m[2massets/[22m[36mAdminReports-BzHL1rys.js                  [39m[1m[2m   11.01 kB[22m[1m[22m[2m │ gzip:   3.94 kB[22m
[2mdist/[22m[2massets/[22m[36mClubManagerSeasonSummary-DUs631YB.js      [39m[1m[2m   11.03 kB[22m[1m[22m[2m │ gzip:   3.59 kB[22m
[2mdist/[22m[2massets/[22m[36mGauntletDraft-C9n--Yh7.js                 [39m[1m[2m   11.07 kB[22m[1m[22m[2m │ gzip:   4.25 kB[22m
[2mdist/[22m[2massets/[22m[36mCustomClubForm-D6Tmu7cX.js                [39m[1m[2m   11.13 kB[22m[1m[22m[2m │ gzip:   3.27 kB[22m
[2mdist/[22m[2massets/[22m[36mQuizBoard-C7c22zS_.js                     [39m[1m[2m   11.13 kB[22m[1m[22m[2m │ gzip:   4.76 kB[22m
[2mdist/[22m[2massets/[22m[36mfightCareer-DFz8n-Ta.js                   [39m[1m[2m   11.14 kB[22m[1m[22m[2m │ gzip:   4.92 kB[22m
[2mdist/[22m[2massets/[22m[36mMlbGrid-Dt869-TA.js                       [39m[1m[2m   11.17 kB[22m[1m[22m[2m │ gzip:   4.26 kB[22m
[2mdist/[22m[2massets/[22m[36mStatsScreen-s24e-11-.js                   [39m[1m[2m   11.20 kB[22m[1m[22m[2m │ gzip:   3.02 kB[22m
[2mdist/[22m[2massets/[22m[36mAcademyScreen-CGN7DXHW.js                 [39m[1m[2m   11.49 kB[22m[1m[22m[2m │ gzip:   3.67 kB[22m
[2mdist/[22m[2massets/[22m[36mShareButtons-D_tH9wv5.js                  [39m[1m[2m   11.64 kB[22m[1m[22m[2m │ gzip:   4.53 kB[22m
[2mdist/[22m[2massets/[22m[36mBallIq-B282Jsfv.js                        [39m[1m[2m   11.71 kB[22m[1m[22m[2m │ gzip:   4.68 kB[22m
[2mdist/[22m[2massets/[22m[36mHockeyHigherLower-46eqcmRp.js             [39m[1m[2m   11.83 kB[22m[1m[22m[2m │ gzip:   4.34 kB[22m
[2mdist/[22m[2massets/[22m[36mSearchAndDiscard-DFJAEjHr.js              [39m[1m[2m   11.91 kB[22m[1m[22m[2m │ gzip:   4.67 kB[22m
[2mdist/[22m[2massets/[22m[36mChampionsLeagueFormatHistory-BPWy7pMv.js  [39m[1m[2m   12.02 kB[22m[1m[22m[2m │ gzip:   3.91 kB[22m
[2mdist/[22m[2massets/[22m[36mGenericLineupBoard-CdBH7psX.js            [39m[1m[2m   12.17 kB[22m[1m[22m[2m │ gzip:   4.45 kB[22m
[2mdist/[22m[2massets/[22m[36mFinancesScreen-D4QMdxBh.js                [39m[1m[2m   12.29 kB[22m[1m[22m[2m │ gzip:   3.41 kB[22m
[2mdist/[22m[2massets/[22m[36muclFormatHistory-DwuhruDw.js              [39m[1m[2m   12.33 kB[22m[1m[22m[2m │ gzip:   3.47 kB[22m
[2mdist/[22m[2massets/[22m[36mDraftNightSequence-BlNZGBS8.js            [39m[1m[2m   12.43 kB[22m[1m[22m[2m │ gzip:   4.70 kB[22m
[2mdist/[22m[2massets/[22m[36mLeaderboard-Bs-Mx6fm.js                   [39m[1m[2m   12.66 kB[22m[1m[22m[2m │ gzip:   4.30 kB[22m
[2mdist/[22m[2massets/[22m[36mCalendarScreen-BuY7eHSz.js                [39m[1m[2m   12.67 kB[22m[1m[22m[2m │ gzip:   4.43 kB[22m
[2mdist/[22m[2massets/[22m[36mNbaGrid-0EiIcT0v.js                       [39m[1m[2m   12.76 kB[22m[1m[22m[2m │ gzip:   4.76 kB[22m
[2mdist/[22m[2massets/[22m[36mFootballTimeline-DalByTDy.js              [39m[1m[2m   12.77 kB[22m[1m[22m[2m │ gzip:   4.27 kB[22m
[2mdist/[22m[2massets/[22m[36mSetPieceBoard-CR0Yrnk2.js                 [39m[1m[2m   12.97 kB[22m[1m[22m[2m │ gzip:   5.25 kB[22m
[2mdist/[22m[2massets/[22m[36mnflHLCategories-DOyYzQVv.js               [39m[1m[2m   13.14 kB[22m[1m[22m[2m │ gzip:   3.65 kB[22m
[2mdist/[22m[2massets/[22m[36mintlNames-sa3xt8QC.js                     [39m[1m[2m   13.18 kB[22m[1m[22m[2m │ gzip:   6.17 kB[22m
[2mdist/[22m[2massets/[22m[36mHigherLower-BCUsbzkX.js                   [39m[1m[2m   13.41 kB[22m[1m[22m[2m │ gzip:   4.82 kB[22m
[2mdist/[22m[2massets/[22m[36mMysteryBox-D-HHMkAL.js                    [39m[1m[2m   13.47 kB[22m[1m[22m[2m │ gzip:   5.29 kB[22m
[2mdist/[22m[2massets/[22m[36mShirtNumber-AG2ETJhs.js                   [39m[1m[2m   13.51 kB[22m[1m[22m[2m │ gzip:   5.25 kB[22m
[2mdist/[22m[2massets/[22m[36mTennisChain-BhSeXW2t.js                   [39m[1m[2m   13.78 kB[22m[1m[22m[2m │ gzip:   4.94 kB[22m
[2mdist/[22m[2massets/[22m[36mstadiumManagement-a4ZEwMzG.js             [39m[1m[2m   13.81 kB[22m[1m[22m[2m │ gzip:   5.38 kB[22m
[2mdist/[22m[2massets/[22m[36mNascarChain-BYK0TBqf.js                   [39m[1m[2m   13.86 kB[22m[1m[22m[2m │ gzip:   4.93 kB[22m
[2mdist/[22m[2massets/[22m[36mSilverwareSort-1uQtizvq.js                [39m[1m[2m   13.95 kB[22m[1m[22m[2m │ gzip:   5.38 kB[22m
[2mdist/[22m[2massets/[22m[36mMlbConnect4-wFIC9h4L.js                   [39m[1m[2m   14.06 kB[22m[1m[22m[2m │ gzip:   5.32 kB[22m
[2mdist/[22m[2massets/[22m[36mNhlConnect4-BI3uR57V.js                   [39m[1m[2m   14.13 kB[22m[1m[22m[2m │ gzip:   5.32 kB[22m
[2mdist/[22m[2massets/[22m[36mCbbGrid-Boh_xIaa.js                       [39m[1m[2m   14.20 kB[22m[1m[22m[2m │ gzip:   5.64 kB[22m
[2mdist/[22m[2massets/[22m[36mWhodTheyBeat-ComqYZP0.js                  [39m[1m[2m   14.23 kB[22m[1m[22m[2m │ gzip:   5.59 kB[22m
[2mdist/[22m[2massets/[22m[36mNflConnect4-B7W13Liw.js                   [39m[1m[2m   14.43 kB[22m[1m[22m[2m │ gzip:   5.38 kB[22m
[2mdist/[22m[2massets/[22m[36mFootballGrid-qDcRNg74.js                  [39m[1m[2m   14.44 kB[22m[1m[22m[2m │ gzip:   5.49 kB[22m
[2mdist/[22m[2massets/[22m[36mContractsCard-BX5PNvnA.js                 [39m[1m[2m   14.79 kB[22m[1m[22m[2m │ gzip:   4.63 kB[22m
[2mdist/[22m[2massets/[22m[36mAlphabetSprint-C3Fk_MDZ.js                [39m[1m[2m   14.97 kB[22m[1m[22m[2m │ gzip:   5.82 kB[22m
[2mdist/[22m[2massets/[22m[36mPlayerAvatar-D2CLmkZG.js                  [39m[1m[2m   15.16 kB[22m[1m[22m[2m │ gzip:   3.93 kB[22m
[2mdist/[22m[2massets/[22m[36mNflConnections-CuPI8bk3.js                [39m[1m[2m   15.25 kB[22m[1m[22m[2m │ gzip:   5.73 kB[22m
[2mdist/[22m[2massets/[22m[36mNflMyCareer-nHa8nzoO.js                   [39m[1m[2m   15.48 kB[22m[1m[22m[2m │ gzip:   6.79 kB[22m
[2mdist/[22m[2massets/[22m[36musStatesPaths-DfX_GtuE.js                 [39m[1m[2m   15.67 kB[22m[1m[22m[2m │ gzip:   5.35 kB[22m
[2mdist/[22m[2massets/[22m[36mCareerSeasonReview-Os1YKtyS.js            [39m[1m[2m   15.77 kB[22m[1m[22m[2m │ gzip:   4.48 kB[22m
[2mdist/[22m[2massets/[22m[36mNbaChain-CYM4yX6M.js                      [39m[1m[2m   16.01 kB[22m[1m[22m[2m │ gzip:   6.11 kB[22m
[2mdist/[22m[2massets/[22m[36mCareerGame-Hd7crSg4.js                    [39m[1m[2m   16.06 kB[22m[1m[22m[2m │ gzip:   6.09 kB[22m
[2mdist/[22m[2massets/[22m[36mNbaConnect4-CYnmStyH.js                   [39m[1m[2m   16.16 kB[22m[1m[22m[2m │ gzip:   5.91 kB[22m
[2mdist/[22m[2massets/[22m[36mConquestActionScene-AYtPb7XK.js           [39m[1m[2m   16.54 kB[22m[1m[22m[2m │ gzip:   6.80 kB[22m
[2mdist/[22m[2massets/[22m[36mGuessCbbTeam-D_CmybK7.js                  [39m[1m[2m   16.63 kB[22m[1m[22m[2m │ gzip:   6.15 kB[22m
[2mdist/[22m[2massets/[22m[36msiteSearch-CdwDyyhn.js                    [39m[1m[2m   16.78 kB[22m[1m[22m[2m │ gzip:   6.81 kB[22m
[2mdist/[22m[2massets/[22m[36mGuessTennisPlayer-WxG1CxYt.js             [39m[1m[2m   16.91 kB[22m[1m[22m[2m │ gzip:   6.03 kB[22m
[2mdist/[22m[2massets/[22m[36mNflPlayoffFormatHistory-D86hqUa2.js       [39m[1m[2m   17.04 kB[22m[1m[22m[2m │ gzip:   5.58 kB[22m
[2mdist/[22m[2massets/[22m[36mThroughBallBoard-C7gxoXO7.js              [39m[1m[2m   17.06 kB[22m[1m[22m[2m │ gzip:   6.33 kB[22m
[2mdist/[22m[2massets/[22m[36mcareerLadder-BdZqPF3c.js                  [39m[1m[2m   17.39 kB[22m[1m[22m[2m │ gzip:   6.56 kB[22m
[2mdist/[22m[2massets/[22m[36mSeasonVerdict-ssU_Mbdx.js                 [39m[1m[2m   18.29 kB[22m[1m[22m[2m │ gzip:   7.39 kB[22m
[2mdist/[22m[2massets/[22m[36mMlbPostseasonFormatHistory-BiP4qCB8.js    [39m[1m[2m   18.30 kB[22m[1m[22m[2m │ gzip:   5.63 kB[22m
[2mdist/[22m[2massets/[22m[36msquadDeal-DWBXZ8Q_.js                     [39m[1m[2m   18.35 kB[22m[1m[22m[2m │ gzip:   7.43 kB[22m
[2mdist/[22m[2massets/[22m[36mWhoAmI-B3tI0-7W.js                        [39m[1m[2m   18.77 kB[22m[1m[22m[2m │ gzip:   5.96 kB[22m
[2mdist/[22m[2massets/[22m[36mScorePredictor-C-nRy2g0.js                [39m[1m[2m   18.80 kB[22m[1m[22m[2m │ gzip:   6.53 kB[22m
[2mdist/[22m[2massets/[22m[36mPrivacyPolicy-DB-Vl6vB.js                 [39m[1m[2m   18.87 kB[22m[1m[22m[2m │ gzip:   5.80 kB[22m
[2mdist/[22m[2massets/[22m[36mSquadScreen-D9A2S8Ym.js                   [39m[1m[2m   18.88 kB[22m[1m[22m[2m │ gzip:   6.79 kB[22m
[2mdist/[22m[2massets/[22m[36mnhlFoPlayers-j0YE08i0.js                  [39m[1m[2m   19.06 kB[22m[1m[22m[2m │ gzip:   5.46 kB[22m
[2mdist/[22m[2massets/[22m[36mcore-B4NUvdvM.js                          [39m[1m[2m   19.07 kB[22m[1m[22m[2m │ gzip:   7.70 kB[22m
[2mdist/[22m[2massets/[22m[36mPlayerStockMarket-C9EN-16p.js             [39m[1m[2m   19.19 kB[22m[1m[22m[2m │ gzip:   7.06 kB[22m
[2mdist/[22m[2massets/[22m[36mWorldXi-B1J5KSdR.js                       [39m[1m[2m   19.65 kB[22m[1m[22m[2m │ gzip:   6.74 kB[22m
[2mdist/[22m[2massets/[22m[36mClubManagerCareerPanel-DA87kjEH.js        [39m[1m[2m   19.73 kB[22m[1m[22m[2m │ gzip:   5.85 kB[22m
[2mdist/[22m[2massets/[22m[36mNbaStatLine-BByLWoAc.js                   [39m[1m[2m   19.82 kB[22m[1m[22m[2m │ gzip:   7.36 kB[22m
[2mdist/[22m[2massets/[22m[36mfootleEnrichment-BOt-YWCc.js              [39m[1m[2m   19.95 kB[22m[1m[22m[2m │ gzip:   5.57 kB[22m
[2mdist/[22m[2massets/[22m[36mClueAuction-sRp8b31P.js                   [39m[1m[2m   20.01 kB[22m[1m[22m[2m │ gzip:   7.26 kB[22m
[2mdist/[22m[2massets/[22m[36mnfl-DpoSszMV.js                           [39m[1m[2m   20.05 kB[22m[1m[22m[2m │ gzip:   8.35 kB[22m
[2mdist/[22m[2massets/[22m[36mHofOrBust-BnuQdLao.js                     [39m[1m[2m   20.06 kB[22m[1m[22m[2m │ gzip:   7.25 kB[22m
[2mdist/[22m[2massets/[22m[36mPuckDetective-dIKYP2s1.js                 [39m[1m[2m   20.06 kB[22m[1m[22m[2m │ gzip:   7.41 kB[22m
[2mdist/[22m[2massets/[22m[36mUsCareerPractice-CXozdEGm.js              [39m[1m[2m   20.18 kB[22m[1m[22m[2m │ gzip:   5.87 kB[22m
[2mdist/[22m[2massets/[22m[36museTycoonRewards-KDjHWLSU.js              [39m[1m[2m   20.27 kB[22m[1m[22m[2m │ gzip:   7.63 kB[22m
[2mdist/[22m[2massets/[22m[36mSquadSheet-Bu5r4qlg.js                    [39m[1m[2m   20.38 kB[22m[1m[22m[2m │ gzip:   7.44 kB[22m
[2mdist/[22m[2massets/[22m[36mGuessTheNation-zg6AOdBB.js                [39m[1m[2m   20.67 kB[22m[1m[22m[2m │ gzip:   7.20 kB[22m
[2mdist/[22m[2massets/[22m[36mPerfectSeasonMlb-kBu2J3ui.js              [39m[1m[2m   20.79 kB[22m[1m[22m[2m │ gzip:   7.40 kB[22m
[2mdist/[22m[2massets/[22m[36msoccerInternational-FiWGI8ks.js           [39m[1m[2m   21.07 kB[22m[1m[22m[2m │ gzip:   7.67 kB[22m
[2mdist/[22m[2massets/[22m[36mAcademyPanel-D3KVLGkp.js                  [39m[1m[2m   21.07 kB[22m[1m[22m[2m │ gzip:   7.74 kB[22m
[2mdist/[22m[2massets/[22m[36mselect-DGimt76o.js                        [39m[1m[2m   21.29 kB[22m[1m[22m[2m │ gzip:   7.41 kB[22m
[2mdist/[22m[2massets/[22m[36mBudgetBuilder-BCR0JOQy.js                 [39m[1m[2m   21.60 kB[22m[1m[22m[2m │ gzip:   7.47 kB[22m
[2mdist/[22m[2massets/[22m[36mSoccerConquest-D27WTQ0d.js                [39m[1m[2m   21.70 kB[22m[1m[22m[2m │ gzip:   9.20 kB[22m
[2mdist/[22m[2massets/[22m[36mMlbGauntletDraft-yEAHmQJ0.js              [39m[1m[2m   21.86 kB[22m[1m[22m[2m │ gzip:   7.06 kB[22m
[2mdist/[22m[2massets/[22m[36mCbbDynasty-w5AGsYL8.js                    [39m[1m[2m   21.87 kB[22m[1m[22m[2m │ gzip:   9.12 kB[22m
[2mdist/[22m[2massets/[22m[36mSportsMillionaire-CMOn8Gb_.js             [39m[1m[2m   21.92 kB[22m[1m[22m[2m │ gzip:   7.55 kB[22m
[2mdist/[22m[2massets/[22m[36mNbaConnections-ed83EA8A.js                [39m[1m[2m   22.05 kB[22m[1m[22m[2m │ gzip:   8.25 kB[22m
[2mdist/[22m[2massets/[22m[36mNhlConnections-Ch5Td68T.js                [39m[1m[2m   22.07 kB[22m[1m[22m[2m │ gzip:   8.20 kB[22m
[2mdist/[22m[2massets/[22m[36mFootballConnect4-CgSXBiD6.js              [39m[1m[2m   22.25 kB[22m[1m[22m[2m │ gzip:   7.23 kB[22m
[2mdist/[22m[2massets/[22m[36mCfbDynasty-Dnu0oz8d.js                    [39m[1m[2m   22.28 kB[22m[1m[22m[2m │ gzip:   9.15 kB[22m
[2mdist/[22m[2massets/[22m[36msoccerMoments-BsFxHQuI.js                 [39m[1m[2m   22.30 kB[22m[1m[22m[2m │ gzip:   9.30 kB[22m
[2mdist/[22m[2massets/[22m[36mMinefield-D4g9_pfN.js                     [39m[1m[2m   22.45 kB[22m[1m[22m[2m │ gzip:   9.31 kB[22m
[2mdist/[22m[2massets/[22m[36mMatchReportCard-C-tuL55Y.js               [39m[1m[2m   23.09 kB[22m[1m[22m[2m │ gzip:   6.08 kB[22m
[2mdist/[22m[2massets/[22m[36mclubManagement-Dyl1I2gf.js                [39m[1m[2m   23.17 kB[22m[1m[22m[2m │ gzip:   9.13 kB[22m
[2mdist/[22m[2massets/[22m[36mEmojiGuess-nfS4vRK4.js                    [39m[1m[2m   23.23 kB[22m[1m[22m[2m │ gzip:   8.83 kB[22m
[2mdist/[22m[2massets/[22m[36mPerfectSeasonNhl-D_zWJVXA.js              [39m[1m[2m   23.25 kB[22m[1m[22m[2m │ gzip:   8.23 kB[22m
[2mdist/[22m[2massets/[22m[36mStatDetective-DJvYbcIJ.js                 [39m[1m[2m   23.46 kB[22m[1m[22m[2m │ gzip:   9.04 kB[22m
[2mdist/[22m[2massets/[22m[36mhigherLowerPlayers-CyK6rra4.js            [39m[1m[2m   23.57 kB[22m[1m[22m[2m │ gzip:   5.08 kB[22m
[2mdist/[22m[2massets/[22m[36mSignThePlayer-DEI6-cwf.js                 [39m[1m[2m   23.78 kB[22m[1m[22m[2m │ gzip:   9.14 kB[22m
[2mdist/[22m[2massets/[22m[36mContractChaos-lb8uM-uq.js                 [39m[1m[2m   24.02 kB[22m[1m[22m[2m │ gzip:   9.17 kB[22m
[2mdist/[22m[2massets/[22m[36mHallOfChampions-uyV8gLof.js               [39m[1m[2m   24.07 kB[22m[1m[22m[2m │ gzip:   8.21 kB[22m
[2mdist/[22m[2massets/[22m[36mManagerHotSeat-CDfYf5c4.js                [39m[1m[2m   24.66 kB[22m[1m[22m[2m │ gzip:   7.11 kB[22m
[2mdist/[22m[2massets/[22m[36mF1Constructor-B0BCjrS4.js                 [39m[1m[2m   24.84 kB[22m[1m[22m[2m │ gzip:   8.71 kB[22m
[2mdist/[22m[2massets/[22m[36mPerfectSeasonNba-WwBEER_8.js              [39m[1m[2m   25.61 kB[22m[1m[22m[2m │ gzip:   9.00 kB[22m
[2mdist/[22m[2massets/[22m[36mDrillBoard-Dm5qia8c.js                    [39m[1m[2m   25.63 kB[22m[1m[22m[2m │ gzip:   9.45 kB[22m
[2mdist/[22m[2massets/[22m[36mSquadDeal-CqZdEvLe.js                     [39m[1m[2m   25.91 kB[22m[1m[22m[2m │ gzip:   7.92 kB[22m
[2mdist/[22m[2massets/[22m[36mNhlPlayoffFormatHistory-C3q--z3U.js       [39m[1m[2m   25.96 kB[22m[1m[22m[2m │ gzip:   7.80 kB[22m
[2mdist/[22m[2massets/[22m[36mListQuiz-BY9bHm3m.js                      [39m[1m[2m   26.16 kB[22m[1m[22m[2m │ gzip:   9.88 kB[22m
[2mdist/[22m[2massets/[22m[36mF1Driver-CORgsE-v.js                      [39m[1m[2m   26.68 kB[22m[1m[22m[2m │ gzip:   9.64 kB[22m
[2mdist/[22m[2massets/[22m[36mRarityRound-KNhTvGcY.js                   [39m[1m[2m   27.01 kB[22m[1m[22m[2m │ gzip:   7.83 kB[22m
[2mdist/[22m[2massets/[22m[36mNFLCareer-Bz4XXruq.js                     [39m[1m[2m   27.09 kB[22m[1m[22m[2m │ gzip:   7.47 kB[22m
[2mdist/[22m[2massets/[22m[36mFreeKick-BxWZF8aB.js                      [39m[1m[2m   27.10 kB[22m[1m[22m[2m │ gzip:   8.94 kB[22m
[2mdist/[22m[2massets/[22m[36mSoccerGrid-DhNoMRha.js                    [39m[1m[2m   27.12 kB[22m[1m[22m[2m │ gzip:   8.72 kB[22m
[2mdist/[22m[2massets/[22m[36mRankEm-XiEKZlGI.js                        [39m[1m[2m   27.20 kB[22m[1m[22m[2m │ gzip:   9.74 kB[22m
[2mdist/[22m[2massets/[22m[36mFaceOff-gZisd79-.js                       [39m[1m[2m   27.37 kB[22m[1m[22m[2m │ gzip:   9.32 kB[22m
[2mdist/[22m[2massets/[22m[36mNbaPlayoffFormatHistory-DIaB89Io.js       [39m[1m[2m   27.58 kB[22m[1m[22m[2m │ gzip:   8.38 kB[22m
[2mdist/[22m[2massets/[22m[36mNbaLineup-A0fXoKx-.js                     [39m[1m[2m   27.68 kB[22m[1m[22m[2m │ gzip:   8.48 kB[22m
[2mdist/[22m[2massets/[22m[36mPlayerBingo-7Ak26yh7.js                   [39m[1m[2m   28.30 kB[22m[1m[22m[2m │ gzip:  10.15 kB[22m
[2mdist/[22m[2massets/[22m[36mNbaCareer-BVkudV8E.js                     [39m[1m[2m   28.38 kB[22m[1m[22m[2m │ gzip:   8.02 kB[22m
[2mdist/[22m[2massets/[22m[36mstadiumTycoon-CaRw-v5R.js                 [39m[1m[2m   28.95 kB[22m[1m[22m[2m │ gzip:  10.26 kB[22m
[2mdist/[22m[2massets/[22m[36mOlympics-DdyFmQxW.js                      [39m[1m[2m   29.00 kB[22m[1m[22m[2m │ gzip:  10.26 kB[22m
[2mdist/[22m[2massets/[22m[36mSeasonReportTabs-UHpogViu.js              [39m[1m[2m   29.70 kB[22m[1m[22m[2m │ gzip:  12.03 kB[22m
[2mdist/[22m[2massets/[22m[36mCollegeDynastyBoard-Cg1Ngw30.js           [39m[1m[2m   30.12 kB[22m[1m[22m[2m │ gzip:   9.01 kB[22m
[2mdist/[22m[2massets/[22m[36mFantasyDraft-DmHW5sg7.js                  [39m[1m[2m   30.43 kB[22m[1m[22m[2m │ gzip:   9.26 kB[22m
[2mdist/[22m[2massets/[22m[36mPerfectSeasonNfl-Dh4BCfEL.js              [39m[1m[2m   31.07 kB[22m[1m[22m[2m │ gzip:  11.19 kB[22m
[2mdist/[22m[2massets/[22m[36mChampOrNot-CLx0rAna.js                    [39m[1m[2m   31.22 kB[22m[1m[22m[2m │ gzip:   9.65 kB[22m
[2mdist/[22m[2massets/[22m[36mGuessTheYear-Dy9I4mNq.js                  [39m[1m[2m   31.26 kB[22m[1m[22m[2m │ gzip:  10.93 kB[22m
[2mdist/[22m[2massets/[22m[36mmanagerHotSeat-OUcWezSq.js                [39m[1m[2m   31.65 kB[22m[1m[22m[2m │ gzip:   6.93 kB[22m
[2mdist/[22m[2massets/[22m[36mFightGym-Cz_fQJh1.js                      [39m[1m[2m   31.96 kB[22m[1m[22m[2m │ gzip:  10.34 kB[22m
[2mdist/[22m[2massets/[22m[36mHockeyCareer-DSBKeOca.js                  [39m[1m[2m   32.27 kB[22m[1m[22m[2m │ gzip:   8.48 kB[22m
[2mdist/[22m[2massets/[22m[36mconquestDataNba-BDN2iDyW.js               [39m[1m[2m   32.42 kB[22m[1m[22m[2m │ gzip:   8.52 kB[22m
[2mdist/[22m[2massets/[22m[36mTrainingPanel-DkhyrIFX.js                 [39m[1m[2m   32.47 kB[22m[1m[22m[2m │ gzip:  10.11 kB[22m
[2mdist/[22m[2massets/[22m[36mBaseballCareer-X9j-_I0b.js                [39m[1m[2m   32.60 kB[22m[1m[22m[2m │ gzip:   8.73 kB[22m
[2mdist/[22m[2massets/[22m[36mCareerLadder-Q7XKL2PF.js                  [39m[1m[2m   32.67 kB[22m[1m[22m[2m │ gzip:  11.27 kB[22m
[2mdist/[22m[2massets/[22m[36mSportsBingo-cGjqWCra.js                   [39m[1m[2m   32.84 kB[22m[1m[22m[2m │ gzip:  10.83 kB[22m
[2mdist/[22m[2massets/[22m[36mUfcChain-Dhkv7RD9.js                      [39m[1m[2m   32.97 kB[22m[1m[22m[2m │ gzip:   8.32 kB[22m
[2mdist/[22m[2massets/[22m[36mIdleArena-svUQdWJt.js                     [39m[1m[2m   33.97 kB[22m[1m[22m[2m │ gzip:  11.17 kB[22m
[2mdist/[22m[2massets/[22m[36mfrontOfficePlayers-BMdaeFxZ.js            [39m[1m[2m   34.48 kB[22m[1m[22m[2m │ gzip:   8.25 kB[22m
[2mdist/[22m[2massets/[22m[36mTeammates-EVAtRNqk.js                     [39m[1m[2m   34.85 kB[22m[1m[22m[2m │ gzip:   9.19 kB[22m
[2mdist/[22m[2massets/[22m[36mTransferPath-BIvpjUX5.js                  [39m[1m[2m   35.28 kB[22m[1m[22m[2m │ gzip:  11.52 kB[22m
[2mdist/[22m[2massets/[22m[36mcollege-B_XqEHQm.js                       [39m[1m[2m   36.30 kB[22m[1m[22m[2m │ gzip:  11.81 kB[22m
[2mdist/[22m[2massets/[22m[36mclubRivalries-DuNC-DyB.js                 [39m[1m[2m   36.59 kB[22m[1m[22m[2m │ gzip:  10.58 kB[22m
[2mdist/[22m[2massets/[22m[36mTacticsScreen-BZBchG2v.js                 [39m[1m[2m   37.13 kB[22m[1m[22m[2m │ gzip:  11.33 kB[22m
[2mdist/[22m[2massets/[22m[36mUfcGame-BMFMz6M5.js                       [39m[1m[2m   37.18 kB[22m[1m[22m[2m │ gzip:   9.74 kB[22m
[2mdist/[22m[2massets/[22m[36mSoccerSeasonCentre-Dlmq8N-a.js            [39m[1m[2m   37.22 kB[22m[1m[22m[2m │ gzip:  13.62 kB[22m
[2mdist/[22m[2massets/[22m[36mCollegeGrid-Cq0J_9kc.js                   [39m[1m[2m   37.76 kB[22m[1m[22m[2m │ gzip:   9.07 kB[22m
[2mdist/[22m[2massets/[22m[36mGuessNflTeam-CqIiufTv.js                  [39m[1m[2m   37.83 kB[22m[1m[22m[2m │ gzip:  11.81 kB[22m
[2mdist/[22m[2massets/[22m[36mClubManagerHelp-kH8sAt_K.js               [39m[1m[2m   38.83 kB[22m[1m[22m[2m │ gzip:  14.55 kB[22m
[2mdist/[22m[2massets/[22m[36mGuessNascarDriver-y9EFLTht.js             [39m[1m[2m   39.10 kB[22m[1m[22m[2m │ gzip:   9.15 kB[22m
[2mdist/[22m[2massets/[22m[36mconquestSports-B8RfKg53.js                [39m[1m[2m   39.47 kB[22m[1m[22m[2m │ gzip:  10.82 kB[22m
[2mdist/[22m[2massets/[22m[36mTransferScreen-eol9GrI7.js                [39m[1m[2m   39.59 kB[22m[1m[22m[2m │ gzip:  10.43 kB[22m
[2mdist/[22m[2massets/[22m[36mSeasonCentre-nW3fQ_gn.js                  [39m[1m[2m   39.62 kB[22m[1m[22m[2m │ gzip:  12.03 kB[22m
[2mdist/[22m[2massets/[22m[36mBuzzerBeater-5mYc_xHv.js                  [39m[1m[2m   41.87 kB[22m[1m[22m[2m │ gzip:  13.65 kB[22m
[2mdist/[22m[2massets/[22m[36mera2015-CKBLW-Gg.js                       [39m[1m[2m   43.39 kB[22m[1m[22m[2m │ gzip:  14.90 kB[22m
[2mdist/[22m[2massets/[22m[36mLineupBuilder-BocMmf-W.js                 [39m[1m[2m   43.41 kB[22m[1m[22m[2m │ gzip:  14.71 kB[22m
[2mdist/[22m[2massets/[22m[36mMissingNine-DDrS6CbH.js                   [39m[1m[2m   44.33 kB[22m[1m[22m[2m │ gzip:  12.36 kB[22m
[2mdist/[22m[2massets/[22m[36mMissingFive-Cf-cUklD.js                   [39m[1m[2m   44.93 kB[22m[1m[22m[2m │ gzip:  10.57 kB[22m
[2mdist/[22m[2massets/[22m[36mera2005-B29vZjuX.js                       [39m[1m[2m   45.34 kB[22m[1m[22m[2m │ gzip:  15.17 kB[22m
[2mdist/[22m[2massets/[22m[36mera2010-YNeWL_4t.js                       [39m[1m[2m   45.62 kB[22m[1m[22m[2m │ gzip:  15.40 kB[22m
[2mdist/[22m[2massets/[22m[36mAppearanceBuilder-CvC-y2Nl.js             [39m[1m[2m   45.88 kB[22m[1m[22m[2m │ gzip:  14.53 kB[22m
[2mdist/[22m[2massets/[22m[36mDeadlineDay-EZvyvdP1.js                   [39m[1m[2m   46.04 kB[22m[1m[22m[2m │ gzip:  14.24 kB[22m
[2mdist/[22m[2massets/[22m[36mera2020-7P0IGSTf.js                       [39m[1m[2m   46.53 kB[22m[1m[22m[2m │ gzip:  16.08 kB[22m
[2mdist/[22m[2massets/[22m[36mBaseballConnections-kooWNFy7.js           [39m[1m[2m   49.25 kB[22m[1m[22m[2m │ gzip:  12.37 kB[22m
[2mdist/[22m[2massets/[22m[36mnbaOpeningRatings-DmYGOL8G.js             [39m[1m[2m   50.06 kB[22m[1m[22m[2m │ gzip:   6.77 kB[22m
[2mdist/[22m[2massets/[22m[36mLiveSimScreen-csQH9BMO.js                 [39m[1m[2m   52.07 kB[22m[1m[22m[2m │ gzip:  17.27 kB[22m
[2mdist/[22m[2massets/[22m[36mCageClash-COeSe56p.js                     [39m[1m[2m   52.18 kB[22m[1m[22m[2m │ gzip:  17.15 kB[22m
[2mdist/[22m[2massets/[22m[36mFootle-6nGThSQ9.js                        [39m[1m[2m   54.16 kB[22m[1m[22m[2m │ gzip:  17.15 kB[22m
[2mdist/[22m[2massets/[22m[36mConquestNba-BwGX9GH8.js                   [39m[1m[2m   54.40 kB[22m[1m[22m[2m │ gzip:  15.58 kB[22m
[2mdist/[22m[2massets/[22m[36mbaseball-1VjrIB18.js                      [39m[1m[2m   55.10 kB[22m[1m[22m[2m │ gzip:  19.39 kB[22m
[2mdist/[22m[2massets/[22m[36mConquest-BqQ-lMZt.js                      [39m[1m[2m   55.76 kB[22m[1m[22m[2m │ gzip:  14.86 kB[22m
[2mdist/[22m[2massets/[22m[36mMissingEleven-B1uxvzoi.js                 [39m[1m[2m   58.10 kB[22m[1m[22m[2m │ gzip:  14.88 kB[22m
[2mdist/[22m[2massets/[22m[36mSportHub-DCrg-X_q.js                      [39m[1m[2m   58.52 kB[22m[1m[22m[2m │ gzip:  19.67 kB[22m
[2mdist/[22m[2massets/[22m[36msoccer1-MOKhqnXB.js                       [39m[1m[2m   60.80 kB[22m[1m[22m[2m │ gzip:  20.40 kB[22m
[2mdist/[22m[2massets/[22m[36mhockey-B6KUsS6A.js                        [39m[1m[2m   61.30 kB[22m[1m[22m[2m │ gzip:  21.46 kB[22m
[2mdist/[22m[2massets/[22m[36mfootball-D30clyNH.js                      [39m[1m[2m   64.34 kB[22m[1m[22m[2m │ gzip:  22.74 kB[22m
[2mdist/[22m[2massets/[22m[36mProfile-B9H0efaO.js                       [39m[1m[2m   65.10 kB[22m[1m[22m[2m │ gzip:  20.05 kB[22m
[2mdist/[22m[2massets/[22m[36mStadiumTycoon-Bw_cGyWr.js                 [39m[1m[2m   68.21 kB[22m[1m[22m[2m │ gzip:  21.69 kB[22m
[2mdist/[22m[2massets/[22m[36mFightPromoter-U2Rvnbsu.js                 [39m[1m[2m   68.48 kB[22m[1m[22m[2m │ gzip:  20.85 kB[22m
[2mdist/[22m[2massets/[22m[36mclubManagerEra2015-BUxVBSOC.js            [39m[1m[2m   73.21 kB[22m[1m[22m[2m │ gzip:  21.60 kB[22m
[2mdist/[22m[2massets/[22m[36mclubManagerEra2005-DZSwQTfX.js            [39m[1m[2m   75.93 kB[22m[1m[22m[2m │ gzip:  21.84 kB[22m
[2mdist/[22m[2massets/[22m[36mImperialismBoardShared-Bk4CTEdn.js        [39m[1m[2m   76.06 kB[22m[1m[22m[2m │ gzip:  24.92 kB[22m
[2mdist/[22m[2massets/[22m[36mclubManagerEra2010-CiScj6R7.js            [39m[1m[2m   76.80 kB[22m[1m[22m[2m │ gzip:  22.43 kB[22m
[2mdist/[22m[2massets/[22m[36mWorldCupPredictor-BVC1wlOD.js             [39m[1m[2m   77.02 kB[22m[1m[22m[2m │ gzip:  23.78 kB[22m
[2mdist/[22m[2massets/[22m[36mAussieRulesManager-BV0gsH1c.js            [39m[1m[2m   77.66 kB[22m[1m[22m[2m │ gzip:  25.45 kB[22m
[2mdist/[22m[2massets/[22m[36mClubManager-DC5CtkjT.js                   [39m[1m[2m   78.05 kB[22m[1m[22m[2m │ gzip:  24.30 kB[22m
[2mdist/[22m[2massets/[22m[36mclubManagerEra2020-Bej21k8N.js            [39m[1m[2m   78.49 kB[22m[1m[22m[2m │ gzip:  23.60 kB[22m
[2mdist/[22m[2massets/[22m[36mNhlFrontOffice-CX7PCHwK.js                [39m[1m[2m   79.27 kB[22m[1m[22m[2m │ gzip:  26.56 kB[22m
[2mdist/[22m[2massets/[22m[36mnhlOpeningRatings-Y9x0bvK7.js             [39m[1m[2m   80.49 kB[22m[1m[22m[2m │ gzip:   9.19 kB[22m
[2mdist/[22m[2massets/[22m[36mworld-bzrfPoKq.js                         [39m[1m[2m   83.56 kB[22m[1m[22m[2m │ gzip:  27.22 kB[22m
[2mdist/[22m[2massets/[22m[36mFightCareer-B1CvE7k2.js                   [39m[1m[2m   84.13 kB[22m[1m[22m[2m │ gzip:  26.30 kB[22m
[2mdist/[22m[2massets/[22m[36mGuessTheCollege-_1W9WKJR.js               [39m[1m[2m   84.75 kB[22m[1m[22m[2m │ gzip:  22.36 kB[22m
[2mdist/[22m[2massets/[22m[36mmoreSports-GYqSPvUd.js                    [39m[1m[2m   85.08 kB[22m[1m[22m[2m │ gzip:  27.30 kB[22m
[2mdist/[22m[2massets/[22m[36mbasketball-qRAKHU1j.js                    [39m[1m[2m   85.59 kB[22m[1m[22m[2m │ gzip:  29.17 kB[22m
[2mdist/[22m[2massets/[22m[36mNbaFrontOffice-D-GBZ4gp.js                [39m[1m[2m   90.17 kB[22m[1m[22m[2m │ gzip:  31.22 kB[22m
[2mdist/[22m[2massets/[22m[36mFrontOffice-ZNYzvQTY.js                   [39m[1m[2m   90.20 kB[22m[1m[22m[2m │ gzip:  29.38 kB[22m
[2mdist/[22m[2massets/[22m[36mplayers-BvqkSYM9.js                       [39m[1m[2m   97.64 kB[22m[1m[22m[2m │ gzip:  14.48 kB[22m
[2mdist/[22m[2massets/[22m[36mGmTradeBuilder-MeJ-2SBK.js                [39m[1m[2m  104.01 kB[22m[1m[22m[2m │ gzip:  35.03 kB[22m
[2mdist/[22m[2massets/[22m[36mMlbFrontOffice-BFOjmBQl.js                [39m[1m[2m  107.61 kB[22m[1m[22m[2m │ gzip:  34.16 kB[22m
[2mdist/[22m[2massets/[22m[36msoccer2-ChFOa70G.js                       [39m[1m[2m  108.47 kB[22m[1m[22m[2m │ gzip:  36.60 kB[22m
[2mdist/[22m[2massets/[22m[36mrecordBooks-B85T8utq.js                   [39m[1m[2m  108.78 kB[22m[1m[22m[2m │ gzip:  19.87 kB[22m
[2mdist/[22m[2massets/[22m[36mRebuild-DlFdLdrI.js                       [39m[1m[2m  117.20 kB[22m[1m[22m[2m │ gzip:  35.62 kB[22m
[2mdist/[22m[2massets/[22m[36mConnections-ByXEcUTY.js                   [39m[1m[2m  154.18 kB[22m[1m[22m[2m │ gzip:  30.90 kB[22m
[2mdist/[22m[2massets/[22m[36mDartDraft-DbnwYgyg.js                     [39m[1m[2m  175.99 kB[22m[1m[22m[2m │ gzip:  57.51 kB[22m
[2mdist/[22m[2massets/[22m[36mhtml2canvas.esm-CBrSDip1.js               [39m[1m[2m  201.42 kB[22m[1m[22m[2m │ gzip:  48.03 kB[22m
[2mdist/[22m[2massets/[22m[36mMlbMyCareer-DU0HkIL9.js                   [39m[1m[2m  241.58 kB[22m[1m[22m[2m │ gzip:  80.97 kB[22m
[2mdist/[22m[2massets/[22m[36mNhlMyCareer-DFS2MvfT.js                   [39m[1m[2m  247.41 kB[22m[1m[22m[2m │ gzip:  82.09 kB[22m
[2mdist/[22m[2massets/[22m[36mNbaMyCareer-0wul5Hak.js                   [39m[1m[2m  259.48 kB[22m[1m[22m[2m │ gzip:  88.01 kB[22m
[2mdist/[22m[2massets/[22m[36museCareerMoment-CMCIr1Wg.js               [39m[1m[2m  262.40 kB[22m[1m[22m[2m │ gzip:  66.35 kB[22m
[2mdist/[22m[2massets/[22m[36mMissingXi-8d0gTllI.js                     [39m[1m[2m  264.43 kB[22m[1m[22m[2m │ gzip:  51.91 kB[22m
[2mdist/[22m[2massets/[22m[36mGridArchive-d1lCtKA8.js                   [39m[1m[2m  311.28 kB[22m[1m[22m[2m │ gzip:  56.57 kB[22m
[2mdist/[22m[2massets/[22m[36mWhatsNew-CVH-hjsB.js                      [39m[1m[2m  319.30 kB[22m[1m[22m[2m │ gzip: 103.00 kB[22m
[2mdist/[22m[2massets/[22m[36mcareerPlayers-DOIUlYXN.js                 [39m[1m[2m  335.22 kB[22m[1m[22m[2m │ gzip:  40.78 kB[22m
[2mdist/[22m[2massets/[22m[36musCareerSeasonReview-WKh1MGVH.js          [39m[1m[2m  433.75 kB[22m[1m[22m[2m │ gzip: 139.24 kB[22m
[2mdist/[22m[2massets/[22m[36mfrontOfficeDepth-hFZ-rvc7.js              [39m[1m[33m  505.58 kB[39m[22m[2m │ gzip:  56.44 kB[22m
[2mdist/[22m[2massets/[22m[36mclubManager-BEBaPnr6.js                   [39m[1m[33m  756.84 kB[39m[22m[2m │ gzip: 249.51 kB[22m
[2mdist/[22m[2massets/[22m[36mindex-CnrxOYuJ.js                         [39m[1m[33m  787.40 kB[39m[22m[2m │ gzip: 239.63 kB[22m
[2mdist/[22m[2massets/[22m[36mSoccerCareer-D8_1g-8c.js                  [39m[1m[33m1,269.14 kB[39m[22m[2m │ gzip: 369.13 kB[22m
[33m
(!) Some chunks are larger than 500 kB after minification. Consider:
- Using dynamic import() to code-split the application
- Use build.rollupOptions.output.manualChunks to improve chunking: https://rollupjs.org/configuration-options/#output-manualchunks
- Adjust chunk size limit for this warning via build.chunkSizeWarningLimit.[39m
[32m✓ built in 18.19s[39m
[dukb] inlined 1 stylesheet(s) and 1 module(s) into 180 snapshots (11 left alone)
