[36mvite v5.4.21 [32mbuilding for production...[36m[39m
transforming...
Browserslist: browsers data (caniuse-lite) is 16 months old. Please run:
  npx update-browserslist-db@latest
  Why you should do it regularly: https://github.com/browserslist/update-db#readme
[32m✓[39m 3388 modules transformed.
rendering chunks...
computing gzip size...
[2mdist/[22m[32mindex.html                                       [39m[1m[2m   31.73 kB[22m[1m[22m[2m │ gzip:  11.40 kB[22m
[2mdist/[22m[2massets/[22m[32mcollegeGridJudge-BnVqn2Y8.json            [39m[1m[2m  542.05 kB[22m[1m[22m[2m │ gzip: 137.17 kB[22m
[2mdist/[22m[2massets/[22m[32mcollegeGridSearch-Bs7o3gLM.json           [39m[1m[2m  599.14 kB[22m[1m[22m[2m │ gzip: 205.33 kB[22m
[2mdist/[22m[2massets/[22m[35mInboxCard-DDfoldLS.css                    [39m[1m[2m    0.31 kB[22m[1m[22m[2m │ gzip:   0.22 kB[22m
[2mdist/[22m[2massets/[22m[35mStaffScreen-DA5KNI2w.css                  [39m[1m[2m    0.34 kB[22m[1m[22m[2m │ gzip:   0.22 kB[22m
[2mdist/[22m[2massets/[22m[35mPuckDetective-CNwlavUM.css                [39m[1m[2m    0.46 kB[22m[1m[22m[2m │ gzip:   0.24 kB[22m
[2mdist/[22m[2massets/[22m[35mMlbFrontOffice-CBF51_-Q.css               [39m[1m[2m    0.46 kB[22m[1m[22m[2m │ gzip:   0.26 kB[22m
[2mdist/[22m[2massets/[22m[35mFreeKick-Db_P_VAd.css                     [39m[1m[2m    0.48 kB[22m[1m[22m[2m │ gzip:   0.26 kB[22m
[2mdist/[22m[2massets/[22m[35mChainLinkMotion-CvpbwvEe.css              [39m[1m[2m    0.51 kB[22m[1m[22m[2m │ gzip:   0.27 kB[22m
[2mdist/[22m[2massets/[22m[35mFantasyDraft-BBpfFIJM.css                 [39m[1m[2m    0.51 kB[22m[1m[22m[2m │ gzip:   0.21 kB[22m
[2mdist/[22m[2massets/[22m[35mF1Constructor-ZNfpvwdP.css                [39m[1m[2m    0.54 kB[22m[1m[22m[2m │ gzip:   0.27 kB[22m
[2mdist/[22m[2massets/[22m[35mTrainingPanel-vaffBj46.css                [39m[1m[2m    0.59 kB[22m[1m[22m[2m │ gzip:   0.32 kB[22m
[2mdist/[22m[2massets/[22m[35mGuessTheNation-BPrjB6wp.css               [39m[1m[2m    0.61 kB[22m[1m[22m[2m │ gzip:   0.29 kB[22m
[2mdist/[22m[2massets/[22m[35mListQuiz-CfGTEzvO.css                     [39m[1m[2m    0.63 kB[22m[1m[22m[2m │ gzip:   0.33 kB[22m
[2mdist/[22m[2massets/[22m[35mThroughBallBoard-gTKr9BrC.css             [39m[1m[2m    0.67 kB[22m[1m[22m[2m │ gzip:   0.35 kB[22m
[2mdist/[22m[2massets/[22m[35mNbaChain-COMs1moS.css                     [39m[1m[2m    0.74 kB[22m[1m[22m[2m │ gzip:   0.37 kB[22m
[2mdist/[22m[2massets/[22m[35mBudgetBuilder-BMPKocqF.css                [39m[1m[2m    0.74 kB[22m[1m[22m[2m │ gzip:   0.33 kB[22m
[2mdist/[22m[2massets/[22m[35mGuessTennisPlayer-BJV-i7my.css            [39m[1m[2m    0.77 kB[22m[1m[22m[2m │ gzip:   0.39 kB[22m
[2mdist/[22m[2massets/[22m[35mGuessNascarDriver-B4spQIn2.css            [39m[1m[2m    0.77 kB[22m[1m[22m[2m │ gzip:   0.38 kB[22m
[2mdist/[22m[2massets/[22m[35mGuessCbbTeam-BcTI5nvh.css                 [39m[1m[2m    0.77 kB[22m[1m[22m[2m │ gzip:   0.39 kB[22m
[2mdist/[22m[2massets/[22m[35mBallIq-BjxfiyZ_.css                       [39m[1m[2m    0.78 kB[22m[1m[22m[2m │ gzip:   0.39 kB[22m
[2mdist/[22m[2massets/[22m[35mMysteryBox-6MFZ-n4f.css                   [39m[1m[2m    0.78 kB[22m[1m[22m[2m │ gzip:   0.37 kB[22m
[2mdist/[22m[2massets/[22m[35mEmojiGuess-MeLdLiyY.css                   [39m[1m[2m    0.83 kB[22m[1m[22m[2m │ gzip:   0.37 kB[22m
[2mdist/[22m[2massets/[22m[35mSearchAndDiscard-Bk7mANi4.css             [39m[1m[2m    0.83 kB[22m[1m[22m[2m │ gzip:   0.40 kB[22m
[2mdist/[22m[2massets/[22m[35mNbaStatLine-DajvjVkC.css                  [39m[1m[2m    0.85 kB[22m[1m[22m[2m │ gzip:   0.39 kB[22m
[2mdist/[22m[2massets/[22m[35mMissingNine-BLGcLOj1.css                  [39m[1m[2m    0.88 kB[22m[1m[22m[2m │ gzip:   0.42 kB[22m
[2mdist/[22m[2massets/[22m[35mF1Driver-DhrxUQx4.css                     [39m[1m[2m    0.94 kB[22m[1m[22m[2m │ gzip:   0.47 kB[22m
[2mdist/[22m[2massets/[22m[35mQuizBoard-CBcAEXDf.css                    [39m[1m[2m    1.02 kB[22m[1m[22m[2m │ gzip:   0.44 kB[22m
[2mdist/[22m[2massets/[22m[35mStatDetective-D6N_cvHt.css                [39m[1m[2m    1.08 kB[22m[1m[22m[2m │ gzip:   0.42 kB[22m
[2mdist/[22m[2massets/[22m[35musePracticeClock-ClTOd3XX.css             [39m[1m[2m    1.09 kB[22m[1m[22m[2m │ gzip:   0.37 kB[22m
[2mdist/[22m[2massets/[22m[35mGridCellLayout-D70wq1lC.css               [39m[1m[2m    1.19 kB[22m[1m[22m[2m │ gzip:   0.50 kB[22m
[2mdist/[22m[2massets/[22m[35mRankEm-Bxuyan4v.css                       [39m[1m[2m    1.33 kB[22m[1m[22m[2m │ gzip:   0.63 kB[22m
[2mdist/[22m[2massets/[22m[35mClueAuction-D9aFrid-.css                  [39m[1m[2m    1.42 kB[22m[1m[22m[2m │ gzip:   0.58 kB[22m
[2mdist/[22m[2massets/[22m[35mSetPieceBoard-BIg86Bhl.css                [39m[1m[2m    1.50 kB[22m[1m[22m[2m │ gzip:   0.61 kB[22m
[2mdist/[22m[2massets/[22m[35mGmTradeBuilder-CsXt162F.css               [39m[1m[2m    1.61 kB[22m[1m[22m[2m │ gzip:   0.48 kB[22m
[2mdist/[22m[2massets/[22m[35mNhlFrontOffice-Ce_3hBzp.css               [39m[1m[2m    2.66 kB[22m[1m[22m[2m │ gzip:   0.99 kB[22m
[2mdist/[22m[2massets/[22m[35mArcadeShotFeedback--eiU5Aah.css           [39m[1m[2m    2.94 kB[22m[1m[22m[2m │ gzip:   0.97 kB[22m
[2mdist/[22m[2massets/[22m[35mPitchSurface-BrcOvsZb.css                 [39m[1m[2m    3.11 kB[22m[1m[22m[2m │ gzip:   0.94 kB[22m
[2mdist/[22m[2massets/[22m[35mFootle-pT74gEft.css                       [39m[1m[2m    3.20 kB[22m[1m[22m[2m │ gzip:   1.02 kB[22m
[2mdist/[22m[2massets/[22m[35mLiveSimScreen-CutcJFZR.css                [39m[1m[2m    3.70 kB[22m[1m[22m[2m │ gzip:   1.15 kB[22m
[2mdist/[22m[2massets/[22m[35mAussieRulesManager-zdcvwuMp.css           [39m[1m[2m    4.10 kB[22m[1m[22m[2m │ gzip:   1.18 kB[22m
[2mdist/[22m[2massets/[22m[35mSportHub-wXzienJm.css                     [39m[1m[2m    9.45 kB[22m[1m[22m[2m │ gzip:   2.42 kB[22m
[2mdist/[22m[2massets/[22m[35musCareerSeasonReview-CB720FuL.css         [39m[1m[2m    9.83 kB[22m[1m[22m[2m │ gzip:   2.83 kB[22m
[2mdist/[22m[2massets/[22m[35mindex-BBuOK6mc.css                        [39m[1m[2m  196.87 kB[22m[1m[22m[2m │ gzip:  32.52 kB[22m
[2mdist/[22m[2massets/[22m[36mfirstDraw-DhshXfEx.js                     [39m[1m[2m    0.10 kB[22m[1m[22m[2m │ gzip:   0.10 kB[22m
[2mdist/[22m[2massets/[22m[36mChainLinkMotion.module-CU3oOeKl.js        [39m[1m[2m    0.12 kB[22m[1m[22m[2m │ gzip:   0.11 kB[22m
[2mdist/[22m[2massets/[22m[36mdialogA11y-BCgxbiii.js                    [39m[1m[2m    0.15 kB[22m[1m[22m[2m │ gzip:   0.13 kB[22m
[2mdist/[22m[2massets/[22m[36mformatNumber-CGuttX8h.js                  [39m[1m[2m    0.15 kB[22m[1m[22m[2m │ gzip:   0.15 kB[22m
[2mdist/[22m[2massets/[22m[36mskeleton-BwYbVzsh.js                      [39m[1m[2m    0.17 kB[22m[1m[22m[2m │ gzip:   0.16 kB[22m
[2mdist/[22m[2massets/[22m[36mownGoalRule-J3XQry1d.js                   [39m[1m[2m    0.18 kB[22m[1m[22m[2m │ gzip:   0.17 kB[22m
[2mdist/[22m[2massets/[22m[36mclubManagerClock-C1EiWjUJ.js              [39m[1m[2m    0.25 kB[22m[1m[22m[2m │ gzip:   0.16 kB[22m
[2mdist/[22m[2massets/[22m[36mkeyedRng-BKZQ2UGv.js                      [39m[1m[2m    0.25 kB[22m[1m[22m[2m │ gzip:   0.21 kB[22m
[2mdist/[22m[2massets/[22m[36mnameFold-Cxobkrgg.js                      [39m[1m[2m    0.26 kB[22m[1m[22m[2m │ gzip:   0.24 kB[22m
[2mdist/[22m[2massets/[22m[36mcareerHeadroom-B6hg86bq.js                [39m[1m[2m    0.26 kB[22m[1m[22m[2m │ gzip:   0.19 kB[22m
[2mdist/[22m[2massets/[22m[36mvalidationReason-Bdi7tqty.js              [39m[1m[2m    0.26 kB[22m[1m[22m[2m │ gzip:   0.18 kB[22m
[2mdist/[22m[2massets/[22m[36mensureAnswerInOptions-ip2BqsWb.js         [39m[1m[2m    0.27 kB[22m[1m[22m[2m │ gzip:   0.15 kB[22m
[2mdist/[22m[2massets/[22m[36mseoMetaPart08-IZEXs0WU.js                 [39m[1m[2m    0.27 kB[22m[1m[22m[2m │ gzip:   0.22 kB[22m
[2mdist/[22m[2massets/[22m[36mnotCurrentPlayers-monyGCOh.js             [39m[1m[2m    0.28 kB[22m[1m[22m[2m │ gzip:   0.24 kB[22m
[2mdist/[22m[2massets/[22m[36mchevron-down-CI7Xr4of.js                  [39m[1m[2m    0.29 kB[22m[1m[22m[2m │ gzip:   0.24 kB[22m
[2mdist/[22m[2massets/[22m[36mchevron-up-CDE_GwzZ.js                    [39m[1m[2m    0.29 kB[22m[1m[22m[2m │ gzip:   0.24 kB[22m
[2mdist/[22m[2massets/[22m[36msoccerBootIds-BWkyFIXk.js                 [39m[1m[2m    0.29 kB[22m[1m[22m[2m │ gzip:   0.20 kB[22m
[2mdist/[22m[2massets/[22m[36museOwnedTimeouts-BbJjc5cv.js              [39m[1m[2m    0.29 kB[22m[1m[22m[2m │ gzip:   0.21 kB[22m
[2mdist/[22m[2massets/[22m[36museScrollToGame-CQtoq3-I.js               [39m[1m[2m    0.30 kB[22m[1m[22m[2m │ gzip:   0.24 kB[22m
[2mdist/[22m[2massets/[22m[36marcadeRecord-Ccbsg8hp.js                  [39m[1m[2m    0.31 kB[22m[1m[22m[2m │ gzip:   0.23 kB[22m
[2mdist/[22m[2massets/[22m[36marrow-down-B3TcTKFF.js                    [39m[1m[2m    0.33 kB[22m[1m[22m[2m │ gzip:   0.26 kB[22m
[2mdist/[22m[2massets/[22m[36marrow-up-DVc1l8xT.js                      [39m[1m[2m    0.33 kB[22m[1m[22m[2m │ gzip:   0.26 kB[22m
[2mdist/[22m[2massets/[22m[36mGridCellLayout.module-BrZZmB8D.js         [39m[1m[2m    0.33 kB[22m[1m[22m[2m │ gzip:   0.23 kB[22m
[2mdist/[22m[2massets/[22m[36marrow-left-D9JkpLAo.js                    [39m[1m[2m    0.33 kB[22m[1m[22m[2m │ gzip:   0.26 kB[22m
[2mdist/[22m[2massets/[22m[36mclock-CthejMB4.js                         [39m[1m[2m    0.35 kB[22m[1m[22m[2m │ gzip:   0.27 kB[22m
[2mdist/[22m[2massets/[22m[36mskip-forward-XFHgwxOJ.js                  [39m[1m[2m    0.36 kB[22m[1m[22m[2m │ gzip:   0.29 kB[22m
[2mdist/[22m[2massets/[22m[36mfast-forward-BhQ-onb0.js                  [39m[1m[2m    0.37 kB[22m[1m[22m[2m │ gzip:   0.28 kB[22m
[2mdist/[22m[2massets/[22m[36mrotate-ccw-BUHooCka.js                    [39m[1m[2m    0.37 kB[22m[1m[22m[2m │ gzip:   0.29 kB[22m
[2mdist/[22m[2massets/[22m[36mtrending-up-CcHxH-ez.js                   [39m[1m[2m    0.37 kB[22m[1m[22m[2m │ gzip:   0.28 kB[22m
[2mdist/[22m[2massets/[22m[36mlock-B9CyqWF1.js                          [39m[1m[2m    0.38 kB[22m[1m[22m[2m │ gzip:   0.29 kB[22m
[2mdist/[22m[2massets/[22m[36mtrending-down-C8uB7pls.js                 [39m[1m[2m    0.38 kB[22m[1m[22m[2m │ gzip:   0.28 kB[22m
[2mdist/[22m[2massets/[22m[36minfinity-CZl7s0d9.js                      [39m[1m[2m    0.38 kB[22m[1m[22m[2m │ gzip:   0.29 kB[22m
[2mdist/[22m[2massets/[22m[36mflag-Yuqk8bUA.js                          [39m[1m[2m    0.39 kB[22m[1m[22m[2m │ gzip:   0.31 kB[22m
[2mdist/[22m[2massets/[22m[36mbriefcase-CZd79cEU.js                     [39m[1m[2m    0.39 kB[22m[1m[22m[2m │ gzip:   0.30 kB[22m
[2mdist/[22m[2massets/[22m[36mtarget-C_7DFkQB.js                        [39m[1m[2m    0.40 kB[22m[1m[22m[2m │ gzip:   0.27 kB[22m
[2mdist/[22m[2massets/[22m[36mshareGrids-BBcTDnrG.js                    [39m[1m[2m    0.40 kB[22m[1m[22m[2m │ gzip:   0.29 kB[22m
[2mdist/[22m[2massets/[22m[36mcopy-62c5WmlN.js                          [39m[1m[2m    0.41 kB[22m[1m[22m[2m │ gzip:   0.31 kB[22m
[2mdist/[22m[2massets/[22m[36mcircle-help-DrnIyDiB.js                   [39m[1m[2m    0.41 kB[22m[1m[22m[2m │ gzip:   0.30 kB[22m
[2mdist/[22m[2massets/[22m[36mtimer-Dg7UpyN_.js                         [39m[1m[2m    0.41 kB[22m[1m[22m[2m │ gzip:   0.29 kB[22m
[2mdist/[22m[2massets/[22m[36mlink-2-CTjhH4Wx.js                        [39m[1m[2m    0.41 kB[22m[1m[22m[2m │ gzip:   0.31 kB[22m
[2mdist/[22m[2massets/[22m[36marrow-left-right-C0ESpMGK.js              [39m[1m[2m    0.42 kB[22m[1m[22m[2m │ gzip:   0.30 kB[22m
[2mdist/[22m[2massets/[22m[36mawardDecision-aIUMdt9Z.js                 [39m[1m[2m    0.42 kB[22m[1m[22m[2m │ gzip:   0.22 kB[22m
[2mdist/[22m[2massets/[22m[36meye-9NEBF_Kr.js                           [39m[1m[2m    0.43 kB[22m[1m[22m[2m │ gzip:   0.30 kB[22m
[2mdist/[22m[2massets/[22m[36mcalendar-BQQsymyH.js                      [39m[1m[2m    0.43 kB[22m[1m[22m[2m │ gzip:   0.30 kB[22m
[2mdist/[22m[2massets/[22m[36mzap-DQtj_uOk.js                           [39m[1m[2m    0.43 kB[22m[1m[22m[2m │ gzip:   0.31 kB[22m
[2mdist/[22m[2massets/[22m[36museBodyLock-C2BnReay.js                   [39m[1m[2m    0.45 kB[22m[1m[22m[2m │ gzip:   0.28 kB[22m
[2mdist/[22m[2massets/[22m[36mlightbulb-DQHu6y82.js                     [39m[1m[2m    0.46 kB[22m[1m[22m[2m │ gzip:   0.33 kB[22m
[2mdist/[22m[2massets/[22m[36msend-BFNm6ruz.js                          [39m[1m[2m    0.46 kB[22m[1m[22m[2m │ gzip:   0.33 kB[22m
[2mdist/[22m[2massets/[22m[36musers-BoETAO0k.js                         [39m[1m[2m    0.47 kB[22m[1m[22m[2m │ gzip:   0.33 kB[22m
[2mdist/[22m[2massets/[22m[36mshield-half-BUzQfVS7.js                   [39m[1m[2m    0.48 kB[22m[1m[22m[2m │ gzip:   0.35 kB[22m
[2mdist/[22m[2massets/[22m[36marcade-CUT7KVjC.js                        [39m[1m[2m    0.49 kB[22m[1m[22m[2m │ gzip:   0.32 kB[22m
[2mdist/[22m[2massets/[22m[36mReferenceSources-B3tikUjq.js              [39m[1m[2m    0.49 kB[22m[1m[22m[2m │ gzip:   0.36 kB[22m
[2mdist/[22m[2massets/[22m[36mgraduation-cap-BhtmY-hp.js                [39m[1m[2m    0.50 kB[22m[1m[22m[2m │ gzip:   0.35 kB[22m
[2mdist/[22m[2massets/[22m[36mseoMetaPart20-D3Jt8qZ_.js                 [39m[1m[2m    0.50 kB[22m[1m[22m[2m │ gzip:   0.34 kB[22m
[2mdist/[22m[2massets/[22m[36mentityIds-L4Nd6Y8C.js                     [39m[1m[2m    0.51 kB[22m[1m[22m[2m │ gzip:   0.34 kB[22m
[2mdist/[22m[2massets/[22m[36mseoMetaPart07-ympky3rW.js                 [39m[1m[2m    0.51 kB[22m[1m[22m[2m │ gzip:   0.35 kB[22m
[2mdist/[22m[2massets/[22m[36mnewspaper-C_rOp2_1.js                     [39m[1m[2m    0.51 kB[22m[1m[22m[2m │ gzip:   0.34 kB[22m
[2mdist/[22m[2massets/[22m[36mseoMetaPart13-Ig-3KGy2.js                 [39m[1m[2m    0.51 kB[22m[1m[22m[2m │ gzip:   0.34 kB[22m
[2mdist/[22m[2massets/[22m[36mseoMetaPart31-BPitkLcI.js                 [39m[1m[2m    0.52 kB[22m[1m[22m[2m │ gzip:   0.35 kB[22m
[2mdist/[22m[2massets/[22m[36mtrash-2-ChtL-Tt1.js                       [39m[1m[2m    0.53 kB[22m[1m[22m[2m │ gzip:   0.35 kB[22m
[2mdist/[22m[2massets/[22m[36mcrown-BCDbR6Kl.js                         [39m[1m[2m    0.53 kB[22m[1m[22m[2m │ gzip:   0.36 kB[22m
[2mdist/[22m[2massets/[22m[36mshuffle-4TaF7Xv-.js                       [39m[1m[2m    0.55 kB[22m[1m[22m[2m │ gzip:   0.35 kB[22m
[2mdist/[22m[2massets/[22m[36mpackage-DG8zBbb2.js                       [39m[1m[2m    0.56 kB[22m[1m[22m[2m │ gzip:   0.36 kB[22m
[2mdist/[22m[2massets/[22m[36mdailyRecord-CX9SdYxa.js                   [39m[1m[2m    0.56 kB[22m[1m[22m[2m │ gzip:   0.34 kB[22m
[2mdist/[22m[2massets/[22m[36mclipboard-list-DPw4xARs.js                [39m[1m[2m    0.58 kB[22m[1m[22m[2m │ gzip:   0.36 kB[22m
[2mdist/[22m[2massets/[22m[36mmedal-CMEjzxkH.js                         [39m[1m[2m    0.60 kB[22m[1m[22m[2m │ gzip:   0.39 kB[22m
[2mdist/[22m[2massets/[22m[36mhandshake-BzhmbCAO.js                     [39m[1m[2m    0.62 kB[22m[1m[22m[2m │ gzip:   0.39 kB[22m
[2mdist/[22m[2massets/[22m[36mstar-4WDq3Cza.js                          [39m[1m[2m    0.64 kB[22m[1m[22m[2m │ gzip:   0.40 kB[22m
[2mdist/[22m[2massets/[22m[36mfetchQuizBoard-CMA5zIq8.js                [39m[1m[2m    0.66 kB[22m[1m[22m[2m │ gzip:   0.43 kB[22m
[2mdist/[22m[2massets/[22m[36mresume-iKq-NREI.js                        [39m[1m[2m    0.67 kB[22m[1m[22m[2m │ gzip:   0.42 kB[22m
[2mdist/[22m[2massets/[22m[36mleagueCore--DUG-EXw.js                    [39m[1m[2m    0.67 kB[22m[1m[22m[2m │ gzip:   0.43 kB[22m
[2mdist/[22m[2massets/[22m[36mbadge-Bc2La8M3.js                         [39m[1m[2m    0.71 kB[22m[1m[22m[2m │ gzip:   0.37 kB[22m
[2mdist/[22m[2massets/[22m[36mSeasonResumeChip-CEdGJz0u.js              [39m[1m[2m    0.71 kB[22m[1m[22m[2m │ gzip:   0.49 kB[22m
[2mdist/[22m[2massets/[22m[36mswords-Dg_2Jeaz.js                        [39m[1m[2m    0.72 kB[22m[1m[22m[2m │ gzip:   0.39 kB[22m
[2mdist/[22m[2massets/[22m[36mdumbbell-DFm_NUYN.js                      [39m[1m[2m    0.73 kB[22m[1m[22m[2m │ gzip:   0.40 kB[22m
[2mdist/[22m[2massets/[22m[36mseoMetaPart02-BYbZNxRj.js                 [39m[1m[2m    0.74 kB[22m[1m[22m[2m │ gzip:   0.44 kB[22m
[2mdist/[22m[2massets/[22m[36mseoMetaPart10-CPgkU0Ug.js                 [39m[1m[2m    0.75 kB[22m[1m[22m[2m │ gzip:   0.46 kB[22m
[2mdist/[22m[2massets/[22m[36mseoMetaPart16-CmMlK9Np.js                 [39m[1m[2m    0.75 kB[22m[1m[22m[2m │ gzip:   0.45 kB[22m
[2mdist/[22m[2massets/[22m[36mseoMetaPart00-CuVEcdvG.js                 [39m[1m[2m    0.75 kB[22m[1m[22m[2m │ gzip:   0.46 kB[22m
[2mdist/[22m[2massets/[22m[36mseoMetaPart01-DtjgkM8Q.js                 [39m[1m[2m    0.75 kB[22m[1m[22m[2m │ gzip:   0.45 kB[22m
[2mdist/[22m[2massets/[22m[36mseoMetaPart11-oLlb_0nk.js                 [39m[1m[2m    0.75 kB[22m[1m[22m[2m │ gzip:   0.45 kB[22m
[2mdist/[22m[2massets/[22m[36mseoMetaPart03-BOxIFoUd.js                 [39m[1m[2m    0.76 kB[22m[1m[22m[2m │ gzip:   0.47 kB[22m
[2mdist/[22m[2massets/[22m[36mgmDealTable-DYyD4N4_.js                   [39m[1m[2m    0.77 kB[22m[1m[22m[2m │ gzip:   0.44 kB[22m
[2mdist/[22m[2massets/[22m[36mgamepad-2-BajzFinS.js                     [39m[1m[2m    0.79 kB[22m[1m[22m[2m │ gzip:   0.49 kB[22m
[2mdist/[22m[2massets/[22m[36museGameCompletion-DkyyUZep.js             [39m[1m[2m    0.81 kB[22m[1m[22m[2m │ gzip:   0.49 kB[22m
[2mdist/[22m[2massets/[22m[36mRestoredResult--S6vzJNc.js                [39m[1m[2m    0.86 kB[22m[1m[22m[2m │ gzip:   0.43 kB[22m
[2mdist/[22m[2massets/[22m[36mcareerEngine-C0YCb0dd.js                  [39m[1m[2m    0.86 kB[22m[1m[22m[2m │ gzip:   0.47 kB[22m
[2mdist/[22m[2massets/[22m[36mConfetti-CC4q9auQ.js                      [39m[1m[2m    0.90 kB[22m[1m[22m[2m │ gzip:   0.61 kB[22m
[2mdist/[22m[2massets/[22m[36mfetchAllRows-CkoDCTo8.js                  [39m[1m[2m    0.92 kB[22m[1m[22m[2m │ gzip:   0.44 kB[22m
[2mdist/[22m[2massets/[22m[36musCareerReveal-BW47Ke0-.js                [39m[1m[2m    0.94 kB[22m[1m[22m[2m │ gzip:   0.58 kB[22m
[2mdist/[22m[2massets/[22m[36mseoMetaPart24-CQTtSrLB.js                 [39m[1m[2m    0.98 kB[22m[1m[22m[2m │ gzip:   0.56 kB[22m
[2mdist/[22m[2massets/[22m[36mcard-DzUvvfQd.js                          [39m[1m[2m    0.99 kB[22m[1m[22m[2m │ gzip:   0.37 kB[22m
[2mdist/[22m[2massets/[22m[36mseoMetaPart04-DRX4FtX_.js                 [39m[1m[2m    0.99 kB[22m[1m[22m[2m │ gzip:   0.55 kB[22m
[2mdist/[22m[2massets/[22m[36mseoMetaPart15-9v6Tzod_.js                 [39m[1m[2m    0.99 kB[22m[1m[22m[2m │ gzip:   0.53 kB[22m
[2mdist/[22m[2massets/[22m[36mseoMetaPart18-Beou92RL.js                 [39m[1m[2m    0.99 kB[22m[1m[22m[2m │ gzip:   0.57 kB[22m
[2mdist/[22m[2massets/[22m[36mseoMetaPart23-RMiEDEGg.js                 [39m[1m[2m    1.00 kB[22m[1m[22m[2m │ gzip:   0.55 kB[22m
[2mdist/[22m[2massets/[22m[36mseoMetaPart19-CpToAW9C.js                 [39m[1m[2m    1.00 kB[22m[1m[22m[2m │ gzip:   0.55 kB[22m
[2mdist/[22m[2massets/[22m[36mseoMetaPart25-Cf_pDGZt.js                 [39m[1m[2m    1.00 kB[22m[1m[22m[2m │ gzip:   0.56 kB[22m
[2mdist/[22m[2massets/[22m[36mseoMetaPart21-BhVVnIEN.js                 [39m[1m[2m    1.01 kB[22m[1m[22m[2m │ gzip:   0.54 kB[22m
[2mdist/[22m[2massets/[22m[36mseoMetaPart05-BnXoXrsk.js                 [39m[1m[2m    1.01 kB[22m[1m[22m[2m │ gzip:   0.59 kB[22m
[2mdist/[22m[2massets/[22m[36mseoMetaPart22-S-3F3LJ6.js                 [39m[1m[2m    1.01 kB[22m[1m[22m[2m │ gzip:   0.59 kB[22m
[2mdist/[22m[2massets/[22m[36mGuessFinish-D0gPeOFB.js                   [39m[1m[2m    1.13 kB[22m[1m[22m[2m │ gzip:   0.60 kB[22m
[2mdist/[22m[2massets/[22m[36mfetchCareerPlayers-BTXi53UG.js            [39m[1m[2m    1.16 kB[22m[1m[22m[2m │ gzip:   0.56 kB[22m
[2mdist/[22m[2massets/[22m[36mchemistry-DIs7dgmv.js                     [39m[1m[2m    1.19 kB[22m[1m[22m[2m │ gzip:   0.58 kB[22m
[2mdist/[22m[2massets/[22m[36mGiveUpButton-Btn6nx5_.js                  [39m[1m[2m    1.19 kB[22m[1m[22m[2m │ gzip:   0.54 kB[22m
[2mdist/[22m[2massets/[22m[36mseoMetaPart06-N4xfX3Sj.js                 [39m[1m[2m    1.20 kB[22m[1m[22m[2m │ gzip:   0.58 kB[22m
[2mdist/[22m[2massets/[22m[36mseoMetaPart14-Ca8w5qDt.js                 [39m[1m[2m    1.21 kB[22m[1m[22m[2m │ gzip:   0.61 kB[22m
[2mdist/[22m[2massets/[22m[36mseoMetaPart12-BJfl671y.js                 [39m[1m[2m    1.21 kB[22m[1m[22m[2m │ gzip:   0.67 kB[22m
[2mdist/[22m[2massets/[22m[36mseoMetaPart27-CP2Svxjt.js                 [39m[1m[2m    1.22 kB[22m[1m[22m[2m │ gzip:   0.65 kB[22m
[2mdist/[22m[2massets/[22m[36mseoMetaPart28-g2Jhz3O3.js                 [39m[1m[2m    1.22 kB[22m[1m[22m[2m │ gzip:   0.67 kB[22m
[2mdist/[22m[2massets/[22m[36mClubManagerTreatmentPanel-lyB6dhYi.js     [39m[1m[2m    1.23 kB[22m[1m[22m[2m │ gzip:   0.73 kB[22m
[2mdist/[22m[2massets/[22m[36mGameShell-DCMD01Sm.js                     [39m[1m[2m    1.30 kB[22m[1m[22m[2m │ gzip:   0.69 kB[22m
[2mdist/[22m[2massets/[22m[36mGridBoardSkeleton-C7VuVqih.js             [39m[1m[2m    1.32 kB[22m[1m[22m[2m │ gzip:   0.60 kB[22m
[2mdist/[22m[2massets/[22m[36mconfederationGroups-B32gL-Nc.js           [39m[1m[2m    1.34 kB[22m[1m[22m[2m │ gzip:   0.70 kB[22m
[2mdist/[22m[2massets/[22m[36mHowToPlayPopover-DSErZeq6.js              [39m[1m[2m    1.37 kB[22m[1m[22m[2m │ gzip:   0.77 kB[22m
[2mdist/[22m[2massets/[22m[36mHubTiles-mVpbDEFc.js                      [39m[1m[2m    1.39 kB[22m[1m[22m[2m │ gzip:   0.60 kB[22m
[2mdist/[22m[2massets/[22m[36mpositionFit-BbUnYZIs.js                   [39m[1m[2m    1.42 kB[22m[1m[22m[2m │ gzip:   0.67 kB[22m
[2mdist/[22m[2massets/[22m[36mRulesGate-xvZnIxSI.js                     [39m[1m[2m    1.42 kB[22m[1m[22m[2m │ gzip:   0.81 kB[22m
[2mdist/[22m[2massets/[22m[36mseoMetaPart29-DFpfKJo-.js                 [39m[1m[2m    1.47 kB[22m[1m[22m[2m │ gzip:   0.73 kB[22m
[2mdist/[22m[2massets/[22m[36museArcadeFlight-BQOg3xcy.js               [39m[1m[2m    1.51 kB[22m[1m[22m[2m │ gzip:   0.66 kB[22m
[2mdist/[22m[2massets/[22m[36mCelebration-D6QMbAGX.js                   [39m[1m[2m    1.53 kB[22m[1m[22m[2m │ gzip:   0.82 kB[22m
[2mdist/[22m[2massets/[22m[36mfoSchedule-BzpgxJRf.js                    [39m[1m[2m    1.57 kB[22m[1m[22m[2m │ gzip:   0.89 kB[22m
[2mdist/[22m[2massets/[22m[36msmartSearch-DxQivxxe.js                   [39m[1m[2m    1.58 kB[22m[1m[22m[2m │ gzip:   0.71 kB[22m
[2mdist/[22m[2massets/[22m[36mCareerFx-BBqQ-2t5.js                      [39m[1m[2m    1.58 kB[22m[1m[22m[2m │ gzip:   0.92 kB[22m
[2mdist/[22m[2massets/[22m[36mdeskCue--y7QyYPq.js                       [39m[1m[2m    1.62 kB[22m[1m[22m[2m │ gzip:   0.91 kB[22m
[2mdist/[22m[2massets/[22m[36msilverwareSort-lAnUM2Q8.js                [39m[1m[2m    1.63 kB[22m[1m[22m[2m │ gzip:   0.82 kB[22m
[2mdist/[22m[2massets/[22m[36mGameHelp-BHqwiKZC.js                      [39m[1m[2m    1.65 kB[22m[1m[22m[2m │ gzip:   0.79 kB[22m
[2mdist/[22m[2massets/[22m[36musePracticeClock--y-72O1J.js              [39m[1m[2m    1.66 kB[22m[1m[22m[2m │ gzip:   0.83 kB[22m
[2mdist/[22m[2massets/[22m[36mseoMetaPart26-BXx6PSW7.js                 [39m[1m[2m    1.71 kB[22m[1m[22m[2m │ gzip:   0.90 kB[22m
[2mdist/[22m[2massets/[22m[36mTeamTalkRow-BrXAyAQC.js                   [39m[1m[2m    1.73 kB[22m[1m[22m[2m │ gzip:   0.93 kB[22m
[2mdist/[22m[2massets/[22m[36mmlbGrid-BG8-9FAM.js                       [39m[1m[2m    1.83 kB[22m[1m[22m[2m │ gzip:   0.76 kB[22m
[2mdist/[22m[2massets/[22m[36mWonderkidFactory-BaJK2Ul3.js              [39m[1m[2m    1.85 kB[22m[1m[22m[2m │ gzip:   0.94 kB[22m
[2mdist/[22m[2massets/[22m[36mclubManagerMeters-CuSHYBd4.js             [39m[1m[2m    1.87 kB[22m[1m[22m[2m │ gzip:   1.00 kB[22m
[2mdist/[22m[2massets/[22m[36mhockeyGrid-CX4HB61f.js                    [39m[1m[2m    1.92 kB[22m[1m[22m[2m │ gzip:   0.81 kB[22m
[2mdist/[22m[2massets/[22m[36museRevealScroll-CE1Fl1T6.js               [39m[1m[2m    1.94 kB[22m[1m[22m[2m │ gzip:   0.80 kB[22m
[2mdist/[22m[2massets/[22m[36mseoMetaPart30-C2bf-ABQ.js                 [39m[1m[2m    1.94 kB[22m[1m[22m[2m │ gzip:   0.96 kB[22m
[2mdist/[22m[2massets/[22m[36mfreeKick-BSoL5hQo.js                      [39m[1m[2m    1.94 kB[22m[1m[22m[2m │ gzip:   1.10 kB[22m
[2mdist/[22m[2massets/[22m[36mseoMetaPart17-DdtdxoPB.js                 [39m[1m[2m    1.94 kB[22m[1m[22m[2m │ gzip:   0.96 kB[22m
[2mdist/[22m[2massets/[22m[36mcareerHallSpeech-D8aXsOEv.js              [39m[1m[2m    1.94 kB[22m[1m[22m[2m │ gzip:   1.03 kB[22m
[2mdist/[22m[2massets/[22m[36mArcadeShotFeedback-BP-0JX9k.js            [39m[1m[2m    1.96 kB[22m[1m[22m[2m │ gzip:   0.93 kB[22m
[2mdist/[22m[2massets/[22m[36mMetersStrip-D-UzG4Gl.js                   [39m[1m[2m    2.00 kB[22m[1m[22m[2m │ gzip:   1.03 kB[22m
[2mdist/[22m[2massets/[22m[36msoccerBoots-BK_dXNrV.js                   [39m[1m[2m    2.02 kB[22m[1m[22m[2m │ gzip:   0.99 kB[22m
[2mdist/[22m[2massets/[22m[36mAdBanner-CuVuFAun.js                      [39m[1m[2m    2.04 kB[22m[1m[22m[2m │ gzip:   1.08 kB[22m
[2mdist/[22m[2massets/[22m[36mConnect4Finish-DfQfKpWT.js                [39m[1m[2m    2.06 kB[22m[1m[22m[2m │ gzip:   0.92 kB[22m
[2mdist/[22m[2massets/[22m[36mCelebrationStyles-C75lgDhN.js             [39m[1m[2m    2.13 kB[22m[1m[22m[2m │ gzip:   0.73 kB[22m
[2mdist/[22m[2massets/[22m[36mAcademyProspects-CgiQTwao.js              [39m[1m[2m    2.15 kB[22m[1m[22m[2m │ gzip:   1.00 kB[22m
[2mdist/[22m[2massets/[22m[36mseoMetaPart09-DnyHg2Rd.js                 [39m[1m[2m    2.17 kB[22m[1m[22m[2m │ gzip:   1.05 kB[22m
[2mdist/[22m[2massets/[22m[36mPerfectLineupNba-DAoy0Jdo.js              [39m[1m[2m    2.24 kB[22m[1m[22m[2m │ gzip:   1.11 kB[22m
[2mdist/[22m[2massets/[22m[36mResultScreen-DC8wexeR.js                  [39m[1m[2m    2.28 kB[22m[1m[22m[2m │ gzip:   1.15 kB[22m
[2mdist/[22m[2massets/[22m[36mfrontOfficeSave-DokBHTSA.js               [39m[1m[2m    2.37 kB[22m[1m[22m[2m │ gzip:   1.07 kB[22m
[2mdist/[22m[2massets/[22m[36mDailyLegendOverlay-CgiyQ_wh.js            [39m[1m[2m    2.39 kB[22m[1m[22m[2m │ gzip:   1.22 kB[22m
[2mdist/[22m[2massets/[22m[36mPostGameStats-Bbg8p3Vr.js                 [39m[1m[2m    2.52 kB[22m[1m[22m[2m │ gzip:   1.17 kB[22m
[2mdist/[22m[2massets/[22m[36mClubManagerBoardPanel-CWxhGJfa.js         [39m[1m[2m    2.56 kB[22m[1m[22m[2m │ gzip:   1.05 kB[22m
[2mdist/[22m[2massets/[22m[36mcareerAwardsNight-BDQnO6dK.js             [39m[1m[2m    2.57 kB[22m[1m[22m[2m │ gzip:   1.27 kB[22m
[2mdist/[22m[2massets/[22m[36mAdminLogin-C_jE_Sgc.js                    [39m[1m[2m    2.59 kB[22m[1m[22m[2m │ gzip:   1.23 kB[22m
[2mdist/[22m[2massets/[22m[36mReportQuestion-CUj-blEv.js                [39m[1m[2m    2.92 kB[22m[1m[22m[2m │ gzip:   1.33 kB[22m
[2mdist/[22m[2massets/[22m[36mconquestDataMlb-B4MKOeDm.js               [39m[1m[2m    2.93 kB[22m[1m[22m[2m │ gzip:   1.22 kB[22m
[2mdist/[22m[2massets/[22m[36mLeagueTableCard-BkFsirxR.js               [39m[1m[2m    3.02 kB[22m[1m[22m[2m │ gzip:   1.08 kB[22m
[2mdist/[22m[2massets/[22m[36msquadShape-DzJQ1wtR.js                    [39m[1m[2m    3.03 kB[22m[1m[22m[2m │ gzip:   1.07 kB[22m
[2mdist/[22m[2massets/[22m[36msearchDiscard-B_A6pBBj.js                 [39m[1m[2m    3.05 kB[22m[1m[22m[2m │ gzip:   1.58 kB[22m
[2mdist/[22m[2massets/[22m[36mnbaCareerTraining-CJJTbo-G.js             [39m[1m[2m    3.05 kB[22m[1m[22m[2m │ gzip:   1.62 kB[22m
[2mdist/[22m[2massets/[22m[36mdailySaveShapes-CmYZfx9m.js               [39m[1m[2m    3.05 kB[22m[1m[22m[2m │ gzip:   1.46 kB[22m
[2mdist/[22m[2massets/[22m[36mconquestDataNhl-BBvewyKz.js               [39m[1m[2m    3.06 kB[22m[1m[22m[2m │ gzip:   1.26 kB[22m
[2mdist/[22m[2massets/[22m[36mtennisHLPlayers-DIbH8knL.js               [39m[1m[2m    3.07 kB[22m[1m[22m[2m │ gzip:   0.88 kB[22m
[2mdist/[22m[2massets/[22m[36mconquestMapGeometry-DMIJk1yA.js           [39m[1m[2m    3.10 kB[22m[1m[22m[2m │ gzip:   1.42 kB[22m
[2mdist/[22m[2massets/[22m[36mlocalLineupEval-C-TEdMFJ.js               [39m[1m[2m    3.11 kB[22m[1m[22m[2m │ gzip:   1.50 kB[22m
[2mdist/[22m[2massets/[22m[36museDailyPuzzle-0ZTChlaW.js                [39m[1m[2m    3.13 kB[22m[1m[22m[2m │ gzip:   1.37 kB[22m
[2mdist/[22m[2massets/[22m[36mFarewellCard-W40adMd-.js                  [39m[1m[2m    3.15 kB[22m[1m[22m[2m │ gzip:   1.48 kB[22m
[2mdist/[22m[2massets/[22m[36mtabs-qQEQZWsl.js                          [39m[1m[2m    3.19 kB[22m[1m[22m[2m │ gzip:   1.34 kB[22m
[2mdist/[22m[2massets/[22m[36mNbaGauntletDraft-Dh07uKt7.js              [39m[1m[2m    3.23 kB[22m[1m[22m[2m │ gzip:   1.57 kB[22m
[2mdist/[22m[2massets/[22m[36mGridBoard-BCdbtnFD.js                     [39m[1m[2m    3.25 kB[22m[1m[22m[2m │ gzip:   1.23 kB[22m
[2mdist/[22m[2massets/[22m[36mdealPlayers-S1jLx6Gt.js                   [39m[1m[2m    3.27 kB[22m[1m[22m[2m │ gzip:   1.88 kB[22m
[2mdist/[22m[2massets/[22m[36mContact-DwiNV0eC.js                       [39m[1m[2m    3.37 kB[22m[1m[22m[2m │ gzip:   1.35 kB[22m
[2mdist/[22m[2massets/[22m[36mAcademyLegacyPanel-C8YJ5CXd.js            [39m[1m[2m    3.43 kB[22m[1m[22m[2m │ gzip:   1.42 kB[22m
[2mdist/[22m[2massets/[22m[36mmlbCareerTraining-DJ0u8Yyg.js             [39m[1m[2m    3.53 kB[22m[1m[22m[2m │ gzip:   1.84 kB[22m
[2mdist/[22m[2massets/[22m[36mUclGroupsCard-D4h4f052.js                 [39m[1m[2m    3.54 kB[22m[1m[22m[2m │ gzip:   1.64 kB[22m
[2mdist/[22m[2massets/[22m[36mNflGauntletDraft-BNjOnJhj.js              [39m[1m[2m    3.59 kB[22m[1m[22m[2m │ gzip:   1.71 kB[22m
[2mdist/[22m[2massets/[22m[36mnflCareerTraining-BBKIxwDl.js             [39m[1m[2m    3.61 kB[22m[1m[22m[2m │ gzip:   1.82 kB[22m
[2mdist/[22m[2massets/[22m[36mVictoryMoment-WdlMtBdG.js                 [39m[1m[2m    3.67 kB[22m[1m[22m[2m │ gzip:   1.30 kB[22m
[2mdist/[22m[2massets/[22m[36mnhlCareerTraining-SARHeu_I.js             [39m[1m[2m    3.69 kB[22m[1m[22m[2m │ gzip:   1.91 kB[22m
[2mdist/[22m[2massets/[22m[36mGameNav-Dch8VQpY.js                       [39m[1m[2m    3.70 kB[22m[1m[22m[2m │ gzip:   1.72 kB[22m
[2mdist/[22m[2massets/[22m[36mResultMoment-Bh0ELA2U.js                  [39m[1m[2m    3.75 kB[22m[1m[22m[2m │ gzip:   1.41 kB[22m
[2mdist/[22m[2massets/[22m[36mdartDraft-CW6pNiyr.js                     [39m[1m[2m    3.79 kB[22m[1m[22m[2m │ gzip:   1.90 kB[22m
[2mdist/[22m[2massets/[22m[36mManagerSlotsScreen-zEkTXTvW.js            [39m[1m[2m    3.81 kB[22m[1m[22m[2m │ gzip:   1.27 kB[22m
[2mdist/[22m[2massets/[22m[36mgauntletEngine-CM7rdHfx.js                [39m[1m[2m    3.87 kB[22m[1m[22m[2m │ gzip:   1.71 kB[22m
[2mdist/[22m[2massets/[22m[36mResetPassword-DRM0rvIS.js                 [39m[1m[2m    3.91 kB[22m[1m[22m[2m │ gzip:   1.76 kB[22m
[2mdist/[22m[2massets/[22m[36mNhlGauntletDraft-D3rcQF5K.js              [39m[1m[2m    3.93 kB[22m[1m[22m[2m │ gzip:   1.78 kB[22m
[2mdist/[22m[2massets/[22m[36mDraftNightCard-Chx4dJ9v.js                [39m[1m[2m    3.94 kB[22m[1m[22m[2m │ gzip:   1.66 kB[22m
[2mdist/[22m[2massets/[22m[36mConquestMlb-qvTU3tao.js                   [39m[1m[2m    3.95 kB[22m[1m[22m[2m │ gzip:   1.87 kB[22m
[2mdist/[22m[2massets/[22m[36mConquestNhl-ClhY_8XR.js                   [39m[1m[2m    3.99 kB[22m[1m[22m[2m │ gzip:   1.90 kB[22m
[2mdist/[22m[2massets/[22m[36mStartOptionsScreen-jeO5rgHC.js            [39m[1m[2m    4.06 kB[22m[1m[22m[2m │ gzip:   1.55 kB[22m
[2mdist/[22m[2massets/[22m[36mMiniPitch-Cfl2ggGb.js                     [39m[1m[2m    4.08 kB[22m[1m[22m[2m │ gzip:   2.06 kB[22m
[2mdist/[22m[2massets/[22m[36musCareerFreeAgency-_7gDtE9W.js            [39m[1m[2m    4.10 kB[22m[1m[22m[2m │ gzip:   1.91 kB[22m
[2mdist/[22m[2massets/[22m[36mFacilitiesScreen-DfKuc0eq.js              [39m[1m[2m    4.12 kB[22m[1m[22m[2m │ gzip:   1.89 kB[22m
[2mdist/[22m[2massets/[22m[36mgridEngine-xT0x7PQB.js                    [39m[1m[2m    4.13 kB[22m[1m[22m[2m │ gzip:   1.90 kB[22m
[2mdist/[22m[2massets/[22m[36mPacksPanel-CCTII9pC.js                    [39m[1m[2m    4.36 kB[22m[1m[22m[2m │ gzip:   1.70 kB[22m
[2mdist/[22m[2massets/[22m[36mmlbHLPlayers-DHB7Z7Uh.js                  [39m[1m[2m    4.45 kB[22m[1m[22m[2m │ gzip:   1.12 kB[22m
[2mdist/[22m[2massets/[22m[36mperfectSeason-CFGfyvxJ.js                 [39m[1m[2m    4.61 kB[22m[1m[22m[2m │ gzip:   2.11 kB[22m
[2mdist/[22m[2massets/[22m[36mPressScreen-CeRJBtmF.js                   [39m[1m[2m    4.63 kB[22m[1m[22m[2m │ gzip:   1.93 kB[22m
[2mdist/[22m[2massets/[22m[36mXpScreen-CYFq_fYW.js                      [39m[1m[2m    4.63 kB[22m[1m[22m[2m │ gzip:   2.05 kB[22m
[2mdist/[22m[2massets/[22m[36mRecords-D9sebHJW.js                       [39m[1m[2m    4.76 kB[22m[1m[22m[2m │ gzip:   1.79 kB[22m
[2mdist/[22m[2massets/[22m[36mthroughBallDrill-B9fNBoXH.js              [39m[1m[2m    4.78 kB[22m[1m[22m[2m │ gzip:   2.31 kB[22m
[2mdist/[22m[2massets/[22m[36mUclBracketCard-BmTLTwLh.js                [39m[1m[2m    4.85 kB[22m[1m[22m[2m │ gzip:   2.00 kB[22m
[2mdist/[22m[2massets/[22m[36mchampOrNot-DDg5gRlB.js                    [39m[1m[2m    4.98 kB[22m[1m[22m[2m │ gzip:   1.77 kB[22m
[2mdist/[22m[2massets/[22m[36mShootoutKicks-B4NE3uXe.js                 [39m[1m[2m    5.09 kB[22m[1m[22m[2m │ gzip:   2.16 kB[22m
[2mdist/[22m[2massets/[22m[36maflGoalKickers-BGnz1-kA.js                [39m[1m[2m    5.10 kB[22m[1m[22m[2m │ gzip:   1.41 kB[22m
[2mdist/[22m[2massets/[22m[36mf1HLDrivers-81Ps6THm.js                   [39m[1m[2m    5.13 kB[22m[1m[22m[2m │ gzip:   1.31 kB[22m
[2mdist/[22m[2massets/[22m[36mAccessibility-cOnQXVH8.js                 [39m[1m[2m    5.17 kB[22m[1m[22m[2m │ gzip:   2.11 kB[22m
[2mdist/[22m[2massets/[22m[36mnbaPerfectLineupPool-CcCQ221O.js          [39m[1m[2m    5.24 kB[22m[1m[22m[2m │ gzip:   1.59 kB[22m
[2mdist/[22m[2massets/[22m[36msoundKit-OWIYNElV.js                      [39m[1m[2m    5.32 kB[22m[1m[22m[2m │ gzip:   2.42 kB[22m
[2mdist/[22m[2massets/[22m[36mguideShape-D8QCGF4Y.js                    [39m[1m[2m    5.40 kB[22m[1m[22m[2m │ gzip:   1.69 kB[22m
[2mdist/[22m[2massets/[22m[36mwc2026Results-bxFApXs8.js                 [39m[1m[2m    5.44 kB[22m[1m[22m[2m │ gzip:   1.24 kB[22m
[2mdist/[22m[2massets/[22m[36mHallOfFameCard-CIXxr4k_.js                [39m[1m[2m    5.45 kB[22m[1m[22m[2m │ gzip:   2.25 kB[22m
[2mdist/[22m[2massets/[22m[36mbadges-wXFwgo0s.js                        [39m[1m[2m    5.77 kB[22m[1m[22m[2m │ gzip:   2.29 kB[22m
[2mdist/[22m[2massets/[22m[36mFlagImg-B2rLk-9g.js                       [39m[1m[2m    5.84 kB[22m[1m[22m[2m │ gzip:   2.98 kB[22m
[2mdist/[22m[2massets/[22m[36mmanagerOffers-Mi85K8qd.js                 [39m[1m[2m    5.87 kB[22m[1m[22m[2m │ gzip:   2.70 kB[22m
[2mdist/[22m[2massets/[22m[36mcareerRivalryChoices-DJhNkM0e.js          [39m[1m[2m    5.98 kB[22m[1m[22m[2m │ gzip:   2.43 kB[22m
[2mdist/[22m[2massets/[22m[36mWorldEditorScreen-DHS6V249.js             [39m[1m[2m    6.00 kB[22m[1m[22m[2m │ gzip:   2.37 kB[22m
[2mdist/[22m[2massets/[22m[36mcfbHLPlayers-TgDMTX1-.js                  [39m[1m[2m    6.03 kB[22m[1m[22m[2m │ gzip:   1.62 kB[22m
[2mdist/[22m[2massets/[22m[36msoccerCareerAppearance-BF4Z2JDW.js        [39m[1m[2m    6.14 kB[22m[1m[22m[2m │ gzip:   2.56 kB[22m
[2mdist/[22m[2massets/[22m[36mUsSeasonCentre-BBAbKXFc.js                [39m[1m[2m    6.29 kB[22m[1m[22m[2m │ gzip:   2.92 kB[22m
[2mdist/[22m[2massets/[22m[36mHigherLowerTransfers-ByrD7qp9.js          [39m[1m[2m    6.31 kB[22m[1m[22m[2m │ gzip:   2.84 kB[22m
[2mdist/[22m[2massets/[22m[36mWorldTablesCard-C-lqDVMN.js               [39m[1m[2m    6.32 kB[22m[1m[22m[2m │ gzip:   2.54 kB[22m
[2mdist/[22m[2massets/[22m[36mPerfectLineupF1-BzDubq-y.js               [39m[1m[2m    6.34 kB[22m[1m[22m[2m │ gzip:   2.21 kB[22m
[2mdist/[22m[2massets/[22m[36mHalftimeScreen-BxqB-qBw.js                [39m[1m[2m    6.39 kB[22m[1m[22m[2m │ gzip:   2.27 kB[22m
[2mdist/[22m[2massets/[22m[36mgolfLegends-wbmLaE0U.js                   [39m[1m[2m    6.42 kB[22m[1m[22m[2m │ gzip:   1.43 kB[22m
[2mdist/[22m[2massets/[22m[36mFirstTeamPanel-DKFRW7cc.js                [39m[1m[2m    6.43 kB[22m[1m[22m[2m │ gzip:   2.33 kB[22m
[2mdist/[22m[2massets/[22m[36mCupBracketCard-D71S2CG2.js                [39m[1m[2m    6.59 kB[22m[1m[22m[2m │ gzip:   2.84 kB[22m
[2mdist/[22m[2massets/[22m[36mPlayerAutocomplete-B-OfrmcD.js            [39m[1m[2m    6.63 kB[22m[1m[22m[2m │ gzip:   2.85 kB[22m
[2mdist/[22m[2massets/[22m[36mhockeyHLPlayers-BftZ_j6A.js               [39m[1m[2m    6.65 kB[22m[1m[22m[2m │ gzip:   1.44 kB[22m
[2mdist/[22m[2massets/[22m[36mAbout-Zzwdnyug.js                         [39m[1m[2m    6.74 kB[22m[1m[22m[2m │ gzip:   2.54 kB[22m
[2mdist/[22m[2massets/[22m[36mwhoAmI-DDc_s8dN.js                        [39m[1m[2m    6.83 kB[22m[1m[22m[2m │ gzip:   2.84 kB[22m
[2mdist/[22m[2massets/[22m[36mGameSeoContent-CZIJsRgX.js                [39m[1m[2m    6.83 kB[22m[1m[22m[2m │ gzip:   2.29 kB[22m
[2mdist/[22m[2massets/[22m[36mHomelandSelect-6f2vpqVc.js                [39m[1m[2m    6.84 kB[22m[1m[22m[2m │ gzip:   2.64 kB[22m
[2mdist/[22m[2massets/[22m[36mBootRoom-CcPMpF2l.js                      [39m[1m[2m    6.84 kB[22m[1m[22m[2m │ gzip:   2.57 kB[22m
[2mdist/[22m[2massets/[22m[36mPerfectLineupNhl-CamxWdCh.js              [39m[1m[2m    6.89 kB[22m[1m[22m[2m │ gzip:   2.44 kB[22m
[2mdist/[22m[2massets/[22m[36mManagerForm-Cs3-jbAl.js                   [39m[1m[2m    7.00 kB[22m[1m[22m[2m │ gzip:   2.41 kB[22m
[2mdist/[22m[2massets/[22m[36mMatchCentre-t-EWD2xe.js                   [39m[1m[2m    7.06 kB[22m[1m[22m[2m │ gzip:   2.28 kB[22m
[2mdist/[22m[2massets/[22m[36mGauntletBoard-C00QIDEK.js                 [39m[1m[2m    7.12 kB[22m[1m[22m[2m │ gzip:   2.69 kB[22m
[2mdist/[22m[2massets/[22m[36mClubDetailScreen-DMgNAZrS.js              [39m[1m[2m    7.21 kB[22m[1m[22m[2m │ gzip:   2.39 kB[22m
[2mdist/[22m[2massets/[22m[36mplayerSearch-C23WfFAB.js                  [39m[1m[2m    7.40 kB[22m[1m[22m[2m │ gzip:   2.85 kB[22m
[2mdist/[22m[2massets/[22m[36mnba-CstYjveF.js                           [39m[1m[2m    7.55 kB[22m[1m[22m[2m │ gzip:   3.67 kB[22m
[2mdist/[22m[2massets/[22m[36mSearch-DPc8SPI5.js                        [39m[1m[2m    7.87 kB[22m[1m[22m[2m │ gzip:   2.93 kB[22m
[2mdist/[22m[2massets/[22m[36mnbaHLPlayers-KSI796bW.js                  [39m[1m[2m    8.05 kB[22m[1m[22m[2m │ gzip:   2.21 kB[22m
[2mdist/[22m[2massets/[22m[36mGuessTheGolfer-C-cZZc2r.js                [39m[1m[2m    8.08 kB[22m[1m[22m[2m │ gzip:   3.45 kB[22m
[2mdist/[22m[2massets/[22m[36mus-PQcKEZu0.js                            [39m[1m[2m    8.09 kB[22m[1m[22m[2m │ gzip:   3.77 kB[22m
[2mdist/[22m[2massets/[22m[36mSeasonRatings-rxgHza9R.js                 [39m[1m[2m    8.10 kB[22m[1m[22m[2m │ gzip:   3.05 kB[22m
[2mdist/[22m[2massets/[22m[36mPitchSurface-c3X0W8ay.js                  [39m[1m[2m    8.20 kB[22m[1m[22m[2m │ gzip:   3.56 kB[22m
[2mdist/[22m[2massets/[22m[36maussieRulesManagement-4TlVLY3z.js         [39m[1m[2m    8.56 kB[22m[1m[22m[2m │ gzip:   3.64 kB[22m
[2mdist/[22m[2massets/[22m[36mRecordPage-fHSV5miM.js                    [39m[1m[2m    8.60 kB[22m[1m[22m[2m │ gzip:   2.52 kB[22m
[2mdist/[22m[2massets/[22m[36mInboxCard-Cjyoj23k.js                     [39m[1m[2m    8.60 kB[22m[1m[22m[2m │ gzip:   2.97 kB[22m
[2mdist/[22m[2massets/[22m[36mTrophyCabinet-BczVV2HX.js                 [39m[1m[2m    8.63 kB[22m[1m[22m[2m │ gzip:   3.41 kB[22m
[2mdist/[22m[2massets/[22m[36macademyManagement-DZZqTLIl.js             [39m[1m[2m    8.66 kB[22m[1m[22m[2m │ gzip:   3.51 kB[22m
[2mdist/[22m[2massets/[22m[36mRolesScreen-CQkiH-3m.js                   [39m[1m[2m    8.80 kB[22m[1m[22m[2m │ gzip:   2.92 kB[22m
[2mdist/[22m[2massets/[22m[36mMlbHigherLower-Dm12opUh.js                [39m[1m[2m    8.80 kB[22m[1m[22m[2m │ gzip:   3.72 kB[22m
[2mdist/[22m[2massets/[22m[36mHomeArt-cTl419fA.js                       [39m[1m[2m    8.86 kB[22m[1m[22m[2m │ gzip:   2.64 kB[22m
[2mdist/[22m[2massets/[22m[36mF1HigherLower-BF46xO4r.js                 [39m[1m[2m    8.86 kB[22m[1m[22m[2m │ gzip:   3.71 kB[22m
[2mdist/[22m[2massets/[22m[36mTennisHigherLower-DPBkr53T.js             [39m[1m[2m    8.88 kB[22m[1m[22m[2m │ gzip:   3.74 kB[22m
[2mdist/[22m[2massets/[22m[36mAflHigherLower-CqhBMlpn.js                [39m[1m[2m    8.89 kB[22m[1m[22m[2m │ gzip:   3.77 kB[22m
[2mdist/[22m[2massets/[22m[36mCfbHigherLower-BZG-7H-r.js                [39m[1m[2m    8.91 kB[22m[1m[22m[2m │ gzip:   3.74 kB[22m
[2mdist/[22m[2massets/[22m[36mNbaHigherLower-CyyH1QVm.js                [39m[1m[2m    8.92 kB[22m[1m[22m[2m │ gzip:   3.71 kB[22m
[2mdist/[22m[2massets/[22m[36mGolfHigherLower-DbxM1lXm.js               [39m[1m[2m    8.95 kB[22m[1m[22m[2m │ gzip:   3.80 kB[22m
[2mdist/[22m[2massets/[22m[36mgmStaff-CQgWbtVe.js                       [39m[1m[2m    9.22 kB[22m[1m[22m[2m │ gzip:   3.90 kB[22m
[2mdist/[22m[2massets/[22m[36mNflHigherLower-b4JlbpK4.js                [39m[1m[2m    9.23 kB[22m[1m[22m[2m │ gzip:   3.83 kB[22m
[2mdist/[22m[2massets/[22m[36mTrainingScreen-CLo4kRlH.js                [39m[1m[2m    9.23 kB[22m[1m[22m[2m │ gzip:   3.11 kB[22m
[2mdist/[22m[2massets/[22m[36mHomeAbout-DLSl7L-u.js                     [39m[1m[2m    9.39 kB[22m[1m[22m[2m │ gzip:   3.71 kB[22m
[2mdist/[22m[2massets/[22m[36mPollOfTheDay-D83CDi_A.js                  [39m[1m[2m    9.56 kB[22m[1m[22m[2m │ gzip:   4.18 kB[22m
[2mdist/[22m[2massets/[22m[36mWorldCup2026Results-BT0l31_h.js           [39m[1m[2m    9.57 kB[22m[1m[22m[2m │ gzip:   3.17 kB[22m
[2mdist/[22m[2massets/[22m[36mStaffScreen-BynO-YRi.js                   [39m[1m[2m    9.77 kB[22m[1m[22m[2m │ gzip:   3.53 kB[22m
[2mdist/[22m[2massets/[22m[36mTermsOfService-C-xuVmBh.js                [39m[1m[2m    9.99 kB[22m[1m[22m[2m │ gzip:   3.46 kB[22m
[2mdist/[22m[2massets/[22m[36mPackBattle-DTTfaIAu.js                    [39m[1m[2m   10.31 kB[22m[1m[22m[2m │ gzip:   4.18 kB[22m
[2mdist/[22m[2massets/[22m[36mGameNavbar-CNFVsySO.js                    [39m[1m[2m   10.36 kB[22m[1m[22m[2m │ gzip:   3.80 kB[22m
[2mdist/[22m[2massets/[22m[36mHockeyGrid-590S7Mjg.js                    [39m[1m[2m   11.01 kB[22m[1m[22m[2m │ gzip:   4.15 kB[22m
[2mdist/[22m[2massets/[22m[36mAdminReports-yjLRGorI.js                  [39m[1m[2m   11.01 kB[22m[1m[22m[2m │ gzip:   3.94 kB[22m
[2mdist/[22m[2massets/[22m[36mClubManagerSeasonSummary-CClqgn3B.js      [39m[1m[2m   11.03 kB[22m[1m[22m[2m │ gzip:   3.59 kB[22m
[2mdist/[22m[2massets/[22m[36mGauntletDraft-BtilVJZh.js                 [39m[1m[2m   11.07 kB[22m[1m[22m[2m │ gzip:   4.24 kB[22m
[2mdist/[22m[2massets/[22m[36mCustomClubForm-BBclO8Sf.js                [39m[1m[2m   11.13 kB[22m[1m[22m[2m │ gzip:   3.27 kB[22m
[2mdist/[22m[2massets/[22m[36mQuizBoard-BRTh2Loy.js                     [39m[1m[2m   11.13 kB[22m[1m[22m[2m │ gzip:   4.77 kB[22m
[2mdist/[22m[2massets/[22m[36mfightCareer-DFz8n-Ta.js                   [39m[1m[2m   11.14 kB[22m[1m[22m[2m │ gzip:   4.92 kB[22m
[2mdist/[22m[2massets/[22m[36mMlbGrid-jBDeX8ZH.js                       [39m[1m[2m   11.17 kB[22m[1m[22m[2m │ gzip:   4.26 kB[22m
[2mdist/[22m[2massets/[22m[36mStatsScreen-CBPczPyH.js                   [39m[1m[2m   11.20 kB[22m[1m[22m[2m │ gzip:   3.02 kB[22m
[2mdist/[22m[2massets/[22m[36mAcademyScreen-DIpkgeNK.js                 [39m[1m[2m   11.49 kB[22m[1m[22m[2m │ gzip:   3.67 kB[22m
[2mdist/[22m[2massets/[22m[36mShareButtons-D741KA9A.js                  [39m[1m[2m   11.64 kB[22m[1m[22m[2m │ gzip:   4.53 kB[22m
[2mdist/[22m[2massets/[22m[36mBallIq-C30wBGLS.js                        [39m[1m[2m   11.71 kB[22m[1m[22m[2m │ gzip:   4.68 kB[22m
[2mdist/[22m[2massets/[22m[36mHockeyHigherLower-2MiCoCoT.js             [39m[1m[2m   11.83 kB[22m[1m[22m[2m │ gzip:   4.34 kB[22m
[2mdist/[22m[2massets/[22m[36mSearchAndDiscard-Dc9WbdjD.js              [39m[1m[2m   11.91 kB[22m[1m[22m[2m │ gzip:   4.67 kB[22m
[2mdist/[22m[2massets/[22m[36mChampionsLeagueFormatHistory-DMtyw26F.js  [39m[1m[2m   12.02 kB[22m[1m[22m[2m │ gzip:   3.91 kB[22m
[2mdist/[22m[2massets/[22m[36mGenericLineupBoard-DU3Q7ipi.js            [39m[1m[2m   12.17 kB[22m[1m[22m[2m │ gzip:   4.44 kB[22m
[2mdist/[22m[2massets/[22m[36mFinancesScreen-C6rxVJMf.js                [39m[1m[2m   12.29 kB[22m[1m[22m[2m │ gzip:   3.41 kB[22m
[2mdist/[22m[2massets/[22m[36muclFormatHistory-DwuhruDw.js              [39m[1m[2m   12.33 kB[22m[1m[22m[2m │ gzip:   3.47 kB[22m
[2mdist/[22m[2massets/[22m[36mDraftNightSequence-DGgW2DhE.js            [39m[1m[2m   12.43 kB[22m[1m[22m[2m │ gzip:   4.70 kB[22m
[2mdist/[22m[2massets/[22m[36mLeaderboard-B3yyEOie.js                   [39m[1m[2m   12.66 kB[22m[1m[22m[2m │ gzip:   4.30 kB[22m
[2mdist/[22m[2massets/[22m[36mCalendarScreen-Cr1O7j91.js                [39m[1m[2m   12.67 kB[22m[1m[22m[2m │ gzip:   4.43 kB[22m
[2mdist/[22m[2massets/[22m[36mNbaGrid-C6xwgY76.js                       [39m[1m[2m   12.76 kB[22m[1m[22m[2m │ gzip:   4.76 kB[22m
[2mdist/[22m[2massets/[22m[36mFootballTimeline-BYpjuiUN.js              [39m[1m[2m   12.77 kB[22m[1m[22m[2m │ gzip:   4.27 kB[22m
[2mdist/[22m[2massets/[22m[36mSetPieceBoard-COtf4_zS.js                 [39m[1m[2m   12.97 kB[22m[1m[22m[2m │ gzip:   5.25 kB[22m
[2mdist/[22m[2massets/[22m[36mnflHLCategories-DOyYzQVv.js               [39m[1m[2m   13.14 kB[22m[1m[22m[2m │ gzip:   3.65 kB[22m
[2mdist/[22m[2massets/[22m[36mintlNames-sa3xt8QC.js                     [39m[1m[2m   13.18 kB[22m[1m[22m[2m │ gzip:   6.17 kB[22m
[2mdist/[22m[2massets/[22m[36mHigherLower-DbixoM0N.js                   [39m[1m[2m   13.41 kB[22m[1m[22m[2m │ gzip:   4.82 kB[22m
[2mdist/[22m[2massets/[22m[36mMysteryBox-DAE9ISEX.js                    [39m[1m[2m   13.47 kB[22m[1m[22m[2m │ gzip:   5.29 kB[22m
[2mdist/[22m[2massets/[22m[36mShirtNumber-B_U7OhhU.js                   [39m[1m[2m   13.51 kB[22m[1m[22m[2m │ gzip:   5.25 kB[22m
[2mdist/[22m[2massets/[22m[36mTennisChain-KTUKWqn4.js                   [39m[1m[2m   13.78 kB[22m[1m[22m[2m │ gzip:   4.94 kB[22m
[2mdist/[22m[2massets/[22m[36mstadiumManagement-a4ZEwMzG.js             [39m[1m[2m   13.81 kB[22m[1m[22m[2m │ gzip:   5.38 kB[22m
[2mdist/[22m[2massets/[22m[36mNascarChain-CkDPJ_h-.js                   [39m[1m[2m   13.86 kB[22m[1m[22m[2m │ gzip:   4.93 kB[22m
[2mdist/[22m[2massets/[22m[36mSilverwareSort-2wbbzm3C.js                [39m[1m[2m   13.95 kB[22m[1m[22m[2m │ gzip:   5.38 kB[22m
[2mdist/[22m[2massets/[22m[36mMlbConnect4-AFs3Ivta.js                   [39m[1m[2m   14.06 kB[22m[1m[22m[2m │ gzip:   5.32 kB[22m
[2mdist/[22m[2massets/[22m[36mNhlConnect4-BmkZ1btY.js                   [39m[1m[2m   14.13 kB[22m[1m[22m[2m │ gzip:   5.32 kB[22m
[2mdist/[22m[2massets/[22m[36mCbbGrid-BanUsJTY.js                       [39m[1m[2m   14.20 kB[22m[1m[22m[2m │ gzip:   5.64 kB[22m
[2mdist/[22m[2massets/[22m[36mWhodTheyBeat-DzdA9Ekh.js                  [39m[1m[2m   14.23 kB[22m[1m[22m[2m │ gzip:   5.59 kB[22m
[2mdist/[22m[2massets/[22m[36mNflConnect4-CKWOku14.js                   [39m[1m[2m   14.43 kB[22m[1m[22m[2m │ gzip:   5.37 kB[22m
[2mdist/[22m[2massets/[22m[36mFootballGrid-B0atkE-i.js                  [39m[1m[2m   14.44 kB[22m[1m[22m[2m │ gzip:   5.49 kB[22m
[2mdist/[22m[2massets/[22m[36mContractsCard-DyCyPgY6.js                 [39m[1m[2m   14.79 kB[22m[1m[22m[2m │ gzip:   4.63 kB[22m
[2mdist/[22m[2massets/[22m[36mAlphabetSprint-CshT9SON.js                [39m[1m[2m   14.97 kB[22m[1m[22m[2m │ gzip:   5.82 kB[22m
[2mdist/[22m[2massets/[22m[36mPlayerAvatar-CGH-Y9JM.js                  [39m[1m[2m   15.16 kB[22m[1m[22m[2m │ gzip:   3.92 kB[22m
[2mdist/[22m[2massets/[22m[36mNflConnections-DJOUrZLs.js                [39m[1m[2m   15.25 kB[22m[1m[22m[2m │ gzip:   5.73 kB[22m
[2mdist/[22m[2massets/[22m[36mNflMyCareer-BLIJfLjh.js                   [39m[1m[2m   15.48 kB[22m[1m[22m[2m │ gzip:   6.79 kB[22m
[2mdist/[22m[2massets/[22m[36musStatesPaths-DfX_GtuE.js                 [39m[1m[2m   15.67 kB[22m[1m[22m[2m │ gzip:   5.35 kB[22m
[2mdist/[22m[2massets/[22m[36mCareerSeasonReview-D4EYVyRg.js            [39m[1m[2m   15.77 kB[22m[1m[22m[2m │ gzip:   4.48 kB[22m
[2mdist/[22m[2massets/[22m[36mNbaChain-3lgLiW_a.js                      [39m[1m[2m   16.01 kB[22m[1m[22m[2m │ gzip:   6.11 kB[22m
[2mdist/[22m[2massets/[22m[36mCareerGame-eQQVKK6q.js                    [39m[1m[2m   16.06 kB[22m[1m[22m[2m │ gzip:   6.09 kB[22m
[2mdist/[22m[2massets/[22m[36mNbaConnect4-C_9LC-9L.js                   [39m[1m[2m   16.16 kB[22m[1m[22m[2m │ gzip:   5.91 kB[22m
[2mdist/[22m[2massets/[22m[36mConquestActionScene-Cy-LXlwJ.js           [39m[1m[2m   16.54 kB[22m[1m[22m[2m │ gzip:   6.80 kB[22m
[2mdist/[22m[2massets/[22m[36mGuessCbbTeam-kmAtClzX.js                  [39m[1m[2m   16.63 kB[22m[1m[22m[2m │ gzip:   6.15 kB[22m
[2mdist/[22m[2massets/[22m[36msiteSearch-DZjP31l3.js                    [39m[1m[2m   16.78 kB[22m[1m[22m[2m │ gzip:   6.81 kB[22m
[2mdist/[22m[2massets/[22m[36mGuessTennisPlayer-B9BQgCov.js             [39m[1m[2m   16.91 kB[22m[1m[22m[2m │ gzip:   6.03 kB[22m
[2mdist/[22m[2massets/[22m[36mNflPlayoffFormatHistory-DJ9RofrJ.js       [39m[1m[2m   17.04 kB[22m[1m[22m[2m │ gzip:   5.58 kB[22m
[2mdist/[22m[2massets/[22m[36mThroughBallBoard-i0LkTusK.js              [39m[1m[2m   17.06 kB[22m[1m[22m[2m │ gzip:   6.33 kB[22m
[2mdist/[22m[2massets/[22m[36mcareerLadder-Bn1l0iCi.js                  [39m[1m[2m   17.39 kB[22m[1m[22m[2m │ gzip:   6.56 kB[22m
[2mdist/[22m[2massets/[22m[36mSeasonVerdict-DwtJebuS.js                 [39m[1m[2m   18.29 kB[22m[1m[22m[2m │ gzip:   7.39 kB[22m
[2mdist/[22m[2massets/[22m[36mMlbPostseasonFormatHistory-nOFM-RrT.js    [39m[1m[2m   18.30 kB[22m[1m[22m[2m │ gzip:   5.64 kB[22m
[2mdist/[22m[2massets/[22m[36msquadDeal-DWeoJTw9.js                     [39m[1m[2m   18.35 kB[22m[1m[22m[2m │ gzip:   7.43 kB[22m
[2mdist/[22m[2massets/[22m[36mWhoAmI-D9g_fFSL.js                        [39m[1m[2m   18.77 kB[22m[1m[22m[2m │ gzip:   5.96 kB[22m
[2mdist/[22m[2massets/[22m[36mScorePredictor-B3BOWgYR.js                [39m[1m[2m   18.80 kB[22m[1m[22m[2m │ gzip:   6.53 kB[22m
[2mdist/[22m[2massets/[22m[36mPrivacyPolicy-DttGPORi.js                 [39m[1m[2m   18.87 kB[22m[1m[22m[2m │ gzip:   5.80 kB[22m
[2mdist/[22m[2massets/[22m[36mSquadScreen-BAZsbOmu.js                   [39m[1m[2m   18.88 kB[22m[1m[22m[2m │ gzip:   6.80 kB[22m
[2mdist/[22m[2massets/[22m[36mnhlFoPlayers-j0YE08i0.js                  [39m[1m[2m   19.06 kB[22m[1m[22m[2m │ gzip:   5.46 kB[22m
[2mdist/[22m[2massets/[22m[36mcore-B4NUvdvM.js                          [39m[1m[2m   19.07 kB[22m[1m[22m[2m │ gzip:   7.70 kB[22m
[2mdist/[22m[2massets/[22m[36mPlayerStockMarket-C9cYtSKy.js             [39m[1m[2m   19.19 kB[22m[1m[22m[2m │ gzip:   7.06 kB[22m
[2mdist/[22m[2massets/[22m[36mWorldXi-L5ZgtU1I.js                       [39m[1m[2m   19.65 kB[22m[1m[22m[2m │ gzip:   6.74 kB[22m
[2mdist/[22m[2massets/[22m[36mClubManagerCareerPanel-kYseqOYa.js        [39m[1m[2m   19.73 kB[22m[1m[22m[2m │ gzip:   5.85 kB[22m
[2mdist/[22m[2massets/[22m[36mNbaStatLine-VXRs3rRr.js                   [39m[1m[2m   19.82 kB[22m[1m[22m[2m │ gzip:   7.37 kB[22m
[2mdist/[22m[2massets/[22m[36mfootleEnrichment-BOt-YWCc.js              [39m[1m[2m   19.95 kB[22m[1m[22m[2m │ gzip:   5.57 kB[22m
[2mdist/[22m[2massets/[22m[36mClueAuction-DUA7AOfo.js                   [39m[1m[2m   20.01 kB[22m[1m[22m[2m │ gzip:   7.26 kB[22m
[2mdist/[22m[2massets/[22m[36mnfl-tIoUtttw.js                           [39m[1m[2m   20.05 kB[22m[1m[22m[2m │ gzip:   8.35 kB[22m
[2mdist/[22m[2massets/[22m[36mHofOrBust-B-vULxPw.js                     [39m[1m[2m   20.06 kB[22m[1m[22m[2m │ gzip:   7.25 kB[22m
[2mdist/[22m[2massets/[22m[36mPuckDetective-qnZuunqL.js                 [39m[1m[2m   20.06 kB[22m[1m[22m[2m │ gzip:   7.41 kB[22m
[2mdist/[22m[2massets/[22m[36mUsCareerPractice-GgkgWeUZ.js              [39m[1m[2m   20.18 kB[22m[1m[22m[2m │ gzip:   5.87 kB[22m
[2mdist/[22m[2massets/[22m[36museTycoonRewards-Csi9ZHNn.js              [39m[1m[2m   20.27 kB[22m[1m[22m[2m │ gzip:   7.63 kB[22m
[2mdist/[22m[2massets/[22m[36mSquadSheet-BvDXjign.js                    [39m[1m[2m   20.38 kB[22m[1m[22m[2m │ gzip:   7.44 kB[22m
[2mdist/[22m[2massets/[22m[36mGuessTheNation-BfZNGCxj.js                [39m[1m[2m   20.67 kB[22m[1m[22m[2m │ gzip:   7.20 kB[22m
[2mdist/[22m[2massets/[22m[36mPerfectSeasonMlb-CQ_BAHFu.js              [39m[1m[2m   20.79 kB[22m[1m[22m[2m │ gzip:   7.40 kB[22m
[2mdist/[22m[2massets/[22m[36msoccerInternational-FiWGI8ks.js           [39m[1m[2m   21.07 kB[22m[1m[22m[2m │ gzip:   7.67 kB[22m
[2mdist/[22m[2massets/[22m[36mAcademyPanel-Bz8LAGCj.js                  [39m[1m[2m   21.07 kB[22m[1m[22m[2m │ gzip:   7.74 kB[22m
[2mdist/[22m[2massets/[22m[36mselect-BUKkRDPo.js                        [39m[1m[2m   21.29 kB[22m[1m[22m[2m │ gzip:   7.41 kB[22m
[2mdist/[22m[2massets/[22m[36mBudgetBuilder-DrvuHXPQ.js                 [39m[1m[2m   21.60 kB[22m[1m[22m[2m │ gzip:   7.47 kB[22m
[2mdist/[22m[2massets/[22m[36mSoccerConquest-BBRMdDz7.js                [39m[1m[2m   21.70 kB[22m[1m[22m[2m │ gzip:   9.19 kB[22m
[2mdist/[22m[2massets/[22m[36mMlbGauntletDraft-9xJqeiwH.js              [39m[1m[2m   21.86 kB[22m[1m[22m[2m │ gzip:   7.05 kB[22m
[2mdist/[22m[2massets/[22m[36mCbbDynasty-BFmOW8Dh.js                    [39m[1m[2m   21.87 kB[22m[1m[22m[2m │ gzip:   9.12 kB[22m
[2mdist/[22m[2massets/[22m[36mSportsMillionaire-DL4OOnWQ.js             [39m[1m[2m   21.92 kB[22m[1m[22m[2m │ gzip:   7.56 kB[22m
[2mdist/[22m[2massets/[22m[36mNbaConnections-BIUTgxDL.js                [39m[1m[2m   22.05 kB[22m[1m[22m[2m │ gzip:   8.25 kB[22m
[2mdist/[22m[2massets/[22m[36mNhlConnections-D_dfOr9u.js                [39m[1m[2m   22.07 kB[22m[1m[22m[2m │ gzip:   8.19 kB[22m
[2mdist/[22m[2massets/[22m[36mFootballConnect4-DXDUdk8k.js              [39m[1m[2m   22.25 kB[22m[1m[22m[2m │ gzip:   7.23 kB[22m
[2mdist/[22m[2massets/[22m[36mCfbDynasty-BzlK3lQE.js                    [39m[1m[2m   22.28 kB[22m[1m[22m[2m │ gzip:   9.15 kB[22m
[2mdist/[22m[2massets/[22m[36msoccerMoments-DrxI3LGC.js                 [39m[1m[2m   22.30 kB[22m[1m[22m[2m │ gzip:   9.30 kB[22m
[2mdist/[22m[2massets/[22m[36mMinefield-DiT0eCsV.js                     [39m[1m[2m   22.45 kB[22m[1m[22m[2m │ gzip:   9.31 kB[22m
[2mdist/[22m[2massets/[22m[36mMatchReportCard-BbCgUc8-.js               [39m[1m[2m   23.09 kB[22m[1m[22m[2m │ gzip:   6.08 kB[22m
[2mdist/[22m[2massets/[22m[36mclubManagement-Dyl1I2gf.js                [39m[1m[2m   23.17 kB[22m[1m[22m[2m │ gzip:   9.13 kB[22m
[2mdist/[22m[2massets/[22m[36mEmojiGuess-0oDdVp5v.js                    [39m[1m[2m   23.23 kB[22m[1m[22m[2m │ gzip:   8.83 kB[22m
[2mdist/[22m[2massets/[22m[36mPerfectSeasonNhl-BTWPiNA_.js              [39m[1m[2m   23.25 kB[22m[1m[22m[2m │ gzip:   8.23 kB[22m
[2mdist/[22m[2massets/[22m[36mStatDetective-D744knYa.js                 [39m[1m[2m   23.46 kB[22m[1m[22m[2m │ gzip:   9.04 kB[22m
[2mdist/[22m[2massets/[22m[36mhigherLowerPlayers-CyK6rra4.js            [39m[1m[2m   23.57 kB[22m[1m[22m[2m │ gzip:   5.08 kB[22m
[2mdist/[22m[2massets/[22m[36mSignThePlayer-6xuNQw3M.js                 [39m[1m[2m   23.78 kB[22m[1m[22m[2m │ gzip:   9.14 kB[22m
[2mdist/[22m[2massets/[22m[36mContractChaos-XAjUaSNk.js                 [39m[1m[2m   24.02 kB[22m[1m[22m[2m │ gzip:   9.17 kB[22m
[2mdist/[22m[2massets/[22m[36mHallOfChampions-CBT-iiTY.js               [39m[1m[2m   24.07 kB[22m[1m[22m[2m │ gzip:   8.21 kB[22m
[2mdist/[22m[2massets/[22m[36mManagerHotSeat-BM0MQouq.js                [39m[1m[2m   24.66 kB[22m[1m[22m[2m │ gzip:   7.11 kB[22m
[2mdist/[22m[2massets/[22m[36mF1Constructor-DWHWU34C.js                 [39m[1m[2m   24.84 kB[22m[1m[22m[2m │ gzip:   8.71 kB[22m
[2mdist/[22m[2massets/[22m[36mPerfectSeasonNba-DY9xJHgH.js              [39m[1m[2m   25.61 kB[22m[1m[22m[2m │ gzip:   9.00 kB[22m
[2mdist/[22m[2massets/[22m[36mDrillBoard-Dr1FW3SM.js                    [39m[1m[2m   25.63 kB[22m[1m[22m[2m │ gzip:   9.45 kB[22m
[2mdist/[22m[2massets/[22m[36mSquadDeal-B2hEjEeO.js                     [39m[1m[2m   25.91 kB[22m[1m[22m[2m │ gzip:   7.92 kB[22m
[2mdist/[22m[2massets/[22m[36mNhlPlayoffFormatHistory-Blhp9I47.js       [39m[1m[2m   25.96 kB[22m[1m[22m[2m │ gzip:   7.80 kB[22m
[2mdist/[22m[2massets/[22m[36mListQuiz-DejMZoIc.js                      [39m[1m[2m   26.16 kB[22m[1m[22m[2m │ gzip:   9.88 kB[22m
[2mdist/[22m[2massets/[22m[36mF1Driver-BETewKGn.js                      [39m[1m[2m   26.68 kB[22m[1m[22m[2m │ gzip:   9.64 kB[22m
[2mdist/[22m[2massets/[22m[36mRarityRound-dQu6OJ1s.js                   [39m[1m[2m   27.01 kB[22m[1m[22m[2m │ gzip:   7.83 kB[22m
[2mdist/[22m[2massets/[22m[36mNFLCareer-D1T1T6u3.js                     [39m[1m[2m   27.09 kB[22m[1m[22m[2m │ gzip:   7.47 kB[22m
[2mdist/[22m[2massets/[22m[36mFreeKick-SbJHfI7h.js                      [39m[1m[2m   27.10 kB[22m[1m[22m[2m │ gzip:   8.94 kB[22m
[2mdist/[22m[2massets/[22m[36mSoccerGrid-BzEK_1f8.js                    [39m[1m[2m   27.12 kB[22m[1m[22m[2m │ gzip:   8.72 kB[22m
[2mdist/[22m[2massets/[22m[36mRankEm-DbJSE5t-.js                        [39m[1m[2m   27.20 kB[22m[1m[22m[2m │ gzip:   9.73 kB[22m
[2mdist/[22m[2massets/[22m[36mFaceOff-D5oEEb_t.js                       [39m[1m[2m   27.37 kB[22m[1m[22m[2m │ gzip:   9.32 kB[22m
[2mdist/[22m[2massets/[22m[36mNbaPlayoffFormatHistory-AbRmCF77.js       [39m[1m[2m   27.58 kB[22m[1m[22m[2m │ gzip:   8.38 kB[22m
[2mdist/[22m[2massets/[22m[36mNbaLineup-kpeLXzdr.js                     [39m[1m[2m   27.68 kB[22m[1m[22m[2m │ gzip:   8.48 kB[22m
[2mdist/[22m[2massets/[22m[36mPlayerBingo-Da-JLS_a.js                   [39m[1m[2m   28.30 kB[22m[1m[22m[2m │ gzip:  10.15 kB[22m
[2mdist/[22m[2massets/[22m[36mNbaCareer-CYTw_jH-.js                     [39m[1m[2m   28.38 kB[22m[1m[22m[2m │ gzip:   8.02 kB[22m
[2mdist/[22m[2massets/[22m[36mstadiumTycoon-CaRw-v5R.js                 [39m[1m[2m   28.95 kB[22m[1m[22m[2m │ gzip:  10.26 kB[22m
[2mdist/[22m[2massets/[22m[36mOlympics-xIMQHEYS.js                      [39m[1m[2m   29.00 kB[22m[1m[22m[2m │ gzip:  10.26 kB[22m
[2mdist/[22m[2massets/[22m[36mSeasonReportTabs-cv9aXe8f.js              [39m[1m[2m   29.70 kB[22m[1m[22m[2m │ gzip:  12.03 kB[22m
[2mdist/[22m[2massets/[22m[36mCollegeDynastyBoard-BsyyP8Oa.js           [39m[1m[2m   30.12 kB[22m[1m[22m[2m │ gzip:   9.01 kB[22m
[2mdist/[22m[2massets/[22m[36mFantasyDraft-MBc8UMzF.js                  [39m[1m[2m   30.43 kB[22m[1m[22m[2m │ gzip:   9.26 kB[22m
[2mdist/[22m[2massets/[22m[36mPerfectSeasonNfl-DxZfdbap.js              [39m[1m[2m   31.07 kB[22m[1m[22m[2m │ gzip:  11.19 kB[22m
[2mdist/[22m[2massets/[22m[36mChampOrNot-C9vQvupf.js                    [39m[1m[2m   31.22 kB[22m[1m[22m[2m │ gzip:   9.64 kB[22m
[2mdist/[22m[2massets/[22m[36mGuessTheYear-BYDfbSHl.js                  [39m[1m[2m   31.26 kB[22m[1m[22m[2m │ gzip:  10.93 kB[22m
[2mdist/[22m[2massets/[22m[36mmanagerHotSeat-C3_0XNii.js                [39m[1m[2m   31.65 kB[22m[1m[22m[2m │ gzip:   6.93 kB[22m
[2mdist/[22m[2massets/[22m[36mFightGym-FScreUmF.js                      [39m[1m[2m   31.96 kB[22m[1m[22m[2m │ gzip:  10.34 kB[22m
[2mdist/[22m[2massets/[22m[36mHockeyCareer-DOE02AkW.js                  [39m[1m[2m   32.27 kB[22m[1m[22m[2m │ gzip:   8.47 kB[22m
[2mdist/[22m[2massets/[22m[36mconquestDataNba-BDN2iDyW.js               [39m[1m[2m   32.42 kB[22m[1m[22m[2m │ gzip:   8.52 kB[22m
[2mdist/[22m[2massets/[22m[36mTrainingPanel--g-Piyzi.js                 [39m[1m[2m   32.47 kB[22m[1m[22m[2m │ gzip:  10.11 kB[22m
[2mdist/[22m[2massets/[22m[36mBaseballCareer-qa-w4MH4.js                [39m[1m[2m   32.60 kB[22m[1m[22m[2m │ gzip:   8.73 kB[22m
[2mdist/[22m[2massets/[22m[36mCareerLadder-jHlWwW0M.js                  [39m[1m[2m   32.67 kB[22m[1m[22m[2m │ gzip:  11.27 kB[22m
[2mdist/[22m[2massets/[22m[36mSportsBingo-vxg_joIy.js                   [39m[1m[2m   32.84 kB[22m[1m[22m[2m │ gzip:  10.82 kB[22m
[2mdist/[22m[2massets/[22m[36mUfcChain-CQF2BnpH.js                      [39m[1m[2m   32.97 kB[22m[1m[22m[2m │ gzip:   8.32 kB[22m
[2mdist/[22m[2massets/[22m[36mIdleArena-BLpm4gb5.js                     [39m[1m[2m   33.97 kB[22m[1m[22m[2m │ gzip:  11.18 kB[22m
[2mdist/[22m[2massets/[22m[36mfrontOfficePlayers-BMdaeFxZ.js            [39m[1m[2m   34.48 kB[22m[1m[22m[2m │ gzip:   8.25 kB[22m
[2mdist/[22m[2massets/[22m[36mTeammates-D1-tuO6n.js                     [39m[1m[2m   34.85 kB[22m[1m[22m[2m │ gzip:   9.19 kB[22m
[2mdist/[22m[2massets/[22m[36mTransferPath-Ca_WGcsA.js                  [39m[1m[2m   35.28 kB[22m[1m[22m[2m │ gzip:  11.52 kB[22m
[2mdist/[22m[2massets/[22m[36mcollege-B_XqEHQm.js                       [39m[1m[2m   36.30 kB[22m[1m[22m[2m │ gzip:  11.81 kB[22m
[2mdist/[22m[2massets/[22m[36mclubRivalries-DuNC-DyB.js                 [39m[1m[2m   36.59 kB[22m[1m[22m[2m │ gzip:  10.58 kB[22m
[2mdist/[22m[2massets/[22m[36mTacticsScreen-B6QKNtNb.js                 [39m[1m[2m   37.13 kB[22m[1m[22m[2m │ gzip:  11.33 kB[22m
[2mdist/[22m[2massets/[22m[36mUfcGame-Dm6ewX4n.js                       [39m[1m[2m   37.18 kB[22m[1m[22m[2m │ gzip:   9.73 kB[22m
[2mdist/[22m[2massets/[22m[36mSoccerSeasonCentre-CoY0lImq.js            [39m[1m[2m   37.22 kB[22m[1m[22m[2m │ gzip:  13.62 kB[22m
[2mdist/[22m[2massets/[22m[36mCollegeGrid-BZRqYokZ.js                   [39m[1m[2m   37.76 kB[22m[1m[22m[2m │ gzip:   9.07 kB[22m
[2mdist/[22m[2massets/[22m[36mGuessNflTeam-qAtm_Zye.js                  [39m[1m[2m   37.83 kB[22m[1m[22m[2m │ gzip:  11.81 kB[22m
[2mdist/[22m[2massets/[22m[36mClubManagerHelp-BlSrKLh6.js               [39m[1m[2m   38.83 kB[22m[1m[22m[2m │ gzip:  14.56 kB[22m
[2mdist/[22m[2massets/[22m[36mGuessNascarDriver-xVHpiNYn.js             [39m[1m[2m   39.10 kB[22m[1m[22m[2m │ gzip:   9.16 kB[22m
[2mdist/[22m[2massets/[22m[36mconquestSports-B8RfKg53.js                [39m[1m[2m   39.47 kB[22m[1m[22m[2m │ gzip:  10.82 kB[22m
[2mdist/[22m[2massets/[22m[36mTransferScreen-fV2ILOSh.js                [39m[1m[2m   39.59 kB[22m[1m[22m[2m │ gzip:  10.43 kB[22m
[2mdist/[22m[2massets/[22m[36mSeasonCentre-zzfVAH96.js                  [39m[1m[2m   39.62 kB[22m[1m[22m[2m │ gzip:  12.03 kB[22m
[2mdist/[22m[2massets/[22m[36mBuzzerBeater-DcSRI4zK.js                  [39m[1m[2m   41.87 kB[22m[1m[22m[2m │ gzip:  13.66 kB[22m
[2mdist/[22m[2massets/[22m[36mera2015-CKBLW-Gg.js                       [39m[1m[2m   43.39 kB[22m[1m[22m[2m │ gzip:  14.90 kB[22m
[2mdist/[22m[2massets/[22m[36mLineupBuilder-HbfIGUKi.js                 [39m[1m[2m   43.41 kB[22m[1m[22m[2m │ gzip:  14.71 kB[22m
[2mdist/[22m[2massets/[22m[36mMissingNine-D0QYLajF.js                   [39m[1m[2m   44.33 kB[22m[1m[22m[2m │ gzip:  12.36 kB[22m
[2mdist/[22m[2massets/[22m[36mMissingFive-Rmptrz7p.js                   [39m[1m[2m   44.93 kB[22m[1m[22m[2m │ gzip:  10.57 kB[22m
[2mdist/[22m[2massets/[22m[36mera2005-B29vZjuX.js                       [39m[1m[2m   45.34 kB[22m[1m[22m[2m │ gzip:  15.17 kB[22m
[2mdist/[22m[2massets/[22m[36mera2010-YNeWL_4t.js                       [39m[1m[2m   45.62 kB[22m[1m[22m[2m │ gzip:  15.40 kB[22m
[2mdist/[22m[2massets/[22m[36mAppearanceBuilder-TMj_XwtD.js             [39m[1m[2m   45.88 kB[22m[1m[22m[2m │ gzip:  14.53 kB[22m
[2mdist/[22m[2massets/[22m[36mDeadlineDay-DC-6bNbJ.js                   [39m[1m[2m   46.04 kB[22m[1m[22m[2m │ gzip:  14.24 kB[22m
[2mdist/[22m[2massets/[22m[36mera2020-7P0IGSTf.js                       [39m[1m[2m   46.53 kB[22m[1m[22m[2m │ gzip:  16.08 kB[22m
[2mdist/[22m[2massets/[22m[36mBaseballConnections-D1RIwBA1.js           [39m[1m[2m   49.25 kB[22m[1m[22m[2m │ gzip:  12.37 kB[22m
[2mdist/[22m[2massets/[22m[36mnbaOpeningRatings-DmYGOL8G.js             [39m[1m[2m   50.06 kB[22m[1m[22m[2m │ gzip:   6.77 kB[22m
[2mdist/[22m[2massets/[22m[36mLiveSimScreen-BWXUYIIc.js                 [39m[1m[2m   52.07 kB[22m[1m[22m[2m │ gzip:  17.28 kB[22m
[2mdist/[22m[2massets/[22m[36mCageClash-C5DMWPrR.js                     [39m[1m[2m   52.18 kB[22m[1m[22m[2m │ gzip:  17.16 kB[22m
[2mdist/[22m[2massets/[22m[36mFootle-D9vGWSry.js                        [39m[1m[2m   54.16 kB[22m[1m[22m[2m │ gzip:  17.15 kB[22m
[2mdist/[22m[2massets/[22m[36mConquestNba-Bp4ZrNC6.js                   [39m[1m[2m   54.40 kB[22m[1m[22m[2m │ gzip:  15.58 kB[22m
[2mdist/[22m[2massets/[22m[36mbaseball-1VjrIB18.js                      [39m[1m[2m   55.10 kB[22m[1m[22m[2m │ gzip:  19.39 kB[22m
[2mdist/[22m[2massets/[22m[36mConquest-28BK51bb.js                      [39m[1m[2m   55.76 kB[22m[1m[22m[2m │ gzip:  14.86 kB[22m
[2mdist/[22m[2massets/[22m[36mMissingEleven-DN4aCIpg.js                 [39m[1m[2m   58.10 kB[22m[1m[22m[2m │ gzip:  14.88 kB[22m
[2mdist/[22m[2massets/[22m[36mSportHub-u8GcXRZU.js                      [39m[1m[2m   58.52 kB[22m[1m[22m[2m │ gzip:  19.68 kB[22m
[2mdist/[22m[2massets/[22m[36msoccer1-MOKhqnXB.js                       [39m[1m[2m   60.80 kB[22m[1m[22m[2m │ gzip:  20.40 kB[22m
[2mdist/[22m[2massets/[22m[36mhockey-B6KUsS6A.js                        [39m[1m[2m   61.30 kB[22m[1m[22m[2m │ gzip:  21.46 kB[22m
[2mdist/[22m[2massets/[22m[36mfootball-D30clyNH.js                      [39m[1m[2m   64.34 kB[22m[1m[22m[2m │ gzip:  22.74 kB[22m
[2mdist/[22m[2massets/[22m[36mProfile-B3-iBCeM.js                       [39m[1m[2m   65.10 kB[22m[1m[22m[2m │ gzip:  20.05 kB[22m
[2mdist/[22m[2massets/[22m[36mStadiumTycoon-BvRKnE-i.js                 [39m[1m[2m   68.21 kB[22m[1m[22m[2m │ gzip:  21.69 kB[22m
[2mdist/[22m[2massets/[22m[36mFightPromoter-Babug9gz.js                 [39m[1m[2m   68.48 kB[22m[1m[22m[2m │ gzip:  20.85 kB[22m
[2mdist/[22m[2massets/[22m[36mclubManagerEra2015-BUxVBSOC.js            [39m[1m[2m   73.21 kB[22m[1m[22m[2m │ gzip:  21.60 kB[22m
[2mdist/[22m[2massets/[22m[36mclubManagerEra2005-DZSwQTfX.js            [39m[1m[2m   75.93 kB[22m[1m[22m[2m │ gzip:  21.84 kB[22m
[2mdist/[22m[2massets/[22m[36mImperialismBoardShared-B6676flz.js        [39m[1m[2m   76.06 kB[22m[1m[22m[2m │ gzip:  24.92 kB[22m
[2mdist/[22m[2massets/[22m[36mclubManagerEra2010-CiScj6R7.js            [39m[1m[2m   76.80 kB[22m[1m[22m[2m │ gzip:  22.43 kB[22m
[2mdist/[22m[2massets/[22m[36mWorldCupPredictor-SZFFnHgF.js             [39m[1m[2m   77.02 kB[22m[1m[22m[2m │ gzip:  23.78 kB[22m
[2mdist/[22m[2massets/[22m[36mAussieRulesManager-CjVfB5n4.js            [39m[1m[2m   77.66 kB[22m[1m[22m[2m │ gzip:  25.45 kB[22m
[2mdist/[22m[2massets/[22m[36mClubManager-BcufZgNv.js                   [39m[1m[2m   78.05 kB[22m[1m[22m[2m │ gzip:  24.29 kB[22m
[2mdist/[22m[2massets/[22m[36mclubManagerEra2020-Bej21k8N.js            [39m[1m[2m   78.49 kB[22m[1m[22m[2m │ gzip:  23.60 kB[22m
[2mdist/[22m[2massets/[22m[36mNhlFrontOffice-luYzSED7.js                [39m[1m[2m   79.27 kB[22m[1m[22m[2m │ gzip:  26.56 kB[22m
[2mdist/[22m[2massets/[22m[36mnhlOpeningRatings-Y9x0bvK7.js             [39m[1m[2m   80.49 kB[22m[1m[22m[2m │ gzip:   9.19 kB[22m
[2mdist/[22m[2massets/[22m[36mworld-bzrfPoKq.js                         [39m[1m[2m   83.56 kB[22m[1m[22m[2m │ gzip:  27.22 kB[22m
[2mdist/[22m[2massets/[22m[36mFightCareer-DmC4J3jT.js                   [39m[1m[2m   84.13 kB[22m[1m[22m[2m │ gzip:  26.31 kB[22m
[2mdist/[22m[2massets/[22m[36mGuessTheCollege-CaYJbxyV.js               [39m[1m[2m   84.75 kB[22m[1m[22m[2m │ gzip:  22.35 kB[22m
[2mdist/[22m[2massets/[22m[36mmoreSports-GYqSPvUd.js                    [39m[1m[2m   85.08 kB[22m[1m[22m[2m │ gzip:  27.30 kB[22m
[2mdist/[22m[2massets/[22m[36mbasketball-qRAKHU1j.js                    [39m[1m[2m   85.59 kB[22m[1m[22m[2m │ gzip:  29.17 kB[22m
[2mdist/[22m[2massets/[22m[36mNbaFrontOffice-80u4V5xT.js                [39m[1m[2m   90.17 kB[22m[1m[22m[2m │ gzip:  31.22 kB[22m
[2mdist/[22m[2massets/[22m[36mFrontOffice-BEQFXGSd.js                   [39m[1m[2m   90.20 kB[22m[1m[22m[2m │ gzip:  29.38 kB[22m
[2mdist/[22m[2massets/[22m[36mplayers-BvqkSYM9.js                       [39m[1m[2m   97.64 kB[22m[1m[22m[2m │ gzip:  14.48 kB[22m
[2mdist/[22m[2massets/[22m[36mGmTradeBuilder-scGs-RQR.js                [39m[1m[2m  104.01 kB[22m[1m[22m[2m │ gzip:  35.03 kB[22m
[2mdist/[22m[2massets/[22m[36mMlbFrontOffice-Cn1bXadu.js                [39m[1m[2m  107.61 kB[22m[1m[22m[2m │ gzip:  34.16 kB[22m
[2mdist/[22m[2massets/[22m[36msoccer2-ChFOa70G.js                       [39m[1m[2m  108.47 kB[22m[1m[22m[2m │ gzip:  36.60 kB[22m
[2mdist/[22m[2massets/[22m[36mrecordBooks-DV_zOdnr.js                   [39m[1m[2m  108.78 kB[22m[1m[22m[2m │ gzip:  19.87 kB[22m
[2mdist/[22m[2massets/[22m[36mRebuild-QpHdyK5r.js                       [39m[1m[2m  117.20 kB[22m[1m[22m[2m │ gzip:  35.63 kB[22m
[2mdist/[22m[2massets/[22m[36mConnections-CqdG5Py-.js                   [39m[1m[2m  154.18 kB[22m[1m[22m[2m │ gzip:  30.90 kB[22m
[2mdist/[22m[2massets/[22m[36mDartDraft-Bz5erVs5.js                     [39m[1m[2m  175.99 kB[22m[1m[22m[2m │ gzip:  57.51 kB[22m
[2mdist/[22m[2massets/[22m[36mhtml2canvas.esm-CBrSDip1.js               [39m[1m[2m  201.42 kB[22m[1m[22m[2m │ gzip:  48.03 kB[22m
[2mdist/[22m[2massets/[22m[36mMlbMyCareer-CK51Mh0q.js                   [39m[1m[2m  241.58 kB[22m[1m[22m[2m │ gzip:  80.98 kB[22m
[2mdist/[22m[2massets/[22m[36mNhlMyCareer-CtMgCAkU.js                   [39m[1m[2m  247.41 kB[22m[1m[22m[2m │ gzip:  82.09 kB[22m
[2mdist/[22m[2massets/[22m[36mNbaMyCareer-CEj3t6XS.js                   [39m[1m[2m  259.48 kB[22m[1m[22m[2m │ gzip:  88.01 kB[22m
[2mdist/[22m[2massets/[22m[36museCareerMoment-aKXRuL9J.js               [39m[1m[2m  262.40 kB[22m[1m[22m[2m │ gzip:  66.35 kB[22m
[2mdist/[22m[2massets/[22m[36mMissingXi-oen-JefQ.js                     [39m[1m[2m  264.43 kB[22m[1m[22m[2m │ gzip:  51.90 kB[22m
[2mdist/[22m[2massets/[22m[36mGridArchive-gT0184d3.js                   [39m[1m[2m  311.28 kB[22m[1m[22m[2m │ gzip:  56.56 kB[22m
[2mdist/[22m[2massets/[22m[36mWhatsNew-CEJIL75v.js                      [39m[1m[2m  319.30 kB[22m[1m[22m[2m │ gzip: 103.00 kB[22m
[2mdist/[22m[2massets/[22m[36mcareerPlayers-DOIUlYXN.js                 [39m[1m[2m  335.22 kB[22m[1m[22m[2m │ gzip:  40.78 kB[22m
[2mdist/[22m[2massets/[22m[36musCareerSeasonReview-CwjYJHHm.js          [39m[1m[2m  433.75 kB[22m[1m[22m[2m │ gzip: 139.25 kB[22m
[2mdist/[22m[2massets/[22m[36mfrontOfficeDepth-hFZ-rvc7.js              [39m[1m[33m  505.58 kB[39m[22m[2m │ gzip:  56.44 kB[22m
[2mdist/[22m[2massets/[22m[36mclubManager-oEFzluGP.js                   [39m[1m[33m  756.84 kB[39m[22m[2m │ gzip: 249.51 kB[22m
[2mdist/[22m[2massets/[22m[36mindex-BgEuOhMc.js                         [39m[1m[33m  787.40 kB[39m[22m[2m │ gzip: 239.62 kB[22m
[2mdist/[22m[2massets/[22m[36mSoccerCareer-CP0su0Sa.js                  [39m[1m[33m1,269.14 kB[39m[22m[2m │ gzip: 369.13 kB[22m
[33m
(!) Some chunks are larger than 500 kB after minification. Consider:
- Using dynamic import() to code-split the application
- Use build.rollupOptions.output.manualChunks to improve chunking: https://rollupjs.org/configuration-options/#output-manualchunks
- Adjust chunk size limit for this warning via build.chunkSizeWarningLimit.[39m
[32m✓ built in 29.23s[39m
[dukb] inlined 1 stylesheet(s) and 1 module(s) into 180 snapshots (11 left alone)
