ode that causes React state updates should be wrapped into act(...):

act(() => {
  /* fire events that update state */
});
/* assert on the output */

This ensures that you're testing the behavior the user would see in the browser. Learn more at https://reactjs.org/link/wrap-tests-with-act
    at file:///home/runner/work/ballpark-hero/ballpark-hero/node_modules/sonner/dist/index.mjs:2:8406
    at Toaster (/home/runner/work/ballpark-hero/ballpark-hero/src/components/ui/sonner.tsx:60:23)
Warning: An update to ForwardRef inside a test was not wrapped in act(...).

When testing, code that causes React state updates should be wrapped into act(...):

act(() => {
  /* fire events that update state */
});
/* assert on the output */

This ensures that you're testing the behavior the user would see in the browser. Learn more at https://reactjs.org/link/wrap-tests-with-act
    at file:///home/runner/work/ballpark-hero/ballpark-hero/node_modules/sonner/dist/index.mjs:2:8406
    at Toaster (/home/runner/work/ballpark-hero/ballpark-hero/src/components/ui/sonner.tsx:60:23)
Warning: An update to ForwardRef inside a test was not wrapped in act(...).

When testing, code that causes React state updates should be wrapped into act(...):

act(() => {
  /* fire events that update state */
});
/* assert on the output */

This ensures that you're testing the behavior the user would see in the browser. Learn more at https://reactjs.org/link/wrap-tests-with-act
    at file:///home/runner/work/ballpark-hero/ballpark-hero/node_modules/sonner/dist/index.mjs:2:8406
    at Toaster (/home/runner/work/ballpark-hero/ballpark-hero/src/components/ui/sonner.tsx:60:23)
Warning: An update to ForwardRef inside a test was not wrapped in act(...).

When testing, code that causes React state updates should be wrapped into act(...):

act(() => {
  /* fire events that update state */
});
/* assert on the output */

This ensures that you're testing the behavior the user would see in the browser. Learn more at https://reactjs.org/link/wrap-tests-with-act
    at file:///home/runner/work/ballpark-hero/ballpark-hero/node_modules/sonner/dist/index.mjs:2:8406
    at Toaster (/home/runner/work/ballpark-hero/ballpark-hero/src/components/ui/sonner.tsx:60:23)

stderr | src/test/toastClearsCookieBanner.test.tsx > the toasts and the cookie banner > the mark alone, with no banner on the page, lifts nothing
Warning: An update to ForwardRef inside a test was not wrapped in act(...).

When testing, code that causes React state updates should be wrapped into act(...):

act(() => {
  /* fire events that update state */
});
/* assert on the output */

This ensures that you're testing the behavior the user would see in the browser. Learn more at https://reactjs.org/link/wrap-tests-with-act
    at file:///home/runner/work/ballpark-hero/ballpark-hero/node_modules/sonner/dist/index.mjs:2:8406
    at Toaster (/home/runner/work/ballpark-hero/ballpark-hero/src/components/ui/sonner.tsx:60:23)
Warning: An update to ForwardRef inside a test was not wrapped in act(...).

When testing, code that causes React state updates should be wrapped into act(...):

act(() => {
  /* fire events that update state */
});
/* assert on the output */

This ensures that you're testing the behavior the user would see in the browser. Learn more at https://reactjs.org/link/wrap-tests-with-act
    at file:///home/runner/work/ballpark-hero/ballpark-hero/node_modules/sonner/dist/index.mjs:2:8406
    at Toaster (/home/runner/work/ballpark-hero/ballpark-hero/src/components/ui/sonner.tsx:60:23)
Warning: An update to ForwardRef inside a test was not wrapped in act(...).

When testing, code that causes React state updates should be wrapped into act(...):

act(() => {
  /* fire events that update state */
});
/* assert on the output */

This ensures that you're testing the behavior the user would see in the browser. Learn more at https://reactjs.org/link/wrap-tests-with-act
    at file:///home/runner/work/ballpark-hero/ballpark-hero/node_modules/sonner/dist/index.mjs:2:8406
    at Toaster (/home/runner/work/ballpark-hero/ballpark-hero/src/components/ui/sonner.tsx:60:23)
Warning: An update to ForwardRef inside a test was not wrapped in act(...).

When testing, code that causes React state updates should be wrapped into act(...):

act(() => {
  /* fire events that update state */
});
/* assert on the output */

This ensures that you're testing the behavior the user would see in the browser. Learn more at https://reactjs.org/link/wrap-tests-with-act
    at file:///home/runner/work/ballpark-hero/ballpark-hero/node_modules/sonner/dist/index.mjs:2:8406
    at Toaster (/home/runner/work/ballpark-hero/ballpark-hero/src/components/ui/sonner.tsx:60:23)
Warning: An update to ForwardRef inside a test was not wrapped in act(...).

When testing, code that causes React state updates should be wrapped into act(...):

act(() => {
  /* fire events that update state */
});
/* assert on the output */

This ensures that you're testing the behavior the user would see in the browser. Learn more at https://reactjs.org/link/wrap-tests-with-act
    at file:///home/runner/work/ballpark-hero/ballpark-hero/node_modules/sonner/dist/index.mjs:2:8406
    at Toaster (/home/runner/work/ballpark-hero/ballpark-hero/src/components/ui/sonner.tsx:60:23)


⎯⎯⎯⎯⎯⎯⎯ Failed Tests 1 ⎯⎯⎯⎯⎯⎯⎯

 FAIL  src/test/safeStorage.test.ts > safeStorage: a refused save is held against a reload > a retry that throws counts as still refused, and does not stop the next one being tried
AssertionError: expected true to be false // Object.is equality

- Expected
+ Received

- false
+ true

 ❯ src/test/safeStorage.test.ts:527:39
    525|     seam.holdPendingSave(() => { throw new Error('the game broke'); });
    526|     seam.holdPendingSave(next);
    527|     expect(seam.settlePendingSaves()).toBe(false);
       |                                       ^
    528|     expect(next).toHaveBeenCalledTimes(1);
    529|   });

⎯⎯⎯⎯⎯⎯⎯⎯⎯⎯⎯⎯⎯⎯⎯⎯⎯⎯⎯⎯⎯⎯⎯⎯[1/1]⎯

