k-hero/ballpark-hero/node_modules/sonner/dist/index.mjs:2:8406
    at Toaster (/home/runner/work/ballpark-hero/ballpark-hero/src/components/ui/sonner.tsx:60:23)
Warning: An update to ForwardRef inside a test was not wrapped in act(...).

When testing, code that causes React state updates should be wrapped into act(...):

act(() => {
  /* fire events that update state */
});
/* assert on the output */

This ensures that you're testing the behavior the user would see in the browser. Learn more at https://reactjs.org/link/wrap-tests-with-act
    at file:///home/runner/work/ballpark-hero/ballpark-hero/node_modules/sonner/dist/index.mjs:2:8406
    at Toaster (/home/runner/work/ballpark-hero/ballpark-hero/src/components/ui/sonner.tsx:60:23)
Warning: An update to ForwardRef inside a test was not wrapped in act(...).

When testing, code that causes React state updates should be wrapped into act(...):

act(() => {
  /* fire events that update state */
});
/* assert on the output */

This ensures that you're testing the behavior the user would see in the browser. Learn more at https://reactjs.org/link/wrap-tests-with-act
    at file:///home/runner/work/ballpark-hero/ballpark-hero/node_modules/sonner/dist/index.mjs:2:8406
    at Toaster (/home/runner/work/ballpark-hero/ballpark-hero/src/components/ui/sonner.tsx:60:23)

stderr | src/test/toastClearsCookieBanner.test.tsx > the toasts and the cookie banner > the mark alone, with no banner on the page, lifts nothing
Warning: An update to ForwardRef inside a test was not wrapped in act(...).

When testing, code that causes React state updates should be wrapped into act(...):

act(() => {
  /* fire events that update state */
});
/* assert on the output */

This ensures that you're testing the behavior the user would see in the browser. Learn more at https://reactjs.org/link/wrap-tests-with-act
    at file:///home/runner/work/ballpark-hero/ballpark-hero/node_modules/sonner/dist/index.mjs:2:8406
    at Toaster (/home/runner/work/ballpark-hero/ballpark-hero/src/components/ui/sonner.tsx:60:23)
Warning: An update to ForwardRef inside a test was not wrapped in act(...).

When testing, code that causes React state updates should be wrapped into act(...):

act(() => {
  /* fire events that update state */
});
/* assert on the output */

This ensures that you're testing the behavior the user would see in the browser. Learn more at https://reactjs.org/link/wrap-tests-with-act
    at file:///home/runner/work/ballpark-hero/ballpark-hero/node_modules/sonner/dist/index.mjs:2:8406
    at Toaster (/home/runner/work/ballpark-hero/ballpark-hero/src/components/ui/sonner.tsx:60:23)
Warning: An update to ForwardRef inside a test was not wrapped in act(...).

When testing, code that causes React state updates should be wrapped into act(...):

act(() => {
  /* fire events that update state */
});
/* assert on the output */

This ensures that you're testing the behavior the user would see in the browser. Learn more at https://reactjs.org/link/wrap-tests-with-act
    at file:///home/runner/work/ballpark-hero/ballpark-hero/node_modules/sonner/dist/index.mjs:2:8406
    at Toaster (/home/runner/work/ballpark-hero/ballpark-hero/src/components/ui/sonner.tsx:60:23)
Warning: An update to ForwardRef inside a test was not wrapped in act(...).

When testing, code that causes React state updates should be wrapped into act(...):

act(() => {
  /* fire events that update state */
});
/* assert on the output */

This ensures that you're testing the behavior the user would see in the browser. Learn more at https://reactjs.org/link/wrap-tests-with-act
    at file:///home/runner/work/ballpark-hero/ballpark-hero/node_modules/sonner/dist/index.mjs:2:8406
    at Toaster (/home/runner/work/ballpark-hero/ballpark-hero/src/components/ui/sonner.tsx:60:23)
Warning: An update to ForwardRef inside a test was not wrapped in act(...).

When testing, code that causes React state updates should be wrapped into act(...):

act(() => {
  /* fire events that update state */
});
/* assert on the output */

This ensures that you're testing the behavior the user would see in the browser. Learn more at https://reactjs.org/link/wrap-tests-with-act
    at file:///home/runner/work/ballpark-hero/ballpark-hero/node_modules/sonner/dist/index.mjs:2:8406
    at Toaster (/home/runner/work/ballpark-hero/ballpark-hero/src/components/ui/sonner.tsx:60:23)

Browserslist: browsers data (caniuse-lite) is 16 months old. Please run:
  npx update-browserslist-db@latest
  Why you should do it regularly: https://github.com/browserslist/update-db#readme
stderr | src/test/storageBlockedBoot.test.tsx > the storage notice > storage full: the line is there on the first render of a game page, and the home page asks nothing
Warning: useLayoutEffect does nothing on the server, because its effect cannot be encoded into the server renderer's output format. This will lead to a mismatch between the initial, non-hydrated UI and the intended UI. To avoid this, useLayoutEffect should only be used in components that render exclusively on the client. See https://reactjs.org/link/uselayouteffect-ssr for common fixes.
    at MemoryRouter (file:///home/runner/work/ballpark-hero/ballpark-hero/node_modules/react-router/dist/development/chunk-BV7QT456.mjs:7044:3)


⎯⎯⎯⎯⎯⎯⎯ Failed Tests 1 ⎯⎯⎯⎯⎯⎯⎯

 FAIL  src/test/usSeasonCentreEntry.test.tsx > 'NBA' My Career: watching changes nothing > the tile stays and says why when its Reload would lose a save the device refused
AssertionError: expected 3 to be 2 // Object.is equality

- Expected
+ Received

- 2
+ 3

 ❯ src/test/usSeasonCentreEntry.test.tsx:336:23
    334|       await pressReload();
    335|       /* the save was tried once more, it is still refused, and the pa…
    336|       expect(tries()).toBe(before + 1);
       |                       ^
    337|       expect(reload).not.toHaveBeenCalled();
    338|       expect(tile().textContent).toContain('has not been saved yet');

⎯⎯⎯⎯⎯⎯⎯⎯⎯⎯⎯⎯⎯⎯⎯⎯⎯⎯⎯⎯⎯⎯⎯⎯[1/1]⎯

