hat causes React state updates should be wrapped into act(...):

act(() => {
  /* fire events that update state */
});
/* assert on the output */

This ensures that you're testing the behavior the user would see in the browser. Learn more at https://reactjs.org/link/wrap-tests-with-act
    at file:///home/runner/work/ballpark-hero/ballpark-hero/node_modules/sonner/dist/index.mjs:2:8406
    at Toaster (/home/runner/work/ballpark-hero/ballpark-hero/src/components/ui/sonner.tsx:60:23)
Warning: An update to ForwardRef inside a test was not wrapped in act(...).

When testing, code that causes React state updates should be wrapped into act(...):

act(() => {
  /* fire events that update state */
});
/* assert on the output */

This ensures that you're testing the behavior the user would see in the browser. Learn more at https://reactjs.org/link/wrap-tests-with-act
    at file:///home/runner/work/ballpark-hero/ballpark-hero/node_modules/sonner/dist/index.mjs:2:8406
    at Toaster (/home/runner/work/ballpark-hero/ballpark-hero/src/components/ui/sonner.tsx:60:23)
Warning: An update to ForwardRef inside a test was not wrapped in act(...).

When testing, code that causes React state updates should be wrapped into act(...):

act(() => {
  /* fire events that update state */
});
/* assert on the output */

This ensures that you're testing the behavior the user would see in the browser. Learn more at https://reactjs.org/link/wrap-tests-with-act
    at file:///home/runner/work/ballpark-hero/ballpark-hero/node_modules/sonner/dist/index.mjs:2:8406
    at Toaster (/home/runner/work/ballpark-hero/ballpark-hero/src/components/ui/sonner.tsx:60:23)
Warning: An update to ForwardRef inside a test was not wrapped in act(...).

When testing, code that causes React state updates should be wrapped into act(...):

act(() => {
  /* fire events that update state */
});
/* assert on the output */

This ensures that you're testing the behavior the user would see in the browser. Learn more at https://reactjs.org/link/wrap-tests-with-act
    at file:///home/runner/work/ballpark-hero/ballpark-hero/node_modules/sonner/dist/index.mjs:2:8406
    at Toaster (/home/runner/work/ballpark-hero/ballpark-hero/src/components/ui/sonner.tsx:60:23)

stderr | src/test/toastClearsCookieBanner.test.tsx > the toasts and the cookie banner > the mark alone, with no banner on the page, lifts nothing
Warning: An update to ForwardRef inside a test was not wrapped in act(...).

When testing, code that causes React state updates should be wrapped into act(...):

act(() => {
  /* fire events that update state */
});
/* assert on the output */

This ensures that you're testing the behavior the user would see in the browser. Learn more at https://reactjs.org/link/wrap-tests-with-act
    at file:///home/runner/work/ballpark-hero/ballpark-hero/node_modules/sonner/dist/index.mjs:2:8406
    at Toaster (/home/runner/work/ballpark-hero/ballpark-hero/src/components/ui/sonner.tsx:60:23)
Warning: An update to ForwardRef inside a test was not wrapped in act(...).

When testing, code that causes React state updates should be wrapped into act(...):

act(() => {
  /* fire events that update state */
});
/* assert on the output */

This ensures that you're testing the behavior the user would see in the browser. Learn more at https://reactjs.org/link/wrap-tests-with-act
    at file:///home/runner/work/ballpark-hero/ballpark-hero/node_modules/sonner/dist/index.mjs:2:8406
    at Toaster (/home/runner/work/ballpark-hero/ballpark-hero/src/components/ui/sonner.tsx:60:23)
Warning: An update to ForwardRef inside a test was not wrapped in act(...).

When testing, code that causes React state updates should be wrapped into act(...):

act(() => {
  /* fire events that update state */
});
/* assert on the output */

This ensures that you're testing the behavior the user would see in the browser. Learn more at https://reactjs.org/link/wrap-tests-with-act
    at file:///home/runner/work/ballpark-hero/ballpark-hero/node_modules/sonner/dist/index.mjs:2:8406
    at Toaster (/home/runner/work/ballpark-hero/ballpark-hero/src/components/ui/sonner.tsx:60:23)
Warning: An update to ForwardRef inside a test was not wrapped in act(...).

When testing, code that causes React state updates should be wrapped into act(...):

act(() => {
  /* fire events that update state */
});
/* assert on the output */

This ensures that you're testing the behavior the user would see in the browser. Learn more at https://reactjs.org/link/wrap-tests-with-act
    at file:///home/runner/work/ballpark-hero/ballpark-hero/node_modules/sonner/dist/index.mjs:2:8406
    at Toaster (/home/runner/work/ballpark-hero/ballpark-hero/src/components/ui/sonner.tsx:60:23)
Warning: An update to ForwardRef inside a test was not wrapped in act(...).

When testing, code that causes React state updates should be wrapped into act(...):

act(() => {
  /* fire events that update state */
});
/* assert on the output */

This ensures that you're testing the behavior the user would see in the browser. Learn more at https://reactjs.org/link/wrap-tests-with-act
    at file:///home/runner/work/ballpark-hero/ballpark-hero/node_modules/sonner/dist/index.mjs:2:8406
    at Toaster (/home/runner/work/ballpark-hero/ballpark-hero/src/components/ui/sonner.tsx:60:23)


⎯⎯⎯⎯⎯⎯⎯ Failed Tests 1 ⎯⎯⎯⎯⎯⎯⎯

 FAIL  src/test/usSeasonCentreEntry.test.tsx > 'NBA' My Career: watching changes nothing > the tile stays and says why when its Reload would lose a save the device refused
TypeError: Cannot read properties of null (reading 'textContent')
 ❯ src/test/usSeasonCentreEntry.test.tsx:338:14
    336|       expect(tries()).toBe(before + 1);
    337|       expect(reload).not.toHaveBeenCalled();
    338|       expect(tile().textContent).toContain('has not been saved yet');
       |              ^
    339|       expect(tile().textContent).not.toContain('Your career is safe');
    340|       expect(refusedNotice()).not.toBeNull();

⎯⎯⎯⎯⎯⎯⎯⎯⎯⎯⎯⎯⎯⎯⎯⎯⎯⎯⎯⎯⎯⎯⎯⎯[1/1]⎯

