 {
  /* fire events that update state */
});
/* assert on the output */

This ensures that you're testing the behavior the user would see in the browser. Learn more at https://reactjs.org/link/wrap-tests-with-act
    at file:///home/runner/work/ballpark-hero/ballpark-hero/node_modules/sonner/dist/index.mjs:2:8406
    at Toaster (/home/runner/work/ballpark-hero/ballpark-hero/src/components/ui/sonner.tsx:60:23)
Warning: An update to ForwardRef inside a test was not wrapped in act(...).

When testing, code that causes React state updates should be wrapped into act(...):

act(() => {
  /* fire events that update state */
});
/* assert on the output */

This ensures that you're testing the behavior the user would see in the browser. Learn more at https://reactjs.org/link/wrap-tests-with-act
    at file:///home/runner/work/ballpark-hero/ballpark-hero/node_modules/sonner/dist/index.mjs:2:8406
    at Toaster (/home/runner/work/ballpark-hero/ballpark-hero/src/components/ui/sonner.tsx:60:23)

stderr | src/test/toastClearsCookieBanner.test.tsx > the toasts and the cookie banner > the mark alone, with no banner on the page, lifts nothing
Warning: An update to ForwardRef inside a test was not wrapped in act(...).

When testing, code that causes React state updates should be wrapped into act(...):

act(() => {
  /* fire events that update state */
});
/* assert on the output */

This ensures that you're testing the behavior the user would see in the browser. Learn more at https://reactjs.org/link/wrap-tests-with-act
    at file:///home/runner/work/ballpark-hero/ballpark-hero/node_modules/sonner/dist/index.mjs:2:8406
    at Toaster (/home/runner/work/ballpark-hero/ballpark-hero/src/components/ui/sonner.tsx:60:23)
Warning: An update to ForwardRef inside a test was not wrapped in act(...).

When testing, code that causes React state updates should be wrapped into act(...):

act(() => {
  /* fire events that update state */
});
/* assert on the output */

This ensures that you're testing the behavior the user would see in the browser. Learn more at https://reactjs.org/link/wrap-tests-with-act
    at file:///home/runner/work/ballpark-hero/ballpark-hero/node_modules/sonner/dist/index.mjs:2:8406
    at Toaster (/home/runner/work/ballpark-hero/ballpark-hero/src/components/ui/sonner.tsx:60:23)
Warning: An update to ForwardRef inside a test was not wrapped in act(...).

When testing, code that causes React state updates should be wrapped into act(...):

act(() => {
  /* fire events that update state */
});
/* assert on the output */

This ensures that you're testing the behavior the user would see in the browser. Learn more at https://reactjs.org/link/wrap-tests-with-act
    at file:///home/runner/work/ballpark-hero/ballpark-hero/node_modules/sonner/dist/index.mjs:2:8406
    at Toaster (/home/runner/work/ballpark-hero/ballpark-hero/src/components/ui/sonner.tsx:60:23)
Warning: An update to ForwardRef inside a test was not wrapped in act(...).

When testing, code that causes React state updates should be wrapped into act(...):

act(() => {
  /* fire events that update state */
});
/* assert on the output */

This ensures that you're testing the behavior the user would see in the browser. Learn more at https://reactjs.org/link/wrap-tests-with-act
    at file:///home/runner/work/ballpark-hero/ballpark-hero/node_modules/sonner/dist/index.mjs:2:8406
    at Toaster (/home/runner/work/ballpark-hero/ballpark-hero/src/components/ui/sonner.tsx:60:23)
Warning: An update to ForwardRef inside a test was not wrapped in act(...).

When testing, code that causes React state updates should be wrapped into act(...):

act(() => {
  /* fire events that update state */
});
/* assert on the output */

This ensures that you're testing the behavior the user would see in the browser. Learn more at https://reactjs.org/link/wrap-tests-with-act
    at file:///home/runner/work/ballpark-hero/ballpark-hero/node_modules/sonner/dist/index.mjs:2:8406
    at Toaster (/home/runner/work/ballpark-hero/ballpark-hero/src/components/ui/sonner.tsx:60:23)


⎯⎯⎯⎯⎯⎯⎯ Failed Tests 2 ⎯⎯⎯⎯⎯⎯⎯

 FAIL  src/test/safeStorage.test.ts > safeStorage: a refusal is taken back when the browser takes a write again > in a browser that stores normally a recheck writes nothing, however often it is asked
AssertionError: expected "setItem" to not be called at all, but actually been called 5 times

Received: 

  1st setItem call:

    Array [
      "__dukb_storage_probe__",
      "1",
    ]

  2nd setItem call:

    Array [
      "__dukb_storage_probe__",
      "1",
    ]

  3rd setItem call:

    Array [
      "__dukb_storage_probe__",
      "1",
    ]

  4th setItem call:

    Array [
      "__dukb_storage_probe__",
      "1",
    ]

  5th setItem call:

    Array [
      "__dukb_storage_probe__",
      "1",
    ]


Number of calls: 5

 ❯ src/test/safeStorage.test.ts:418:24
    416|     for (let i = 0; i < 5; i += 1) expect(seam.recheckStorageWrites())…
    417|     expect(seam.probeStorageWrites()).toBeNull();
    418|     expect(writes).not.toHaveBeenCalled();
       |                        ^
    419|     expect(removes).not.toHaveBeenCalled();
    420|   });

⎯⎯⎯⎯⎯⎯⎯⎯⎯⎯⎯⎯⎯⎯⎯⎯⎯⎯⎯⎯⎯⎯⎯⎯[1/2]⎯

 FAIL  src/test/safeStorage.test.ts > safeStorage: a refusal is taken back when the browser takes a write again > a recheck before anything was refused does not stand in for the probe
AssertionError: expected "setItem" to not be called at all, but actually been called 1 times

Received: 

  1st setItem call:

    Array [
      "__dukb_storage_probe__",
      "1",
    ]


Number of calls: 1

 ❯ src/test/safeStorage.test.ts:426:24
    424|     const writes = vi.spyOn(Storage.prototype, 'setItem');
    425|     expect(seam.recheckStorageWrites()).toBeNull();
    426|     expect(writes).not.toHaveBeenCalled();
       |                        ^
    427|     expect(seam.probeStorageWrites()).toBeNull();
    428|     expect(writes).toHaveBeenCalledTimes(1);

⎯⎯⎯⎯⎯⎯⎯⎯⎯⎯⎯⎯⎯⎯⎯⎯⎯⎯⎯⎯⎯⎯⎯⎯[2/2]⎯

