
> vite_react_shadcn_ts@0.0.0 build
> vite build

[36mvite v5.4.21 [32mbuilding for production...[36m[39m
transforming...
Browserslist: browsers data (caniuse-lite) is 16 months old. Please run:
  npx update-browserslist-db@latest
  Why you should do it regularly: https://github.com/browserslist/update-db#readme
[32m✓[39m 3310 modules transformed.
rendering chunks...
computing gzip size...
[2mdist/[22m[32mindex.html                                       [39m[1m[2m   31.73 kB[22m[1m[22m[2m │ gzip:  11.40 kB[22m
[2mdist/[22m[2massets/[22m[35mInboxCard-DDfoldLS.css                    [39m[1m[2m    0.31 kB[22m[1m[22m[2m │ gzip:   0.22 kB[22m
[2mdist/[22m[2massets/[22m[35mStaffScreen-DA5KNI2w.css                  [39m[1m[2m    0.34 kB[22m[1m[22m[2m │ gzip:   0.22 kB[22m
[2mdist/[22m[2massets/[22m[35mPuckDetective-CNwlavUM.css                [39m[1m[2m    0.46 kB[22m[1m[22m[2m │ gzip:   0.24 kB[22m
[2mdist/[22m[2massets/[22m[35mMlbFrontOffice-CBF51_-Q.css               [39m[1m[2m    0.46 kB[22m[1m[22m[2m │ gzip:   0.26 kB[22m
[2mdist/[22m[2massets/[22m[35mFreeKick-Db_P_VAd.css                     [39m[1m[2m    0.48 kB[22m[1m[22m[2m │ gzip:   0.26 kB[22m
[2mdist/[22m[2massets/[22m[35mChainLinkMotion-CvpbwvEe.css              [39m[1m[2m    0.51 kB[22m[1m[22m[2m │ gzip:   0.27 kB[22m
[2mdist/[22m[2massets/[22m[35mFantasyDraft-BBpfFIJM.css                 [39m[1m[2m    0.51 kB[22m[1m[22m[2m │ gzip:   0.21 kB[22m
[2mdist/[22m[2massets/[22m[35mF1Constructor-ZNfpvwdP.css                [39m[1m[2m    0.54 kB[22m[1m[22m[2m │ gzip:   0.27 kB[22m
[2mdist/[22m[2massets/[22m[35mTrainingPanel-vaffBj46.css                [39m[1m[2m    0.59 kB[22m[1m[22m[2m │ gzip:   0.32 kB[22m
[2mdist/[22m[2massets/[22m[35mGuessTheNation-BPrjB6wp.css               [39m[1m[2m    0.61 kB[22m[1m[22m[2m │ gzip:   0.29 kB[22m
[2mdist/[22m[2massets/[22m[35mListQuiz-CfGTEzvO.css                     [39m[1m[2m    0.63 kB[22m[1m[22m[2m │ gzip:   0.33 kB[22m
[2mdist/[22m[2massets/[22m[35mThroughBallBoard-gTKr9BrC.css             [39m[1m[2m    0.67 kB[22m[1m[22m[2m │ gzip:   0.35 kB[22m
[2mdist/[22m[2massets/[22m[35mNbaChain-COMs1moS.css                     [39m[1m[2m    0.74 kB[22m[1m[22m[2m │ gzip:   0.37 kB[22m
[2mdist/[22m[2massets/[22m[35mBudgetBuilder-BMPKocqF.css                [39m[1m[2m    0.74 kB[22m[1m[22m[2m │ gzip:   0.33 kB[22m
[2mdist/[22m[2massets/[22m[35mGuessTennisPlayer-BJV-i7my.css            [39m[1m[2m    0.77 kB[22m[1m[22m[2m │ gzip:   0.39 kB[22m
[2mdist/[22m[2massets/[22m[35mGuessNascarDriver-B4spQIn2.css            [39m[1m[2m    0.77 kB[22m[1m[22m[2m │ gzip:   0.38 kB[22m
[2mdist/[22m[2massets/[22m[35mGuessCbbTeam-BcTI5nvh.css                 [39m[1m[2m    0.77 kB[22m[1m[22m[2m │ gzip:   0.39 kB[22m
[2mdist/[22m[2massets/[22m[35mBallIq-BjxfiyZ_.css                       [39m[1m[2m    0.78 kB[22m[1m[22m[2m │ gzip:   0.39 kB[22m
[2mdist/[22m[2massets/[22m[35mMysteryBox-6MFZ-n4f.css                   [39m[1m[2m    0.78 kB[22m[1m[22m[2m │ gzip:   0.37 kB[22m
[2mdist/[22m[2massets/[22m[35mEmojiGuess-MeLdLiyY.css                   [39m[1m[2m    0.83 kB[22m[1m[22m[2m │ gzip:   0.37 kB[22m
[2mdist/[22m[2massets/[22m[35mSearchAndDiscard-Bk7mANi4.css             [39m[1m[2m    0.83 kB[22m[1m[22m[2m │ gzip:   0.40 kB[22m
[2mdist/[22m[2massets/[22m[35mNbaStatLine-DajvjVkC.css                  [39m[1m[2m    0.85 kB[22m[1m[22m[2m │ gzip:   0.39 kB[22m
[2mdist/[22m[2massets/[22m[35mMissingNine-BLGcLOj1.css                  [39m[1m[2m    0.88 kB[22m[1m[22m[2m │ gzip:   0.42 kB[22m
[2mdist/[22m[2massets/[22m[35mLiveSimScreen-BIVdauyH.css                [39m[1m[2m    0.89 kB[22m[1m[22m[2m │ gzip:   0.46 kB[22m
[2mdist/[22m[2massets/[22m[35mF1Driver-DhrxUQx4.css                     [39m[1m[2m    0.94 kB[22m[1m[22m[2m │ gzip:   0.47 kB[22m
[2mdist/[22m[2massets/[22m[35mQuizBoard-CBcAEXDf.css                    [39m[1m[2m    1.02 kB[22m[1m[22m[2m │ gzip:   0.44 kB[22m
[2mdist/[22m[2massets/[22m[35mStatDetective-D6N_cvHt.css                [39m[1m[2m    1.08 kB[22m[1m[22m[2m │ gzip:   0.42 kB[22m
[2mdist/[22m[2massets/[22m[35musePracticeClock-ClTOd3XX.css             [39m[1m[2m    1.09 kB[22m[1m[22m[2m │ gzip:   0.37 kB[22m
[2mdist/[22m[2massets/[22m[35mGridCellLayout-D70wq1lC.css               [39m[1m[2m    1.19 kB[22m[1m[22m[2m │ gzip:   0.50 kB[22m
[2mdist/[22m[2massets/[22m[35mRankEm-Bxuyan4v.css                       [39m[1m[2m    1.33 kB[22m[1m[22m[2m │ gzip:   0.63 kB[22m
[2mdist/[22m[2massets/[22m[35mClueAuction-D9aFrid-.css                  [39m[1m[2m    1.42 kB[22m[1m[22m[2m │ gzip:   0.58 kB[22m
[2mdist/[22m[2massets/[22m[35mSetPieceBoard-BIg86Bhl.css                [39m[1m[2m    1.50 kB[22m[1m[22m[2m │ gzip:   0.61 kB[22m
[2mdist/[22m[2massets/[22m[35mGmTradeBuilder-CsXt162F.css               [39m[1m[2m    1.61 kB[22m[1m[22m[2m │ gzip:   0.48 kB[22m
[2mdist/[22m[2massets/[22m[35mNhlFrontOffice-Ce_3hBzp.css               [39m[1m[2m    2.66 kB[22m[1m[22m[2m │ gzip:   0.99 kB[22m
[2mdist/[22m[2massets/[22m[35mArcadeShotFeedback--eiU5Aah.css           [39m[1m[2m    2.94 kB[22m[1m[22m[2m │ gzip:   0.97 kB[22m
[2mdist/[22m[2massets/[22m[35mFootle-pT74gEft.css                       [39m[1m[2m    3.20 kB[22m[1m[22m[2m │ gzip:   1.02 kB[22m
[2mdist/[22m[2massets/[22m[35mAussieRulesManager-zdcvwuMp.css           [39m[1m[2m    4.10 kB[22m[1m[22m[2m │ gzip:   1.18 kB[22m
[2mdist/[22m[2massets/[22m[35musCareerSeasonReview-CstHycFO.css         [39m[1m[2m    8.78 kB[22m[1m[22m[2m │ gzip:   2.62 kB[22m
[2mdist/[22m[2massets/[22m[35mSportHub-wXzienJm.css                     [39m[1m[2m    9.45 kB[22m[1m[22m[2m │ gzip:   2.42 kB[22m
[2mdist/[22m[2massets/[22m[35mindex-CvhxZKSs.css                        [39m[1m[2m  195.22 kB[22m[1m[22m[2m │ gzip:  32.26 kB[22m
[2mdist/[22m[2massets/[22m[36mfirstDraw-DhshXfEx.js                     [39m[1m[2m    0.10 kB[22m[1m[22m[2m │ gzip:   0.10 kB[22m
[2mdist/[22m[2massets/[22m[36mChainLinkMotion.module-CU3oOeKl.js        [39m[1m[2m    0.12 kB[22m[1m[22m[2m │ gzip:   0.11 kB[22m
[2mdist/[22m[2massets/[22m[36mdialogA11y-BCgxbiii.js                    [39m[1m[2m    0.15 kB[22m[1m[22m[2m │ gzip:   0.13 kB[22m
[2mdist/[22m[2massets/[22m[36mformatNumber-CGuttX8h.js                  [39m[1m[2m    0.15 kB[22m[1m[22m[2m │ gzip:   0.15 kB[22m
[2mdist/[22m[2massets/[22m[36mskeleton-BWXLdmXE.js                      [39m[1m[2m    0.17 kB[22m[1m[22m[2m │ gzip:   0.16 kB[22m
[2mdist/[22m[2massets/[22m[36mclubManagerClock-C1EiWjUJ.js              [39m[1m[2m    0.25 kB[22m[1m[22m[2m │ gzip:   0.16 kB[22m
[2mdist/[22m[2massets/[22m[36mnameFold-Cxobkrgg.js                      [39m[1m[2m    0.26 kB[22m[1m[22m[2m │ gzip:   0.24 kB[22m
[2mdist/[22m[2massets/[22m[36mcareerHeadroom-B6hg86bq.js                [39m[1m[2m    0.26 kB[22m[1m[22m[2m │ gzip:   0.19 kB[22m
[2mdist/[22m[2massets/[22m[36mvalidationReason-Bdi7tqty.js              [39m[1m[2m    0.26 kB[22m[1m[22m[2m │ gzip:   0.18 kB[22m
[2mdist/[22m[2massets/[22m[36mensureAnswerInOptions-ip2BqsWb.js         [39m[1m[2m    0.27 kB[22m[1m[22m[2m │ gzip:   0.15 kB[22m
[2mdist/[22m[2massets/[22m[36mseoMetaPart08-IZEXs0WU.js                 [39m[1m[2m    0.27 kB[22m[1m[22m[2m │ gzip:   0.22 kB[22m
[2mdist/[22m[2massets/[22m[36mnotCurrentPlayers-monyGCOh.js             [39m[1m[2m    0.28 kB[22m[1m[22m[2m │ gzip:   0.24 kB[22m
[2mdist/[22m[2massets/[22m[36msoccerBootIds-BWkyFIXk.js                 [39m[1m[2m    0.29 kB[22m[1m[22m[2m │ gzip:   0.20 kB[22m
[2mdist/[22m[2massets/[22m[36museOwnedTimeouts-CVIu-HCr.js              [39m[1m[2m    0.29 kB[22m[1m[22m[2m │ gzip:   0.21 kB[22m
[2mdist/[22m[2massets/[22m[36mchevron-down-DV28Oj1z.js                  [39m[1m[2m    0.30 kB[22m[1m[22m[2m │ gzip:   0.24 kB[22m
[2mdist/[22m[2massets/[22m[36mchevron-up-C1Me7GWc.js                    [39m[1m[2m    0.30 kB[22m[1m[22m[2m │ gzip:   0.25 kB[22m
[2mdist/[22m[2massets/[22m[36museScrollToGame-D7U4QYb8.js               [39m[1m[2m    0.30 kB[22m[1m[22m[2m │ gzip:   0.24 kB[22m
[2mdist/[22m[2massets/[22m[36marcadeRecord-Ccbsg8hp.js                  [39m[1m[2m    0.31 kB[22m[1m[22m[2m │ gzip:   0.23 kB[22m
[2mdist/[22m[2massets/[22m[36marrow-up-BNDBNbIh.js                      [39m[1m[2m    0.33 kB[22m[1m[22m[2m │ gzip:   0.26 kB[22m
[2mdist/[22m[2massets/[22m[36mGridCellLayout.module-BrZZmB8D.js         [39m[1m[2m    0.33 kB[22m[1m[22m[2m │ gzip:   0.23 kB[22m
[2mdist/[22m[2massets/[22m[36marrow-left-Ct14DX29.js                    [39m[1m[2m    0.33 kB[22m[1m[22m[2m │ gzip:   0.27 kB[22m
[2mdist/[22m[2massets/[22m[36marrow-down-WwrUNc4r.js                    [39m[1m[2m    0.33 kB[22m[1m[22m[2m │ gzip:   0.26 kB[22m
[2mdist/[22m[2massets/[22m[36mclock-DkYRSC3Y.js                         [39m[1m[2m    0.35 kB[22m[1m[22m[2m │ gzip:   0.27 kB[22m
[2mdist/[22m[2massets/[22m[36mskip-forward-lr24N_dU.js                  [39m[1m[2m    0.37 kB[22m[1m[22m[2m │ gzip:   0.29 kB[22m
[2mdist/[22m[2massets/[22m[36mrotate-ccw-Ckw__si3.js                    [39m[1m[2m    0.37 kB[22m[1m[22m[2m │ gzip:   0.29 kB[22m
[2mdist/[22m[2massets/[22m[36mfast-forward-C72AsU-x.js                  [39m[1m[2m    0.37 kB[22m[1m[22m[2m │ gzip:   0.28 kB[22m
[2mdist/[22m[2massets/[22m[36mtrending-up-BPVjUwkO.js                   [39m[1m[2m    0.37 kB[22m[1m[22m[2m │ gzip:   0.28 kB[22m
[2mdist/[22m[2massets/[22m[36mlock-CSn7wpkN.js                          [39m[1m[2m    0.38 kB[22m[1m[22m[2m │ gzip:   0.30 kB[22m
[2mdist/[22m[2massets/[22m[36mtrending-down-BDAMPw0r.js                 [39m[1m[2m    0.38 kB[22m[1m[22m[2m │ gzip:   0.28 kB[22m
[2mdist/[22m[2massets/[22m[36minfinity-BpiK319R.js                      [39m[1m[2m    0.38 kB[22m[1m[22m[2m │ gzip:   0.30 kB[22m
[2mdist/[22m[2massets/[22m[36mflag-CchHAZ9d.js                          [39m[1m[2m    0.39 kB[22m[1m[22m[2m │ gzip:   0.31 kB[22m
[2mdist/[22m[2massets/[22m[36mbriefcase-C-uMvPkj.js                     [39m[1m[2m    0.39 kB[22m[1m[22m[2m │ gzip:   0.30 kB[22m
[2mdist/[22m[2massets/[22m[36mtarget-6I_yztwY.js                        [39m[1m[2m    0.40 kB[22m[1m[22m[2m │ gzip:   0.27 kB[22m
[2mdist/[22m[2massets/[22m[36mshareGrids-BBcTDnrG.js                    [39m[1m[2m    0.40 kB[22m[1m[22m[2m │ gzip:   0.29 kB[22m
[2mdist/[22m[2massets/[22m[36mcopy-jYUxXqbk.js                          [39m[1m[2m    0.41 kB[22m[1m[22m[2m │ gzip:   0.31 kB[22m
[2mdist/[22m[2massets/[22m[36mcircle-help-CE5n-tP1.js                   [39m[1m[2m    0.41 kB[22m[1m[22m[2m │ gzip:   0.30 kB[22m
[2mdist/[22m[2massets/[22m[36mtimer-BwYI9OMb.js                         [39m[1m[2m    0.41 kB[22m[1m[22m[2m │ gzip:   0.29 kB[22m
[2mdist/[22m[2massets/[22m[36mlink-2-CS6FUVBQ.js                        [39m[1m[2m    0.41 kB[22m[1m[22m[2m │ gzip:   0.31 kB[22m
[2mdist/[22m[2massets/[22m[36marrow-left-right-_3o1xT5e.js              [39m[1m[2m    0.42 kB[22m[1m[22m[2m │ gzip:   0.30 kB[22m
[2mdist/[22m[2massets/[22m[36meye-ByNZtN27.js                           [39m[1m[2m    0.43 kB[22m[1m[22m[2m │ gzip:   0.30 kB[22m
[2mdist/[22m[2massets/[22m[36mcalendar-jKXiTcYA.js                      [39m[1m[2m    0.43 kB[22m[1m[22m[2m │ gzip:   0.30 kB[22m
[2mdist/[22m[2massets/[22m[36mzap-D4Qdx5hF.js                           [39m[1m[2m    0.43 kB[22m[1m[22m[2m │ gzip:   0.31 kB[22m
[2mdist/[22m[2massets/[22m[36mlightbulb-DBfmz4Kg.js                     [39m[1m[2m    0.46 kB[22m[1m[22m[2m │ gzip:   0.33 kB[22m
[2mdist/[22m[2massets/[22m[36msend-DfIJKPa2.js                          [39m[1m[2m    0.46 kB[22m[1m[22m[2m │ gzip:   0.33 kB[22m
[2mdist/[22m[2massets/[22m[36musers-BH9Ggb0d.js                         [39m[1m[2m    0.47 kB[22m[1m[22m[2m │ gzip:   0.33 kB[22m
[2mdist/[22m[2massets/[22m[36mshield-half-pS08JAOc.js                   [39m[1m[2m    0.48 kB[22m[1m[22m[2m │ gzip:   0.35 kB[22m
[2mdist/[22m[2massets/[22m[36mheart-pulse-D8JHusZk.js                   [39m[1m[2m    0.49 kB[22m[1m[22m[2m │ gzip:   0.35 kB[22m
[2mdist/[22m[2massets/[22m[36marcade-CUT7KVjC.js                        [39m[1m[2m    0.49 kB[22m[1m[22m[2m │ gzip:   0.32 kB[22m
[2mdist/[22m[2massets/[22m[36mReferenceSources-5HyWcJvv.js              [39m[1m[2m    0.49 kB[22m[1m[22m[2m │ gzip:   0.36 kB[22m
[2mdist/[22m[2massets/[22m[36mgraduation-cap-DJ3HbfmB.js                [39m[1m[2m    0.50 kB[22m[1m[22m[2m │ gzip:   0.35 kB[22m
[2mdist/[22m[2massets/[22m[36mseoMetaPart20-D3Jt8qZ_.js                 [39m[1m[2m    0.50 kB[22m[1m[22m[2m │ gzip:   0.34 kB[22m
[2mdist/[22m[2massets/[22m[36mentityIds-L4Nd6Y8C.js                     [39m[1m[2m    0.51 kB[22m[1m[22m[2m │ gzip:   0.34 kB[22m
[2mdist/[22m[2massets/[22m[36mseoMetaPart07-ympky3rW.js                 [39m[1m[2m    0.51 kB[22m[1m[22m[2m │ gzip:   0.35 kB[22m
[2mdist/[22m[2massets/[22m[36mnewspaper-eywgYstw.js                     [39m[1m[2m    0.51 kB[22m[1m[22m[2m │ gzip:   0.34 kB[22m
[2mdist/[22m[2massets/[22m[36mseoMetaPart13-Ig-3KGy2.js                 [39m[1m[2m    0.51 kB[22m[1m[22m[2m │ gzip:   0.34 kB[22m
[2mdist/[22m[2massets/[22m[36mseoMetaPart31-BPitkLcI.js                 [39m[1m[2m    0.52 kB[22m[1m[22m[2m │ gzip:   0.35 kB[22m
[2mdist/[22m[2massets/[22m[36mtrash-2-CX3WzFoC.js                       [39m[1m[2m    0.53 kB[22m[1m[22m[2m │ gzip:   0.35 kB[22m
[2mdist/[22m[2massets/[22m[36mcrown-t5LUA-Uy.js                         [39m[1m[2m    0.53 kB[22m[1m[22m[2m │ gzip:   0.36 kB[22m
[2mdist/[22m[2massets/[22m[36mshuffle-BPOpYZxK.js                       [39m[1m[2m    0.55 kB[22m[1m[22m[2m │ gzip:   0.35 kB[22m
[2mdist/[22m[2massets/[22m[36mpackage-BGjLRsp8.js                       [39m[1m[2m    0.56 kB[22m[1m[22m[2m │ gzip:   0.36 kB[22m
[2mdist/[22m[2massets/[22m[36mdailyRecord-CX9SdYxa.js                   [39m[1m[2m    0.56 kB[22m[1m[22m[2m │ gzip:   0.34 kB[22m
[2mdist/[22m[2massets/[22m[36mclipboard-list-DgAL2LmF.js                [39m[1m[2m    0.58 kB[22m[1m[22m[2m │ gzip:   0.36 kB[22m
[2mdist/[22m[2massets/[22m[36mmedal-7zqatrxy.js                         [39m[1m[2m    0.60 kB[22m[1m[22m[2m │ gzip:   0.39 kB[22m
[2mdist/[22m[2massets/[22m[36mhandshake-DwEe11Ci.js                     [39m[1m[2m    0.62 kB[22m[1m[22m[2m │ gzip:   0.39 kB[22m
[2mdist/[22m[2massets/[22m[36mstar-DIa9gmE6.js                          [39m[1m[2m    0.64 kB[22m[1m[22m[2m │ gzip:   0.40 kB[22m
[2mdist/[22m[2massets/[22m[36mfetchQuizBoard-DZeLbN3M.js                [39m[1m[2m    0.66 kB[22m[1m[22m[2m │ gzip:   0.43 kB[22m
[2mdist/[22m[2massets/[22m[36mleagueCore--DUG-EXw.js                    [39m[1m[2m    0.67 kB[22m[1m[22m[2m │ gzip:   0.43 kB[22m
[2mdist/[22m[2massets/[22m[36mbadge-Bfy6SNpe.js                         [39m[1m[2m    0.71 kB[22m[1m[22m[2m │ gzip:   0.37 kB[22m
[2mdist/[22m[2massets/[22m[36mswords-nZsXUOJu.js                        [39m[1m[2m    0.72 kB[22m[1m[22m[2m │ gzip:   0.39 kB[22m
[2mdist/[22m[2massets/[22m[36mdumbbell-gIeUNuUv.js                      [39m[1m[2m    0.73 kB[22m[1m[22m[2m │ gzip:   0.39 kB[22m
[2mdist/[22m[2massets/[22m[36mseoMetaPart02-BYbZNxRj.js                 [39m[1m[2m    0.74 kB[22m[1m[22m[2m │ gzip:   0.44 kB[22m
[2mdist/[22m[2massets/[22m[36mseoMetaPart10-CPgkU0Ug.js                 [39m[1m[2m    0.75 kB[22m[1m[22m[2m │ gzip:   0.46 kB[22m
[2mdist/[22m[2massets/[22m[36mseoMetaPart16-CmMlK9Np.js                 [39m[1m[2m    0.75 kB[22m[1m[22m[2m │ gzip:   0.45 kB[22m
[2mdist/[22m[2massets/[22m[36mseoMetaPart00-CuVEcdvG.js                 [39m[1m[2m    0.75 kB[22m[1m[22m[2m │ gzip:   0.46 kB[22m
[2mdist/[22m[2massets/[22m[36mseoMetaPart01-DtjgkM8Q.js                 [39m[1m[2m    0.75 kB[22m[1m[22m[2m │ gzip:   0.45 kB[22m
[2mdist/[22m[2massets/[22m[36mseoMetaPart11-oLlb_0nk.js                 [39m[1m[2m    0.75 kB[22m[1m[22m[2m │ gzip:   0.45 kB[22m
[2mdist/[22m[2massets/[22m[36mseoMetaPart03-BOxIFoUd.js                 [39m[1m[2m    0.76 kB[22m[1m[22m[2m │ gzip:   0.47 kB[22m
[2mdist/[22m[2massets/[22m[36mgmDealTable-DYyD4N4_.js                   [39m[1m[2m    0.77 kB[22m[1m[22m[2m │ gzip:   0.44 kB[22m
[2mdist/[22m[2massets/[22m[36mgamepad-2-DOK0wAOP.js                     [39m[1m[2m    0.79 kB[22m[1m[22m[2m │ gzip:   0.49 kB[22m
[2mdist/[22m[2massets/[22m[36museGameCompletion-Bk6u_Cls.js             [39m[1m[2m    0.81 kB[22m[1m[22m[2m │ gzip:   0.49 kB[22m
[2mdist/[22m[2massets/[22m[36mRestoredResult-Dm4RuXGA.js                [39m[1m[2m    0.86 kB[22m[1m[22m[2m │ gzip:   0.43 kB[22m
[2mdist/[22m[2massets/[22m[36mfetchAllRows-j9lWsF9F.js                  [39m[1m[2m    0.86 kB[22m[1m[22m[2m │ gzip:   0.42 kB[22m
[2mdist/[22m[2massets/[22m[36mcareerEngine-C0YCb0dd.js                  [39m[1m[2m    0.86 kB[22m[1m[22m[2m │ gzip:   0.47 kB[22m
[2mdist/[22m[2massets/[22m[36musCareerReveal-BW47Ke0-.js                [39m[1m[2m    0.94 kB[22m[1m[22m[2m │ gzip:   0.58 kB[22m
[2mdist/[22m[2massets/[22m[36mseoMetaPart24-CQTtSrLB.js                 [39m[1m[2m    0.98 kB[22m[1m[22m[2m │ gzip:   0.56 kB[22m
[2mdist/[22m[2massets/[22m[36mcard-B4Jpc_4o.js                          [39m[1m[2m    0.99 kB[22m[1m[22m[2m │ gzip:   0.38 kB[22m
[2mdist/[22m[2massets/[22m[36mseoMetaPart04-DRX4FtX_.js                 [39m[1m[2m    0.99 kB[22m[1m[22m[2m │ gzip:   0.55 kB[22m
[2mdist/[22m[2massets/[22m[36mseoMetaPart15-9v6Tzod_.js                 [39m[1m[2m    0.99 kB[22m[1m[22m[2m │ gzip:   0.53 kB[22m
[2mdist/[22m[2massets/[22m[36mseoMetaPart18-Beou92RL.js                 [39m[1m[2m    0.99 kB[22m[1m[22m[2m │ gzip:   0.57 kB[22m
[2mdist/[22m[2massets/[22m[36mseoMetaPart23-RMiEDEGg.js                 [39m[1m[2m    1.00 kB[22m[1m[22m[2m │ gzip:   0.55 kB[22m
[2mdist/[22m[2massets/[22m[36mseoMetaPart19-CpToAW9C.js                 [39m[1m[2m    1.00 kB[22m[1m[22m[2m │ gzip:   0.55 kB[22m
[2mdist/[22m[2massets/[22m[36mseoMetaPart25-Cf_pDGZt.js                 [39m[1m[2m    1.00 kB[22m[1m[22m[2m │ gzip:   0.56 kB[22m
[2mdist/[22m[2massets/[22m[36mseoMetaPart21-BhVVnIEN.js                 [39m[1m[2m    1.01 kB[22m[1m[22m[2m │ gzip:   0.54 kB[22m
[2mdist/[22m[2massets/[22m[36mseoMetaPart05-BnXoXrsk.js                 [39m[1m[2m    1.01 kB[22m[1m[22m[2m │ gzip:   0.59 kB[22m
[2mdist/[22m[2massets/[22m[36mseoMetaPart22-S-3F3LJ6.js                 [39m[1m[2m    1.01 kB[22m[1m[22m[2m │ gzip:   0.59 kB[22m
[2mdist/[22m[2massets/[22m[36mGuessFinish-X8I3h6gn.js                   [39m[1m[2m    1.13 kB[22m[1m[22m[2m │ gzip:   0.60 kB[22m
[2mdist/[22m[2massets/[22m[36mfetchCareerPlayers-Tc0D7Y84.js            [39m[1m[2m    1.16 kB[22m[1m[22m[2m │ gzip:   0.57 kB[22m
[2mdist/[22m[2massets/[22m[36mchemistry-DIs7dgmv.js                     [39m[1m[2m    1.19 kB[22m[1m[22m[2m │ gzip:   0.58 kB[22m
[2mdist/[22m[2massets/[22m[36mGiveUpButton-iZoAN3d6.js                  [39m[1m[2m    1.19 kB[22m[1m[22m[2m │ gzip:   0.54 kB[22m
[2mdist/[22m[2massets/[22m[36mseoMetaPart06-N4xfX3Sj.js                 [39m[1m[2m    1.20 kB[22m[1m[22m[2m │ gzip:   0.58 kB[22m
[2mdist/[22m[2massets/[22m[36mseoMetaPart14-Ca8w5qDt.js                 [39m[1m[2m    1.21 kB[22m[1m[22m[2m │ gzip:   0.61 kB[22m
[2mdist/[22m[2massets/[22m[36mseoMetaPart12-BEzM79-p.js                 [39m[1m[2m    1.21 kB[22m[1m[22m[2m │ gzip:   0.67 kB[22m
[2mdist/[22m[2massets/[22m[36mseoMetaPart27-CP2Svxjt.js                 [39m[1m[2m    1.22 kB[22m[1m[22m[2m │ gzip:   0.65 kB[22m
[2mdist/[22m[2massets/[22m[36mseoMetaPart28-g2Jhz3O3.js                 [39m[1m[2m    1.22 kB[22m[1m[22m[2m │ gzip:   0.67 kB[22m
[2mdist/[22m[2massets/[22m[36mClubManagerTreatmentPanel-o2e1cgrR.js     [39m[1m[2m    1.23 kB[22m[1m[22m[2m │ gzip:   0.73 kB[22m
[2mdist/[22m[2massets/[22m[36mGameShell-CMormjcS.js                     [39m[1m[2m    1.30 kB[22m[1m[22m[2m │ gzip:   0.68 kB[22m
[2mdist/[22m[2massets/[22m[36mGridBoardSkeleton-CepYRhaj.js             [39m[1m[2m    1.32 kB[22m[1m[22m[2m │ gzip:   0.61 kB[22m
[2mdist/[22m[2massets/[22m[36mconfederationGroups-C8t7eDxb.js           [39m[1m[2m    1.34 kB[22m[1m[22m[2m │ gzip:   0.70 kB[22m
[2mdist/[22m[2massets/[22m[36mHowToPlayPopover-BFuGyxji.js              [39m[1m[2m    1.36 kB[22m[1m[22m[2m │ gzip:   0.77 kB[22m
[2mdist/[22m[2massets/[22m[36mHubTiles-DIxpQGoP.js                      [39m[1m[2m    1.39 kB[22m[1m[22m[2m │ gzip:   0.60 kB[22m
[2mdist/[22m[2massets/[22m[36mpositionFit-BbUnYZIs.js                   [39m[1m[2m    1.42 kB[22m[1m[22m[2m │ gzip:   0.67 kB[22m
[2mdist/[22m[2massets/[22m[36mRulesGate-CBXNlu8O.js                     [39m[1m[2m    1.42 kB[22m[1m[22m[2m │ gzip:   0.81 kB[22m
[2mdist/[22m[2massets/[22m[36mseoMetaPart29-DFpfKJo-.js                 [39m[1m[2m    1.47 kB[22m[1m[22m[2m │ gzip:   0.73 kB[22m
[2mdist/[22m[2massets/[22m[36museArcadeFlight-BqsGO59M.js               [39m[1m[2m    1.51 kB[22m[1m[22m[2m │ gzip:   0.66 kB[22m
[2mdist/[22m[2massets/[22m[36mCelebration-BfRFbhdr.js                   [39m[1m[2m    1.53 kB[22m[1m[22m[2m │ gzip:   0.82 kB[22m
[2mdist/[22m[2massets/[22m[36mfoSchedule-BzpgxJRf.js                    [39m[1m[2m    1.57 kB[22m[1m[22m[2m │ gzip:   0.89 kB[22m
[2mdist/[22m[2massets/[22m[36msmartSearch-DxQivxxe.js                   [39m[1m[2m    1.58 kB[22m[1m[22m[2m │ gzip:   0.71 kB[22m
[2mdist/[22m[2massets/[22m[36mdeskCue-Bs3SUyAd.js                       [39m[1m[2m    1.62 kB[22m[1m[22m[2m │ gzip:   0.91 kB[22m
[2mdist/[22m[2massets/[22m[36msilverwareSort-CM0syEg5.js                [39m[1m[2m    1.63 kB[22m[1m[22m[2m │ gzip:   0.83 kB[22m
[2mdist/[22m[2massets/[22m[36mGameHelp-B1d1xgIR.js                      [39m[1m[2m    1.65 kB[22m[1m[22m[2m │ gzip:   0.79 kB[22m
[2mdist/[22m[2massets/[22m[36musePracticeClock-C0YOfKU0.js              [39m[1m[2m    1.66 kB[22m[1m[22m[2m │ gzip:   0.83 kB[22m
[2mdist/[22m[2massets/[22m[36mseoMetaPart26-BXx6PSW7.js                 [39m[1m[2m    1.71 kB[22m[1m[22m[2m │ gzip:   0.90 kB[22m
[2mdist/[22m[2massets/[22m[36mTeamTalkRow-B8BXeICB.js                   [39m[1m[2m    1.73 kB[22m[1m[22m[2m │ gzip:   0.93 kB[22m
[2mdist/[22m[2massets/[22m[36mmlbGrid-gDQ4x7kJ.js                       [39m[1m[2m    1.83 kB[22m[1m[22m[2m │ gzip:   0.75 kB[22m
[2mdist/[22m[2massets/[22m[36mWonderkidFactory-DcoloAbZ.js              [39m[1m[2m    1.85 kB[22m[1m[22m[2m │ gzip:   0.94 kB[22m
[2mdist/[22m[2massets/[22m[36mclubManagerMeters-D1arAx1O.js             [39m[1m[2m    1.87 kB[22m[1m[22m[2m │ gzip:   1.00 kB[22m
[2mdist/[22m[2massets/[22m[36mhockeyGrid-CgFdVUQf.js                    [39m[1m[2m    1.92 kB[22m[1m[22m[2m │ gzip:   0.80 kB[22m
[2mdist/[22m[2massets/[22m[36mCareerFx-B8ZpFdWa.js                      [39m[1m[2m    1.93 kB[22m[1m[22m[2m │ gzip:   1.03 kB[22m
[2mdist/[22m[2massets/[22m[36museRevealScroll-C7aIX3Bi.js               [39m[1m[2m    1.94 kB[22m[1m[22m[2m │ gzip:   0.80 kB[22m
[2mdist/[22m[2massets/[22m[36mseoMetaPart30-C2bf-ABQ.js                 [39m[1m[2m    1.94 kB[22m[1m[22m[2m │ gzip:   0.96 kB[22m
[2mdist/[22m[2massets/[22m[36mMetersStrip-IUKHFKKs.js                   [39m[1m[2m    1.94 kB[22m[1m[22m[2m │ gzip:   1.00 kB[22m
[2mdist/[22m[2massets/[22m[36mfreeKick-BSoL5hQo.js                      [39m[1m[2m    1.94 kB[22m[1m[22m[2m │ gzip:   1.10 kB[22m
[2mdist/[22m[2massets/[22m[36mseoMetaPart17-DdtdxoPB.js                 [39m[1m[2m    1.94 kB[22m[1m[22m[2m │ gzip:   0.96 kB[22m
[2mdist/[22m[2massets/[22m[36mArcadeShotFeedback-CfRgScqw.js            [39m[1m[2m    1.96 kB[22m[1m[22m[2m │ gzip:   0.93 kB[22m
[2mdist/[22m[2massets/[22m[36mcareerHallSpeech--c00QZ2J.js              [39m[1m[2m    1.96 kB[22m[1m[22m[2m │ gzip:   1.03 kB[22m
[2mdist/[22m[2massets/[22m[36msoccerBoots-BK_dXNrV.js                   [39m[1m[2m    2.02 kB[22m[1m[22m[2m │ gzip:   0.99 kB[22m
[2mdist/[22m[2massets/[22m[36mAdBanner-B2IwQf_g.js                      [39m[1m[2m    2.04 kB[22m[1m[22m[2m │ gzip:   1.08 kB[22m
[2mdist/[22m[2massets/[22m[36mConnect4Finish-EUtANvew.js                [39m[1m[2m    2.06 kB[22m[1m[22m[2m │ gzip:   0.92 kB[22m
[2mdist/[22m[2massets/[22m[36mCelebrationStyles-yPQE-Que.js             [39m[1m[2m    2.13 kB[22m[1m[22m[2m │ gzip:   0.73 kB[22m
[2mdist/[22m[2massets/[22m[36mAcademyProspects-DGmrkNx_.js              [39m[1m[2m    2.15 kB[22m[1m[22m[2m │ gzip:   1.00 kB[22m
[2mdist/[22m[2massets/[22m[36mseoMetaPart09-DnyHg2Rd.js                 [39m[1m[2m    2.17 kB[22m[1m[22m[2m │ gzip:   1.05 kB[22m
[2mdist/[22m[2massets/[22m[36mPerfectLineupNba-BlGpYZ_c.js              [39m[1m[2m    2.24 kB[22m[1m[22m[2m │ gzip:   1.11 kB[22m
[2mdist/[22m[2massets/[22m[36mResultScreen-D2-8aFsw.js                  [39m[1m[2m    2.28 kB[22m[1m[22m[2m │ gzip:   1.14 kB[22m
[2mdist/[22m[2massets/[22m[36mfrontOfficeSave-DokBHTSA.js               [39m[1m[2m    2.37 kB[22m[1m[22m[2m │ gzip:   1.07 kB[22m
[2mdist/[22m[2massets/[22m[36mgridEngine-CM_uDhGE.js                    [39m[1m[2m    2.38 kB[22m[1m[22m[2m │ gzip:   1.23 kB[22m
[2mdist/[22m[2massets/[22m[36mDailyLegendOverlay-DTvghByl.js            [39m[1m[2m    2.39 kB[22m[1m[22m[2m │ gzip:   1.22 kB[22m
[2mdist/[22m[2massets/[22m[36mClubManagerBoardPanel-JY5jPcDm.js         [39m[1m[2m    2.50 kB[22m[1m[22m[2m │ gzip:   1.01 kB[22m
[2mdist/[22m[2massets/[22m[36mPostGameStats-AxQ5R187.js                 [39m[1m[2m    2.52 kB[22m[1m[22m[2m │ gzip:   1.18 kB[22m
[2mdist/[22m[2massets/[22m[36mcareerAwardsNight-BDQnO6dK.js             [39m[1m[2m    2.57 kB[22m[1m[22m[2m │ gzip:   1.27 kB[22m
[2mdist/[22m[2massets/[22m[36mAdminLogin-2OL521LK.js                    [39m[1m[2m    2.59 kB[22m[1m[22m[2m │ gzip:   1.23 kB[22m
[2mdist/[22m[2massets/[22m[36mLeagueTableCard-nuayaltq.js               [39m[1m[2m    2.86 kB[22m[1m[22m[2m │ gzip:   1.02 kB[22m
[2mdist/[22m[2massets/[22m[36mReportQuestion-BR3InQFR.js                [39m[1m[2m    2.92 kB[22m[1m[22m[2m │ gzip:   1.33 kB[22m
[2mdist/[22m[2massets/[22m[36mconquestDataMlb-B4MKOeDm.js               [39m[1m[2m    2.93 kB[22m[1m[22m[2m │ gzip:   1.22 kB[22m
[2mdist/[22m[2massets/[22m[36mnbaCareerTraining-B9eKH3PU.js             [39m[1m[2m    3.02 kB[22m[1m[22m[2m │ gzip:   1.60 kB[22m
[2mdist/[22m[2massets/[22m[36msearchDiscard-DLMJCydx.js                 [39m[1m[2m    3.05 kB[22m[1m[22m[2m │ gzip:   1.58 kB[22m
[2mdist/[22m[2massets/[22m[36mdailySaveShapes-CmYZfx9m.js               [39m[1m[2m    3.05 kB[22m[1m[22m[2m │ gzip:   1.46 kB[22m
[2mdist/[22m[2massets/[22m[36mconquestDataNhl-BBvewyKz.js               [39m[1m[2m    3.06 kB[22m[1m[22m[2m │ gzip:   1.26 kB[22m
[2mdist/[22m[2massets/[22m[36mtennisHLPlayers-DIbH8knL.js               [39m[1m[2m    3.07 kB[22m[1m[22m[2m │ gzip:   0.88 kB[22m
[2mdist/[22m[2massets/[22m[36mconquestMapGeometry-DMIJk1yA.js           [39m[1m[2m    3.10 kB[22m[1m[22m[2m │ gzip:   1.42 kB[22m
[2mdist/[22m[2massets/[22m[36mlocalLineupEval-B2TYiiub.js               [39m[1m[2m    3.11 kB[22m[1m[22m[2m │ gzip:   1.50 kB[22m
[2mdist/[22m[2massets/[22m[36mFarewellCard-CKBWglFY.js                  [39m[1m[2m    3.12 kB[22m[1m[22m[2m │ gzip:   1.46 kB[22m
[2mdist/[22m[2massets/[22m[36museDailyPuzzle-D696YtmF.js                [39m[1m[2m    3.13 kB[22m[1m[22m[2m │ gzip:   1.37 kB[22m
[2mdist/[22m[2massets/[22m[36mtabs-CJH_3Z0G.js                          [39m[1m[2m    3.19 kB[22m[1m[22m[2m │ gzip:   1.35 kB[22m
[2mdist/[22m[2massets/[22m[36mNbaGauntletDraft-DistGkEK.js              [39m[1m[2m    3.23 kB[22m[1m[22m[2m │ gzip:   1.57 kB[22m
[2mdist/[22m[2massets/[22m[36mGridBoard-WBWQfk-j.js                     [39m[1m[2m    3.25 kB[22m[1m[22m[2m │ gzip:   1.23 kB[22m
[2mdist/[22m[2massets/[22m[36mdealPlayers-gAKi1w2L.js                   [39m[1m[2m    3.27 kB[22m[1m[22m[2m │ gzip:   1.88 kB[22m
[2mdist/[22m[2massets/[22m[36mContact-DkTPno70.js                       [39m[1m[2m    3.37 kB[22m[1m[22m[2m │ gzip:   1.36 kB[22m
[2mdist/[22m[2massets/[22m[36mAcademyLegacyPanel-DoVVsdtf.js            [39m[1m[2m    3.43 kB[22m[1m[22m[2m │ gzip:   1.42 kB[22m
[2mdist/[22m[2massets/[22m[36mUclGroupsCard-wzjTsGOb.js                 [39m[1m[2m    3.47 kB[22m[1m[22m[2m │ gzip:   1.61 kB[22m
[2mdist/[22m[2massets/[22m[36mmlbCareerTraining-D1E9kJyo.js             [39m[1m[2m    3.50 kB[22m[1m[22m[2m │ gzip:   1.82 kB[22m
[2mdist/[22m[2massets/[22m[36mnflCareerTraining-DN--4EmB.js             [39m[1m[2m    3.58 kB[22m[1m[22m[2m │ gzip:   1.80 kB[22m
[2mdist/[22m[2massets/[22m[36mNflGauntletDraft-CXmYOMXf.js              [39m[1m[2m    3.59 kB[22m[1m[22m[2m │ gzip:   1.70 kB[22m
[2mdist/[22m[2massets/[22m[36mdartDraft-DRvOSt0L.js                     [39m[1m[2m    3.60 kB[22m[1m[22m[2m │ gzip:   1.80 kB[22m
[2mdist/[22m[2massets/[22m[36mnhlCareerTraining-BUFfbWWu.js             [39m[1m[2m    3.66 kB[22m[1m[22m[2m │ gzip:   1.89 kB[22m
[2mdist/[22m[2massets/[22m[36mVictoryMoment-rozsNWxH.js                 [39m[1m[2m    3.67 kB[22m[1m[22m[2m │ gzip:   1.30 kB[22m
[2mdist/[22m[2massets/[22m[36mGameNav-DKnvxmWA.js                       [39m[1m[2m    3.70 kB[22m[1m[22m[2m │ gzip:   1.72 kB[22m
[2mdist/[22m[2massets/[22m[36mResultMoment-9AdJhf6i.js                  [39m[1m[2m    3.75 kB[22m[1m[22m[2m │ gzip:   1.41 kB[22m
[2mdist/[22m[2massets/[22m[36mManagerSlotsScreen-DsKjEjq7.js            [39m[1m[2m    3.81 kB[22m[1m[22m[2m │ gzip:   1.27 kB[22m
[2mdist/[22m[2massets/[22m[36mgauntletEngine-Bx-wlDS_.js                [39m[1m[2m    3.87 kB[22m[1m[22m[2m │ gzip:   1.71 kB[22m
[2mdist/[22m[2massets/[22m[36mStartOptionsScreen-BuZEfaM0.js            [39m[1m[2m    3.87 kB[22m[1m[22m[2m │ gzip:   1.48 kB[22m
[2mdist/[22m[2massets/[22m[36mResetPassword-C8xEnPiG.js                 [39m[1m[2m    3.91 kB[22m[1m[22m[2m │ gzip:   1.77 kB[22m
[2mdist/[22m[2massets/[22m[36mNhlGauntletDraft-BIOC4Y63.js              [39m[1m[2m    3.93 kB[22m[1m[22m[2m │ gzip:   1.78 kB[22m
[2mdist/[22m[2massets/[22m[36mDraftNightCard-thDp9ROZ.js                [39m[1m[2m    3.94 kB[22m[1m[22m[2m │ gzip:   1.66 kB[22m
[2mdist/[22m[2massets/[22m[36mConquestMlb-D2Rgs-k1.js                   [39m[1m[2m    3.95 kB[22m[1m[22m[2m │ gzip:   1.88 kB[22m
[2mdist/[22m[2massets/[22m[36mConquestNhl-BtybIk6c.js                   [39m[1m[2m    3.99 kB[22m[1m[22m[2m │ gzip:   1.90 kB[22m
[2mdist/[22m[2massets/[22m[36mFacilitiesScreen-Bi6d0ulF.js              [39m[1m[2m    4.00 kB[22m[1m[22m[2m │ gzip:   1.85 kB[22m
[2mdist/[22m[2massets/[22m[36musCareerFreeAgency-_7gDtE9W.js            [39m[1m[2m    4.10 kB[22m[1m[22m[2m │ gzip:   1.91 kB[22m
[2mdist/[22m[2massets/[22m[36mPacksPanel-ojWCF1BF.js                    [39m[1m[2m    4.36 kB[22m[1m[22m[2m │ gzip:   1.70 kB[22m
[2mdist/[22m[2massets/[22m[36mShootoutKicks-CJNSSGEE.js                 [39m[1m[2m    4.43 kB[22m[1m[22m[2m │ gzip:   1.88 kB[22m
[2mdist/[22m[2massets/[22m[36mmlbHLPlayers-DHB7Z7Uh.js                  [39m[1m[2m    4.45 kB[22m[1m[22m[2m │ gzip:   1.12 kB[22m
[2mdist/[22m[2massets/[22m[36mXpScreen-DC6KLmUD.js                      [39m[1m[2m    4.50 kB[22m[1m[22m[2m │ gzip:   1.99 kB[22m
[2mdist/[22m[2massets/[22m[36mPressScreen-BQ1YLjcA.js                   [39m[1m[2m    4.57 kB[22m[1m[22m[2m │ gzip:   1.90 kB[22m
[2mdist/[22m[2massets/[22m[36mperfectSeason-Dtj5seYR.js                 [39m[1m[2m    4.61 kB[22m[1m[22m[2m │ gzip:   2.11 kB[22m
[2mdist/[22m[2massets/[22m[36mRecords-BDYh39QB.js                       [39m[1m[2m    4.76 kB[22m[1m[22m[2m │ gzip:   1.79 kB[22m
[2mdist/[22m[2massets/[22m[36mthroughBallDrill-B9fNBoXH.js              [39m[1m[2m    4.78 kB[22m[1m[22m[2m │ gzip:   2.31 kB[22m
[2mdist/[22m[2massets/[22m[36mUclBracketCard-mTEjQuc3.js                [39m[1m[2m    4.79 kB[22m[1m[22m[2m │ gzip:   1.97 kB[22m
[2mdist/[22m[2massets/[22m[36mchampOrNot-yJC8PE9h.js                    [39m[1m[2m    4.98 kB[22m[1m[22m[2m │ gzip:   1.77 kB[22m
[2mdist/[22m[2massets/[22m[36maflGoalKickers-BGnz1-kA.js                [39m[1m[2m    5.10 kB[22m[1m[22m[2m │ gzip:   1.41 kB[22m
[2mdist/[22m[2massets/[22m[36mf1HLDrivers-81Ps6THm.js                   [39m[1m[2m    5.13 kB[22m[1m[22m[2m │ gzip:   1.31 kB[22m
[2mdist/[22m[2massets/[22m[36mAccessibility-Cn4vjCPo.js                 [39m[1m[2m    5.17 kB[22m[1m[22m[2m │ gzip:   2.11 kB[22m
[2mdist/[22m[2massets/[22m[36mnbaPerfectLineupPool-CcCQ221O.js          [39m[1m[2m    5.24 kB[22m[1m[22m[2m │ gzip:   1.59 kB[22m
[2mdist/[22m[2massets/[22m[36mHallOfFameCard-ZmJnzcc_.js                [39m[1m[2m    5.35 kB[22m[1m[22m[2m │ gzip:   2.22 kB[22m
[2mdist/[22m[2massets/[22m[36mPlayerAutocomplete-DabsqqWD.js            [39m[1m[2m    5.39 kB[22m[1m[22m[2m │ gzip:   2.42 kB[22m
[2mdist/[22m[2massets/[22m[36mguideShape-B8ZbC5Qw.js                    [39m[1m[2m    5.40 kB[22m[1m[22m[2m │ gzip:   1.69 kB[22m
[2mdist/[22m[2massets/[22m[36mwc2026Results-bxFApXs8.js                 [39m[1m[2m    5.44 kB[22m[1m[22m[2m │ gzip:   1.24 kB[22m
[2mdist/[22m[2massets/[22m[36mbadges-BTvlNmDt.js                        [39m[1m[2m    5.77 kB[22m[1m[22m[2m │ gzip:   2.29 kB[22m
[2mdist/[22m[2massets/[22m[36mFlagImg-rJ6f_k2s.js                       [39m[1m[2m    5.83 kB[22m[1m[22m[2m │ gzip:   2.98 kB[22m
[2mdist/[22m[2massets/[22m[36mWorldEditorScreen-BU2akVvy.js             [39m[1m[2m    5.94 kB[22m[1m[22m[2m │ gzip:   2.34 kB[22m
[2mdist/[22m[2massets/[22m[36mcfbHLPlayers-TgDMTX1-.js                  [39m[1m[2m    6.03 kB[22m[1m[22m[2m │ gzip:   1.62 kB[22m
[2mdist/[22m[2massets/[22m[36mcareerRivalryChoices-ChY19QRl.js          [39m[1m[2m    6.13 kB[22m[1m[22m[2m │ gzip:   2.53 kB[22m
[2mdist/[22m[2massets/[22m[36msoccerCareerAppearance-BF4Z2JDW.js        [39m[1m[2m    6.14 kB[22m[1m[22m[2m │ gzip:   2.56 kB[22m
[2mdist/[22m[2massets/[22m[36mWorldTablesCard-DOk7ZbIh.js               [39m[1m[2m    6.26 kB[22m[1m[22m[2m │ gzip:   2.51 kB[22m
[2mdist/[22m[2massets/[22m[36mHigherLowerTransfers-x2CKqc-A.js          [39m[1m[2m    6.31 kB[22m[1m[22m[2m │ gzip:   2.83 kB[22m
[2mdist/[22m[2massets/[22m[36mPerfectLineupF1-BjBi2tAX.js               [39m[1m[2m    6.34 kB[22m[1m[22m[2m │ gzip:   2.21 kB[22m
[2mdist/[22m[2massets/[22m[36mHalftimeScreen-DmwWn7wV.js                [39m[1m[2m    6.39 kB[22m[1m[22m[2m │ gzip:   2.27 kB[22m
[2mdist/[22m[2massets/[22m[36mCupBracketCard-5wUK895C.js                [39m[1m[2m    6.40 kB[22m[1m[22m[2m │ gzip:   2.75 kB[22m
[2mdist/[22m[2massets/[22m[36mgolfLegends-wbmLaE0U.js                   [39m[1m[2m    6.42 kB[22m[1m[22m[2m │ gzip:   1.43 kB[22m
[2mdist/[22m[2massets/[22m[36mFirstTeamPanel-C_YEiKwy.js                [39m[1m[2m    6.43 kB[22m[1m[22m[2m │ gzip:   2.34 kB[22m
[2mdist/[22m[2massets/[22m[36mhockeyHLPlayers-BftZ_j6A.js               [39m[1m[2m    6.65 kB[22m[1m[22m[2m │ gzip:   1.44 kB[22m
[2mdist/[22m[2massets/[22m[36mAbout-DS9gRa4d.js                         [39m[1m[2m    6.74 kB[22m[1m[22m[2m │ gzip:   2.55 kB[22m
[2mdist/[22m[2massets/[22m[36mGameSeoContent-BE5w8D7l.js                [39m[1m[2m    6.83 kB[22m[1m[22m[2m │ gzip:   2.28 kB[22m
[2mdist/[22m[2massets/[22m[36mwhoAmI-CH6S9mtM.js                        [39m[1m[2m    6.83 kB[22m[1m[22m[2m │ gzip:   2.84 kB[22m
[2mdist/[22m[2massets/[22m[36mHomelandSelect-CsySprsp.js                [39m[1m[2m    6.84 kB[22m[1m[22m[2m │ gzip:   2.64 kB[22m
[2mdist/[22m[2massets/[22m[36mBootRoom-DDczJL-D.js                      [39m[1m[2m    6.84 kB[22m[1m[22m[2m │ gzip:   2.57 kB[22m
[2mdist/[22m[2massets/[22m[36mPerfectLineupNhl-C_VqP_7x.js              [39m[1m[2m    6.89 kB[22m[1m[22m[2m │ gzip:   2.44 kB[22m
[2mdist/[22m[2massets/[22m[36mManagerForm-DQ_4bdj4.js                   [39m[1m[2m    6.93 kB[22m[1m[22m[2m │ gzip:   2.37 kB[22m
[2mdist/[22m[2massets/[22m[36mMatchCentre-CR8eCV86.js                   [39m[1m[2m    7.00 kB[22m[1m[22m[2m │ gzip:   2.25 kB[22m
[2mdist/[22m[2massets/[22m[36mGauntletBoard-JoFB64tJ.js                 [39m[1m[2m    7.12 kB[22m[1m[22m[2m │ gzip:   2.69 kB[22m
[2mdist/[22m[2massets/[22m[36mClubDetailScreen-BZfjdw1n.js              [39m[1m[2m    7.15 kB[22m[1m[22m[2m │ gzip:   2.36 kB[22m
[2mdist/[22m[2massets/[22m[36mplayerSearch-UduqpkFo.js                  [39m[1m[2m    7.17 kB[22m[1m[22m[2m │ gzip:   2.78 kB[22m
[2mdist/[22m[2massets/[22m[36mSearch-D0C2xaCO.js                        [39m[1m[2m    7.87 kB[22m[1m[22m[2m │ gzip:   2.93 kB[22m
[2mdist/[22m[2massets/[22m[36mSeasonRatings-BamdDZ4a.js                 [39m[1m[2m    8.00 kB[22m[1m[22m[2m │ gzip:   3.00 kB[22m
[2mdist/[22m[2massets/[22m[36mnbaHLPlayers-KSI796bW.js                  [39m[1m[2m    8.05 kB[22m[1m[22m[2m │ gzip:   2.21 kB[22m
[2mdist/[22m[2massets/[22m[36mGuessTheGolfer-C-Cd4aME.js                [39m[1m[2m    8.08 kB[22m[1m[22m[2m │ gzip:   3.44 kB[22m
[2mdist/[22m[2massets/[22m[36mInboxCard-E15XfvFA.js                     [39m[1m[2m    8.54 kB[22m[1m[22m[2m │ gzip:   2.94 kB[22m
[2mdist/[22m[2massets/[22m[36maussieRulesManagement-4TlVLY3z.js         [39m[1m[2m    8.56 kB[22m[1m[22m[2m │ gzip:   3.64 kB[22m
[2mdist/[22m[2massets/[22m[36mRolesScreen-BvP32QuV.js                   [39m[1m[2m    8.58 kB[22m[1m[22m[2m │ gzip:   2.83 kB[22m
[2mdist/[22m[2massets/[22m[36mRecordPage-BzLRKsBu.js                    [39m[1m[2m    8.60 kB[22m[1m[22m[2m │ gzip:   2.52 kB[22m
[2mdist/[22m[2massets/[22m[36macademyManagement-DZZqTLIl.js             [39m[1m[2m    8.66 kB[22m[1m[22m[2m │ gzip:   3.51 kB[22m
[2mdist/[22m[2massets/[22m[36mMlbHigherLower-DW4q-IAR.js                [39m[1m[2m    8.80 kB[22m[1m[22m[2m │ gzip:   3.72 kB[22m
[2mdist/[22m[2massets/[22m[36mHomeArt-DmtZQGDh.js                       [39m[1m[2m    8.86 kB[22m[1m[22m[2m │ gzip:   2.65 kB[22m
[2mdist/[22m[2massets/[22m[36mF1HigherLower-5mFiJlC6.js                 [39m[1m[2m    8.86 kB[22m[1m[22m[2m │ gzip:   3.71 kB[22m
[2mdist/[22m[2massets/[22m[36mTennisHigherLower-Crhn6JDm.js             [39m[1m[2m    8.88 kB[22m[1m[22m[2m │ gzip:   3.74 kB[22m
[2mdist/[22m[2massets/[22m[36mAflHigherLower-BAav0P9J.js                [39m[1m[2m    8.89 kB[22m[1m[22m[2m │ gzip:   3.77 kB[22m
[2mdist/[22m[2massets/[22m[36mCfbHigherLower-CpKVBxeU.js                [39m[1m[2m    8.91 kB[22m[1m[22m[2m │ gzip:   3.74 kB[22m
[2mdist/[22m[2massets/[22m[36mNbaHigherLower-DgyrFCRD.js                [39m[1m[2m    8.92 kB[22m[1m[22m[2m │ gzip:   3.71 kB[22m
[2mdist/[22m[2massets/[22m[36mGolfHigherLower-vWcnXLCs.js               [39m[1m[2m    8.95 kB[22m[1m[22m[2m │ gzip:   3.80 kB[22m
[2mdist/[22m[2massets/[22m[36mTrainingScreen-TjWRfeTU.js                [39m[1m[2m    9.07 kB[22m[1m[22m[2m │ gzip:   3.01 kB[22m
[2mdist/[22m[2massets/[22m[36mgmStaff-CQgWbtVe.js                       [39m[1m[2m    9.22 kB[22m[1m[22m[2m │ gzip:   3.90 kB[22m
[2mdist/[22m[2massets/[22m[36mNflHigherLower-DiD50uP6.js                [39m[1m[2m    9.23 kB[22m[1m[22m[2m │ gzip:   3.83 kB[22m
[2mdist/[22m[2massets/[22m[36mHomeAbout-CsTx8fuZ.js                     [39m[1m[2m    9.39 kB[22m[1m[22m[2m │ gzip:   3.71 kB[22m
[2mdist/[22m[2massets/[22m[36mPollOfTheDay-V0ZNBjMA.js                  [39m[1m[2m    9.56 kB[22m[1m[22m[2m │ gzip:   4.18 kB[22m
[2mdist/[22m[2massets/[22m[36mWorldCup2026Results-DLgGSQRn.js           [39m[1m[2m    9.57 kB[22m[1m[22m[2m │ gzip:   3.17 kB[22m
[2mdist/[22m[2massets/[22m[36mStaffScreen-zhJOpUwH.js                   [39m[1m[2m    9.71 kB[22m[1m[22m[2m │ gzip:   3.49 kB[22m
[2mdist/[22m[2massets/[22m[36mPackBattle-CZgBWCpv.js                    [39m[1m[2m   10.31 kB[22m[1m[22m[2m │ gzip:   4.18 kB[22m
[2mdist/[22m[2massets/[22m[36mGameNavbar--vZpFt2y.js                    [39m[1m[2m   10.36 kB[22m[1m[22m[2m │ gzip:   3.80 kB[22m
[2mdist/[22m[2massets/[22m[36mTermsOfService-CCXkztg3.js                [39m[1m[2m   10.47 kB[22m[1m[22m[2m │ gzip:   3.57 kB[22m
[2mdist/[22m[2massets/[22m[36mClubManagerSeasonSummary-DlP0OvYZ.js      [39m[1m[2m   10.97 kB[22m[1m[22m[2m │ gzip:   3.56 kB[22m
[2mdist/[22m[2massets/[22m[36mGauntletDraft-ZGG4sw5G.js                 [39m[1m[2m   11.00 kB[22m[1m[22m[2m │ gzip:   4.22 kB[22m
[2mdist/[22m[2massets/[22m[36mHockeyGrid-_UcE0wcd.js                    [39m[1m[2m   11.01 kB[22m[1m[22m[2m │ gzip:   4.15 kB[22m
[2mdist/[22m[2massets/[22m[36mAdminReports-CNq_yuoz.js                  [39m[1m[2m   11.01 kB[22m[1m[22m[2m │ gzip:   3.95 kB[22m
[2mdist/[22m[2massets/[22m[36mCustomClubForm-HPnqk-eV.js                [39m[1m[2m   11.07 kB[22m[1m[22m[2m │ gzip:   3.24 kB[22m
[2mdist/[22m[2massets/[22m[36mQuizBoard-BSFb8rJq.js                     [39m[1m[2m   11.13 kB[22m[1m[22m[2m │ gzip:   4.76 kB[22m
[2mdist/[22m[2massets/[22m[36mStatsScreen-BhZ3aBrU.js                   [39m[1m[2m   11.14 kB[22m[1m[22m[2m │ gzip:   2.99 kB[22m
[2mdist/[22m[2massets/[22m[36mfightCareer-DFz8n-Ta.js                   [39m[1m[2m   11.14 kB[22m[1m[22m[2m │ gzip:   4.92 kB[22m
[2mdist/[22m[2massets/[22m[36mMlbGrid-CZLcYKg_.js                       [39m[1m[2m   11.17 kB[22m[1m[22m[2m │ gzip:   4.26 kB[22m
[2mdist/[22m[2massets/[22m[36mAcademyScreen-DaxBjG2h.js                 [39m[1m[2m   11.36 kB[22m[1m[22m[2m │ gzip:   3.61 kB[22m
[2mdist/[22m[2massets/[22m[36mShareButtons-DHBj5K0W.js                  [39m[1m[2m   11.64 kB[22m[1m[22m[2m │ gzip:   4.53 kB[22m
[2mdist/[22m[2massets/[22m[36mBallIq-B5yDgwa0.js                        [39m[1m[2m   11.71 kB[22m[1m[22m[2m │ gzip:   4.68 kB[22m
[2mdist/[22m[2massets/[22m[36mHockeyHigherLower-C5jOY74j.js             [39m[1m[2m   11.84 kB[22m[1m[22m[2m │ gzip:   4.34 kB[22m
[2mdist/[22m[2massets/[22m[36mSearchAndDiscard-CPj1t3n6.js              [39m[1m[2m   11.85 kB[22m[1m[22m[2m │ gzip:   4.64 kB[22m
[2mdist/[22m[2massets/[22m[36mChampionsLeagueFormatHistory-IA58CSxr.js  [39m[1m[2m   12.02 kB[22m[1m[22m[2m │ gzip:   3.91 kB[22m
[2mdist/[22m[2massets/[22m[36mGenericLineupBoard-DXVk8NZ3.js            [39m[1m[2m   12.17 kB[22m[1m[22m[2m │ gzip:   4.44 kB[22m
[2mdist/[22m[2massets/[22m[36mFinancesScreen-BAHbs6Gc.js                [39m[1m[2m   12.17 kB[22m[1m[22m[2m │ gzip:   3.36 kB[22m
[2mdist/[22m[2massets/[22m[36muclFormatHistory-DwuhruDw.js              [39m[1m[2m   12.33 kB[22m[1m[22m[2m │ gzip:   3.47 kB[22m
[2mdist/[22m[2massets/[22m[36mCalendarScreen-CLBUPw4F.js                [39m[1m[2m   12.61 kB[22m[1m[22m[2m │ gzip:   4.40 kB[22m
[2mdist/[22m[2massets/[22m[36mLeaderboard-f6K5mE4D.js                   [39m[1m[2m   12.66 kB[22m[1m[22m[2m │ gzip:   4.30 kB[22m
[2mdist/[22m[2massets/[22m[36mNbaGrid-CsGjd9Y7.js                       [39m[1m[2m   12.76 kB[22m[1m[22m[2m │ gzip:   4.76 kB[22m
[2mdist/[22m[2massets/[22m[36mFootballTimeline-heh4SHOK.js              [39m[1m[2m   12.78 kB[22m[1m[22m[2m │ gzip:   4.26 kB[22m
[2mdist/[22m[2massets/[22m[36mNflMyCareer-B0KBCjNj.js                   [39m[1m[2m   12.87 kB[22m[1m[22m[2m │ gzip:   5.65 kB[22m
[2mdist/[22m[2massets/[22m[36mSetPieceBoard-BkCRDfBq.js                 [39m[1m[2m   12.97 kB[22m[1m[22m[2m │ gzip:   5.25 kB[22m
[2mdist/[22m[2massets/[22m[36mintlNames-CkDsBUot.js                     [39m[1m[2m   13.05 kB[22m[1m[22m[2m │ gzip:   6.11 kB[22m
[2mdist/[22m[2massets/[22m[36mnflHLCategories-DOyYzQVv.js               [39m[1m[2m   13.14 kB[22m[1m[22m[2m │ gzip:   3.65 kB[22m
[2mdist/[22m[2massets/[22m[36mHigherLower-YLYAe-Qd.js                   [39m[1m[2m   13.41 kB[22m[1m[22m[2m │ gzip:   4.82 kB[22m
[2mdist/[22m[2massets/[22m[36mMysteryBox-D0LvRxxi.js                    [39m[1m[2m   13.46 kB[22m[1m[22m[2m │ gzip:   5.29 kB[22m
[2mdist/[22m[2massets/[22m[36mShirtNumber-BKy05xld.js                   [39m[1m[2m   13.51 kB[22m[1m[22m[2m │ gzip:   5.25 kB[22m
[2mdist/[22m[2massets/[22m[36mTennisChain-COCVS1oE.js                   [39m[1m[2m   13.78 kB[22m[1m[22m[2m │ gzip:   4.94 kB[22m
[2mdist/[22m[2massets/[22m[36mstadiumManagement-a4ZEwMzG.js             [39m[1m[2m   13.81 kB[22m[1m[22m[2m │ gzip:   5.38 kB[22m
[2mdist/[22m[2massets/[22m[36mNascarChain-CxYg3fuP.js                   [39m[1m[2m   13.86 kB[22m[1m[22m[2m │ gzip:   4.93 kB[22m
[2mdist/[22m[2massets/[22m[36mSilverwareSort-H37v-UGv.js                [39m[1m[2m   13.95 kB[22m[1m[22m[2m │ gzip:   5.37 kB[22m
[2mdist/[22m[2massets/[22m[36mMlbConnect4-B7VmiK4E.js                   [39m[1m[2m   14.06 kB[22m[1m[22m[2m │ gzip:   5.31 kB[22m
[2mdist/[22m[2massets/[22m[36mNhlConnect4-C-YRFdW2.js                   [39m[1m[2m   14.13 kB[22m[1m[22m[2m │ gzip:   5.31 kB[22m
[2mdist/[22m[2massets/[22m[36mCbbGrid-GtJFImRN.js                       [39m[1m[2m   14.20 kB[22m[1m[22m[2m │ gzip:   5.64 kB[22m
[2mdist/[22m[2massets/[22m[36mWhodTheyBeat-BHs-hBV9.js                  [39m[1m[2m   14.23 kB[22m[1m[22m[2m │ gzip:   5.59 kB[22m
[2mdist/[22m[2massets/[22m[36mNflConnect4-B6Bmbos9.js                   [39m[1m[2m   14.43 kB[22m[1m[22m[2m │ gzip:   5.37 kB[22m
[2mdist/[22m[2massets/[22m[36mFootballGrid-Bq0P4-zI.js                  [39m[1m[2m   14.45 kB[22m[1m[22m[2m │ gzip:   5.49 kB[22m
[2mdist/[22m[2massets/[22m[36mContractsCard-Coy5TiHQ.js                 [39m[1m[2m   14.73 kB[22m[1m[22m[2m │ gzip:   4.60 kB[22m
[2mdist/[22m[2massets/[22m[36mAlphabetSprint-CwvZ1YNP.js                [39m[1m[2m   14.97 kB[22m[1m[22m[2m │ gzip:   5.82 kB[22m
[2mdist/[22m[2massets/[22m[36mPlayerAvatar-Cn7OH6Pk.js                  [39m[1m[2m   15.16 kB[22m[1m[22m[2m │ gzip:   3.93 kB[22m
[2mdist/[22m[2massets/[22m[36mNflConnections-Bv75G5J-.js                [39m[1m[2m   15.26 kB[22m[1m[22m[2m │ gzip:   5.72 kB[22m
[2mdist/[22m[2massets/[22m[36musStatesPaths-DfX_GtuE.js                 [39m[1m[2m   15.67 kB[22m[1m[22m[2m │ gzip:   5.35 kB[22m
[2mdist/[22m[2massets/[22m[36mCareerSeasonReview-DYobfDIm.js            [39m[1m[2m   15.74 kB[22m[1m[22m[2m │ gzip:   4.46 kB[22m
[2mdist/[22m[2massets/[22m[36mNbaChain-CxpB8XJg.js                      [39m[1m[2m   16.01 kB[22m[1m[22m[2m │ gzip:   6.10 kB[22m
[2mdist/[22m[2massets/[22m[36mCareerGame-DI9DD0NU.js                    [39m[1m[2m   16.06 kB[22m[1m[22m[2m │ gzip:   6.09 kB[22m
[2mdist/[22m[2massets/[22m[36mNbaConnect4-B_QrDy_7.js                   [39m[1m[2m   16.16 kB[22m[1m[22m[2m │ gzip:   5.91 kB[22m
[2mdist/[22m[2massets/[22m[36mConquestActionScene-DO1grq4v.js           [39m[1m[2m   16.54 kB[22m[1m[22m[2m │ gzip:   6.80 kB[22m
[2mdist/[22m[2massets/[22m[36mGuessCbbTeam-gm4Z4ZvK.js                  [39m[1m[2m   16.62 kB[22m[1m[22m[2m │ gzip:   6.15 kB[22m
[2mdist/[22m[2massets/[22m[36msiteSearch-CCJNjEcG.js                    [39m[1m[2m   16.78 kB[22m[1m[22m[2m │ gzip:   6.82 kB[22m
[2mdist/[22m[2massets/[22m[36mGuessTennisPlayer-Bx6oApde.js             [39m[1m[2m   16.89 kB[22m[1m[22m[2m │ gzip:   6.02 kB[22m
[2mdist/[22m[2massets/[22m[36mThroughBallBoard-2uSEp6V-.js              [39m[1m[2m   16.96 kB[22m[1m[22m[2m │ gzip:   6.28 kB[22m
[2mdist/[22m[2massets/[22m[36mNflPlayoffFormatHistory-CbsFZ9F-.js       [39m[1m[2m   17.04 kB[22m[1m[22m[2m │ gzip:   5.58 kB[22m
[2mdist/[22m[2massets/[22m[36mcareerLadder-9Li_Nhct.js                  [39m[1m[2m   17.39 kB[22m[1m[22m[2m │ gzip:   6.56 kB[22m
[2mdist/[22m[2massets/[22m[36mSeasonVerdict-D1_65Ql0.js                 [39m[1m[2m   18.29 kB[22m[1m[22m[2m │ gzip:   7.39 kB[22m
[2mdist/[22m[2massets/[22m[36mMlbPostseasonFormatHistory-DJtT8CRx.js    [39m[1m[2m   18.30 kB[22m[1m[22m[2m │ gzip:   5.64 kB[22m
[2mdist/[22m[2massets/[22m[36mWhoAmI-DZBt_avD.js                        [39m[1m[2m   18.77 kB[22m[1m[22m[2m │ gzip:   5.96 kB[22m
[2mdist/[22m[2massets/[22m[36mScorePredictor-DvXryOuW.js                [39m[1m[2m   18.82 kB[22m[1m[22m[2m │ gzip:   6.52 kB[22m
[2mdist/[22m[2massets/[22m[36mSquadScreen-Ckf7w7Yy.js                   [39m[1m[2m   18.85 kB[22m[1m[22m[2m │ gzip:   6.78 kB[22m
[2mdist/[22m[2massets/[22m[36mnhlFoPlayers-j0YE08i0.js                  [39m[1m[2m   19.06 kB[22m[1m[22m[2m │ gzip:   5.46 kB[22m
[2mdist/[22m[2massets/[22m[36mPlayerStockMarket-CQTfEK9Z.js             [39m[1m[2m   19.23 kB[22m[1m[22m[2m │ gzip:   7.08 kB[22m
[2mdist/[22m[2massets/[22m[36mPrivacyPolicy-M2q7Zblk.js                 [39m[1m[2m   19.35 kB[22m[1m[22m[2m │ gzip:   6.00 kB[22m
[2mdist/[22m[2massets/[22m[36mClubManagerCareerPanel-DVdDKfqF.js        [39m[1m[2m   19.67 kB[22m[1m[22m[2m │ gzip:   5.82 kB[22m
[2mdist/[22m[2massets/[22m[36mWorldXi-DHhcmwH7.js                       [39m[1m[2m   19.68 kB[22m[1m[22m[2m │ gzip:   6.76 kB[22m
[2mdist/[22m[2massets/[22m[36mNbaStatLine-gs2Plb1w.js                   [39m[1m[2m   19.82 kB[22m[1m[22m[2m │ gzip:   7.36 kB[22m
[2mdist/[22m[2massets/[22m[36mClueAuction-CThud9Lh.js                   [39m[1m[2m   20.01 kB[22m[1m[22m[2m │ gzip:   7.26 kB[22m
[2mdist/[22m[2massets/[22m[36mHofOrBust-C-2VBNtR.js                     [39m[1m[2m   20.04 kB[22m[1m[22m[2m │ gzip:   7.22 kB[22m
[2mdist/[22m[2massets/[22m[36mPuckDetective-DTW38Vv6.js                 [39m[1m[2m   20.06 kB[22m[1m[22m[2m │ gzip:   7.41 kB[22m
[2mdist/[22m[2massets/[22m[36mUsCareerPractice-4Y8UlPSW.js              [39m[1m[2m   20.15 kB[22m[1m[22m[2m │ gzip:   5.85 kB[22m
[2mdist/[22m[2massets/[22m[36museTycoonRewards-Cfiht_nw.js              [39m[1m[2m   20.27 kB[22m[1m[22m[2m │ gzip:   7.63 kB[22m
[2mdist/[22m[2massets/[22m[36mGuessTheNation-D62dh2s8.js                [39m[1m[2m   20.67 kB[22m[1m[22m[2m │ gzip:   7.20 kB[22m
[2mdist/[22m[2massets/[22m[36mPerfectSeasonMlb-C9TW6fsL.js              [39m[1m[2m   20.79 kB[22m[1m[22m[2m │ gzip:   7.39 kB[22m
[2mdist/[22m[2massets/[22m[36mAcademyPanel-Y3ie-szA.js                  [39m[1m[2m   21.07 kB[22m[1m[22m[2m │ gzip:   7.74 kB[22m
[2mdist/[22m[2massets/[22m[36mclubManagement-EKXPWeDR.js                [39m[1m[2m   21.10 kB[22m[1m[22m[2m │ gzip:   8.43 kB[22m
[2mdist/[22m[2massets/[22m[36mselect-BpgHi6Ug.js                        [39m[1m[2m   21.29 kB[22m[1m[22m[2m │ gzip:   7.41 kB[22m
[2mdist/[22m[2massets/[22m[36msquadDeal-BKWo9iYC.js                     [39m[1m[2m   21.30 kB[22m[1m[22m[2m │ gzip:   8.38 kB[22m
[2mdist/[22m[2massets/[22m[36mBudgetBuilder-CKVIhWgw.js                 [39m[1m[2m   21.50 kB[22m[1m[22m[2m │ gzip:   7.43 kB[22m
[2mdist/[22m[2massets/[22m[36mStatDetective-B9kz0yIy.js                 [39m[1m[2m   21.61 kB[22m[1m[22m[2m │ gzip:   8.39 kB[22m
[2mdist/[22m[2massets/[22m[36mSoccerConquest-CiiQL4yx.js                [39m[1m[2m   21.70 kB[22m[1m[22m[2m │ gzip:   9.20 kB[22m
[2mdist/[22m[2massets/[22m[36mMlbGauntletDraft-CPGFaJ8h.js              [39m[1m[2m   21.86 kB[22m[1m[22m[2m │ gzip:   7.05 kB[22m
[2mdist/[22m[2massets/[22m[36mCbbDynasty-CeU3gaXi.js                    [39m[1m[2m   21.87 kB[22m[1m[22m[2m │ gzip:   9.12 kB[22m
[2mdist/[22m[2massets/[22m[36mSportsMillionaire-Ba02fhwS.js             [39m[1m[2m   21.92 kB[22m[1m[22m[2m │ gzip:   7.55 kB[22m
[2mdist/[22m[2massets/[22m[36mNbaConnections-tlQkpXBw.js                [39m[1m[2m   22.05 kB[22m[1m[22m[2m │ gzip:   8.25 kB[22m
[2mdist/[22m[2massets/[22m[36mNhlConnections-B9x-B88j.js                [39m[1m[2m   22.07 kB[22m[1m[22m[2m │ gzip:   8.19 kB[22m
[2mdist/[22m[2massets/[22m[36mFootballConnect4-CaudYdVF.js              [39m[1m[2m   22.25 kB[22m[1m[22m[2m │ gzip:   7.23 kB[22m
[2mdist/[22m[2massets/[22m[36mCfbDynasty-4_HKE3J2.js                    [39m[1m[2m   22.28 kB[22m[1m[22m[2m │ gzip:   9.15 kB[22m
[2mdist/[22m[2massets/[22m[36mMinefield-cIqqnVFV.js                     [39m[1m[2m   22.45 kB[22m[1m[22m[2m │ gzip:   9.31 kB[22m
[2mdist/[22m[2massets/[22m[36mMatchReportCard-CDd1axtx.js               [39m[1m[2m   22.89 kB[22m[1m[22m[2m │ gzip:   6.00 kB[22m
[2mdist/[22m[2massets/[22m[36mEmojiGuess-BMa7TCav.js                    [39m[1m[2m   23.23 kB[22m[1m[22m[2m │ gzip:   8.82 kB[22m
[2mdist/[22m[2massets/[22m[36mPerfectSeasonNhl-BIR9OQsM.js              [39m[1m[2m   23.25 kB[22m[1m[22m[2m │ gzip:   8.23 kB[22m
[2mdist/[22m[2massets/[22m[36mhigherLowerPlayers-CyK6rra4.js            [39m[1m[2m   23.57 kB[22m[1m[22m[2m │ gzip:   5.08 kB[22m
[2mdist/[22m[2massets/[22m[36mSignThePlayer-DFDO1Oxy.js                 [39m[1m[2m   23.71 kB[22m[1m[22m[2m │ gzip:   9.11 kB[22m
[2mdist/[22m[2massets/[22m[36mContractChaos-DbN3AQW7.js                 [39m[1m[2m   24.02 kB[22m[1m[22m[2m │ gzip:   9.17 kB[22m
[2mdist/[22m[2massets/[22m[36mHallOfChampions-rBwZ5u9E.js               [39m[1m[2m   24.07 kB[22m[1m[22m[2m │ gzip:   8.21 kB[22m
[2mdist/[22m[2massets/[22m[36mManagerHotSeat-CcaD1_XB.js                [39m[1m[2m   24.60 kB[22m[1m[22m[2m │ gzip:   7.07 kB[22m
[2mdist/[22m[2massets/[22m[36mF1Constructor-D45Okibw.js                 [39m[1m[2m   24.82 kB[22m[1m[22m[2m │ gzip:   8.70 kB[22m
[2mdist/[22m[2massets/[22m[36mDrillBoard-2Qtvfag4.js                    [39m[1m[2m   25.13 kB[22m[1m[22m[2m │ gzip:   9.26 kB[22m
[2mdist/[22m[2massets/[22m[36mPerfectSeasonNba-CKGnOmSw.js              [39m[1m[2m   25.61 kB[22m[1m[22m[2m │ gzip:   9.00 kB[22m
[2mdist/[22m[2massets/[22m[36mSquadDeal-DzK5SbE2.js                     [39m[1m[2m   25.84 kB[22m[1m[22m[2m │ gzip:   7.89 kB[22m
[2mdist/[22m[2massets/[22m[36mNhlPlayoffFormatHistory-Cd1zT71H.js       [39m[1m[2m   25.96 kB[22m[1m[22m[2m │ gzip:   7.80 kB[22m
[2mdist/[22m[2massets/[22m[36mListQuiz-DwnxE4_5.js                      [39m[1m[2m   26.16 kB[22m[1m[22m[2m │ gzip:   9.88 kB[22m
[2mdist/[22m[2massets/[22m[36mF1Driver-BRvJu_d7.js                      [39m[1m[2m   26.66 kB[22m[1m[22m[2m │ gzip:   9.62 kB[22m
[2mdist/[22m[2massets/[22m[36mRarityRound-DW5GNGW4.js                   [39m[1m[2m   27.01 kB[22m[1m[22m[2m │ gzip:   7.82 kB[22m
[2mdist/[22m[2massets/[22m[36mNFLCareer-BZsJM4eO.js                     [39m[1m[2m   27.09 kB[22m[1m[22m[2m │ gzip:   7.47 kB[22m
[2mdist/[22m[2massets/[22m[36mFreeKick-CKL-IE9L.js                      [39m[1m[2m   27.10 kB[22m[1m[22m[2m │ gzip:   8.94 kB[22m
[2mdist/[22m[2massets/[22m[36mSoccerGrid-93WGCZv5.js                    [39m[1m[2m   27.13 kB[22m[1m[22m[2m │ gzip:   8.71 kB[22m
[2mdist/[22m[2massets/[22m[36mRankEm-BWG7cGyd.js                        [39m[1m[2m   27.19 kB[22m[1m[22m[2m │ gzip:   9.72 kB[22m
[2mdist/[22m[2massets/[22m[36mFaceOff-CSf5aOIZ.js                       [39m[1m[2m   27.33 kB[22m[1m[22m[2m │ gzip:   9.29 kB[22m
[2mdist/[22m[2massets/[22m[36mNbaPlayoffFormatHistory-D2m-OwWX.js       [39m[1m[2m   27.58 kB[22m[1m[22m[2m │ gzip:   8.38 kB[22m
[2mdist/[22m[2massets/[22m[36mNbaLineup-D1ma3kgf.js                     [39m[1m[2m   27.68 kB[22m[1m[22m[2m │ gzip:   8.48 kB[22m
[2mdist/[22m[2massets/[22m[36mPlayerBingo-D_IQ7Rm-.js                   [39m[1m[2m   28.30 kB[22m[1m[22m[2m │ gzip:  10.14 kB[22m
[2mdist/[22m[2massets/[22m[36mNbaCareer-Cql7Nt2G.js                     [39m[1m[2m   28.39 kB[22m[1m[22m[2m │ gzip:   8.02 kB[22m
[2mdist/[22m[2massets/[22m[36mstadiumTycoon-B_FBNBPR.js                 [39m[1m[2m   28.93 kB[22m[1m[22m[2m │ gzip:  10.25 kB[22m
[2mdist/[22m[2massets/[22m[36mOlympics-Dza_YUb4.js                      [39m[1m[2m   29.00 kB[22m[1m[22m[2m │ gzip:  10.25 kB[22m
[2mdist/[22m[2massets/[22m[36mSeasonReportTabs-DvNxPJkA.js              [39m[1m[2m   29.70 kB[22m[1m[22m[2m │ gzip:  12.03 kB[22m
[2mdist/[22m[2massets/[22m[36mCollegeDynastyBoard-BYiRSqYG.js           [39m[1m[2m   30.12 kB[22m[1m[22m[2m │ gzip:   9.01 kB[22m
[2mdist/[22m[2massets/[22m[36mmanagerHotSeat-ymyivZQT.js                [39m[1m[2m   30.15 kB[22m[1m[22m[2m │ gzip:   6.77 kB[22m
[2mdist/[22m[2massets/[22m[36mFantasyDraft-CCQqLnPn.js                  [39m[1m[2m   30.47 kB[22m[1m[22m[2m │ gzip:   9.28 kB[22m
[2mdist/[22m[2massets/[22m[36mPerfectSeasonNfl-Dhq3jUJk.js              [39m[1m[2m   31.07 kB[22m[1m[22m[2m │ gzip:  11.19 kB[22m
[2mdist/[22m[2massets/[22m[36mChampOrNot-ackbm85l.js                    [39m[1m[2m   31.22 kB[22m[1m[22m[2m │ gzip:   9.64 kB[22m
[2mdist/[22m[2massets/[22m[36mGuessTheYear-BHo_q99X.js                  [39m[1m[2m   31.26 kB[22m[1m[22m[2m │ gzip:  10.93 kB[22m
[2mdist/[22m[2massets/[22m[36mFightGym-BqJJLIyB.js                      [39m[1m[2m   31.97 kB[22m[1m[22m[2m │ gzip:  10.34 kB[22m
[2mdist/[22m[2massets/[22m[36mHockeyCareer-B4w_OQoE.js                  [39m[1m[2m   32.28 kB[22m[1m[22m[2m │ gzip:   8.47 kB[22m
[2mdist/[22m[2massets/[22m[36mTrainingPanel-BQ8JWRvy.js                 [39m[1m[2m   32.37 kB[22m[1m[22m[2m │ gzip:  10.06 kB[22m
[2mdist/[22m[2massets/[22m[36mconquestDataNba-BDN2iDyW.js               [39m[1m[2m   32.42 kB[22m[1m[22m[2m │ gzip:   8.52 kB[22m
[2mdist/[22m[2massets/[22m[36mBaseballCareer-ByboEBge.js                [39m[1m[2m   32.61 kB[22m[1m[22m[2m │ gzip:   8.72 kB[22m
[2mdist/[22m[2massets/[22m[36mCareerLadder-BV5pWQnM.js                  [39m[1m[2m   32.67 kB[22m[1m[22m[2m │ gzip:  11.26 kB[22m
[2mdist/[22m[2massets/[22m[36mSportsBingo-C7NSMXIF.js                   [39m[1m[2m   32.78 kB[22m[1m[22m[2m │ gzip:  10.79 kB[22m
[2mdist/[22m[2massets/[22m[36mUfcChain-D9a0whqf.js                      [39m[1m[2m   32.97 kB[22m[1m[22m[2m │ gzip:   8.32 kB[22m
[2mdist/[22m[2massets/[22m[36mIdleArena-CVJapB-V.js                     [39m[1m[2m   33.97 kB[22m[1m[22m[2m │ gzip:  11.17 kB[22m
[2mdist/[22m[2massets/[22m[36mfrontOfficePlayers-BPesuo5G.js            [39m[1m[2m   34.48 kB[22m[1m[22m[2m │ gzip:   7.86 kB[22m
[2mdist/[22m[2massets/[22m[36mTeammates-BhAHKIVs.js                     [39m[1m[2m   34.85 kB[22m[1m[22m[2m │ gzip:   9.18 kB[22m
[2mdist/[22m[2massets/[22m[36mLiveSimScreen-DjQsqEJM.js                 [39m[1m[2m   35.06 kB[22m[1m[22m[2m │ gzip:  11.73 kB[22m
[2mdist/[22m[2massets/[22m[36mTransferPath-BsnkwLFT.js                  [39m[1m[2m   35.32 kB[22m[1m[22m[2m │ gzip:  11.54 kB[22m
[2mdist/[22m[2massets/[22m[36mCollegeGrid-guNWAxDi.js                   [39m[1m[2m   35.60 kB[22m[1m[22m[2m │ gzip:   8.12 kB[22m
[2mdist/[22m[2massets/[22m[36mcollege-B_XqEHQm.js                       [39m[1m[2m   36.30 kB[22m[1m[22m[2m │ gzip:  11.81 kB[22m
[2mdist/[22m[2massets/[22m[36msoccerMoments-CLgbbIs7.js                 [39m[1m[2m   36.81 kB[22m[1m[22m[2m │ gzip:  14.63 kB[22m
[2mdist/[22m[2massets/[22m[36mTacticsScreen-C9bT_L9H.js                 [39m[1m[2m   37.07 kB[22m[1m[22m[2m │ gzip:  11.29 kB[22m
[2mdist/[22m[2massets/[22m[36mUfcGame-DgiJN_03.js                       [39m[1m[2m   37.19 kB[22m[1m[22m[2m │ gzip:   9.72 kB[22m
[2mdist/[22m[2massets/[22m[36mGuessNflTeam-BjPXpM2M.js                  [39m[1m[2m   37.83 kB[22m[1m[22m[2m │ gzip:  11.81 kB[22m
[2mdist/[22m[2massets/[22m[36mClubManagerHelp-C4r193L3.js               [39m[1m[2m   37.93 kB[22m[1m[22m[2m │ gzip:  14.22 kB[22m
[2mdist/[22m[2massets/[22m[36mGuessNascarDriver-Bzy6Jdvk.js             [39m[1m[2m   39.08 kB[22m[1m[22m[2m │ gzip:   9.15 kB[22m
[2mdist/[22m[2massets/[22m[36mconquestSports-B8RfKg53.js                [39m[1m[2m   39.47 kB[22m[1m[22m[2m │ gzip:  10.82 kB[22m
[2mdist/[22m[2massets/[22m[36mTransferScreen-mSjW6xIY.js                [39m[1m[2m   39.54 kB[22m[1m[22m[2m │ gzip:  10.40 kB[22m
[2mdist/[22m[2massets/[22m[36mBuzzerBeater-srhxt4Nq.js                  [39m[1m[2m   41.87 kB[22m[1m[22m[2m │ gzip:  13.65 kB[22m
[2mdist/[22m[2massets/[22m[36mmanagerOffers-_ah8loUP.js                 [39m[1m[2m   42.00 kB[22m[1m[22m[2m │ gzip:  13.22 kB[22m
[2mdist/[22m[2massets/[22m[36mLineupBuilder-DRfE1cTF.js                 [39m[1m[2m   42.10 kB[22m[1m[22m[2m │ gzip:  14.07 kB[22m
[2mdist/[22m[2massets/[22m[36mMissingNine-Cdw4LU8G.js                   [39m[1m[2m   44.33 kB[22m[1m[22m[2m │ gzip:  12.35 kB[22m
[2mdist/[22m[2massets/[22m[36mMissingFive-C8R0OMCB.js                   [39m[1m[2m   44.93 kB[22m[1m[22m[2m │ gzip:  10.57 kB[22m
[2mdist/[22m[2massets/[22m[36mSoccerSeasonCentre-C3cwJpQF.js            [39m[1m[2m   44.95 kB[22m[1m[22m[2m │ gzip:  14.81 kB[22m
[2mdist/[22m[2massets/[22m[36mAppearanceBuilder-CUPA6m_V.js             [39m[1m[2m   45.41 kB[22m[1m[22m[2m │ gzip:  14.39 kB[22m
[2mdist/[22m[2massets/[22m[36mDeadlineDay-HieA_N6z.js                   [39m[1m[2m   45.98 kB[22m[1m[22m[2m │ gzip:  14.21 kB[22m
[2mdist/[22m[2massets/[22m[36mBaseballConnections-C1JTVM8v.js           [39m[1m[2m   49.26 kB[22m[1m[22m[2m │ gzip:  12.36 kB[22m
[2mdist/[22m[2massets/[22m[36mnbaOpeningRatings-DmYGOL8G.js             [39m[1m[2m   50.06 kB[22m[1m[22m[2m │ gzip:   6.77 kB[22m
[2mdist/[22m[2massets/[22m[36mCageClash-ByK_8Pbl.js                     [39m[1m[2m   52.18 kB[22m[1m[22m[2m │ gzip:  17.15 kB[22m
[2mdist/[22m[2massets/[22m[36mFootle-Df0k_Y7S.js                        [39m[1m[2m   54.12 kB[22m[1m[22m[2m │ gzip:  17.13 kB[22m
[2mdist/[22m[2massets/[22m[36mConquestNba-B0PKtjrI.js                   [39m[1m[2m   54.41 kB[22m[1m[22m[2m │ gzip:  15.58 kB[22m
[2mdist/[22m[2massets/[22m[36mbaseball-D-Jqywr6.js                      [39m[1m[2m   54.43 kB[22m[1m[22m[2m │ gzip:  19.13 kB[22m
[2mdist/[22m[2massets/[22m[36mConquest-BNAbUSAE.js                      [39m[1m[2m   55.77 kB[22m[1m[22m[2m │ gzip:  14.85 kB[22m
[2mdist/[22m[2massets/[22m[36mMissingEleven-Bd4bjAmY.js                 [39m[1m[2m   58.10 kB[22m[1m[22m[2m │ gzip:  14.87 kB[22m
[2mdist/[22m[2massets/[22m[36mSportHub-DumxJ1si.js                      [39m[1m[2m   58.52 kB[22m[1m[22m[2m │ gzip:  19.68 kB[22m
[2mdist/[22m[2massets/[22m[36mStadiumTycoon-9jJUHD8J.js                 [39m[1m[2m   59.43 kB[22m[1m[22m[2m │ gzip:  19.36 kB[22m
[2mdist/[22m[2massets/[22m[36mhockey-BPRc4rkB.js                        [39m[1m[2m   60.68 kB[22m[1m[22m[2m │ gzip:  21.22 kB[22m
[2mdist/[22m[2massets/[22m[36msoccer1-4EnLcQQM.js                       [39m[1m[2m   60.71 kB[22m[1m[22m[2m │ gzip:  20.36 kB[22m
[2mdist/[22m[2massets/[22m[36mfootball-BrKZz2fy.js                      [39m[1m[2m   63.24 kB[22m[1m[22m[2m │ gzip:  22.33 kB[22m
[2mdist/[22m[2massets/[22m[36mFightPromoter-Bx9yhYLt.js                 [39m[1m[2m   63.94 kB[22m[1m[22m[2m │ gzip:  19.58 kB[22m
[2mdist/[22m[2massets/[22m[36mProfile-CitmMkMm.js                       [39m[1m[2m   65.10 kB[22m[1m[22m[2m │ gzip:  20.06 kB[22m
[2mdist/[22m[2massets/[22m[36mclubManagerEra2015-BUxVBSOC.js            [39m[1m[2m   73.21 kB[22m[1m[22m[2m │ gzip:  21.60 kB[22m
[2mdist/[22m[2massets/[22m[36mclubManagerEra2005-DZSwQTfX.js            [39m[1m[2m   75.93 kB[22m[1m[22m[2m │ gzip:  21.84 kB[22m
[2mdist/[22m[2massets/[22m[36mImperialismBoardShared-BeIGcJy8.js        [39m[1m[2m   76.06 kB[22m[1m[22m[2m │ gzip:  24.91 kB[22m
[2mdist/[22m[2massets/[22m[36mclubManagerEra2010-CiScj6R7.js            [39m[1m[2m   76.80 kB[22m[1m[22m[2m │ gzip:  22.43 kB[22m
[2mdist/[22m[2massets/[22m[36mWorldCupPredictor-CzdVWws7.js             [39m[1m[2m   77.14 kB[22m[1m[22m[2m │ gzip:  23.78 kB[22m
[2mdist/[22m[2massets/[22m[36mClubManager-Kpv2ABqR.js                   [39m[1m[2m   77.66 kB[22m[1m[22m[2m │ gzip:  24.18 kB[22m
[2mdist/[22m[2massets/[22m[36mAussieRulesManager-pXEjXDzo.js            [39m[1m[2m   77.66 kB[22m[1m[22m[2m │ gzip:  25.45 kB[22m
[2mdist/[22m[2massets/[22m[36mclubManagerEra2020-Bej21k8N.js            [39m[1m[2m   78.49 kB[22m[1m[22m[2m │ gzip:  23.60 kB[22m
[2mdist/[22m[2massets/[22m[36mNhlFrontOffice-CtLHsHsQ.js                [39m[1m[2m   79.27 kB[22m[1m[22m[2m │ gzip:  26.56 kB[22m
[2mdist/[22m[2massets/[22m[36mnhlOpeningRatings-Y9x0bvK7.js             [39m[1m[2m   80.49 kB[22m[1m[22m[2m │ gzip:   9.19 kB[22m
[2mdist/[22m[2massets/[22m[36mworld-bzrfPoKq.js                         [39m[1m[2m   83.56 kB[22m[1m[22m[2m │ gzip:  27.22 kB[22m
[2mdist/[22m[2massets/[22m[36mFightCareer-fWih0GMB.js                   [39m[1m[2m   84.09 kB[22m[1m[22m[2m │ gzip:  26.28 kB[22m
[2mdist/[22m[2massets/[22m[36mbasketball-CNtFtfjF.js                    [39m[1m[2m   84.45 kB[22m[1m[22m[2m │ gzip:  28.75 kB[22m
[2mdist/[22m[2massets/[22m[36mGuessTheCollege-BXjCevnC.js               [39m[1m[2m   84.75 kB[22m[1m[22m[2m │ gzip:  22.35 kB[22m
[2mdist/[22m[2massets/[22m[36mmoreSports-GYqSPvUd.js                    [39m[1m[2m   85.08 kB[22m[1m[22m[2m │ gzip:  27.30 kB[22m
[2mdist/[22m[2massets/[22m[36mFrontOffice-D7UxN_eD.js                   [39m[1m[2m   89.45 kB[22m[1m[22m[2m │ gzip:  29.13 kB[22m
[2mdist/[22m[2massets/[22m[36mNbaFrontOffice-DkKDggb5.js                [39m[1m[2m   90.09 kB[22m[1m[22m[2m │ gzip:  31.18 kB[22m
[2mdist/[22m[2massets/[22m[36mGmTradeBuilder-D0MU_LiO.js                [39m[1m[2m  104.01 kB[22m[1m[22m[2m │ gzip:  35.03 kB[22m
[2mdist/[22m[2massets/[22m[36mMlbFrontOffice-_764_ll2.js                [39m[1m[2m  107.61 kB[22m[1m[22m[2m │ gzip:  34.16 kB[22m
[2mdist/[22m[2massets/[22m[36msoccer2-ytcxM1RV.js                       [39m[1m[2m  108.34 kB[22m[1m[22m[2m │ gzip:  36.57 kB[22m
[2mdist/[22m[2massets/[22m[36mrecordBooks-l4sgDOiT.js                   [39m[1m[2m  108.78 kB[22m[1m[22m[2m │ gzip:  19.87 kB[22m
[2mdist/[22m[2massets/[22m[36mRebuild-Bf2-_Hp-.js                       [39m[1m[2m  117.20 kB[22m[1m[22m[2m │ gzip:  35.63 kB[22m
[2mdist/[22m[2massets/[22m[36mfootleEnrichment-BZzeJ_uB.js              [39m[1m[2m  117.58 kB[22m[1m[22m[2m │ gzip:  19.61 kB[22m
[2mdist/[22m[2massets/[22m[36mConnections-DEaYPXMx.js                   [39m[1m[2m  154.23 kB[22m[1m[22m[2m │ gzip:  30.90 kB[22m
[2mdist/[22m[2massets/[22m[36mDartDraft-DHMdxp8f.js                     [39m[1m[2m  175.28 kB[22m[1m[22m[2m │ gzip:  57.19 kB[22m
[2mdist/[22m[2massets/[22m[36mhtml2canvas.esm-CBrSDip1.js               [39m[1m[2m  201.42 kB[22m[1m[22m[2m │ gzip:  48.03 kB[22m
[2mdist/[22m[2massets/[22m[36mMlbMyCareer-BskeyECu.js                   [39m[1m[2m  238.99 kB[22m[1m[22m[2m │ gzip:  80.31 kB[22m
[2mdist/[22m[2massets/[22m[36mNbaMyCareer-D5kOaMz3.js                   [39m[1m[2m  244.37 kB[22m[1m[22m[2m │ gzip:  81.83 kB[22m
[2mdist/[22m[2massets/[22m[36mNhlMyCareer-CYxtI2ZW.js                   [39m[1m[2m  245.82 kB[22m[1m[22m[2m │ gzip:  81.62 kB[22m
[2mdist/[22m[2massets/[22m[36mMissingXi-DBlIqJJM.js                     [39m[1m[2m  264.43 kB[22m[1m[22m[2m │ gzip:  51.90 kB[22m
[2mdist/[22m[2massets/[22m[36mWhatsNew-C1QYrWFh.js                      [39m[1m[2m  288.09 kB[22m[1m[22m[2m │ gzip:  93.96 kB[22m
[2mdist/[22m[2massets/[22m[36msoccerInternational-Xer_3kxD.js           [39m[1m[2m  297.81 kB[22m[1m[22m[2m │ gzip:  76.40 kB[22m
[2mdist/[22m[2massets/[22m[36mGridArchive-Bv5NKFwj.js                   [39m[1m[2m  311.28 kB[22m[1m[22m[2m │ gzip:  56.56 kB[22m
[2mdist/[22m[2massets/[22m[36mcareerPlayers-DOIUlYXN.js                 [39m[1m[2m  335.22 kB[22m[1m[22m[2m │ gzip:  40.78 kB[22m
[2mdist/[22m[2massets/[22m[36musCareerSeasonReview-CPtAWcHQ.js          [39m[1m[2m  411.93 kB[22m[1m[22m[2m │ gzip: 131.14 kB[22m
[2mdist/[22m[2massets/[22m[36mfrontOfficeDepth-CSYCwpBE.js              [39m[1m[33m  524.29 kB[39m[22m[2m │ gzip:  60.37 kB[22m
[2mdist/[22m[2massets/[22m[36mindex-B9SMPdEO.js                         [39m[1m[33m  773.00 kB[39m[22m[2m │ gzip: 234.42 kB[22m
[2mdist/[22m[2massets/[22m[36mclubManager-CQkLz2EI.js                   [39m[1m[33m  902.13 kB[39m[22m[2m │ gzip: 299.11 kB[22m
[2mdist/[22m[2massets/[22m[36mSoccerCareer-Di-5fDXm.js                  [39m[1m[33m1,186.85 kB[39m[22m[2m │ gzip: 343.89 kB[22m
[33m
(!) Some chunks are larger than 500 kB after minification. Consider:
- Using dynamic import() to code-split the application
- Use build.rollupOptions.output.manualChunks to improve chunking: https://rollupjs.org/configuration-options/#output-manualchunks
- Adjust chunk size limit for this warning via build.chunkSizeWarningLimit.[39m
[32m✓ built in 24.19s[39m
[dukb] inlined 1 stylesheet(s) and 1 module(s) into 180 snapshots (11 left alone)
