   ✓ the paged door, recorded on main before Round 1105 touched the engine > asks for the table in three pages of 1,000, filtered and ordered the way it always has 16ms
   ✓ the paged door, recorded on main before Round 1105 touched the engine > hands back every player in load order, and every namesake under one key in load order 20ms
   ✓ the paged door, recorded on main before Round 1105 touched the engine > withIds puts the id column first in the select and copies it onto each player 11ms
   ✓ the paged door, recorded on main before Round 1105 touched the engine > withIds with no id column is refused before any request is made 1ms
   ✓ the paged door, recorded on main before Round 1105 touched the engine > a page that errors twice and then answers costs three calls for that range and loses nothing 5ms
   ✓ the paged door, recorded on main before Round 1105 touched the engine > a page that errors three times is a failed read: null, and the read stops there 1ms
   ✓ the paged door, recorded on main before Round 1105 touched the engine > a pool under the floor is a broken read: null 8ms
   ✓ the paged door, recorded on main before Round 1105 touched the engine > the engine source still carries the four strings scripts/simMlbGridPool.mjs needs, comments stripped 1ms
   ✓ the static door (Round 1105) > fetches each URL once, makes no table request, and indexes the same way the paged door does 20ms
   ✓ the static door (Round 1105) > two callers share one in flight request 1ms
   × the static door (Round 1105) > a URL that fails three attempts is null, is not asked again until the next call, and is then retried 9ms
     → expected null to deeply equal { ok: 1 }
   ✓ the static door (Round 1105) > a 200 with an HTML body, a 404 and a body of null are all failures: null 3ms
   ✓ the static door (Round 1105) > a body that parses but is refused by toRows is null, and the next call asks for each URL exactly once more 7ms
   ✓ the static door (Round 1105) > a static pool under the floor is null, and forgetStaticJson makes the next call ask again 16ms
   ✓ the static door (Round 1105) > withIds with no id column is still refused before anything is fetched 1ms
CGFAILCLOSED| board cg611-033: yes Jason Witten, no Darrell Green
 ✓ src/test/playerSearchLocal.test.ts (8 tests) 14ms
CGFAILCLOSED| decoder: 41 of 41 damaged pairs refused
   ✓ College Grid fail closed (Round 1105) > (a) the door: one fetch per key file and no read of the table 230ms
   ✓ College Grid fail closed (Round 1105) > (b) the key never arrives: the board is up at once, and a pick waits and is then unverified 10ms
   × College Grid fail closed (Round 1105) > (c) the key fails five ways: unverified each time, the next pick starts a new load, and a good load is judged 19ms
     → fetch throws: the pick started a new load: expected 6 to be greater than 6
   ✓ College Grid fail closed (Round 1105) > (d) the key lands 3 seconds after the pick: that pick is judged on the cell it was made for  371ms
   ✓ College Grid fail closed (Round 1105) > (e) the player leaves while a pick waits: the pick is dropped, nothing is written, nothing is said 100ms
   ✓ decodeCollegeKey: null on any doubt, never a row from a damaged file > the committed pair decodes to one row per player with the nine keys the judge entry reads 66ms
   ✓ decodeCollegeKey: null on any doubt, never a row from a damaged file > every one of 41 damaged pairs is null, and none of them throws  446ms
 ✓ src/test/collegeGridOffline.test.tsx (2 tests) 2512ms
   ✓ College Grid offline > (4a) a win bot fills 9 of 9 in 9 counted guesses on every board  1071ms
   ✓ College Grid offline > (4b) a loss bot that submits a definite no each time ends every board lost at 15  756ms
⎯⎯⎯⎯⎯⎯⎯ Failed Tests 2 ⎯⎯⎯⎯⎯⎯⎯
 FAIL  src/test/collegeGridFailClosed.test.tsx > College Grid fail closed (Round 1105) > (c) the key fails five ways: unverified each time, the next pick starts a new load, and a good load is judged
AssertionError: fetch throws: the pick started a new load: expected 6 to be greater than 6
 FAIL  src/test/gridEngineSource.test.ts > the static door (Round 1105) > a URL that fails three attempts is null, is not asked again until the next call, and is then retried
AssertionError: expected null to deeply equal { ok: 1 }
      Tests  2 failed | 30 passed (32)
::error file=/home/runner/work/ballpark-hero/ballpark-hero/src/test/collegeGridFailClosed.test.tsx,title=src/test/collegeGridFailClosed.test.tsx > College Grid fail closed (Round 1105) > (c) the key fails five ways%3A unverified each time%2C the next pick starts a new load%2C and a good load is judg
::error file=/home/runner/work/ballpark-hero/ballpark-hero/src/test/gridEngineSource.test.ts,title=src/test/gridEngineSource.test.ts > the static door (Round 1105) > a URL that fails three attempts is null%2C is not asked again until the next call%2C and is then retried,line=245,column=48::Assertion
