 ✓ src/test/gridEngineSource.test.ts (15 tests) 108ms
CGFAILCLOSED| board cg611-033: yes Jason Witten, no Darrell Green
 ✓ src/test/playerSearchLocal.test.ts (8 tests) 14ms
 ✓ src/test/collegeGridOffline.test.tsx (2 tests) 2141ms
   ✓ College Grid offline > (4a) a win bot fills 9 of 9 in 9 counted guesses on every board  865ms
   ✓ College Grid offline > (4b) a loss bot that submits a definite no each time ends every board lost at 15  690ms
CGFAILCLOSED| decoder: 41 of 41 damaged pairs refused
   ✓ College Grid fail closed (Round 1105) > (a) the door: one fetch per key file and no read of the table 251ms
   × College Grid fail closed (Round 1105) > (b) the key never arrives: the board is up at once, and a pick waits and is then unverified 120011ms
     → Test timed out in 120000ms.
   × College Grid fail closed (Round 1105) > (c) the key fails five ways: unverified each time, the next pick starts a new load, and a good load is judged 3ms
     → Cannot read properties of null (reading 'isLoading')
   × College Grid fail closed (Round 1105) > (d) the key lands 3 seconds after the pick: that pick is judged on the cell it was made for 3ms
     → Cannot read properties of null (reading 'setActiveCell')
   × College Grid fail closed (Round 1105) > (e) the player leaves while a pick waits: the pick is dropped, nothing is written, nothing is said 1ms
     → Cannot read properties of null (reading 'setActiveCell')
   ✓ decodeCollegeKey: null on any doubt, never a row from a damaged file > the committed pair decodes to one row per player with the nine keys the judge entry reads 42ms
   ✓ decodeCollegeKey: null on any doubt, never a row from a damaged file > every one of 41 damaged pairs is null, and none of them throws  464ms
⎯⎯⎯⎯⎯⎯⎯ Failed Tests 4 ⎯⎯⎯⎯⎯⎯⎯
 FAIL  src/test/collegeGridFailClosed.test.tsx > College Grid fail closed (Round 1105) > (b) the key never arrives: the board is up at once, and a pick waits and is then unverified
Error: Test timed out in 120000ms.
 FAIL  src/test/collegeGridFailClosed.test.tsx > College Grid fail closed (Round 1105) > (c) the key fails five ways: unverified each time, the next pick starts a new load, and a good load is judged
TypeError: Cannot read properties of null (reading 'isLoading')
 FAIL  src/test/collegeGridFailClosed.test.tsx > College Grid fail closed (Round 1105) > (d) the key lands 3 seconds after the pick: that pick is judged on the cell it was made for
TypeError: Cannot read properties of null (reading 'setActiveCell')
 FAIL  src/test/collegeGridFailClosed.test.tsx > College Grid fail closed (Round 1105) > (e) the player leaves while a pick waits: the pick is dropped, nothing is written, nothing is said
TypeError: Cannot read properties of null (reading 'setActiveCell')
      Tests  4 failed | 28 passed (32)
::error file=/home/runner/work/ballpark-hero/ballpark-hero/src/test/collegeGridFailClosed.test.tsx,title=src/test/collegeGridFailClosed.test.tsx > College Grid fail closed (Round 1105) > (b) the key never arrives%3A the board is up at once%2C and a pick waits and is then unverified,line=248,column=3
::error file=/home/runner/work/ballpark-hero/ballpark-hero/src/test/collegeGridFailClosed.test.tsx,title=src/test/collegeGridFailClosed.test.tsx > College Grid fail closed (Round 1105) > (c) the key fails five ways%3A unverified each time%2C the next pick starts a new load%2C and a good load is judg
::error file=/home/runner/work/ballpark-hero/ballpark-hero/src/test/collegeGridFailClosed.test.tsx,title=src/test/collegeGridFailClosed.test.tsx > College Grid fail closed (Round 1105) > (d) the key lands 3 seconds after the pick%3A that pick is judged on the cell it was made for,line=334,column=17:
::error file=/home/runner/work/ballpark-hero/ballpark-hero/src/test/collegeGridFailClosed.test.tsx,title=src/test/collegeGridFailClosed.test.tsx > College Grid fail closed (Round 1105) > (e) the player leaves while a pick waits%3A the pick is dropped%2C nothing is written%2C nothing is said,line=356
