 ✓ src/test/gridEngineSource.test.ts (15 tests) 133ms
CGFAILCLOSED| board cg611-033: yes Jason Witten, no Darrell Green
 ✓ src/test/playerSearchLocal.test.ts (8 tests) 15ms
CGFAILCLOSED| fail closed: 5 of 5 failure worlds left the pick unverified and judged it after the network healed
CGFAILCLOSED| decoder: 41 of 41 damaged pairs refused
   ✓ College Grid fail closed (Round 1105) > (a) the door: one fetch per key file and no read of the table 253ms
   ✓ College Grid fail closed (Round 1105) > (b) the key never arrives: the board is up at once, and a pick waits and is then unverified 10ms
   ✓ College Grid fail closed (Round 1105) > (c) the key fails five ways: unverified each time, the next pick starts a new load, and a good load is judged  778ms
   ✓ College Grid fail closed (Round 1105) > (d) the key lands 3 seconds after the pick: that pick is judged on the cell it was made for 207ms
   × College Grid fail closed (Round 1105) > (e) the player leaves while a pick waits: the pick is dropped, nothing is written, nothing is said 132ms
     → no guess was written after he left: expected '[["college-grid-daily-2026-10-08","{\…' to be '[]' // Object.is equality
   ✓ decodeCollegeKey: null on any doubt, never a row from a damaged file > the committed pair decodes to one row per player with the nine keys the judge entry reads 14ms
   ✓ decodeCollegeKey: null on any doubt, never a row from a damaged file > every one of 41 damaged pairs is null, and none of them throws  450ms
 ✓ src/test/collegeGridOffline.test.tsx (2 tests) 2521ms
   ✓ College Grid offline > (4a) a win bot fills 9 of 9 in 9 counted guesses on every board  1025ms
   ✓ College Grid offline > (4b) a loss bot that submits a definite no each time ends every board lost at 15  856ms
⎯⎯⎯⎯⎯⎯⎯ Failed Tests 1 ⎯⎯⎯⎯⎯⎯⎯
 FAIL  src/test/collegeGridFailClosed.test.tsx > College Grid fail closed (Round 1105) > (e) the player leaves while a pick waits: the pick is dropped, nothing is written, nothing is said
AssertionError: no guess was written after he left: expected '[["college-grid-daily-2026-10-08","{\…' to be '[]' // Object.is equality
      Tests  1 failed | 31 passed (32)
::error file=/home/runner/work/ballpark-hero/ballpark-hero/src/test/collegeGridFailClosed.test.tsx,title=src/test/collegeGridFailClosed.test.tsx > College Grid fail closed (Round 1105) > (e) the player leaves while a pick waits%3A the pick is dropped%2C nothing is written%2C nothing is said,line=365
