 ✓ src/test/gridEngineSource.test.ts (15 tests) 96ms
CGFAILCLOSED| board cg611-033: yes Jason Witten, no Darrell Green
 ✓ src/test/playerSearchLocal.test.ts (8 tests) 10ms
CGFAILCLOSED| decoder: 41 of 41 damaged pairs refused
   ✓ College Grid fail closed (Round 1105) > (a) the door: one fetch per key file and no read of the table 161ms
   ✓ College Grid fail closed (Round 1105) > (b) the key never arrives: the board is up at once, and a pick waits and is then unverified 10ms
   × College Grid fail closed (Round 1105) > (c) the key fails five ways: unverified each time, the next pick starts a new load, and a good load is judged 11ms
     → fetch throws: the pick started a new load: expected 6 to be greater than 6
   ✓ College Grid fail closed (Round 1105) > (d) the key lands 3 seconds after the pick: that pick is judged on the cell it was made for 272ms
   ✓ College Grid fail closed (Round 1105) > (e) the player leaves while a pick waits: the pick is dropped, nothing is written, nothing is said 98ms
   ✓ decodeCollegeKey: null on any doubt, never a row from a damaged file > the committed pair decodes to one row per player with the nine keys the judge entry reads 27ms
   ✓ decodeCollegeKey: null on any doubt, never a row from a damaged file > every one of 41 damaged pairs is null, and none of them throws  347ms
 ✓ src/test/collegeGridOffline.test.tsx (2 tests) 2048ms
   ✓ College Grid offline > (4a) a win bot fills 9 of 9 in 9 counted guesses on every board  927ms
   ✓ College Grid offline > (4b) a loss bot that submits a definite no each time ends every board lost at 15  574ms
⎯⎯⎯⎯⎯⎯⎯ Failed Tests 1 ⎯⎯⎯⎯⎯⎯⎯
 FAIL  src/test/collegeGridFailClosed.test.tsx > College Grid fail closed (Round 1105) > (c) the key fails five ways: unverified each time, the next pick starts a new load, and a good load is judged
AssertionError: fetch throws: the pick started a new load: expected 6 to be greater than 6
      Tests  1 failed | 31 passed (32)
::error file=/home/runner/work/ballpark-hero/ballpark-hero/src/test/collegeGridFailClosed.test.tsx,title=src/test/collegeGridFailClosed.test.tsx > College Grid fail closed (Round 1105) > (c) the key fails five ways%3A unverified each time%2C the next pick starts a new load%2C and a good load is judg
