simNbaAwardsSense: 6000 careers a seed, seeds 1, 2, 3, 4, 5
  seed 1: 114412 seasons, Hall 30.63% (first ballot 26.72%), MVPs 0.304 a career, All-NBA 1.948, my share 62.18%, 14s
  seed 2: 114495 seasons, Hall 31.08% (first ballot 27.18%), MVPs 0.323 a career, All-NBA 1.988, my share 61.85%, 25s
  seed 3: 114478 seasons, Hall 30.62% (first ballot 27.03%), MVPs 0.308 a career, All-NBA 1.996, my share 61.24%, 36s
  seed 4: 114595 seasons, Hall 30.78% (first ballot 26.8%), MVPs 0.302 a career, All-NBA 1.95, my share 61.8%, 47s
  seed 5: 114590 seasons, Hall 31.03% (first ballot 27.23%), MVPs 0.297 a career, All-NBA 1.964, my share 62.21%, 59s

The numbers (this tree, seed by seed, then main):
  Hall of Fame inducted, percent               30.63, 31.08, 30.62, 30.78, 31.03   | main 31.7, 31.88, 31.78, 31.75, 31.55
  first ballot, percent                        26.72, 27.18, 27.03, 26.8, 27.23   | main 27.03, 27.93, 27.83, 27.57, 27.45
  inducted, modern careers                     31.31, 31.47, 30.98, 30.78, 31.51   | main 31.56, 31.42, 31.93, 32.02, 31.09
  inducted, 2003-04 careers                    28.6, 29.93, 29.53, 30.8, 29.6   | main 32.13, 33.27, 31.33, 30.93, 32.93
  legacy score p50                             347, 355, 354, 353, 352   | main 363, 367, 367, 366, 365
  legacy score p90                             951, 981, 956, 937, 916   | main 917, 940, 928, 938, 918
  All-Star a career                            3.111, 3.165, 3.182, 3.125, 3.152   | main 0, 0, 0, 0, 0
  Rookie of the Year a career                  0.046, 0.045, 0.044, 0.05, 0.045   | main 0.026, 0.02, 0.018, 0.019, 0.025
  All-NBA a career                             1.948, 1.988, 1.996, 1.95, 1.964   | main 1.972, 2.006, 1.981, 1.987, 1.986
  MVP a career                                 0.304, 0.323, 0.308, 0.302, 0.297   | main 0.316, 0.323, 0.31, 0.313, 0.311
  Finals MVP a career                          0.148, 0.157, 0.166, 0.149, 0.144   | main 0.14, 0.159, 0.153, 0.15, 0.156
  Defensive Player of the Year a career        0.074, 0.076, 0.082, 0.079, 0.071   | main 0.076, 0.079, 0.077, 0.081, 0.081
  All-Defensive Team a career                  1.332, 1.333, 1.327, 1.347, 1.34   | main 1.342, 1.383, 1.357, 1.337, 1.361
  Scoring Champion a career                    0.16, 0.178, 0.172, 0.158, 0.147   | main 0.472, 0.485, 0.464, 0.453, 0.468
  Assists Leader a career                      0.045, 0.046, 0.042, 0.055, 0.054   | main 0.126, 0.128, 0.118, 0.119, 0.123
  Rebounding Champion a career                 0.101, 0.101, 0.104, 0.103, 0.113   | main 0.095, 0.095, 0.101, 0.105, 0.099
  Most Improved Player a career                0.173, 0.175, 0.17, 0.156, 0.168   | main 0.191, 0.192, 0.192, 0.193, 0.196
  Sixth Man of the Year a career               0.327, 0.32, 0.333, 0.332, 0.339   | main 0.316, 0.329, 0.338, 0.328, 0.359
  All-Rookie Team a career                     0.504, 0.517, 0.506, 0.526, 0.513   | main 0.089, 0.093, 0.098, 0.089, 0.091
  careers with an MVP, percent                 17.68, 18.37, 17.68, 17.37, 17.12   | main 16.22, 16.85, 16.27, 16.75, 16.68
  careers with an All-NBA, percent             61.8, 61.45, 62.25, 62.15, 63.05   | main 59.07, 58.88, 58.6, 58.68, 58.93
  MVP seasons that missed the playoffs, percent 0, 0, 0, 0, 0   | main 28.35, 25.94, 26.68, 26.82, 27.28
  MVP seasons not All-NBA, percent             0, 0, 0, 0, 0   | main 8.66, 9.2, 8.34, 7.82, 8.36
  MVP and Most Improved together, percent      0, 0, 0, 0, 0   | main 24.97, 24.08, 23.4, 25.39, 23.9
  Rookie of the Year seasons                   275, 269, 264, 300, 272   | main 153, 118, 108, 114, 152
  of them on All-Rookie                        275, 269, 264, 300, 272   | main 0, 0, 0, 0, 0
  All-Rookie in a first season                 3024, 3102, 3037, 3158, 3075   | main 0, 0, 0, 0, 0
  my share of the head to head years           62.18, 61.85, 61.24, 61.8, 62.21   | main 62.33, 63.02, 62.3, 62.52, 62.8
  verdict disagrees with the printed lines     32.81, 32.43, 32.04, 32.75, 32.53   | main 0, 0, 0, 0, 0
  starter points / bench points / rookie starters 16.2, 16.2, 16.2, 16.2, 16.2   | main 19.7, 19.7, 19.7, 19.7, 19.7
    bench                                      7.4, 7.4, 7.5, 7.4, 7.4   | main 10.6, 10.6, 10.6, 10.6, 10.6
    rookie starters                            7.9, 7.9, 7.8, 7.9, 7.9   | main 13.9, 13.8, 13.7, 13.8, 13.8
  triple double seasons                        7, 18, 21, 20, 24   | main 216, 208, 219, 200, 225
  seasons at 16 points or more, percent        37.65, 37.58, 37.22, 37.4, 37.78   | main 59.83, 59.93, 59.83, 59.83, 60
  careers past 12,000 points, percent          94.42, 94.28, 94.37, 94.6, 94.7   | main 99.58, 99.72, 99.73, 99.5, 99.62
  careers past 25,000 points, percent          24.63, 25.32, 24.45, 24.47, 24.8   | main 54.25, 53.87, 54.33, 54.08, 54.05
  scoring and assists title together           7, 12, 21, 13, 10   | main 497, 474, 420, 462, 458
  SG and SF starter seasons at 8 assists, percent 1.004, 1.111, 1.263, 1.17, 1.107   | main 19.17, 18.676, 18.945, 18.904, 18.513
  gate ppg28, percent of qualified seasons     3.284, 3.458, 3.269, 3.181, 3.196   | main 6.788, 7.112, 6.71, 6.698, 6.787
  gate apg10, percent of qualified seasons     0.497, 0.492, 0.482, 0.566, 0.572   | main 5.228, 5.227, 5.193, 5.148, 5.397
  gate rpg11, percent of qualified seasons     3.525, 3.453, 3.4, 3.511, 3.671   | main 4.702, 4.787, 4.81, 4.821, 4.795
  gate rpg125big, percent of qualified seasons 3.919, 3.808, 3.951, 3.955, 4.207   | main 3.517, 3.596, 3.68, 3.695, 3.659
  gate jump6, percent of qualified seasons     9.932, 9.999, 9.98, 9.836, 9.931   | main 8.439, 8.316, 8.208, 8.313, 8.427
  gate ppg14, percent of qualified seasons     47.246, 47.22, 46.854, 47.144, 47.468   | main 70.328, 70.324, 70.116, 70.208, 70.252
  healthy starters rated 80-83: PG 15.5/3.8/5.6 | 15.5/3.8/5.7 | 15.6/3.8/5.7 | 15.4/3.8/5.6 | 15.5/3.8/5.6   SG 16.9/4.4/2.8 | 16.7/4.3/2.7 | 16.8/4.4/2.8 | 16.8/4.4/2.8 | 16.7/4.4/2.8   SF 15.4/5.7/3.7 | 15.4/5.7/3.7 | 15.3/5.7/3.7 | 15.5/5.7/3.8 | 15.3/5.7/3.7   PF 15.2/6.1/2.4 | 15.2/6.1/2.4 | 15.2/6.1/2.4 | 15.1/6.1/2.4 | 15.2/6.1/2.4   C 14.5/8.9/2.1 | 14.6/8.9/2.2 | 14.6/9/2.2 | 14.5/8.9/2.1 | 14.5/8.9/2.2
  healthy starters rated 88-91: PG 24.4/5/7.7 | 24/5/7.6 | 24.3/5/7.7 | 24/5/7.7 | 24/5/7.8   SG 25.6/5.8/4.1 | 25.6/5.8/4 | 25.6/5.7/4 | 25/5.8/4 | 25.7/5.8/4.1   SF 23.9/7.5/5.5 | 24.2/7.6/5.6 | 24.1/7.6/5.6 | 23.9/7.6/5.5 | 23.9/7.6/5.5   PF 22.8/8.3/3.3 | 22.9/8.3/3.3 | 22.9/8.3/3.3 | 22.9/8.3/3.2 | 23.1/8.4/3.3   C 21.9/12.2/3 | 21.9/12.1/3 | 21.9/12.2/3 | 21.7/12.1/3 | 21.8/12.2/3
  All-Defensive a career by archetype (seed 1): pointgod 0.15, scoringpg 0.015, pest 4.333, bucket 0, sniper 0.003, twoway 5.338, alpha 0.023, threed 2.873, pointforward 0.463, stretch4 0.08, bruiser 1.288, swiss 0.54, paintbeast 1.555, stretch 0.003, anchor 3.315
  my share by archetype (seed 1): pointgod 60.7, scoringpg 69.5, pest 60.8, bucket 68.9, sniper 58.9, twoway 60.4, alpha 73.7, threed 56, pointforward 70.1, stretch4 65.8, bruiser 65.4, swiss 64.4, paintbeast 59.3, stretch 51.7, anchor 46.9
  the field as the fleet lives it (mean, sd): PG 35.68/16.15 | 35.69/16.24 | 35.83/16.24 | 35.57/16.18 | 35.74/16.08   SG 33.99/15.53 | 34.03/15.61 | 33.67/15.55 | 33.74/15.3 | 33.84/15.33   SF 36.29/16.51 | 36.3/16.65 | 36.41/16.68 | 36.41/16.79 | 36.41/16.58   PF 33.44/14.61 | 33.47/14.66 | 33.27/14.72 | 33.1/14.6 | 33.28/14.71   C 34.54/15.26 | 34.61/15.27 | 34.4/15.3 | 34.8/15.2 | 34.93/15.42

The field, measured on the simNbaAwardsSense fleet (5 seed mean, era neutral, half a schedule or more):
    PG: { mean: 36.6, sd: 16.4 },   // seeds: 36.6/16.4 36.6/16.5 36.7/16.5 36.5/16.5 36.7/16.3
    SG: { mean: 34.7, sd: 15.7 },   // seeds: 34.8/15.8 34.9/15.9 34.5/15.8 34.6/15.6 34.7/15.6
    SF: { mean: 37.2, sd: 16.9 },   // seeds: 37.1/16.8 37.2/16.9 37.3/17.0 37.3/17.1 37.3/16.8
    PF: { mean: 34.1, sd: 14.9 },   // seeds: 34.2/14.8 34.2/14.9 34.1/15.0 33.9/14.9 34.0/14.9
    C: { mean: 35.4, sd: 15.5 },   // seeds: 35.3/15.5 35.4/15.6 35.1/15.5 35.6/15.5 35.7/15.7
The gates at main's percentile: rebounds for Defensive Player 10.3, 10.3, 10.3, 10.3, 10.4 (was 11, 4.78% pass); the jump for Most Improved 6.5, 6.5, 6.5, 6.5, 6.5 (was 6, 8.34%); points for Sixth Man 9.3, 9.4, 9.3, 9.3, 9.4 (was 14, 70.25%)
The grade that holds main's rate on this fleet's own field (worked out from every season's z, not drawn):
    Finals MVP           main 0.152 a career, grade 0.05

NBA_FIELD, measured on the simNbaAwardsSense fleet (5 seed mean, era neutral, half a season or more):
  mvp: { PG: [32.76, 11.25], SG: [31.88, 10.91], SF: [33.56, 11.61], PF: [31.64, 10.48], C: [32.76, 10.97] },
  defense: { PG: [3.01, 1.07], SG: [3.31, 1.29], SF: [4.06, 1.40], PF: [4.04, 1.43], C: [5.55, 2.09] },
  production: { PG: [22.99, 10.30], SG: [22.01, 9.94], SF: [23.69, 10.70], PF: [21.86, 9.50], C: [23.00, 10.03] },
  bench: [7.63, 3.32],
  jump: [-0.01, 7.04],
  fans: [61.57, 24.38],
The grade that puts each award on its target, on this fleet's own field (worked out, not drawn; committed grade in brackets):
    All-NBA        main 1.986 a career: -0.13 [-0.13]
    MVP            main 0.315 a career, at that All-NBA grade: -0.34 [-0.33]
    All-Defensive  main 1.356 a career: 0.20 [0.2]
    All-Star       1.6 times main's All-NBA (24 picks against 15), 3.178 a career: -0.18 [-0.18]
    Rookies        twice main's Rookie of the Year, 0.043 a career: -2.36 [-2.39]; All-Rookie at that grade 0.508 a career
    Defensive Player  main 0.079 a career, at that All-Defensive grade: 0.23 [0.24]
    Sixth Man      main 0.334 a career: -0.64 [-0.64]
    Most Improved  main 0.193 a career: -0.18 [-0.17]
    at the committed grades the fit expects: All-NBA 1.977, MVP 0.308, All-Defensive 1.347, All-Star 3.172, Rookie of the Year 0.047

Sections:
  ok   [E] PG: the committed field 36.8/16.4 against the fleet 36.6/16.4 36.6/16.5 36.7/16.5 36.5/16.5 36.7/16.3 (mean off by at most 0.019 sd, limit 0.08; sd off by at most 0.7 percent, limit 6)
  ok   [E] SG: the committed field 34.9/15.6 against the fleet 34.8/15.8 34.9/15.9 34.5/15.8 34.6/15.6 34.7/15.6 (mean off by at most 0.025 sd, limit 0.08; sd off by at most 2.1 percent, limit 6)
  ok   [E] SF: the committed field 37.4/16.8 against the fleet 37.1/16.8 37.2/16.9 37.3/17.0 37.3/17.1 37.3/16.8 (mean off by at most 0.015 sd, limit 0.08; sd off by at most 1.5 percent, limit 6)
  ok   [E] PF: the committed field 34.3/14.9 against the fleet 34.2/14.8 34.2/14.9 34.1/15.0 33.9/14.9 34.0/14.9 (mean off by at most 0.028 sd, limit 0.08; sd off by at most 0.5 percent, limit 6)
  ok   [E] C: the committed field 35.7/15.5 against the fleet 35.3/15.5 35.4/15.6 35.1/15.5 35.6/15.5 35.7/15.7 (mean off by at most 0.036 sd, limit 0.08; sd off by at most 1.1 percent, limit 6)
  A reads the lines the engine saved; healthy starters of modern careers: 62893, 62855, 62081, 62899, 62811
  ok   [A1] PG mpg: median 31.3, 31.2, 31.3, 31.2, 31.3 inside the real starters' 23.9 to 37.9 (p25 28.5, p75 33.2, partial key, 15 percent of the median wider); 47 percent of the band from the nearer edge
  ok   [A1] PG pts: median 16.2, 16.2, 16.3, 16.1, 16.2 inside the real starters' 11.7 to 26.2 (p25 14.3, p75 23.6, partial key, 15 percent of the median wider); 31 percent of the band from the nearer edge
  ok   [A1] PG reb: median 3.9, 3.9, 3.9, 3.9, 3.9 inside the real starters' 2.7 to 5.2 (p25 3.3, p75 4.6, partial key, 15 percent of the median wider); 48 percent of the band from the nearer edge
  ok   [A1] PG ast: median 5.8, 5.7, 5.8, 5.7, 5.7 inside the real starters' 4.3 to 8.0 (p25 5.2, p75 7.1, partial key, 15 percent of the median wider); 39 percent of the band from the nearer edge
  ok   [A1] PG stl: median 1.3, 1.3, 1.2, 1.2, 1.2 inside the real starters' 0.8 to 1.6 (p25 1, p75 1.4, partial key, 15 percent of the median wider); 45 percent of the band from the nearer edge
  ok   [A1] PG blk: median 0.2, 0.2, 0.2, 0.2, 0.2 inside the real starters' 0.2 to 0.5 (p25 0.2, p75 0.5, partial key, 15 percent of the median wider); 12 percent of the band from the nearer edge
  ok   [A1] SG mpg: median 31.3, 31.3, 31.3, 31.3, 31.3 inside the real starters' 22.1 to 37.8 (p25 26.5, p75 33.4, partial key, 15 percent of the median wider); 41 percent of the band from the nearer edge
  ok   [A1] SG pts: median 17.7, 17.6, 17.6, 17.7, 17.7 inside the real starters' 9.9 to 21.1 (p25 11.8, p75 19.2, partial key, 15 percent of the median wider); 31 percent of the band from the nearer edge
  ok   [A1] SG reb: median 4.4, 4.4, 4.4, 4.4, 4.4 inside the real starters' 2.6 to 5.3 (p25 3.2, p75 4.7, partial key, 15 percent of the median wider); 33 percent of the band from the nearer edge
  ok   [A1] SG ast: median 2.9, 2.9, 2.9, 2.9, 2.9 inside the real starters' 1.7 to 4.2 (p25 2.1, p75 3.8, partial key, 15 percent of the median wider); 48 percent of the band from the nearer edge
  ok   [A1] SG stl: median 1.1, 1.1, 1.1, 1.1, 1.1 inside the real starters' 0.5 to 1.5 (p25 0.7, p75 1.3, partial key, 15 percent of the median wider); 39 percent of the band from the nearer edge
  ok   [A1] SG blk: median 0.4, 0.3, 0.4, 0.4, 0.4 inside the real starters' 0.2 to 0.6 (p25 0.3, p75 0.5, partial key, 15 percent of the median wider); 44 percent of the band from the nearer edge
  ok   [A1] SF mpg: median 31.5, 31.5, 31.4, 31.6, 31.5 inside the real starters' 23.9 to 37.2 (p25 28.4, p75 32.7, partial key, 15 percent of the median wider); 43 percent of the band from the nearer edge
  ok   [A1] SF pts: median 16.8, 16.7, 16.6, 16.9, 16.7 inside the real starters' 9.0 to 23.3 (p25 11.3, p75 21, partial key, 15 percent of the median wider); 46 percent of the band from the nearer edge
  ok   [A1] SF reb: median 6.0, 5.9, 5.9, 6.0, 5.9 inside the real starters' 3.1 to 6.6 (p25 3.9, p75 5.8, partial key, 15 percent of the median wider); 18 percent of the band from the nearer edge
  ok   [A1] SF ast: median 3.8, 3.8, 3.8, 3.9, 3.8 inside the real starters' 1.5 to 4.8 (p25 2, p75 4.3, partial key, 15 percent of the median wider); 29 percent of the band from the nearer edge
  ok   [A1] SF stl: median 1.1, 1.1, 1.1, 1.1, 1.1 inside the real starters' 0.7 to 1.3 (p25 0.8, p75 1.2, partial key, 15 percent of the median wider); 36 percent of the band from the nearer edge
  ok   [A1] SF blk: median 0.4, 0.4, 0.4, 0.4, 0.4 inside the real starters' 0.2 to 0.8 (p25 0.3, p75 0.7, partial key, 15 percent of the median wider); 32 percent of the band from the nearer edge
  ok   [A1] PF mpg: median 31.3, 31.2, 31.3, 31.1, 31.2 inside the real starters' 22.6 to 37.6 (p25 27.1, p75 33.1, partial key, 15 percent of the median wider); 42 percent of the band from the nearer edge
  ok   [A1] PF pts: median 16.2, 16.1, 16.2, 15.8, 16.1 inside the real starters' 9.8 to 20.4 (p25 12, p75 18.2, partial key, 15 percent of the median wider); 41 percent of the band from the nearer edge
  ok   [A1] PF reb: median 6.3, 6.2, 6.3, 6.2, 6.2 inside the real starters' 3.6 to 7.6 (p25 4.4, p75 6.8, partial key, 15 percent of the median wider); 34 percent of the band from the nearer edge
  ok   [A1] PF ast: median 2.4, 2.4, 2.4, 2.4, 2.4 inside the real starters' 1.4 to 3.8 (p25 1.8, p75 3.4, partial key, 15 percent of the median wider); 41 percent of the band from the nearer edge
  ok   [A1] PF stl: median 0.7, 0.7, 0.7, 0.7, 0.7 inside the real starters' 0.6 to 1.2 (p25 0.7, p75 1.1, partial key, 15 percent of the median wider); 20 percent of the band from the nearer edge
  ok   [A1] PF blk: median 0.7, 0.7, 0.7, 0.7, 0.7 inside the real starters' 0.3 to 0.9 (p25 0.4, p75 0.8, partial key, 15 percent of the median wider); 32 percent of the band from the nearer edge
  ok   [A1] C mpg: median 31.1, 31.0, 31.1, 31.0, 31.1 inside the real starters' 20.9 to 34.2 (p25 25, p75 30.1, partial key, 15 percent of the median wider); 24 percent of the band from the nearer edge
  ok   [A1] C pts: median 15.0, 14.9, 15.0, 14.9, 15.1 inside the real starters' 9.1 to 18.1 (p25 10.9, p75 16.3, partial key, 15 percent of the median wider); 35 percent of the band from the nearer edge
  ok   [A1] C reb: median 8.9, 8.9, 8.9, 8.9, 9.0 inside the real starters' 5.9 to 11.2 (p25 7.1, p75 10, partial key, 15 percent of the median wider); 43 percent of the band from the nearer edge
  ok   [A1] C ast: median 2.2, 2.2, 2.2, 2.2, 2.2 inside the real starters' 1.4 to 3.4 (p25 1.7, p75 3.1, partial key, 15 percent of the median wider); 40 percent of the band from the nearer edge
  ok   [A1] C stl: median 0.8, 0.8, 0.8, 0.8, 0.8 inside the real starters' 0.6 to 1.1 (p25 0.7, p75 1, partial key, 15 percent of the median wider); 41 percent of the band from the nearer edge
  ok   [A1] C blk: median 1.0, 1.0, 1.0, 1.0, 1.0 inside the real starters' 0.6 to 1.4 (p25 0.7, p75 1.3, partial key, 15 percent of the median wider); 50 percent of the band from the nearer edge
  note [A1 2003, printed] PG: mpg 31.3 in 25.2..41.7 (37% in); pts 13.1 in 8.4..19.0 (44% in); reb 3.7 in 2.4..4.6 (41% in); ast 4.6 in 4.2..7.7 (11% in); stl 1.2 in 0.9..1.8 (33% in); blk 0.2 in 0.1..0.3 (50% in)
  note [A1 2003, printed] SG: mpg 31.3 in 27.4..43.8 (24% in); pts 14.2 in 11.0..23.5 (26% in); reb 4.2 in 2.9..5.7 (46% in); ast 2.3 in 1.9..5.3 (11% in); stl 1.0 in 0.9..1.7 (12% in); blk 0.4 in 0.1..0.6 (38% in)
  note [A1 2003, printed] SF: mpg 31.5 in 23.9..41.8 (43% in); pts 13.6 in 8.1..19.9 (46% in); reb 5.7 in 3.2..6.6 (26% in); ast 3.1 in 1.5..3.3 (15% in); stl 1.0 in 0.8..1.3 (46% in); blk 0.5 in 0.2..0.5 (12% in)
  note [A1 2003, printed] PF: mpg 31.2 in 26.6..41.7 (31% in); pts 13.0 in 9.5..19.6 (35% in); reb 6.0 in 6.0..11.3 (OUT); ast 1.9 in 1.2..3.5 (31% in); stl 0.7 in 0.7..1.2 (6% in); blk 0.7 in 0.4..1.8 (20% in)
  note [A1 2003, printed] C: mpg 31.0 in 20.8..36.6 (35% in); pts 12.1 in 5.4..12.3 (4% in); reb 8.6 in 5.1..9.7 (24% in); ast 1.7 in 0.7..1.9 (11% in); stl 0.7 in 0.4..0.9 (40% in); blk 1.1 in 0.7..2.2 (27% in)
  note [A1 2003, printed] 1 of 30 cells outside the 2003-04 quartiles (not judged: the lead sets how many may miss)
  ok   [A1] the 2003 line over the 2026 line is the league rows' ratio within 2 percent: ppg 0.810 against 0.808, rpg 0.963 against 0.963, apg 0.797 against 0.798, spg 0.938 against 0.940, bpg 1.075 against 1.063
  ok   [A2] the p99 starter season in pts: 33.1, 33.4, 33.5, 33.1, 33.1, mean 33.24, at or under the league leaders' mean plus one sd (32.8 + 1.7)
  ok   [A2] the p99 starter season in reb: 13.6, 13.5, 13.7, 13.6, 13.7, mean 13.62, at or under the league leaders' mean plus one sd (14.3 + 1.1)
  ok   [A2] the p99 starter season in ast: 9.6, 9.6, 9.7, 9.8, 9.8, mean 9.70, at or under the league leaders' mean plus one sd (10.9 + 0.5)
  ok   [A3] rookies rated 75 to 79 average 8.0, 8.0, 7.9, 8.0, 8.0 points (7.5 to 11.5); starters 9.6, 9.4, 9.4, 9.4, 9.5, bench 5.7, 5.7, 5.8, 5.8, 5.8; 1666, 1637, 1645, 1620, 1627 seasons
  ok   [A3] SG and SF starter seasons at 8 assists or more: 1.19, 1.37, 1.47, 1.39, 1.26 percent of theirs (under 2; main about 19)
  ok   [A3] bench seasons score 46, 46, 46, 46, 46 percent of starters' (36 to 56): 7.6, 7.6, 7.7, 7.6, 7.7 points in 17.1, 17.0, 17.1, 17.1, 17.1 minutes
  ok   [A3] every new season's points have one decimal, and 90, 90, 90, 90, 90 percent of them a non zero one (at least 10)
  ok   [A3] seasons holding both the scoring and the assists title: 7, 12, 21, 13, 10, 63 in 30000 careers (under 1 in 250 careers; main 497, 474, 420, 462, 458, 1 in 13)
  note [A3] 30 points a game: 2.83, 3.04, 2.95, 2.73, 2.83 percent of starter seasons; 10 assists: 0.79, 0.76, 0.78, 0.90, 0.88; triple double seasons in the fleet: 6, 18, 20, 20, 22
  ok   [A3] triple double seasons in thirty elite careers a seed: 8, 7, 5, 9, 7, 36 in all (at least 2 a seed on average, so the badge stays reachable)
  note [A] medians, every role, half a season or more (points/rebounds/assists): PG 13.8/3.4/5  SG 15/3.9/2.5  SF 14.2/5.3/3.3  PF 13.8/5.6/2.1  C 12.5/7.8/1.9
  ok   [A4] PG: mean points rise with every rating band (seed 1: 72-75 9.0/2.6/3.5 in 26.1, 76-79 12.1/3.2/4.6 in 28.4, 80-83 16.0/3.8/5.8 in 31.0, 84-87 20.0/4.4/6.9 in 32.8, 88-91 24.9/5.0/7.9 in 34.6, 92-95 28.3/5.6/9.1 in 36.0)
  ok   [A4] SG: mean points rise with every rating band (seed 1: 72-75 9.8/3.0/1.7 in 26.0, 76-79 13.1/3.6/2.2 in 28.3, 80-83 17.4/4.4/2.9 in 31.0, 84-87 21.6/5.1/3.5 in 32.9, 88-91 26.3/5.8/4.2 in 34.6, 92-95 30.9/6.2/4.8 in 36.0)
  ok   [A4] SF: mean points rise with every rating band (seed 1: 72-75 8.9/3.9/2.2 in 25.9, 76-79 11.9/4.7/3.0 in 28.2, 80-83 15.9/5.7/3.8 in 31.0, 84-87 20.1/6.7/4.7 in 32.9, 88-91 24.6/7.6/5.7 in 34.6, 92-95 28.7/8.4/6.3 in 36.1)
  ok   [A4] PF: mean points rise with every rating band (seed 1: 72-75 9.0/4.2/1.5 in 25.9, 76-79 11.9/5.1/1.9 in 28.3, 80-83 15.6/6.2/2.5 in 30.9, 84-87 19.5/7.2/3.0 in 32.8, 88-91 23.5/8.3/3.4 in 34.5)
  ok   [A4] C: mean points rise with every rating band (seed 1: 72-75 8.7/6.1/1.4 in 26.1, 76-79 11.4/7.4/1.7 in 28.3, 80-83 15.0/9.0/2.2 in 30.9, 84-87 18.8/10.6/2.7 in 32.9, 88-91 22.6/12.3/3.1 in 34.6)
  ok   [A5] nbaStatLineFor draws exactly 7 times for a starter, a backup, a rookie and a playoff line (7, 7, 7, 7)
  ok   [A5] the same input and seed give the same line, and the input is left untouched
  FAIL [R] my share of the head to head years, percent: mean 61.856 (62.18, 61.85, 61.24, 61.8, 62.21) against main's 62.594 (62.33, 63.02, 62.3, 62.52, 62.8), 0.738 apart, allowed 0.67 (three standard errors at 6000 careers a seed)
  ok   [H] Hall of Fame inducted, percent: mean 30.828 (30.63, 31.08, 30.62, 30.78, 31.03) against main's 31.732 (31.7, 31.88, 31.78, 31.75, 31.55), 0.904 apart, allowed 1.14 (three standard errors at 6000 careers a seed)
  ok   [H] first ballot, percent: mean 26.992 (26.72, 27.18, 27.03, 26.8, 27.23) against main's 27.562 (27.03, 27.93, 27.83, 27.57, 27.45), 0.57 apart, allowed 1.094 (three standard errors at 6000 careers a seed)
  ok   [B6] MVPs a career (sd over careers 0.824): mean 0.307 (0.304, 0.323, 0.308, 0.302, 0.297) against main's 0.315 (0.316, 0.323, 0.31, 0.313, 0.311), 0.008 apart, allowed 0.02 (three standard errors at 6000 careers a seed)
  ok   [B6] All-NBA a career (sd over careers 2.367): mean 1.969 (1.948, 1.988, 1.996, 1.95, 1.964) against main's 1.986 (1.972, 2.006, 1.981, 1.987, 1.986), 0.017 apart, allowed 0.058 (three standard errors at 6000 careers a seed)
  ok   [B6] All-Defensive a career (sd over careers 2.413): mean 1.336 (1.332, 1.333, 1.327, 1.347, 1.34) against main's 1.356 (1.342, 1.383, 1.357, 1.337, 1.361), 0.02 apart, allowed 0.059 (three standard errors at 6000 careers a seed)
  ok   [B6] Finals MVPs a career (sd over careers 0.459): mean 0.153 (0.148, 0.157, 0.166, 0.149, 0.144) against main's 0.152 (0.14, 0.159, 0.153, 0.15, 0.156), 0.001 apart, allowed 0.015 (three standard errors at 6000 careers a seed)
  ok   [B6] careers with an MVP, percent (main 16.22, 16.85, 16.27, 16.75, 16.68: the same awards a career, spread over more careers): mean 17.644 (17.68, 18.37, 17.68, 17.37, 17.12) against what Round 1103 shipped, 17.442 (17.18, 17.07, 17.73, 17.7, 17.53), 0.202 apart, allowed 0.93 (three standard errors at 6000 careers a seed)
  ok   [B6] careers with an All-NBA, percent (main 59.07, 58.88, 58.6, 58.68, 58.93: the same awards a career, spread over more careers): mean 62.14 (61.8, 61.45, 62.25, 62.15, 63.05) against what Round 1103 shipped, 61.94 (61.7, 60.98, 62.35, 62.47, 62.2), 0.2 apart, allowed 1.189 (three standard errors at 6000 careers a seed)
  ok   [B0] every award string agrees with the key that names its team (0 seasons off), every Defensive Player is on an All-Defensive team (0 off), every season has a club record that adds up to its length (0 without)
  ok   [B1] MVP seasons: 9210 in the run (at least 300, or the checks on them are empty)
  ok   [B1] Most Improved seasons: 5048 in the run (at least 100, or the checks on them are empty)
  ok   [B1] MVP seasons on a club that missed the playoffs: 0, 0, 0, 0, 0 of 1825, 1937, 1850, 1814, 1784 (main: one in four)
  ok   [B1] MVP seasons off the All-NBA First Team: 0, 0, 0, 0, 0 (main: one in eleven not All-NBA at all)
  ok   [B1] MVP and Most Improved in one season: 0, 0, 0, 0, 0 (main: one MVP season in four)
  ok   [B1] Most Improved after an earlier All-NBA: 0, 0, 0, 0, 0 of 1036, 1050, 1018, 934, 1010
  ok   [B2] Rookie of the Year seasons: 1380 in the run (at least 60, or the checks on them are empty)
  ok   [B2] Rookie of the Year seasons off the All-Rookie First Team: 0, 0, 0, 0, 0 of 275, 269, 264, 300, 272 (main: every one)
  ok   [B2] All-Rookie outside a first season: 0, 0, 0, 0, 0
  ok   [B2] All-Rookie selections in first seasons: 3024, 3102, 3037, 3158, 3075 (main: none)
  ok   [B3] seasons from 2023-24 with an award the games rule names: 64740 in the run (at least 2000, or the checks on them are empty)
  ok   [B3] from 2023-24, seasons under the games bar holding an award the rule names: 0, 0, 0, 0, 0 of 13038, 12970, 12927, 12788, 13017
  ok   [B3] before 2023-24 the rule did not exist: 433, 428, 435, 453, 402 seasons under 65 games hold one of those awards (at least 1750 in the run, so "none before" is seen to fire)
  ok   [B3] Sixth Man seasons: 9907 in the run (at least 100, or the checks on them are empty)
  ok   [B3] Sixth Man seasons by a starter: 0, 0, 0, 0, 0 of 1962, 1921, 1995, 1993, 2036
  ok   [B3] seasons under half a schedule holding any award but a Finals MVP: 0, 0, 0, 0, 0
  ok   [B4] All-NBA seasons without an All-Star selection: 0, 0, 0, 0, 0
  ok   [B4] All-Star selections a career over All-NBA: 1.60, 1.59, 1.59, 1.60, 1.60, mean 1.60 (1.25 to 2.4; 24 picks against 15 is 1.6); 3.111, 3.165, 3.182, 3.125, 3.152 All-Star a career, 4782, 4989, 5016, 4900, 5000 of them starters
  ok   [B5] All-Defensive a career: every defender above every scorer (the lowest defender, threed, 2.88; the highest scorer, stretch4, 0.06)
  ok   [B5] the defenders' mean is 198.0 times the scorers' (at least 3; main: a tenth of it, the wrong way round): pest 4.29, twoway 5.36, threed 2.88, anchor 3.24, scoringpg 0.02, bucket 0.00, sniper 0.00, alpha 0.03, stretch4 0.06, stretch 0.00
  ok   [B6] Rookie of the Year a career: 0.046, 0.045, 0.044, 0.05, 0.045, mean 0.046 (between main's 0.022 and three times it)
  ok   [B6] Scoring Champion a career: 0.16, 0.178, 0.172, 0.158, 0.147 (main 0.468; it moves by design, judged as above zero)
  ok   [B6] Assists Leader a career: 0.045, 0.046, 0.042, 0.055, 0.054 (main 0.123; it moves by design, judged as above zero)
  ok   [B6] Rebounding Champion a career: 0.101, 0.101, 0.104, 0.103, 0.113 (main 0.099; it moves by design, judged as above zero)
  ok   [B6] Sixth Man of the Year a career: 0.327, 0.32, 0.333, 0.332, 0.339 (main 0.334; it moves by design, judged as above zero)
  ok   [B6] Most Improved Player a career: 0.173, 0.175, 0.17, 0.156, 0.168 (main 0.193; it moves by design, judged as above zero)
  ok   [B6] Defensive Player of the Year a career: 0.074, 0.076, 0.082, 0.079, 0.071 (main 0.079; it moves by design, judged as above zero)
  ok   [B6] All-Rookie Team a career: 0.504, 0.517, 0.506, 0.526, 0.513 (main 0.092; it moves by design, judged as above zero)
  ok   [B7] decideNbaAwards draws exactly 9 times for a rookie, a bench player, a short season and a season before 2023 (9, 9, 9, 9)
  ok   [B7] the same input and seed give the same awards, and the input is left untouched
  ok   [E] NBA_FIELD mvp PG: committed 32.92/11.23 against the fleet 32.71/11.29 32.77/11.25 32.86/11.28 32.71/11.25 32.76/11.19 (mean off by at most 0.019 sd, limit 0.08; sd off by at most 0.6 percent, limit 6)
  ok   [E] NBA_FIELD mvp SG: committed 31.95/10.85 against the fleet 31.93/10.98 32.03/11.07 31.79/10.95 31.79/10.75 31.83/10.78 (mean off by at most 0.015 sd, limit 0.08; sd off by at most 2.0 percent, limit 6)
  ok   [E] NBA_FIELD mvp SF: committed 33.67/11.54 against the fleet 33.54/11.55 33.56/11.63 33.50/11.69 33.69/11.65 33.54/11.53 (mean off by at most 0.015 sd, limit 0.08; sd off by at most 1.3 percent, limit 6)
  ok   [E] NBA_FIELD mvp PF: committed 31.75/10.35 against the fleet 31.69/10.37 31.73/10.51 31.76/10.57 31.44/10.45 31.60/10.52 (mean off by at most 0.030 sd, limit 0.08; sd off by at most 2.1 percent, limit 6)
  ok   [E] NBA_FIELD mvp C: committed 32.93/10.95 against the fleet 32.64/10.92 32.69/10.98 32.69/11.00 32.76/10.91 33.01/11.05 (mean off by at most 0.026 sd, limit 0.08; sd off by at most 0.9 percent, limit 6)
  ok   [E] NBA_FIELD defense PG: committed 3.02/1.06 against the fleet 3.01/1.07 3.01/1.08 3.01/1.07 3.00/1.06 3.01/1.06 (mean off by at most 0.023 sd, limit 0.08; sd off by at most 1.9 percent, limit 6)
  ok   [E] NBA_FIELD defense SG: committed 3.34/1.28 against the fleet 3.32/1.29 3.32/1.29 3.29/1.29 3.31/1.30 3.31/1.29 (mean off by at most 0.035 sd, limit 0.08; sd off by at most 1.5 percent, limit 6)
  ok   [E] NBA_FIELD defense SF: committed 4.08/1.38 against the fleet 4.05/1.40 4.06/1.39 4.07/1.40 4.06/1.41 4.07/1.38 (mean off by at most 0.018 sd, limit 0.08; sd off by at most 2.5 percent, limit 6)
  ok   [E] NBA_FIELD defense PF: committed 4.05/1.41 against the fleet 4.06/1.43 4.05/1.42 4.03/1.44 4.03/1.43 4.04/1.43 (mean off by at most 0.017 sd, limit 0.08; sd off by at most 2.4 percent, limit 6)
  ok   [E] NBA_FIELD defense C: committed 5.59/2.08 against the fleet 5.54/2.09 5.55/2.07 5.51/2.09 5.58/2.07 5.59/2.11 (mean off by at most 0.037 sd, limit 0.08; sd off by at most 1.3 percent, limit 6)
  ok   [E] NBA_FIELD production PG: committed 23.1/10.29 against the fleet 22.96/10.26 22.97/10.35 23.07/10.34 22.90/10.30 23.01/10.23 (mean off by at most 0.019 sd, limit 0.08; sd off by at most 0.6 percent, limit 6)
  ok   [E] NBA_FIELD production SG: committed 22.15/9.87 against the fleet 22.09/9.98 22.14/10.05 21.89/10.00 21.94/9.83 22.00/9.84 (mean off by at most 0.026 sd, limit 0.08; sd off by at most 1.8 percent, limit 6)
  ok   [E] NBA_FIELD production SF: committed 23.8/10.59 against the fleet 23.65/10.62 23.65/10.71 23.73/10.72 23.72/10.79 23.72/10.65 (mean off by at most 0.014 sd, limit 0.08; sd off by at most 1.9 percent, limit 6)
  ok   [E] NBA_FIELD production PF: committed 21.9/9.39 against the fleet 21.94/9.47 21.95/9.49 21.84/9.56 21.73/9.48 21.83/9.53 (mean off by at most 0.019 sd, limit 0.08; sd off by at most 1.8 percent, limit 6)
  ok   [E] NBA_FIELD production C: committed 23.15/10.01 against the fleet 22.92/9.99 22.98/10.03 22.82/10.03 23.10/9.99 23.18/10.11 (mean off by at most 0.033 sd, limit 0.08; sd off by at most 1.0 percent, limit 6)
  ok   [E] NBA_FIELD bench: committed 7.71/3.3 against the fleet 7.61/3.30 7.63/3.30 7.66/3.31 7.62/3.32 7.63/3.34 (mean off by at most 0.032 sd, limit 0.08; sd off by at most 1.2 percent, limit 6)
  ok   [E] NBA_FIELD jump: committed -0.01/7.09 against the fleet -0.01/7.03 -0.01/7.06 -0.01/7.05 -0.01/7.02 -0.01/7.04 (mean off by at most 0.001 sd, limit 0.08; sd off by at most 1.0 percent, limit 6)
  ok   [E] NBA_FIELD fans: committed 61.81/24.35 against the fleet 61.37/24.38 61.54/24.35 61.68/24.56 61.62/24.33 61.67/24.30 (mean off by at most 0.018 sd, limit 0.08; sd off by at most 0.9 percent, limit 6)
  ok   [D] nbaSeasonStats.ts and nbaCareerAwards.ts both import from ./awardDecision (comments stripped)
  ok   [D] nbaSeasonStats.ts no longer adds points and rebounds a game itself
  ok   [D] the career's MVP win weight (20) is NBA Front Office's (20)
  ok   [D] NBA Front Office ranks the winner over the better producer on the worst club (true), and stops when the shared score loses its winning term (true)
  ok   [D] the career's MVPs over 400 careers change with the same swap (116 against 3)
  ok   [F] the worked example recomputed through the shared score: production 38.8 (printed 38.8), winning share 0.659 (printed .659), weight 20, total 52.0 (printed 52.0)
  ok   [F] the example's 54-28 club is a playoff club by the engine's record bands (41 to 67 wins) and its 34-48 club is not (17 to 40)
  ok   [F] the help says 65 games and 24 All-Star picks; the rules say 65 and 24
  ok   [F] the page says the Trophy Case holds 23 badges; NBA_BADGES has 23
  ok   [F] the page hands the award rules to its "?"
  ok   [F] no em or en dash in the help rules
  note [F] the guide for /nba-my-career still says, and its owner owes the change: "62 games", "21 of them", "Each of the 21 badges"
  note [C] other sports: not judged in a plain run (SENSE_PROVE_OTHERS=1 judges the hashes)
  note [C, printed for the legacy recalibration round] NFL: 2 seasons won MVP over 100 careers; 0 of them (0.0 percent) on a club that missed the playoffs, 1 (50.0 percent) without that season's All-Pro
  note [C, printed for the legacy recalibration round] MLB: 3 seasons won MVP or Cy Young over 100 careers; 2 of them (66.7 percent) on a club that missed the playoffs, 0 (0.0 percent) without that season's All-Star
  note [C, printed for the legacy recalibration round] NHL: 10 seasons won Hart or Norris or Vezina over 100 careers; 4 of them (40.0 percent) on a club that missed the playoffs, 0 (0.0 percent) without that season's All-Star

red sections: R
simNbaAwardsSense: 121 checks, 1 failed (full size), 91s
