A  49 careers: every league of every era, and two created clubs
   FAIL New England Revolution (now, mlsEast) season 1 entry 16: Columbus Crew 19+0+0 on the book, 21 in the table
   FAIL New England Revolution (now, mlsEast) season 1 entry 16: FC Cincinnati 0+0+14 on the book, 16 in the table
   FAIL New England Revolution (now, mlsEast) season 1 entry 16: Charlotte FC 1+0+13 on the book, 16 in the table
   FAIL New England Revolution (now, mlsEast) season 1 entry 16: Chicago Fire 18+0+0 on the book, 21 in the table
   FAIL New England Revolution (now, mlsEast) season 1 entry 16: New York Red Bulls 14+0+0 on the book, 16 in the table
   FAIL New England Revolution (now, mlsEast) season 1 entry 16: Nashville SC 0+0+10 on the book, 11 in the table
   FAIL New England Revolution (now, mlsEast) season 1 entry 16: CF Montréal 2+0+14 on the book, 18 in the table
   FAIL New England Revolution (now, mlsEast) season 1 entry 16: New York City FC 18+1+0 on the book, 20 in the table
   FAIL New England Revolution (now, mlsEast) season 1 entry 16: Atlanta United 2+0+15 on the book, 18 in the table
   FAIL New England Revolution (now, mlsEast) season 1 entry 16: Toronto FC 0+0+20 on the book, 21 in the table
   FAIL New England Revolution (now, mlsEast) season 1 entry 17: Columbus Crew 19+0+0 on the book, 21 in the table
   FAIL New England Revolution (now, mlsEast) season 1 entry 17: FC Cincinnati 0+0+15 on the book, 17 in the table
   FAIL New England Revolution (now, mlsEast) season 1 entry 17: Charlotte FC 1+0+15 on the book, 18 in the table
   FAIL New England Revolution (now, mlsEast) season 1 entry 17: Chicago Fire 19+0+0 on the book, 22 in the table
   FAIL New England Revolution (now, mlsEast) season 1 entry 17: New York Red Bulls 15+1+0 on the book, 18 in the table
   FAIL New England Revolution (now, mlsEast) season 1 entry 17: Nashville SC 0+0+12 on the book, 13 in the table
   FAIL New England Revolution (now, mlsEast) season 1 entry 17: CF Montréal 2+0+17 on the book, 21 in the table
   FAIL New England Revolution (now, mlsEast) season 1 entry 17: New York City FC 19+1+0 on the book, 21 in the table
   FAIL New England Revolution (now, mlsEast) season 1 entry 17: Atlanta United 2+0+17 on the book, 20 in the table
   FAIL New England Revolution (now, mlsEast) season 1 entry 17: Toronto FC 0+0+21 on the book, 22 in the table
   FAIL New England Revolution (now, mlsEast) season 1 entry 18: Columbus Crew 19+0+0 on the book, 21 in the table
   FAIL New England Revolution (now, mlsEast) season 1 entry 18: FC Cincinnati 0+0+15 on the book, 17 in the table
   FAIL New England Revolution (now, mlsEast) season 1 entry 18: Charlotte FC 1+0+17 on the book, 20 in the table
   FAIL New England Revolution (now, mlsEast) season 1 entry 18: Chicago Fire 20+0+0 on the book, 23 in the table
   FAIL New England Revolution (now, mlsEast) season 1 entry 18: New York Red Bulls 16+1+0 on the book, 19 in the table
   FAIL New England Revolution (now, mlsEast) season 1 entry 18: Nashville SC 0+0+15 on the book, 16 in the table
   FAIL New England Revolution (now, mlsEast) season 1 entry 18: CF Montréal 2+0+20 on the book, 24 in the table
   FAIL New England Revolution (now, mlsEast) season 1 entry 18: New York City FC 21+1+0 on the book, 23 in the table
   FAIL New England Revolution (now, mlsEast) season 1 entry 18: Atlanta United 2+0+18 on the book, 21 in the table
   FAIL New England Revolution (now, mlsEast) season 1 entry 18: Toronto FC 0+0+23 on the book, 24 in the table
   FAIL New England Revolution (now, mlsEast) season 1 entry 19: Columbus Crew 20+0+0 on the book, 22 in the table
   FAIL New England Revolution (now, mlsEast) season 1 entry 19: FC Cincinnati 0+0+15 on the book, 17 in the table
   FAIL New England Revolution (now, mlsEast) season 1 entry 19: Charlotte FC 1+0+18 on the book, 21 in the table
   FAIL New England Revolution (now, mlsEast) season 1 entry 19: Chicago Fire 21+0+0 on the book, 24 in the table
   FAIL New England Revolution (now, mlsEast) season 1 entry 19: New York Red Bulls 17+1+0 on the book, 20 in the table
   FAIL New England Revolution (now, mlsEast) season 1 entry 19: Nashville SC 0+0+15 on the book, 16 in the table
   FAIL New England Revolution (now, mlsEast) season 1 entry 19: CF Montréal 2+0+23 on the book, 27 in the table
   FAIL New England Revolution (now, mlsEast) season 1 entry 19: New York City FC 26+1+0 on the book, 28 in the table
   FAIL New England Revolution (now, mlsEast) season 1 entry 19: Atlanta United 2+0+20 on the book, 23 in the table
   FAIL New England Revolution (now, mlsEast) season 1 entry 19: Toronto FC 0+0+27 on the book, 28 in the table
A  stream: 147 of 147 faces equal to the base commit's source, over 49 careers
A  reports whose lines are not as many as the goals: 0; matches where the opponent's goals for moved by another number than the report's: 1
A  law: 40405 checks; leagues with an odd number of clubs: now mlsEast 15, now mlsWest 15; league weeks of mine with no match (a bye): 1
A  report against book: 1952 league matches of mine, 2781 rival goal lines, 77 own goal lines, 111 named by the report and on no row, 350 from the spot or a free kick, 1173 assists on 2354 lines that may carry one (0.498), 80 matches whose only rival goal was a set piece
A  share of rival goals with nobody named, by league (highest first): now segunda 97%, now croatia 92%, now ligue2 91%, now bundesliga2 89%, now serieb 81%, now mlsWest 80%, now greece 71%, now switzerland 70%, now austria 70%, now denmark 69%, now proleague 68%, now scottish 67%, now ligamx 66%, now saudi 62%
A  leagues at 0 to 5 percent unnamed: 15 of 49; over 25 percent: 21
probeOld1229: 448 FAILURE(S) (21s)
