
[1m[46m RUN [49m[22m [36mv3.2.7 [39m[90m/home/runner/work/ballpark-hero/ballpark-hero[39m

 [31m❯[39m src/lib/soccerCareerProgramme.test.ts [2m([22m[2m66 tests[22m[2m | [22m[31m2 failed[39m[2m)[22m[32m 104[2mms[22m[39m
   [32m✓[39m Soccer career programme outcomes[2m > [22mtactics finisher changes expected goals and assists with a recorded choice[32m 4[2mms[22m[39m
   [32m✓[39m Soccer career programme outcomes[2m > [22mtactics creator has the opposite scoring tradeoff[32m 0[2mms[22m[39m
   [32m✓[39m Soccer career programme outcomes[2m > [22mtactics cover changes clean sheet expectation without adding saved clean sheets[32m 0[2mms[22m[39m
   [32m✓[39m Soccer career programme outcomes[2m > [22mtactics outfield duties reject a keeper and unknown choice[32m 0[2mms[22m[39m
   [32m✓[39m Soccer career programme outcomes[2m > [22mposition training takes two consecutive played years and improves actual selection[32m 1[2mms[22m[39m
   [32m✓[39m Soccer career programme outcomes[2m > [22mposition incompatible groups and primary position do not train[32m 0[2mms[22m[39m
   [32m✓[39m Soccer career programme outcomes[2m > [22mposition an interrupted year cannot graduate[32m 0[2mms[22m[39m
   [32m✓[39m Soccer career programme outcomes[2m > [22mposition a paused training year resets consecutive progress[32m 0[2mms[22m[39m
   [32m✓[39m Soccer career programme outcomes[2m > [22mposition a move cancels training and learned club selection benefit[32m 1[2mms[22m[39m
   [32m✓[39m Soccer career programme outcomes[2m > [22mset_pieces penalty allocation is a subset of recorded goals[32m 0[2mms[22m[39m
   [32m✓[39m Soccer career programme outcomes[2m > [22mset_pieces free kick allocation preserves all actual totals[32m 0[2mms[22m[39m
   [32m✓[39m Soccer career programme outcomes[2m > [22mset_pieces no played goals creates no duty credit[32m 0[2mms[22m[39m
   [32m✓[39m Soccer career programme outcomes[2m > [22mpromise actual league appearances meet the agreed target[32m 0[2mms[22m[39m
   [32m✓[39m Soccer career programme outcomes[2m > [22mpromise a fit league shortfall earns a recorded broken promise[32m 0[2mms[22m[39m
   [32m✓[39m Soccer career programme outcomes[2m > [22mpromise availability or missing league data excuses the target {"injury":"Hamstring","injuryWeeks":4}[32m 0[2mms[22m[39m
   [32m✓[39m Soccer career programme outcomes[2m > [22mpromise availability or missing league data excuses the target {"suspensionMatches":3}[32m 0[2mms[22m[39m
   [32m✓[39m Soccer career programme outcomes[2m > [22mpromise availability or missing league data excuses the target {}[32m 0[2mms[22m[39m
   [32m✓[39m Soccer career programme outcomes[2m > [22mpromise a past or foreign verdict cannot carry to the next club[32m 0[2mms[22m[39m
   [32m✓[39m Soccer career programme outcomes[2m > [22mnegotiation changes the actual professional offer once and keeps current pay[32m 1[2mms[22m[39m
   [32m✓[39m Soccer career programme outcomes[2m > [22mnegotiation shorter terms have the stated wage cost[32m 0[2mms[22m[39m
   [32m✓[39m Soccer career programme outcomes[2m > [22mnegotiation canonical displayed offer path {"type":"dream_club","offer":{"club":{"id":"fixture","name":"Offered Club","country":"Fixture Country","tier":2,"league":"Fixture League","color":"#112233"},"wage":20000,"contractYears":3,"transferFee":4}}[32m 0[2mms[22m[39m
   [32m✓[39m Soccer career programme outcomes[2m > [22mnegotiation canonical displayed offer path {"type":"request_result","offer":{"club":{"id":"fixture","name":"Offered Club","country":"Fixture Country","tier":2,"league":"Fixture League","color":"#112233"},"wage":20000,"contractYears":3,"transferFee":4}}[32m 0[2mms[22m[39m
   [32m✓[39m Soccer career programme outcomes[2m > [22mnegotiation canonical displayed offer path {"type":"bidding_war","offerA":{"club":{"id":"fixture","name":"Offered Club","country":"Fixture Country","tier":2,"league":"Fixture League","color":"#112233"},"wage":20000,"contractYears":3,"transferFee":4},"offerB":{"club":{"id":"fixture","name":"Offered Club","country":"Fixture Country","tier":2,"league":"Fixture League","color":"#112233"},"wage":30000,"contractYears":3,"transferFee":4}}[32m 0[2mms[22m[39m
   [32m✓[39m Soccer career programme outcomes[2m > [22mnegotiation canonical displayed offer path {"type":"contract_expiry","offers":[{"club":{"id":"fixture","name":"Offered Club","country":"Fixture Country","tier":2,"league":"Fixture League","color":"#112233"},"wage":20000,"contractYears":3,"transferFee":4}]}[32m 0[2mms[22m[39m
   [32m✓[39m Soccer career programme outcomes[2m > [22mnegotiation canonical displayed offer path {"type":"frozen_out","mode":"transfer_listed","reasons":[],"offers":[{"club":{"id":"fixture","name":"Offered Club","country":"Fixture Country","tier":2,"league":"Fixture League","color":"#112233"},"wage":20000,"contractYears":3,"transferFee":4}]}[32m 0[2mms[22m[39m
   [32m✓[39m Soccer career programme outcomes[2m > [22mnegotiation rejects a loan, absent offer and one-year shortening[32m 0[2mms[22m[39m
   [32m✓[39m Soccer career programme outcomes[2m > [22mnegotiation youth first offer is updated through its actual stored path[32m 0[2mms[22m[39m
   [32m✓[39m Soccer career programme outcomes[2m > [22mnegotiation a rejected wage ask holds the complete offer and consumes the chance[32m 1[2mms[22m[39m
   [32m✓[39m Soccer career programme outcomes[2m > [22mnegotiation a different offer club has its own current choice and context[32m 0[2mms[22m[39m
[31m   [31m×[31m Soccer career programme outcomes[2m > [22mbonuses exact quoted cash is paid once and survives reload[39m[32m 28[2mms[22m[39m
[31m     → expected '{"playerName":"Fixture Player","posit…' to be '{"playerName":"Fixture Player","posit…' // Object.is equality[39m
   [32m✓[39m Soccer career programme outcomes[2m > [22mbonuses appearances pays from actual target data[32m 0[2mms[22m[39m
   [32m✓[39m Soccer career programme outcomes[2m > [22mbonuses assists pays from actual target data[32m 0[2mms[22m[39m
   [32m✓[39m Soccer career programme outcomes[2m > [22mbonuses missing league data and under-target totals do not pay[32m 0[2mms[22m[39m
   [32m✓[39m Soccer career programme outcomes[2m > [22mbonuses a serious injury preserves a target actually earned while zero apps cannot earn it[32m 0[2mms[22m[39m
   [32m✓[39m Soccer career programme outcomes[2m > [22madaptation settling sacrifices selection for recorded morale[32m 0[2mms[22m[39m
   [32m✓[39m Soccer career programme outcomes[2m > [22madaptation integration offers selection at an injury cost[32m 0[2mms[22m[39m
   [32m✓[39m Soccer career programme outcomes[2m > [22madaptation cannot repeat at the same club or guess a missing past club[32m 0[2mms[22m[39m
   [32m✓[39m Soccer career programme outcomes[2m > [22mfitness managed return reduces risk with fewer planned appearances[32m 0[2mms[22m[39m
   [32m✓[39m Soccer career programme outcomes[2m > [22mfitness full workload has the actual stated injury tradeoff[32m 0[2mms[22m[39m
   [32m✓[39m Soccer career programme outcomes[2m > [22mfitness a stale injury cannot activate the return programme[32m 0[2mms[22m[39m
   [32m✓[39m Soccer career programme outcomes[2m > [22mcaptain calm leadership lowers both card rates at a selection cost[32m 0[2mms[22m[39m
   [32m✓[39m Soccer career programme outcomes[2m > [22mcaptain rally raises selection and yellow card expectation[32m 0[2mms[22m[39m
   [32m✓[39m Soccer career programme outcomes[2m > [22mcaptain a foreign armband and a non-captain cannot choose duties[32m 0[2mms[22m[39m
   [32m✓[39m Soccer career programme outcomes[2m > [22mloan buy settles real permanent terms once instead of returning[32m 1[2mms[22m[39m
   [32m✓[39m Soccer career programme outcomes[2m > [22mloan an interrupted year cannot complete the purchase[32m 0[2mms[22m[39m
   [32m✓[39m Soccer career programme outcomes[2m > [22mloan wrong destination or changed parent cannot consume a saved option[32m 0[2mms[22m[39m
   [32m✓[39m Soccer career programme outcomes[2m > [22mloan permanent players cannot queue an option[32m 0[2mms[22m[39m
   [32m✓[39m Soccer career programme outcomes[2m > [22mreading absent old saves preserves every field and consumes no random draws[32m 2[2mms[22m[39m
   [32m✓[39m Soccer career programme outcomes[2m > [22minvalid programme and year data are neutral[32m 1[2mms[22m[39m
   [32m✓[39m Soccer career programme outcomes[2m > [22mchoices cancel without changing other saved plans or original input[32m 1[2mms[22m[39m
   [32m✓[39m Soccer career programme outcomes[2m > [22mmoves and stale years clear plans before actual play[32m 0[2mms[22m[39m
[31m   [31m×[31m Soccer career programme outcomes[2m > [22mprepare and settlement detach optional state before changing a shallow engine copy[39m[32m 3[2mms[22m[39m
[31m     → expected { year: 2027, …(2) } to be undefined[39m
   [32m✓[39m Soccer career programme outcomes[2m > [22mview labels old outcomes with their actual recorded year and club[32m 1[2mms[22m[39m
   [32m✓[39m Soccer career programme outcomes[2m > [22msettlement rejects foreign, nonplaying and invalid recorded rows[32m 1[2mms[22m[39m
   [32m✓[39m Soccer career programme outcomes[2m > [22mreading never accesses hidden awards or changes the saved primary season identity[32m 1[2mms[22m[39m
   [32m✓[39m Soccer programme zero-appearance interruptions[2m > [22mrecords interrupted Fixture Club rows against the actual held club without changing saved stats[32m 1[2mms[22m[39m
   [32m✓[39m Soccer programme zero-appearance interruptions[2m > [22mrecords interrupted BANNED rows against the actual held club without changing saved stats[32m 1[2mms[22m[39m
   [32m✓[39m Soccer programme zero-appearance interruptions[2m > [22mrecords interrupted BANNED (PED) rows against the actual held club without changing saved stats[32m 1[2mms[22m[39m
   [32m✓[39m Soccer programme zero-appearance interruptions[2m > [22mrecords interrupted PRISON rows against the actual held club without changing saved stats[32m 1[2mms[22m[39m
   [32m✓[39m Soccer programme zero-appearance interruptions[2m > [22mrecords interrupted CONVICTED rows against the actual held club without changing saved stats[32m 1[2mms[22m[39m
   [32m✓[39m Soccer programme zero-appearance interruptions[2m > [22mrejects foreign, nonzero, wrong-year and nonplaying interruption rows[32m 1[2mms[22m[39m
   [32m✓[39m Soccer programme zero-appearance interruptions[2m > [22msettles the actual ban engine path once and preserves its entire no-plan result and draw count[32m 14[2mms[22m[39m
   [32m✓[39m Soccer programme zero-appearance interruptions[2m > [22msettles the actual prison engine path once and preserves its entire no-plan result and draw count[32m 8[2mms[22m[39m
   [32m✓[39m Soccer programme zero-appearance interruptions[2m > [22msettles the actual ped engine path once and preserves its entire no-plan result and draw count[32m 8[2mms[22m[39m
   [32m✓[39m Soccer programme zero-appearance interruptions[2m > [22msettles the actual legacy rehab engine path once and preserves its entire no-plan result and draw count[32m 5[2mms[22m[39m
   [32m✓[39m Soccer programme zero-appearance interruptions[2m > [22msettles the actual legacy conviction engine path once and preserves its entire no-plan result and draw count[32m 4[2mms[22m[39m
 [32m✓[39m src/test/soccerCareerProgrammeUi.test.tsx [2m([22m[2m34 tests[22m[2m)[22m[33m 1806[2mms[22m[39m

[31m⎯⎯⎯⎯⎯⎯⎯[39m[1m[41m Failed Tests 2 [49m[22m[31m⎯⎯⎯⎯⎯⎯⎯[39m

[41m[1m FAIL [22m[49m src/lib/soccerCareerProgramme.test.ts[2m > [22mSoccer career programme outcomes[2m > [22mbonuses exact quoted cash is paid once and survives reload
[31m[1mAssertionError[22m: expected '{"playerName":"Fixture Player","posit…' to be '{"playerName":"Fixture Player","posit…' // Object.is equality[39m

Expected: [32m"{"playerName":"Fixture Player","position":"ST","age":24,"currentClub":"Fixture Club","currentClubCountry":"Fixture Country","currentClubTier":2,"currentLeague":"Fixture League","currentClubColor":"#112233","seasons":[{"year":2026,"age":24,"club":"Fixture Club","clubCountry":"Fixture Country","clubTier":2,"apps":32,"leagueApps":28,"goals":20,"assists":12,"cleanSheets":8,"yellowCards":4,"redCards":0,"rating":7.8,"injury":null,"injuryWeeks":0,"injurySevere":false,"leagueTitle":false,"domesticCup":false,"championsLeague":false,"worldCup":false,"ballonDor":false,"ballonDorRank":null,"type":"playing","intApps":0,"intGoals":0,"intAssists":0,"intRating":0,"tournament":null,"tournamentResult":null},{"year":2027,"age":25,"club":"Fixture Club","clubCountry":"Fixture Country","clubTier":2,"apps":32,"leagueApps":28,"goals":15,"assists":12,"cleanSheets":8,"yellowCards":4,"redCards":0,"rating":7.8,"injury":null,"injuryWeeks":0,"injurySevere":false,"leagueTitle":false,"domesticCup":false,"championsLeague":false,"worldCup":false,"ballonDor":false,"ballonDorRank":null,"type":"playing","intApps":0,"intGoals":0,"intAssists":0,"intRating":0,"tournament":null,"tournamentResult":null,"programme":{"year":2027,"club":"Fixture Club","choices":{"bonuses":"goals"},"status":"completed","outcomes":{"bonuses":"Your recorded target earned EUR 40,000. Paid once."},"bonusEuros":40000,"penaltyGoals":0,"freeKickGoals":0,"secondaryPosition":null,"promise":null}}],"phase":"playing","retired":false,"weeklyWage":30000,"contractYearsLeft":2,"netWorth":1.0[7m4[27m,"totalEarnings":2.0[7m4[27m,"morale":50,"pendingOffers":[],"transferSituation":null,"events":[],"programme":{"version":1,"receipts":[{"year":2027,"club":"Fixture Club","choices":{"bonuses":"goals"},"status":"completed","outcomes":{"bonuses":"Your recorded target earned EUR 40,000. Paid once."},"bonusEuros":40000,"penaltyGoals":0,"freeKickGoals":0,"secondaryPosition":null,"promise":null}],"plan":{"year":2027,"club":"Fixture Club","choices":{"bonuses":"goals"},"bonusEuros":40000}}}"[39m
Received: [31m"{"playerName":"Fixture Player","position":"ST","age":24,"currentClub":"Fixture Club","currentClubCountry":"Fixture Country","currentClubTier":2,"currentLeague":"Fixture League","currentClubColor":"#112233","seasons":[{"year":2026,"age":24,"club":"Fixture Club","clubCountry":"Fixture Country","clubTier":2,"apps":32,"leagueApps":28,"goals":20,"assists":12,"cleanSheets":8,"yellowCards":4,"redCards":0,"rating":7.8,"injury":null,"injuryWeeks":0,"injurySevere":false,"leagueTitle":false,"domesticCup":false,"championsLeague":false,"worldCup":false,"ballonDor":false,"ballonDorRank":null,"type":"playing","intApps":0,"intGoals":0,"intAssists":0,"intRating":0,"tournament":null,"tournamentResult":null},{"year":2027,"age":25,"club":"Fixture Club","clubCountry":"Fixture Country","clubTier":2,"apps":32,"leagueApps":28,"goals":15,"assists":12,"cleanSheets":8,"yellowCards":4,"redCards":0,"rating":7.8,"injury":null,"injuryWeeks":0,"injurySevere":false,"leagueTitle":false,"domesticCup":false,"championsLeague":false,"worldCup":false,"ballonDor":false,"ballonDorRank":null,"type":"playing","intApps":0,"intGoals":0,"intAssists":0,"intRating":0,"tournament":null,"tournamentResult":null,"programme":{"year":2027,"club":"Fixture Club","choices":{"bonuses":"goals"},"status":"completed","outcomes":{"bonuses":"Your recorded target earned EUR 40,000. Paid once."},"bonusEuros":40000,"penaltyGoals":0,"freeKickGoals":0,"secondaryPosition":null,"promise":null}}],"phase":"playing","retired":false,"weeklyWage":30000,"contractYearsLeft":2,"netWorth":1.0[7m8[27m,"totalEarnings":2.0[7m8[27m,"morale":50,"pendingOffers":[],"transferSituation":null,"events":[],"programme":{"version":1,"receipts":[{"year":2027,"club":"Fixture Club","choices":{"bonuses":"goals"},"status":"completed","outcomes":{"bonuses":"Your recorded target earned EUR 40,000.[7m Paid once."},"bonusEuros":40000,"penaltyGoals":0,"freeKickGoals":0,"secondaryPosition":null,"promise":null},{"year":2027,"club":"Fixture Club","choices":{"bonuses":"goals"},"status":"completed","outcomes":{"bonuses":"Your recorded target earned EUR 40,000.[27m Paid once."},"bonusEuros":40000,"penaltyGoals":0,"freeKickGoals":0,"secondaryPosition":null,"promise":null}],"plan":{"year":2027,"club":"Fixture Club","choices":{"bonuses":"goals"},"bonusEuros":40000}}}"[39m

[36m [2m❯[22m src/lib/soccerCareerProgramme.test.ts:[2m144:213[22m[39m


[31m[2m⎯⎯⎯⎯⎯⎯⎯⎯⎯⎯⎯⎯⎯⎯⎯⎯⎯⎯⎯⎯⎯⎯⎯⎯[1/2]⎯[22m[39m

[41m[1m FAIL [22m[49m src/lib/soccerCareerProgramme.test.ts[2m > [22mSoccer career programme outcomes[2m > [22mprepare and settlement detach optional state before changing a shallow engine copy
[31m[1mAssertionError[22m: expected { year: 2027, …(2) } to be undefined[39m

[32m- Expected:[39m 
undefined

[31m+ Received:[39m 
{
  "choices": {
    "tactics": "creator",
  },
  "club": "Fixture Club",
  "year": 2027,
}

[36m [2m❯[22m src/lib/soccerCareerProgramme.test.ts:[2m222:136[22m[39m
    [90m220| [39m    const original = chooseProgramme(career(), 'tactics', 'creator'); …
    [90m221| [39m    [34mprepareSoccerProgramme[39m(state)[33m;[39m [34mfinish[39m(state)[33m;[39m
    [90m222| [39m    expect(original).toEqual(before); expect(original.programme?.plan?…
    [90m   | [39m                                                                                                                                       [31m^[39m
    [90m223| [39m  })[33m;[39m
    [90m224| [39m  it('view labels old outcomes with their actual recorded year and clu…

[31m[2m⎯⎯⎯⎯⎯⎯⎯⎯⎯⎯⎯⎯⎯⎯⎯⎯⎯⎯⎯⎯⎯⎯⎯⎯[2/2]⎯[22m[39m


[2m Test Files [22m [1m[31m1 failed[39m[22m[2m | [22m[1m[32m1 passed[39m[22m[90m (2)[39m
[2m      Tests [22m [1m[31m2 failed[39m[22m[2m | [22m[1m[32m98 passed[39m[22m[90m (100)[39m
[2m   Start at [22m 20:43:46
[2m   Duration [22m 4.02s[2m (transform 1.14s, setup 105ms, collect 2.67s, tests 1.91s, environment 652ms, prepare 145ms)[22m


::error file=/home/runner/work/ballpark-hero/ballpark-hero/src/lib/soccerCareerProgramme.test.ts,title=src/lib/soccerCareerProgramme.test.ts > Soccer career programme outcomes > bonuses exact quoted cash is paid once and survives reload,line=144,column=213::AssertionError: expected '{"playerName":"Fixture Player","posit…' to be '{"playerName":"Fixture Player","posit…' // Object.is equality%0A%0AExpected: "{"playerName":"Fixture Player","position":"ST","age":24,"currentClub":"Fixture Club","currentClubCountry":"Fixture Country","currentClubTier":2,"currentLeague":"Fixture League","currentClubColor":"#112233","seasons":[{"year":2026,"age":24,"club":"Fixture Club","clubCountry":"Fixture Country","clubTier":2,"apps":32,"leagueApps":28,"goals":20,"assists":12,"cleanSheets":8,"yellowCards":4,"redCards":0,"rating":7.8,"injury":null,"injuryWeeks":0,"injurySevere":false,"leagueTitle":false,"domesticCup":false,"championsLeague":false,"worldCup":false,"ballonDor":false,"ballonDorRank":null,"type":"playing","intApps":0,"intGoals":0,"intAssists":0,"intRating":0,"tournament":null,"tournamentResult":null},{"year":2027,"age":25,"club":"Fixture Club","clubCountry":"Fixture Country","clubTier":2,"apps":32,"leagueApps":28,"goals":15,"assists":12,"cleanSheets":8,"yellowCards":4,"redCards":0,"rating":7.8,"injury":null,"injuryWeeks":0,"injurySevere":false,"leagueTitle":false,"domesticCup":false,"championsLeague":false,"worldCup":false,"ballonDor":false,"ballonDorRank":null,"type":"playing","intApps":0,"intGoals":0,"intAssists":0,"intRating":0,"tournament":null,"tournamentResult":null,"programme":{"year":2027,"club":"Fixture Club","choices":{"bonuses":"goals"},"status":"completed","outcomes":{"bonuses":"Your recorded target earned EUR 40,000. Paid once."},"bonusEuros":40000,"penaltyGoals":0,"freeKickGoals":0,"secondaryPosition":null,"promise":null}}],"phase":"playing","retired":false,"weeklyWage":30000,"contractYearsLeft":2,"netWorth":1.04,"totalEarnings":2.04,"morale":50,"pendingOffers":[],"transferSituation":null,"events":[],"programme":{"version":1,"receipts":[{"year":2027,"club":"Fixture Club","choices":{"bonuses":"goals"},"status":"completed","outcomes":{"bonuses":"Your recorded target earned EUR 40,000. Paid once."},"bonusEuros":40000,"penaltyGoals":0,"freeKickGoals":0,"secondaryPosition":null,"promise":null}],"plan":{"year":2027,"club":"Fixture Club","choices":{"bonuses":"goals"},"bonusEuros":40000}}}"%0AReceived: "{"playerName":"Fixture Player","position":"ST","age":24,"currentClub":"Fixture Club","currentClubCountry":"Fixture Country","currentClubTier":2,"currentLeague":"Fixture League","currentClubColor":"#112233","seasons":[{"year":2026,"age":24,"club":"Fixture Club","clubCountry":"Fixture Country","clubTier":2,"apps":32,"leagueApps":28,"goals":20,"assists":12,"cleanSheets":8,"yellowCards":4,"redCards":0,"rating":7.8,"injury":null,"injuryWeeks":0,"injurySevere":false,"leagueTitle":false,"domesticCup":false,"championsLeague":false,"worldCup":false,"ballonDor":false,"ballonDorRank":null,"type":"playing","intApps":0,"intGoals":0,"intAssists":0,"intRating":0,"tournament":null,"tournamentResult":null},{"year":2027,"age":25,"club":"Fixture Club","clubCountry":"Fixture Country","clubTier":2,"apps":32,"leagueApps":28,"goals":15,"assists":12,"cleanSheets":8,"yellowCards":4,"redCards":0,"rating":7.8,"injury":null,"injuryWeeks":0,"injurySevere":false,"leagueTitle":false,"domesticCup":false,"championsLeague":false,"worldCup":false,"ballonDor":false,"ballonDorRank":null,"type":"playing","intApps":0,"intGoals":0,"intAssists":0,"intRating":0,"tournament":null,"tournamentResult":null,"programme":{"year":2027,"club":"Fixture Club","choices":{"bonuses":"goals"},"status":"completed","outcomes":{"bonuses":"Your recorded target earned EUR 40,000. Paid once."},"bonusEuros":40000,"penaltyGoals":0,"freeKickGoals":0,"secondaryPosition":null,"promise":null}}],"phase":"playing","retired":false,"weeklyWage":30000,"contractYearsLeft":2,"netWorth":1.08,"totalEarnings":2.08,"morale":50,"pendingOffers":[],"transferSituation":null,"events":[],"programme":{"version":1,"receipts":[{"year":2027,"club":"Fixture Club","choices":{"bonuses":"goals"},"status":"completed","outcomes":{"bonuses":"Your recorded target earned EUR 40,000. Paid once."},"bonusEuros":40000,"penaltyGoals":0,"freeKickGoals":0,"secondaryPosition":null,"promise":null},{"year":2027,"club":"Fixture Club","choices":{"bonuses":"goals"},"status":"completed","outcomes":{"bonuses":"Your recorded target earned EUR 40,000. Paid once."},"bonusEuros":40000,"penaltyGoals":0,"freeKickGoals":0,"secondaryPosition":null,"promise":null}],"plan":{"year":2027,"club":"Fixture Club","choices":{"bonuses":"goals"},"bonusEuros":40000}}}"%0A%0A ❯ src/lib/soccerCareerProgramme.test.ts:144:213%0A%0A

::error file=/home/runner/work/ballpark-hero/ballpark-hero/src/lib/soccerCareerProgramme.test.ts,title=src/lib/soccerCareerProgramme.test.ts > Soccer career programme outcomes > prepare and settlement detach optional state before changing a shallow engine copy,line=222,column=136::AssertionError: expected { year: 2027, …(2) } to be undefined%0A%0A- Expected: %0Aundefined%0A%0A+ Received: %0A{%0A  "choices": {%0A    "tactics": "creator",%0A  },%0A  "club": "Fixture Club",%0A  "year": 2027,%0A}%0A%0A ❯ src/lib/soccerCareerProgramme.test.ts:222:136%0A%0A
