playLiveMatchFit: seed 23. Replay this run with: LIVE_FIT_SEED=23 node scripts/playLiveMatchFit.mjs
In the job at Crystal Palace.
1) The goal in order
  [match phone] seed 23, 1808 draws at kick off, digest fdd07c37 over 5140 characters of drawn match: Crystal Palace v Everton, goals of the first half 1' Brennan Johnson, 22' Daichi Kamada; own goals among them 0
      a goal is coming at 22, the clock is at 1
  the goal watched: 22' Daichi Kamada, for me; own goals in its half 0 of 2 goals
  ok    the goal in order: 46 frames of wind up and flight all read 0 - 1, and the first frame reading 1 - 1 is in phase net with the net marked
  ok    the line under the pitch never read GOAL! while the ball was on its way (46 frames)
  ok    the scorer card was inside the pitch on all 29 frames it was up
  ok    a tap on the card ended the hold (46 frames after it, none with the card)
      what was drawn: pass/pass 0 - 1 20' e882 x49 | pass/pass 0 - 1 21' e882 x60 | goal/plant 0 - 1 22' e882 x16 | goal/flight 0 - 1 22' e882 x30 | goal/net 1 - 1 card 22' e882 x26 | TAP | goal/net 1 - 1 card 22' e882 x3 | pass/pass 1 - 1 23' e882 x49 | pass/pass 1 - 1 23' e517 x1 | pass/pass 1 - 1 23' e882 x6 | pass/pass 1 - 1 23' e517 x1 | save/plant 1 - 1 24' e882 x4
      the list at the end: 24'Save! Jordan Pickford / 22'GOAL! Daichi Kamada / 19'Corner, right, Brennan Johnson / 19'Corner, right, Ismaïla Sarr / 19'Foul by Chris Richards
4) Nothing moves the page
  ok    window.scrollY stayed at 0 through 245 frames before, during and after a goal
  ok    window.scrollY stayed at 0 with the change sheet, the squad panel, the help panel, the stats panel open
3) The fit
  ok    320 by 568: the stage is the window, strip at 0, pitch 320 by 392 (69 percent of the height), control row ends at 568 of 568, 7 controls all 44 px and none covered
  [labels 320 by 568] mean overlapping name labels a frame 3.80 over 10 frames of 22 labels
  ok    390 by 844: the stage is the window, strip at 0, pitch 390 by 668 (79.1 percent of the height), control row ends at 844 of 844, 7 controls all 44 px and none covered
  [labels 390] mean overlapping name labels a frame 0.58 over 24 frames of 22 labels; before match mode 1.63 at 6b1caa20, ratio 0.36
  ok    name labels overlap 0.58 a frame, fewer than the 1.63 before match mode
  ok    768 by 1024: the stage is the window, strip at 12, pitch 372 by 651 (63.6 percent of the height), control row ends at 1012 of 1024, 7 controls all 44 px and none covered
  [labels 768 by 1024] mean overlapping name labels a frame 0.10 over 10 frames of 22 labels
  ok    1280 by 900: the stage is the window, strip at 12, pitch 541.5 by 722 (80.2 percent of the height), control row ends at 888 of 900, 7 controls all 44 px and none covered
  [labels 1280 by 900] mean overlapping name labels a frame 0.20 over 10 frames of 22 labels
  ok    844 by 390: the stage is the window, strip at 0, pitch 518 by 388.5 (99.6 percent of the height), control row ends at 390 of 390, 7 controls all 44 px and none covered
  [labels 844 by 390] mean overlapping name labels a frame 1.20 over 10 frames of 22 labels
6) Back folds the match away
  ok    Back folds the match to a card reading "Premier League · Round 1Crystal Palace1 - 1EvertonPaused at 53'Back to", and the clock held at 53' for 2.6 seconds
  ok    Back to the match puts the stage back and the clock runs on (53' to 54')
5) The reload
  ok    reload: left at 66', the save holds 66, the match came back at 66'
  ok    close: left at 68', the save holds 68, the match came back at 68'
  ok    hidden tab: the clock read 70' and the save holds 70
2) Reduced motion
  [match calm] seed 24, 1829 draws at kick off, digest 0552cf81 over 5858 characters of drawn match: Crystal Palace v Arsenal, goals of the first half 29' Bukayo Saka, 38' Viktor Gyökeres, 45+3' Martin Ødegaard; own goals among them 0
      a goal is coming at 29, the clock is at 0
  the goal watched: 29' Bukayo Saka, against me; own goals in its half 0 of 3 goals
  ok    under reduced motion the score reads 0 - 1 on a frame in phase net
  ok    the scorer card was inside the pitch on all 155 frames it was up
      what was drawn: shot/wide 0 - 0 27' e620 x48 | shot/wide 0 - 0 28' e620 x4 | pass/pass 0 - 0 28' e620 x33 | pass/pass 0 - 0 28' e319 x23 | goal/net 0 - 1 card 29' e319 x151 | goal/net 0 - 1 card 30' e319 x4 | pass/pass 0 - 1 30' e620 x50 | shot/wide 0 - 1 30' e620 x6 | shot/wide 0 - 1 31' e620 x3
      the list at the end: 31'Foul by Daichi Kamada / 31'Throw in, Arsenal / 31'Throw in, Crystal Palace / 30'Shot: Viktor Gyökeres / 30'Corner, left, Martin Ødegaard
  ok    nothing under the pitch or the card was animating in open play, inside a goal, after the goal
7) A wide screen
  [match wide] seed 25, 1782 draws at kick off, digest 229b9cb5 over 4200 characters of drawn match: Crystal Palace v Brighton, goals of the first half none; own goals among them 0
      a goal is coming at 71, the clock is at 46
  the goal watched: 71' Mamadou Sangaré, against me; own goals in its half 0 of 1 goals
  ok    the goal in order: 46 frames of wind up and flight all read 0 - 0, and the first frame reading 0 - 1 is in phase net with the net marked
  ok    the line under the pitch never read GOAL! while the ball was on its way (46 frames)
  ok    the list beside the pitch said GOAL! only once the ball was in (first on a frame reading goal/net, score 0 - 1)
  ok    the scorer card was inside the pitch on all 105 frames it was up
      what was drawn: pass/pass 0 - 0 69' e492 x47 | pass/pass 0 - 0 70' e492 x60 | goal/plant 0 - 0 71' e492 x16 | goal/flight 0 - 0 71' e492 x18 | goal/flight 0 - 0 71' e781 x12 | goal/net 0 - 1 card 71' e781 x49 | goal/net 0 - 1 card 71' e125 x32 | goal/net 0 - 1 card 72' e125 x24 | pass/pass 0 - 1 72' e125 x1 | pass/pass 0 - 1 72' e492 x2 | pass/pass 0 - 1 72' e862 x1 | pass/pass 0 - 1 72' e492 x50 | pass/pass 0 - 1 72' e953 x1 | pass/pass 0 - 1 72' e492 x1 | shot/plant 0 - 1 73' e492 x2
      the list at the end: 73'Shot: Keane Lewis-Potter / 71'GOAL! Mamadou Sangaré / 69'Throw in, Brentford / 68'Foul by Keane Lewis-Potter / 68'Foul by Jørgen Strand Larsen
playLiveMatchFit: all green. The goal in order, reduced motion, the fit at five sizes, nothing moves the page, the reload, Back, a wide screen.
