1) Every page is inside its download budget
   /                   240K gz over   3 files (budget 240K, 240.2K to the tenth)
   /club-manager       582K gz over  39 files (budget 582K, 581.7K to the tenth)
   /soccer-career      796K gz over  45 files (budget 796K, 796.4K to the tenth)
   /stadium-tycoon     297K gz over  23 files (budget 297K, 297.3K to the tenth)
   /wonderkid-factory  271K gz over  19 files (budget 271K, 271.1K to the tenth)
   /minefield          289K gz over  20 files (budget 289K, 289.0K to the tenth)
   /footle             345K gz over  39 files (budget 345K, 345.1K to the tenth)
   /nfl-my-career      468K gz over  47 files (budget 468K, 468.1K to the tenth)
   /front-office       359K gz over  34 files (budget 359K, 359.3K to the tenth)
   /soccer-grid        313K gz over  36 files (budget 313K, 313.2K to the tenth)
   /leaderboard        248K gz over   9 files (budget 266K, 248.3K to the tenth)
   /manager-hot-seat   600K gz over  41 files (budget 600K, 599.6K to the tenth)
   /deadline-day       610K gz over  45 files (budget 610K, 609.7K to the tenth)
   /transfer-path      374K gz over  40 files (budget 374K, 373.7K to the tenth)
2) The two things Round 210 moved off the critical path stay off it
   the screenshot library and the merged guide map are both off the critical path
3) Every guide is still reachable, one sport at a time
   132 guides across 13 sport files, every one of them routed
4) The data these pages never read is in none of the files they fetch
  FAIL: /club-manager fetches SoccerCareer-CESpseoH.js, which holds 40 of the 40 probes for the national team pools: the page downloads data it never reads
   10 probe sets (400 probes) all found in the build; 4 routes checked, 1 findings; /soccer-career still fetches the pools (SoccerCareer-CESpseoH.js)
   NOTE: /club-manager asked for 1 more file (370.5K gz) after section 1 stopped looking, so its figure in section 1 is short by that much on this run (SoccerCareer-CESpseoH.js). Read for probes here all the same.
CONTROL late FIRED: SoccerCareer-CESpseoH.js arrived after the measuring window (section 1 never weighed it) and section 4 still named it for /club-manager, 1 finding and none elsewhere
